==== LHAPDF6 USING DEFAULT-TYPE LHAGLUE INTERFACE ====
LHAPDF 6.2.1 loading /cvmfs/cms.cern.ch/slc7_amd64_gcc700/external/lhapdf/6.2.1-pafccj3/share/LHAPDF/NNPDF31_nnlo_as_0118_nf_4_mc_hessian/NNPDF31_nnlo_as_0118_nf_4_mc_hessian_0000.dat
NNPDF31_nnlo_as_0118_nf_4_mc_hessian PDF set, member #0, version 1; LHAPDF ID = 325500
 A PDF is used, so alpha_s(MZ) is going to be modified
 Old value of alpha_s from param_card:   0.11799999999999999     
 New value of alpha_s from PDF lhapdf :  0.11266013434007299     
 *****************************************************
 *               MadGraph/MadEvent                   *
 *        --------------------------------           *
 *          http://madgraph.hep.uiuc.edu             *
 *          http://madgraph.phys.ucl.ac.be           *
 *          http://madgraph.roma2.infn.it            *
 *        --------------------------------           *
 *                                                   *
 *          PARAMETER AND COUPLING VALUES            *
 *                                                   *
 *****************************************************

  External Params
  ---------------------------------
  
 MU_R =    91.188000000000002     
 aEWM1 =    132.50700000000001     
 mdl_Gf =    1.1663900000000000E-005
 aS =   0.11799999999999999     
 mdl_ymb =    4.7000000000000002     
 mdl_ymt =    173.00000000000000     
 mdl_ymtau =    1.7769999999999999     
 mdl_MT =    173.00000000000000     
 mdl_MB =    4.7000000000000002     
 mdl_MZ =    91.188000000000002     
 mdl_MH =    125.00000000000000     
 mdl_MTA =    1.7769999999999999     
 mdl_WT =    1.4915000000000000     
 mdl_WZ =    2.4414039999999999     
 mdl_WW =    2.0476000000000001     
 mdl_WH =    6.3823389999999999E-003
  Internal Params
  ---------------------------------
  
 mdl_conjg__CKM3x3 =    1.0000000000000000     
 mdl_CKM22 =    1.0000000000000000     
 mdl_lhv =    1.0000000000000000     
 mdl_CKM3x3 =    1.0000000000000000     
 mdl_conjg__CKM22 =    1.0000000000000000     
 mdl_conjg__CKM33 =    1.0000000000000000     
 mdl_Ncol =    3.0000000000000000     
 mdl_CA =    3.0000000000000000     
 mdl_TF =   0.50000000000000000     
 mdl_CF =    1.3333333333333333     
 mdl_complexi =                (0.0000000000000000,1.0000000000000000)
 mdl_MZ__exp__2 =    8315.2513440000002     
 mdl_MZ__exp__4 =    69143404.913893804     
 mdl_sqrt__2 =    1.4142135623730951     
 mdl_MH__exp__2 =    15625.000000000000     
 mdl_Ncol__exp__2 =    9.0000000000000000     
 mdl_MB__exp__2 =    22.090000000000003     
 mdl_MT__exp__2 =    29929.000000000000     
 mdl_aEW =    7.5467711139788835E-003
 mdl_MW =    80.419002445756163     
 mdl_sqrt__aEW =    8.6872153846781555E-002
 mdl_ee =   0.30795376724436879     
 mdl_MW__exp__2 =    6467.2159543705357     
 mdl_sw2 =   0.22224648578577766     
 mdl_cw =   0.88190334743339216     
 mdl_sqrt__sw2 =   0.47143025548407230     
 mdl_sw =   0.47143025548407230     
 mdl_g1 =   0.34919219678733299     
 mdl_gw =   0.65323293034757990     
 mdl_v =    246.21845810181637     
 mdl_v__exp__2 =    60623.529110035903     
 mdl_lam =   0.12886910601690263     
 mdl_yb =    2.6995554250465490E-002
 mdl_yt =   0.99366614581500623     
 mdl_ytau =    1.0206617000654717E-002
 mdl_muH =    88.388347648318430     
 mdl_AxialZUp =  -0.18517701861793787     
 mdl_AxialZDown =   0.18517701861793787     
 mdl_VectorZUp =    7.5430507588273299E-002
 mdl_VectorZDown =  -0.13030376310310560     
 mdl_VectorAUp =   0.20530251149624587     
 mdl_VectorADown =  -0.10265125574812294     
 mdl_VectorWmDxU =   0.23095271737156670     
 mdl_AxialWmDxU =  -0.23095271737156670     
 mdl_VectorWpUxD =   0.23095271737156670     
 mdl_AxialWpUxD =  -0.23095271737156670     
 mdl_I1x33 =          (2.69955542504654901E-002,0.0000000000000000)
 mdl_I2x33 =               (0.99366614581500623,0.0000000000000000)
 mdl_I3x33 =               (0.99366614581500623,0.0000000000000000)
 mdl_I4x33 =          (2.69955542504654901E-002,0.0000000000000000)
 mdl_Vector_tbGp =              (-0.96667059156454072,0.0000000000000000)
 mdl_Axial_tbGp =              (-1.0206617000654716,-0.0000000000000000)
 mdl_Vector_tbGm =               (0.96667059156454072,0.0000000000000000)
 mdl_Axial_tbGm =              (-1.0206617000654716,-0.0000000000000000)
 mdl_gw__exp__2 =   0.42671326129048615     
 mdl_cw__exp__2 =   0.77775351421422245     
 mdl_ee__exp__2 =    9.4835522759998875E-002
 mdl_sw__exp__2 =   0.22224648578577769     
 mdl_yb__exp__2 =    7.2875994928982540E-004
 mdl_yt__exp__2 =   0.98737240933884918     
  Internal Params evaluated point by point
  ----------------------------------------
  
 mdl_sqrt__aS =   0.34351128074635334     
 mdl_G__exp__4 =    2.1987899468922913     
 mdl_G__exp__2 =    1.4828317324943823     
 mdl_R2MixedFactor_FIN_ =   -2.5040377713124864E-002
 mdl_G_UVg_1EPS_ =   -5.1645779033320030E-002
 mdl_G_UVq_1EPS_ =    3.1300472141406080E-003
 mdl_GWcft_UV_b_1EPS_ =   -3.1300472141406080E-003
 mdl_GWcft_UV_t_1EPS_ =   -3.1300472141406080E-003
 mdl_bWcft_UV_1EPS_ =   -1.8780283284843650E-002
 mdl_tWcft_UV_1EPS_ =   -1.8780283284843650E-002
 mdl_G__exp__3 =    1.8056676068262196     
 mdl_MU_R__exp__2 =    8315.2513440000002     
 mdl_G_UVb_FIN_ =    1.8563438626678915E-002
 mdl_G_UVt_FIN_ =   -4.0087659331150384E-003
 mdl_GWcft_UV_b_FIN_ =   -1.8563438626678915E-002
 mdl_GWcft_UV_t_FIN_ =    4.0087659331150384E-003
 mdl_bWcft_UV_FIN_ =  -0.13642100947319838     
 mdl_tWcft_UV_FIN_ =   -9.8778211443463623E-004
  Couplings of loop_sm
  ---------------------------------
  
      UV_GQQb =   0.00000E+00   0.22605E-01
      UV_GQQt =   0.00000E+00  -0.48815E-02
   UVWfct_G_2 =   0.40088E-02   0.00000E+00
   UVWfct_G_1 =  -0.18563E-01   0.00000E+00
       R2_DDA =   0.00000E+00   0.25704E-02
       R2_UUA =  -0.00000E+00  -0.51409E-02
    R2_UUZ_V2 =  -0.00000E+00  -0.72127E-02
    R2_UUZ_V5 =   0.00000E+00   0.68702E-03
      R2_sxcW =  -0.00000E+00  -0.11566E-01
      R2_GGHb =   0.00000E+00  -0.33698E-02
      R2_GGHt =   0.00000E+00  -0.45657E+01
     R2_GGZup =  -0.46369E-02   0.00000E+00
    R2_GGWWcs =   0.00000E+00   0.13356E-02
         GC_4 =  -0.12177E+01   0.00000E+00
         GC_5 =   0.00000E+00   0.12177E+01
       R2_GQQ =  -0.00000E+00  -0.30492E-01
       R2_QQq =   0.00000E+00   0.12520E-01
 UV_GQQg_1eps =   0.00000E+00  -0.62890E-01
 UV_GQQq_1eps =   0.00000E+00   0.38115E-02
 UVWfct_G_2_1eps -0.31300E-02   0.00000E+00
         GC_1 =  -0.00000E+00  -0.10265E+00
         GC_2 =   0.00000E+00   0.20530E+00
         GC_7 =   0.00000E+00   0.57609E+00
        GC_22 =   0.00000E+00   0.28804E+00
        GC_23 =  -0.00000E+00  -0.27437E-01
        GC_24 =   0.00000E+00   0.82310E-01
        GC_25 =   0.00000E+00   0.30795E+00
        GC_28 =   0.00000E+00   0.37035E+00
        GC_31 =   0.00000E+00   0.52532E+02
        GC_33 =  -0.00000E+00  -0.19089E-01
        GC_37 =  -0.00000E+00  -0.70263E+00
        GC_38 =  -0.00000E+00  -0.72172E-02
        GC_47 =   0.00000E+00   0.46191E+00

 Collider parameters:
 --------------------

 Running at P P   machine @    13000.000000000000       GeV
 PDF set = lhapdf 
 alpha_s(Mz)= 0.1127 running at 3 loops.
 alpha_s(Mz)= 0.1127 running at 3 loops.
 Renormalization scale set on event-by-event basis
 Factorization   scale set on event-by-event basis


 ===============================================================
 INFO: MadFKS read these parameters from FKS_params.dat
 ===============================================================
  > IRPoleCheckThreshold      =    1.0000000000000001E-005
  > PrecisionVirtualAtRunTime =    1.0000000000000000E-003
  > NHelForMCoverHels         =            4
  > VirtualFraction           =    1.0000000000000000     
  > MinVirtualFraction        =    5.0000000000000001E-003
 ===============================================================
  Insert the number of points to test
 Insert the relative tolerance
  A negative number will mean use the default one:    1.0000000000000001E-005
Using random seed offsets:     1 ,     49 ,      0
  with seed                   32
 Ranmar initialization seeds       10730        9455
  ========================================================================================== 
 {                                                                                          }
 {       [32m                                                                            [0m       }
 {       [32m                               ,,                                           [0m       }
 {       [32m`7MMM.     ,MMF'             `7MM  `7MMF'                                   [0m       }
 {       [32m  MMMb    dPMM                 MM    MM                                     [0m       }
 {       [32m  M YM   ,M MM   ,6"Yb.   ,M""bMM    MM         ,pW"Wq.   ,pW"Wq.`7MMpdMAo. [0m       }
 {       [32m  M  Mb  M' MM  8)   MM ,AP    MM    MM        6W'   `Wb 6W'   `Wb MM   `Wb [0m       }
 {       [32m  M  YM.P'  MM   ,pm9MM 8MI    MM    MM      , 8M     M8 8M     M8 MM    M8 [0m       }
 {       [32m  M  `YM'   MM  8M   MM `Mb    MM    MM     ,M YA.   ,A9 YA.   ,A9 MM   ,AP [0m       }
 {       [32m.JML. `'  .JMML.`Moo9^Yo.`Wbmd"MML..JMMmmmmMMM  `Ybmd9'   `Ybmd9'  MMbmmd'  [0m       }
 {       [32m                                                                   MM       [0m       }
 {       [32m                                                                 .JMML.     [0m       }
 {       [32m[0mv2.6.5 (2018-02-03), Ref: arXiv:1103.0621v2, arXiv:1405.0301[32m                [0m       }
 {       [32m                                                                            [0m       }
 {                                                                                          }
  ========================================================================================== 
 ===============================================================
 INFO: MadLoop read these parameters from ./MadLoop5_resources/MadLoopParams.dat                                                                                                                                                                                                                                                                                                                                                                                                                                                                                          
 ===============================================================
  > MLReductionLib            = 6|7|1
  > CTModeRun                 =           -1
  > MLStabThres               =    1.0000000000000000E-003
  > NRotations_DP             =            0
  > NRotations_QP             =            0
  > CTStabThres               =    1.0000000000000000E-002
  > CTLoopLibrary             =            2
  > CTModeInit                =            1
  > CheckCycle                =            3
  > MaxAttempts               =           10
  > UseLoopFilter             =  F
  > HelicityFilterLevel       =            2
  > ImprovePSPoint            =            2
  > DoubleCheckHelicityFilter =  T
  > LoopInitStartOver         =  F
  > HelInitStartOver          =  F
  > ZeroThres                 =    1.0000000000000001E-009
  > OSThres                   =    1.0000000000000000E-008
  > WriteOutFilters           =  T
  > UseQPIntegrandForNinja    =  T
  > UseQPIntegrandForCutTools =  T
  > IREGIMODE                 =            2
  > IREGIRECY                 =  T
  > COLLIERMode               =            1
  > COLLIERRequiredAccuracy   =    1.0000000000000000E-008
  > COLLIERCanOutput          =  F
  > COLLIERComputeUVpoles     =  T
  > COLLIERComputeIRpoles     =  T
  > COLLIERGlobalCache        =           -1
  > COLLIERUseCacheForPoles   =  F
  > COLLIERUseInternalStabilityTest =  T
 ===============================================================
  
------------------------------------------------------------------------
|              You are using CutTools - Version 1.9.3                  |
|              Authors: G. Ossola, C. Papadopoulos, R. Pittau          |
|              Published in JHEP 0803:042,2008                         |
|              http://www.ugr.es/~pittau/CutTools                      |
|                                                                      |
|              Compiler with  34  significant digits detetected        |
 ---------------------------------------------------------------------- 
   
########################################################################
#                                                                      #

  +----------------------------------------------------------------+
  |                                                                |
  |  Ninja - version 1.1.0                                         |
  |                                                                |
  |  Author: Tiziano Peraro                                        |
  |                                                                |
  |  Based on:                                                     |
  |                                                                |
  |      P. Mastrolia, E. Mirabella and T. Peraro,                 |
  |      "Integrand reduction of one-loop scattering amplitudes    |
  |      through Laurent series expansion,"                        |
  |      JHEP 1206 (2012) 095  [arXiv:1203.0291 [hep-ph]].         |
  |                                                                |
  |      T. Peraro,                                                |
  |      "Ninja: Automated Integrand Reduction via Laurent         |
  |      Expansion for One-Loop Amplitudes,"                       |
  |      Comput.Phys.Commun. 185 (2014) [arXiv:1403.1229 [hep-ph]] |
  |                                                                |
  +----------------------------------------------------------------+


#                      You are using OneLOop-3.6                       #
#                                                                      #
# for the evaluation of 1-loop scalar 1-, 2-, 3- and 4-point functions #
#                                                                      #
# author: Andreas van Hameren <hamerenREMOVETHIS@ifj.edu.pl>           #
#   date: 18-02-2015                                                   #
#                                                                      #
# Please cite                                                          #
#    A. van Hameren,                                                   #
#      Comput.Phys.Commun. 182 (2011) 2427-2438, arXiv:1007.4716       #
#    A. van Hameren, C.G. Papadopoulos and R. Pittau,                  #
#      JHEP 0909:106,2009, arXiv:0903.4665                             #
# in publications with results obtained with the help of this program. #
#                                                                      #
########################################################################
########################################################################
#                                                                      #
#                      You are using OneLOop-3.6                       #
#                                                                      #
# for the evaluation of 1-loop scalar 1-, 2-, 3- and 4-point functions #
#                                                                      #
# author: Andreas van Hameren <hamerenREMOVETHIS@ifj.edu.pl>           #
#   date: 18-02-2015                                                   #
#                                                                      #
# Please cite                                                          #
#    A. van Hameren,                                                   #
#      Comput.Phys.Commun. 182 (2011) 2427-2438, arXiv:1007.4716       #
#    A. van Hameren, C.G. Papadopoulos and R. Pittau,                  #
#      JHEP 0909:106,2009, arXiv:0903.4665                             #
# in publications with results obtained with the help of this program. #
#                                                                      #
########################################################################
 PASSED   1.0000000000000001E-005
 MU_R    =    325.00000000000000     
 ALPHA_S =   0.11799999999999999     
 BORN                    6.5837997636301353E-012
 SINGLE POLE (MadFKS)   -1.1933768793479922E-012
 DOUBLE POLE (MadFKS)   -7.0065853969274335E-013
 SINGLE POLE (MadLoop)  -1.1933768793480055E-012
 DOUBLE POLE (MadLoop)  -7.0065853969273335E-013
 FINITE PART (MadLoop)  -8.4010887682460968E-013
   325.00000000000000        0.0000000000000000        0.0000000000000000        325.00000000000000        0.0000000000000000     
   325.00000000000000        0.0000000000000000        0.0000000000000000       -325.00000000000000        0.0000000000000000     
   263.05453951243186        56.800391475752882       -119.48306536095035        227.36579201421154        0.0000000000000000     
   81.356758224696534       -76.831955469826369       -19.935586429601535        17.842228594607871        0.0000000000000000     
   173.37906665891836       -6.1879911419617679        65.403354943157822       -138.84233766741846        80.419002445756163     
   132.20963560395319        26.219555136035343        74.015296847394069       -106.36568294140095        0.0000000000000000     

 PASSED   1.0000000000000001E-005
 MU_R    =    325.00000000000000     
 ALPHA_S =   0.11799999999999999     
 BORN                    4.3737248915394725E-010
 SINGLE POLE (MadFKS)   -2.9636511494314632E-011
 DOUBLE POLE (MadFKS)   -4.6545882401413902E-011
 SINGLE POLE (MadLoop)  -2.9636511494327376E-011
 DOUBLE POLE (MadLoop)  -4.6545882401409986E-011
 FINITE PART (MadLoop)   1.0116683648638291E-010
   325.00000000000000        0.0000000000000000        0.0000000000000000        325.00000000000000        0.0000000000000000     
   325.00000000000000        0.0000000000000000        0.0000000000000000       -325.00000000000000        0.0000000000000000     
   18.687796517565708        9.9715078075311716       -14.242977120427371       -6.8513045088704212        0.0000000000000000     
   240.12420792933577       -236.48283090702580        14.369159575256809       -39.102853770419046        0.0000000000000000     
   135.03407702973942       -21.745865842379597       -28.267838480333072        102.44526651494492        80.419002445756163     
   256.15391852335921        248.25718894187423        28.141656025503650       -56.491108235655446        0.0000000000000000     

 PASSED   1.0000000000000001E-005
 MU_R    =    325.00000000000000     
 ALPHA_S =   0.11799999999999999     
 BORN                    7.6568166767661722E-012
 SINGLE POLE (MadFKS)   -9.7194772393660299E-013
 DOUBLE POLE (MadFKS)   -8.1485072208210850E-013
 SINGLE POLE (MadLoop)  -9.7194772393734697E-013
 DOUBLE POLE (MadLoop)  -8.1485072208139622E-013
 FINITE PART (MadLoop)   1.0793114629753033E-012
   325.00000000000000        0.0000000000000000        0.0000000000000000        325.00000000000000        0.0000000000000000     
   325.00000000000000        0.0000000000000000        0.0000000000000000       -325.00000000000000        0.0000000000000000     
   179.62533120008450        51.706165845898347       -171.60524272378512       -11.973833637031660        0.0000000000000000     
   208.53632669755007        89.625402928879069        151.79669095750532       -111.41118129117491        0.0000000000000000     
   223.71589403878670       -176.47136817661112        23.409113838154113        109.04794768536635        80.419002445756163     
   38.122448063578688        35.139799401833706       -3.6005620718743354        14.337067242840220        0.0000000000000000     

 PASSED   1.0000000000000001E-005
 MU_R    =    325.00000000000000     
 ALPHA_S =   0.11799999999999999     
 BORN                    1.7879617604538423E-012
 SINGLE POLE (MadFKS)   -1.4915483199191799E-013
 DOUBLE POLE (MadFKS)   -1.9027776072814855E-013
 SINGLE POLE (MadLoop)  -1.4915483200030743E-013
 DOUBLE POLE (MadLoop)  -1.9027776072815171E-013
 FINITE PART (MadLoop)   4.9999372095596336E-013
   325.00000000000000        0.0000000000000000        0.0000000000000000        325.00000000000000        0.0000000000000000     
   325.00000000000000        0.0000000000000000        0.0000000000000000       -325.00000000000000        0.0000000000000000     
   174.24483493480702       -100.97814154155972        132.79777177124569       -50.293431428597856        0.0000000000000000     
   283.95676334066718        88.097641262783370       -266.46403389409738        43.210735838757948        0.0000000000000000     
   127.20840784846983       -1.3705241511074546        90.566930992435218       -38.865354071908733        80.419002445756163     
   64.589993876055971        14.251024429883850        43.099331130416630        45.948049661748442        0.0000000000000000     

 PASSED   1.0000000000000001E-005
 MU_R    =    325.00000000000000     
 ALPHA_S =   0.11799999999999999     
 BORN                    1.2169056272684859E-012
 SINGLE POLE (MadFKS)   -1.0829975895858817E-013
 DOUBLE POLE (MadFKS)   -1.2950505032912760E-013
 SINGLE POLE (MadLoop)  -1.0829975895847925E-013
 DOUBLE POLE (MadLoop)  -1.2950505032912775E-013
 FINITE PART (MadLoop)  -9.1183498287881412E-015
   325.00000000000000        0.0000000000000000        0.0000000000000000        325.00000000000000        0.0000000000000000     
   325.00000000000000        0.0000000000000000        0.0000000000000000       -325.00000000000000        0.0000000000000000     
   164.45151722768881        113.17931935805011       -108.69135373225888       -49.202975641583862        0.0000000000000000     
   190.70028267493174       -92.239317221943097       -16.945808282811434        166.04621571228540        0.0000000000000000     
   127.20199245490946       -45.093424761484151       -36.085084529485833       -79.859756122270596        80.419002445756163     
   167.64620764246993        24.153422625377146        161.72224654455616       -36.983483948430987        0.0000000000000000     

 PASSED   1.0000000000000001E-005
 MU_R    =    325.00000000000000     
 ALPHA_S =   0.11799999999999999     
 BORN                    5.8877315873176718E-012
 SINGLE POLE (MadFKS)   -7.4359977025410501E-013
 DOUBLE POLE (MadFKS)   -6.2658184698470553E-013
 SINGLE POLE (MadLoop)  -7.4359977025425405E-013
 DOUBLE POLE (MadLoop)  -6.2658184698470382E-013
 FINITE PART (MadLoop)   6.8031521924876077E-013
   325.00000000000000        0.0000000000000000        0.0000000000000000        325.00000000000000        0.0000000000000000     
   325.00000000000000        0.0000000000000000        0.0000000000000000       -325.00000000000000        0.0000000000000000     
   96.143732510792276       -67.369141786789896       -14.052346101517550        67.138272282367694        0.0000000000000000     
   189.66810681136209        165.36913169912748        36.601340599962001        85.366169462899506        0.0000000000000000     
   124.87011576896758        33.110139757510964        88.490311327000896        14.089474946689091        80.419002445756163     
   239.31804490887805       -131.11012966984853       -111.03930582544535       -166.59391669195628        0.0000000000000000     

 PASSED   1.0000000000000001E-005
 MU_R    =    325.00000000000000     
 ALPHA_S =   0.11799999999999999     
 BORN                    4.5146004944081377E-011
 SINGLE POLE (MadFKS)   -3.8075273284568097E-012
 DOUBLE POLE (MadFKS)   -4.8045103181632011E-012
 SINGLE POLE (MadLoop)  -3.8075273284570052E-012
 DOUBLE POLE (MadLoop)  -4.8045103181631510E-012
 FINITE PART (MadLoop)   1.1987729942362889E-011
   325.00000000000000        0.0000000000000000        0.0000000000000000        325.00000000000000        0.0000000000000000     
   325.00000000000000        0.0000000000000000        0.0000000000000000       -325.00000000000000        0.0000000000000000     
   63.167345136913767       -19.874334556754945       -43.029907834952056       -41.755854072066235        0.0000000000000000     
   231.78219278306196        182.40945164138191       -14.910739755055502       -142.22322835307850        0.0000000000000000     
   250.56362212960155       -169.32410434095138       -43.633144430794516        160.43817867500007        80.419002445756163     
   104.48683995042278        6.7889872563244849        101.57379202080207        23.540903750144661        0.0000000000000000     

 PASSED   1.0000000000000001E-005
 MU_R    =    325.00000000000000     
 ALPHA_S =   0.11799999999999999     
 BORN                    1.3027436417316618E-011
 SINGLE POLE (MadFKS)   -1.3352566828063518E-012
 DOUBLE POLE (MadFKS)   -1.3864006962241366E-012
 SINGLE POLE (MadLoop)  -1.3352566828063710E-012
 DOUBLE POLE (MadLoop)  -1.3864006962241396E-012
 FINITE PART (MadLoop)   8.2842442539865057E-014
   325.00000000000000        0.0000000000000000        0.0000000000000000        325.00000000000000        0.0000000000000000     
   325.00000000000000        0.0000000000000000        0.0000000000000000       -325.00000000000000        0.0000000000000000     
   158.22947734884985        33.107649530794930       -78.859335536919332        133.12271122281055        0.0000000000000000     
   87.032093209886568       -34.057697884552532       -63.009126498730424       -49.441970441780661        0.0000000000000000     
   241.78086770846170        150.18386970766028        169.81123331519333       -24.489229369084100        80.419002445756163     
   162.95756173280182       -149.23382135390270       -27.942771279543571       -59.191511411945754        0.0000000000000000     

 PASSED   1.0000000000000001E-005
 MU_R    =    325.00000000000000     
 ALPHA_S =   0.11799999999999999     
 BORN                    3.2823962339702607E-011
 SINGLE POLE (MadFKS)   -5.0384621634736659E-012
 DOUBLE POLE (MadFKS)   -3.4931787638670407E-012
 SINGLE POLE (MadLoop)  -5.0384621634761627E-012
 DOUBLE POLE (MadLoop)  -3.4931787638666744E-012
 FINITE PART (MadLoop)   8.1671676765924326E-012
   325.00000000000000        0.0000000000000000        0.0000000000000000        325.00000000000000        0.0000000000000000     
   325.00000000000000        0.0000000000000000        0.0000000000000000       -325.00000000000000        0.0000000000000000     
   281.82497552000075       -160.79551495040135       -3.2103644660364696       -231.42993055929372        0.0000000000000000     
   92.484390225953831        83.454101562893186       -23.895603633571092        31.902593856676969        0.0000000000000000     
   228.66224213522941        39.278825680820169        1.7204924610697956        210.41249673621309        80.419002445756163     
   47.028392118816008        38.062587706687992        25.385475638537827       -10.885160033596335        0.0000000000000000     

 PASSED   1.0000000000000001E-005
 MU_R    =    325.00000000000000     
 ALPHA_S =   0.11799999999999999     
 BORN                    3.3628557942623734E-011
 SINGLE POLE (MadFKS)   -2.5553099872424624E-012
 DOUBLE POLE (MadFKS)   -3.5788051195317652E-012
 SINGLE POLE (MadLoop)  -2.5553099872430388E-012
 DOUBLE POLE (MadLoop)  -3.5788051195317648E-012
 FINITE PART (MadLoop)   5.4705016453861048E-012
   325.00000000000000        0.0000000000000000        0.0000000000000000        325.00000000000000        0.0000000000000000     
   325.00000000000000        0.0000000000000000        0.0000000000000000       -325.00000000000000        0.0000000000000000     
   109.31915682770615       -22.768244637690614       -87.814573445522683       -60.999063732321176        0.0000000000000000     
   135.15924734261924        59.642587210596226       -69.097502618249209        99.681086796697770        0.0000000000000000     
   150.15057181339051       -89.128599911525257       -79.430505910006062        42.718446486375875        80.419002445756163     
   255.37102401628411        52.254257338619666        236.34258197377795       -81.400469550752504        0.0000000000000000     

 PASSED   1.0000000000000001E-005
 MU_R    =    325.00000000000000     
 ALPHA_S =   0.11799999999999999     
 BORN                    5.4793855151458910E-012
 SINGLE POLE (MadFKS)   -8.1155409610037015E-013
 DOUBLE POLE (MadFKS)   -5.8312500247408308E-013
 SINGLE POLE (MadLoop)  -8.1155409611383172E-013
 DOUBLE POLE (MadLoop)  -5.8312500247408328E-013
 FINITE PART (MadLoop)  -7.3423527342692402E-013
   325.00000000000000        0.0000000000000000        0.0000000000000000        325.00000000000000        0.0000000000000000     
   325.00000000000000        0.0000000000000000        0.0000000000000000       -325.00000000000000        0.0000000000000000     
   261.09906341672593        52.640874946263679        21.243413797515132        254.85363754949785        0.0000000000000000     
   76.084892200902033        73.578036542435896        7.6489810456557974       -17.795405270632216        0.0000000000000000     
   209.40127845312691       -67.455413391437517        32.602065137738862       -178.23734742297515        80.419002445756163     
   103.41476592924519       -58.763498097262087       -61.494459980909788       -58.820884855890540        0.0000000000000000     

 PASSED   1.0000000000000001E-005
 MU_R    =    325.00000000000000     
 ALPHA_S =   0.11799999999999999     
 BORN                    2.0187467364926991E-011
 SINGLE POLE (MadFKS)   -7.8188453443953260E-013
 DOUBLE POLE (MadFKS)   -2.1483826835289019E-012
 SINGLE POLE (MadLoop)  -7.8188453443886637E-013
 DOUBLE POLE (MadLoop)  -2.1483826835288983E-012
 FINITE PART (MadLoop)   3.1702945275815786E-012
   325.00000000000000        0.0000000000000000        0.0000000000000000        325.00000000000000        0.0000000000000000     
   325.00000000000000        0.0000000000000000        0.0000000000000000       -325.00000000000000        0.0000000000000000     
   251.16698126876301        151.01930022317592       -34.465112952763590       -197.71236539204790        0.0000000000000000     
   81.969749087716451        4.8878411291665689       -8.2536070832275517        81.406552222256153        0.0000000000000000     
   100.92571950949899        41.529555193940595        33.678746424587835        29.322738426028508        80.419002445756163     
   215.93755013402148       -197.43669654628312        9.0399736114033029        86.983074743763240        0.0000000000000000     

 PASSED   1.0000000000000001E-005
 MU_R    =    325.00000000000000     
 ALPHA_S =   0.11799999999999999     
 BORN                    2.0324970964670235E-011
 SINGLE POLE (MadFKS)   -7.1104159864751242E-013
 DOUBLE POLE (MadFKS)   -2.1630160373454638E-012
 SINGLE POLE (MadLoop)  -7.1104159864747961E-013
 DOUBLE POLE (MadLoop)  -2.1630160373454614E-012
 FINITE PART (MadLoop)   9.3026895369777142E-013
   325.00000000000000        0.0000000000000000        0.0000000000000000        325.00000000000000        0.0000000000000000     
   325.00000000000000        0.0000000000000000        0.0000000000000000       -325.00000000000000        0.0000000000000000     
   283.21551603345353       -266.70339610390835       -25.078115747994584       -91.931578574869093        0.0000000000000000     
   37.964474004003250        11.169847611351921        18.240033442924581        31.366175583593343        0.0000000000000000     
   113.51527726979732        66.734350946515335        11.443978960222541       -42.825973060442358        80.419002445756163     
   215.30473269274589        188.79919754604106       -4.6058966551525558        103.39137605171814        0.0000000000000000     

 PASSED   1.0000000000000001E-005
 MU_R    =    325.00000000000000     
 ALPHA_S =   0.11799999999999999     
 BORN                    5.6231650791456955E-011
 SINGLE POLE (MadFKS)   -5.2966595660402885E-012
 DOUBLE POLE (MadFKS)   -5.9842625448151302E-012
 SINGLE POLE (MadLoop)  -5.2966595660403661E-012
 DOUBLE POLE (MadLoop)  -5.9842625448151334E-012
 FINITE PART (MadLoop)   6.9525120557876343E-012
   325.00000000000000        0.0000000000000000        0.0000000000000000        325.00000000000000        0.0000000000000000     
   325.00000000000000        0.0000000000000000        0.0000000000000000       -325.00000000000000        0.0000000000000000     
   54.986773056334542       -49.875855555548206       -11.453326766063157       -20.118785990727940        0.0000000000000000     
   141.77828753808004       -15.884547109080243       -37.165397566698509        135.89516990709845        0.0000000000000000     
   196.84491478204293       -150.73452624535489        96.932983659847793        12.798585764345397        80.419002445756163     
   256.39002462354239        216.49492890998334       -48.314259327086148       -128.57496968071592        0.0000000000000000     

 PASSED   1.0000000000000001E-005
 MU_R    =    325.00000000000000     
 ALPHA_S =   0.11799999999999999     
 BORN                    2.9952223187971544E-010
 SINGLE POLE (MadFKS)   -1.3428842845157421E-012
 DOUBLE POLE (MadFKS)   -3.1875636733921535E-011
 SINGLE POLE (MadLoop)  -1.3428842845125521E-012
 DOUBLE POLE (MadLoop)  -3.1875636733921244E-011
 FINITE PART (MadLoop)   1.4463345317695926E-011
   325.00000000000000        0.0000000000000000        0.0000000000000000        325.00000000000000        0.0000000000000000     
   325.00000000000000        0.0000000000000000        0.0000000000000000       -325.00000000000000        0.0000000000000000     
   121.09428526711254        14.557957621983208        33.186202456678565       -115.54465699777603        0.0000000000000000     
   123.72195752394512        4.6056654921608970        109.62504680369956       -57.168695386705139        0.0000000000000000     
   163.46896762572288       -104.91753821946797       -84.630293273467174       -45.660826280987571        80.419002445756163     
   241.71478958321939        85.753915105323856       -58.180955986910945        218.37417866546872        0.0000000000000000     

 PASSED   1.0000000000000001E-005
 MU_R    =    325.00000000000000     
 ALPHA_S =   0.11799999999999999     
 BORN                    1.0306416786538858E-011
 SINGLE POLE (MadFKS)   -2.8149566142848984E-013
 DOUBLE POLE (MadFKS)   -1.0968254191162502E-012
 SINGLE POLE (MadLoop)  -2.8149566142831429E-013
 DOUBLE POLE (MadLoop)  -1.0968254191162551E-012
 FINITE PART (MadLoop)   1.5903084273908533E-012
   325.00000000000000        0.0000000000000000        0.0000000000000000        325.00000000000000        0.0000000000000000     
   325.00000000000000        0.0000000000000000        0.0000000000000000       -325.00000000000000        0.0000000000000000     
   134.36736579511827       -18.237768802317454       -110.26900109915610       -74.583645502393153        0.0000000000000000     
   73.858065883060419        46.656785275209650        24.022410684040491        51.971935394949334        0.0000000000000000     
   190.82397025840154       -52.975416508009083       -132.50572831614841       -97.889779241853631        80.419002445756163     
   250.95059806341982        24.556400035116756        218.75231873126404        120.50148934929750        0.0000000000000000     

 PASSED   1.0000000000000001E-005
 MU_R    =    325.00000000000000     
 ALPHA_S =   0.11799999999999999     
 BORN                    7.6633559421477552E-010
 SINGLE POLE (MadFKS)    9.7689502582541417E-012
 DOUBLE POLE (MadFKS)   -8.1554664120137343E-011
 SINGLE POLE (MadLoop)   9.7689502583073091E-012
 DOUBLE POLE (MadLoop)  -8.1554664120144181E-011
 FINITE PART (MadLoop)   8.0649292112943122E-010
   325.00000000000000        0.0000000000000000        0.0000000000000000        325.00000000000000        0.0000000000000000     
   325.00000000000000        0.0000000000000000        0.0000000000000000       -325.00000000000000        0.0000000000000000     
   153.07008712365715       -58.585317211022925       -35.902428556916945       -136.78167933990011        0.0000000000000000     
   46.787254291572232       -16.361877488764012        37.449848110197024       -22.778169498668870        0.0000000000000000     
   174.01525233706823        89.811805733172648       -60.958541113228939       -109.69041848701559        80.419002445756163     
   276.12740624770237       -14.864611033385671        59.411121559948747        269.25026732558462        0.0000000000000000     

 PASSED   1.0000000000000001E-005
 MU_R    =    325.00000000000000     
 ALPHA_S =   0.11799999999999999     
 BORN                    4.9380954699739128E-012
 SINGLE POLE (MadFKS)   -2.0917840328839209E-013
 DOUBLE POLE (MadFKS)   -5.2552004694437492E-013
 SINGLE POLE (MadLoop)  -2.0917840328593698E-013
 DOUBLE POLE (MadLoop)  -5.2552004694437240E-013
 FINITE PART (MadLoop)   6.6066897573929748E-013
   325.00000000000000        0.0000000000000000        0.0000000000000000        325.00000000000000        0.0000000000000000     
   325.00000000000000        0.0000000000000000        0.0000000000000000       -325.00000000000000        0.0000000000000000     
   133.00992934652069        30.851470583266085        62.418356888606915       -113.33038776490093        0.0000000000000000     
   171.57732318897314       -13.140695995071896       -169.47330189581183        23.343090754856313        0.0000000000000000     
   134.23008264801518        87.915680873969364       -59.883962295412722        15.337641591536356        80.419002445756163     
   211.18266481649101       -105.62645546216355        166.93890730261765        74.649655418508218        0.0000000000000000     

 PASSED   1.0000000000000001E-005
 MU_R    =    325.00000000000000     
 ALPHA_S =   0.11799999999999999     
 BORN                    8.7343815301609745E-010
 SINGLE POLE (MadFKS)   -1.0302360521180054E-010
 DOUBLE POLE (MadFKS)   -9.2952690357453243E-011
 SINGLE POLE (MadLoop)  -1.0302360521238828E-010
 DOUBLE POLE (MadLoop)  -9.2952690357450684E-011
 FINITE PART (MadLoop)   1.1203550953022310E-010
   325.00000000000000        0.0000000000000000        0.0000000000000000        325.00000000000000        0.0000000000000000     
   325.00000000000000        0.0000000000000000        0.0000000000000000       -325.00000000000000        0.0000000000000000     
   104.55314638169412       -66.814435755297424       -80.394348838709604       -1.9850107841169147        0.0000000000000000     
   69.732292120787591       -7.3258512503504498       -9.2350641766009325        68.728728036612580        0.0000000000000000     
Thanks for using LHAPDF 6.2.1. Please make sure to cite the paper:
  Eur.Phys.J. C75 (2015) 3, 132  (http://arxiv.org/abs/1412.7420)
   201.53087287280701        86.089678253513512       -109.01465785075682        121.86816006814058        80.419002445756163     
   274.18368862471129       -11.949391247865686        198.64407086606747       -188.61187732063647        0.0000000000000000     

 PASSED   1.0000000000000001E-005
 MU_R    =    325.00000000000000     
 ALPHA_S =   0.11799999999999999     
 BORN                    1.5218182470619697E-010
 SINGLE POLE (MadFKS)   -1.2639927112142155E-011
 DOUBLE POLE (MadFKS)   -1.6195434079791849E-011
 SINGLE POLE (MadLoop)  -1.2639927112143817E-011
 DOUBLE POLE (MadLoop)  -1.6195434079793190E-011
 FINITE PART (MadLoop)   2.0014998399127238E-011
   325.00000000000000        0.0000000000000000        0.0000000000000000        325.00000000000000        0.0000000000000000     
   325.00000000000000        0.0000000000000000        0.0000000000000000       -325.00000000000000        0.0000000000000000     
   30.545250138121638        1.3402814925048838      -0.86913387492388017       -30.503451572383220        0.0000000000000000     
   122.16009254186805        61.474096751445359        31.832671871078585        100.65140157980882        0.0000000000000000     
   236.82267729706217        118.59102750633794       -185.19583719553165        35.446221353129737        80.419002445756163     
   260.47198002294812       -181.40540575028820        154.23229919937694       -105.59417136055535        0.0000000000000000     

 NUMBER OF POINTS PASSING THE CHECK          20
 NUMBER OF POINTS FAILING THE CHECK           0
 TOLERANCE    1.0000000000000001E-005
