==== LHAPDF6 USING DEFAULT-TYPE LHAGLUE INTERFACE ====
LHAPDF 6.2.1 loading /cvmfs/cms.cern.ch/slc7_amd64_gcc700/external/lhapdf/6.2.1-pafccj3/share/LHAPDF/NNPDF31_nnlo_as_0118_nf_4_mc_hessian/NNPDF31_nnlo_as_0118_nf_4_mc_hessian_0000.dat
NNPDF31_nnlo_as_0118_nf_4_mc_hessian PDF set, member #0, version 1; LHAPDF ID = 325500
 A PDF is used, so alpha_s(MZ) is going to be modified
 Old value of alpha_s from param_card:   0.11799999999999999     
 New value of alpha_s from PDF lhapdf :  0.11266013434007299     
 *****************************************************
 *               MadGraph/MadEvent                   *
 *        --------------------------------           *
 *          http://madgraph.hep.uiuc.edu             *
 *          http://madgraph.phys.ucl.ac.be           *
 *          http://madgraph.roma2.infn.it            *
 *        --------------------------------           *
 *                                                   *
 *          PARAMETER AND COUPLING VALUES            *
 *                                                   *
 *****************************************************

  External Params
  ---------------------------------
  
 MU_R =    91.188000000000002     
 aEWM1 =    132.50700000000001     
 mdl_Gf =    1.1663900000000000E-005
 aS =   0.11799999999999999     
 mdl_ymb =    4.7000000000000002     
 mdl_ymt =    173.00000000000000     
 mdl_ymtau =    1.7769999999999999     
 mdl_MT =    173.00000000000000     
 mdl_MB =    4.7000000000000002     
 mdl_MZ =    91.188000000000002     
 mdl_MH =    125.00000000000000     
 mdl_MTA =    1.7769999999999999     
 mdl_WT =    1.4915000000000000     
 mdl_WZ =    2.4414039999999999     
 mdl_WW =    2.0476000000000001     
 mdl_WH =    6.3823389999999999E-003
  Internal Params
  ---------------------------------
  
 mdl_conjg__CKM3x3 =    1.0000000000000000     
 mdl_CKM22 =    1.0000000000000000     
 mdl_lhv =    1.0000000000000000     
 mdl_CKM3x3 =    1.0000000000000000     
 mdl_conjg__CKM22 =    1.0000000000000000     
 mdl_conjg__CKM33 =    1.0000000000000000     
 mdl_Ncol =    3.0000000000000000     
 mdl_CA =    3.0000000000000000     
 mdl_TF =   0.50000000000000000     
 mdl_CF =    1.3333333333333333     
 mdl_complexi =                (0.0000000000000000,1.0000000000000000)
 mdl_MZ__exp__2 =    8315.2513440000002     
 mdl_MZ__exp__4 =    69143404.913893804     
 mdl_sqrt__2 =    1.4142135623730951     
 mdl_MH__exp__2 =    15625.000000000000     
 mdl_Ncol__exp__2 =    9.0000000000000000     
 mdl_MB__exp__2 =    22.090000000000003     
 mdl_MT__exp__2 =    29929.000000000000     
 mdl_aEW =    7.5467711139788835E-003
 mdl_MW =    80.419002445756163     
 mdl_sqrt__aEW =    8.6872153846781555E-002
 mdl_ee =   0.30795376724436879     
 mdl_MW__exp__2 =    6467.2159543705357     
 mdl_sw2 =   0.22224648578577766     
 mdl_cw =   0.88190334743339216     
 mdl_sqrt__sw2 =   0.47143025548407230     
 mdl_sw =   0.47143025548407230     
 mdl_g1 =   0.34919219678733299     
 mdl_gw =   0.65323293034757990     
 mdl_v =    246.21845810181637     
 mdl_v__exp__2 =    60623.529110035903     
 mdl_lam =   0.12886910601690263     
 mdl_yb =    2.6995554250465490E-002
 mdl_yt =   0.99366614581500623     
 mdl_ytau =    1.0206617000654717E-002
 mdl_muH =    88.388347648318430     
 mdl_AxialZUp =  -0.18517701861793787     
 mdl_AxialZDown =   0.18517701861793787     
 mdl_VectorZUp =    7.5430507588273299E-002
 mdl_VectorZDown =  -0.13030376310310560     
 mdl_VectorAUp =   0.20530251149624587     
 mdl_VectorADown =  -0.10265125574812294     
 mdl_VectorWmDxU =   0.23095271737156670     
 mdl_AxialWmDxU =  -0.23095271737156670     
 mdl_VectorWpUxD =   0.23095271737156670     
 mdl_AxialWpUxD =  -0.23095271737156670     
 mdl_I1x33 =          (2.69955542504654901E-002,0.0000000000000000)
 mdl_I2x33 =               (0.99366614581500623,0.0000000000000000)
 mdl_I3x33 =               (0.99366614581500623,0.0000000000000000)
 mdl_I4x33 =          (2.69955542504654901E-002,0.0000000000000000)
 mdl_Vector_tbGp =              (-0.96667059156454072,0.0000000000000000)
 mdl_Axial_tbGp =              (-1.0206617000654716,-0.0000000000000000)
 mdl_Vector_tbGm =               (0.96667059156454072,0.0000000000000000)
 mdl_Axial_tbGm =              (-1.0206617000654716,-0.0000000000000000)
 mdl_gw__exp__2 =   0.42671326129048615     
 mdl_cw__exp__2 =   0.77775351421422245     
 mdl_ee__exp__2 =    9.4835522759998875E-002
 mdl_sw__exp__2 =   0.22224648578577769     
 mdl_yb__exp__2 =    7.2875994928982540E-004
 mdl_yt__exp__2 =   0.98737240933884918     
  Internal Params evaluated point by point
  ----------------------------------------
  
 mdl_sqrt__aS =   0.34351128074635334     
 mdl_G__exp__4 =    2.1987899468922913     
 mdl_G__exp__2 =    1.4828317324943823     
 mdl_R2MixedFactor_FIN_ =   -2.5040377713124864E-002
 mdl_G_UVg_1EPS_ =   -5.1645779033320030E-002
 mdl_G_UVq_1EPS_ =    3.1300472141406080E-003
 mdl_GWcft_UV_b_1EPS_ =   -3.1300472141406080E-003
 mdl_GWcft_UV_t_1EPS_ =   -3.1300472141406080E-003
 mdl_bWcft_UV_1EPS_ =   -1.8780283284843650E-002
 mdl_tWcft_UV_1EPS_ =   -1.8780283284843650E-002
 mdl_G__exp__3 =    1.8056676068262196     
 mdl_MU_R__exp__2 =    8315.2513440000002     
 mdl_G_UVb_FIN_ =    1.8563438626678915E-002
 mdl_G_UVt_FIN_ =   -4.0087659331150384E-003
 mdl_GWcft_UV_b_FIN_ =   -1.8563438626678915E-002
 mdl_GWcft_UV_t_FIN_ =    4.0087659331150384E-003
 mdl_bWcft_UV_FIN_ =  -0.13642100947319838     
 mdl_tWcft_UV_FIN_ =   -9.8778211443463623E-004
  Couplings of loop_sm
  ---------------------------------
  
      UV_GQQb =   0.00000E+00   0.22605E-01
      UV_GQQt =   0.00000E+00  -0.48815E-02
   UVWfct_G_2 =   0.40088E-02   0.00000E+00
   UVWfct_G_1 =  -0.18563E-01   0.00000E+00
       R2_DDA =   0.00000E+00   0.25704E-02
       R2_UUA =  -0.00000E+00  -0.51409E-02
    R2_UUZ_V2 =  -0.00000E+00  -0.72127E-02
    R2_UUZ_V5 =   0.00000E+00   0.68702E-03
      R2_sxcW =  -0.00000E+00  -0.11566E-01
      R2_GGHb =   0.00000E+00  -0.33698E-02
      R2_GGHt =   0.00000E+00  -0.45657E+01
     R2_GGZup =  -0.46369E-02   0.00000E+00
    R2_GGWWcs =   0.00000E+00   0.13356E-02
         GC_4 =  -0.12177E+01   0.00000E+00
         GC_5 =   0.00000E+00   0.12177E+01
       R2_GQQ =  -0.00000E+00  -0.30492E-01
       R2_QQq =   0.00000E+00   0.12520E-01
 UV_GQQg_1eps =   0.00000E+00  -0.62890E-01
 UV_GQQq_1eps =   0.00000E+00   0.38115E-02
 UVWfct_G_2_1eps -0.31300E-02   0.00000E+00
         GC_1 =  -0.00000E+00  -0.10265E+00
         GC_2 =   0.00000E+00   0.20530E+00
         GC_7 =   0.00000E+00   0.57609E+00
        GC_22 =   0.00000E+00   0.28804E+00
        GC_23 =  -0.00000E+00  -0.27437E-01
        GC_24 =   0.00000E+00   0.82310E-01
        GC_25 =   0.00000E+00   0.30795E+00
        GC_28 =   0.00000E+00   0.37035E+00
        GC_31 =   0.00000E+00   0.52532E+02
        GC_33 =  -0.00000E+00  -0.19089E-01
        GC_37 =  -0.00000E+00  -0.70263E+00
        GC_38 =  -0.00000E+00  -0.72172E-02
        GC_47 =   0.00000E+00   0.46191E+00

 Collider parameters:
 --------------------

 Running at P P   machine @    13000.000000000000       GeV
 PDF set = lhapdf 
 alpha_s(Mz)= 0.1127 running at 3 loops.
 alpha_s(Mz)= 0.1127 running at 3 loops.
 Renormalization scale set on event-by-event basis
 Factorization   scale set on event-by-event basis


 ===============================================================
 INFO: MadFKS read these parameters from FKS_params.dat
 ===============================================================
  > IRPoleCheckThreshold      =    1.0000000000000001E-005
  > PrecisionVirtualAtRunTime =    1.0000000000000000E-003
  > NHelForMCoverHels         =            4
  > VirtualFraction           =    1.0000000000000000     
  > MinVirtualFraction        =    5.0000000000000001E-003
 ===============================================================
  Insert the number of points to test
 Insert the relative tolerance
  A negative number will mean use the default one:    1.0000000000000001E-005
Using random seed offsets:     1 ,     18 ,      0
  with seed                   32
 Ranmar initialization seeds       10730        9424
  ========================================================================================== 
 {                                                                                          }
 {       [32m                                                                            [0m       }
 {       [32m                               ,,                                           [0m       }
 {       [32m`7MMM.     ,MMF'             `7MM  `7MMF'                                   [0m       }
 {       [32m  MMMb    dPMM                 MM    MM                                     [0m       }
 {       [32m  M YM   ,M MM   ,6"Yb.   ,M""bMM    MM         ,pW"Wq.   ,pW"Wq.`7MMpdMAo. [0m       }
 {       [32m  M  Mb  M' MM  8)   MM ,AP    MM    MM        6W'   `Wb 6W'   `Wb MM   `Wb [0m       }
 {       [32m  M  YM.P'  MM   ,pm9MM 8MI    MM    MM      , 8M     M8 8M     M8 MM    M8 [0m       }
 {       [32m  M  `YM'   MM  8M   MM `Mb    MM    MM     ,M YA.   ,A9 YA.   ,A9 MM   ,AP [0m       }
 {       [32m.JML. `'  .JMML.`Moo9^Yo.`Wbmd"MML..JMMmmmmMMM  `Ybmd9'   `Ybmd9'  MMbmmd'  [0m       }
 {       [32m                                                                   MM       [0m       }
 {       [32m                                                                 .JMML.     [0m       }
 {       [32m[0mv2.6.5 (2018-02-03), Ref: arXiv:1103.0621v2, arXiv:1405.0301[32m                [0m       }
 {       [32m                                                                            [0m       }
 {                                                                                          }
  ========================================================================================== 
 ===============================================================
 INFO: MadLoop read these parameters from ./MadLoop5_resources/MadLoopParams.dat                                                                                                                                                                                                                                                                                                                                                                                                                                                                                          
 ===============================================================
  > MLReductionLib            = 6|7|1
  > CTModeRun                 =           -1
  > MLStabThres               =    1.0000000000000000E-003
  > NRotations_DP             =            0
  > NRotations_QP             =            0
  > CTStabThres               =    1.0000000000000000E-002
  > CTLoopLibrary             =            2
  > CTModeInit                =            1
  > CheckCycle                =            3
  > MaxAttempts               =           10
  > UseLoopFilter             =  F
  > HelicityFilterLevel       =            2
  > ImprovePSPoint            =            2
  > DoubleCheckHelicityFilter =  T
  > LoopInitStartOver         =  F
  > HelInitStartOver          =  F
  > ZeroThres                 =    1.0000000000000001E-009
  > OSThres                   =    1.0000000000000000E-008
  > WriteOutFilters           =  T
  > UseQPIntegrandForNinja    =  T
  > UseQPIntegrandForCutTools =  T
  > IREGIMODE                 =            2
  > IREGIRECY                 =  T
  > COLLIERMode               =            1
  > COLLIERRequiredAccuracy   =    1.0000000000000000E-008
  > COLLIERCanOutput          =  F
  > COLLIERComputeUVpoles     =  T
  > COLLIERComputeIRpoles     =  T
  > COLLIERGlobalCache        =           -1
  > COLLIERUseCacheForPoles   =  F
  > COLLIERUseInternalStabilityTest =  T
 ===============================================================
  
------------------------------------------------------------------------
|              You are using CutTools - Version 1.9.3                  |
|              Authors: G. Ossola, C. Papadopoulos, R. Pittau          |
|              Published in JHEP 0803:042,2008                         |
|              http://www.ugr.es/~pittau/CutTools                      |
|                                                                      |
|              Compiler with  34  significant digits detetected        |
 ---------------------------------------------------------------------- 
   
########################################################################
#                                                                      #

  +----------------------------------------------------------------+
  |                                                                |
  |  Ninja - version 1.1.0                                         |
  |                                                                |
  |  Author: Tiziano Peraro                                        |
  |                                                                |
  |  Based on:                                                     |
  |                                                                |
  |      P. Mastrolia, E. Mirabella and T. Peraro,                 |
  |      "Integrand reduction of one-loop scattering amplitudes    |
  |      through Laurent series expansion,"                        |
  |      JHEP 1206 (2012) 095  [arXiv:1203.0291 [hep-ph]].         |
  |                                                                |
  |      T. Peraro,                                                |
  |      "Ninja: Automated Integrand Reduction via Laurent         |
  |      Expansion for One-Loop Amplitudes,"                       |
  |      Comput.Phys.Commun. 185 (2014) [arXiv:1403.1229 [hep-ph]] |
  |                                                                |
  +----------------------------------------------------------------+


#                      You are using OneLOop-3.6                       #
#                                                                      #
# for the evaluation of 1-loop scalar 1-, 2-, 3- and 4-point functions #
#                                                                      #
# author: Andreas van Hameren <hamerenREMOVETHIS@ifj.edu.pl>           #
#   date: 18-02-2015                                                   #
#                                                                      #
# Please cite                                                          #
#    A. van Hameren,                                                   #
#      Comput.Phys.Commun. 182 (2011) 2427-2438, arXiv:1007.4716       #
#    A. van Hameren, C.G. Papadopoulos and R. Pittau,                  #
#      JHEP 0909:106,2009, arXiv:0903.4665                             #
# in publications with results obtained with the help of this program. #
#                                                                      #
########################################################################
########################################################################
#                                                                      #
#                      You are using OneLOop-3.6                       #
#                                                                      #
# for the evaluation of 1-loop scalar 1-, 2-, 3- and 4-point functions #
#                                                                      #
# author: Andreas van Hameren <hamerenREMOVETHIS@ifj.edu.pl>           #
#   date: 18-02-2015                                                   #
#                                                                      #
# Please cite                                                          #
#    A. van Hameren,                                                   #
#      Comput.Phys.Commun. 182 (2011) 2427-2438, arXiv:1007.4716       #
#    A. van Hameren, C.G. Papadopoulos and R. Pittau,                  #
#      JHEP 0909:106,2009, arXiv:0903.4665                             #
# in publications with results obtained with the help of this program. #
#                                                                      #
########################################################################
 PASSED   1.0000000000000001E-005
 MU_R    =    325.00000000000000     
 ALPHA_S =   0.11799999999999999     
 BORN                    3.4868031617809759E-012
 SINGLE POLE (MadFKS)   -2.5186959774335409E-013
 DOUBLE POLE (MadFKS)   -3.7107118977483305E-013
 SINGLE POLE (MadLoop)  -2.5186959774352908E-013
 DOUBLE POLE (MadLoop)  -3.7107118977483350E-013
 FINITE PART (MadLoop)  -2.2528192206978894E-013
   325.00000000000000        0.0000000000000000        0.0000000000000000        325.00000000000000        0.0000000000000000     
   325.00000000000000        0.0000000000000000        0.0000000000000000       -325.00000000000000        0.0000000000000000     
   77.600490321523225       -3.5736511077829691       -65.820080357045299        40.909954885000275        1.7769999999999999     
   227.43203148575830        2.0357962660474254        165.10260742005144       -156.40432699386056        0.0000000000000000     
   203.36008613991973       -137.51086032139821       -87.064193783538187        91.644411367832220        80.419002445756163     
   141.60739205279876        139.04871516313381       -12.218333279467915        23.849960741028074        0.0000000000000000     

 PASSED   1.0000000000000001E-005
 MU_R    =    325.00000000000000     
 ALPHA_S =   0.11799999999999999     
 BORN                    1.8297658887331965E-011
 SINGLE POLE (MadFKS)   -2.1955645668576272E-012
 DOUBLE POLE (MadFKS)   -1.9472662316700107E-012
 SINGLE POLE (MadLoop)  -2.1955645668594440E-012
 DOUBLE POLE (MadLoop)  -1.9472662316699934E-012
 FINITE PART (MadLoop)   5.5331521088822150E-012
   325.00000000000000        0.0000000000000000        0.0000000000000000        325.00000000000000        0.0000000000000000     
   325.00000000000000        0.0000000000000000        0.0000000000000000       -325.00000000000000        0.0000000000000000     
   149.54333105608819        6.7457832870749677        148.19576352353758        18.776586906845960        1.7769999999999999     
   203.18963145994854       -40.975954318491333       -63.365840342782448        188.65780603561473        0.0000000000000000     
   206.12325888099247       -26.838349063062488       -20.403198629361473       -186.76989693901461        80.419002445756163     
   91.143778602970798        61.068520094478849       -64.426724551393633       -20.664496003446104        0.0000000000000000     

 PASSED   1.0000000000000001E-005
 MU_R    =    325.00000000000000     
 ALPHA_S =   0.11799999999999999     
 BORN                    7.8865179987166497E-012
 SINGLE POLE (MadFKS)   -3.1618105886323367E-013
 DOUBLE POLE (MadFKS)   -8.3929590549919559E-013
 SINGLE POLE (MadLoop)  -3.1618105886338352E-013
 DOUBLE POLE (MadLoop)  -8.3929590549920135E-013
 FINITE PART (MadLoop)  -1.3332602930892727E-013
   325.00000000000000        0.0000000000000000        0.0000000000000000        325.00000000000000        0.0000000000000000     
   325.00000000000000        0.0000000000000000        0.0000000000000000       -325.00000000000000        0.0000000000000000     
   221.89493553877884        2.2993432815777566       -58.131282261266584       -214.12536452249935        1.7769999999999999     
   122.45869904206404       -112.11629144579420       -28.306167260289744        40.309193226223805        0.0000000000000000     
   139.95706440819666       -17.602176601762185        90.495076633929926        67.982118290688049        80.419002445756163     
   165.68930101096032        127.41912476597865       -4.0576271123735852        105.83405300558752        0.0000000000000000     

 PASSED   1.0000000000000001E-005
 MU_R    =    325.00000000000000     
 ALPHA_S =   0.11799999999999999     
 BORN                    5.3650654712749550E-012
 SINGLE POLE (MadFKS)   -9.8522613072426793E-014
 DOUBLE POLE (MadFKS)   -5.7095887988956879E-013
 SINGLE POLE (MadLoop)  -9.8522613077771786E-014
 DOUBLE POLE (MadLoop)  -5.7095887988956899E-013
 FINITE PART (MadLoop)   1.0088358952989234E-012
   325.00000000000000        0.0000000000000000        0.0000000000000000        325.00000000000000        0.0000000000000000     
   325.00000000000000        0.0000000000000000        0.0000000000000000       -325.00000000000000        0.0000000000000000     
   80.776662178190819       -8.6935635651510488       -35.611841116640896        71.957835907365691        1.7769999999999999     
   153.66434703181392        86.536027746731591       -5.7094214779644075       -126.85286735788669        0.0000000000000000     
   196.31454657891132        23.196603621229489        134.54883919068783       -115.89095174771407        80.419002445756163     
   219.24444421108393       -101.03906780281002       -93.227576596082542        170.78598319823504        0.0000000000000000     

 PASSED   1.0000000000000001E-005
 MU_R    =    325.00000000000000     
 ALPHA_S =   0.11799999999999999     
 BORN                    2.3988627963503808E-011
 SINGLE POLE (MadFKS)   -4.0862139628349329E-013
 DOUBLE POLE (MadFKS)   -2.5529082963594995E-012
 SINGLE POLE (MadLoop)  -4.0862139628363294E-013
 DOUBLE POLE (MadLoop)  -2.5529082963595084E-012
 FINITE PART (MadLoop)  -2.4453898062909006E-012
   325.00000000000000        0.0000000000000000        0.0000000000000000        325.00000000000000        0.0000000000000000     
   325.00000000000000        0.0000000000000000        0.0000000000000000       -325.00000000000000        0.0000000000000000     
   20.735047438509728        19.588760980791712        2.4082433619785979       -6.1045286815729698        1.7769999999999999     
   212.42065510475632        123.41283716874996        51.607447382868102       -165.01053818383224        0.0000000000000000     
   206.70296354338376       -100.02719193138260       -161.98045304397269       -3.9740268291250853        80.419002445756163     
   210.14133391335017       -42.974406218158997        107.96476229912594        175.08909369453028        0.0000000000000000     

 PASSED   1.0000000000000001E-005
 MU_R    =    325.00000000000000     
 ALPHA_S =   0.11799999999999999     
 BORN                    1.8737311181951061E-011
 SINGLE POLE (MadFKS)   -4.8142732200068164E-013
 DOUBLE POLE (MadFKS)   -1.9940547346287538E-012
 SINGLE POLE (MadLoop)  -4.8142732308846393E-013
 DOUBLE POLE (MadLoop)  -1.9940547346271301E-012
 FINITE PART (MadLoop)  -1.1667330323825316E-011
   325.00000000000000        0.0000000000000000        0.0000000000000000        325.00000000000000        0.0000000000000000     
   325.00000000000000        0.0000000000000000        0.0000000000000000       -325.00000000000000        0.0000000000000000     
   70.336471785661772        33.662616184872981        56.034973516760680       -25.903118515365140        1.7769999999999999     
   251.38000711823983       -38.705313986865811       -79.722173101377635       -235.24068900583174        0.0000000000000000     
   161.78921270095503        79.146054535319237       -8.7448957089024475        115.61990417984707        80.419002445756163     
   166.49430839514338       -74.103356733326450        32.432095293519517        145.52390334134981        0.0000000000000000     

 PASSED   1.0000000000000001E-005
 MU_R    =    325.00000000000000     
 ALPHA_S =   0.11799999999999999     
 BORN                    1.4977344383382770E-011
 SINGLE POLE (MadFKS)   -8.6642205647319976E-013
 DOUBLE POLE (MadFKS)   -1.5939130321226785E-012
 SINGLE POLE (MadLoop)  -8.6642205647281414E-013
 DOUBLE POLE (MadLoop)  -1.5939130321226751E-012
 FINITE PART (MadLoop)   9.1262639183306755E-013
   325.00000000000000        0.0000000000000000        0.0000000000000000        325.00000000000000        0.0000000000000000     
   325.00000000000000        0.0000000000000000        0.0000000000000000       -325.00000000000000        0.0000000000000000     
   88.801273494550799        3.7248334042038982        88.521792405613468        5.7031860098030549        1.7769999999999999     
   275.81704054280169       -47.724389535065619       -270.74801452335163       -22.202142440715097        0.0000000000000000     
   82.368382927389845        6.0739374574550107       -16.089037683563838       -4.6459339085245794        80.419002445756163     
   203.01330303525765        37.925618673406731        198.31525980130201        21.144890339436611        0.0000000000000000     

 PASSED   1.0000000000000001E-005
 MU_R    =    325.00000000000000     
 ALPHA_S =   0.11799999999999999     
 BORN                    2.9469738859770423E-012
 SINGLE POLE (MadFKS)   -1.1266296314996570E-013
 DOUBLE POLE (MadFKS)   -3.1362169166621718E-013
 SINGLE POLE (MadLoop)  -1.1266296314998533E-013
 DOUBLE POLE (MadLoop)  -3.1362169166621723E-013
 FINITE PART (MadLoop)   2.9241038919732593E-013
   325.00000000000000        0.0000000000000000        0.0000000000000000        325.00000000000000        0.0000000000000000     
   325.00000000000000        0.0000000000000000        0.0000000000000000       -325.00000000000000        0.0000000000000000     
   221.82309567182486        127.37146619751464       -161.83015112390297       -82.400484405989104        1.7769999999999999     
   131.50437321569655       -112.60060747189969        1.2695679859314564        67.918271245236198        0.0000000000000000     
   144.41129229504975        14.930954112101938        64.609936944789169       -99.950127790055518        80.419002445756163     
   152.26123881742882       -29.701812837716908        95.950646193182351        114.43234095080842        0.0000000000000000     

 PASSED   1.0000000000000001E-005
 MU_R    =    325.00000000000000     
 ALPHA_S =   0.11799999999999999     
 BORN                    2.1108150069009066E-012
 SINGLE POLE (MadFKS)   -1.6622073104484019E-013
 DOUBLE POLE (MadFKS)   -2.2463632148515662E-013
 SINGLE POLE (MadLoop)  -1.6622073104483974E-013
 DOUBLE POLE (MadLoop)  -2.2463632148515518E-013
 FINITE PART (MadLoop)   1.7276683553874838E-013
   325.00000000000000        0.0000000000000000        0.0000000000000000        325.00000000000000        0.0000000000000000     
   325.00000000000000        0.0000000000000000        0.0000000000000000       -325.00000000000000        0.0000000000000000     
   252.58888715342928       -117.65264824312375        220.70138118877131       -35.309246482420058        1.7769999999999999     
   94.305555459937381        10.045565044493658       -74.708537615896617        56.667969972801494        0.0000000000000000     
   169.32351065859851       -25.405019337722624       -142.52767279855237       -35.265887007995531        80.419002445756163     
   133.78204672803480        133.01210253635273       -3.4651707743222819        13.907163517614087        0.0000000000000000     

 PASSED   1.0000000000000001E-005
 MU_R    =    325.00000000000000     
 ALPHA_S =   0.11799999999999999     
 BORN                    9.5940058949786242E-012
 SINGLE POLE (MadFKS)   -1.7942372724124265E-013
 DOUBLE POLE (MadFKS)   -1.0210095084168982E-012
 SINGLE POLE (MadLoop)  -1.7942372724155423E-013
 DOUBLE POLE (MadLoop)  -1.0210095084168992E-012
 FINITE PART (MadLoop)   4.3842659129287744E-013
   325.00000000000000        0.0000000000000000        0.0000000000000000        325.00000000000000        0.0000000000000000     
   325.00000000000000        0.0000000000000000        0.0000000000000000       -325.00000000000000        0.0000000000000000     
   151.68252995023536        16.814011050518484       -90.472121707886984       -120.56747649830935        1.7769999999999999     
   194.56792023775634       -143.82396040073678        126.38562988494819       -34.612375805166998        0.0000000000000000     
   95.721150160232554        7.4306866099957691       -49.287958649469196       -14.519113688496871        80.419002445756163     
   208.02839965177571        119.57926274022250        13.374450472407990        169.69896599197321        0.0000000000000000     

 PASSED   1.0000000000000001E-005
 MU_R    =    325.00000000000000     
 ALPHA_S =   0.11799999999999999     
 BORN                    8.8781311259576582E-011
 SINGLE POLE (MadFKS)   -9.8222788902112838E-012
 DOUBLE POLE (MadFKS)   -9.4482496631767881E-012
 SINGLE POLE (MadLoop)  -9.8222788902095729E-012
 DOUBLE POLE (MadLoop)  -9.4482496631767477E-012
 FINITE PART (MadLoop)   2.9536717829805638E-011
   325.00000000000000        0.0000000000000000        0.0000000000000000        325.00000000000000        0.0000000000000000     
   325.00000000000000        0.0000000000000000        0.0000000000000000       -325.00000000000000        0.0000000000000000     
   255.35423805108744        80.921249897070226       -83.235452794251572        227.43403411733104        1.7769999999999999     
   25.387971870690162        18.341482829798050       -17.163879413774914       -3.6797237369906548        0.0000000000000000     
   220.72516695728589        35.721682657755295        118.14468495973421       -164.37207237792873        80.419002445756163     
   148.53262312093656       -134.98441538462353       -17.745352751707724       -59.382238002411611        0.0000000000000000     

 PASSED   1.0000000000000001E-005
 MU_R    =    325.00000000000000     
 ALPHA_S =   0.11799999999999999     
 BORN                    1.0103292165282787E-011
 SINGLE POLE (MadFKS)   -4.7799597497500483E-013
 DOUBLE POLE (MadFKS)   -1.0752085708501288E-012
 SINGLE POLE (MadLoop)  -4.7799597409416804E-013
 DOUBLE POLE (MadLoop)  -1.0752085708501534E-012
 FINITE PART (MadLoop)   5.4123413991594110E-013
   325.00000000000000        0.0000000000000000        0.0000000000000000        325.00000000000000        0.0000000000000000     
   325.00000000000000        0.0000000000000000        0.0000000000000000       -325.00000000000000        0.0000000000000000     
   110.79346957683005        8.0946385514027472       -106.35938064556522        29.903079227495500        1.7769999999999999     
   149.55663706277801       -30.160630689309617        146.42127285188226        4.2819274147541355        0.0000000000000000     
   230.54950579124673        90.247600902752282       -155.72015904191693       -119.55108224301125        80.419002445756163     
   159.10038756914520       -68.181608764845407        115.65826683559989        85.366075600761604        0.0000000000000000     

 PASSED   1.0000000000000001E-005
 MU_R    =    325.00000000000000     
 ALPHA_S =   0.11799999999999999     
 BORN                    3.3912456834860346E-012
 SINGLE POLE (MadFKS)   -6.8952657834857841E-013
 DOUBLE POLE (MadFKS)   -3.6090180953810204E-013
 SINGLE POLE (MadLoop)  -6.8952657834984826E-013
 DOUBLE POLE (MadLoop)  -3.6090180953810401E-013
 FINITE PART (MadLoop)  -9.8755651305471698E-013
   325.00000000000000        0.0000000000000000        0.0000000000000000        325.00000000000000        0.0000000000000000     
   325.00000000000000        0.0000000000000000        0.0000000000000000       -325.00000000000000        0.0000000000000000     
   127.80916759200439        61.098956904771363       -34.269073411264479        106.88579729900189        1.7769999999999999     
   248.46350444605827        44.283507094226110        132.44168458233202       -205.50494939549776        0.0000000000000000     
   205.61468365071940       -61.323206147004392       -96.878417224796166        150.54640096091703        80.419002445756163     
   68.112644311218020       -44.059257851993017       -1.2941939462713916       -51.927248864421117        0.0000000000000000     

 PASSED   1.0000000000000001E-005
 MU_R    =    325.00000000000000     
 ALPHA_S =   0.11799999999999999     
 BORN                    2.3991933610986679E-012
 SINGLE POLE (MadFKS)   -5.9687743402413806E-014
 DOUBLE POLE (MadFKS)   -2.5532600886711191E-013
 SINGLE POLE (MadLoop)  -5.9687743400868042E-014
 DOUBLE POLE (MadLoop)  -2.5532600886728811E-013
 FINITE PART (MadLoop)  -2.4195516211539519E-013
   325.00000000000000        0.0000000000000000        0.0000000000000000        325.00000000000000        0.0000000000000000     
   325.00000000000000        0.0000000000000000        0.0000000000000000       -325.00000000000000        0.0000000000000000     
   173.31747038011511       -65.703013502819019       -151.50545169687143        52.583266660958181        1.7769999999999999     
   272.87413729660813        82.949917898332401        200.58283998906489       -165.36665391773903        0.0000000000000000     
   88.276815729457283       -15.990374625462822       -32.671420288933042       -1.5704956552854390        80.419002445756163     
   115.53157659381951       -1.2565297700505613       -16.405968003260426        114.35388291206624        0.0000000000000000     

 PASSED   1.0000000000000001E-005
 MU_R    =    325.00000000000000     
 ALPHA_S =   0.11799999999999999     
 BORN                    1.2531864512915446E-012
 SINGLE POLE (MadFKS)   -1.1902188865098495E-013
 DOUBLE POLE (MadFKS)   -1.3336611386257104E-013
 SINGLE POLE (MadLoop)  -1.1902188865099485E-013
 DOUBLE POLE (MadLoop)  -1.3336611386257129E-013
 FINITE PART (MadLoop)  -7.7982745431440566E-014
   325.00000000000000        0.0000000000000000        0.0000000000000000        325.00000000000000        0.0000000000000000     
   325.00000000000000        0.0000000000000000        0.0000000000000000       -325.00000000000000        0.0000000000000000     
   177.35399594678805        12.052402161339115        9.5090114406543655        176.67937189399385        1.7769999999999999     
   215.72005103024637       -45.621324647973708        113.87276284491112       -177.44528462577676        0.0000000000000000     
   188.25536122362897       -10.197764569499650       -167.51237347187268       -28.433701951617074        80.419002445756163     
   68.670591799336592        43.766687056134280        44.130599186307172        29.199614683399972        0.0000000000000000     

 PASSED   1.0000000000000001E-005
 MU_R    =    325.00000000000000     
 ALPHA_S =   0.11799999999999999     
 BORN                    1.7724685832274531E-009
 SINGLE POLE (MadFKS)   -4.0493506625737972E-011
 DOUBLE POLE (MadFKS)   -1.8862895193681657E-010
 SINGLE POLE (MadLoop)  -4.0493506625539533E-011
 DOUBLE POLE (MadLoop)  -1.8862895193654006E-010
 FINITE PART (MadLoop)   2.3153672282320538E-010
   325.00000000000000        0.0000000000000000        0.0000000000000000        325.00000000000000        0.0000000000000000     
   325.00000000000000        0.0000000000000000        0.0000000000000000       -325.00000000000000        0.0000000000000000     
   76.919115955651762        33.536887047319738       -41.078258150075726        55.688837166258516        1.7769999999999999     
   31.403969895737102       -17.655379444146146        6.5640524019848234       -25.127875317256372        0.0000000000000000     
   269.88821562728180        83.204290977954841       -180.76235881493542       -163.62899675370500        80.419002445756163     
   271.78869852132925       -99.085798581128444        215.27656456302634        133.06803490470281        0.0000000000000000     

 PASSED   1.0000000000000001E-005
 MU_R    =    325.00000000000000     
 ALPHA_S =   0.11799999999999999     
 BORN                    3.2310668851321621E-012
 SINGLE POLE (MadFKS)   -2.2738833910249250E-013
 DOUBLE POLE (MadFKS)   -3.4385532468533647E-013
 SINGLE POLE (MadLoop)  -2.2738833910248881E-013
 DOUBLE POLE (MadLoop)  -3.4385532468533668E-013
 FINITE PART (MadLoop)   2.3242370523412502E-013
   325.00000000000000        0.0000000000000000        0.0000000000000000        325.00000000000000        0.0000000000000000     
   325.00000000000000        0.0000000000000000        0.0000000000000000       -325.00000000000000        0.0000000000000000     
   106.67474140036477       -59.397312325952903       -26.997587114205647       -84.376728440363095        1.7769999999999999     
   144.14107771554112       -58.023346843762120        44.621323032158742        124.17277896908757        0.0000000000000000     
   255.24326255031141        218.07075731844031        81.686423143324305       -66.741143229407896        80.419002445756163     
   143.94091833378263       -100.65009814872528       -99.310159061277403        26.945092700683396        0.0000000000000000     

 PASSED   1.0000000000000001E-005
 MU_R    =    325.00000000000000     
 ALPHA_S =   0.11799999999999999     
 BORN                    1.4534827169445538E-010
 SINGLE POLE (MadFKS)   -8.0229455546353676E-012
 DOUBLE POLE (MadFKS)   -1.5468196398510999E-011
 SINGLE POLE (MadLoop)  -8.0229455546354258E-012
 DOUBLE POLE (MadLoop)  -1.5468196398510834E-011
 FINITE PART (MadLoop)   1.4753910828699335E-011
   325.00000000000000        0.0000000000000000        0.0000000000000000        325.00000000000000        0.0000000000000000     
   325.00000000000000        0.0000000000000000        0.0000000000000000       -325.00000000000000        0.0000000000000000     
   43.611152988664116        15.623805040714249        38.816753184987903        12.162702176167560        1.7769999999999999     
   214.09985262197577        203.41206776711434       -58.965958667855780        31.389381928279235        0.0000000000000000     
   172.52402772184166       -32.995588403797143        135.75313722788539       -61.479273464073970        80.419002445756163     
   219.76496666751845       -186.04028440403138       -115.60393174501752        17.927189359627175        0.0000000000000000     

 PASSED   1.0000000000000001E-005
 MU_R    =    325.00000000000000     
 ALPHA_S =   0.11799999999999999     
 BORN                    1.1775907521939810E-011
 SINGLE POLE (MadFKS)   -8.8158369103891421E-013
 DOUBLE POLE (MadFKS)   -1.2532109821228545E-012
 SINGLE POLE (MadLoop)  -8.8158369103886483E-013
 DOUBLE POLE (MadLoop)  -1.2532109821228583E-012
 FINITE PART (MadLoop)  -4.1569700676652876E-012
   325.00000000000000        0.0000000000000000        0.0000000000000000        325.00000000000000        0.0000000000000000     
   325.00000000000000        0.0000000000000000        0.0000000000000000       -325.00000000000000        0.0000000000000000     
   291.02607081822566        76.694511800292616        161.32800589838365       -229.74821553052550        1.7769999999999999     
   28.014590068865729        2.2112614656519498        9.9878214111554495        26.080088245939237        0.0000000000000000     
Thanks for using LHAPDF 6.2.1. Please make sure to cite the paper:
  Eur.Phys.J. C75 (2015) 3, 132  (http://arxiv.org/abs/1412.7420)
   250.97031180251648       -20.837801097171198       -183.28309081602308        149.97325134250408        80.419002445756163     
   79.989027310392132       -58.067972168773387        11.967263506483924        53.694875942082156        0.0000000000000000     

 PASSED   1.0000000000000001E-005
 MU_R    =    325.00000000000000     
 ALPHA_S =   0.11799999999999999     
 BORN                    6.0056169517415938E-011
 SINGLE POLE (MadFKS)   -1.2242986631759984E-012
 DOUBLE POLE (MadFKS)   -6.3912739670580915E-012
 SINGLE POLE (MadLoop)  -1.2242986631675069E-012
 DOUBLE POLE (MadLoop)  -6.3912739670580608E-012
 FINITE PART (MadLoop)   6.5085881876787776E-012
   325.00000000000000        0.0000000000000000        0.0000000000000000        325.00000000000000        0.0000000000000000     
   325.00000000000000        0.0000000000000000        0.0000000000000000       -325.00000000000000        0.0000000000000000     
   199.64198938093494        151.50396004567838       -84.387636689429556       -98.889044183001729        1.7769999999999999     
   43.657969936816862        10.454670467822078        42.088494829529331       -5.0276045387378661        0.0000000000000000     
   123.59742057403506        82.860494107485522        23.885796812961363       -37.050150405331003        80.419002445756163     
   283.10262010821333       -244.81912462098597        18.413345046938865        140.96679912707069        0.0000000000000000     

 NUMBER OF POINTS PASSING THE CHECK          20
 NUMBER OF POINTS FAILING THE CHECK           0
 TOLERANCE    1.0000000000000001E-005
