==== LHAPDF6 USING DEFAULT-TYPE LHAGLUE INTERFACE ====
LHAPDF 6.2.1 loading /cvmfs/cms.cern.ch/slc7_amd64_gcc700/external/lhapdf/6.2.1-pafccj3/share/LHAPDF/NNPDF31_nnlo_as_0118_nf_4_mc_hessian/NNPDF31_nnlo_as_0118_nf_4_mc_hessian_0000.dat
NNPDF31_nnlo_as_0118_nf_4_mc_hessian PDF set, member #0, version 1; LHAPDF ID = 325500
 A PDF is used, so alpha_s(MZ) is going to be modified
 Old value of alpha_s from param_card:   0.11799999999999999     
 New value of alpha_s from PDF lhapdf :  0.11266013434007299     
 *****************************************************
 *               MadGraph/MadEvent                   *
 *        --------------------------------           *
 *          http://madgraph.hep.uiuc.edu             *
 *          http://madgraph.phys.ucl.ac.be           *
 *          http://madgraph.roma2.infn.it            *
 *        --------------------------------           *
 *                                                   *
 *          PARAMETER AND COUPLING VALUES            *
 *                                                   *
 *****************************************************

  External Params
  ---------------------------------
  
 MU_R =    91.188000000000002     
 aEWM1 =    132.50700000000001     
 mdl_Gf =    1.1663900000000000E-005
 aS =   0.11799999999999999     
 mdl_ymb =    4.7000000000000002     
 mdl_ymt =    173.00000000000000     
 mdl_ymtau =    1.7769999999999999     
 mdl_MT =    173.00000000000000     
 mdl_MB =    4.7000000000000002     
 mdl_MZ =    91.188000000000002     
 mdl_MH =    125.00000000000000     
 mdl_MTA =    1.7769999999999999     
 mdl_WT =    1.4915000000000000     
 mdl_WZ =    2.4414039999999999     
 mdl_WW =    2.0476000000000001     
 mdl_WH =    6.3823389999999999E-003
  Internal Params
  ---------------------------------
  
 mdl_conjg__CKM3x3 =    1.0000000000000000     
 mdl_CKM22 =    1.0000000000000000     
 mdl_lhv =    1.0000000000000000     
 mdl_CKM3x3 =    1.0000000000000000     
 mdl_conjg__CKM22 =    1.0000000000000000     
 mdl_conjg__CKM33 =    1.0000000000000000     
 mdl_Ncol =    3.0000000000000000     
 mdl_CA =    3.0000000000000000     
 mdl_TF =   0.50000000000000000     
 mdl_CF =    1.3333333333333333     
 mdl_complexi =                (0.0000000000000000,1.0000000000000000)
 mdl_MZ__exp__2 =    8315.2513440000002     
 mdl_MZ__exp__4 =    69143404.913893804     
 mdl_sqrt__2 =    1.4142135623730951     
 mdl_MH__exp__2 =    15625.000000000000     
 mdl_Ncol__exp__2 =    9.0000000000000000     
 mdl_MB__exp__2 =    22.090000000000003     
 mdl_MT__exp__2 =    29929.000000000000     
 mdl_aEW =    7.5467711139788835E-003
 mdl_MW =    80.419002445756163     
 mdl_sqrt__aEW =    8.6872153846781555E-002
 mdl_ee =   0.30795376724436879     
 mdl_MW__exp__2 =    6467.2159543705357     
 mdl_sw2 =   0.22224648578577766     
 mdl_cw =   0.88190334743339216     
 mdl_sqrt__sw2 =   0.47143025548407230     
 mdl_sw =   0.47143025548407230     
 mdl_g1 =   0.34919219678733299     
 mdl_gw =   0.65323293034757990     
 mdl_v =    246.21845810181637     
 mdl_v__exp__2 =    60623.529110035903     
 mdl_lam =   0.12886910601690263     
 mdl_yb =    2.6995554250465490E-002
 mdl_yt =   0.99366614581500623     
 mdl_ytau =    1.0206617000654717E-002
 mdl_muH =    88.388347648318430     
 mdl_AxialZUp =  -0.18517701861793787     
 mdl_AxialZDown =   0.18517701861793787     
 mdl_VectorZUp =    7.5430507588273299E-002
 mdl_VectorZDown =  -0.13030376310310560     
 mdl_VectorAUp =   0.20530251149624587     
 mdl_VectorADown =  -0.10265125574812294     
 mdl_VectorWmDxU =   0.23095271737156670     
 mdl_AxialWmDxU =  -0.23095271737156670     
 mdl_VectorWpUxD =   0.23095271737156670     
 mdl_AxialWpUxD =  -0.23095271737156670     
 mdl_I1x33 =          (2.69955542504654901E-002,0.0000000000000000)
 mdl_I2x33 =               (0.99366614581500623,0.0000000000000000)
 mdl_I3x33 =               (0.99366614581500623,0.0000000000000000)
 mdl_I4x33 =          (2.69955542504654901E-002,0.0000000000000000)
 mdl_Vector_tbGp =              (-0.96667059156454072,0.0000000000000000)
 mdl_Axial_tbGp =              (-1.0206617000654716,-0.0000000000000000)
 mdl_Vector_tbGm =               (0.96667059156454072,0.0000000000000000)
 mdl_Axial_tbGm =              (-1.0206617000654716,-0.0000000000000000)
 mdl_gw__exp__2 =   0.42671326129048615     
 mdl_cw__exp__2 =   0.77775351421422245     
 mdl_ee__exp__2 =    9.4835522759998875E-002
 mdl_sw__exp__2 =   0.22224648578577769     
 mdl_yb__exp__2 =    7.2875994928982540E-004
 mdl_yt__exp__2 =   0.98737240933884918     
  Internal Params evaluated point by point
  ----------------------------------------
  
 mdl_sqrt__aS =   0.34351128074635334     
 mdl_G__exp__4 =    2.1987899468922913     
 mdl_G__exp__2 =    1.4828317324943823     
 mdl_R2MixedFactor_FIN_ =   -2.5040377713124864E-002
 mdl_G_UVg_1EPS_ =   -5.1645779033320030E-002
 mdl_G_UVq_1EPS_ =    3.1300472141406080E-003
 mdl_GWcft_UV_b_1EPS_ =   -3.1300472141406080E-003
 mdl_GWcft_UV_t_1EPS_ =   -3.1300472141406080E-003
 mdl_bWcft_UV_1EPS_ =   -1.8780283284843650E-002
 mdl_tWcft_UV_1EPS_ =   -1.8780283284843650E-002
 mdl_G__exp__3 =    1.8056676068262196     
 mdl_MU_R__exp__2 =    8315.2513440000002     
 mdl_G_UVb_FIN_ =    1.8563438626678915E-002
 mdl_G_UVt_FIN_ =   -4.0087659331150384E-003
 mdl_GWcft_UV_b_FIN_ =   -1.8563438626678915E-002
 mdl_GWcft_UV_t_FIN_ =    4.0087659331150384E-003
 mdl_bWcft_UV_FIN_ =  -0.13642100947319838     
 mdl_tWcft_UV_FIN_ =   -9.8778211443463623E-004
  Couplings of loop_sm
  ---------------------------------
  
      UV_GQQb =   0.00000E+00   0.22605E-01
      UV_GQQt =   0.00000E+00  -0.48815E-02
   UVWfct_G_2 =   0.40088E-02   0.00000E+00
   UVWfct_G_1 =  -0.18563E-01   0.00000E+00
       R2_DDA =   0.00000E+00   0.25704E-02
       R2_UUA =  -0.00000E+00  -0.51409E-02
    R2_UUZ_V2 =  -0.00000E+00  -0.72127E-02
    R2_UUZ_V5 =   0.00000E+00   0.68702E-03
      R2_sxcW =  -0.00000E+00  -0.11566E-01
      R2_GGHb =   0.00000E+00  -0.33698E-02
      R2_GGHt =   0.00000E+00  -0.45657E+01
     R2_GGZup =  -0.46369E-02   0.00000E+00
    R2_GGWWcs =   0.00000E+00   0.13356E-02
         GC_4 =  -0.12177E+01   0.00000E+00
         GC_5 =   0.00000E+00   0.12177E+01
       R2_GQQ =  -0.00000E+00  -0.30492E-01
       R2_QQq =   0.00000E+00   0.12520E-01
 UV_GQQg_1eps =   0.00000E+00  -0.62890E-01
 UV_GQQq_1eps =   0.00000E+00   0.38115E-02
 UVWfct_G_2_1eps -0.31300E-02   0.00000E+00
         GC_1 =  -0.00000E+00  -0.10265E+00
         GC_2 =   0.00000E+00   0.20530E+00
         GC_7 =   0.00000E+00   0.57609E+00
        GC_22 =   0.00000E+00   0.28804E+00
        GC_23 =  -0.00000E+00  -0.27437E-01
        GC_24 =   0.00000E+00   0.82310E-01
        GC_25 =   0.00000E+00   0.30795E+00
        GC_28 =   0.00000E+00   0.37035E+00
        GC_31 =   0.00000E+00   0.52532E+02
        GC_33 =  -0.00000E+00  -0.19089E-01
        GC_37 =  -0.00000E+00  -0.70263E+00
        GC_38 =  -0.00000E+00  -0.72172E-02
        GC_47 =   0.00000E+00   0.46191E+00

 Collider parameters:
 --------------------

 Running at P P   machine @    13000.000000000000       GeV
 PDF set = lhapdf 
 alpha_s(Mz)= 0.1127 running at 3 loops.
 alpha_s(Mz)= 0.1127 running at 3 loops.
 Renormalization scale set on event-by-event basis
 Factorization   scale set on event-by-event basis


 ===============================================================
 INFO: MadFKS read these parameters from FKS_params.dat
 ===============================================================
  > IRPoleCheckThreshold      =    1.0000000000000001E-005
  > PrecisionVirtualAtRunTime =    1.0000000000000000E-003
  > NHelForMCoverHels         =            4
  > VirtualFraction           =    1.0000000000000000     
  > MinVirtualFraction        =    5.0000000000000001E-003
 ===============================================================
  Insert the number of points to test
 Insert the relative tolerance
  A negative number will mean use the default one:    1.0000000000000001E-005
Using random seed offsets:     1 ,     28 ,      0
  with seed                   32
 Ranmar initialization seeds       10730        9434
  ========================================================================================== 
 {                                                                                          }
 {       [32m                                                                            [0m       }
 {       [32m                               ,,                                           [0m       }
 {       [32m`7MMM.     ,MMF'             `7MM  `7MMF'                                   [0m       }
 {       [32m  MMMb    dPMM                 MM    MM                                     [0m       }
 {       [32m  M YM   ,M MM   ,6"Yb.   ,M""bMM    MM         ,pW"Wq.   ,pW"Wq.`7MMpdMAo. [0m       }
 {       [32m  M  Mb  M' MM  8)   MM ,AP    MM    MM        6W'   `Wb 6W'   `Wb MM   `Wb [0m       }
 {       [32m  M  YM.P'  MM   ,pm9MM 8MI    MM    MM      , 8M     M8 8M     M8 MM    M8 [0m       }
 {       [32m  M  `YM'   MM  8M   MM `Mb    MM    MM     ,M YA.   ,A9 YA.   ,A9 MM   ,AP [0m       }
 {       [32m.JML. `'  .JMML.`Moo9^Yo.`Wbmd"MML..JMMmmmmMMM  `Ybmd9'   `Ybmd9'  MMbmmd'  [0m       }
 {       [32m                                                                   MM       [0m       }
 {       [32m                                                                 .JMML.     [0m       }
 {       [32m[0mv2.6.5 (2018-02-03), Ref: arXiv:1103.0621v2, arXiv:1405.0301[32m                [0m       }
 {       [32m                                                                            [0m       }
 {                                                                                          }
  ========================================================================================== 
 ===============================================================
 INFO: MadLoop read these parameters from ./MadLoop5_resources/MadLoopParams.dat                                                                                                                                                                                                                                                                                                                                                                                                                                                                                          
 ===============================================================
  > MLReductionLib            = 6|7|1
  > CTModeRun                 =           -1
  > MLStabThres               =    1.0000000000000000E-003
  > NRotations_DP             =            0
  > NRotations_QP             =            0
  > CTStabThres               =    1.0000000000000000E-002
  > CTLoopLibrary             =            2
  > CTModeInit                =            1
  > CheckCycle                =            3
  > MaxAttempts               =           10
  > UseLoopFilter             =  F
  > HelicityFilterLevel       =            2
  > ImprovePSPoint            =            2
  > DoubleCheckHelicityFilter =  T
  > LoopInitStartOver         =  F
  > HelInitStartOver          =  F
  > ZeroThres                 =    1.0000000000000001E-009
  > OSThres                   =    1.0000000000000000E-008
  > WriteOutFilters           =  T
  > UseQPIntegrandForNinja    =  T
  > UseQPIntegrandForCutTools =  T
  > IREGIMODE                 =            2
  > IREGIRECY                 =  T
  > COLLIERMode               =            1
  > COLLIERRequiredAccuracy   =    1.0000000000000000E-008
  > COLLIERCanOutput          =  F
  > COLLIERComputeUVpoles     =  T
  > COLLIERComputeIRpoles     =  T
  > COLLIERGlobalCache        =           -1
  > COLLIERUseCacheForPoles   =  F
  > COLLIERUseInternalStabilityTest =  T
 ===============================================================
  
------------------------------------------------------------------------
|              You are using CutTools - Version 1.9.3                  |
|              Authors: G. Ossola, C. Papadopoulos, R. Pittau          |
|              Published in JHEP 0803:042,2008                         |
|              http://www.ugr.es/~pittau/CutTools                      |
|                                                                      |
|              Compiler with  34  significant digits detetected        |
 ---------------------------------------------------------------------- 
   
########################################################################
#                                                                      #

  +----------------------------------------------------------------+
  |                                                                |
  |  Ninja - version 1.1.0                                         |
  |                                                                |
  |  Author: Tiziano Peraro                                        |
  |                                                                |
  |  Based on:                                                     |
  |                                                                |
  |      P. Mastrolia, E. Mirabella and T. Peraro,                 |
  |      "Integrand reduction of one-loop scattering amplitudes    |
  |      through Laurent series expansion,"                        |
  |      JHEP 1206 (2012) 095  [arXiv:1203.0291 [hep-ph]].         |
  |                                                                |
  |      T. Peraro,                                                |
  |      "Ninja: Automated Integrand Reduction via Laurent         |
  |      Expansion for One-Loop Amplitudes,"                       |
  |      Comput.Phys.Commun. 185 (2014) [arXiv:1403.1229 [hep-ph]] |
  |                                                                |
  +----------------------------------------------------------------+


#                      You are using OneLOop-3.6                       #
#                                                                      #
# for the evaluation of 1-loop scalar 1-, 2-, 3- and 4-point functions #
#                                                                      #
# author: Andreas van Hameren <hamerenREMOVETHIS@ifj.edu.pl>           #
#   date: 18-02-2015                                                   #
#                                                                      #
# Please cite                                                          #
#    A. van Hameren,                                                   #
#      Comput.Phys.Commun. 182 (2011) 2427-2438, arXiv:1007.4716       #
#    A. van Hameren, C.G. Papadopoulos and R. Pittau,                  #
#      JHEP 0909:106,2009, arXiv:0903.4665                             #
# in publications with results obtained with the help of this program. #
#                                                                      #
########################################################################
########################################################################
#                                                                      #
#                      You are using OneLOop-3.6                       #
#                                                                      #
# for the evaluation of 1-loop scalar 1-, 2-, 3- and 4-point functions #
#                                                                      #
# author: Andreas van Hameren <hamerenREMOVETHIS@ifj.edu.pl>           #
#   date: 18-02-2015                                                   #
#                                                                      #
# Please cite                                                          #
#    A. van Hameren,                                                   #
#      Comput.Phys.Commun. 182 (2011) 2427-2438, arXiv:1007.4716       #
#    A. van Hameren, C.G. Papadopoulos and R. Pittau,                  #
#      JHEP 0909:106,2009, arXiv:0903.4665                             #
# in publications with results obtained with the help of this program. #
#                                                                      #
########################################################################
 PASSED   1.0000000000000001E-005
 MU_R    =    325.00000000000000     
 ALPHA_S =   0.11799999999999999     
 BORN                    4.1327226376936124E-010
 SINGLE POLE (MadFKS)   -4.7239336373910363E-011
 DOUBLE POLE (MadFKS)   -4.3981097728357635E-011
 SINGLE POLE (MadLoop)  -4.7239336373900605E-011
 DOUBLE POLE (MadLoop)  -4.3981097728356769E-011
 FINITE PART (MadLoop)   6.5859481642396500E-011
   325.00000000000000        0.0000000000000000        0.0000000000000000        325.00000000000000        0.0000000000000000     
   325.00000000000000        0.0000000000000000        0.0000000000000000       -325.00000000000000        0.0000000000000000     
   153.20661117375616       -146.03233884301011       -2.4071001059204962        46.237104791140148        1.7769999999999999     
   115.19887460050539       -17.064379971381577       -66.228383772709918       -92.700533052782021        0.0000000000000000     
   131.75960818880250       -58.001912978348614       -44.228356887991588        74.652588257452507        80.419002445756163     
   249.83490603693593        221.09863179274029        112.86384076662206       -28.189159995810641        0.0000000000000000     

 PASSED   1.0000000000000001E-005
 MU_R    =    325.00000000000000     
 ALPHA_S =   0.11799999999999999     
 BORN                    2.9854940816194644E-010
 SINGLE POLE (MadFKS)   -5.9861174023523136E-011
 DOUBLE POLE (MadFKS)   -3.1772107272221345E-011
 SINGLE POLE (MadLoop)  -5.9861174023520486E-011
 DOUBLE POLE (MadLoop)  -3.1772107272221526E-011
 FINITE PART (MadLoop)   4.6111471092699746E-011
   325.00000000000000        0.0000000000000000        0.0000000000000000        325.00000000000000        0.0000000000000000     
   325.00000000000000        0.0000000000000000        0.0000000000000000       -325.00000000000000        0.0000000000000000     
   175.87343456357070        121.72305109211231        126.78148719639739        6.1855147953368448        1.7769999999999999     
   80.595386072690886       -29.469638087246395       0.97276095045972877       -75.008069054909484        0.0000000000000000     
   203.07759731977609       -163.14024316572616       -36.547423297603835       -82.600493272958687        80.419002445756163     
   190.45358204396226        70.886830160860299       -91.206824849253266        151.42304753253134        0.0000000000000000     

 PASSED   1.0000000000000001E-005
 MU_R    =    325.00000000000000     
 ALPHA_S =   0.11799999999999999     
 BORN                    2.1384921578343422E-011
 SINGLE POLE (MadFKS)   -3.7153770843206515E-012
 DOUBLE POLE (MadFKS)   -2.2758176831709129E-012
 SINGLE POLE (MadLoop)  -3.7153770843038082E-012
 DOUBLE POLE (MadLoop)  -2.2758176831708955E-012
 FINITE PART (MadLoop)   3.9948926628416778E-012
   325.00000000000000        0.0000000000000000        0.0000000000000000        325.00000000000000        0.0000000000000000     
   325.00000000000000        0.0000000000000000        0.0000000000000000       -325.00000000000000        0.0000000000000000     
   137.81044599963212        131.67764401497914       -26.056527472435981        31.154722601238831        1.7769999999999999     
   135.87228904131430       -127.36186755702620       -13.455301334444737       -45.378282115041159        0.0000000000000000     
   193.02040573139953        142.15401399659510        37.084895365936802       -95.951070419755823        80.419002445756163     
   183.29685922765410       -146.46979045454799        2.4269334409438543        110.17462993355814        0.0000000000000000     

 PASSED   1.0000000000000001E-005
 MU_R    =    325.00000000000000     
 ALPHA_S =   0.11799999999999999     
 BORN                    5.0744493209399453E-011
 SINGLE POLE (MadFKS)   -1.2622122134654584E-011
 DOUBLE POLE (MadFKS)   -5.4003104265039641E-012
 SINGLE POLE (MadLoop)  -1.2622122134670115E-011
 DOUBLE POLE (MadLoop)  -5.4003104265434062E-012
 FINITE PART (MadLoop)   2.7327640814654231E-012
   325.00000000000000        0.0000000000000000        0.0000000000000000        325.00000000000000        0.0000000000000000     
   325.00000000000000        0.0000000000000000        0.0000000000000000       -325.00000000000000        0.0000000000000000     
   202.71019607122975       -103.49334514260777        99.776268541269715       -142.90587674903341        1.7769999999999999     
   141.59520958634926       -8.5926213069111697       -137.12960083955463        34.217580429694358        0.0000000000000000     
   219.78166444074992        185.72865857513384        53.021030145965071        67.308244785597125        80.419002445756163     
   85.912929901671035       -73.642692125614914       -15.667697847680140        41.380051533741920        0.0000000000000000     

 PASSED   1.0000000000000001E-005
 MU_R    =    325.00000000000000     
 ALPHA_S =   0.11799999999999999     
 BORN                    4.0548939278946751E-011
 SINGLE POLE (MadFKS)   -4.7124809068181241E-012
 DOUBLE POLE (MadFKS)   -4.3152832104984144E-012
 SINGLE POLE (MadLoop)  -4.7124809068198810E-012
 DOUBLE POLE (MadLoop)  -4.3152832104984168E-012
 FINITE PART (MadLoop)   2.4164047435765035E-012
   325.00000000000000        0.0000000000000000        0.0000000000000000        325.00000000000000        0.0000000000000000     
   325.00000000000000        0.0000000000000000        0.0000000000000000       -325.00000000000000        0.0000000000000000     
   60.870292638350868       -41.328510219585873        1.9461157939120111       -44.611676422487740        1.7769999999999999     
   104.40638188539590       -57.126041246506730       -31.855979720996018        81.378772084106970        0.0000000000000000     
   232.98694131313479        4.1778659239563103       -195.21034271245193       -98.443722006474957        80.419002445756163     
   251.73638416311837        94.276685542136264        225.12020663953601        61.676626344855656        0.0000000000000000     

 PASSED   1.0000000000000001E-005
 MU_R    =    325.00000000000000     
 ALPHA_S =   0.11799999999999999     
 BORN                    1.7293027409920934E-010
 SINGLE POLE (MadFKS)   -3.2907298688568894E-011
 DOUBLE POLE (MadFKS)   -1.8403517371283265E-011
 SINGLE POLE (MadLoop)  -3.2907298688582963E-011
 DOUBLE POLE (MadLoop)  -1.8403517371283518E-011
 FINITE PART (MadLoop)   3.2727684277718123E-011
   325.00000000000000        0.0000000000000000        0.0000000000000000        325.00000000000000        0.0000000000000000     
   325.00000000000000        0.0000000000000000        0.0000000000000000       -325.00000000000000        0.0000000000000000     
   180.63077031792560       -23.662262483653404        65.743623497305691       -166.55987139838453        1.7769999999999999     
   106.92180435349668        50.981057544234368       -93.975215014963553       -1.3649105356225881        0.0000000000000000     
   234.78442331538770       -54.320143138896796        151.79086275834237        150.55020926460531        80.419002445756163     
   127.66300201319001        27.001348078315928       -123.55927124068454        17.374572669401822        0.0000000000000000     

 PASSED   1.0000000000000001E-005
 MU_R    =    325.00000000000000     
 ALPHA_S =   0.11799999999999999     
 BORN                    1.7715241230305380E-010
 SINGLE POLE (MadFKS)   -2.7147810591002172E-011
 DOUBLE POLE (MadFKS)   -1.8852844096653704E-011
 SINGLE POLE (MadLoop)  -2.7147810591001946E-011
 DOUBLE POLE (MadLoop)  -1.8852844096653723E-011
 FINITE PART (MadLoop)   3.5043510962955725E-011
   325.00000000000000        0.0000000000000000        0.0000000000000000        325.00000000000000        0.0000000000000000     
   325.00000000000000        0.0000000000000000        0.0000000000000000       -325.00000000000000        0.0000000000000000     
   67.486153369910895        39.485369260552105       -15.965137091205492        52.318669513702268        1.7769999999999999     
   283.09392094660990       -199.56637776495995        179.58620828938578       -89.801017449358895        0.0000000000000000     
   122.00110317811219        65.795968870142204       -15.353074963520363        62.066309636626841        80.419002445756163     
   177.41882250536705        94.285039634265615       -148.26799623465993       -24.583961700970239        0.0000000000000000     

 PASSED   1.0000000000000001E-005
 MU_R    =    325.00000000000000     
 ALPHA_S =   0.11799999999999999     
 BORN                    6.4338493051935632E-008
 SINGLE POLE (MadFKS)   -1.0864314743416237E-008
 DOUBLE POLE (MadFKS)   -6.8470057119333436E-009
 SINGLE POLE (MadLoop)  -1.0864314743415499E-008
 DOUBLE POLE (MadLoop)  -6.8470057119333594E-009
 FINITE PART (MadLoop)   1.2861162781320115E-008
   325.00000000000000        0.0000000000000000        0.0000000000000000        325.00000000000000        0.0000000000000000     
   325.00000000000000        0.0000000000000000        0.0000000000000000       -325.00000000000000        0.0000000000000000     
   46.981400751473110        35.219910459374042       -22.799752088076371        21.067118918505475        1.7769999999999999     
   71.171818461847565       -59.825191131787307       -35.774371440644096        14.372494468189249        0.0000000000000000     
   249.12351611692057        91.941636237870810       -78.776421235974169        202.32726289663103        80.419002445756163     
   282.72326466975875       -67.336355565457566        137.35054476469463       -237.76687628332573        0.0000000000000000     

 PASSED   1.0000000000000001E-005
 MU_R    =    325.00000000000000     
 ALPHA_S =   0.11799999999999999     
 BORN                    2.3412334250170048E-009
 SINGLE POLE (MadFKS)   -8.8999833046619200E-010
 DOUBLE POLE (MadFKS)   -2.4915781942732989E-010
 SINGLE POLE (MadLoop)  -8.8999833046624369E-010
 DOUBLE POLE (MadLoop)  -2.4915781942731164E-010
 FINITE PART (MadLoop)  -9.5456892516603460E-010
   325.00000000000000        0.0000000000000000        0.0000000000000000        325.00000000000000        0.0000000000000000     
   325.00000000000000        0.0000000000000000        0.0000000000000000       -325.00000000000000        0.0000000000000000     
   201.79107297762548        200.93928131515855        14.242991802927696        11.705631700619360        1.7769999999999999     
   111.31335037159626       -38.396579121756261        62.955089039504301       -83.384779466786014        0.0000000000000000     
   221.66418702696373       -185.78589758969073       -80.367667104345827       -41.139205108414728        80.419002445756163     
   115.23138962381448        23.243195396288154        3.1695862619137118        112.81835287458141        0.0000000000000000     

 PASSED   1.0000000000000001E-005
 MU_R    =    325.00000000000000     
 ALPHA_S =   0.11799999999999999     
 BORN                    4.0563504327425368E-009
 SINGLE POLE (MadFKS)   -6.5553131809714948E-010
 DOUBLE POLE (MadFKS)   -4.3168332463385013E-010
 SINGLE POLE (MadLoop)  -6.5553131809712394E-010
 DOUBLE POLE (MadLoop)  -4.3168332463384512E-010
 FINITE PART (MadLoop)   7.8929684217917934E-010
   325.00000000000000        0.0000000000000000        0.0000000000000000        325.00000000000000        0.0000000000000000     
   325.00000000000000        0.0000000000000000        0.0000000000000000       -325.00000000000000        0.0000000000000000     
   198.35778637090698        170.14386606118310       -38.988357850409322        94.199928231655250        1.7769999999999999     
   56.944583032494755       -17.128266249635672       -23.433668310169686        48.991542347176946        0.0000000000000000     
   116.19567118745583        2.9789938272159220        14.661431001561951        82.525063375296256        80.419002445756163     
   278.50195940914244       -155.99459363876338        47.760595159017058       -225.71653395412844        0.0000000000000000     

 PASSED   1.0000000000000001E-005
 MU_R    =    325.00000000000000     
 ALPHA_S =   0.11799999999999999     
 BORN                    3.8105121290327398E-010
 SINGLE POLE (MadFKS)   -1.4572159171180547E-010
 DOUBLE POLE (MadFKS)   -4.0552081771354940E-011
 SINGLE POLE (MadLoop)  -1.4572159171184246E-010
 DOUBLE POLE (MadLoop)  -4.0552081771355871E-011
 FINITE PART (MadLoop)  -1.8780675603769621E-010
   325.00000000000000        0.0000000000000000        0.0000000000000000        325.00000000000000        0.0000000000000000     
   325.00000000000000        0.0000000000000000        0.0000000000000000       -325.00000000000000        0.0000000000000000     
   164.83280530121624       -94.637744372655703        126.45878327735362       -47.101692607971643        1.7769999999999999     
   285.42286045352711        206.04463486273301       -148.83336440637282        129.84778532280168        0.0000000000000000     
   175.76223146903089       -134.08522190026113        26.138729539389995       -75.914861144752194        80.419002445756163     
   23.982102776225805        22.678331410183851       -3.7641484103707552       -6.8312315700779056        0.0000000000000000     

 PASSED   1.0000000000000001E-005
 MU_R    =    325.00000000000000     
 ALPHA_S =   0.11799999999999999     
 BORN                    2.2455788170616710E-010
 SINGLE POLE (MadFKS)   -6.3590772532409221E-011
 DOUBLE POLE (MadFKS)   -2.3897810249621953E-011
 SINGLE POLE (MadLoop)  -6.3590772532396581E-011
 DOUBLE POLE (MadLoop)  -2.3897810249622415E-011
 FINITE PART (MadLoop)  -7.6089294495478853E-012
   325.00000000000000        0.0000000000000000        0.0000000000000000        325.00000000000000        0.0000000000000000     
   325.00000000000000        0.0000000000000000        0.0000000000000000       -325.00000000000000        0.0000000000000000     
   198.16636421718368        69.612899292250646        95.070253094039217        159.31867877565327        1.7769999999999999     
   251.33458553321773       -57.612141527458547       -216.93541769736558       -113.08819382342222        0.0000000000000000     
   137.74935919393701       -59.477015342462821        93.194800417691852       -16.878501859725699        80.419002445756163     
   62.749691055661607        47.476257577670765        28.670364185634593       -29.351983092505346        0.0000000000000000     

 PASSED   1.0000000000000001E-005
 MU_R    =    325.00000000000000     
 ALPHA_S =   0.11799999999999999     
 BORN                    3.1158298034378811E-010
 SINGLE POLE (MadFKS)   -4.2361299920963400E-011
 DOUBLE POLE (MadFKS)   -3.3159160946355863E-011
 SINGLE POLE (MadLoop)  -4.2361299920981288E-011
 DOUBLE POLE (MadLoop)  -3.3159160946368774E-011
 FINITE PART (MadLoop)   5.9431210425602477E-011
   325.00000000000000        0.0000000000000000        0.0000000000000000        325.00000000000000        0.0000000000000000     
   325.00000000000000        0.0000000000000000        0.0000000000000000       -325.00000000000000        0.0000000000000000     
   76.975755506346431       -74.142155365549371        20.616719786136986        2.9492091652825670E-002   1.7769999999999999     
   106.83912994800704        19.575276288677149        31.433680442529923       -100.21642570011169        0.0000000000000000     
   253.96011734229342       -41.319330903039216       -233.07029676680517        44.715488422910468        80.419002445756163     
   212.22499720335315        95.886209979911442        181.01989653813825        55.471445185548376        0.0000000000000000     

 PASSED   1.0000000000000001E-005
 MU_R    =    325.00000000000000     
 ALPHA_S =   0.11799999999999999     
 BORN                    1.3380652402519301E-010
 SINGLE POLE (MadFKS)   -2.7382083000000046E-011
 DOUBLE POLE (MadFKS)   -1.4239905083802388E-011
 SINGLE POLE (MadLoop)  -2.7382083000000097E-011
 DOUBLE POLE (MadLoop)  -1.4239905083802409E-011
 FINITE PART (MadLoop)   1.9112914567601935E-011
   325.00000000000000        0.0000000000000000        0.0000000000000000        325.00000000000000        0.0000000000000000     
   325.00000000000000        0.0000000000000000        0.0000000000000000       -325.00000000000000        0.0000000000000000     
   246.91625067684166       -234.78725146199690       -48.673322491236789        58.909518313206533        1.7769999999999999     
   125.36329391526591        65.416769147518309        96.449135469496312       -46.197034999796237        0.0000000000000000     
   164.34722025228200        131.28458081090943        56.863414931421552        8.5850878808739992        80.419002445756163     
   113.37323515561047        38.085901503569140       -104.63922790968107       -21.297571194284266        0.0000000000000000     

 PASSED   1.0000000000000001E-005
 MU_R    =    325.00000000000000     
 ALPHA_S =   0.11799999999999999     
 BORN                    4.9540438202395714E-011
 SINGLE POLE (MadFKS)   -7.2485726932973604E-012
 DOUBLE POLE (MadFKS)   -5.2721729598122642E-012
 SINGLE POLE (MadLoop)  -7.2485726932975429E-012
 DOUBLE POLE (MadLoop)  -5.2721729598123046E-012
 FINITE PART (MadLoop)   7.5030299369622823E-012
   325.00000000000000        0.0000000000000000        0.0000000000000000        325.00000000000000        0.0000000000000000     
   325.00000000000000        0.0000000000000000        0.0000000000000000       -325.00000000000000        0.0000000000000000     
   179.16799401763078        163.56830819831171        54.560401801898379        48.647543202707276        1.7769999999999999     
   51.879512055393491       -6.6334199323760865        8.7019172247790202        50.712504845644979        0.0000000000000000     
   227.60473831698155        3.0007619568071222       -159.87506869955263       -140.59750632910593        80.419002445756163     
   191.34775560999421       -159.93565022274274        96.612749672875253        41.237458280753664        0.0000000000000000     

 PASSED   1.0000000000000001E-005
 MU_R    =    325.00000000000000     
 ALPHA_S =   0.11799999999999999     
 BORN                    2.4682124881555741E-010
 SINGLE POLE (MadFKS)   -9.7622045439968197E-011
 DOUBLE POLE (MadFKS)   -2.6267113516358606E-011
 SINGLE POLE (MadLoop)  -9.7622045440072732E-011
 DOUBLE POLE (MadLoop)  -2.6267113516358903E-011
 FINITE PART (MadLoop)  -1.4171958250602974E-010
   325.00000000000000        0.0000000000000000        0.0000000000000000        325.00000000000000        0.0000000000000000     
   325.00000000000000        0.0000000000000000        0.0000000000000000       -325.00000000000000        0.0000000000000000     
   176.52520196665759       -106.28362613970290       -28.410736748102163       -138.03843686595096        1.7769999999999999     
   215.85517035909973       -27.872978984909036        195.70310880158715        86.699739438229756        0.0000000000000000     
   233.53616101926275        150.37491295992831       -154.80939487550057        38.644008071365725        80.419002445756163     
   24.083466654979855       -16.218307835316338       -12.482977177984354        12.694689356355475        0.0000000000000000     

 PASSED   1.0000000000000001E-005
 MU_R    =    325.00000000000000     
 ALPHA_S =   0.11799999999999999     
 BORN                    4.6580594691530556E-011
 SINGLE POLE (MadFKS)   -7.7304195815286339E-012
 DOUBLE POLE (MadFKS)   -4.9571816620060926E-012
 SINGLE POLE (MadLoop)  -7.7304195815270797E-012
 DOUBLE POLE (MadLoop)  -4.9571816620060627E-012
 FINITE PART (MadLoop)   8.4813116392561651E-012
   325.00000000000000        0.0000000000000000        0.0000000000000000        325.00000000000000        0.0000000000000000     
   325.00000000000000        0.0000000000000000        0.0000000000000000       -325.00000000000000        0.0000000000000000     
   17.749483469715866      -0.18065997849175708        14.249587911896235       -10.430869606846246        1.7769999999999999     
   216.91188848994420       -37.065848018750216       -201.07220208560159        72.435211239920505        0.0000000000000000     
   248.54214447297090       -118.22386317004867        165.23621961876657       -118.43180116886231        80.419002445756163     
   166.79648356736897        155.47037116729058        21.586394554938753        56.427459535788046        0.0000000000000000     

 PASSED   1.0000000000000001E-005
 MU_R    =    325.00000000000000     
 ALPHA_S =   0.11799999999999999     
 BORN                    1.3061481196354466E-010
 SINGLE POLE (MadFKS)   -3.3414743703341350E-011
 DOUBLE POLE (MadFKS)   -1.3900237962607740E-011
 SINGLE POLE (MadLoop)  -3.3414743703369584E-011
 DOUBLE POLE (MadLoop)  -1.3900237962608351E-011
 FINITE PART (MadLoop)   5.7831026500809015E-012
   325.00000000000000        0.0000000000000000        0.0000000000000000        325.00000000000000        0.0000000000000000     
   325.00000000000000        0.0000000000000000        0.0000000000000000       -325.00000000000000        0.0000000000000000     
   225.97773611340133        135.41036967009362        175.47629517925739        43.987283456798885        1.7769999999999999     
   248.22678377855846       -141.97981528342228       -203.58022266054363       -3.6552946004321694        0.0000000000000000     
   105.09013672909542       -54.338757557984017       -7.7960130548197188       -39.537861485835961        80.419002445756163     
   70.705343378944832        60.908203171312863        35.899940536105959      -0.79412737053080040        0.0000000000000000     

 PASSED   1.0000000000000001E-005
 MU_R    =    325.00000000000000     
 ALPHA_S =   0.11799999999999999     
 BORN                    1.7908317549031839E-010
 SINGLE POLE (MadFKS)   -3.3555075650651131E-011
 DOUBLE POLE (MadFKS)   -1.9058319014459439E-011
 SINGLE POLE (MadLoop)  -3.3555075650673387E-011
 DOUBLE POLE (MadLoop)  -1.9058319014455623E-011
 FINITE PART (MadLoop)   9.6978692191479360E-012
   325.00000000000000        0.0000000000000000        0.0000000000000000        325.00000000000000        0.0000000000000000     
   325.00000000000000        0.0000000000000000        0.0000000000000000       -325.00000000000000        0.0000000000000000     
   102.35399537572236       -20.024258024290159        49.015309615279101        87.576887100812058        1.7769999999999999     
   77.440009478648975       -54.451239900514160        43.073574749512396        34.302838069875001        0.0000000000000000     
Thanks for using LHAPDF 6.2.1. Please make sure to cite the paper:
  Eur.Phys.J. C75 (2015) 3, 132  (http://arxiv.org/abs/1412.7420)
   318.72480496101275        76.832504417180914       -221.86388093700916       -199.97867372201870        80.419002445756163     
   151.48119018461583       -2.3570064923766281        129.77499657221765        78.098948551331631        0.0000000000000000     

 PASSED   1.0000000000000001E-005
 MU_R    =    325.00000000000000     
 ALPHA_S =   0.11799999999999999     
 BORN                    4.4506600590943967E-010
 SINGLE POLE (MadFKS)   -4.7148219804989133E-011
 DOUBLE POLE (MadFKS)   -4.7364638804787987E-011
 SINGLE POLE (MadLoop)  -4.7148219804993793E-011
 DOUBLE POLE (MadLoop)  -4.7364638804788162E-011
 FINITE PART (MadLoop)   6.6585609524213194E-011
   325.00000000000000        0.0000000000000000        0.0000000000000000        325.00000000000000        0.0000000000000000     
   325.00000000000000        0.0000000000000000        0.0000000000000000       -325.00000000000000        0.0000000000000000     
   7.0416776201161060       -6.0573083179368306       -3.0979577575491954      -0.37305278384980090        1.7769999999999999     
   142.01457778323461        50.447570284634104       -108.45381379927312       -76.556862708185051        0.0000000000000000     
   228.53007003649202       -173.55671303204028       -122.56119592976688        24.811238789965536        80.419002445756163     
   272.41367456015723        129.16645106534298        234.11296748658918        52.118676702069322        0.0000000000000000     

 NUMBER OF POINTS PASSING THE CHECK          20
 NUMBER OF POINTS FAILING THE CHECK           0
 TOLERANCE    1.0000000000000001E-005
