==== LHAPDF6 USING DEFAULT-TYPE LHAGLUE INTERFACE ====
LHAPDF 6.2.1 loading /cvmfs/cms.cern.ch/slc7_amd64_gcc700/external/lhapdf/6.2.1-pafccj3/share/LHAPDF/NNPDF31_nnlo_as_0118_nf_4_mc_hessian/NNPDF31_nnlo_as_0118_nf_4_mc_hessian_0000.dat
NNPDF31_nnlo_as_0118_nf_4_mc_hessian PDF set, member #0, version 1; LHAPDF ID = 325500
 A PDF is used, so alpha_s(MZ) is going to be modified
 Old value of alpha_s from param_card:   0.11799999999999999     
 New value of alpha_s from PDF lhapdf :  0.11266013434007299     
 *****************************************************
 *               MadGraph/MadEvent                   *
 *        --------------------------------           *
 *          http://madgraph.hep.uiuc.edu             *
 *          http://madgraph.phys.ucl.ac.be           *
 *          http://madgraph.roma2.infn.it            *
 *        --------------------------------           *
 *                                                   *
 *          PARAMETER AND COUPLING VALUES            *
 *                                                   *
 *****************************************************

  External Params
  ---------------------------------
  
 MU_R =    91.188000000000002     
 aEWM1 =    132.50700000000001     
 mdl_Gf =    1.1663900000000000E-005
 aS =   0.11799999999999999     
 mdl_ymb =    4.7000000000000002     
 mdl_ymt =    173.00000000000000     
 mdl_ymtau =    1.7769999999999999     
 mdl_MT =    173.00000000000000     
 mdl_MB =    4.7000000000000002     
 mdl_MZ =    91.188000000000002     
 mdl_MH =    125.00000000000000     
 mdl_MTA =    1.7769999999999999     
 mdl_WT =    1.4915000000000000     
 mdl_WZ =    2.4414039999999999     
 mdl_WW =    2.0476000000000001     
 mdl_WH =    6.3823389999999999E-003
  Internal Params
  ---------------------------------
  
 mdl_conjg__CKM3x3 =    1.0000000000000000     
 mdl_CKM22 =    1.0000000000000000     
 mdl_lhv =    1.0000000000000000     
 mdl_CKM3x3 =    1.0000000000000000     
 mdl_conjg__CKM22 =    1.0000000000000000     
 mdl_conjg__CKM33 =    1.0000000000000000     
 mdl_Ncol =    3.0000000000000000     
 mdl_CA =    3.0000000000000000     
 mdl_TF =   0.50000000000000000     
 mdl_CF =    1.3333333333333333     
 mdl_complexi =                (0.0000000000000000,1.0000000000000000)
 mdl_MZ__exp__2 =    8315.2513440000002     
 mdl_MZ__exp__4 =    69143404.913893804     
 mdl_sqrt__2 =    1.4142135623730951     
 mdl_MH__exp__2 =    15625.000000000000     
 mdl_Ncol__exp__2 =    9.0000000000000000     
 mdl_MB__exp__2 =    22.090000000000003     
 mdl_MT__exp__2 =    29929.000000000000     
 mdl_aEW =    7.5467711139788835E-003
 mdl_MW =    80.419002445756163     
 mdl_sqrt__aEW =    8.6872153846781555E-002
 mdl_ee =   0.30795376724436879     
 mdl_MW__exp__2 =    6467.2159543705357     
 mdl_sw2 =   0.22224648578577766     
 mdl_cw =   0.88190334743339216     
 mdl_sqrt__sw2 =   0.47143025548407230     
 mdl_sw =   0.47143025548407230     
 mdl_g1 =   0.34919219678733299     
 mdl_gw =   0.65323293034757990     
 mdl_v =    246.21845810181637     
 mdl_v__exp__2 =    60623.529110035903     
 mdl_lam =   0.12886910601690263     
 mdl_yb =    2.6995554250465490E-002
 mdl_yt =   0.99366614581500623     
 mdl_ytau =    1.0206617000654717E-002
 mdl_muH =    88.388347648318430     
 mdl_AxialZUp =  -0.18517701861793787     
 mdl_AxialZDown =   0.18517701861793787     
 mdl_VectorZUp =    7.5430507588273299E-002
 mdl_VectorZDown =  -0.13030376310310560     
 mdl_VectorAUp =   0.20530251149624587     
 mdl_VectorADown =  -0.10265125574812294     
 mdl_VectorWmDxU =   0.23095271737156670     
 mdl_AxialWmDxU =  -0.23095271737156670     
 mdl_VectorWpUxD =   0.23095271737156670     
 mdl_AxialWpUxD =  -0.23095271737156670     
 mdl_I1x33 =          (2.69955542504654901E-002,0.0000000000000000)
 mdl_I2x33 =               (0.99366614581500623,0.0000000000000000)
 mdl_I3x33 =               (0.99366614581500623,0.0000000000000000)
 mdl_I4x33 =          (2.69955542504654901E-002,0.0000000000000000)
 mdl_Vector_tbGp =              (-0.96667059156454072,0.0000000000000000)
 mdl_Axial_tbGp =              (-1.0206617000654716,-0.0000000000000000)
 mdl_Vector_tbGm =               (0.96667059156454072,0.0000000000000000)
 mdl_Axial_tbGm =              (-1.0206617000654716,-0.0000000000000000)
 mdl_gw__exp__2 =   0.42671326129048615     
 mdl_cw__exp__2 =   0.77775351421422245     
 mdl_ee__exp__2 =    9.4835522759998875E-002
 mdl_sw__exp__2 =   0.22224648578577769     
 mdl_yb__exp__2 =    7.2875994928982540E-004
 mdl_yt__exp__2 =   0.98737240933884918     
  Internal Params evaluated point by point
  ----------------------------------------
  
 mdl_sqrt__aS =   0.34351128074635334     
 mdl_G__exp__4 =    2.1987899468922913     
 mdl_G__exp__2 =    1.4828317324943823     
 mdl_R2MixedFactor_FIN_ =   -2.5040377713124864E-002
 mdl_G_UVg_1EPS_ =   -5.1645779033320030E-002
 mdl_G_UVq_1EPS_ =    3.1300472141406080E-003
 mdl_GWcft_UV_b_1EPS_ =   -3.1300472141406080E-003
 mdl_GWcft_UV_t_1EPS_ =   -3.1300472141406080E-003
 mdl_bWcft_UV_1EPS_ =   -1.8780283284843650E-002
 mdl_tWcft_UV_1EPS_ =   -1.8780283284843650E-002
 mdl_G__exp__3 =    1.8056676068262196     
 mdl_MU_R__exp__2 =    8315.2513440000002     
 mdl_G_UVb_FIN_ =    1.8563438626678915E-002
 mdl_G_UVt_FIN_ =   -4.0087659331150384E-003
 mdl_GWcft_UV_b_FIN_ =   -1.8563438626678915E-002
 mdl_GWcft_UV_t_FIN_ =    4.0087659331150384E-003
 mdl_bWcft_UV_FIN_ =  -0.13642100947319838     
 mdl_tWcft_UV_FIN_ =   -9.8778211443463623E-004
  Couplings of loop_sm
  ---------------------------------
  
      UV_GQQb =   0.00000E+00   0.22605E-01
      UV_GQQt =   0.00000E+00  -0.48815E-02
   UVWfct_G_2 =   0.40088E-02   0.00000E+00
   UVWfct_G_1 =  -0.18563E-01   0.00000E+00
       R2_DDA =   0.00000E+00   0.25704E-02
       R2_UUA =  -0.00000E+00  -0.51409E-02
    R2_UUZ_V2 =  -0.00000E+00  -0.72127E-02
    R2_UUZ_V5 =   0.00000E+00   0.68702E-03
      R2_sxcW =  -0.00000E+00  -0.11566E-01
      R2_GGHb =   0.00000E+00  -0.33698E-02
      R2_GGHt =   0.00000E+00  -0.45657E+01
     R2_GGZup =  -0.46369E-02   0.00000E+00
    R2_GGWWcs =   0.00000E+00   0.13356E-02
         GC_4 =  -0.12177E+01   0.00000E+00
         GC_5 =   0.00000E+00   0.12177E+01
       R2_GQQ =  -0.00000E+00  -0.30492E-01
       R2_QQq =   0.00000E+00   0.12520E-01
 UV_GQQg_1eps =   0.00000E+00  -0.62890E-01
 UV_GQQq_1eps =   0.00000E+00   0.38115E-02
 UVWfct_G_2_1eps -0.31300E-02   0.00000E+00
         GC_1 =  -0.00000E+00  -0.10265E+00
         GC_2 =   0.00000E+00   0.20530E+00
         GC_7 =   0.00000E+00   0.57609E+00
        GC_22 =   0.00000E+00   0.28804E+00
        GC_23 =  -0.00000E+00  -0.27437E-01
        GC_24 =   0.00000E+00   0.82310E-01
        GC_25 =   0.00000E+00   0.30795E+00
        GC_28 =   0.00000E+00   0.37035E+00
        GC_31 =   0.00000E+00   0.52532E+02
        GC_33 =  -0.00000E+00  -0.19089E-01
        GC_37 =  -0.00000E+00  -0.70263E+00
        GC_38 =  -0.00000E+00  -0.72172E-02
        GC_47 =   0.00000E+00   0.46191E+00

 Collider parameters:
 --------------------

 Running at P P   machine @    13000.000000000000       GeV
 PDF set = lhapdf 
 alpha_s(Mz)= 0.1127 running at 3 loops.
 alpha_s(Mz)= 0.1127 running at 3 loops.
 Renormalization scale set on event-by-event basis
 Factorization   scale set on event-by-event basis


 ===============================================================
 INFO: MadFKS read these parameters from FKS_params.dat
 ===============================================================
  > IRPoleCheckThreshold      =    1.0000000000000001E-005
  > PrecisionVirtualAtRunTime =    1.0000000000000000E-003
  > NHelForMCoverHels         =            4
  > VirtualFraction           =    1.0000000000000000     
  > MinVirtualFraction        =    5.0000000000000001E-003
 ===============================================================
  Insert the number of points to test
 Insert the relative tolerance
  A negative number will mean use the default one:    1.0000000000000001E-005
Using random seed offsets:     1 ,      2 ,      0
  with seed                   32
 Ranmar initialization seeds       10730        9408
  ========================================================================================== 
 {                                                                                          }
 {       [32m                                                                            [0m       }
 {       [32m                               ,,                                           [0m       }
 {       [32m`7MMM.     ,MMF'             `7MM  `7MMF'                                   [0m       }
 {       [32m  MMMb    dPMM                 MM    MM                                     [0m       }
 {       [32m  M YM   ,M MM   ,6"Yb.   ,M""bMM    MM         ,pW"Wq.   ,pW"Wq.`7MMpdMAo. [0m       }
 {       [32m  M  Mb  M' MM  8)   MM ,AP    MM    MM        6W'   `Wb 6W'   `Wb MM   `Wb [0m       }
 {       [32m  M  YM.P'  MM   ,pm9MM 8MI    MM    MM      , 8M     M8 8M     M8 MM    M8 [0m       }
 {       [32m  M  `YM'   MM  8M   MM `Mb    MM    MM     ,M YA.   ,A9 YA.   ,A9 MM   ,AP [0m       }
 {       [32m.JML. `'  .JMML.`Moo9^Yo.`Wbmd"MML..JMMmmmmMMM  `Ybmd9'   `Ybmd9'  MMbmmd'  [0m       }
 {       [32m                                                                   MM       [0m       }
 {       [32m                                                                 .JMML.     [0m       }
 {       [32m[0mv2.6.5 (2018-02-03), Ref: arXiv:1103.0621v2, arXiv:1405.0301[32m                [0m       }
 {       [32m                                                                            [0m       }
 {                                                                                          }
  ========================================================================================== 
 ===============================================================
 INFO: MadLoop read these parameters from ./MadLoop5_resources/MadLoopParams.dat                                                                                                                                                                                                                                                                                                                                                                                                                                                                                          
 ===============================================================
  > MLReductionLib            = 6|7|1
  > CTModeRun                 =           -1
  > MLStabThres               =    1.0000000000000000E-003
  > NRotations_DP             =            0
  > NRotations_QP             =            0
  > CTStabThres               =    1.0000000000000000E-002
  > CTLoopLibrary             =            2
  > CTModeInit                =            1
  > CheckCycle                =            3
  > MaxAttempts               =           10
  > UseLoopFilter             =  F
  > HelicityFilterLevel       =            2
  > ImprovePSPoint            =            2
  > DoubleCheckHelicityFilter =  T
  > LoopInitStartOver         =  F
  > HelInitStartOver          =  F
  > ZeroThres                 =    1.0000000000000001E-009
  > OSThres                   =    1.0000000000000000E-008
  > WriteOutFilters           =  T
  > UseQPIntegrandForNinja    =  T
  > UseQPIntegrandForCutTools =  T
  > IREGIMODE                 =            2
  > IREGIRECY                 =  T
  > COLLIERMode               =            1
  > COLLIERRequiredAccuracy   =    1.0000000000000000E-008
  > COLLIERCanOutput          =  F
  > COLLIERComputeUVpoles     =  T
  > COLLIERComputeIRpoles     =  T
  > COLLIERGlobalCache        =           -1
  > COLLIERUseCacheForPoles   =  F
  > COLLIERUseInternalStabilityTest =  T
 ===============================================================
  
------------------------------------------------------------------------
|              You are using CutTools - Version 1.9.3                  |
|              Authors: G. Ossola, C. Papadopoulos, R. Pittau          |
|              Published in JHEP 0803:042,2008                         |
|              http://www.ugr.es/~pittau/CutTools                      |
|                                                                      |
|              Compiler with  34  significant digits detetected        |
 ---------------------------------------------------------------------- 
   
########################################################################
#                                                                      #

  +----------------------------------------------------------------+
  |                                                                |
  |  Ninja - version 1.1.0                                         |
  |                                                                |
  |  Author: Tiziano Peraro                                        |
  |                                                                |
  |  Based on:                                                     |
  |                                                                |
  |      P. Mastrolia, E. Mirabella and T. Peraro,                 |
  |      "Integrand reduction of one-loop scattering amplitudes    |
  |      through Laurent series expansion,"                        |
  |      JHEP 1206 (2012) 095  [arXiv:1203.0291 [hep-ph]].         |
  |                                                                |
  |      T. Peraro,                                                |
  |      "Ninja: Automated Integrand Reduction via Laurent         |
  |      Expansion for One-Loop Amplitudes,"                       |
  |      Comput.Phys.Commun. 185 (2014) [arXiv:1403.1229 [hep-ph]] |
  |                                                                |
  +----------------------------------------------------------------+


#                      You are using OneLOop-3.6                       #
#                                                                      #
# for the evaluation of 1-loop scalar 1-, 2-, 3- and 4-point functions #
#                                                                      #
# author: Andreas van Hameren <hamerenREMOVETHIS@ifj.edu.pl>           #
#   date: 18-02-2015                                                   #
#                                                                      #
# Please cite                                                          #
#    A. van Hameren,                                                   #
#      Comput.Phys.Commun. 182 (2011) 2427-2438, arXiv:1007.4716       #
#    A. van Hameren, C.G. Papadopoulos and R. Pittau,                  #
#      JHEP 0909:106,2009, arXiv:0903.4665                             #
# in publications with results obtained with the help of this program. #
#                                                                      #
########################################################################
########################################################################
#                                                                      #
#                      You are using OneLOop-3.6                       #
#                                                                      #
# for the evaluation of 1-loop scalar 1-, 2-, 3- and 4-point functions #
#                                                                      #
# author: Andreas van Hameren <hamerenREMOVETHIS@ifj.edu.pl>           #
#   date: 18-02-2015                                                   #
#                                                                      #
# Please cite                                                          #
#    A. van Hameren,                                                   #
#      Comput.Phys.Commun. 182 (2011) 2427-2438, arXiv:1007.4716       #
#    A. van Hameren, C.G. Papadopoulos and R. Pittau,                  #
#      JHEP 0909:106,2009, arXiv:0903.4665                             #
# in publications with results obtained with the help of this program. #
#                                                                      #
########################################################################
 PASSED   1.0000000000000001E-005
 MU_R    =    325.00000000000000     
 ALPHA_S =   0.11799999999999999     
 BORN                    7.6691648169926062E-009
 SINGLE POLE (MadFKS)   -4.3671785194767119E-011
 DOUBLE POLE (MadFKS)   -3.8407756752340596E-010
 SINGLE POLE (MadLoop)  -4.3671785194777013E-011
 DOUBLE POLE (MadLoop)  -3.8407756752340611E-010
 FINITE PART (MadLoop)   1.0619560926052145E-009
   325.00000000000000        0.0000000000000000        0.0000000000000000        325.00000000000000        0.0000000000000000     
   325.00000000000000        0.0000000000000000        0.0000000000000000       -325.00000000000000        0.0000000000000000     
   274.79650096891709       -24.563007473006650       -186.33014280408534        200.46869022929818        1.7769999999999999     
   156.57405296991666        77.339698894064284       0.83706096046236511       -136.13707932576713        0.0000000000000000     
   218.62944606116625       -52.776691421057613        185.49308184362297       -64.331610903531072        80.419002445756163     

 PASSED   1.0000000000000001E-005
 MU_R    =    325.00000000000000     
 ALPHA_S =   0.11799999999999999     
 BORN                    1.5805650535087942E-006
 SINGLE POLE (MadFKS)   -9.0004712573460835E-009
 DOUBLE POLE (MadFKS)   -7.9155891880051244E-008
 SINGLE POLE (MadLoop)  -9.0004712573477577E-009
 DOUBLE POLE (MadLoop)  -7.9155891880051852E-008
 FINITE PART (MadLoop)   6.1047179009362829E-008
   325.00000000000000        0.0000000000000000        0.0000000000000000        325.00000000000000        0.0000000000000000     
   325.00000000000000        0.0000000000000000        0.0000000000000000       -325.00000000000000        0.0000000000000000     
   225.60478355892303        164.62921723495754        67.965330728571573        138.46405774506806        1.7769999999999999     
   105.66942253710826        2.7056199797083877        30.777678055551679        101.05167496563398        0.0000000000000000     
   318.72579390396879       -167.33483721466592       -98.743008784123276       -239.51573271070203        80.419002445756163     

 PASSED   1.0000000000000001E-005
 MU_R    =    325.00000000000000     
 ALPHA_S =   0.11799999999999999     
 BORN                    1.3543770890848765E-008
 SINGLE POLE (MadFKS)   -7.7124519708032308E-011
 DOUBLE POLE (MadFKS)   -6.7828227753375747E-010
 SINGLE POLE (MadLoop)  -7.7124519708013347E-011
 DOUBLE POLE (MadLoop)  -6.7828227753375871E-010
 FINITE PART (MadLoop)   1.4962830028304295E-009
   325.00000000000000        0.0000000000000000        0.0000000000000000        325.00000000000000        0.0000000000000000     
   325.00000000000000        0.0000000000000000        0.0000000000000000       -325.00000000000000        0.0000000000000000     
   100.06041176576998        95.087277306462724        30.771722703461940       -4.5209567616318118        1.7769999999999999     
   292.34061243366625       -109.39910922128115       -254.02059933786319       -94.701656224767632        0.0000000000000000     
   257.59897580056378        14.311831914818418        223.24887663440120        99.222612986399440        80.419002445756163     

 PASSED   1.0000000000000001E-005
 MU_R    =    325.00000000000000     
 ALPHA_S =   0.11799999999999999     
 BORN                    5.3600586533281745E-008
 SINGLE POLE (MadFKS)   -3.0522662600866543E-010
 DOUBLE POLE (MadFKS)   -2.6843578648768178E-009
 SINGLE POLE (MadLoop)  -3.0522662600863772E-010
 DOUBLE POLE (MadLoop)  -2.6843578648768253E-009
 FINITE PART (MadLoop)   6.2132531507054109E-009
   325.00000000000000        0.0000000000000000        0.0000000000000000        325.00000000000000        0.0000000000000000     
   325.00000000000000        0.0000000000000000        0.0000000000000000       -325.00000000000000        0.0000000000000000     
   198.67984431203175       -114.28642488801671       -123.05142704773711        106.14839704246282        1.7769999999999999     
   308.50440403433362        159.13828684560505        229.21913315550754       -131.56200805651690        0.0000000000000000     
   142.81575165363466       -44.851861957588333       -106.16770610777040        25.413611014054116        80.419002445756163     

 PASSED   1.0000000000000001E-005
 MU_R    =    325.00000000000000     
 ALPHA_S =   0.11799999999999999     
 BORN                    7.3239249378559487E-008
 SINGLE POLE (MadFKS)   -4.1705829031076885E-010
 DOUBLE POLE (MadFKS)   -3.6678769357297504E-009
 SINGLE POLE (MadLoop)  -4.1705829031083027E-010
 DOUBLE POLE (MadLoop)  -3.6678769357297462E-009
 FINITE PART (MadLoop)   8.2940961671195596E-009
   325.00000000000000        0.0000000000000000        0.0000000000000000        325.00000000000000        0.0000000000000000     
   325.00000000000000        0.0000000000000000        0.0000000000000000       -325.00000000000000        0.0000000000000000     
   275.19148797078606        73.392258568300790       -221.70822055547740       -145.55493342014483        1.7769999999999999     
   184.03629862427223        70.833650719654599        144.43510282578640        89.389340576786864        0.0000000000000000     
   190.77221340494168       -144.22590928795540        77.273117729690966        56.165592843357935        80.419002445756163     

 PASSED   1.0000000000000001E-005
 MU_R    =    325.00000000000000     
 ALPHA_S =   0.11799999999999999     
 BORN                    1.6112941066203668E-007
 SINGLE POLE (MadFKS)   -9.1754567529965979E-010
 DOUBLE POLE (MadFKS)   -8.0694826073412157E-009
 SINGLE POLE (MadLoop)  -9.1754567529979959E-010
 DOUBLE POLE (MadLoop)  -8.0694826073411743E-009
 FINITE PART (MadLoop)   1.7662985896029686E-008
   325.00000000000000        0.0000000000000000        0.0000000000000000        325.00000000000000        0.0000000000000000     
   325.00000000000000        0.0000000000000000        0.0000000000000000       -325.00000000000000        0.0000000000000000     
   315.94701850664802        218.08170050224410        97.342351815901395       -206.84341716196573        1.7769999999999999     
   120.33188608730573       -92.708878749924025       -21.561865166991709        73.620055560836690        0.0000000000000000     
   213.72109540604626       -125.37282175232006       -75.780486648909687        133.22336160112903        80.419002445756163     

 PASSED   1.0000000000000001E-005
 MU_R    =    325.00000000000000     
 ALPHA_S =   0.11799999999999999     
 BORN                    1.4799747921198646E-005
 SINGLE POLE (MadFKS)   -8.4276636058102765E-008
 DOUBLE POLE (MadFKS)   -7.4118255601169724E-007
 SINGLE POLE (MadLoop)  -8.4276636058067507E-008
 DOUBLE POLE (MadLoop)  -7.4118255601169914E-007
 FINITE PART (MadLoop)   1.8414636745470387E-006
   325.00000000000000        0.0000000000000000        0.0000000000000000        325.00000000000000        0.0000000000000000     
   325.00000000000000        0.0000000000000000        0.0000000000000000       -325.00000000000000        0.0000000000000000     
   260.06510135674239        47.450438127587098        242.86609557112115       -79.970086646393995        1.7769999999999999     
   65.557782632465305       -19.558354497239012        61.948577728988170        8.8129081693508304        0.0000000000000000     
   324.37711601079229       -27.892083630348043       -304.81467330010929        71.157178477043132        80.419002445756163     

 PASSED   1.0000000000000001E-005
 MU_R    =    325.00000000000000     
 ALPHA_S =   0.11799999999999999     
 BORN                    1.7718693801967694E-007
 SINGLE POLE (MadFKS)   -1.0089846914449664E-009
 DOUBLE POLE (MadFKS)   -8.8736557076895107E-009
 SINGLE POLE (MadLoop)  -1.0089846914447530E-009
 DOUBLE POLE (MadLoop)  -8.8736557076895272E-009
 FINITE PART (MadLoop)   2.5052225041086717E-008
   325.00000000000000        0.0000000000000000        0.0000000000000000        325.00000000000000        0.0000000000000000     
   325.00000000000000        0.0000000000000000        0.0000000000000000       -325.00000000000000        0.0000000000000000     
   260.66443652193470        112.92828896957660        146.17236798711394       -183.91202006867644        1.7769999999999999     
   262.46330637623385       -180.24416254811101       -75.293964717135978        175.29930957778930        0.0000000000000000     
   126.87225710183148        67.315873578534408       -70.878403269977966        8.6127104908872330        80.419002445756163     

 PASSED   1.0000000000000001E-005
 MU_R    =    325.00000000000000     
 ALPHA_S =   0.11799999999999999     
 BORN                    7.0150037444879774E-008
 SINGLE POLE (MadFKS)   -3.9946688326604750E-010
 DOUBLE POLE (MadFKS)   -3.5131668684192848E-009
 SINGLE POLE (MadLoop)  -3.9946688326611730E-010
 DOUBLE POLE (MadLoop)  -3.5131668684194436E-009
 FINITE PART (MadLoop)   9.7855307604137118E-009
   325.00000000000000        0.0000000000000000        0.0000000000000000        325.00000000000000        0.0000000000000000     
   325.00000000000000        0.0000000000000000        0.0000000000000000       -325.00000000000000        0.0000000000000000     
   293.96174348185639       -51.300595136331211        224.75321441701269        182.38582853328063        1.7769999999999999     
   262.58461109251289        76.325419528517870       -202.74589773254573       -148.38871004569754        0.0000000000000000     
   93.453645425630711       -25.024824392186680       -22.007316684467206       -33.997118487583066        80.419002445756163     

 PASSED   1.0000000000000001E-005
 MU_R    =    325.00000000000000     
 ALPHA_S =   0.11799999999999999     
 BORN                    1.7151999691466273E-007
 SINGLE POLE (MadFKS)   -9.7671449768131536E-010
 DOUBLE POLE (MadFKS)   -8.5898510161943336E-009
 SINGLE POLE (MadLoop)  -9.7671449768296352E-010
 DOUBLE POLE (MadLoop)  -8.5898510161986283E-009
 FINITE PART (MadLoop)   1.4468304942988196E-008
   325.00000000000000        0.0000000000000000        0.0000000000000000        325.00000000000000        0.0000000000000000     
   325.00000000000000        0.0000000000000000        0.0000000000000000       -325.00000000000000        0.0000000000000000     
   182.43218774364991       -94.400564054144283       -130.94912674345761        84.965905558168515        1.7769999999999999     
   138.35608809642778       -52.546555633863697       -96.664398796511165        83.888381851557980        0.0000000000000000     
   329.21172415992828        146.94711968800797        227.61352553996880       -168.85428740972651        80.419002445756163     

 PASSED   1.0000000000000001E-005
 MU_R    =    325.00000000000000     
 ALPHA_S =   0.11799999999999999     
 BORN                    4.7246617318521843E-008
 SINGLE POLE (MadFKS)   -2.6904417520694195E-010
 DOUBLE POLE (MadFKS)   -2.3661462866465076E-009
 SINGLE POLE (MadLoop)  -2.6904417521279337E-010
 DOUBLE POLE (MadLoop)  -2.3661462866462384E-009
 FINITE PART (MadLoop)   4.9433206517230111E-009
   325.00000000000000        0.0000000000000000        0.0000000000000000        325.00000000000000        0.0000000000000000     
   325.00000000000000        0.0000000000000000        0.0000000000000000       -325.00000000000000        0.0000000000000000     
   276.60033689307602        108.66770678426062        31.978576359480620        252.33566691340712        1.7769999999999999     
   287.83703335230842       -100.16872824391803       -10.036870855192387       -269.65838550746054        0.0000000000000000     
   85.562629754615529       -8.4989785403426819       -21.941705504288244        17.322718594053416        80.419002445756163     

 PASSED   1.0000000000000001E-005
 MU_R    =    325.00000000000000     
 ALPHA_S =   0.11799999999999999     
 BORN                    9.4825241743444009E-007
 SINGLE POLE (MadFKS)   -5.3997895302574639E-009
 DOUBLE POLE (MadFKS)   -4.7489197399884264E-008
 SINGLE POLE (MadLoop)  -5.3997895302583291E-009
 DOUBLE POLE (MadLoop)  -4.7489197399884230E-008
 FINITE PART (MadLoop)   1.7284285919796854E-007
   325.00000000000000        0.0000000000000000        0.0000000000000000        325.00000000000000        0.0000000000000000     
   325.00000000000000        0.0000000000000000        0.0000000000000000       -325.00000000000000        0.0000000000000000     
   233.99971499459627       -173.55927732397086       -52.142315373300448       -148.02386662577271        1.7769999999999999     
   296.43185346907495        193.84582978064566        11.522946257326472        223.97066713593290        0.0000000000000000     
   119.56843153632880       -20.286552456674812        40.619369115973925       -75.946800510160116        80.419002445756163     

 PASSED   1.0000000000000001E-005
 MU_R    =    325.00000000000000     
 ALPHA_S =   0.11799999999999999     
 BORN                    1.4967545002091969E-007
 SINGLE POLE (MadFKS)   -8.5232150543440816E-010
 DOUBLE POLE (MadFKS)   -7.4958596058115440E-009
 SINGLE POLE (MadLoop)  -8.5232150545712895E-010
 DOUBLE POLE (MadLoop)  -7.4958596058098532E-009
 FINITE PART (MadLoop)   2.1514352142589370E-008
   325.00000000000000        0.0000000000000000        0.0000000000000000        325.00000000000000        0.0000000000000000     
   325.00000000000000        0.0000000000000000        0.0000000000000000       -325.00000000000000        0.0000000000000000     
   288.85840937703188       -219.53548252744324        184.17411829305397       -36.333029067885441        1.7769999999999999     
   274.09014411551772        191.48635929577298       -194.88511009164384        21.867216774962674        0.0000000000000000     
   87.051446507450379        28.049123231670269        10.710991798589911        14.465812292922758        80.419002445756163     

 PASSED   1.0000000000000001E-005
 MU_R    =    325.00000000000000     
 ALPHA_S =   0.11799999999999999     
 BORN                    1.0622744367927096E-007
 SINGLE POLE (MadFKS)   -6.0490838479196064E-010
 DOUBLE POLE (MadFKS)   -5.3199506264572865E-009
 SINGLE POLE (MadLoop)  -6.0490838479197863E-010
 DOUBLE POLE (MadLoop)  -5.3199506264572981E-009
 FINITE PART (MadLoop)   1.1443894395711574E-008
   325.00000000000000        0.0000000000000000        0.0000000000000000        325.00000000000000        0.0000000000000000     
   325.00000000000000        0.0000000000000000        0.0000000000000000       -325.00000000000000        0.0000000000000000     
   295.49651798291978        91.836299596703142        62.364005499851665       -273.84641554241506        1.7769999999999999     
   105.93142817334700        26.152598891389648        36.428266909741687        95.971299960059298        0.0000000000000000     
   248.57205384373316       -117.98889848809291       -98.792272409593252        177.87511558235579        80.419002445756163     

 PASSED   1.0000000000000001E-005
 MU_R    =    325.00000000000000     
 ALPHA_S =   0.11799999999999999     
 BORN                    1.9780500186028383E-008
 SINGLE POLE (MadFKS)   -1.1263935197418882E-010
 DOUBLE POLE (MadFKS)   -9.9062239202537482E-010
 SINGLE POLE (MadLoop)  -1.1263935197418659E-010
 DOUBLE POLE (MadLoop)  -9.9062239202538041E-010
 FINITE PART (MadLoop)   1.8857256143755782E-009
   325.00000000000000        0.0000000000000000        0.0000000000000000        325.00000000000000        0.0000000000000000     
   325.00000000000000        0.0000000000000000        0.0000000000000000       -325.00000000000000        0.0000000000000000     
   189.38884439893346        109.02338642022747        3.5110796534569473       -154.81133739780253        1.7769999999999999     
   197.48546290514221       -36.663070502727592        193.24936828501737        17.635446623548603        0.0000000000000000     
   263.12569269592433       -72.360315917499889       -196.76044793847433        137.17589077425387        80.419002445756163     

 PASSED   1.0000000000000001E-005
 MU_R    =    325.00000000000000     
 ALPHA_S =   0.11799999999999999     
 BORN                    9.5790938694371670E-008
 SINGLE POLE (MadFKS)   -5.4547807982905939E-010
 DOUBLE POLE (MadFKS)   -4.7972825728037091E-009
 SINGLE POLE (MadLoop)  -5.4547807982882013E-010
 DOUBLE POLE (MadLoop)  -4.7972825728037885E-009
 FINITE PART (MadLoop)   1.1711578723355328E-008
   325.00000000000000        0.0000000000000000        0.0000000000000000        325.00000000000000        0.0000000000000000     
   325.00000000000000        0.0000000000000000        0.0000000000000000       -325.00000000000000        0.0000000000000000     
   307.55791797343096       -129.57970246753050       -227.61182489217452       -161.21623074874341        1.7769999999999999     
   190.30095645199665        81.745361298729364        160.31086393723476        61.907809171237290        0.0000000000000000     
   152.14112557457238        47.834341168801132        67.300960954939711        99.308421577506138        80.419002445756163     

 PASSED   1.0000000000000001E-005
 MU_R    =    325.00000000000000     
 ALPHA_S =   0.11799999999999999     
 BORN                    1.3026701170412134E-008
 SINGLE POLE (MadFKS)   -7.4180084648872221E-011
 DOUBLE POLE (MadFKS)   -6.5238703532625118E-010
 SINGLE POLE (MadLoop)  -7.4180084651677669E-011
 DOUBLE POLE (MadLoop)  -6.5238703532625863E-010
 FINITE PART (MadLoop)   1.6162244567317673E-009
   325.00000000000000        0.0000000000000000        0.0000000000000000        325.00000000000000        0.0000000000000000     
   325.00000000000000        0.0000000000000000        0.0000000000000000       -325.00000000000000        0.0000000000000000     
   176.57417714399216        9.8560526242673987       -136.45680789304501       -111.61397811827285        1.7769999999999999     
   275.04488679593089       -121.06939178765776        246.19119772287291        19.539352305805554        0.0000000000000000     
   198.38093606007698        111.21333916339042       -109.73438982982840        92.074625812467261        80.419002445756163     

 PASSED   1.0000000000000001E-005
 MU_R    =    325.00000000000000     
 ALPHA_S =   0.11799999999999999     
 BORN                    1.6977995666457964E-008
 SINGLE POLE (MadFKS)   -9.6680590061173858E-011
 DOUBLE POLE (MadFKS)   -8.5027084859980911E-010
 SINGLE POLE (MadLoop)  -9.6680590061177981E-011
Thanks for using LHAPDF 6.2.1. Please make sure to cite the paper:
  Eur.Phys.J. C75 (2015) 3, 132  (http://arxiv.org/abs/1412.7420)
 DOUBLE POLE (MadLoop)  -8.5027084859981014E-010
 FINITE PART (MadLoop)   1.4510491242862900E-009
   325.00000000000000        0.0000000000000000        0.0000000000000000        325.00000000000000        0.0000000000000000     
   325.00000000000000        0.0000000000000000        0.0000000000000000       -325.00000000000000        0.0000000000000000     
   253.66967756934432        158.80852194196521       -170.69338022015660       -99.943838713352022        1.7769999999999999     
   152.07523513585727        34.807974200552110        146.24492447594665       -22.971811828948855        0.0000000000000000     
   244.25508729479841       -193.61649614251729        24.448455744209951        122.91565054230090        80.419002445756163     

 PASSED   1.0000000000000001E-005
 MU_R    =    325.00000000000000     
 ALPHA_S =   0.11799999999999999     
 BORN                    2.5693924485390941E-008
 SINGLE POLE (MadFKS)   -1.4631313548645142E-010
 DOUBLE POLE (MadFKS)   -1.2867711480933932E-009
 SINGLE POLE (MadLoop)  -1.4631313548643844E-010
 DOUBLE POLE (MadLoop)  -1.2867711480933891E-009
 FINITE PART (MadLoop)   2.2089078717591313E-009
   325.00000000000000        0.0000000000000000        0.0000000000000000        325.00000000000000        0.0000000000000000     
   325.00000000000000        0.0000000000000000        0.0000000000000000       -325.00000000000000        0.0000000000000000     
   112.86919860435162        73.710410547263834        70.690070049010032       -48.020700099107664        1.7769999999999999     
   244.01886256394425       -152.76106487173860        187.35050524048310       -33.302410309004479        0.0000000000000000     
   293.11193883170421        79.050654324474777       -258.04057528949306        81.323110408112129        80.419002445756163     

 PASSED   1.0000000000000001E-005
 MU_R    =    325.00000000000000     
 ALPHA_S =   0.11799999999999999     
 BORN                    9.4829939394115325E-008
 SINGLE POLE (MadFKS)   -5.4000570362974613E-010
 DOUBLE POLE (MadFKS)   -4.7491550018827737E-009
 SINGLE POLE (MadLoop)  -5.4000570362943170E-010
 DOUBLE POLE (MadLoop)  -4.7491550018828697E-009
 FINITE PART (MadLoop)   1.3258325093683574E-008
   325.00000000000000        0.0000000000000000        0.0000000000000000        325.00000000000000        0.0000000000000000     
   325.00000000000000        0.0000000000000000        0.0000000000000000       -325.00000000000000        0.0000000000000000     
   279.23299589405400       -138.57996330427468        234.78858224548387        60.314373781962885        1.7769999999999999     
   281.67504044017375        170.85384906612839       -214.48916099653101       -64.375387231971246        0.0000000000000000     
   89.091963665772354       -32.273885761853606       -20.299421248952846        4.0610134500083372        80.419002445756163     

 NUMBER OF POINTS PASSING THE CHECK          20
 NUMBER OF POINTS FAILING THE CHECK           0
 TOLERANCE    1.0000000000000001E-005
