==== LHAPDF6 USING DEFAULT-TYPE LHAGLUE INTERFACE ====
LHAPDF 6.2.1 loading /cvmfs/cms.cern.ch/slc7_amd64_gcc700/external/lhapdf/6.2.1-pafccj3/share/LHAPDF/NNPDF31_nnlo_as_0118_nf_4_mc_hessian/NNPDF31_nnlo_as_0118_nf_4_mc_hessian_0000.dat
NNPDF31_nnlo_as_0118_nf_4_mc_hessian PDF set, member #0, version 1; LHAPDF ID = 325500
 A PDF is used, so alpha_s(MZ) is going to be modified
 Old value of alpha_s from param_card:   0.11799999999999999     
 New value of alpha_s from PDF lhapdf :  0.11266013434007299     
 *****************************************************
 *               MadGraph/MadEvent                   *
 *        --------------------------------           *
 *          http://madgraph.hep.uiuc.edu             *
 *          http://madgraph.phys.ucl.ac.be           *
 *          http://madgraph.roma2.infn.it            *
 *        --------------------------------           *
 *                                                   *
 *          PARAMETER AND COUPLING VALUES            *
 *                                                   *
 *****************************************************

  External Params
  ---------------------------------
  
 MU_R =    91.188000000000002     
 aEWM1 =    132.50700000000001     
 mdl_Gf =    1.1663900000000000E-005
 aS =   0.11799999999999999     
 mdl_ymb =    4.7000000000000002     
 mdl_ymt =    173.00000000000000     
 mdl_ymtau =    1.7769999999999999     
 mdl_MT =    173.00000000000000     
 mdl_MB =    4.7000000000000002     
 mdl_MZ =    91.188000000000002     
 mdl_MH =    125.00000000000000     
 mdl_MTA =    1.7769999999999999     
 mdl_WT =    1.4915000000000000     
 mdl_WZ =    2.4414039999999999     
 mdl_WW =    2.0476000000000001     
 mdl_WH =    6.3823389999999999E-003
  Internal Params
  ---------------------------------
  
 mdl_conjg__CKM3x3 =    1.0000000000000000     
 mdl_CKM22 =    1.0000000000000000     
 mdl_lhv =    1.0000000000000000     
 mdl_CKM3x3 =    1.0000000000000000     
 mdl_conjg__CKM22 =    1.0000000000000000     
 mdl_conjg__CKM33 =    1.0000000000000000     
 mdl_Ncol =    3.0000000000000000     
 mdl_CA =    3.0000000000000000     
 mdl_TF =   0.50000000000000000     
 mdl_CF =    1.3333333333333333     
 mdl_complexi =                (0.0000000000000000,1.0000000000000000)
 mdl_MZ__exp__2 =    8315.2513440000002     
 mdl_MZ__exp__4 =    69143404.913893804     
 mdl_sqrt__2 =    1.4142135623730951     
 mdl_MH__exp__2 =    15625.000000000000     
 mdl_Ncol__exp__2 =    9.0000000000000000     
 mdl_MB__exp__2 =    22.090000000000003     
 mdl_MT__exp__2 =    29929.000000000000     
 mdl_aEW =    7.5467711139788835E-003
 mdl_MW =    80.419002445756163     
 mdl_sqrt__aEW =    8.6872153846781555E-002
 mdl_ee =   0.30795376724436879     
 mdl_MW__exp__2 =    6467.2159543705357     
 mdl_sw2 =   0.22224648578577766     
 mdl_cw =   0.88190334743339216     
 mdl_sqrt__sw2 =   0.47143025548407230     
 mdl_sw =   0.47143025548407230     
 mdl_g1 =   0.34919219678733299     
 mdl_gw =   0.65323293034757990     
 mdl_v =    246.21845810181637     
 mdl_v__exp__2 =    60623.529110035903     
 mdl_lam =   0.12886910601690263     
 mdl_yb =    2.6995554250465490E-002
 mdl_yt =   0.99366614581500623     
 mdl_ytau =    1.0206617000654717E-002
 mdl_muH =    88.388347648318430     
 mdl_AxialZUp =  -0.18517701861793787     
 mdl_AxialZDown =   0.18517701861793787     
 mdl_VectorZUp =    7.5430507588273299E-002
 mdl_VectorZDown =  -0.13030376310310560     
 mdl_VectorAUp =   0.20530251149624587     
 mdl_VectorADown =  -0.10265125574812294     
 mdl_VectorWmDxU =   0.23095271737156670     
 mdl_AxialWmDxU =  -0.23095271737156670     
 mdl_VectorWpUxD =   0.23095271737156670     
 mdl_AxialWpUxD =  -0.23095271737156670     
 mdl_I1x33 =          (2.69955542504654901E-002,0.0000000000000000)
 mdl_I2x33 =               (0.99366614581500623,0.0000000000000000)
 mdl_I3x33 =               (0.99366614581500623,0.0000000000000000)
 mdl_I4x33 =          (2.69955542504654901E-002,0.0000000000000000)
 mdl_Vector_tbGp =              (-0.96667059156454072,0.0000000000000000)
 mdl_Axial_tbGp =              (-1.0206617000654716,-0.0000000000000000)
 mdl_Vector_tbGm =               (0.96667059156454072,0.0000000000000000)
 mdl_Axial_tbGm =              (-1.0206617000654716,-0.0000000000000000)
 mdl_gw__exp__2 =   0.42671326129048615     
 mdl_cw__exp__2 =   0.77775351421422245     
 mdl_ee__exp__2 =    9.4835522759998875E-002
 mdl_sw__exp__2 =   0.22224648578577769     
 mdl_yb__exp__2 =    7.2875994928982540E-004
 mdl_yt__exp__2 =   0.98737240933884918     
  Internal Params evaluated point by point
  ----------------------------------------
  
 mdl_sqrt__aS =   0.34351128074635334     
 mdl_G__exp__4 =    2.1987899468922913     
 mdl_G__exp__2 =    1.4828317324943823     
 mdl_R2MixedFactor_FIN_ =   -2.5040377713124864E-002
 mdl_G_UVg_1EPS_ =   -5.1645779033320030E-002
 mdl_G_UVq_1EPS_ =    3.1300472141406080E-003
 mdl_GWcft_UV_b_1EPS_ =   -3.1300472141406080E-003
 mdl_GWcft_UV_t_1EPS_ =   -3.1300472141406080E-003
 mdl_bWcft_UV_1EPS_ =   -1.8780283284843650E-002
 mdl_tWcft_UV_1EPS_ =   -1.8780283284843650E-002
 mdl_G__exp__3 =    1.8056676068262196     
 mdl_MU_R__exp__2 =    8315.2513440000002     
 mdl_G_UVb_FIN_ =    1.8563438626678915E-002
 mdl_G_UVt_FIN_ =   -4.0087659331150384E-003
 mdl_GWcft_UV_b_FIN_ =   -1.8563438626678915E-002
 mdl_GWcft_UV_t_FIN_ =    4.0087659331150384E-003
 mdl_bWcft_UV_FIN_ =  -0.13642100947319838     
 mdl_tWcft_UV_FIN_ =   -9.8778211443463623E-004
  Couplings of loop_sm
  ---------------------------------
  
      UV_GQQb =   0.00000E+00   0.22605E-01
      UV_GQQt =   0.00000E+00  -0.48815E-02
   UVWfct_G_2 =   0.40088E-02   0.00000E+00
   UVWfct_G_1 =  -0.18563E-01   0.00000E+00
       R2_DDA =   0.00000E+00   0.25704E-02
       R2_UUA =  -0.00000E+00  -0.51409E-02
    R2_UUZ_V2 =  -0.00000E+00  -0.72127E-02
    R2_UUZ_V5 =   0.00000E+00   0.68702E-03
      R2_sxcW =  -0.00000E+00  -0.11566E-01
      R2_GGHb =   0.00000E+00  -0.33698E-02
      R2_GGHt =   0.00000E+00  -0.45657E+01
     R2_GGZup =  -0.46369E-02   0.00000E+00
    R2_GGWWcs =   0.00000E+00   0.13356E-02
         GC_4 =  -0.12177E+01   0.00000E+00
         GC_5 =   0.00000E+00   0.12177E+01
       R2_GQQ =  -0.00000E+00  -0.30492E-01
       R2_QQq =   0.00000E+00   0.12520E-01
 UV_GQQg_1eps =   0.00000E+00  -0.62890E-01
 UV_GQQq_1eps =   0.00000E+00   0.38115E-02
 UVWfct_G_2_1eps -0.31300E-02   0.00000E+00
         GC_1 =  -0.00000E+00  -0.10265E+00
         GC_2 =   0.00000E+00   0.20530E+00
         GC_7 =   0.00000E+00   0.57609E+00
        GC_22 =   0.00000E+00   0.28804E+00
        GC_23 =  -0.00000E+00  -0.27437E-01
        GC_24 =   0.00000E+00   0.82310E-01
        GC_25 =   0.00000E+00   0.30795E+00
        GC_28 =   0.00000E+00   0.37035E+00
        GC_31 =   0.00000E+00   0.52532E+02
        GC_33 =  -0.00000E+00  -0.19089E-01
        GC_37 =  -0.00000E+00  -0.70263E+00
        GC_38 =  -0.00000E+00  -0.72172E-02
        GC_47 =   0.00000E+00   0.46191E+00

 Collider parameters:
 --------------------

 Running at P P   machine @    13000.000000000000       GeV
 PDF set = lhapdf 
 alpha_s(Mz)= 0.1127 running at 3 loops.
 alpha_s(Mz)= 0.1127 running at 3 loops.
 Renormalization scale set on event-by-event basis
 Factorization   scale set on event-by-event basis


 ===============================================================
 INFO: MadFKS read these parameters from FKS_params.dat
 ===============================================================
  > IRPoleCheckThreshold      =    1.0000000000000001E-005
  > PrecisionVirtualAtRunTime =    1.0000000000000000E-003
  > NHelForMCoverHels         =            4
  > VirtualFraction           =    1.0000000000000000     
  > MinVirtualFraction        =    5.0000000000000001E-003
 ===============================================================
  Insert the number of points to test
 Insert the relative tolerance
  A negative number will mean use the default one:    1.0000000000000001E-005
Using random seed offsets:     1 ,      1 ,      0
  with seed                   32
 Ranmar initialization seeds       10730        9407
  ========================================================================================== 
 {                                                                                          }
 {       [32m                                                                            [0m       }
 {       [32m                               ,,                                           [0m       }
 {       [32m`7MMM.     ,MMF'             `7MM  `7MMF'                                   [0m       }
 {       [32m  MMMb    dPMM                 MM    MM                                     [0m       }
 {       [32m  M YM   ,M MM   ,6"Yb.   ,M""bMM    MM         ,pW"Wq.   ,pW"Wq.`7MMpdMAo. [0m       }
 {       [32m  M  Mb  M' MM  8)   MM ,AP    MM    MM        6W'   `Wb 6W'   `Wb MM   `Wb [0m       }
 {       [32m  M  YM.P'  MM   ,pm9MM 8MI    MM    MM      , 8M     M8 8M     M8 MM    M8 [0m       }
 {       [32m  M  `YM'   MM  8M   MM `Mb    MM    MM     ,M YA.   ,A9 YA.   ,A9 MM   ,AP [0m       }
 {       [32m.JML. `'  .JMML.`Moo9^Yo.`Wbmd"MML..JMMmmmmMMM  `Ybmd9'   `Ybmd9'  MMbmmd'  [0m       }
 {       [32m                                                                   MM       [0m       }
 {       [32m                                                                 .JMML.     [0m       }
 {       [32m[0mv2.6.5 (2018-02-03), Ref: arXiv:1103.0621v2, arXiv:1405.0301[32m                [0m       }
 {       [32m                                                                            [0m       }
 {                                                                                          }
  ========================================================================================== 
 ===============================================================
 INFO: MadLoop read these parameters from ./MadLoop5_resources/MadLoopParams.dat                                                                                                                                                                                                                                                                                                                                                                                                                                                                                          
 ===============================================================
  > MLReductionLib            = 6|7|1
  > CTModeRun                 =           -1
  > MLStabThres               =    1.0000000000000000E-003
  > NRotations_DP             =            0
  > NRotations_QP             =            0
  > CTStabThres               =    1.0000000000000000E-002
  > CTLoopLibrary             =            2
  > CTModeInit                =            1
  > CheckCycle                =            3
  > MaxAttempts               =           10
  > UseLoopFilter             =  F
  > HelicityFilterLevel       =            2
  > ImprovePSPoint            =            2
  > DoubleCheckHelicityFilter =  T
  > LoopInitStartOver         =  F
  > HelInitStartOver          =  F
  > ZeroThres                 =    1.0000000000000001E-009
  > OSThres                   =    1.0000000000000000E-008
  > WriteOutFilters           =  T
  > UseQPIntegrandForNinja    =  T
  > UseQPIntegrandForCutTools =  T
  > IREGIMODE                 =            2
  > IREGIRECY                 =  T
  > COLLIERMode               =            1
  > COLLIERRequiredAccuracy   =    1.0000000000000000E-008
  > COLLIERCanOutput          =  F
  > COLLIERComputeUVpoles     =  T
  > COLLIERComputeIRpoles     =  T
  > COLLIERGlobalCache        =           -1
  > COLLIERUseCacheForPoles   =  F
  > COLLIERUseInternalStabilityTest =  T
 ===============================================================
  
------------------------------------------------------------------------
|              You are using CutTools - Version 1.9.3                  |
|              Authors: G. Ossola, C. Papadopoulos, R. Pittau          |
|              Published in JHEP 0803:042,2008                         |
|              http://www.ugr.es/~pittau/CutTools                      |
|                                                                      |
|              Compiler with  34  significant digits detetected        |
 ---------------------------------------------------------------------- 
   
########################################################################
#                                                                      #

  +----------------------------------------------------------------+
  |                                                                |
  |  Ninja - version 1.1.0                                         |
  |                                                                |
  |  Author: Tiziano Peraro                                        |
  |                                                                |
  |  Based on:                                                     |
  |                                                                |
  |      P. Mastrolia, E. Mirabella and T. Peraro,                 |
  |      "Integrand reduction of one-loop scattering amplitudes    |
  |      through Laurent series expansion,"                        |
  |      JHEP 1206 (2012) 095  [arXiv:1203.0291 [hep-ph]].         |
  |                                                                |
  |      T. Peraro,                                                |
  |      "Ninja: Automated Integrand Reduction via Laurent         |
  |      Expansion for One-Loop Amplitudes,"                       |
  |      Comput.Phys.Commun. 185 (2014) [arXiv:1403.1229 [hep-ph]] |
  |                                                                |
  +----------------------------------------------------------------+


#                      You are using OneLOop-3.6                       #
#                                                                      #
# for the evaluation of 1-loop scalar 1-, 2-, 3- and 4-point functions #
#                                                                      #
# author: Andreas van Hameren <hamerenREMOVETHIS@ifj.edu.pl>           #
#   date: 18-02-2015                                                   #
#                                                                      #
# Please cite                                                          #
#    A. van Hameren,                                                   #
#      Comput.Phys.Commun. 182 (2011) 2427-2438, arXiv:1007.4716       #
#    A. van Hameren, C.G. Papadopoulos and R. Pittau,                  #
#      JHEP 0909:106,2009, arXiv:0903.4665                             #
# in publications with results obtained with the help of this program. #
#                                                                      #
########################################################################
########################################################################
#                                                                      #
#                      You are using OneLOop-3.6                       #
#                                                                      #
# for the evaluation of 1-loop scalar 1-, 2-, 3- and 4-point functions #
#                                                                      #
# author: Andreas van Hameren <hamerenREMOVETHIS@ifj.edu.pl>           #
#   date: 18-02-2015                                                   #
#                                                                      #
# Please cite                                                          #
#    A. van Hameren,                                                   #
#      Comput.Phys.Commun. 182 (2011) 2427-2438, arXiv:1007.4716       #
#    A. van Hameren, C.G. Papadopoulos and R. Pittau,                  #
#      JHEP 0909:106,2009, arXiv:0903.4665                             #
# in publications with results obtained with the help of this program. #
#                                                                      #
########################################################################
 PASSED   1.0000000000000001E-005
 MU_R    =    325.00000000000000     
 ALPHA_S =   0.11799999999999999     
 BORN                    1.3176568363249951E-008
 SINGLE POLE (MadFKS)   -7.5033498026930029E-011
 DOUBLE POLE (MadFKS)   -6.5989249755718061E-010
 SINGLE POLE (MadLoop)  -7.5033498026914636E-011
 DOUBLE POLE (MadLoop)  -6.5989249755717523E-010
 FINITE PART (MadLoop)   1.4849616664664358E-009
   325.00000000000000        0.0000000000000000        0.0000000000000000        325.00000000000000        0.0000000000000000     
   325.00000000000000        0.0000000000000000        0.0000000000000000       -325.00000000000000        0.0000000000000000     
   174.59202642478681       -166.47390789750270       -51.817347907726379       -9.1529304737265118        0.0000000000000000     
   229.91181997654158        23.577933252032977        220.20497250009723       -61.751891588190347        0.0000000000000000     
   245.49615359867155        142.89597464546972       -168.38762459237083        70.904822061916761        80.419002445756163     

 PASSED   1.0000000000000001E-005
 MU_R    =    325.00000000000000     
 ALPHA_S =   0.11799999999999999     
 BORN                    1.5534287554570385E-007
 SINGLE POLE (MadFKS)   -8.8459445770912129E-010
 DOUBLE POLE (MadFKS)   -7.7796885574147444E-009
 SINGLE POLE (MadLoop)  -8.8459445770933625E-010
 DOUBLE POLE (MadLoop)  -7.7796885574146485E-009
 FINITE PART (MadLoop)   1.5126449304801908E-008
   325.00000000000000        0.0000000000000000        0.0000000000000000        325.00000000000000        0.0000000000000000     
   325.00000000000000        0.0000000000000000        0.0000000000000000       -325.00000000000000        0.0000000000000000     
   232.09547617266475        167.42094119732920       -77.958969675030147       -140.57360191595092        0.0000000000000000     
   103.95157791306058        65.298296631576278       -77.485991105155506        23.194486199990063        0.0000000000000000     
   313.95294591427478       -232.71923782890548        155.44496078018560        117.37911571596082        80.419002445756163     

 PASSED   1.0000000000000001E-005
 MU_R    =    325.00000000000000     
 ALPHA_S =   0.11799999999999999     
 BORN                    4.0703698886833763E-007
 SINGLE POLE (MadFKS)   -2.3178575983654028E-009
 DOUBLE POLE (MadFKS)   -2.0384719888952350E-008
 SINGLE POLE (MadLoop)  -2.3178575983948566E-009
 DOUBLE POLE (MadLoop)  -2.0384719888951757E-008
 FINITE PART (MadLoop)   5.9254467121696912E-008
   325.00000000000000        0.0000000000000000        0.0000000000000000        325.00000000000000        0.0000000000000000     
   325.00000000000000        0.0000000000000000        0.0000000000000000       -325.00000000000000        0.0000000000000000     
   279.47736139801651        129.61091148055979       -158.50901224384822       -190.21961044186696        0.0000000000000000     
   278.43744227722095       -159.52797464752013        125.08725937920826        190.87014462125717        0.0000000000000000     
   92.085196324762478        29.917063166960276        33.421752864639949      -0.65053417939024261        80.419002445756163     

 PASSED   1.0000000000000001E-005
 MU_R    =    325.00000000000000     
 ALPHA_S =   0.11799999999999999     
 BORN                    8.0490891388235464E-008
 SINGLE POLE (MadFKS)   -4.5835250678845094E-010
 DOUBLE POLE (MadFKS)   -4.0310446456550510E-009
 SINGLE POLE (MadLoop)  -4.5835250678847452E-010
 DOUBLE POLE (MadLoop)  -4.0310446456550287E-009
 FINITE PART (MadLoop)   6.4691517415347621E-009
   325.00000000000000        0.0000000000000000        0.0000000000000000        325.00000000000000        0.0000000000000000     
   325.00000000000000        0.0000000000000000        0.0000000000000000       -325.00000000000000        0.0000000000000000     
   163.75534517322984        57.166939078136998        98.055361018761914       -118.03770721562027        0.0000000000000000     
   182.10746628101498        45.909772143834580        168.44039811511399        51.800138801108524        0.0000000000000000     
   304.13718854575518       -103.07671122197156       -266.49575913387588        66.237568414511728        80.419002445756163     

 PASSED   1.0000000000000001E-005
 MU_R    =    325.00000000000000     
 ALPHA_S =   0.11799999999999999     
 BORN                    7.7021073762010982E-008
 SINGLE POLE (MadFKS)   -4.3859375421845557E-010
 DOUBLE POLE (MadFKS)   -3.8572735577424128E-009
 SINGLE POLE (MadLoop)  -4.3859375422251258E-010
 DOUBLE POLE (MadLoop)  -3.8572735577416385E-009
 FINITE PART (MadLoop)   9.6263328265956565E-009
   325.00000000000000        0.0000000000000000        0.0000000000000000        325.00000000000000        0.0000000000000000     
   325.00000000000000        0.0000000000000000        0.0000000000000000       -325.00000000000000        0.0000000000000000     
   281.22008842515038        88.025614862490102       -134.71386243910797       -230.62611415160038        0.0000000000000000     
   235.54506787190545       -113.39249965188907        159.90233407700228        130.59427084755148        0.0000000000000000     
   133.23484370294418        25.366884789398927       -25.188471637894342        100.03184330404886        80.419002445756163     

 PASSED   1.0000000000000001E-005
 MU_R    =    325.00000000000000     
 ALPHA_S =   0.11799999999999999     
 BORN                    8.2487838062159104E-009
 SINGLE POLE (MadFKS)   -4.6972404831481886E-011
 DOUBLE POLE (MadFKS)   -4.1310532436310835E-010
 SINGLE POLE (MadLoop)  -4.6972404831494507E-011
 DOUBLE POLE (MadLoop)  -4.1310532436310923E-010
 FINITE PART (MadLoop)   1.1896508267852878E-009
   325.00000000000000        0.0000000000000000        0.0000000000000000        325.00000000000000        0.0000000000000000     
   325.00000000000000        0.0000000000000000        0.0000000000000000       -325.00000000000000        0.0000000000000000     
   233.82616201233981        199.36468977758969       -122.12784841584795        3.6308611405687476        0.0000000000000000     
   197.18911192067310       -161.24749951018896       -53.025331000212056       -100.35489043436453        0.0000000000000000     
   218.98472606698706       -38.117190267400737        175.15317941606011        96.724029293795823        80.419002445756163     

 PASSED   1.0000000000000001E-005
 MU_R    =    325.00000000000000     
 ALPHA_S =   0.11799999999999999     
 BORN                    7.1692342651117789E-009
 SINGLE POLE (MadFKS)   -4.0824948518931687E-011
 DOUBLE POLE (MadFKS)   -3.5904066782455223E-010
 SINGLE POLE (MadLoop)  -4.0824948518940902E-011
 DOUBLE POLE (MadLoop)  -3.5904066782455063E-010
 FINITE PART (MadLoop)   9.4883206369316911E-010
   325.00000000000000        0.0000000000000000        0.0000000000000000        325.00000000000000        0.0000000000000000     
   325.00000000000000        0.0000000000000000        0.0000000000000000       -325.00000000000000        0.0000000000000000     
   256.44535742272797        250.13416175296254       -55.810620016363679        9.0717782822638124        0.0000000000000000     
   214.08678638257658       -144.13802310863969        103.73268840485753       -119.56969412962870        0.0000000000000000     
   179.46785619469546       -105.99613864432283       -47.922068388493926        110.49791584736498        80.419002445756163     

 PASSED   1.0000000000000001E-005
 MU_R    =    325.00000000000000     
 ALPHA_S =   0.11799999999999999     
 BORN                    1.3437235325866828E-008
 SINGLE POLE (MadFKS)   -7.6517856737484082E-011
 DOUBLE POLE (MadFKS)   -6.7294689595969977E-010
 SINGLE POLE (MadLoop)  -7.6517856735881833E-011
 DOUBLE POLE (MadLoop)  -6.7294689595969635E-010
 FINITE PART (MadLoop)   1.4857364856607585E-009
   325.00000000000000        0.0000000000000000        0.0000000000000000        325.00000000000000        0.0000000000000000     
   325.00000000000000        0.0000000000000000        0.0000000000000000       -325.00000000000000        0.0000000000000000     
   225.12471352128480       -55.444312371014725       -144.44373367178045        163.53309349089454        0.0000000000000000     
   276.02685636596829        133.36855900469621        72.763693068034030       -230.45411229871928        0.0000000000000000     
   148.84843011274694       -77.924246633681463        71.680040603746392        66.921018807824723        80.419002445756163     

 PASSED   1.0000000000000001E-005
 MU_R    =    325.00000000000000     
 ALPHA_S =   0.11799999999999999     
 BORN                    7.4136190585647587E-007
 SINGLE POLE (MadFKS)   -4.2216588998596450E-009
 DOUBLE POLE (MadFKS)   -3.7127964289536549E-008
 SINGLE POLE (MadLoop)  -4.2216588998600147E-009
 DOUBLE POLE (MadLoop)  -3.7127964289536437E-008
 FINITE PART (MadLoop)   1.4308415643864485E-007
   325.00000000000000        0.0000000000000000        0.0000000000000000        325.00000000000000        0.0000000000000000     
   325.00000000000000        0.0000000000000000        0.0000000000000000       -325.00000000000000        0.0000000000000000     
   140.70882114587820       -61.506526695693388       -101.43675670970542        75.673667218595511        0.0000000000000000     
   261.34211798951389        153.01869135510390        167.28934990227492        129.99713897040488        0.0000000000000000     
   247.94906086460790       -91.512164659410587       -65.852593192569614       -205.67080618900036        80.419002445756163     

 PASSED   1.0000000000000001E-005
 MU_R    =    325.00000000000000     
 ALPHA_S =   0.11799999999999999     
 BORN                    4.6585967921218626E-009
 SINGLE POLE (MadFKS)   -2.6528213080489695E-011
 DOUBLE POLE (MadFKS)   -2.3330604657576656E-010
 SINGLE POLE (MadLoop)  -2.6528213080504513E-011
 DOUBLE POLE (MadLoop)  -2.3330604657576434E-010
 FINITE PART (MadLoop)   5.6901058588694886E-010
   325.00000000000000        0.0000000000000000        0.0000000000000000        325.00000000000000        0.0000000000000000     
   325.00000000000000        0.0000000000000000        0.0000000000000000       -325.00000000000000        0.0000000000000000     
   184.23736491293681        45.744929813230527       -145.65441297004406       -103.12904541785078        0.0000000000000000     
   192.84725259896069       -143.68941052709974        49.600218598907396       -118.67280418142376        0.0000000000000000     
   272.91538248810258        97.944480713869225        96.054194371136660        221.80184959927453        80.419002445756163     

 PASSED   1.0000000000000001E-005
 MU_R    =    325.00000000000000     
 ALPHA_S =   0.11799999999999999     
 BORN                    9.3150359425206982E-008
 SINGLE POLE (MadFKS)   -5.3044139547234762E-010
 DOUBLE POLE (MadFKS)   -4.6650403682410476E-009
 SINGLE POLE (MadLoop)  -5.3044139547236686E-010
 DOUBLE POLE (MadLoop)  -4.6650403682410178E-009
 FINITE PART (MadLoop)   1.1444941716967659E-008
   325.00000000000000        0.0000000000000000        0.0000000000000000        325.00000000000000        0.0000000000000000     
   325.00000000000000        0.0000000000000000        0.0000000000000000       -325.00000000000000        0.0000000000000000     
   145.47233937315812       -42.605069975353089        52.010289152176917        129.00364086878130        0.0000000000000000     
   257.91250298864463        119.80938415492967       -228.38233395432124        2.4658069391181674        0.0000000000000000     
   246.61515763819733       -77.204314179576571        176.37204480214436       -131.46944780789946        80.419002445756163     

 PASSED   1.0000000000000001E-005
 MU_R    =    325.00000000000000     
 ALPHA_S =   0.11799999999999999     
 BORN                    5.9858830591217778E-009
 SINGLE POLE (MadFKS)   -3.4086397332307439E-011
 DOUBLE POLE (MadFKS)   -2.9977754549400932E-010
 SINGLE POLE (MadLoop)  -3.4086397332417809E-011
 DOUBLE POLE (MadLoop)  -2.9977754549400725E-010
 FINITE PART (MadLoop)   6.1991259646734733E-010
   325.00000000000000        0.0000000000000000        0.0000000000000000        325.00000000000000        0.0000000000000000     
   325.00000000000000        0.0000000000000000        0.0000000000000000       -325.00000000000000        0.0000000000000000     
   106.21638205652431       -78.866534575049400        18.159040791504633        68.791269641085648        0.0000000000000000     
   273.03523161813735       -80.182828454139198       -188.88916511691275       -180.11061886324106        0.0000000000000000     
   270.74838632533834        159.04936302918858        170.73012432540816        111.31934922215542        80.419002445756163     

 PASSED   1.0000000000000001E-005
 MU_R    =    325.00000000000000     
 ALPHA_S =   0.11799999999999999     
 BORN                    2.9806721771277121E-006
 SINGLE POLE (MadFKS)   -1.6973331276845094E-008
 DOUBLE POLE (MadFKS)   -1.4927431430856028E-007
 SINGLE POLE (MadLoop)  -1.6973331276845094E-008
 DOUBLE POLE (MadLoop)  -1.4927431430855917E-007
 FINITE PART (MadLoop)   8.1085528661207230E-007
   325.00000000000000        0.0000000000000000        0.0000000000000000        325.00000000000000        0.0000000000000000     
   325.00000000000000        0.0000000000000000        0.0000000000000000       -325.00000000000000        0.0000000000000000     
   141.78663749713360       -80.477206423857623        96.829288976023690        65.199375881622430        0.0000000000000000     
   205.60280465477931        30.307054283303298        5.6848093123848473        203.27734425080951        0.0000000000000000     
   302.61055784808707        50.170152140554265       -102.51409828840860       -268.47672013243181        80.419002445756163     

 PASSED   1.0000000000000001E-005
 MU_R    =    325.00000000000000     
 ALPHA_S =   0.11799999999999999     
 BORN                    6.0094633407340846E-008
 SINGLE POLE (MadFKS)   -3.4220674403928294E-010
 DOUBLE POLE (MadFKS)   -3.0095846381031734E-009
 SINGLE POLE (MadLoop)  -3.4220674403930083E-010
 DOUBLE POLE (MadLoop)  -3.0095846381031804E-009
 FINITE PART (MadLoop)   7.1761286057087875E-009
   325.00000000000000        0.0000000000000000        0.0000000000000000        325.00000000000000        0.0000000000000000     
   325.00000000000000        0.0000000000000000        0.0000000000000000       -325.00000000000000        0.0000000000000000     
   263.23593117860884        146.56415104398323       -208.83939278166508       -64.793619398913123        0.0000000000000000     
   187.52654910950997        32.502335700923034        175.53309693193214        57.427664730431680        0.0000000000000000     
   199.23751971188116       -179.06648674490614        33.306295849733026        7.3659546684814048        80.419002445756163     

 PASSED   1.0000000000000001E-005
 MU_R    =    325.00000000000000     
 ALPHA_S =   0.11799999999999999     
 BORN                    1.3717505744236031E-007
 SINGLE POLE (MadFKS)   -7.8113846626806358E-010
 DOUBLE POLE (MadFKS)   -6.8698305023526053E-009
 SINGLE POLE (MadLoop)  -7.8113846626805830E-010
 DOUBLE POLE (MadLoop)  -6.8698305023526193E-009
 FINITE PART (MadLoop)   1.3939984510577563E-008
   325.00000000000000        0.0000000000000000        0.0000000000000000        325.00000000000000        0.0000000000000000     
   325.00000000000000        0.0000000000000000        0.0000000000000000       -325.00000000000000        0.0000000000000000     
   126.79436330237490        110.23541274719447       -34.844004727019744       -52.065916647012862        0.0000000000000000     
   295.85259279245003       -128.49583938333930        229.91449108920190        134.74755177879717        0.0000000000000000     
   227.35304390517504        18.260426636144885       -195.07048636218218       -82.681635131784304        80.419002445756163     

 PASSED   1.0000000000000001E-005
 MU_R    =    325.00000000000000     
 ALPHA_S =   0.11799999999999999     
 BORN                    1.7571960991427736E-007
 SINGLE POLE (MadFKS)   -1.0006290439450898E-009
 DOUBLE POLE (MadFKS)   -8.8001708077129324E-009
 SINGLE POLE (MadLoop)  -1.0006290439449939E-009
 DOUBLE POLE (MadLoop)  -8.8001708077129241E-009
 FINITE PART (MadLoop)   1.2677404035693068E-008
   325.00000000000000        0.0000000000000000        0.0000000000000000        325.00000000000000        0.0000000000000000     
   325.00000000000000        0.0000000000000000        0.0000000000000000       -325.00000000000000        0.0000000000000000     
   114.36011164269350        6.8128602519406991        97.870753627448082       -58.763387023827754        0.0000000000000000     
   245.55226208556269       -151.09163111041843        122.51229628618916        149.85983345251412        0.0000000000000000     
   290.08762627174389        144.27877085847774       -220.38304991363722       -91.096446428686420        80.419002445756163     

 PASSED   1.0000000000000001E-005
 MU_R    =    325.00000000000000     
 ALPHA_S =   0.11799999999999999     
 BORN                    8.7797881858041929E-009
 SINGLE POLE (MadFKS)   -4.9996190309591363E-011
 DOUBLE POLE (MadFKS)   -4.3969842482753662E-010
 SINGLE POLE (MadLoop)  -4.9996190309981844E-011
 DOUBLE POLE (MadLoop)  -4.3969842482749873E-010
 FINITE PART (MadLoop)   9.9299057016289374E-010
   325.00000000000000        0.0000000000000000        0.0000000000000000        325.00000000000000        0.0000000000000000     
   325.00000000000000        0.0000000000000000        0.0000000000000000       -325.00000000000000        0.0000000000000000     
   41.227574102226235        26.659966494864477       -2.5222775102410138       -31.346405998273401        0.0000000000000000     
   294.36322517754462       -189.73035382507970       -13.966562285720338       -224.62643725139537        0.0000000000000000     
   314.40920072022914        163.07038733021525        16.488839795961354        255.97284324966876        80.419002445756163     

 PASSED   1.0000000000000001E-005
 MU_R    =    325.00000000000000     
 ALPHA_S =   0.11799999999999999     
 BORN                    1.5450687352511811E-005
 SINGLE POLE (MadFKS)   -8.7983387405536746E-008
 DOUBLE POLE (MadFKS)   -7.7378209446859404E-007
 SINGLE POLE (MadLoop)  -8.7983387405610305E-008
Thanks for using LHAPDF 6.2.1. Please make sure to cite the paper:
  Eur.Phys.J. C75 (2015) 3, 132  (http://arxiv.org/abs/1412.7420)
 DOUBLE POLE (MadLoop)  -7.7378209446856747E-007
 FINITE PART (MadLoop)   1.4953244763757810E-006
   325.00000000000000        0.0000000000000000        0.0000000000000000        325.00000000000000        0.0000000000000000     
   325.00000000000000        0.0000000000000000        0.0000000000000000       -325.00000000000000        0.0000000000000000     
   148.25842949643891       -114.31354988108193        12.250994511858558       -93.610295180638886        0.0000000000000000     
   176.48381057733530       -80.719799943481434        73.749402315959941       -138.53474275798038        0.0000000000000000     
   325.25775992622579        195.03334982456329       -86.000396827818520        232.14503793861911        80.419002445756163     

 PASSED   1.0000000000000001E-005
 MU_R    =    325.00000000000000     
 ALPHA_S =   0.11799999999999999     
 BORN                    7.2403118303207412E-009
 SINGLE POLE (MadFKS)   -4.1229697175929169E-011
 DOUBLE POLE (MadFKS)   -3.6260028598407558E-010
 SINGLE POLE (MadLoop)  -4.1229697175442587E-011
 DOUBLE POLE (MadLoop)  -3.6260028598414051E-010
 FINITE PART (MadLoop)   1.0898025270286351E-009
   325.00000000000000        0.0000000000000000        0.0000000000000000        325.00000000000000        0.0000000000000000     
   325.00000000000000        0.0000000000000000        0.0000000000000000       -325.00000000000000        0.0000000000000000     
   49.271343931172922       -35.967996914124257        32.270507555632889       -9.6219994217064588        0.0000000000000000     
   287.54610987767592       -94.390614874711673       -81.647017613353768       -259.05007555336294        0.0000000000000000     
   313.18254619115118        130.35861178883590        49.376510057720964        268.67207497506951        80.419002445756163     

 PASSED   1.0000000000000001E-005
 MU_R    =    325.00000000000000     
 ALPHA_S =   0.11799999999999999     
 BORN                    5.8228141990701503E-009
 SINGLE POLE (MadFKS)   -3.3157807531713720E-011
 DOUBLE POLE (MadFKS)   -2.9161093379612637E-010
 SINGLE POLE (MadLoop)  -3.3157807531712414E-011
 DOUBLE POLE (MadLoop)  -2.9161093379613056E-010
 FINITE PART (MadLoop)   7.9284260523262888E-010
   325.00000000000000        0.0000000000000000        0.0000000000000000        325.00000000000000        0.0000000000000000     
   325.00000000000000        0.0000000000000000        0.0000000000000000       -325.00000000000000        0.0000000000000000     
   144.66740197799777       -26.347478638997782       -142.20509280917034       -3.4898629724403079        0.0000000000000000     
   268.90826054380466        171.55920102629250        126.28305718348957       -164.10875235741230        0.0000000000000000     
   236.42433747819751       -145.21172238729474        15.922035625680721        167.59861532985263        80.419002445756163     

 NUMBER OF POINTS PASSING THE CHECK          20
 NUMBER OF POINTS FAILING THE CHECK           0
 TOLERANCE    1.0000000000000001E-005
