==== LHAPDF6 USING DEFAULT-TYPE LHAGLUE INTERFACE ====
LHAPDF 6.2.1 loading /cvmfs/cms.cern.ch/slc7_amd64_gcc700/external/lhapdf/6.2.1-pafccj3/share/LHAPDF/NNPDF31_nnlo_as_0118_nf_4_mc_hessian/NNPDF31_nnlo_as_0118_nf_4_mc_hessian_0000.dat
NNPDF31_nnlo_as_0118_nf_4_mc_hessian PDF set, member #0, version 1; LHAPDF ID = 325500
 A PDF is used, so alpha_s(MZ) is going to be modified
 Old value of alpha_s from param_card:   0.11799999999999999     
 New value of alpha_s from PDF lhapdf :  0.11266013434007299     
 *****************************************************
 *               MadGraph/MadEvent                   *
 *        --------------------------------           *
 *          http://madgraph.hep.uiuc.edu             *
 *          http://madgraph.phys.ucl.ac.be           *
 *          http://madgraph.roma2.infn.it            *
 *        --------------------------------           *
 *                                                   *
 *          PARAMETER AND COUPLING VALUES            *
 *                                                   *
 *****************************************************

  External Params
  ---------------------------------
  
 MU_R =    91.188000000000002     
 aEWM1 =    132.50700000000001     
 mdl_Gf =    1.1663900000000000E-005
 aS =   0.11799999999999999     
 mdl_ymb =    4.7000000000000002     
 mdl_ymt =    173.00000000000000     
 mdl_ymtau =    1.7769999999999999     
 mdl_MT =    173.00000000000000     
 mdl_MB =    4.7000000000000002     
 mdl_MZ =    91.188000000000002     
 mdl_MH =    125.00000000000000     
 mdl_MTA =    1.7769999999999999     
 mdl_WT =    1.4915000000000000     
 mdl_WZ =    2.4414039999999999     
 mdl_WW =    2.0476000000000001     
 mdl_WH =    6.3823389999999999E-003
  Internal Params
  ---------------------------------
  
 mdl_conjg__CKM3x3 =    1.0000000000000000     
 mdl_CKM22 =    1.0000000000000000     
 mdl_lhv =    1.0000000000000000     
 mdl_CKM3x3 =    1.0000000000000000     
 mdl_conjg__CKM22 =    1.0000000000000000     
 mdl_conjg__CKM33 =    1.0000000000000000     
 mdl_Ncol =    3.0000000000000000     
 mdl_CA =    3.0000000000000000     
 mdl_TF =   0.50000000000000000     
 mdl_CF =    1.3333333333333333     
 mdl_complexi =                (0.0000000000000000,1.0000000000000000)
 mdl_MZ__exp__2 =    8315.2513440000002     
 mdl_MZ__exp__4 =    69143404.913893804     
 mdl_sqrt__2 =    1.4142135623730951     
 mdl_MH__exp__2 =    15625.000000000000     
 mdl_Ncol__exp__2 =    9.0000000000000000     
 mdl_MB__exp__2 =    22.090000000000003     
 mdl_MT__exp__2 =    29929.000000000000     
 mdl_aEW =    7.5467711139788835E-003
 mdl_MW =    80.419002445756163     
 mdl_sqrt__aEW =    8.6872153846781555E-002
 mdl_ee =   0.30795376724436879     
 mdl_MW__exp__2 =    6467.2159543705357     
 mdl_sw2 =   0.22224648578577766     
 mdl_cw =   0.88190334743339216     
 mdl_sqrt__sw2 =   0.47143025548407230     
 mdl_sw =   0.47143025548407230     
 mdl_g1 =   0.34919219678733299     
 mdl_gw =   0.65323293034757990     
 mdl_v =    246.21845810181637     
 mdl_v__exp__2 =    60623.529110035903     
 mdl_lam =   0.12886910601690263     
 mdl_yb =    2.6995554250465490E-002
 mdl_yt =   0.99366614581500623     
 mdl_ytau =    1.0206617000654717E-002
 mdl_muH =    88.388347648318430     
 mdl_AxialZUp =  -0.18517701861793787     
 mdl_AxialZDown =   0.18517701861793787     
 mdl_VectorZUp =    7.5430507588273299E-002
 mdl_VectorZDown =  -0.13030376310310560     
 mdl_VectorAUp =   0.20530251149624587     
 mdl_VectorADown =  -0.10265125574812294     
 mdl_VectorWmDxU =   0.23095271737156670     
 mdl_AxialWmDxU =  -0.23095271737156670     
 mdl_VectorWpUxD =   0.23095271737156670     
 mdl_AxialWpUxD =  -0.23095271737156670     
 mdl_I1x33 =          (2.69955542504654901E-002,0.0000000000000000)
 mdl_I2x33 =               (0.99366614581500623,0.0000000000000000)
 mdl_I3x33 =               (0.99366614581500623,0.0000000000000000)
 mdl_I4x33 =          (2.69955542504654901E-002,0.0000000000000000)
 mdl_Vector_tbGp =              (-0.96667059156454072,0.0000000000000000)
 mdl_Axial_tbGp =              (-1.0206617000654716,-0.0000000000000000)
 mdl_Vector_tbGm =               (0.96667059156454072,0.0000000000000000)
 mdl_Axial_tbGm =              (-1.0206617000654716,-0.0000000000000000)
 mdl_gw__exp__2 =   0.42671326129048615     
 mdl_cw__exp__2 =   0.77775351421422245     
 mdl_ee__exp__2 =    9.4835522759998875E-002
 mdl_sw__exp__2 =   0.22224648578577769     
 mdl_yb__exp__2 =    7.2875994928982540E-004
 mdl_yt__exp__2 =   0.98737240933884918     
  Internal Params evaluated point by point
  ----------------------------------------
  
 mdl_sqrt__aS =   0.34351128074635334     
 mdl_G__exp__4 =    2.1987899468922913     
 mdl_G__exp__2 =    1.4828317324943823     
 mdl_R2MixedFactor_FIN_ =   -2.5040377713124864E-002
 mdl_G_UVg_1EPS_ =   -5.1645779033320030E-002
 mdl_G_UVq_1EPS_ =    3.1300472141406080E-003
 mdl_GWcft_UV_b_1EPS_ =   -3.1300472141406080E-003
 mdl_GWcft_UV_t_1EPS_ =   -3.1300472141406080E-003
 mdl_bWcft_UV_1EPS_ =   -1.8780283284843650E-002
 mdl_tWcft_UV_1EPS_ =   -1.8780283284843650E-002
 mdl_G__exp__3 =    1.8056676068262196     
 mdl_MU_R__exp__2 =    8315.2513440000002     
 mdl_G_UVb_FIN_ =    1.8563438626678915E-002
 mdl_G_UVt_FIN_ =   -4.0087659331150384E-003
 mdl_GWcft_UV_b_FIN_ =   -1.8563438626678915E-002
 mdl_GWcft_UV_t_FIN_ =    4.0087659331150384E-003
 mdl_bWcft_UV_FIN_ =  -0.13642100947319838     
 mdl_tWcft_UV_FIN_ =   -9.8778211443463623E-004
  Couplings of loop_sm
  ---------------------------------
  
      UV_GQQb =   0.00000E+00   0.22605E-01
      UV_GQQt =   0.00000E+00  -0.48815E-02
   UVWfct_G_2 =   0.40088E-02   0.00000E+00
   UVWfct_G_1 =  -0.18563E-01   0.00000E+00
       R2_DDA =   0.00000E+00   0.25704E-02
       R2_UUA =  -0.00000E+00  -0.51409E-02
    R2_UUZ_V2 =  -0.00000E+00  -0.72127E-02
    R2_UUZ_V5 =   0.00000E+00   0.68702E-03
      R2_sxcW =  -0.00000E+00  -0.11566E-01
      R2_GGHb =   0.00000E+00  -0.33698E-02
      R2_GGHt =   0.00000E+00  -0.45657E+01
     R2_GGZup =  -0.46369E-02   0.00000E+00
    R2_GGWWcs =   0.00000E+00   0.13356E-02
         GC_4 =  -0.12177E+01   0.00000E+00
         GC_5 =   0.00000E+00   0.12177E+01
       R2_GQQ =  -0.00000E+00  -0.30492E-01
       R2_QQq =   0.00000E+00   0.12520E-01
 UV_GQQg_1eps =   0.00000E+00  -0.62890E-01
 UV_GQQq_1eps =   0.00000E+00   0.38115E-02
 UVWfct_G_2_1eps -0.31300E-02   0.00000E+00
         GC_1 =  -0.00000E+00  -0.10265E+00
         GC_2 =   0.00000E+00   0.20530E+00
         GC_7 =   0.00000E+00   0.57609E+00
        GC_22 =   0.00000E+00   0.28804E+00
        GC_23 =  -0.00000E+00  -0.27437E-01
        GC_24 =   0.00000E+00   0.82310E-01
        GC_25 =   0.00000E+00   0.30795E+00
        GC_28 =   0.00000E+00   0.37035E+00
        GC_31 =   0.00000E+00   0.52532E+02
        GC_33 =  -0.00000E+00  -0.19089E-01
        GC_37 =  -0.00000E+00  -0.70263E+00
        GC_38 =  -0.00000E+00  -0.72172E-02
        GC_47 =   0.00000E+00   0.46191E+00

 Collider parameters:
 --------------------

 Running at P P   machine @    13000.000000000000       GeV
 PDF set = lhapdf 
 alpha_s(Mz)= 0.1127 running at 3 loops.
 alpha_s(Mz)= 0.1127 running at 3 loops.
 Renormalization scale set on event-by-event basis
 Factorization   scale set on event-by-event basis


 ===============================================================
 INFO: MadFKS read these parameters from FKS_params.dat
 ===============================================================
  > IRPoleCheckThreshold      =    1.0000000000000001E-005
  > PrecisionVirtualAtRunTime =    1.0000000000000000E-003
  > NHelForMCoverHels         =            4
  > VirtualFraction           =    1.0000000000000000     
  > MinVirtualFraction        =    5.0000000000000001E-003
 ===============================================================
  Insert the number of points to test
 Insert the relative tolerance
  A negative number will mean use the default one:    1.0000000000000001E-005
Using random seed offsets:     1 ,     59 ,      0
  with seed                   32
 Ranmar initialization seeds       10730        9465
  ========================================================================================== 
 {                                                                                          }
 {       [32m                                                                            [0m       }
 {       [32m                               ,,                                           [0m       }
 {       [32m`7MMM.     ,MMF'             `7MM  `7MMF'                                   [0m       }
 {       [32m  MMMb    dPMM                 MM    MM                                     [0m       }
 {       [32m  M YM   ,M MM   ,6"Yb.   ,M""bMM    MM         ,pW"Wq.   ,pW"Wq.`7MMpdMAo. [0m       }
 {       [32m  M  Mb  M' MM  8)   MM ,AP    MM    MM        6W'   `Wb 6W'   `Wb MM   `Wb [0m       }
 {       [32m  M  YM.P'  MM   ,pm9MM 8MI    MM    MM      , 8M     M8 8M     M8 MM    M8 [0m       }
 {       [32m  M  `YM'   MM  8M   MM `Mb    MM    MM     ,M YA.   ,A9 YA.   ,A9 MM   ,AP [0m       }
 {       [32m.JML. `'  .JMML.`Moo9^Yo.`Wbmd"MML..JMMmmmmMMM  `Ybmd9'   `Ybmd9'  MMbmmd'  [0m       }
 {       [32m                                                                   MM       [0m       }
 {       [32m                                                                 .JMML.     [0m       }
 {       [32m[0mv2.6.5 (2018-02-03), Ref: arXiv:1103.0621v2, arXiv:1405.0301[32m                [0m       }
 {       [32m                                                                            [0m       }
 {                                                                                          }
  ========================================================================================== 
 ===============================================================
 INFO: MadLoop read these parameters from ./MadLoop5_resources/MadLoopParams.dat                                                                                                                                                                                                                                                                                                                                                                                                                                                                                          
 ===============================================================
  > MLReductionLib            = 6|7|1
  > CTModeRun                 =           -1
  > MLStabThres               =    1.0000000000000000E-003
  > NRotations_DP             =            0
  > NRotations_QP             =            0
  > CTStabThres               =    1.0000000000000000E-002
  > CTLoopLibrary             =            2
  > CTModeInit                =            1
  > CheckCycle                =            3
  > MaxAttempts               =           10
  > UseLoopFilter             =  F
  > HelicityFilterLevel       =            2
  > ImprovePSPoint            =            2
  > DoubleCheckHelicityFilter =  T
  > LoopInitStartOver         =  F
  > HelInitStartOver          =  F
  > ZeroThres                 =    1.0000000000000001E-009
  > OSThres                   =    1.0000000000000000E-008
  > WriteOutFilters           =  T
  > UseQPIntegrandForNinja    =  T
  > UseQPIntegrandForCutTools =  T
  > IREGIMODE                 =            2
  > IREGIRECY                 =  T
  > COLLIERMode               =            1
  > COLLIERRequiredAccuracy   =    1.0000000000000000E-008
  > COLLIERCanOutput          =  F
  > COLLIERComputeUVpoles     =  T
  > COLLIERComputeIRpoles     =  T
  > COLLIERGlobalCache        =           -1
  > COLLIERUseCacheForPoles   =  F
  > COLLIERUseInternalStabilityTest =  T
 ===============================================================
  
------------------------------------------------------------------------
|              You are using CutTools - Version 1.9.3                  |
|              Authors: G. Ossola, C. Papadopoulos, R. Pittau          |
|              Published in JHEP 0803:042,2008                         |
|              http://www.ugr.es/~pittau/CutTools                      |
|                                                                      |
|              Compiler with  34  significant digits detetected        |
 ---------------------------------------------------------------------- 
   
########################################################################
#                                                                      #

  +----------------------------------------------------------------+
  |                                                                |
  |  Ninja - version 1.1.0                                         |
  |                                                                |
  |  Author: Tiziano Peraro                                        |
  |                                                                |
  |  Based on:                                                     |
  |                                                                |
  |      P. Mastrolia, E. Mirabella and T. Peraro,                 |
  |      "Integrand reduction of one-loop scattering amplitudes    |
  |      through Laurent series expansion,"                        |
  |      JHEP 1206 (2012) 095  [arXiv:1203.0291 [hep-ph]].         |
  |                                                                |
  |      T. Peraro,                                                |
  |      "Ninja: Automated Integrand Reduction via Laurent         |
  |      Expansion for One-Loop Amplitudes,"                       |
  |      Comput.Phys.Commun. 185 (2014) [arXiv:1403.1229 [hep-ph]] |
  |                                                                |
  +----------------------------------------------------------------+


#                      You are using OneLOop-3.6                       #
#                                                                      #
# for the evaluation of 1-loop scalar 1-, 2-, 3- and 4-point functions #
#                                                                      #
# author: Andreas van Hameren <hamerenREMOVETHIS@ifj.edu.pl>           #
#   date: 18-02-2015                                                   #
#                                                                      #
# Please cite                                                          #
#    A. van Hameren,                                                   #
#      Comput.Phys.Commun. 182 (2011) 2427-2438, arXiv:1007.4716       #
#    A. van Hameren, C.G. Papadopoulos and R. Pittau,                  #
#      JHEP 0909:106,2009, arXiv:0903.4665                             #
# in publications with results obtained with the help of this program. #
#                                                                      #
########################################################################
########################################################################
#                                                                      #
#                      You are using OneLOop-3.6                       #
#                                                                      #
# for the evaluation of 1-loop scalar 1-, 2-, 3- and 4-point functions #
#                                                                      #
# author: Andreas van Hameren <hamerenREMOVETHIS@ifj.edu.pl>           #
#   date: 18-02-2015                                                   #
#                                                                      #
# Please cite                                                          #
#    A. van Hameren,                                                   #
#      Comput.Phys.Commun. 182 (2011) 2427-2438, arXiv:1007.4716       #
#    A. van Hameren, C.G. Papadopoulos and R. Pittau,                  #
#      JHEP 0909:106,2009, arXiv:0903.4665                             #
# in publications with results obtained with the help of this program. #
#                                                                      #
########################################################################
 PASSED   1.0000000000000001E-005
 MU_R    =    325.00000000000000     
 ALPHA_S =   0.11799999999999999     
 BORN                    3.7645305498821970E-010
 SINGLE POLE (MadFKS)   -8.2077266265505423E-011
 DOUBLE POLE (MadFKS)   -4.0062738424700343E-011
 SINGLE POLE (MadLoop)  -8.2077266265507167E-011
 DOUBLE POLE (MadLoop)  -4.0062738424702255E-011
 FINITE PART (MadLoop)   3.6121142925254203E-011
   325.00000000000000        0.0000000000000000        0.0000000000000000        325.00000000000000        0.0000000000000000     
   325.00000000000000        0.0000000000000000        0.0000000000000000       -325.00000000000000        0.0000000000000000     
   92.703245627752679        66.196527492647178        61.278851714934454       -21.373203558047297        0.0000000000000000     
   145.65329631422588        104.30823247258316        96.516205654257988        31.926437504836294        0.0000000000000000     
   224.00406309519562       -77.320401459278997       -124.72108897807684        148.91880274526926        80.419002445756163     
   187.63939496282580       -93.184358505951366       -33.073968391115656       -159.47203669205823        0.0000000000000000     

 PASSED   1.0000000000000001E-005
 MU_R    =    325.00000000000000     
 ALPHA_S =   0.11799999999999999     
 BORN                    2.0808620192087639E-010
 SINGLE POLE (MadFKS)   -2.7585417721801107E-011
 DOUBLE POLE (MadFKS)   -2.2144867645200334E-011
 SINGLE POLE (MadLoop)  -2.7585417721815913E-011
 DOUBLE POLE (MadLoop)  -2.2144867645200224E-011
 FINITE PART (MadLoop)   1.9958529789059508E-011
   325.00000000000000        0.0000000000000000        0.0000000000000000        325.00000000000000        0.0000000000000000     
   325.00000000000000        0.0000000000000000        0.0000000000000000       -325.00000000000000        0.0000000000000000     
   180.00686336483349        48.415083335678659        128.57101121633264        116.30969709725319        0.0000000000000000     
   87.783942629627674        5.4788945025846152        52.204588811442562        70.361091561029085        0.0000000000000000     
   105.48858290506028       -60.726054706980641        30.213391072310895       -7.7538666859599372        80.419002445756163     
   276.72061110047866        6.8320768687173734       -210.98899110008608       -178.91692197232237        0.0000000000000000     

 PASSED   1.0000000000000001E-005
 MU_R    =    325.00000000000000     
 ALPHA_S =   0.11799999999999999     
 BORN                    2.7340797831947814E-010
 SINGLE POLE (MadFKS)   -5.2528229107099937E-011
 DOUBLE POLE (MadFKS)   -2.9096515949331743E-011
 SINGLE POLE (MadLoop)  -5.2528229107099291E-011
 DOUBLE POLE (MadLoop)  -2.9096515949331717E-011
 FINITE PART (MadLoop)   8.7569611484543329E-011
   325.00000000000000        0.0000000000000000        0.0000000000000000        325.00000000000000        0.0000000000000000     
   325.00000000000000        0.0000000000000000        0.0000000000000000       -325.00000000000000        0.0000000000000000     
   172.89093672605455       -79.361340479320262        60.325813978630045        141.25809643044795        0.0000000000000000     
   123.66064301877095        118.77639624497466        24.996674493886335       -23.649283099480368        0.0000000000000000     
   210.63330393879258       -33.911053208624026        38.991602841941237       -187.69354850899759        80.419002445756163     
   142.81511631638188       -5.5040025570303914       -124.31409131445761        70.084735178029987        0.0000000000000000     

 PASSED   1.0000000000000001E-005
 MU_R    =    325.00000000000000     
 ALPHA_S =   0.11799999999999999     
 BORN                    3.5174363933109693E-010
 SINGLE POLE (MadFKS)   -7.7920927561403668E-011
 DOUBLE POLE (MadFKS)   -3.7433122744919277E-011
 SINGLE POLE (MadLoop)  -7.7920927561182747E-011
 DOUBLE POLE (MadLoop)  -3.7433122744919090E-011
 FINITE PART (MadLoop)   4.4933665979188850E-011
   325.00000000000000        0.0000000000000000        0.0000000000000000        325.00000000000000        0.0000000000000000     
   325.00000000000000        0.0000000000000000        0.0000000000000000       -325.00000000000000        0.0000000000000000     
   262.16345563904440        188.31130648281851       -54.620235240965968       -174.02631762340084        0.0000000000000000     
   104.63796583302883       -100.48864036106116        29.002701952418846       -3.1591662695368212        0.0000000000000000     
   81.176974816808951        6.5621757109683436        8.8884540737221549      -0.64693133794024438        80.419002445756163     
   202.02160371111776       -94.384841832725641        16.729079214824964        177.83241523087796        0.0000000000000000     

 PASSED   1.0000000000000001E-005
 MU_R    =    325.00000000000000     
 ALPHA_S =   0.11799999999999999     
 BORN                    2.1249880557590598E-011
 SINGLE POLE (MadFKS)   -5.5179150215836503E-012
 DOUBLE POLE (MadFKS)   -2.2614464009636426E-012
 SINGLE POLE (MadLoop)  -5.5179150221531254E-012
 DOUBLE POLE (MadLoop)  -2.2614464009474984E-012
 FINITE PART (MadLoop)   3.2743441964101483E-014
   325.00000000000000        0.0000000000000000        0.0000000000000000        325.00000000000000        0.0000000000000000     
   325.00000000000000        0.0000000000000000        0.0000000000000000       -325.00000000000000        0.0000000000000000     
   53.939245982448639        11.066775512236093        9.5299695114361516        51.924449135527382        0.0000000000000000     
   295.38531545642036       -81.562241963488148       -32.061511158241700       -282.08535016095453        0.0000000000000000     
   230.98370155968581        5.3014899284367880        2.0644264590713535        216.45758656091783        80.419002445756163     
   69.691737001445176        65.193976522815305        20.467115187734194        13.703314464509281        0.0000000000000000     

 PASSED   1.0000000000000001E-005
 MU_R    =    325.00000000000000     
 ALPHA_S =   0.11799999999999999     
 BORN                    7.7767076512750882E-010
 SINGLE POLE (MadFKS)   -2.6804241280318902E-010
 DOUBLE POLE (MadFKS)   -8.2760971204802441E-011
 SINGLE POLE (MadLoop)  -2.6804241280317956E-010
 DOUBLE POLE (MadLoop)  -8.2760971204799585E-011
 FINITE PART (MadLoop)  -2.3157827494292713E-010
   325.00000000000000        0.0000000000000000        0.0000000000000000        325.00000000000000        0.0000000000000000     
   325.00000000000000        0.0000000000000000        0.0000000000000000       -325.00000000000000        0.0000000000000000     
   115.69623280729571       -57.926227971550205        2.1415302980831954        100.12783951913850        0.0000000000000000     
   200.98269261971220       -196.03133703249048       -43.859212162685537       -6.4905425345155674        0.0000000000000000     
   287.33011389598903        258.84975799174720        73.479298816324416       -60.736923120839137        80.419002445756163     
   45.990960677002960       -4.8921929877065446       -31.761616951722065       -32.900373863783798        0.0000000000000000     

 PASSED   1.0000000000000001E-005
 MU_R    =    325.00000000000000     
 ALPHA_S =   0.11799999999999999     
 BORN                    5.2979189432050830E-011
 SINGLE POLE (MadFKS)   -1.0400793687974741E-011
 DOUBLE POLE (MadFKS)   -5.6381303858334206E-012
 SINGLE POLE (MadLoop)  -1.0400793687981247E-011
 DOUBLE POLE (MadLoop)  -5.6381303858303971E-012
 FINITE PART (MadLoop)   8.4400682213275590E-012
   325.00000000000000        0.0000000000000000        0.0000000000000000        325.00000000000000        0.0000000000000000     
   325.00000000000000        0.0000000000000000        0.0000000000000000       -325.00000000000000        0.0000000000000000     
   211.35867768790541        88.621941698829644       -93.445080436522019        167.59074862808228        0.0000000000000000     
   57.124353454965757       -34.390903383137712       -8.4099546507424865       -44.830014330936812        0.0000000000000000     
   128.48518805253738        4.6137920688693157       -2.5990536024065438        100.06590547055680        80.419002445756163     
   253.03178080459151       -58.844830384561355        104.45408868967107       -222.82663976770229        0.0000000000000000     

 PASSED   1.0000000000000001E-005
 MU_R    =    325.00000000000000     
 ALPHA_S =   0.11799999999999999     
 BORN                    2.4499405603614445E-010
 SINGLE POLE (MadFKS)   -2.6845034968814224E-011
 DOUBLE POLE (MadFKS)   -2.6072660727616024E-011
 SINGLE POLE (MadLoop)  -2.6845034968811601E-011
 DOUBLE POLE (MadLoop)  -2.6072660727615840E-011
 FINITE PART (MadLoop)   4.2802220413682652E-011
   325.00000000000000        0.0000000000000000        0.0000000000000000        325.00000000000000        0.0000000000000000     
   325.00000000000000        0.0000000000000000        0.0000000000000000       -325.00000000000000        0.0000000000000000     
   227.05955202406960       -60.983665896404844        211.98269860929759        53.855066145411101        0.0000000000000000     
   57.580577267945635        51.452710741810776        22.079218172162840        13.440593764244275        0.0000000000000000     
   97.150122798351276       -51.538144797483135        17.516829029430458        2.8126032339389511        80.419002445756163     
   268.20974790963351        61.069099952077160       -251.57874581089095       -70.108263143594144        0.0000000000000000     

 PASSED   1.0000000000000001E-005
 MU_R    =    325.00000000000000     
 ALPHA_S =   0.11799999999999999     
 BORN                    2.3293566748606399E-008
 SINGLE POLE (MadFKS)   -9.5889091196970215E-009
 DOUBLE POLE (MadFKS)   -2.4789387661017081E-009
 SINGLE POLE (MadLoop)  -9.5889091196969090E-009
 DOUBLE POLE (MadLoop)  -2.4789387661017974E-009
 FINITE PART (MadLoop)  -1.6050818668506457E-008
   325.00000000000000        0.0000000000000000        0.0000000000000000        325.00000000000000        0.0000000000000000     
   325.00000000000000        0.0000000000000000        0.0000000000000000       -325.00000000000000        0.0000000000000000     
   53.211592584358932       -43.822907229186313       -11.940710329626851       -27.720855401121277        0.0000000000000000     
   269.15462173875062       -199.07086830700254        39.845775462663106        176.71251787183911        0.0000000000000000     
   300.18588190130038        258.58069764650872       -19.631123191165155       -128.04292071563012        80.419002445756163     
   27.447903775590078       -15.686922110319875       -8.2739419418711027       -20.948741755087724        0.0000000000000000     

 PASSED   1.0000000000000001E-005
 MU_R    =    325.00000000000000     
 ALPHA_S =   0.11799999999999999     
 BORN                    6.8233417684661461E-009
 SINGLE POLE (MadFKS)   -7.2982723143589747E-010
 DOUBLE POLE (MadFKS)   -7.2615098437956818E-010
 SINGLE POLE (MadLoop)  -7.2982723143574764E-010
 DOUBLE POLE (MadLoop)  -7.2615098437944452E-010
 FINITE PART (MadLoop)   9.8230903159058489E-010
   325.00000000000000        0.0000000000000000        0.0000000000000000        325.00000000000000        0.0000000000000000     
   325.00000000000000        0.0000000000000000        0.0000000000000000       -325.00000000000000        0.0000000000000000     
   85.738810235944172       -11.384002945142438        84.965436393792942       -1.5564947904043498        0.0000000000000000     
   123.30628472901303       -63.522025742274387        67.392804846217118        81.410085089194936        0.0000000000000000     
   175.99292844749667       -133.60408633206399        11.127049606727484       -80.823460650846584        80.419002445756163     
   264.96197658754608        208.51011501948088       -163.48529084673751       0.96987035205601013        0.0000000000000000     

 PASSED   1.0000000000000001E-005
 MU_R    =    325.00000000000000     
 ALPHA_S =   0.11799999999999999     
 BORN                    1.9562160268228111E-010
 SINGLE POLE (MadFKS)   -5.4358922547419455E-011
 DOUBLE POLE (MadFKS)   -2.0818364985047426E-011
 SINGLE POLE (MadLoop)  -5.4358922547420005E-011
 DOUBLE POLE (MadLoop)  -2.0818364985047468E-011
 FINITE PART (MadLoop)  -9.7567617587545310E-012
   325.00000000000000        0.0000000000000000        0.0000000000000000        325.00000000000000        0.0000000000000000     
   325.00000000000000        0.0000000000000000        0.0000000000000000       -325.00000000000000        0.0000000000000000     
   116.53288248676502       -112.94552516392538        28.542131759725649       -2.9270737486005025        0.0000000000000000     
   155.30366581165450        104.79172364995847        89.367122749607702       -71.773537187917285        0.0000000000000000     
   210.25579342957880        22.200552450830532       -174.32140399713600       -82.821895025871015        80.419002445756163     
   167.90765827200167       -14.046750936863621        56.412149487802708        157.52250596238881        0.0000000000000000     

 PASSED   1.0000000000000001E-005
 MU_R    =    325.00000000000000     
 ALPHA_S =   0.11799999999999999     
 BORN                    5.5154916007917897E-010
 SINGLE POLE (MadFKS)   -1.1642821320324502E-010
 DOUBLE POLE (MadFKS)   -5.8696747006892500E-011
 SINGLE POLE (MadLoop)  -1.1642821320326953E-010
 DOUBLE POLE (MadLoop)  -5.8696747006904752E-011
 FINITE PART (MadLoop)   8.7109689517677433E-011
   325.00000000000000        0.0000000000000000        0.0000000000000000        325.00000000000000        0.0000000000000000     
   325.00000000000000        0.0000000000000000        0.0000000000000000       -325.00000000000000        0.0000000000000000     
   244.85942182416883       -8.8267439865825903        7.4595184234655916       -244.58655038973734        0.0000000000000000     
   158.72119830406936       -30.191291887245793        56.523732044308147        145.21009744863505        0.0000000000000000     
   91.569521790846309        15.299295917715476        38.463207315860750       -14.292466338355716        80.419002445756163     
   154.84985808091548        23.718739956112920       -102.44645778363450        113.66891927945804        0.0000000000000000     

 PASSED   1.0000000000000001E-005
 MU_R    =    325.00000000000000     
 ALPHA_S =   0.11799999999999999     
 BORN                    3.0885716421346941E-010
 SINGLE POLE (MadFKS)   -1.1100338768647860E-010
 DOUBLE POLE (MadFKS)   -3.2869075218067099E-011
 SINGLE POLE (MadLoop)  -1.1100338768648026E-010
 DOUBLE POLE (MadLoop)  -3.2869075218067894E-011
 FINITE PART (MadLoop)  -9.5808471446308304E-011
   325.00000000000000        0.0000000000000000        0.0000000000000000        325.00000000000000        0.0000000000000000     
   325.00000000000000        0.0000000000000000        0.0000000000000000       -325.00000000000000        0.0000000000000000     
   161.46901285863112       -53.587168944981300       -12.523761220629304        151.80188682256713        0.0000000000000000     
   232.72024534985781        120.97872080079820        20.077730988228179       -197.78712401838706        0.0000000000000000     
   129.51685547050516       -62.839348019038880        20.275175124643308       -77.120253570669348        80.419002445756163     
   126.29388632100594       -4.5522038367780508       -27.829144892242198        123.10549076648930        0.0000000000000000     

 PASSED   1.0000000000000001E-005
 MU_R    =    325.00000000000000     
 ALPHA_S =   0.11799999999999999     
 BORN                    1.6807064361087346E-011
 SINGLE POLE (MadFKS)   -4.1915674700877870E-012
 DOUBLE POLE (MadFKS)   -1.7886347693643138E-012
 SINGLE POLE (MadLoop)  -4.1915674700871480E-012
 DOUBLE POLE (MadLoop)  -1.7886347693643599E-012
 FINITE PART (MadLoop)   4.9855675627052482E-013
   325.00000000000000        0.0000000000000000        0.0000000000000000        325.00000000000000        0.0000000000000000     
   325.00000000000000        0.0000000000000000        0.0000000000000000       -325.00000000000000        0.0000000000000000     
   127.05645136385711       -2.5416030404260330        94.142150434672843        85.288554910354321        0.0000000000000000     
   244.37916305396917       -210.44639013269529        20.234111642393053       -122.57272511092793        0.0000000000000000     
   201.87724248457030        168.69265745947882       -54.034063790456905        53.947310853751105        80.419002445756163     
   76.687143097603339        44.295335713642508       -60.342198286608863       -16.663140653177503        0.0000000000000000     

 PASSED   1.0000000000000001E-005
 MU_R    =    325.00000000000000     
 ALPHA_S =   0.11799999999999999     
 BORN                    5.5153837609877560E-009
 SINGLE POLE (MadFKS)   -2.3573886430061038E-009
 DOUBLE POLE (MadFKS)   -5.8695599358386654E-010
 SINGLE POLE (MadLoop)  -2.3573886430061365E-009
 DOUBLE POLE (MadLoop)  -5.8695599358395515E-010
 FINITE PART (MadLoop)  -4.1697770205845818E-009
   325.00000000000000        0.0000000000000000        0.0000000000000000        325.00000000000000        0.0000000000000000     
   325.00000000000000        0.0000000000000000        0.0000000000000000       -325.00000000000000        0.0000000000000000     
   103.77153149675088        22.044500991873864       -97.286539381824213       -28.598950685456959        0.0000000000000000     
   241.49164620555069       -214.98507830619505        80.204667946353936        75.278433381421522        0.0000000000000000     
   245.73970626205877        207.46294698439002        11.898824109638554       -103.62591805505248        80.419002445756163     
   58.997116035639642       -14.522369670068882        5.1830473258316756        56.946435359087914        0.0000000000000000     

 PASSED   1.0000000000000001E-005
 MU_R    =    325.00000000000000     
 ALPHA_S =   0.11799999999999999     
 BORN                    3.3075163953504838E-010
 SINGLE POLE (MadFKS)   -7.7485663619681030E-011
 DOUBLE POLE (MadFKS)   -3.5199120428569973E-011
 SINGLE POLE (MadLoop)  -7.7485663619680358E-011
 DOUBLE POLE (MadLoop)  -3.5199120428570018E-011
 FINITE PART (MadLoop)   2.7481650744047227E-011
   325.00000000000000        0.0000000000000000        0.0000000000000000        325.00000000000000        0.0000000000000000     
   325.00000000000000        0.0000000000000000        0.0000000000000000       -325.00000000000000        0.0000000000000000     
   246.90476598527653        101.47448208436586       -97.387475607604912       -202.92996956273370        0.0000000000000000     
   133.29217174332817       -69.757962876873151        29.227264589735167        109.75607804546996        0.0000000000000000     
   180.22753103802819       -105.43466730734643        24.640662462683444        119.54545442166408        80.419002445756163     
   89.575531233367144        73.718148099853735        43.519548555186276       -26.371562904400346        0.0000000000000000     

 PASSED   1.0000000000000001E-005
 MU_R    =    325.00000000000000     
 ALPHA_S =   0.11799999999999999     
 BORN                    5.3034226933713947E-011
 SINGLE POLE (MadFKS)   -1.1547195852183144E-011
 DOUBLE POLE (MadFKS)   -5.6439875651110532E-012
 SINGLE POLE (MadLoop)  -1.1547195852181825E-011
 DOUBLE POLE (MadLoop)  -5.6439875651111187E-012
 FINITE PART (MadLoop)   6.6411655459178612E-012
   325.00000000000000        0.0000000000000000        0.0000000000000000        325.00000000000000        0.0000000000000000     
   325.00000000000000        0.0000000000000000        0.0000000000000000       -325.00000000000000        0.0000000000000000     
   289.39538584924509       -212.14777584548582        179.94037564583323        79.777639518121561        0.0000000000000000     
   100.68716490910069        91.255090244094774       -40.089845371176594       -14.255454397868577        0.0000000000000000     
   121.62064609742139        53.510924295045882       -67.128001697742107        30.899481742279878        80.419002445756163     
   138.29680314423283        67.381761306345169       -72.722528576914527       -96.421666862532859        0.0000000000000000     

 PASSED   1.0000000000000001E-005
 MU_R    =    325.00000000000000     
 ALPHA_S =   0.11799999999999999     
 BORN                    4.7109413864921074E-011
 SINGLE POLE (MadFKS)   -1.2313207891892878E-011
 DOUBLE POLE (MadFKS)   -5.0134594473415667E-012
 SINGLE POLE (MadLoop)  -1.2313207891890791E-011
 DOUBLE POLE (MadLoop)  -5.0134594473414666E-012
 FINITE PART (MadLoop)  -1.7592656094918132E-012
   325.00000000000000        0.0000000000000000        0.0000000000000000        325.00000000000000        0.0000000000000000     
   325.00000000000000        0.0000000000000000        0.0000000000000000       -325.00000000000000        0.0000000000000000     
   251.35192631996205       -94.634723790954411        143.92510108990027       -183.05088143471855        0.0000000000000000     
   51.293880245157176       -28.177945134064935        30.410186259493557       -30.204074729894696        0.0000000000000000     
   278.00849849154446        55.613676221038801       -170.57507177953369        196.55221490418492        80.419002445756163     
   69.345694943336326        67.198992703980551       -3.7602155698600210        16.702741260428279        0.0000000000000000     

 PASSED   1.0000000000000001E-005
 MU_R    =    325.00000000000000     
 ALPHA_S =   0.11799999999999999     
 BORN                    1.1647479219044114E-008
 SINGLE POLE (MadFKS)   -4.4867533202460030E-009
 DOUBLE POLE (MadFKS)   -1.2395434359652083E-009
 SINGLE POLE (MadLoop)  -4.4867533202458508E-009
 DOUBLE POLE (MadLoop)  -1.2395434359651226E-009
 FINITE PART (MadLoop)  -5.2117667642456754E-009
   325.00000000000000        0.0000000000000000        0.0000000000000000        325.00000000000000        0.0000000000000000     
   325.00000000000000        0.0000000000000000        0.0000000000000000       -325.00000000000000        0.0000000000000000     
   68.859542479209168       -51.630884010269945        15.391108413168865        42.883588802456195        0.0000000000000000     
   187.53706399429817       -2.1132320925697674        187.34761068870048        8.1582713217651044        0.0000000000000000     
Thanks for using LHAPDF 6.2.1. Please make sure to cite the paper:
  Eur.Phys.J. C75 (2015) 3, 132  (http://arxiv.org/abs/1412.7420)
   271.69387311546103        33.857977389590651       -192.37229961421917       -170.87094674734138        80.419002445756163     
   121.90952041103161        19.886138713249100       -10.366419487650155        119.82908662312006        0.0000000000000000     

 PASSED   1.0000000000000001E-005
 MU_R    =    325.00000000000000     
 ALPHA_S =   0.11799999999999999     
 BORN                    1.9090626904805462E-009
 SINGLE POLE (MadFKS)   -7.7727948249780078E-010
 DOUBLE POLE (MadFKS)   -2.0316551610258588E-010
 SINGLE POLE (MadLoop)  -7.7727948249744582E-010
 DOUBLE POLE (MadLoop)  -2.0316551610254760E-010
 FINITE PART (MadLoop)  -8.8750475109768144E-010
   325.00000000000000        0.0000000000000000        0.0000000000000000        325.00000000000000        0.0000000000000000     
   325.00000000000000        0.0000000000000000        0.0000000000000000       -325.00000000000000        0.0000000000000000     
   240.72990645804200        113.00311532271807        1.1320528253867708        212.55564506043760        0.0000000000000000     
   124.59971962205192       -89.013932748023038        87.042944556621592       -5.0135525864685526        0.0000000000000000     
   159.57202535362518       -24.547054432562220       -106.62476594131714       -83.812986629350164        80.419002445756163     
   125.09834856628095       0.55787185786720250        18.449768559308726       -123.72910584461873        0.0000000000000000     

 NUMBER OF POINTS PASSING THE CHECK          20
 NUMBER OF POINTS FAILING THE CHECK           0
 TOLERANCE    1.0000000000000001E-005
