==== LHAPDF6 USING DEFAULT-TYPE LHAGLUE INTERFACE ====
LHAPDF 6.2.1 loading /cvmfs/cms.cern.ch/slc7_amd64_gcc700/external/lhapdf/6.2.1-pafccj3/share/LHAPDF/NNPDF31_nnlo_as_0118_nf_4_mc_hessian/NNPDF31_nnlo_as_0118_nf_4_mc_hessian_0000.dat
NNPDF31_nnlo_as_0118_nf_4_mc_hessian PDF set, member #0, version 1; LHAPDF ID = 325500
 A PDF is used, so alpha_s(MZ) is going to be modified
 Old value of alpha_s from param_card:   0.11799999999999999     
 New value of alpha_s from PDF lhapdf :  0.11266013434007299     
 *****************************************************
 *               MadGraph/MadEvent                   *
 *        --------------------------------           *
 *          http://madgraph.hep.uiuc.edu             *
 *          http://madgraph.phys.ucl.ac.be           *
 *          http://madgraph.roma2.infn.it            *
 *        --------------------------------           *
 *                                                   *
 *          PARAMETER AND COUPLING VALUES            *
 *                                                   *
 *****************************************************

  External Params
  ---------------------------------
  
 MU_R =    91.188000000000002     
 aEWM1 =    132.50700000000001     
 mdl_Gf =    1.1663900000000000E-005
 aS =   0.11799999999999999     
 mdl_ymb =    4.7000000000000002     
 mdl_ymt =    173.00000000000000     
 mdl_ymtau =    1.7769999999999999     
 mdl_MT =    173.00000000000000     
 mdl_MB =    4.7000000000000002     
 mdl_MZ =    91.188000000000002     
 mdl_MH =    125.00000000000000     
 mdl_MTA =    1.7769999999999999     
 mdl_WT =    1.4915000000000000     
 mdl_WZ =    2.4414039999999999     
 mdl_WW =    2.0476000000000001     
 mdl_WH =    6.3823389999999999E-003
  Internal Params
  ---------------------------------
  
 mdl_conjg__CKM3x3 =    1.0000000000000000     
 mdl_CKM22 =    1.0000000000000000     
 mdl_lhv =    1.0000000000000000     
 mdl_CKM3x3 =    1.0000000000000000     
 mdl_conjg__CKM22 =    1.0000000000000000     
 mdl_conjg__CKM33 =    1.0000000000000000     
 mdl_Ncol =    3.0000000000000000     
 mdl_CA =    3.0000000000000000     
 mdl_TF =   0.50000000000000000     
 mdl_CF =    1.3333333333333333     
 mdl_complexi =                (0.0000000000000000,1.0000000000000000)
 mdl_MZ__exp__2 =    8315.2513440000002     
 mdl_MZ__exp__4 =    69143404.913893804     
 mdl_sqrt__2 =    1.4142135623730951     
 mdl_MH__exp__2 =    15625.000000000000     
 mdl_Ncol__exp__2 =    9.0000000000000000     
 mdl_MB__exp__2 =    22.090000000000003     
 mdl_MT__exp__2 =    29929.000000000000     
 mdl_aEW =    7.5467711139788835E-003
 mdl_MW =    80.419002445756163     
 mdl_sqrt__aEW =    8.6872153846781555E-002
 mdl_ee =   0.30795376724436879     
 mdl_MW__exp__2 =    6467.2159543705357     
 mdl_sw2 =   0.22224648578577766     
 mdl_cw =   0.88190334743339216     
 mdl_sqrt__sw2 =   0.47143025548407230     
 mdl_sw =   0.47143025548407230     
 mdl_g1 =   0.34919219678733299     
 mdl_gw =   0.65323293034757990     
 mdl_v =    246.21845810181637     
 mdl_v__exp__2 =    60623.529110035903     
 mdl_lam =   0.12886910601690263     
 mdl_yb =    2.6995554250465490E-002
 mdl_yt =   0.99366614581500623     
 mdl_ytau =    1.0206617000654717E-002
 mdl_muH =    88.388347648318430     
 mdl_AxialZUp =  -0.18517701861793787     
 mdl_AxialZDown =   0.18517701861793787     
 mdl_VectorZUp =    7.5430507588273299E-002
 mdl_VectorZDown =  -0.13030376310310560     
 mdl_VectorAUp =   0.20530251149624587     
 mdl_VectorADown =  -0.10265125574812294     
 mdl_VectorWmDxU =   0.23095271737156670     
 mdl_AxialWmDxU =  -0.23095271737156670     
 mdl_VectorWpUxD =   0.23095271737156670     
 mdl_AxialWpUxD =  -0.23095271737156670     
 mdl_I1x33 =          (2.69955542504654901E-002,0.0000000000000000)
 mdl_I2x33 =               (0.99366614581500623,0.0000000000000000)
 mdl_I3x33 =               (0.99366614581500623,0.0000000000000000)
 mdl_I4x33 =          (2.69955542504654901E-002,0.0000000000000000)
 mdl_Vector_tbGp =              (-0.96667059156454072,0.0000000000000000)
 mdl_Axial_tbGp =              (-1.0206617000654716,-0.0000000000000000)
 mdl_Vector_tbGm =               (0.96667059156454072,0.0000000000000000)
 mdl_Axial_tbGm =              (-1.0206617000654716,-0.0000000000000000)
 mdl_gw__exp__2 =   0.42671326129048615     
 mdl_cw__exp__2 =   0.77775351421422245     
 mdl_ee__exp__2 =    9.4835522759998875E-002
 mdl_sw__exp__2 =   0.22224648578577769     
 mdl_yb__exp__2 =    7.2875994928982540E-004
 mdl_yt__exp__2 =   0.98737240933884918     
  Internal Params evaluated point by point
  ----------------------------------------
  
 mdl_sqrt__aS =   0.34351128074635334     
 mdl_G__exp__4 =    2.1987899468922913     
 mdl_G__exp__2 =    1.4828317324943823     
 mdl_R2MixedFactor_FIN_ =   -2.5040377713124864E-002
 mdl_G_UVg_1EPS_ =   -5.1645779033320030E-002
 mdl_G_UVq_1EPS_ =    3.1300472141406080E-003
 mdl_GWcft_UV_b_1EPS_ =   -3.1300472141406080E-003
 mdl_GWcft_UV_t_1EPS_ =   -3.1300472141406080E-003
 mdl_bWcft_UV_1EPS_ =   -1.8780283284843650E-002
 mdl_tWcft_UV_1EPS_ =   -1.8780283284843650E-002
 mdl_G__exp__3 =    1.8056676068262196     
 mdl_MU_R__exp__2 =    8315.2513440000002     
 mdl_G_UVb_FIN_ =    1.8563438626678915E-002
 mdl_G_UVt_FIN_ =   -4.0087659331150384E-003
 mdl_GWcft_UV_b_FIN_ =   -1.8563438626678915E-002
 mdl_GWcft_UV_t_FIN_ =    4.0087659331150384E-003
 mdl_bWcft_UV_FIN_ =  -0.13642100947319838     
 mdl_tWcft_UV_FIN_ =   -9.8778211443463623E-004
  Couplings of loop_sm
  ---------------------------------
  
      UV_GQQb =   0.00000E+00   0.22605E-01
      UV_GQQt =   0.00000E+00  -0.48815E-02
   UVWfct_G_2 =   0.40088E-02   0.00000E+00
   UVWfct_G_1 =  -0.18563E-01   0.00000E+00
       R2_DDA =   0.00000E+00   0.25704E-02
       R2_UUA =  -0.00000E+00  -0.51409E-02
    R2_UUZ_V2 =  -0.00000E+00  -0.72127E-02
    R2_UUZ_V5 =   0.00000E+00   0.68702E-03
      R2_sxcW =  -0.00000E+00  -0.11566E-01
      R2_GGHb =   0.00000E+00  -0.33698E-02
      R2_GGHt =   0.00000E+00  -0.45657E+01
     R2_GGZup =  -0.46369E-02   0.00000E+00
    R2_GGWWcs =   0.00000E+00   0.13356E-02
         GC_4 =  -0.12177E+01   0.00000E+00
         GC_5 =   0.00000E+00   0.12177E+01
       R2_GQQ =  -0.00000E+00  -0.30492E-01
       R2_QQq =   0.00000E+00   0.12520E-01
 UV_GQQg_1eps =   0.00000E+00  -0.62890E-01
 UV_GQQq_1eps =   0.00000E+00   0.38115E-02
 UVWfct_G_2_1eps -0.31300E-02   0.00000E+00
         GC_1 =  -0.00000E+00  -0.10265E+00
         GC_2 =   0.00000E+00   0.20530E+00
         GC_7 =   0.00000E+00   0.57609E+00
        GC_22 =   0.00000E+00   0.28804E+00
        GC_23 =  -0.00000E+00  -0.27437E-01
        GC_24 =   0.00000E+00   0.82310E-01
        GC_25 =   0.00000E+00   0.30795E+00
        GC_28 =   0.00000E+00   0.37035E+00
        GC_31 =   0.00000E+00   0.52532E+02
        GC_33 =  -0.00000E+00  -0.19089E-01
        GC_37 =  -0.00000E+00  -0.70263E+00
        GC_38 =  -0.00000E+00  -0.72172E-02
        GC_47 =   0.00000E+00   0.46191E+00

 Collider parameters:
 --------------------

 Running at P P   machine @    13000.000000000000       GeV
 PDF set = lhapdf 
 alpha_s(Mz)= 0.1127 running at 3 loops.
 alpha_s(Mz)= 0.1127 running at 3 loops.
 Renormalization scale set on event-by-event basis
 Factorization   scale set on event-by-event basis


 ===============================================================
 INFO: MadFKS read these parameters from FKS_params.dat
 ===============================================================
  > IRPoleCheckThreshold      =    1.0000000000000001E-005
  > PrecisionVirtualAtRunTime =    1.0000000000000000E-003
  > NHelForMCoverHels         =            4
  > VirtualFraction           =    1.0000000000000000     
  > MinVirtualFraction        =    5.0000000000000001E-003
 ===============================================================
  Insert the number of points to test
 Insert the relative tolerance
  A negative number will mean use the default one:    1.0000000000000001E-005
Using random seed offsets:     1 ,      4 ,      0
  with seed                   32
 Ranmar initialization seeds       10730        9410
  ========================================================================================== 
 {                                                                                          }
 {       [32m                                                                            [0m       }
 {       [32m                               ,,                                           [0m       }
 {       [32m`7MMM.     ,MMF'             `7MM  `7MMF'                                   [0m       }
 {       [32m  MMMb    dPMM                 MM    MM                                     [0m       }
 {       [32m  M YM   ,M MM   ,6"Yb.   ,M""bMM    MM         ,pW"Wq.   ,pW"Wq.`7MMpdMAo. [0m       }
 {       [32m  M  Mb  M' MM  8)   MM ,AP    MM    MM        6W'   `Wb 6W'   `Wb MM   `Wb [0m       }
 {       [32m  M  YM.P'  MM   ,pm9MM 8MI    MM    MM      , 8M     M8 8M     M8 MM    M8 [0m       }
 {       [32m  M  `YM'   MM  8M   MM `Mb    MM    MM     ,M YA.   ,A9 YA.   ,A9 MM   ,AP [0m       }
 {       [32m.JML. `'  .JMML.`Moo9^Yo.`Wbmd"MML..JMMmmmmMMM  `Ybmd9'   `Ybmd9'  MMbmmd'  [0m       }
 {       [32m                                                                   MM       [0m       }
 {       [32m                                                                 .JMML.     [0m       }
 {       [32m[0mv2.6.5 (2018-02-03), Ref: arXiv:1103.0621v2, arXiv:1405.0301[32m                [0m       }
 {       [32m                                                                            [0m       }
 {                                                                                          }
  ========================================================================================== 
 ===============================================================
 INFO: MadLoop read these parameters from ./MadLoop5_resources/MadLoopParams.dat                                                                                                                                                                                                                                                                                                                                                                                                                                                                                          
 ===============================================================
  > MLReductionLib            = 6|7|1
  > CTModeRun                 =           -1
  > MLStabThres               =    1.0000000000000000E-003
  > NRotations_DP             =            0
  > NRotations_QP             =            0
  > CTStabThres               =    1.0000000000000000E-002
  > CTLoopLibrary             =            2
  > CTModeInit                =            1
  > CheckCycle                =            3
  > MaxAttempts               =           10
  > UseLoopFilter             =  F
  > HelicityFilterLevel       =            2
  > ImprovePSPoint            =            2
  > DoubleCheckHelicityFilter =  T
  > LoopInitStartOver         =  F
  > HelInitStartOver          =  F
  > ZeroThres                 =    1.0000000000000001E-009
  > OSThres                   =    1.0000000000000000E-008
  > WriteOutFilters           =  T
  > UseQPIntegrandForNinja    =  T
  > UseQPIntegrandForCutTools =  T
  > IREGIMODE                 =            2
  > IREGIRECY                 =  T
  > COLLIERMode               =            1
  > COLLIERRequiredAccuracy   =    1.0000000000000000E-008
  > COLLIERCanOutput          =  F
  > COLLIERComputeUVpoles     =  T
  > COLLIERComputeIRpoles     =  T
  > COLLIERGlobalCache        =           -1
  > COLLIERUseCacheForPoles   =  F
  > COLLIERUseInternalStabilityTest =  T
 ===============================================================
  
------------------------------------------------------------------------
|              You are using CutTools - Version 1.9.3                  |
|              Authors: G. Ossola, C. Papadopoulos, R. Pittau          |
|              Published in JHEP 0803:042,2008                         |
|              http://www.ugr.es/~pittau/CutTools                      |
|                                                                      |
|              Compiler with  34  significant digits detetected        |
 ---------------------------------------------------------------------- 
   
########################################################################
#                                                                      #

  +----------------------------------------------------------------+
  |                                                                |
  |  Ninja - version 1.1.0                                         |
  |                                                                |
  |  Author: Tiziano Peraro                                        |
  |                                                                |
  |  Based on:                                                     |
  |                                                                |
  |      P. Mastrolia, E. Mirabella and T. Peraro,                 |
  |      "Integrand reduction of one-loop scattering amplitudes    |
  |      through Laurent series expansion,"                        |
  |      JHEP 1206 (2012) 095  [arXiv:1203.0291 [hep-ph]].         |
  |                                                                |
  |      T. Peraro,                                                |
  |      "Ninja: Automated Integrand Reduction via Laurent         |
  |      Expansion for One-Loop Amplitudes,"                       |
  |      Comput.Phys.Commun. 185 (2014) [arXiv:1403.1229 [hep-ph]] |
  |                                                                |
  +----------------------------------------------------------------+


#                      You are using OneLOop-3.6                       #
#                                                                      #
# for the evaluation of 1-loop scalar 1-, 2-, 3- and 4-point functions #
#                                                                      #
# author: Andreas van Hameren <hamerenREMOVETHIS@ifj.edu.pl>           #
#   date: 18-02-2015                                                   #
#                                                                      #
# Please cite                                                          #
#    A. van Hameren,                                                   #
#      Comput.Phys.Commun. 182 (2011) 2427-2438, arXiv:1007.4716       #
#    A. van Hameren, C.G. Papadopoulos and R. Pittau,                  #
#      JHEP 0909:106,2009, arXiv:0903.4665                             #
# in publications with results obtained with the help of this program. #
#                                                                      #
########################################################################
########################################################################
#                                                                      #
#                      You are using OneLOop-3.6                       #
#                                                                      #
# for the evaluation of 1-loop scalar 1-, 2-, 3- and 4-point functions #
#                                                                      #
# author: Andreas van Hameren <hamerenREMOVETHIS@ifj.edu.pl>           #
#   date: 18-02-2015                                                   #
#                                                                      #
# Please cite                                                          #
#    A. van Hameren,                                                   #
#      Comput.Phys.Commun. 182 (2011) 2427-2438, arXiv:1007.4716       #
#    A. van Hameren, C.G. Papadopoulos and R. Pittau,                  #
#      JHEP 0909:106,2009, arXiv:0903.4665                             #
# in publications with results obtained with the help of this program. #
#                                                                      #
########################################################################
 PASSED   1.0000000000000001E-005
 MU_R    =    325.00000000000000     
 ALPHA_S =   0.11799999999999999     
 BORN                    2.0360576209381746E-007
 SINGLE POLE (MadFKS)   -1.1594257417543544E-009
 DOUBLE POLE (MadFKS)   -1.0196730374795661E-008
 SINGLE POLE (MadLoop)  -1.1594257417544003E-009
 DOUBLE POLE (MadLoop)  -1.0196730374795665E-008
 FINITE PART (MadLoop)   2.6993527299259835E-008
   325.00000000000000        0.0000000000000000        0.0000000000000000        325.00000000000000        0.0000000000000000     
   325.00000000000000        0.0000000000000000        0.0000000000000000       -325.00000000000000        0.0000000000000000     
   252.18952716661116       -169.35030658107701       -107.62352770587266       -152.75486842833317        1.7769999999999999     
   115.60610807085003        46.971320961070461       -100.86182811227073        31.390426252472380        0.0000000000000000     
   282.20436476253883        122.37898562000656        208.48535581814340        121.36444217586080        80.419002445756163     

 PASSED   1.0000000000000001E-005
 MU_R    =    325.00000000000000     
 ALPHA_S =   0.11799999999999999     
 BORN                    1.5172566734665377E-007
 SINGLE POLE (MadFKS)   -8.6399639478528809E-010
 DOUBLE POLE (MadFKS)   -7.5985360382722921E-009
 SINGLE POLE (MadLoop)  -8.6399639478655399E-010
 DOUBLE POLE (MadLoop)  -7.5985360382710249E-009
 FINITE PART (MadLoop)   1.9796203355053199E-008
   325.00000000000000        0.0000000000000000        0.0000000000000000        325.00000000000000        0.0000000000000000     
   325.00000000000000        0.0000000000000000        0.0000000000000000       -325.00000000000000        0.0000000000000000     
   252.97853251841596       -4.2887627236314581       -210.12740950336533       -140.79438368016179        1.7769999999999999     
   291.53520322825744        22.430240335338581        204.68776370789601        206.37969480571692        0.0000000000000000     
   105.48626425332658       -18.141477611707167        5.4396457954693886       -65.585311125555165        80.419002445756163     

 PASSED   1.0000000000000001E-005
 MU_R    =    325.00000000000000     
 ALPHA_S =   0.11799999999999999     
 BORN                    1.7119179430743342E-007
 SINGLE POLE (MadFKS)   -9.7484555965414076E-010
 DOUBLE POLE (MadFKS)   -8.5734143816914240E-009
 SINGLE POLE (MadLoop)  -9.7484555965444517E-010
 DOUBLE POLE (MadLoop)  -8.5734143816914240E-009
 FINITE PART (MadLoop)   2.1545628452476974E-008
   325.00000000000000        0.0000000000000000        0.0000000000000000        325.00000000000000        0.0000000000000000     
   325.00000000000000        0.0000000000000000        0.0000000000000000       -325.00000000000000        0.0000000000000000     
   237.96927814487364        122.11317379563047        151.51164545804383       -136.96281863318387        1.7769999999999999     
   294.23021814389807       -85.599887541677845       -200.48453388748683        197.61080991123703        0.0000000000000000     
   117.80050371122830       -36.513286253952607        48.972888429443039       -60.647991278053198        80.419002445756163     

 PASSED   1.0000000000000001E-005
 MU_R    =    325.00000000000000     
 ALPHA_S =   0.11799999999999999     
 BORN                    8.6808805402644772E-009
 SINGLE POLE (MadFKS)   -4.9432964253926272E-011
 DOUBLE POLE (MadFKS)   -4.3474505522147592E-010
 SINGLE POLE (MadLoop)  -4.9432964253939016E-011
 DOUBLE POLE (MadLoop)  -4.3474505522147944E-010
 FINITE PART (MadLoop)   1.4046860457204364E-009
   325.00000000000000        0.0000000000000000        0.0000000000000000        325.00000000000000        0.0000000000000000     
   325.00000000000000        0.0000000000000000        0.0000000000000000       -325.00000000000000        0.0000000000000000     
   235.48547151146710        152.80249493453928        108.94410598346452        142.24214873665900        1.7769999999999999     
   289.72260398644659       -230.67247589806803       -144.13490429512791       -99.772368357059989        0.0000000000000000     
   124.79192450208632        77.869980963528775        35.190798311663620       -42.469780379598951        80.419002445756163     

 PASSED   1.0000000000000001E-005
 MU_R    =    325.00000000000000     
 ALPHA_S =   0.11799999999999999     
 BORN                    2.5037313033506629E-007
 SINGLE POLE (MadFKS)   -1.4257408502041070E-009
 DOUBLE POLE (MadFKS)   -1.2538875505615002E-008
 SINGLE POLE (MadLoop)  -1.4257408502044918E-009
 DOUBLE POLE (MadLoop)  -1.2538875505615004E-008
 FINITE PART (MadLoop)   1.9276873037193981E-008
   325.00000000000000        0.0000000000000000        0.0000000000000000        325.00000000000000        0.0000000000000000     
   325.00000000000000        0.0000000000000000        0.0000000000000000       -325.00000000000000        0.0000000000000000     
   213.01873862983143       -43.533099939557651       -129.45300833977106       -163.46440933695655        1.7769999999999999     
   146.41596818248502       -138.02762086257795       -36.966153075351599        31.929847237977331        0.0000000000000000     
   290.56529318768349        181.56072080213562        166.41916141512269        131.53456209897922        80.419002445756163     

 PASSED   1.0000000000000001E-005
 MU_R    =    325.00000000000000     
 ALPHA_S =   0.11799999999999999     
 BORN                    6.7080256568574854E-008
 SINGLE POLE (MadFKS)   -3.8198612568369269E-010
 DOUBLE POLE (MadFKS)   -3.3594299231408795E-009
 SINGLE POLE (MadLoop)  -3.8198612568367335E-010
 DOUBLE POLE (MadLoop)  -3.3594299231408444E-009
 FINITE PART (MadLoop)   9.4170865873061198E-009
   325.00000000000000        0.0000000000000000        0.0000000000000000        325.00000000000000        0.0000000000000000     
   325.00000000000000        0.0000000000000000        0.0000000000000000       -325.00000000000000        0.0000000000000000     
   306.92390977189149        257.42837115328422       -123.89819723098236       -112.15613718804582        1.7769999999999999     
   180.59326897485280       -140.22223196397294        45.577439142199538        104.28015872304951        0.0000000000000000     
   162.48282125325574       -117.20613918931126        78.320758088782810        7.8759784649962921        80.419002445756163     

 PASSED   1.0000000000000001E-005
 MU_R    =    325.00000000000000     
 ALPHA_S =   0.11799999999999999     
 BORN                    1.0478002209026130E-007
 SINGLE POLE (MadFKS)   -5.9666609423883486E-010
 DOUBLE POLE (MadFKS)   -5.2474626598594205E-009
 SINGLE POLE (MadLoop)  -5.9666609423883196E-010
 DOUBLE POLE (MadLoop)  -5.2474626598594288E-009
 FINITE PART (MadLoop)   1.3262434371930036E-008
   325.00000000000000        0.0000000000000000        0.0000000000000000        325.00000000000000        0.0000000000000000     
   325.00000000000000        0.0000000000000000        0.0000000000000000       -325.00000000000000        0.0000000000000000     
   300.53201646947139        242.19266539176445       -121.89575317623385       -129.61664006692243        1.7769999999999999     
   169.14752020831762       -142.48264392676990       0.95515482605482416        91.151892199332494        0.0000000000000000     
   180.32046332221100       -99.710021464994497        120.94059835017916        38.464747867589928        80.419002445756163     

 PASSED   1.0000000000000001E-005
 MU_R    =    325.00000000000000     
 ALPHA_S =   0.11799999999999999     
 BORN                    4.5950926978444678E-008
 SINGLE POLE (MadFKS)   -2.6166591283273612E-010
 DOUBLE POLE (MadFKS)   -2.3012571356169487E-009
 SINGLE POLE (MadLoop)  -2.6166591283274801E-010
 DOUBLE POLE (MadLoop)  -2.3012571356169433E-009
 FINITE PART (MadLoop)   4.3418318178614800E-009
   325.00000000000000        0.0000000000000000        0.0000000000000000        325.00000000000000        0.0000000000000000     
   325.00000000000000        0.0000000000000000        0.0000000000000000       -325.00000000000000        0.0000000000000000     
   142.17657811281268       -139.13761726870061       -27.078519616204741       -10.885718674122030        1.7769999999999999     
   217.21788870644957       -76.254322291130933        202.75479411667473       -16.105370803327006        0.0000000000000000     
   290.60553318073767        215.39193955983148       -175.67627450046999        26.991089477449098        80.419002445756163     

 PASSED   1.0000000000000001E-005
 MU_R    =    325.00000000000000     
 ALPHA_S =   0.11799999999999999     
 BORN                    1.5038564970018263E-008
 SINGLE POLE (MadFKS)   -8.5636571214769025E-011
 DOUBLE POLE (MadFKS)   -7.5314269422525122E-010
 SINGLE POLE (MadLoop)  -8.5636571214791552E-011
 DOUBLE POLE (MadLoop)  -7.5314269422526311E-010
 FINITE PART (MadLoop)   1.2436710163970611E-009
   325.00000000000000        0.0000000000000000        0.0000000000000000        325.00000000000000        0.0000000000000000     
   325.00000000000000        0.0000000000000000        0.0000000000000000       -325.00000000000000        0.0000000000000000     
   235.39355623425595        48.855322658981358       -226.75625223297084        40.021595529838315        1.7769999999999999     
   119.12663258796722       -31.453476842238665       -11.388227694299035        114.33346691265028        0.0000000000000000     
   295.47981117777675       -17.401845816742725        238.14447992726991       -154.35506244248867        80.419002445756163     

 PASSED   1.0000000000000001E-005
 MU_R    =    325.00000000000000     
 ALPHA_S =   0.11799999999999999     
 BORN                    1.3217839682212381E-007
 SINGLE POLE (MadFKS)   -7.5268516079018264E-010
 DOUBLE POLE (MadFKS)   -6.6195939638825676E-009
 SINGLE POLE (MadLoop)  -7.5268516079024075E-010
 DOUBLE POLE (MadLoop)  -6.6195939638827777E-009
 FINITE PART (MadLoop)   1.8875924994808107E-008
   325.00000000000000        0.0000000000000000        0.0000000000000000        325.00000000000000        0.0000000000000000     
   325.00000000000000        0.0000000000000000        0.0000000000000000       -325.00000000000000        0.0000000000000000     
   306.70492041803402       -150.15514566620803        254.70191754223131       -81.517580373210578        1.7769999999999999     
   192.50411377735142        52.722460552930819       -175.66318613358553        58.486075367094315        0.0000000000000000     
   150.79096580461461        97.432685113277131       -79.038731408645745        23.031505006116213        80.419002445756163     

 PASSED   1.0000000000000001E-005
 MU_R    =    325.00000000000000     
 ALPHA_S =   0.11799999999999999     
 BORN                    2.4519687955968276E-008
 SINGLE POLE (MadFKS)   -1.3962648750006675E-010
 DOUBLE POLE (MadFKS)   -1.2279644956508084E-009
 SINGLE POLE (MadLoop)  -1.3962648750000391E-010
 DOUBLE POLE (MadLoop)  -1.2279644956508115E-009
 FINITE PART (MadLoop)   2.4651451902083860E-009
   325.00000000000000        0.0000000000000000        0.0000000000000000        325.00000000000000        0.0000000000000000     
   325.00000000000000        0.0000000000000000        0.0000000000000000       -325.00000000000000        0.0000000000000000     
   121.85724189115578       -38.186836486992924       -94.676621532917636        66.514152828913041        1.7769999999999999     
   224.39009592679125       -182.79268505120717        49.491260330741511        120.36762269264750        0.0000000000000000     
   303.75266218205297        220.97952153820020        45.185361202175983       -186.88177552156063        80.419002445756163     

 PASSED   1.0000000000000001E-005
 MU_R    =    325.00000000000000     
 ALPHA_S =   0.11799999999999999     
 BORN                    5.8121364486279165E-008
 SINGLE POLE (MadFKS)   -3.3097003463108659E-010
 DOUBLE POLE (MadFKS)   -2.9107618398772637E-009
 SINGLE POLE (MadLoop)  -3.3097003463105340E-010
 DOUBLE POLE (MadLoop)  -2.9107618398772835E-009
 FINITE PART (MadLoop)   4.7718375234519542E-009
   325.00000000000000        0.0000000000000000        0.0000000000000000        325.00000000000000        0.0000000000000000     
   325.00000000000000        0.0000000000000000        0.0000000000000000       -325.00000000000000        0.0000000000000000     
   107.75711956417601        78.416857315261637        73.885471539340827       0.41553817546892324        1.7769999999999999     
   238.56509445572601        174.72328277263975       -69.656565819490780        146.74141061083128        0.0000000000000000     
   303.67778598009789       -253.14014008790147       -4.2289057198500801       -147.15694878630038        80.419002445756163     

 PASSED   1.0000000000000001E-005
 MU_R    =    325.00000000000000     
 ALPHA_S =   0.11799999999999999     
 BORN                    1.8251905261803253E-006
 SINGLE POLE (MadFKS)   -1.0393482276226319E-008
 DOUBLE POLE (MadFKS)   -9.1406920347944929E-008
 SINGLE POLE (MadLoop)  -1.0393482276227053E-008
 DOUBLE POLE (MadLoop)  -9.1406920347944823E-008
 FINITE PART (MadLoop)   2.1425503264118059E-007
   325.00000000000000        0.0000000000000000        0.0000000000000000        325.00000000000000        0.0000000000000000     
   325.00000000000000        0.0000000000000000        0.0000000000000000       -325.00000000000000        0.0000000000000000     
   260.79915433911282        99.830298421449100        95.691621391736192       -221.11098183378735        1.7769999999999999     
   88.134677731374410        59.265813850010097       -62.342624128522502       -19.201092267861728        0.0000000000000000     
   301.06616792951274       -159.09611227145922       -33.348997263213704        240.31207410164910        80.419002445756163     

 PASSED   1.0000000000000001E-005
 MU_R    =    325.00000000000000     
 ALPHA_S =   0.11799999999999999     
 BORN                    1.4144237617226680E-008
 SINGLE POLE (MadFKS)   -8.0543856039528845E-011
 DOUBLE POLE (MadFKS)   -7.0835410479909068E-010
 SINGLE POLE (MadLoop)  -8.0543856039513219E-011
 DOUBLE POLE (MadLoop)  -7.0835410479909037E-010
 FINITE PART (MadLoop)   2.8014324478897848E-009
   325.00000000000000        0.0000000000000000        0.0000000000000000        325.00000000000000        0.0000000000000000     
   325.00000000000000        0.0000000000000000        0.0000000000000000       -325.00000000000000        0.0000000000000000     
   166.77889892177907        107.11761219608751        76.708132135045417        102.24344975753715        1.7769999999999999     
   286.20558490840619       -155.39933489831614        30.414533750160668       -238.41065345886750        0.0000000000000000     
   197.01551616981473        48.281722702228684       -107.12266588520609        136.16720370133035        80.419002445756163     

 PASSED   1.0000000000000001E-005
 MU_R    =    325.00000000000000     
 ALPHA_S =   0.11799999999999999     
 BORN                    1.0821394967282085E-008
 SINGLE POLE (MadFKS)   -6.1622047223676890E-011
 DOUBLE POLE (MadFKS)   -5.4194363472730384E-010
 SINGLE POLE (MadLoop)  -6.1622047223935694E-011
 DOUBLE POLE (MadLoop)  -5.4194363472699044E-010
 FINITE PART (MadLoop)   1.4333883921080477E-009
   325.00000000000000        0.0000000000000000        0.0000000000000000        325.00000000000000        0.0000000000000000     
   325.00000000000000        0.0000000000000000        0.0000000000000000       -325.00000000000000        0.0000000000000000     
   298.43328646958366       -209.07339649756995       -116.60260922097400        178.18926775725677        1.7769999999999999     
   216.34817414329936        181.17255653072883        90.165723312036249       -76.506075280833898        0.0000000000000000     
   135.21853938711692        27.900839966841147        26.436885908937843       -101.68319247642293        80.419002445756163     

 PASSED   1.0000000000000001E-005
 MU_R    =    325.00000000000000     
 ALPHA_S =   0.11799999999999999     
 BORN                    4.2757173671955825E-009
 SINGLE POLE (MadFKS)   -2.4347919867358335E-011
 DOUBLE POLE (MadFKS)   -2.1413115573829038E-010
 SINGLE POLE (MadLoop)  -2.4347919867522449E-011
 DOUBLE POLE (MadLoop)  -2.1413115573825458E-010
 FINITE PART (MadLoop)   4.9415961216109145E-010
   325.00000000000000        0.0000000000000000        0.0000000000000000        325.00000000000000        0.0000000000000000     
   325.00000000000000        0.0000000000000000        0.0000000000000000       -325.00000000000000        0.0000000000000000     
   314.30402001411107        20.520414705961592       -193.22413332497612        247.03685180381063        1.7769999999999999     
   62.939970069447924      -0.63972076030763536        57.600113071066488       -25.362522821915544        0.0000000000000000     
   272.75600991644103       -19.880693945653928        135.62402025390963       -221.67432898189509        80.419002445756163     

 PASSED   1.0000000000000001E-005
 MU_R    =    325.00000000000000     
 ALPHA_S =   0.11799999999999999     
 BORN                    2.8450554534292773E-007
 SINGLE POLE (MadFKS)   -1.6201066686435793E-009
 DOUBLE POLE (MadFKS)   -1.4248252633730967E-008
 SINGLE POLE (MadLoop)  -1.6201066686437116E-009
 DOUBLE POLE (MadLoop)  -1.4248252633730995E-008
 FINITE PART (MadLoop)   3.8601165612619338E-008
   325.00000000000000        0.0000000000000000        0.0000000000000000        325.00000000000000        0.0000000000000000     
   325.00000000000000        0.0000000000000000        0.0000000000000000       -325.00000000000000        0.0000000000000000     
   239.36252505713605        39.036406569973039        158.04667662867888       -175.46699872472220        1.7769999999999999     
   284.68315872827861        39.257043074566283       -214.74551054119578        182.72315434819177        0.0000000000000000     
   125.95431621458529       -78.293449644539308        56.698833912517017       -7.2561556234696267        80.419002445756163     

 PASSED   1.0000000000000001E-005
 MU_R    =    325.00000000000000     
 ALPHA_S =   0.11799999999999999     
 BORN                    4.3849499431181018E-008
 SINGLE POLE (MadFKS)   -2.4969940870400457E-010
 DOUBLE POLE (MadFKS)   -2.1960160565764532E-009
 SINGLE POLE (MadLoop)  -2.4969940870397350E-010
Thanks for using LHAPDF 6.2.1. Please make sure to cite the paper:
  Eur.Phys.J. C75 (2015) 3, 132  (http://arxiv.org/abs/1412.7420)
 DOUBLE POLE (MadLoop)  -2.1960160565764449E-009
 FINITE PART (MadLoop)   6.4941855425160997E-009
   325.00000000000000        0.0000000000000000        0.0000000000000000        325.00000000000000        0.0000000000000000     
   325.00000000000000        0.0000000000000000        0.0000000000000000       -325.00000000000000        0.0000000000000000     
   270.23644047702658       -154.18847405476313        179.01463590285468        131.16497487487109        1.7769999999999999     
   261.67670443688291        155.60473448885722       -108.03260309816579       -180.52927994492816        0.0000000000000000     
   118.08685508609051       -1.4162604340937621       -70.982032804688771        49.364305070057227        80.419002445756163     

 PASSED   1.0000000000000001E-005
 MU_R    =    325.00000000000000     
 ALPHA_S =   0.11799999999999999     
 BORN                    4.7095955818189008E-009
 SINGLE POLE (MadFKS)   -2.6818623867321801E-011
 DOUBLE POLE (MadFKS)   -2.3586010448961866E-010
 SINGLE POLE (MadLoop)  -2.6818623867331253E-011
 DOUBLE POLE (MadLoop)  -2.3586010448961437E-010
 FINITE PART (MadLoop)   1.0967506211391158E-009
   325.00000000000000        0.0000000000000000        0.0000000000000000        325.00000000000000        0.0000000000000000     
   325.00000000000000        0.0000000000000000        0.0000000000000000       -325.00000000000000        0.0000000000000000     
   153.19296498282733        10.033432235428924       -32.282529803111579        149.40580744508571        1.7769999999999999     
   218.07430397633843       -208.06482766228001       -65.308006238899409       0.54209383878885031        0.0000000000000000     
   278.73273104083421        198.03139542685102        97.590536042011038       -149.94790128387453        80.419002445756163     

 PASSED   1.0000000000000001E-005
 MU_R    =    325.00000000000000     
 ALPHA_S =   0.11799999999999999     
 BORN                    5.6274005533928161E-009
 SINGLE POLE (MadFKS)   -3.2045031504363836E-011
 DOUBLE POLE (MadFKS)   -2.8182447080000801E-010
 SINGLE POLE (MadLoop)  -3.2045031504357238E-011
 DOUBLE POLE (MadLoop)  -2.8182447080000760E-010
 FINITE PART (MadLoop)   7.4331116819896604E-010
   325.00000000000000        0.0000000000000000        0.0000000000000000        325.00000000000000        0.0000000000000000     
   325.00000000000000        0.0000000000000000        0.0000000000000000       -325.00000000000000        0.0000000000000000     
   212.25675353228920        116.00964679958768        71.658057602257742        162.65502242836956        1.7769999999999999     
   269.00473218060876       -82.040360481442107        41.091158647021850       -252.87238257405920        0.0000000000000000     
   168.73851428710211       -33.969286318145556       -112.74921624927961        90.217360145689597        80.419002445756163     

 NUMBER OF POINTS PASSING THE CHECK          20
 NUMBER OF POINTS FAILING THE CHECK           0
 TOLERANCE    1.0000000000000001E-005
