==== LHAPDF6 USING DEFAULT-TYPE LHAGLUE INTERFACE ====
LHAPDF 6.2.1 loading /cvmfs/cms.cern.ch/slc7_amd64_gcc700/external/lhapdf/6.2.1-pafccj3/share/LHAPDF/NNPDF31_nnlo_as_0118_nf_4_mc_hessian/NNPDF31_nnlo_as_0118_nf_4_mc_hessian_0000.dat
NNPDF31_nnlo_as_0118_nf_4_mc_hessian PDF set, member #0, version 1; LHAPDF ID = 325500
 A PDF is used, so alpha_s(MZ) is going to be modified
 Old value of alpha_s from param_card:   0.11799999999999999     
 New value of alpha_s from PDF lhapdf :  0.11266013434007299     
 *****************************************************
 *               MadGraph/MadEvent                   *
 *        --------------------------------           *
 *          http://madgraph.hep.uiuc.edu             *
 *          http://madgraph.phys.ucl.ac.be           *
 *          http://madgraph.roma2.infn.it            *
 *        --------------------------------           *
 *                                                   *
 *          PARAMETER AND COUPLING VALUES            *
 *                                                   *
 *****************************************************

  External Params
  ---------------------------------
  
 MU_R =    91.188000000000002     
 aEWM1 =    132.50700000000001     
 mdl_Gf =    1.1663900000000000E-005
 aS =   0.11799999999999999     
 mdl_ymb =    4.7000000000000002     
 mdl_ymt =    173.00000000000000     
 mdl_ymtau =    1.7769999999999999     
 mdl_MT =    173.00000000000000     
 mdl_MB =    4.7000000000000002     
 mdl_MZ =    91.188000000000002     
 mdl_MH =    125.00000000000000     
 mdl_MTA =    1.7769999999999999     
 mdl_WT =    1.4915000000000000     
 mdl_WZ =    2.4414039999999999     
 mdl_WW =    2.0476000000000001     
 mdl_WH =    6.3823389999999999E-003
  Internal Params
  ---------------------------------
  
 mdl_conjg__CKM3x3 =    1.0000000000000000     
 mdl_CKM22 =    1.0000000000000000     
 mdl_lhv =    1.0000000000000000     
 mdl_CKM3x3 =    1.0000000000000000     
 mdl_conjg__CKM22 =    1.0000000000000000     
 mdl_conjg__CKM33 =    1.0000000000000000     
 mdl_Ncol =    3.0000000000000000     
 mdl_CA =    3.0000000000000000     
 mdl_TF =   0.50000000000000000     
 mdl_CF =    1.3333333333333333     
 mdl_complexi =                (0.0000000000000000,1.0000000000000000)
 mdl_MZ__exp__2 =    8315.2513440000002     
 mdl_MZ__exp__4 =    69143404.913893804     
 mdl_sqrt__2 =    1.4142135623730951     
 mdl_MH__exp__2 =    15625.000000000000     
 mdl_Ncol__exp__2 =    9.0000000000000000     
 mdl_MB__exp__2 =    22.090000000000003     
 mdl_MT__exp__2 =    29929.000000000000     
 mdl_aEW =    7.5467711139788835E-003
 mdl_MW =    80.419002445756163     
 mdl_sqrt__aEW =    8.6872153846781555E-002
 mdl_ee =   0.30795376724436879     
 mdl_MW__exp__2 =    6467.2159543705357     
 mdl_sw2 =   0.22224648578577766     
 mdl_cw =   0.88190334743339216     
 mdl_sqrt__sw2 =   0.47143025548407230     
 mdl_sw =   0.47143025548407230     
 mdl_g1 =   0.34919219678733299     
 mdl_gw =   0.65323293034757990     
 mdl_v =    246.21845810181637     
 mdl_v__exp__2 =    60623.529110035903     
 mdl_lam =   0.12886910601690263     
 mdl_yb =    2.6995554250465490E-002
 mdl_yt =   0.99366614581500623     
 mdl_ytau =    1.0206617000654717E-002
 mdl_muH =    88.388347648318430     
 mdl_AxialZUp =  -0.18517701861793787     
 mdl_AxialZDown =   0.18517701861793787     
 mdl_VectorZUp =    7.5430507588273299E-002
 mdl_VectorZDown =  -0.13030376310310560     
 mdl_VectorAUp =   0.20530251149624587     
 mdl_VectorADown =  -0.10265125574812294     
 mdl_VectorWmDxU =   0.23095271737156670     
 mdl_AxialWmDxU =  -0.23095271737156670     
 mdl_VectorWpUxD =   0.23095271737156670     
 mdl_AxialWpUxD =  -0.23095271737156670     
 mdl_I1x33 =          (2.69955542504654901E-002,0.0000000000000000)
 mdl_I2x33 =               (0.99366614581500623,0.0000000000000000)
 mdl_I3x33 =               (0.99366614581500623,0.0000000000000000)
 mdl_I4x33 =          (2.69955542504654901E-002,0.0000000000000000)
 mdl_Vector_tbGp =              (-0.96667059156454072,0.0000000000000000)
 mdl_Axial_tbGp =              (-1.0206617000654716,-0.0000000000000000)
 mdl_Vector_tbGm =               (0.96667059156454072,0.0000000000000000)
 mdl_Axial_tbGm =              (-1.0206617000654716,-0.0000000000000000)
 mdl_gw__exp__2 =   0.42671326129048615     
 mdl_cw__exp__2 =   0.77775351421422245     
 mdl_ee__exp__2 =    9.4835522759998875E-002
 mdl_sw__exp__2 =   0.22224648578577769     
 mdl_yb__exp__2 =    7.2875994928982540E-004
 mdl_yt__exp__2 =   0.98737240933884918     
  Internal Params evaluated point by point
  ----------------------------------------
  
 mdl_sqrt__aS =   0.34351128074635334     
 mdl_G__exp__4 =    2.1987899468922913     
 mdl_G__exp__2 =    1.4828317324943823     
 mdl_R2MixedFactor_FIN_ =   -2.5040377713124864E-002
 mdl_G_UVg_1EPS_ =   -5.1645779033320030E-002
 mdl_G_UVq_1EPS_ =    3.1300472141406080E-003
 mdl_GWcft_UV_b_1EPS_ =   -3.1300472141406080E-003
 mdl_GWcft_UV_t_1EPS_ =   -3.1300472141406080E-003
 mdl_bWcft_UV_1EPS_ =   -1.8780283284843650E-002
 mdl_tWcft_UV_1EPS_ =   -1.8780283284843650E-002
 mdl_G__exp__3 =    1.8056676068262196     
 mdl_MU_R__exp__2 =    8315.2513440000002     
 mdl_G_UVb_FIN_ =    1.8563438626678915E-002
 mdl_G_UVt_FIN_ =   -4.0087659331150384E-003
 mdl_GWcft_UV_b_FIN_ =   -1.8563438626678915E-002
 mdl_GWcft_UV_t_FIN_ =    4.0087659331150384E-003
 mdl_bWcft_UV_FIN_ =  -0.13642100947319838     
 mdl_tWcft_UV_FIN_ =   -9.8778211443463623E-004
  Couplings of loop_sm
  ---------------------------------
  
      UV_GQQb =   0.00000E+00   0.22605E-01
      UV_GQQt =   0.00000E+00  -0.48815E-02
   UVWfct_G_2 =   0.40088E-02   0.00000E+00
   UVWfct_G_1 =  -0.18563E-01   0.00000E+00
       R2_DDA =   0.00000E+00   0.25704E-02
       R2_UUA =  -0.00000E+00  -0.51409E-02
    R2_UUZ_V2 =  -0.00000E+00  -0.72127E-02
    R2_UUZ_V5 =   0.00000E+00   0.68702E-03
      R2_sxcW =  -0.00000E+00  -0.11566E-01
      R2_GGHb =   0.00000E+00  -0.33698E-02
      R2_GGHt =   0.00000E+00  -0.45657E+01
     R2_GGZup =  -0.46369E-02   0.00000E+00
    R2_GGWWcs =   0.00000E+00   0.13356E-02
         GC_4 =  -0.12177E+01   0.00000E+00
         GC_5 =   0.00000E+00   0.12177E+01
       R2_GQQ =  -0.00000E+00  -0.30492E-01
       R2_QQq =   0.00000E+00   0.12520E-01
 UV_GQQg_1eps =   0.00000E+00  -0.62890E-01
 UV_GQQq_1eps =   0.00000E+00   0.38115E-02
 UVWfct_G_2_1eps -0.31300E-02   0.00000E+00
         GC_1 =  -0.00000E+00  -0.10265E+00
         GC_2 =   0.00000E+00   0.20530E+00
         GC_7 =   0.00000E+00   0.57609E+00
        GC_22 =   0.00000E+00   0.28804E+00
        GC_23 =  -0.00000E+00  -0.27437E-01
        GC_24 =   0.00000E+00   0.82310E-01
        GC_25 =   0.00000E+00   0.30795E+00
        GC_28 =   0.00000E+00   0.37035E+00
        GC_31 =   0.00000E+00   0.52532E+02
        GC_33 =  -0.00000E+00  -0.19089E-01
        GC_37 =  -0.00000E+00  -0.70263E+00
        GC_38 =  -0.00000E+00  -0.72172E-02
        GC_47 =   0.00000E+00   0.46191E+00

 Collider parameters:
 --------------------

 Running at P P   machine @    13000.000000000000       GeV
 PDF set = lhapdf 
 alpha_s(Mz)= 0.1127 running at 3 loops.
 alpha_s(Mz)= 0.1127 running at 3 loops.
 Renormalization scale set on event-by-event basis
 Factorization   scale set on event-by-event basis


 ===============================================================
 INFO: MadFKS read these parameters from FKS_params.dat
 ===============================================================
  > IRPoleCheckThreshold      =    1.0000000000000001E-005
  > PrecisionVirtualAtRunTime =    1.0000000000000000E-003
  > NHelForMCoverHels         =            4
  > VirtualFraction           =    1.0000000000000000     
  > MinVirtualFraction        =    5.0000000000000001E-003
 ===============================================================
  Insert the number of points to test
 Insert the relative tolerance
  A negative number will mean use the default one:    1.0000000000000001E-005
Using random seed offsets:     1 ,     56 ,      0
  with seed                   32
 Ranmar initialization seeds       10730        9462
  ========================================================================================== 
 {                                                                                          }
 {       [32m                                                                            [0m       }
 {       [32m                               ,,                                           [0m       }
 {       [32m`7MMM.     ,MMF'             `7MM  `7MMF'                                   [0m       }
 {       [32m  MMMb    dPMM                 MM    MM                                     [0m       }
 {       [32m  M YM   ,M MM   ,6"Yb.   ,M""bMM    MM         ,pW"Wq.   ,pW"Wq.`7MMpdMAo. [0m       }
 {       [32m  M  Mb  M' MM  8)   MM ,AP    MM    MM        6W'   `Wb 6W'   `Wb MM   `Wb [0m       }
 {       [32m  M  YM.P'  MM   ,pm9MM 8MI    MM    MM      , 8M     M8 8M     M8 MM    M8 [0m       }
 {       [32m  M  `YM'   MM  8M   MM `Mb    MM    MM     ,M YA.   ,A9 YA.   ,A9 MM   ,AP [0m       }
 {       [32m.JML. `'  .JMML.`Moo9^Yo.`Wbmd"MML..JMMmmmmMMM  `Ybmd9'   `Ybmd9'  MMbmmd'  [0m       }
 {       [32m                                                                   MM       [0m       }
 {       [32m                                                                 .JMML.     [0m       }
 {       [32m[0mv2.6.5 (2018-02-03), Ref: arXiv:1103.0621v2, arXiv:1405.0301[32m                [0m       }
 {       [32m                                                                            [0m       }
 {                                                                                          }
  ========================================================================================== 
 ===============================================================
 INFO: MadLoop read these parameters from ./MadLoop5_resources/MadLoopParams.dat                                                                                                                                                                                                                                                                                                                                                                                                                                                                                          
 ===============================================================
  > MLReductionLib            = 6|7|1
  > CTModeRun                 =           -1
  > MLStabThres               =    1.0000000000000000E-003
  > NRotations_DP             =            0
  > NRotations_QP             =            0
  > CTStabThres               =    1.0000000000000000E-002
  > CTLoopLibrary             =            2
  > CTModeInit                =            1
  > CheckCycle                =            3
  > MaxAttempts               =           10
  > UseLoopFilter             =  F
  > HelicityFilterLevel       =            2
  > ImprovePSPoint            =            2
  > DoubleCheckHelicityFilter =  T
  > LoopInitStartOver         =  F
  > HelInitStartOver          =  F
  > ZeroThres                 =    1.0000000000000001E-009
  > OSThres                   =    1.0000000000000000E-008
  > WriteOutFilters           =  T
  > UseQPIntegrandForNinja    =  T
  > UseQPIntegrandForCutTools =  T
  > IREGIMODE                 =            2
  > IREGIRECY                 =  T
  > COLLIERMode               =            1
  > COLLIERRequiredAccuracy   =    1.0000000000000000E-008
  > COLLIERCanOutput          =  F
  > COLLIERComputeUVpoles     =  T
  > COLLIERComputeIRpoles     =  T
  > COLLIERGlobalCache        =           -1
  > COLLIERUseCacheForPoles   =  F
  > COLLIERUseInternalStabilityTest =  T
 ===============================================================
  
------------------------------------------------------------------------
|              You are using CutTools - Version 1.9.3                  |
|              Authors: G. Ossola, C. Papadopoulos, R. Pittau          |
|              Published in JHEP 0803:042,2008                         |
|              http://www.ugr.es/~pittau/CutTools                      |
|                                                                      |
|              Compiler with  34  significant digits detetected        |
 ---------------------------------------------------------------------- 
   
########################################################################
#                                                                      #

  +----------------------------------------------------------------+
  |                                                                |
  |  Ninja - version 1.1.0                                         |
  |                                                                |
  |  Author: Tiziano Peraro                                        |
  |                                                                |
  |  Based on:                                                     |
  |                                                                |
  |      P. Mastrolia, E. Mirabella and T. Peraro,                 |
  |      "Integrand reduction of one-loop scattering amplitudes    |
  |      through Laurent series expansion,"                        |
  |      JHEP 1206 (2012) 095  [arXiv:1203.0291 [hep-ph]].         |
  |                                                                |
  |      T. Peraro,                                                |
  |      "Ninja: Automated Integrand Reduction via Laurent         |
  |      Expansion for One-Loop Amplitudes,"                       |
  |      Comput.Phys.Commun. 185 (2014) [arXiv:1403.1229 [hep-ph]] |
  |                                                                |
  +----------------------------------------------------------------+


#                      You are using OneLOop-3.6                       #
#                                                                      #
# for the evaluation of 1-loop scalar 1-, 2-, 3- and 4-point functions #
#                                                                      #
# author: Andreas van Hameren <hamerenREMOVETHIS@ifj.edu.pl>           #
#   date: 18-02-2015                                                   #
#                                                                      #
# Please cite                                                          #
#    A. van Hameren,                                                   #
#      Comput.Phys.Commun. 182 (2011) 2427-2438, arXiv:1007.4716       #
#    A. van Hameren, C.G. Papadopoulos and R. Pittau,                  #
#      JHEP 0909:106,2009, arXiv:0903.4665                             #
# in publications with results obtained with the help of this program. #
#                                                                      #
########################################################################
########################################################################
#                                                                      #
#                      You are using OneLOop-3.6                       #
#                                                                      #
# for the evaluation of 1-loop scalar 1-, 2-, 3- and 4-point functions #
#                                                                      #
# author: Andreas van Hameren <hamerenREMOVETHIS@ifj.edu.pl>           #
#   date: 18-02-2015                                                   #
#                                                                      #
# Please cite                                                          #
#    A. van Hameren,                                                   #
#      Comput.Phys.Commun. 182 (2011) 2427-2438, arXiv:1007.4716       #
#    A. van Hameren, C.G. Papadopoulos and R. Pittau,                  #
#      JHEP 0909:106,2009, arXiv:0903.4665                             #
# in publications with results obtained with the help of this program. #
#                                                                      #
########################################################################
 PASSED   1.0000000000000001E-005
 MU_R    =    325.00000000000000     
 ALPHA_S =   0.11799999999999999     
 BORN                    1.3588859274033463E-010
 SINGLE POLE (MadFKS)   -2.7477219864078832E-011
 DOUBLE POLE (MadFKS)   -1.4461482178772649E-011
 SINGLE POLE (MadLoop)  -2.7477219864078466E-011
 DOUBLE POLE (MadLoop)  -1.4461482178772552E-011
 FINITE PART (MadLoop)   2.8926663689739090E-011
   325.00000000000000        0.0000000000000000        0.0000000000000000        325.00000000000000        0.0000000000000000     
   325.00000000000000        0.0000000000000000        0.0000000000000000       -325.00000000000000        0.0000000000000000     
   160.63157559225442       -144.15695048649002        70.518695374838970        6.7255168809901358        1.7769999999999999     
   192.84353914766143        138.07546092687576        3.8547572068470344        134.56945614701243        0.0000000000000000     
   182.56126909999452       -91.594447716372613       -16.003445291811694       -134.96572864010605        80.419002445756163     
   113.96361616008954        97.675937275986840       -58.370007289874309       -6.3292443878965150        0.0000000000000000     

 PASSED   1.0000000000000001E-005
 MU_R    =    325.00000000000000     
 ALPHA_S =   0.11799999999999999     
 BORN                    2.8670105894782866E-010
 SINGLE POLE (MadFKS)   -5.5489178656304974E-011
 DOUBLE POLE (MadFKS)   -3.0511186928927653E-011
 SINGLE POLE (MadLoop)  -5.5489178656304599E-011
 DOUBLE POLE (MadLoop)  -3.0511186928927492E-011
 FINITE PART (MadLoop)   6.8937430736734952E-011
   325.00000000000000        0.0000000000000000        0.0000000000000000        325.00000000000000        0.0000000000000000     
   325.00000000000000        0.0000000000000000        0.0000000000000000       -325.00000000000000        0.0000000000000000     
   174.88754201657292        65.721039452341088        154.95065262590518        47.471410845986576        1.7769999999999999     
   111.38432246229115        37.362249037137332       -77.365431397488976        70.888078419089780        0.0000000000000000     
   223.62232592282351       -84.504757195613223        43.880084564034071       -185.66963372271366        80.419002445756163     
   140.10580959831242       -18.578531293865201       -121.46530579245031        67.310144457637293        0.0000000000000000     

 PASSED   1.0000000000000001E-005
 MU_R    =    325.00000000000000     
 ALPHA_S =   0.11799999999999999     
 BORN                    1.1043893611230324E-010
 SINGLE POLE (MadFKS)   -2.9933587929371219E-011
 DOUBLE POLE (MadFKS)   -1.1753088866572889E-011
 SINGLE POLE (MadLoop)  -2.9933587929371575E-011
 DOUBLE POLE (MadLoop)  -1.1753088866573135E-011
 FINITE PART (MadLoop)   3.5486801674757350E-013
   325.00000000000000        0.0000000000000000        0.0000000000000000        325.00000000000000        0.0000000000000000     
   325.00000000000000        0.0000000000000000        0.0000000000000000       -325.00000000000000        0.0000000000000000     
   248.75833297230622       -211.04316287643113       -99.773249386660908       -85.928066451539038        1.7769999999999999     
   108.07348701300080        15.036000168272471        52.530310872493274        93.243572077265384        0.0000000000000000     
   196.82799117653849        141.19967475552565        75.734212927156520       -81.246679916528819        80.419002445756163     
   96.340188838154418        54.807487952632982       -28.491274412988879        73.931174290802460        0.0000000000000000     

 PASSED   1.0000000000000001E-005
 MU_R    =    325.00000000000000     
 ALPHA_S =   0.11799999999999999     
 BORN                    2.0851060795881926E-011
 SINGLE POLE (MadFKS)   -4.0609623451056877E-012
 DOUBLE POLE (MadFKS)   -2.2190033617049070E-012
 SINGLE POLE (MadLoop)  -4.0609623451057192E-012
 DOUBLE POLE (MadLoop)  -2.2190033617048824E-012
 FINITE PART (MadLoop)   3.3236439510494559E-012
   325.00000000000000        0.0000000000000000        0.0000000000000000        325.00000000000000        0.0000000000000000     
   325.00000000000000        0.0000000000000000        0.0000000000000000       -325.00000000000000        0.0000000000000000     
   146.58558344778601        140.59216946354337       -25.454695466347847       -32.712014764878262        1.7769999999999999     
   129.00615622131915       -65.547018325241993       -107.69119731786046       -27.363895042837669        0.0000000000000000     
   252.59026066351052       -1.0358648484539890        229.57728508596182        68.028089670844039        80.419002445756163     
   121.81799966738426       -74.009286289847424       -96.431392301753561       -7.9521798631281149        0.0000000000000000     

 PASSED   1.0000000000000001E-005
 MU_R    =    325.00000000000000     
 ALPHA_S =   0.11799999999999999     
 BORN                    1.1987242509505947E-007
 SINGLE POLE (MadFKS)   -2.2443249003948564E-008
 DOUBLE POLE (MadFKS)   -1.2757015907516367E-008
 SINGLE POLE (MadLoop)  -2.2443249003949921E-008
 DOUBLE POLE (MadLoop)  -1.2757015907516286E-008
 FINITE PART (MadLoop)   1.3962552221464619E-008
   325.00000000000000        0.0000000000000000        0.0000000000000000        325.00000000000000        0.0000000000000000     
   325.00000000000000        0.0000000000000000        0.0000000000000000       -325.00000000000000        0.0000000000000000     
   44.287906382256686        5.4407414183835181       -40.766016485802581       -16.333742847892854        1.7769999999999999     
   219.00913024464120        144.71321916514117       -80.078085519203952       -143.56386574955096        0.0000000000000000     
   199.58448851477735       -180.82626434024516       -5.4485354051191015        25.277018970315854        80.419002445756163     
   187.11847485832473        30.672303756720481        126.29263741012566        134.62058962712794        0.0000000000000000     

 PASSED   1.0000000000000001E-005
 MU_R    =    325.00000000000000     
 ALPHA_S =   0.11799999999999999     
 BORN                    2.1476224126051421E-010
 SINGLE POLE (MadFKS)   -5.0413777756534664E-011
 DOUBLE POLE (MadFKS)   -2.2855342468642231E-011
 SINGLE POLE (MadLoop)  -5.0413777756533610E-011
 DOUBLE POLE (MadLoop)  -2.2855342468642260E-011
 FINITE PART (MadLoop)   1.9057547626069828E-011
   325.00000000000000        0.0000000000000000        0.0000000000000000        325.00000000000000        0.0000000000000000     
   325.00000000000000        0.0000000000000000        0.0000000000000000       -325.00000000000000        0.0000000000000000     
   159.88134491786087        87.823374186332742       -73.570129654034290        111.50505680443356        1.7769999999999999     
   192.28709072566286        116.45446374237150        151.93878985292804       -18.091082671961850        0.0000000000000000     
   210.35885983598743       -131.45863543827977       -122.69352078980103       -73.814369075635810        80.419002445756163     
   87.472704520488861       -72.819202490424473        44.324860590907242       -19.599605056835909        0.0000000000000000     

 PASSED   1.0000000000000001E-005
 MU_R    =    325.00000000000000     
 ALPHA_S =   0.11799999999999999     
 BORN                    6.7123419603565732E-009
 SINGLE POLE (MadFKS)   -9.9959947341250224E-010
 DOUBLE POLE (MadFKS)   -7.1433820661468872E-010
 SINGLE POLE (MadLoop)  -9.9959947341239120E-010
 DOUBLE POLE (MadLoop)  -7.1433820661468644E-010
 FINITE PART (MadLoop)   1.4637061084755555E-009
   325.00000000000000        0.0000000000000000        0.0000000000000000        325.00000000000000        0.0000000000000000     
   325.00000000000000        0.0000000000000000        0.0000000000000000       -325.00000000000000        0.0000000000000000     
   77.676931552222584       -44.751529849080178       -22.273273424135837        59.428527101967148        1.7769999999999999     
   126.67104930859946        50.718157789524376       -41.958622106355307        108.22521533503463        0.0000000000000000     
   255.08064411773242       -182.01919494607131        112.63008540271107       -113.05925695186957        80.419002445756163     
   190.57137502144556        176.05256700562674       -48.398189872219881       -54.594485485132061        0.0000000000000000     

 PASSED   1.0000000000000001E-005
 MU_R    =    325.00000000000000     
 ALPHA_S =   0.11799999999999999     
 BORN                    9.3177049134890192E-010
 SINGLE POLE (MadFKS)   -2.1959894671590432E-010
 DOUBLE POLE (MadFKS)   -9.9160511442611913E-011
 SINGLE POLE (MadLoop)  -2.1959894671590651E-010
 DOUBLE POLE (MadLoop)  -9.9160511442612495E-011
 FINITE PART (MadLoop)   6.3269237425544498E-011
   325.00000000000000        0.0000000000000000        0.0000000000000000        325.00000000000000        0.0000000000000000     
   325.00000000000000        0.0000000000000000        0.0000000000000000       -325.00000000000000        0.0000000000000000     
   118.65692939384813        49.080922658971396        39.918792653842878        100.36863149500556        1.7769999999999999     
   172.76611406326847        76.701324275411920       -121.69585678268557        95.682576600175565        0.0000000000000000     
   270.61755201240618       -190.99212312830213        27.970507868101787       -171.77398841314931        80.419002445756163     
   87.959404530477158        65.209876193918788        53.806556260740891       -24.277219682031834        0.0000000000000000     

 PASSED   1.0000000000000001E-005
 MU_R    =    325.00000000000000     
 ALPHA_S =   0.11799999999999999     
 BORN                    1.6086525439841901E-011
 SINGLE POLE (MadFKS)   -2.7295841973870901E-012
 DOUBLE POLE (MadFKS)   -1.7119538606980914E-012
 SINGLE POLE (MadLoop)  -2.7295841973869015E-012
 DOUBLE POLE (MadLoop)  -1.7119538606980989E-012
 FINITE PART (MadLoop)   1.3345020171877060E-012
   325.00000000000000        0.0000000000000000        0.0000000000000000        325.00000000000000        0.0000000000000000     
   325.00000000000000        0.0000000000000000        0.0000000000000000       -325.00000000000000        0.0000000000000000     
   216.57210170745705       -142.64900513868434        145.86291292961658       -72.633253222031897        1.7769999999999999     
   105.25605909980298       -70.789104756910149       -38.145549663268454       -67.916549277945037        0.0000000000000000     
   171.75767165941525        111.29348541619072        4.6565991323753444        103.08034734094306        80.419002445756163     
   156.41416753332473        102.14462447940379       -112.37396239872346        37.469455159033920        0.0000000000000000     

 PASSED   1.0000000000000001E-005
 MU_R    =    325.00000000000000     
 ALPHA_S =   0.11799999999999999     
 BORN                    1.5416290258133824E-010
 SINGLE POLE (MadFKS)   -3.5125275656667280E-011
 DOUBLE POLE (MadFKS)   -1.6406263567450624E-011
 SINGLE POLE (MadLoop)  -3.5125275656672489E-011
 DOUBLE POLE (MadLoop)  -1.6406263567450510E-011
 FINITE PART (MadLoop)   8.6175360794025220E-012
   325.00000000000000        0.0000000000000000        0.0000000000000000        325.00000000000000        0.0000000000000000     
   325.00000000000000        0.0000000000000000        0.0000000000000000       -325.00000000000000        0.0000000000000000     
   121.97924713325253        97.751539259086613       -32.666181000070473        65.217606468997062        1.7769999999999999     
   134.81860110444498        85.319526362322108        86.122204753941986       -58.988129936357055        0.0000000000000000     
   292.19223091740201       -273.65264241742511       -50.506559060664195        38.371899144170087        80.419002445756163     
   101.00992084490042        90.581576796016407       -2.9494646932073358       -44.601375676810093        0.0000000000000000     

 PASSED   1.0000000000000001E-005
 MU_R    =    325.00000000000000     
 ALPHA_S =   0.11799999999999999     
 BORN                    5.0765595388797982E-009
 SINGLE POLE (MadFKS)   -1.5470136928152074E-009
 DOUBLE POLE (MadFKS)   -5.4025561543104781E-010
 SINGLE POLE (MadLoop)  -1.5470136928145574E-009
 DOUBLE POLE (MadLoop)  -5.4025561543106342E-010
 FINITE PART (MadLoop)  -9.3691973581482922E-010
   325.00000000000000        0.0000000000000000        0.0000000000000000        325.00000000000000        0.0000000000000000     
   325.00000000000000        0.0000000000000000        0.0000000000000000       -325.00000000000000        0.0000000000000000     
   219.47007982895789        157.41760845793630        152.80257539564300       -5.9184213242928383        1.7769999999999999     
   83.567840340871797        31.813401568072802        73.128916001918924        24.973046756258377        0.0000000000000000     
   294.77064498267845       -146.59907403917899       -242.68434094377520        5.9614881258346255        80.419002445756163     
   52.191434847491877       -42.631935986830079        16.752849546213209       -25.016113557800171        0.0000000000000000     

 PASSED   1.0000000000000001E-005
 MU_R    =    325.00000000000000     
 ALPHA_S =   0.11799999999999999     
 BORN                    3.8786772140239839E-010
 SINGLE POLE (MadFKS)   -1.0446541259231443E-010
 DOUBLE POLE (MadFKS)   -4.1277505548241848E-011
 SINGLE POLE (MadLoop)  -1.0446541259234749E-010
 DOUBLE POLE (MadLoop)  -4.1277505548240873E-011
 FINITE PART (MadLoop)  -4.1279417629346544E-012
   325.00000000000000        0.0000000000000000        0.0000000000000000        325.00000000000000        0.0000000000000000     
   325.00000000000000        0.0000000000000000        0.0000000000000000       -325.00000000000000        0.0000000000000000     
   82.468256223409398        22.627500973831662       -77.809745034193639       -15.214970684261347        1.7769999999999999     
   229.83855650899432        216.02058089809549       -71.537229628270310       -32.300084577283897        0.0000000000000000     
   257.89401739613493       -202.61658464416982        98.015833849812424        96.858268600080578        80.419002445756163     
   79.799169871461473       -36.031497227757292        51.331140812651554       -49.343213338535399        0.0000000000000000     

 PASSED   1.0000000000000001E-005
 MU_R    =    325.00000000000000     
 ALPHA_S =   0.11799999999999999     
 BORN                    6.6331862724245625E-012
 SINGLE POLE (MadFKS)   -1.4730825760747989E-012
 DOUBLE POLE (MadFKS)   -7.0591433123785972E-013
 SINGLE POLE (MadLoop)  -1.4730825760743106E-012
 DOUBLE POLE (MadLoop)  -7.0591433123787123E-013
 FINITE PART (MadLoop)   1.4269447962609719E-012
   325.00000000000000        0.0000000000000000        0.0000000000000000        325.00000000000000        0.0000000000000000     
   325.00000000000000        0.0000000000000000        0.0000000000000000       -325.00000000000000        0.0000000000000000     
   204.89872846801453       -15.702952240698734        36.379107828703411       -201.02315539092268        1.7769999999999999     
   119.89928415429422        8.2618210474950615       -106.07896581757788       -55.270549705647916        0.0000000000000000     
   170.60961478028327       -66.508418970620667        9.4457822773748177        134.63963793884372        80.419002445756163     
   154.59237259740800        73.949550163824355        60.254075711499652        121.65406715772686        0.0000000000000000     

 PASSED   1.0000000000000001E-005
 MU_R    =    325.00000000000000     
 ALPHA_S =   0.11799999999999999     
 BORN                    1.2298651744247841E-009
 SINGLE POLE (MadFKS)   -2.2806100642537022E-010
 DOUBLE POLE (MadFKS)   -1.3088422614121285E-010
 SINGLE POLE (MadLoop)  -2.2806100643348665E-010
 DOUBLE POLE (MadLoop)  -1.3088422614121381E-010
 FINITE PART (MadLoop)   2.8621002114048987E-010
   325.00000000000000        0.0000000000000000        0.0000000000000000        325.00000000000000        0.0000000000000000     
   325.00000000000000        0.0000000000000000        0.0000000000000000       -325.00000000000000        0.0000000000000000     
   184.07149558378589        82.411510471046682       -68.397637464987298        149.69724075125910        1.7769999999999999     
   129.80573589594448        26.862811088157109        119.07772074569262        44.140852664402850        0.0000000000000000     
   84.016087069178411        8.5004365196070850        9.0281934339722021        20.921788507203289        80.419002445756163     
   252.10668145109113       -117.77475807881088       -59.708276714677496       -214.75988192286522        0.0000000000000000     

 PASSED   1.0000000000000001E-005
 MU_R    =    325.00000000000000     
 ALPHA_S =   0.11799999999999999     
 BORN                    2.8809488195725906E-010
 SINGLE POLE (MadFKS)   -3.5536312647750595E-011
 DOUBLE POLE (MadFKS)   -3.0659519811068524E-011
 SINGLE POLE (MadLoop)  -3.5536312647751242E-011
 DOUBLE POLE (MadLoop)  -3.0659519811068621E-011
 FINITE PART (MadLoop)   4.4993320368642354E-011
   325.00000000000000        0.0000000000000000        0.0000000000000000        325.00000000000000        0.0000000000000000     
   325.00000000000000        0.0000000000000000        0.0000000000000000       -325.00000000000000        0.0000000000000000     
   48.772555937756700        15.357893404094044       -26.163085799505353       -38.147510211517243        1.7769999999999999     
   186.88977801736024       -181.84829476447015        38.824555768733958       -18.752084897232532        0.0000000000000000     
   152.72765266471239       -45.333879377941280       -99.924293180844913       -69.415379758071808        80.419002445756163     
   261.61001338017064        211.82428073831744        87.262823211616308        126.31497486682156        0.0000000000000000     

 PASSED   1.0000000000000001E-005
 MU_R    =    325.00000000000000     
 ALPHA_S =   0.11799999999999999     
 BORN                    1.2876023297680418E-010
 SINGLE POLE (MadFKS)   -1.8410960554915131E-011
 DOUBLE POLE (MadFKS)   -1.3702870689718814E-011
 SINGLE POLE (MadLoop)  -1.8410960554915952E-011
 DOUBLE POLE (MadLoop)  -1.3702870689718799E-011
 FINITE PART (MadLoop)   2.1642819985914835E-011
   325.00000000000000        0.0000000000000000        0.0000000000000000        325.00000000000000        0.0000000000000000     
   325.00000000000000        0.0000000000000000        0.0000000000000000       -325.00000000000000        0.0000000000000000     
   92.187953798772341        10.536179001915412       -29.795438576998968        86.583381018810186        1.7769999999999999     
   126.27937696168226        9.2405540045052188        123.51007043802943       -24.624291013417452        0.0000000000000000     
   237.29172317136974       -202.40131612483680       -32.990898146201509       -88.235218601804817        80.419002445756163     
   194.24094606817567        182.62458311841618       -60.723733714828960        26.276128596412086        0.0000000000000000     

 PASSED   1.0000000000000001E-005
 MU_R    =    325.00000000000000     
 ALPHA_S =   0.11799999999999999     
 BORN                    6.3147366660095868E-011
 SINGLE POLE (MadFKS)   -1.6507585747523360E-011
 DOUBLE POLE (MadFKS)   -6.7202441292214516E-012
 SINGLE POLE (MadLoop)  -1.6507585747523964E-011
 DOUBLE POLE (MadLoop)  -6.7202441292214629E-012
 FINITE PART (MadLoop)   5.9789345015621027E-013
   325.00000000000000        0.0000000000000000        0.0000000000000000        325.00000000000000        0.0000000000000000     
   325.00000000000000        0.0000000000000000        0.0000000000000000       -325.00000000000000        0.0000000000000000     
   201.83083749891910        134.31445886978685       -119.59873202731956       -91.587655677437482        1.7769999999999999     
   136.71606283347094       -47.619864746824966       -11.072746514806740        127.67546593922620        0.0000000000000000     
   218.36592759056299       -146.05395734452517        98.998543037494358       -100.41908383655712        80.419002445756163     
   93.087172077046944        59.359363221563292        31.672935504631969        64.331273574768389        0.0000000000000000     

 PASSED   1.0000000000000001E-005
 MU_R    =    325.00000000000000     
 ALPHA_S =   0.11799999999999999     
 BORN                    5.1252406649550229E-011
 SINGLE POLE (MadFKS)   -1.1686392212539188E-011
 DOUBLE POLE (MadFKS)   -5.4543633901484935E-012
 SINGLE POLE (MadLoop)  -1.1686392212551387E-011
 DOUBLE POLE (MadLoop)  -5.4543633901485032E-012
 FINITE PART (MadLoop)   7.5815448029180185E-013
   325.00000000000000        0.0000000000000000        0.0000000000000000        325.00000000000000        0.0000000000000000     
   325.00000000000000        0.0000000000000000        0.0000000000000000       -325.00000000000000        0.0000000000000000     
   261.48817812262973       -257.71258548215968        34.420371685980115       -27.791561057121150        1.7769999999999999     
   91.711805831503355        51.045044807129727        58.796408364534898        48.460717008153559        0.0000000000000000     
   177.49932144991666        145.11646498030868       -26.882356476025720        57.073143094848341        80.419002445756163     
   119.30069459595033        61.551075694721284       -66.334423574489293       -77.742299045880742        0.0000000000000000     

 PASSED   1.0000000000000001E-005
 MU_R    =    325.00000000000000     
 ALPHA_S =   0.11799999999999999     
 BORN                    3.7335079412911417E-011
 SINGLE POLE (MadFKS)   -5.8008157452983695E-012
 DOUBLE POLE (MadFKS)   -3.9732590844074599E-012
 SINGLE POLE (MadLoop)  -5.8008157453316490E-012
 DOUBLE POLE (MadLoop)  -3.9732590844074591E-012
 FINITE PART (MadLoop)   5.7064504863406358E-012
   325.00000000000000        0.0000000000000000        0.0000000000000000        325.00000000000000        0.0000000000000000     
   325.00000000000000        0.0000000000000000        0.0000000000000000       -325.00000000000000        0.0000000000000000     
   53.152378165012522        48.616570791434476       -10.854424276001657        18.456112638215178        1.7769999999999999     
   229.00872089794626       -162.24201510791900       -159.19826918899531       -27.900427743376742        0.0000000000000000     
Thanks for using LHAPDF 6.2.1. Please make sure to cite the paper:
  Eur.Phys.J. C75 (2015) 3, 132  (http://arxiv.org/abs/1412.7420)
   187.90723682093594       -57.355907665582549        147.80297426860250        60.880985114571992        80.419002445756163     
   179.93166411610522        170.98135198206711        22.249719196394466       -51.436670009410420        0.0000000000000000     

 PASSED   1.0000000000000001E-005
 MU_R    =    325.00000000000000     
 ALPHA_S =   0.11799999999999999     
 BORN                    1.7646735599026136E-009
 SINGLE POLE (MadFKS)   -6.5367616000625867E-010
 DOUBLE POLE (MadFKS)   -1.8779939304138601E-010
 SINGLE POLE (MadLoop)  -6.5367616000635318E-010
 DOUBLE POLE (MadLoop)  -1.8779939304138273E-010
 FINITE PART (MadLoop)  -7.8502606682540602E-010
   325.00000000000000        0.0000000000000000        0.0000000000000000        325.00000000000000        0.0000000000000000     
   325.00000000000000        0.0000000000000000        0.0000000000000000       -325.00000000000000        0.0000000000000000     
   222.00775643436515        187.41460107180356        98.522630026241274        66.733386440592966        1.7769999999999999     
   142.34381622304991       -6.6192225446036828       -139.06095087768011        29.664791434322474        0.0000000000000000     
   248.52522669596752       -198.95786260035672        22.538146124674483       -123.31006945368198        80.419002445756163     
   37.123200646617335        18.162484073156858        18.000174726764399        26.911891578766543        0.0000000000000000     

 NUMBER OF POINTS PASSING THE CHECK          20
 NUMBER OF POINTS FAILING THE CHECK           0
 TOLERANCE    1.0000000000000001E-005
