==== LHAPDF6 USING DEFAULT-TYPE LHAGLUE INTERFACE ====
LHAPDF 6.2.1 loading /cvmfs/cms.cern.ch/slc7_amd64_gcc700/external/lhapdf/6.2.1-pafccj3/share/LHAPDF/NNPDF31_nnlo_as_0118_nf_4_mc_hessian/NNPDF31_nnlo_as_0118_nf_4_mc_hessian_0000.dat
NNPDF31_nnlo_as_0118_nf_4_mc_hessian PDF set, member #0, version 1; LHAPDF ID = 325500
 A PDF is used, so alpha_s(MZ) is going to be modified
 Old value of alpha_s from param_card:   0.11799999999999999     
 New value of alpha_s from PDF lhapdf :  0.11266013434007299     
 *****************************************************
 *               MadGraph/MadEvent                   *
 *        --------------------------------           *
 *          http://madgraph.hep.uiuc.edu             *
 *          http://madgraph.phys.ucl.ac.be           *
 *          http://madgraph.roma2.infn.it            *
 *        --------------------------------           *
 *                                                   *
 *          PARAMETER AND COUPLING VALUES            *
 *                                                   *
 *****************************************************

  External Params
  ---------------------------------
  
 MU_R =    91.188000000000002     
 aEWM1 =    132.50700000000001     
 mdl_Gf =    1.1663900000000000E-005
 aS =   0.11799999999999999     
 mdl_ymb =    4.7000000000000002     
 mdl_ymt =    173.00000000000000     
 mdl_ymtau =    1.7769999999999999     
 mdl_MT =    173.00000000000000     
 mdl_MB =    4.7000000000000002     
 mdl_MZ =    91.188000000000002     
 mdl_MH =    125.00000000000000     
 mdl_MTA =    1.7769999999999999     
 mdl_WT =    1.4915000000000000     
 mdl_WZ =    2.4414039999999999     
 mdl_WW =    2.0476000000000001     
 mdl_WH =    6.3823389999999999E-003
  Internal Params
  ---------------------------------
  
 mdl_conjg__CKM3x3 =    1.0000000000000000     
 mdl_CKM22 =    1.0000000000000000     
 mdl_lhv =    1.0000000000000000     
 mdl_CKM3x3 =    1.0000000000000000     
 mdl_conjg__CKM22 =    1.0000000000000000     
 mdl_conjg__CKM33 =    1.0000000000000000     
 mdl_Ncol =    3.0000000000000000     
 mdl_CA =    3.0000000000000000     
 mdl_TF =   0.50000000000000000     
 mdl_CF =    1.3333333333333333     
 mdl_complexi =                (0.0000000000000000,1.0000000000000000)
 mdl_MZ__exp__2 =    8315.2513440000002     
 mdl_MZ__exp__4 =    69143404.913893804     
 mdl_sqrt__2 =    1.4142135623730951     
 mdl_MH__exp__2 =    15625.000000000000     
 mdl_Ncol__exp__2 =    9.0000000000000000     
 mdl_MB__exp__2 =    22.090000000000003     
 mdl_MT__exp__2 =    29929.000000000000     
 mdl_aEW =    7.5467711139788835E-003
 mdl_MW =    80.419002445756163     
 mdl_sqrt__aEW =    8.6872153846781555E-002
 mdl_ee =   0.30795376724436879     
 mdl_MW__exp__2 =    6467.2159543705357     
 mdl_sw2 =   0.22224648578577766     
 mdl_cw =   0.88190334743339216     
 mdl_sqrt__sw2 =   0.47143025548407230     
 mdl_sw =   0.47143025548407230     
 mdl_g1 =   0.34919219678733299     
 mdl_gw =   0.65323293034757990     
 mdl_v =    246.21845810181637     
 mdl_v__exp__2 =    60623.529110035903     
 mdl_lam =   0.12886910601690263     
 mdl_yb =    2.6995554250465490E-002
 mdl_yt =   0.99366614581500623     
 mdl_ytau =    1.0206617000654717E-002
 mdl_muH =    88.388347648318430     
 mdl_AxialZUp =  -0.18517701861793787     
 mdl_AxialZDown =   0.18517701861793787     
 mdl_VectorZUp =    7.5430507588273299E-002
 mdl_VectorZDown =  -0.13030376310310560     
 mdl_VectorAUp =   0.20530251149624587     
 mdl_VectorADown =  -0.10265125574812294     
 mdl_VectorWmDxU =   0.23095271737156670     
 mdl_AxialWmDxU =  -0.23095271737156670     
 mdl_VectorWpUxD =   0.23095271737156670     
 mdl_AxialWpUxD =  -0.23095271737156670     
 mdl_I1x33 =          (2.69955542504654901E-002,0.0000000000000000)
 mdl_I2x33 =               (0.99366614581500623,0.0000000000000000)
 mdl_I3x33 =               (0.99366614581500623,0.0000000000000000)
 mdl_I4x33 =          (2.69955542504654901E-002,0.0000000000000000)
 mdl_Vector_tbGp =              (-0.96667059156454072,0.0000000000000000)
 mdl_Axial_tbGp =              (-1.0206617000654716,-0.0000000000000000)
 mdl_Vector_tbGm =               (0.96667059156454072,0.0000000000000000)
 mdl_Axial_tbGm =              (-1.0206617000654716,-0.0000000000000000)
 mdl_gw__exp__2 =   0.42671326129048615     
 mdl_cw__exp__2 =   0.77775351421422245     
 mdl_ee__exp__2 =    9.4835522759998875E-002
 mdl_sw__exp__2 =   0.22224648578577769     
 mdl_yb__exp__2 =    7.2875994928982540E-004
 mdl_yt__exp__2 =   0.98737240933884918     
  Internal Params evaluated point by point
  ----------------------------------------
  
 mdl_sqrt__aS =   0.34351128074635334     
 mdl_G__exp__4 =    2.1987899468922913     
 mdl_G__exp__2 =    1.4828317324943823     
 mdl_R2MixedFactor_FIN_ =   -2.5040377713124864E-002
 mdl_G_UVg_1EPS_ =   -5.1645779033320030E-002
 mdl_G_UVq_1EPS_ =    3.1300472141406080E-003
 mdl_GWcft_UV_b_1EPS_ =   -3.1300472141406080E-003
 mdl_GWcft_UV_t_1EPS_ =   -3.1300472141406080E-003
 mdl_bWcft_UV_1EPS_ =   -1.8780283284843650E-002
 mdl_tWcft_UV_1EPS_ =   -1.8780283284843650E-002
 mdl_G__exp__3 =    1.8056676068262196     
 mdl_MU_R__exp__2 =    8315.2513440000002     
 mdl_G_UVb_FIN_ =    1.8563438626678915E-002
 mdl_G_UVt_FIN_ =   -4.0087659331150384E-003
 mdl_GWcft_UV_b_FIN_ =   -1.8563438626678915E-002
 mdl_GWcft_UV_t_FIN_ =    4.0087659331150384E-003
 mdl_bWcft_UV_FIN_ =  -0.13642100947319838     
 mdl_tWcft_UV_FIN_ =   -9.8778211443463623E-004
  Couplings of loop_sm
  ---------------------------------
  
      UV_GQQb =   0.00000E+00   0.22605E-01
      UV_GQQt =   0.00000E+00  -0.48815E-02
   UVWfct_G_2 =   0.40088E-02   0.00000E+00
   UVWfct_G_1 =  -0.18563E-01   0.00000E+00
       R2_DDA =   0.00000E+00   0.25704E-02
       R2_UUA =  -0.00000E+00  -0.51409E-02
    R2_UUZ_V2 =  -0.00000E+00  -0.72127E-02
    R2_UUZ_V5 =   0.00000E+00   0.68702E-03
      R2_sxcW =  -0.00000E+00  -0.11566E-01
      R2_GGHb =   0.00000E+00  -0.33698E-02
      R2_GGHt =   0.00000E+00  -0.45657E+01
     R2_GGZup =  -0.46369E-02   0.00000E+00
    R2_GGWWcs =   0.00000E+00   0.13356E-02
         GC_4 =  -0.12177E+01   0.00000E+00
         GC_5 =   0.00000E+00   0.12177E+01
       R2_GQQ =  -0.00000E+00  -0.30492E-01
       R2_QQq =   0.00000E+00   0.12520E-01
 UV_GQQg_1eps =   0.00000E+00  -0.62890E-01
 UV_GQQq_1eps =   0.00000E+00   0.38115E-02
 UVWfct_G_2_1eps -0.31300E-02   0.00000E+00
         GC_1 =  -0.00000E+00  -0.10265E+00
         GC_2 =   0.00000E+00   0.20530E+00
         GC_7 =   0.00000E+00   0.57609E+00
        GC_22 =   0.00000E+00   0.28804E+00
        GC_23 =  -0.00000E+00  -0.27437E-01
        GC_24 =   0.00000E+00   0.82310E-01
        GC_25 =   0.00000E+00   0.30795E+00
        GC_28 =   0.00000E+00   0.37035E+00
        GC_31 =   0.00000E+00   0.52532E+02
        GC_33 =  -0.00000E+00  -0.19089E-01
        GC_37 =  -0.00000E+00  -0.70263E+00
        GC_38 =  -0.00000E+00  -0.72172E-02
        GC_47 =   0.00000E+00   0.46191E+00

 Collider parameters:
 --------------------

 Running at P P   machine @    13000.000000000000       GeV
 PDF set = lhapdf 
 alpha_s(Mz)= 0.1127 running at 3 loops.
 alpha_s(Mz)= 0.1127 running at 3 loops.
 Renormalization scale set on event-by-event basis
 Factorization   scale set on event-by-event basis


 ===============================================================
 INFO: MadFKS read these parameters from FKS_params.dat
 ===============================================================
  > IRPoleCheckThreshold      =    1.0000000000000001E-005
  > PrecisionVirtualAtRunTime =    1.0000000000000000E-003
  > NHelForMCoverHels         =            4
  > VirtualFraction           =    1.0000000000000000     
  > MinVirtualFraction        =    5.0000000000000001E-003
 ===============================================================
  Insert the number of points to test
 Insert the relative tolerance
  A negative number will mean use the default one:    1.0000000000000001E-005
Using random seed offsets:     1 ,     61 ,      0
  with seed                   32
 Ranmar initialization seeds       10730        9467
  ========================================================================================== 
 {                                                                                          }
 {       [32m                                                                            [0m       }
 {       [32m                               ,,                                           [0m       }
 {       [32m`7MMM.     ,MMF'             `7MM  `7MMF'                                   [0m       }
 {       [32m  MMMb    dPMM                 MM    MM                                     [0m       }
 {       [32m  M YM   ,M MM   ,6"Yb.   ,M""bMM    MM         ,pW"Wq.   ,pW"Wq.`7MMpdMAo. [0m       }
 {       [32m  M  Mb  M' MM  8)   MM ,AP    MM    MM        6W'   `Wb 6W'   `Wb MM   `Wb [0m       }
 {       [32m  M  YM.P'  MM   ,pm9MM 8MI    MM    MM      , 8M     M8 8M     M8 MM    M8 [0m       }
 {       [32m  M  `YM'   MM  8M   MM `Mb    MM    MM     ,M YA.   ,A9 YA.   ,A9 MM   ,AP [0m       }
 {       [32m.JML. `'  .JMML.`Moo9^Yo.`Wbmd"MML..JMMmmmmMMM  `Ybmd9'   `Ybmd9'  MMbmmd'  [0m       }
 {       [32m                                                                   MM       [0m       }
 {       [32m                                                                 .JMML.     [0m       }
 {       [32m[0mv2.6.5 (2018-02-03), Ref: arXiv:1103.0621v2, arXiv:1405.0301[32m                [0m       }
 {       [32m                                                                            [0m       }
 {                                                                                          }
  ========================================================================================== 
 ===============================================================
 INFO: MadLoop read these parameters from ./MadLoop5_resources/MadLoopParams.dat                                                                                                                                                                                                                                                                                                                                                                                                                                                                                          
 ===============================================================
  > MLReductionLib            = 6|7|1
  > CTModeRun                 =           -1
  > MLStabThres               =    1.0000000000000000E-003
  > NRotations_DP             =            0
  > NRotations_QP             =            0
  > CTStabThres               =    1.0000000000000000E-002
  > CTLoopLibrary             =            2
  > CTModeInit                =            1
  > CheckCycle                =            3
  > MaxAttempts               =           10
  > UseLoopFilter             =  F
  > HelicityFilterLevel       =            2
  > ImprovePSPoint            =            2
  > DoubleCheckHelicityFilter =  T
  > LoopInitStartOver         =  F
  > HelInitStartOver          =  F
  > ZeroThres                 =    1.0000000000000001E-009
  > OSThres                   =    1.0000000000000000E-008
  > WriteOutFilters           =  T
  > UseQPIntegrandForNinja    =  T
  > UseQPIntegrandForCutTools =  T
  > IREGIMODE                 =            2
  > IREGIRECY                 =  T
  > COLLIERMode               =            1
  > COLLIERRequiredAccuracy   =    1.0000000000000000E-008
  > COLLIERCanOutput          =  F
  > COLLIERComputeUVpoles     =  T
  > COLLIERComputeIRpoles     =  T
  > COLLIERGlobalCache        =           -1
  > COLLIERUseCacheForPoles   =  F
  > COLLIERUseInternalStabilityTest =  T
 ===============================================================
  
------------------------------------------------------------------------
|              You are using CutTools - Version 1.9.3                  |
|              Authors: G. Ossola, C. Papadopoulos, R. Pittau          |
|              Published in JHEP 0803:042,2008                         |
|              http://www.ugr.es/~pittau/CutTools                      |
|                                                                      |
|              Compiler with  34  significant digits detetected        |
 ---------------------------------------------------------------------- 
   
########################################################################
#                                                                      #

  +----------------------------------------------------------------+
  |                                                                |
  |  Ninja - version 1.1.0                                         |
  |                                                                |
  |  Author: Tiziano Peraro                                        |
  |                                                                |
  |  Based on:                                                     |
  |                                                                |
  |      P. Mastrolia, E. Mirabella and T. Peraro,                 |
  |      "Integrand reduction of one-loop scattering amplitudes    |
  |      through Laurent series expansion,"                        |
  |      JHEP 1206 (2012) 095  [arXiv:1203.0291 [hep-ph]].         |
  |                                                                |
  |      T. Peraro,                                                |
  |      "Ninja: Automated Integrand Reduction via Laurent         |
  |      Expansion for One-Loop Amplitudes,"                       |
  |      Comput.Phys.Commun. 185 (2014) [arXiv:1403.1229 [hep-ph]] |
  |                                                                |
  +----------------------------------------------------------------+


#                      You are using OneLOop-3.6                       #
#                                                                      #
# for the evaluation of 1-loop scalar 1-, 2-, 3- and 4-point functions #
#                                                                      #
# author: Andreas van Hameren <hamerenREMOVETHIS@ifj.edu.pl>           #
#   date: 18-02-2015                                                   #
#                                                                      #
# Please cite                                                          #
#    A. van Hameren,                                                   #
#      Comput.Phys.Commun. 182 (2011) 2427-2438, arXiv:1007.4716       #
#    A. van Hameren, C.G. Papadopoulos and R. Pittau,                  #
#      JHEP 0909:106,2009, arXiv:0903.4665                             #
# in publications with results obtained with the help of this program. #
#                                                                      #
########################################################################
########################################################################
#                                                                      #
#                      You are using OneLOop-3.6                       #
#                                                                      #
# for the evaluation of 1-loop scalar 1-, 2-, 3- and 4-point functions #
#                                                                      #
# author: Andreas van Hameren <hamerenREMOVETHIS@ifj.edu.pl>           #
#   date: 18-02-2015                                                   #
#                                                                      #
# Please cite                                                          #
#    A. van Hameren,                                                   #
#      Comput.Phys.Commun. 182 (2011) 2427-2438, arXiv:1007.4716       #
#    A. van Hameren, C.G. Papadopoulos and R. Pittau,                  #
#      JHEP 0909:106,2009, arXiv:0903.4665                             #
# in publications with results obtained with the help of this program. #
#                                                                      #
########################################################################
 PASSED   1.0000000000000001E-005
 MU_R    =    325.00000000000000     
 ALPHA_S =   0.11799999999999999     
 BORN                    2.1428410824130202E-012
 SINGLE POLE (MadFKS)   -4.2882512728987041E-013
 DOUBLE POLE (MadFKS)   -2.2804458785199926E-013
 SINGLE POLE (MadLoop)  -4.2882512728992665E-013
 DOUBLE POLE (MadLoop)  -2.2804458785201395E-013
 FINITE PART (MadLoop)   3.5573565320576886E-014
   325.00000000000000        0.0000000000000000        0.0000000000000000        325.00000000000000        0.0000000000000000     
   325.00000000000000        0.0000000000000000        0.0000000000000000       -325.00000000000000        0.0000000000000000     
   195.22171501549215       -149.58633332837542        125.06126717172762        9.7532737254716864        0.0000000000000000     
   206.85845048246455        144.05759333532623       -35.968816412346733        144.02802707922822        0.0000000000000000     
   160.07964105362586        58.156626848771168       -93.734813336413183       -83.605424751314615        80.419002445756163     
   87.840193448417494       -52.627886855722004        4.6423625770323280       -70.175876053385338        0.0000000000000000     

 PASSED   1.0000000000000001E-005
 MU_R    =    325.00000000000000     
 ALPHA_S =   0.11799999999999999     
 BORN                    1.3728677999340232E-012
 SINGLE POLE (MadFKS)   -5.2367761197575970E-014
 DOUBLE POLE (MadFKS)   -1.4610279510727240E-013
 SINGLE POLE (MadLoop)  -5.2367761197899252E-014
 DOUBLE POLE (MadLoop)  -1.4610279510727164E-013
 FINITE PART (MadLoop)   7.2742384133803988E-014
   325.00000000000000        0.0000000000000000        0.0000000000000000        325.00000000000000        0.0000000000000000     
   325.00000000000000        0.0000000000000000        0.0000000000000000       -325.00000000000000        0.0000000000000000     
   228.53307807202734      -0.77686094221268909       -225.12330818922877        39.322517341713379        0.0000000000000000     
   153.44187118967625       -21.584975075647236        116.93723789858129       -96.975146701737430        0.0000000000000000     
   102.09242239994401       -31.716401581531763       -1.7200780221702878       -54.284048848945595        80.419002445756163     
   165.93262833835237        54.078237599391677        109.90614831281779        111.93667820896962        0.0000000000000000     

 PASSED   1.0000000000000001E-005
 MU_R    =    325.00000000000000     
 ALPHA_S =   0.11799999999999999     
 BORN                    1.0198026597592942E-011
 SINGLE POLE (MadFKS)   -7.3512190511843065E-013
 DOUBLE POLE (MadFKS)   -1.0852903612119389E-012
 SINGLE POLE (MadLoop)  -7.3512190511843388E-013
 DOUBLE POLE (MadLoop)  -1.0852903612119484E-012
 FINITE PART (MadLoop)   2.8729262810867589E-013
   325.00000000000000        0.0000000000000000        0.0000000000000000        325.00000000000000        0.0000000000000000     
   325.00000000000000        0.0000000000000000        0.0000000000000000       -325.00000000000000        0.0000000000000000     
   90.540418097075118       -29.985285731942056        67.072455898236328       -52.912527897900482        0.0000000000000000     
   242.26927536312238        206.53230302805829        121.79622676177732        34.705745021428832        0.0000000000000000     
   163.18447671354861       -135.88028219900508       -41.086610377268748        3.2244136101626837        80.419002445756163     
   154.00582982625389       -40.666735097111271       -147.78207228274493        14.982369266308968        0.0000000000000000     

 PASSED   1.0000000000000001E-005
 MU_R    =    325.00000000000000     
 ALPHA_S =   0.11799999999999999     
 BORN                    3.4417341790658622E-012
 SINGLE POLE (MadFKS)   -7.9302694350315450E-013
 DOUBLE POLE (MadFKS)   -3.6627487628591891E-013
 SINGLE POLE (MadLoop)  -7.9302694350302899E-013
 DOUBLE POLE (MadLoop)  -3.6627487628593769E-013
 FINITE PART (MadLoop)   1.4847319375297971E-012
   325.00000000000000        0.0000000000000000        0.0000000000000000        325.00000000000000        0.0000000000000000     
   325.00000000000000        0.0000000000000000        0.0000000000000000       -325.00000000000000        0.0000000000000000     
   142.40009516849543       -9.3872253768764455        11.890769785262586        141.59193726209881        0.0000000000000000     
   78.339721889183977       -6.4816057165045891        70.860599234306008       -32.770051711364786        0.0000000000000000     
   203.84976730860072        39.353473037628724       -150.02515208526225        105.02985089521310        80.419002445756163     
   225.41041563371985       -23.484641944247734        67.273783065693237       -213.85173644594724        0.0000000000000000     

 PASSED   1.0000000000000001E-005
 MU_R    =    325.00000000000000     
 ALPHA_S =   0.11799999999999999     
 BORN                    1.2392420978324348E-010
 SINGLE POLE (MadFKS)   -6.2891922246427580E-012
 DOUBLE POLE (MadFKS)   -1.3188213338284998E-011
 SINGLE POLE (MadLoop)  -6.2891922246389371E-012
 DOUBLE POLE (MadLoop)  -1.3188213338285038E-011
 FINITE PART (MadLoop)   1.3022327214223652E-011
   325.00000000000000        0.0000000000000000        0.0000000000000000        325.00000000000000        0.0000000000000000     
   325.00000000000000        0.0000000000000000        0.0000000000000000       -325.00000000000000        0.0000000000000000     
   130.03440202174176       -90.080799209715536       -93.731845997551218       -2.9557348971467738        0.0000000000000000     
   178.07325031044599       -2.8110168373299693       -177.19863377697899        17.401863349626520        0.0000000000000000     
   98.839506669343734       -1.9231207876346317        47.809603598116539       -31.820992041352781        80.419002445756163     
   243.05284099846858        94.814936834680154        223.12087617641367        17.374863588873026        0.0000000000000000     

 PASSED   1.0000000000000001E-005
 MU_R    =    325.00000000000000     
 ALPHA_S =   0.11799999999999999     
 BORN                    2.5204156112035038E-008
 SINGLE POLE (MadFKS)   -1.2079002284109283E-009
 DOUBLE POLE (MadFKS)   -2.6822667531901683E-009
 SINGLE POLE (MadLoop)  -1.2079002284098420E-009
 DOUBLE POLE (MadLoop)  -2.6822667531879279E-009
 FINITE PART (MadLoop)   2.6025831239774208E-009
   325.00000000000000        0.0000000000000000        0.0000000000000000        325.00000000000000        0.0000000000000000     
   325.00000000000000        0.0000000000000000        0.0000000000000000       -325.00000000000000        0.0000000000000000     
   13.872209598281074       -2.8825186758775119       -10.775103986273775       -8.2478130014474740        0.0000000000000000     
   297.44146264958653       -288.39112996051733        55.048425890772570       -47.661836621868687        0.0000000000000000     
   112.09581467610992        68.710158268733622       -34.112533486724168        14.611807668216349        80.419002445756163     
   226.59051307602252        222.56349036766105       -10.160788417774624        41.297841955099834        0.0000000000000000     

 PASSED   1.0000000000000001E-005
 MU_R    =    325.00000000000000     
 ALPHA_S =   0.11799999999999999     
 BORN                    1.7684081436085366E-012
 SINGLE POLE (MadFKS)   -2.9317620920955721E-013
 DOUBLE POLE (MadFKS)   -1.8819683343442578E-013
 SINGLE POLE (MadLoop)  -2.9317620920987518E-013
 DOUBLE POLE (MadLoop)  -1.8819683343442984E-013
 FINITE PART (MadLoop)  -1.0791307795559511E-013
   325.00000000000000        0.0000000000000000        0.0000000000000000        325.00000000000000        0.0000000000000000     
   325.00000000000000        0.0000000000000000        0.0000000000000000       -325.00000000000000        0.0000000000000000     
   105.47760703419154        32.671332329643235        17.178999047629759        98.807852021926251        0.0000000000000000     
   190.42291692933594        144.36269349978537       -124.16511437825153       -1.8232906514114788        0.0000000000000000     
   280.45528754012645       -211.36599297855588        156.57867906480047       -54.731038993936181        80.419002445756163     
   73.644188496346118        34.331967149127195       -49.592563734178732       -42.253522376578616        0.0000000000000000     

 PASSED   1.0000000000000001E-005
 MU_R    =    325.00000000000000     
 ALPHA_S =   0.11799999999999999     
 BORN                    1.1050627635399710E-011
 SINGLE POLE (MadFKS)   -5.3230953234745563E-013
 DOUBLE POLE (MadFKS)   -1.1760255323193947E-012
 SINGLE POLE (MadLoop)  -5.3230953234744745E-013
 DOUBLE POLE (MadLoop)  -1.1760255323193917E-012
 FINITE PART (MadLoop)  -1.0452557218289941E-012
   325.00000000000000        0.0000000000000000        0.0000000000000000        325.00000000000000        0.0000000000000000     
   325.00000000000000        0.0000000000000000        0.0000000000000000       -325.00000000000000        0.0000000000000000     
   132.07205509350126       -9.8225791405983198       -131.34365623809964       -9.7667108923845500        0.0000000000000000     
   119.60719770384236       -9.5532088569681264       -59.855368743941497        103.11136104051758        0.0000000000000000     
   198.41939537417807        97.247255002308407        16.750179880366062       -152.20198216440951        80.419002445756163     
   199.90135182847834       -77.871467004741888        174.44884510167512        58.857332016276466        0.0000000000000000     

 PASSED   1.0000000000000001E-005
 MU_R    =    325.00000000000000     
 ALPHA_S =   0.11799999999999999     
 BORN                    3.6650977130664350E-011
 SINGLE POLE (MadFKS)   -6.7035458114663930E-012
 DOUBLE POLE (MadFKS)   -3.9004558213544807E-012
 SINGLE POLE (MadLoop)  -6.7035458114626586E-012
 DOUBLE POLE (MadLoop)  -3.9004558213544888E-012
 FINITE PART (MadLoop)   7.8055498477033119E-012
   325.00000000000000        0.0000000000000000        0.0000000000000000        325.00000000000000        0.0000000000000000     
   325.00000000000000        0.0000000000000000        0.0000000000000000       -325.00000000000000        0.0000000000000000     
   198.05092290179402        46.785725102587996       -175.40343117936806       -79.176387385268441        0.0000000000000000     
   224.50089618901075       -131.85521590738526        166.37170102094404       -73.043216845121009        0.0000000000000000     
   204.17481864967746        104.57721138572279       -3.1450521597675110        155.80069358624925        80.419002445756163     
   23.273362259517690       -19.507720580925582        12.176782318191583       -3.5810893558597954        0.0000000000000000     

 PASSED   1.0000000000000001E-005
 MU_R    =    325.00000000000000     
 ALPHA_S =   0.11799999999999999     
 BORN                    4.9023755068186463E-012
 SINGLE POLE (MadFKS)   -6.7185632598609575E-013
 DOUBLE POLE (MadFKS)   -5.2171867112482106E-013
 SINGLE POLE (MadLoop)  -6.7185632598540862E-013
 DOUBLE POLE (MadLoop)  -5.2171867112482470E-013
 FINITE PART (MadLoop)   8.8238367882821967E-013
   325.00000000000000        0.0000000000000000        0.0000000000000000        325.00000000000000        0.0000000000000000     
   325.00000000000000        0.0000000000000000        0.0000000000000000       -325.00000000000000        0.0000000000000000     
   256.86249049708357       -136.03483210349734        182.40863577345650       -119.16355598170162        0.0000000000000000     
   238.52859107405322        149.58749102722743       -125.58712179496099        136.92094846008649        0.0000000000000000     
   117.10620056467070        15.050004606430996       -79.892270505171282       -25.246162702424463        80.419002445756163     
   37.502717864192476       -28.602663530161060        23.070756526675787        7.4887702240395804        0.0000000000000000     

 PASSED   1.0000000000000001E-005
 MU_R    =    325.00000000000000     
 ALPHA_S =   0.11799999999999999     
 BORN                    6.1779985871975065E-012
 SINGLE POLE (MadFKS)   -3.3004455482957501E-013
 DOUBLE POLE (MadFKS)   -6.5747252707195361E-013
 SINGLE POLE (MadLoop)  -3.3004455482986203E-013
 DOUBLE POLE (MadLoop)  -6.5747252707195634E-013
 FINITE PART (MadLoop)   3.3635112567318059E-013
   325.00000000000000        0.0000000000000000        0.0000000000000000        325.00000000000000        0.0000000000000000     
   325.00000000000000        0.0000000000000000        0.0000000000000000       -325.00000000000000        0.0000000000000000     
   81.041034521452559        74.235608755969494        32.002094662454397       -5.7087306954523003        0.0000000000000000     
   173.84741556501038       -139.66036836590496        35.105865033747385        97.393447658276543        0.0000000000000000     
   188.72203176972533       -36.551046367943108        108.96848450402240       -126.24848401160223        80.419002445756163     
   206.38951814381173        101.97580597787855       -176.07644420022416        34.563767048778026        0.0000000000000000     

 PASSED   1.0000000000000001E-005
 MU_R    =    325.00000000000000     
 ALPHA_S =   0.11799999999999999     
 BORN                    3.2954981009961005E-011
 SINGLE POLE (MadFKS)   -2.0116485239119539E-012
 DOUBLE POLE (MadFKS)   -3.5071219810776930E-012
 SINGLE POLE (MadLoop)  -2.0116485239115819E-012
 DOUBLE POLE (MadLoop)  -3.5071219810777148E-012
 FINITE PART (MadLoop)   1.6781003574826133E-012
   325.00000000000000        0.0000000000000000        0.0000000000000000        325.00000000000000        0.0000000000000000     
   325.00000000000000        0.0000000000000000        0.0000000000000000       -325.00000000000000        0.0000000000000000     
   71.340903013492891        39.290066129164330       -17.388788210434519       -56.951252759874833        0.0000000000000000     
   101.56327331256446       -11.298352453246810        100.36728752308528        10.670206795709968        0.0000000000000000     
   268.64808831080745        132.80383361137663       -215.49399645209783        40.373985063477875        80.419002445756163     
   208.44773536313517       -160.79554728729403        132.51549713944712        5.9070609006869965        0.0000000000000000     

 PASSED   1.0000000000000001E-005
 MU_R    =    325.00000000000000     
 ALPHA_S =   0.11799999999999999     
 BORN                    4.0294183447060746E-012
 SINGLE POLE (MadFKS)   -2.4003765984226412E-013
 DOUBLE POLE (MadFKS)   -4.2881716859144650E-013
 SINGLE POLE (MadLoop)  -2.4003765984228133E-013
 DOUBLE POLE (MadLoop)  -4.2881716859144544E-013
 FINITE PART (MadLoop)   5.2305685258475493E-013
   325.00000000000000        0.0000000000000000        0.0000000000000000        325.00000000000000        0.0000000000000000     
   325.00000000000000        0.0000000000000000        0.0000000000000000       -325.00000000000000        0.0000000000000000     
   166.48994465912071       -126.78091190321226        107.79912484642389        4.9850508454899529        0.0000000000000000     
   224.05710170277624        201.54866706980184        23.373626269700686       -95.044164580676764        0.0000000000000000     
   129.31040361150832        31.714055848658699       -92.602425188052877        25.941743170417020        80.419002445756163     
   130.14255002659476       -106.48181101524825       -38.570325928071696        64.117370564769786        0.0000000000000000     

 PASSED   1.0000000000000001E-005
 MU_R    =    325.00000000000000     
 ALPHA_S =   0.11799999999999999     
 BORN                    1.4209613606906125E-011
 SINGLE POLE (MadFKS)   -1.0352808082308898E-012
 DOUBLE POLE (MadFKS)   -1.5122098904665738E-012
 SINGLE POLE (MadLoop)  -1.0352808082306941E-012
 DOUBLE POLE (MadLoop)  -1.5122098904665718E-012
 FINITE PART (MadLoop)   2.9169745692462355E-012
   325.00000000000000        0.0000000000000000        0.0000000000000000        325.00000000000000        0.0000000000000000     
   325.00000000000000        0.0000000000000000        0.0000000000000000       -325.00000000000000        0.0000000000000000     
   137.07195891324568        10.430145252005875       -133.09897702993564        31.057950736023255        0.0000000000000000     
   259.00979796234742        106.62867135376624        179.81851685384564       -152.91076771211962        0.0000000000000000     
   127.90703293847878       -27.846447271653833        35.797286964512779        88.521877189098774        80.419002445756163     
   126.01121018592815       -89.212369334118293       -82.516826788422833        33.330939786997561        0.0000000000000000     

 PASSED   1.0000000000000001E-005
 MU_R    =    325.00000000000000     
 ALPHA_S =   0.11799999999999999     
 BORN                    2.6966373139308078E-012
 SINGLE POLE (MadFKS)   -2.2722685005964875E-013
 DOUBLE POLE (MadFKS)   -2.8698047180856905E-013
 SINGLE POLE (MadLoop)  -2.2722685005368809E-013
 DOUBLE POLE (MadLoop)  -2.8698047180825118E-013
 FINITE PART (MadLoop)   2.0749274033199598E-013
   325.00000000000000        0.0000000000000000        0.0000000000000000        325.00000000000000        0.0000000000000000     
   325.00000000000000        0.0000000000000000        0.0000000000000000       -325.00000000000000        0.0000000000000000     
   179.13877931271483       -162.69383341540487       -65.173477705373230        37.065302184620890        0.0000000000000000     
   196.55671348776181        39.099777667865432        187.25111515834610        45.197000734444806        0.0000000000000000     
   91.594346772457413        2.0210634706536954        8.5296167723903498       -42.958926272270702        80.419002445756163     
   182.71016042706597        121.57299227688573       -130.60725422536316       -39.303376646794995        0.0000000000000000     

 PASSED   1.0000000000000001E-005
 MU_R    =    325.00000000000000     
 ALPHA_S =   0.11799999999999999     
 BORN                    8.9125620349946469E-012
 SINGLE POLE (MadFKS)   -1.8730933781370505E-012
 DOUBLE POLE (MadFKS)   -9.4848915892867159E-013
 SINGLE POLE (MadLoop)  -1.8730933781349446E-012
 DOUBLE POLE (MadLoop)  -9.4848915892858596E-013
 FINITE PART (MadLoop)   9.1263083985069907E-013
   325.00000000000000        0.0000000000000000        0.0000000000000000        325.00000000000000        0.0000000000000000     
   325.00000000000000        0.0000000000000000        0.0000000000000000       -325.00000000000000        0.0000000000000000     
   204.39208578361391        30.827885255481526       -184.63055281948326        82.081210926880530        0.0000000000000000     
   244.19218740129841       -59.665625163293114        96.863207453748402       -216.07257253866436        0.0000000000000000     
   186.48881591594997        16.713952391342040        95.825595722924561        137.29152015754329        80.419002445756163     
   14.926910899137701        12.123787516469406       -8.0582503571896016       -3.3001585457595994        0.0000000000000000     

 PASSED   1.0000000000000001E-005
 MU_R    =    325.00000000000000     
 ALPHA_S =   0.11799999999999999     
 BORN                    8.3997853158533949E-011
 SINGLE POLE (MadFKS)   -1.0180505562138047E-011
 DOUBLE POLE (MadFKS)   -8.9391863732704751E-012
 SINGLE POLE (MadLoop)  -1.0180505562139014E-011
 DOUBLE POLE (MadLoop)  -8.9391863732704816E-012
 FINITE PART (MadLoop)   1.1151773736257954E-011
   325.00000000000000        0.0000000000000000        0.0000000000000000        325.00000000000000        0.0000000000000000     
   325.00000000000000        0.0000000000000000        0.0000000000000000       -325.00000000000000        0.0000000000000000     
   94.526991011239332        75.574013508173550        23.870365997445170       -51.518211722199069        0.0000000000000000     
   220.52347024111535        143.25600663174222        10.754548716831966        167.31006297592378        0.0000000000000000     
   103.91393243618943       -44.805242499368894       -31.887198299319746        36.146731929387649        80.419002445756163     
   231.03560631145595       -174.02477764054689       -2.7377164149574078       -151.93858318311234        0.0000000000000000     

 PASSED   1.0000000000000001E-005
 MU_R    =    325.00000000000000     
 ALPHA_S =   0.11799999999999999     
 BORN                    7.5632101640452838E-012
 SINGLE POLE (MadFKS)   -9.9724418014995065E-013
 DOUBLE POLE (MadFKS)   -8.0488896673361561E-013
 SINGLE POLE (MadLoop)  -9.9724418015029335E-013
 DOUBLE POLE (MadLoop)  -8.0488896673385977E-013
 FINITE PART (MadLoop)   9.2509644652574584E-013
   325.00000000000000        0.0000000000000000        0.0000000000000000        325.00000000000000        0.0000000000000000     
   325.00000000000000        0.0000000000000000        0.0000000000000000       -325.00000000000000        0.0000000000000000     
   77.237026800010469       -71.590687198414670        28.988453379051588       -3.7229757342146570E-002   0.0000000000000000     
   239.14420387256058        123.61540431024838       -144.45789670426294        145.05550021572819        0.0000000000000000     
   155.91763942567496       -129.91445164893202        3.7829014510617944       -30.838599823486035        80.419002445756163     
   177.70112990175406        77.889734537098334        111.68654187414957       -114.17967063490002        0.0000000000000000     

 PASSED   1.0000000000000001E-005
 MU_R    =    325.00000000000000     
 ALPHA_S =   0.11799999999999999     
 BORN                    7.7067912897831991E-011
 SINGLE POLE (MadFKS)   -5.4489943847616197E-012
 DOUBLE POLE (MadFKS)   -8.2016910062266620E-012
 SINGLE POLE (MadLoop)  -5.4489943847619355E-012
 DOUBLE POLE (MadLoop)  -8.2016910062264713E-012
 FINITE PART (MadLoop)   1.0313337245072282E-011
   325.00000000000000        0.0000000000000000        0.0000000000000000        325.00000000000000        0.0000000000000000     
   325.00000000000000        0.0000000000000000        0.0000000000000000       -325.00000000000000        0.0000000000000000     
   290.82340419971752      -0.98281457557551322        260.45767067122551       -129.37962859098735        0.0000000000000000     
   22.974424010763595        11.069512260461714        6.6589140253783343        18.998655766776192        0.0000000000000000     
Thanks for using LHAPDF 6.2.1. Please make sure to cite the paper:
  Eur.Phys.J. C75 (2015) 3, 132  (http://arxiv.org/abs/1412.7420)
   189.63832408064974        54.936566866001002       -138.01123119566680        86.199487762866781        80.419002445756163     
   146.56384770886919       -65.023264550887191       -129.10535350093704        24.181485061344411        0.0000000000000000     

 PASSED   1.0000000000000001E-005
 MU_R    =    325.00000000000000     
 ALPHA_S =   0.11799999999999999     
 BORN                    4.2531867985650814E-011
 SINGLE POLE (MadFKS)   -4.5227704635156958E-012
 DOUBLE POLE (MadFKS)   -4.5263096666232035E-012
 SINGLE POLE (MadLoop)  -4.5227704635157733E-012
 DOUBLE POLE (MadLoop)  -4.5263096666231671E-012
 FINITE PART (MadLoop)   5.2095809048146736E-012
   325.00000000000000        0.0000000000000000        0.0000000000000000        325.00000000000000        0.0000000000000000     
   325.00000000000000        0.0000000000000000        0.0000000000000000       -325.00000000000000        0.0000000000000000     
   145.46020389455771       -138.46409040023542        41.681255926116357       -15.780985111942341        0.0000000000000000     
   107.30776490221653        76.911310992365301        50.601386429417992       -55.128090309439877        0.0000000000000000     
   206.43845127402412        64.722772241405750        75.238066760344466        162.17217478223617        80.419002445756163     
   190.79357992920160       -3.1699928335356859       -167.52070911587882       -91.263099360853985        0.0000000000000000     

 NUMBER OF POINTS PASSING THE CHECK          20
 NUMBER OF POINTS FAILING THE CHECK           0
 TOLERANCE    1.0000000000000001E-005
