==== LHAPDF6 USING DEFAULT-TYPE LHAGLUE INTERFACE ====
LHAPDF 6.2.1 loading /cvmfs/cms.cern.ch/slc7_amd64_gcc700/external/lhapdf/6.2.1-pafccj3/share/LHAPDF/NNPDF31_nnlo_as_0118_nf_4_mc_hessian/NNPDF31_nnlo_as_0118_nf_4_mc_hessian_0000.dat
NNPDF31_nnlo_as_0118_nf_4_mc_hessian PDF set, member #0, version 1; LHAPDF ID = 325500
 A PDF is used, so alpha_s(MZ) is going to be modified
 Old value of alpha_s from param_card:   0.11799999999999999     
 New value of alpha_s from PDF lhapdf :  0.11266013434007299     
 *****************************************************
 *               MadGraph/MadEvent                   *
 *        --------------------------------           *
 *          http://madgraph.hep.uiuc.edu             *
 *          http://madgraph.phys.ucl.ac.be           *
 *          http://madgraph.roma2.infn.it            *
 *        --------------------------------           *
 *                                                   *
 *          PARAMETER AND COUPLING VALUES            *
 *                                                   *
 *****************************************************

  External Params
  ---------------------------------
  
 MU_R =    91.188000000000002     
 aEWM1 =    132.50700000000001     
 mdl_Gf =    1.1663900000000000E-005
 aS =   0.11799999999999999     
 mdl_ymb =    4.7000000000000002     
 mdl_ymt =    173.00000000000000     
 mdl_ymtau =    1.7769999999999999     
 mdl_MT =    173.00000000000000     
 mdl_MB =    4.7000000000000002     
 mdl_MZ =    91.188000000000002     
 mdl_MH =    125.00000000000000     
 mdl_MTA =    1.7769999999999999     
 mdl_WT =    1.4915000000000000     
 mdl_WZ =    2.4414039999999999     
 mdl_WW =    2.0476000000000001     
 mdl_WH =    6.3823389999999999E-003
  Internal Params
  ---------------------------------
  
 mdl_conjg__CKM3x3 =    1.0000000000000000     
 mdl_CKM22 =    1.0000000000000000     
 mdl_lhv =    1.0000000000000000     
 mdl_CKM3x3 =    1.0000000000000000     
 mdl_conjg__CKM22 =    1.0000000000000000     
 mdl_conjg__CKM33 =    1.0000000000000000     
 mdl_Ncol =    3.0000000000000000     
 mdl_CA =    3.0000000000000000     
 mdl_TF =   0.50000000000000000     
 mdl_CF =    1.3333333333333333     
 mdl_complexi =                (0.0000000000000000,1.0000000000000000)
 mdl_MZ__exp__2 =    8315.2513440000002     
 mdl_MZ__exp__4 =    69143404.913893804     
 mdl_sqrt__2 =    1.4142135623730951     
 mdl_MH__exp__2 =    15625.000000000000     
 mdl_Ncol__exp__2 =    9.0000000000000000     
 mdl_MB__exp__2 =    22.090000000000003     
 mdl_MT__exp__2 =    29929.000000000000     
 mdl_aEW =    7.5467711139788835E-003
 mdl_MW =    80.419002445756163     
 mdl_sqrt__aEW =    8.6872153846781555E-002
 mdl_ee =   0.30795376724436879     
 mdl_MW__exp__2 =    6467.2159543705357     
 mdl_sw2 =   0.22224648578577766     
 mdl_cw =   0.88190334743339216     
 mdl_sqrt__sw2 =   0.47143025548407230     
 mdl_sw =   0.47143025548407230     
 mdl_g1 =   0.34919219678733299     
 mdl_gw =   0.65323293034757990     
 mdl_v =    246.21845810181637     
 mdl_v__exp__2 =    60623.529110035903     
 mdl_lam =   0.12886910601690263     
 mdl_yb =    2.6995554250465490E-002
 mdl_yt =   0.99366614581500623     
 mdl_ytau =    1.0206617000654717E-002
 mdl_muH =    88.388347648318430     
 mdl_AxialZUp =  -0.18517701861793787     
 mdl_AxialZDown =   0.18517701861793787     
 mdl_VectorZUp =    7.5430507588273299E-002
 mdl_VectorZDown =  -0.13030376310310560     
 mdl_VectorAUp =   0.20530251149624587     
 mdl_VectorADown =  -0.10265125574812294     
 mdl_VectorWmDxU =   0.23095271737156670     
 mdl_AxialWmDxU =  -0.23095271737156670     
 mdl_VectorWpUxD =   0.23095271737156670     
 mdl_AxialWpUxD =  -0.23095271737156670     
 mdl_I1x33 =          (2.69955542504654901E-002,0.0000000000000000)
 mdl_I2x33 =               (0.99366614581500623,0.0000000000000000)
 mdl_I3x33 =               (0.99366614581500623,0.0000000000000000)
 mdl_I4x33 =          (2.69955542504654901E-002,0.0000000000000000)
 mdl_Vector_tbGp =              (-0.96667059156454072,0.0000000000000000)
 mdl_Axial_tbGp =              (-1.0206617000654716,-0.0000000000000000)
 mdl_Vector_tbGm =               (0.96667059156454072,0.0000000000000000)
 mdl_Axial_tbGm =              (-1.0206617000654716,-0.0000000000000000)
 mdl_gw__exp__2 =   0.42671326129048615     
 mdl_cw__exp__2 =   0.77775351421422245     
 mdl_ee__exp__2 =    9.4835522759998875E-002
 mdl_sw__exp__2 =   0.22224648578577769     
 mdl_yb__exp__2 =    7.2875994928982540E-004
 mdl_yt__exp__2 =   0.98737240933884918     
  Internal Params evaluated point by point
  ----------------------------------------
  
 mdl_sqrt__aS =   0.34351128074635334     
 mdl_G__exp__4 =    2.1987899468922913     
 mdl_G__exp__2 =    1.4828317324943823     
 mdl_R2MixedFactor_FIN_ =   -2.5040377713124864E-002
 mdl_G_UVg_1EPS_ =   -5.1645779033320030E-002
 mdl_G_UVq_1EPS_ =    3.1300472141406080E-003
 mdl_GWcft_UV_b_1EPS_ =   -3.1300472141406080E-003
 mdl_GWcft_UV_t_1EPS_ =   -3.1300472141406080E-003
 mdl_bWcft_UV_1EPS_ =   -1.8780283284843650E-002
 mdl_tWcft_UV_1EPS_ =   -1.8780283284843650E-002
 mdl_G__exp__3 =    1.8056676068262196     
 mdl_MU_R__exp__2 =    8315.2513440000002     
 mdl_G_UVb_FIN_ =    1.8563438626678915E-002
 mdl_G_UVt_FIN_ =   -4.0087659331150384E-003
 mdl_GWcft_UV_b_FIN_ =   -1.8563438626678915E-002
 mdl_GWcft_UV_t_FIN_ =    4.0087659331150384E-003
 mdl_bWcft_UV_FIN_ =  -0.13642100947319838     
 mdl_tWcft_UV_FIN_ =   -9.8778211443463623E-004
  Couplings of loop_sm
  ---------------------------------
  
      UV_GQQb =   0.00000E+00   0.22605E-01
      UV_GQQt =   0.00000E+00  -0.48815E-02
   UVWfct_G_2 =   0.40088E-02   0.00000E+00
   UVWfct_G_1 =  -0.18563E-01   0.00000E+00
       R2_DDA =   0.00000E+00   0.25704E-02
       R2_UUA =  -0.00000E+00  -0.51409E-02
    R2_UUZ_V2 =  -0.00000E+00  -0.72127E-02
    R2_UUZ_V5 =   0.00000E+00   0.68702E-03
      R2_sxcW =  -0.00000E+00  -0.11566E-01
      R2_GGHb =   0.00000E+00  -0.33698E-02
      R2_GGHt =   0.00000E+00  -0.45657E+01
     R2_GGZup =  -0.46369E-02   0.00000E+00
    R2_GGWWcs =   0.00000E+00   0.13356E-02
         GC_4 =  -0.12177E+01   0.00000E+00
         GC_5 =   0.00000E+00   0.12177E+01
       R2_GQQ =  -0.00000E+00  -0.30492E-01
       R2_QQq =   0.00000E+00   0.12520E-01
 UV_GQQg_1eps =   0.00000E+00  -0.62890E-01
 UV_GQQq_1eps =   0.00000E+00   0.38115E-02
 UVWfct_G_2_1eps -0.31300E-02   0.00000E+00
         GC_1 =  -0.00000E+00  -0.10265E+00
         GC_2 =   0.00000E+00   0.20530E+00
         GC_7 =   0.00000E+00   0.57609E+00
        GC_22 =   0.00000E+00   0.28804E+00
        GC_23 =  -0.00000E+00  -0.27437E-01
        GC_24 =   0.00000E+00   0.82310E-01
        GC_25 =   0.00000E+00   0.30795E+00
        GC_28 =   0.00000E+00   0.37035E+00
        GC_31 =   0.00000E+00   0.52532E+02
        GC_33 =  -0.00000E+00  -0.19089E-01
        GC_37 =  -0.00000E+00  -0.70263E+00
        GC_38 =  -0.00000E+00  -0.72172E-02
        GC_47 =   0.00000E+00   0.46191E+00

 Collider parameters:
 --------------------

 Running at P P   machine @    13000.000000000000       GeV
 PDF set = lhapdf 
 alpha_s(Mz)= 0.1127 running at 3 loops.
 alpha_s(Mz)= 0.1127 running at 3 loops.
 Renormalization scale set on event-by-event basis
 Factorization   scale set on event-by-event basis


 ===============================================================
 INFO: MadFKS read these parameters from FKS_params.dat
 ===============================================================
  > IRPoleCheckThreshold      =    1.0000000000000001E-005
  > PrecisionVirtualAtRunTime =    1.0000000000000000E-003
  > NHelForMCoverHels         =            4
  > VirtualFraction           =    1.0000000000000000     
  > MinVirtualFraction        =    5.0000000000000001E-003
 ===============================================================
  Insert the number of points to test
 Insert the relative tolerance
  A negative number will mean use the default one:    1.0000000000000001E-005
Using random seed offsets:     1 ,     53 ,      0
  with seed                   32
 Ranmar initialization seeds       10730        9459
  ========================================================================================== 
 {                                                                                          }
 {       [32m                                                                            [0m       }
 {       [32m                               ,,                                           [0m       }
 {       [32m`7MMM.     ,MMF'             `7MM  `7MMF'                                   [0m       }
 {       [32m  MMMb    dPMM                 MM    MM                                     [0m       }
 {       [32m  M YM   ,M MM   ,6"Yb.   ,M""bMM    MM         ,pW"Wq.   ,pW"Wq.`7MMpdMAo. [0m       }
 {       [32m  M  Mb  M' MM  8)   MM ,AP    MM    MM        6W'   `Wb 6W'   `Wb MM   `Wb [0m       }
 {       [32m  M  YM.P'  MM   ,pm9MM 8MI    MM    MM      , 8M     M8 8M     M8 MM    M8 [0m       }
 {       [32m  M  `YM'   MM  8M   MM `Mb    MM    MM     ,M YA.   ,A9 YA.   ,A9 MM   ,AP [0m       }
 {       [32m.JML. `'  .JMML.`Moo9^Yo.`Wbmd"MML..JMMmmmmMMM  `Ybmd9'   `Ybmd9'  MMbmmd'  [0m       }
 {       [32m                                                                   MM       [0m       }
 {       [32m                                                                 .JMML.     [0m       }
 {       [32m[0mv2.6.5 (2018-02-03), Ref: arXiv:1103.0621v2, arXiv:1405.0301[32m                [0m       }
 {       [32m                                                                            [0m       }
 {                                                                                          }
  ========================================================================================== 
 ===============================================================
 INFO: MadLoop read these parameters from ./MadLoop5_resources/MadLoopParams.dat                                                                                                                                                                                                                                                                                                                                                                                                                                                                                          
 ===============================================================
  > MLReductionLib            = 6|7|1
  > CTModeRun                 =           -1
  > MLStabThres               =    1.0000000000000000E-003
  > NRotations_DP             =            0
  > NRotations_QP             =            0
  > CTStabThres               =    1.0000000000000000E-002
  > CTLoopLibrary             =            2
  > CTModeInit                =            1
  > CheckCycle                =            3
  > MaxAttempts               =           10
  > UseLoopFilter             =  F
  > HelicityFilterLevel       =            2
  > ImprovePSPoint            =            2
  > DoubleCheckHelicityFilter =  T
  > LoopInitStartOver         =  F
  > HelInitStartOver          =  F
  > ZeroThres                 =    1.0000000000000001E-009
  > OSThres                   =    1.0000000000000000E-008
  > WriteOutFilters           =  T
  > UseQPIntegrandForNinja    =  T
  > UseQPIntegrandForCutTools =  T
  > IREGIMODE                 =            2
  > IREGIRECY                 =  T
  > COLLIERMode               =            1
  > COLLIERRequiredAccuracy   =    1.0000000000000000E-008
  > COLLIERCanOutput          =  F
  > COLLIERComputeUVpoles     =  T
  > COLLIERComputeIRpoles     =  T
  > COLLIERGlobalCache        =           -1
  > COLLIERUseCacheForPoles   =  F
  > COLLIERUseInternalStabilityTest =  T
 ===============================================================
  
------------------------------------------------------------------------
|              You are using CutTools - Version 1.9.3                  |
|              Authors: G. Ossola, C. Papadopoulos, R. Pittau          |
|              Published in JHEP 0803:042,2008                         |
|              http://www.ugr.es/~pittau/CutTools                      |
|                                                                      |
|              Compiler with  34  significant digits detetected        |
 ---------------------------------------------------------------------- 
   
########################################################################
#                                                                      #

  +----------------------------------------------------------------+
  |                                                                |
  |  Ninja - version 1.1.0                                         |
  |                                                                |
  |  Author: Tiziano Peraro                                        |
  |                                                                |
  |  Based on:                                                     |
  |                                                                |
  |      P. Mastrolia, E. Mirabella and T. Peraro,                 |
  |      "Integrand reduction of one-loop scattering amplitudes    |
  |      through Laurent series expansion,"                        |
  |      JHEP 1206 (2012) 095  [arXiv:1203.0291 [hep-ph]].         |
  |                                                                |
  |      T. Peraro,                                                |
  |      "Ninja: Automated Integrand Reduction via Laurent         |
  |      Expansion for One-Loop Amplitudes,"                       |
  |      Comput.Phys.Commun. 185 (2014) [arXiv:1403.1229 [hep-ph]] |
  |                                                                |
  +----------------------------------------------------------------+


#                      You are using OneLOop-3.6                       #
#                                                                      #
# for the evaluation of 1-loop scalar 1-, 2-, 3- and 4-point functions #
#                                                                      #
# author: Andreas van Hameren <hamerenREMOVETHIS@ifj.edu.pl>           #
#   date: 18-02-2015                                                   #
#                                                                      #
# Please cite                                                          #
#    A. van Hameren,                                                   #
#      Comput.Phys.Commun. 182 (2011) 2427-2438, arXiv:1007.4716       #
#    A. van Hameren, C.G. Papadopoulos and R. Pittau,                  #
#      JHEP 0909:106,2009, arXiv:0903.4665                             #
# in publications with results obtained with the help of this program. #
#                                                                      #
########################################################################
########################################################################
#                                                                      #
#                      You are using OneLOop-3.6                       #
#                                                                      #
# for the evaluation of 1-loop scalar 1-, 2-, 3- and 4-point functions #
#                                                                      #
# author: Andreas van Hameren <hamerenREMOVETHIS@ifj.edu.pl>           #
#   date: 18-02-2015                                                   #
#                                                                      #
# Please cite                                                          #
#    A. van Hameren,                                                   #
#      Comput.Phys.Commun. 182 (2011) 2427-2438, arXiv:1007.4716       #
#    A. van Hameren, C.G. Papadopoulos and R. Pittau,                  #
#      JHEP 0909:106,2009, arXiv:0903.4665                             #
# in publications with results obtained with the help of this program. #
#                                                                      #
########################################################################
 PASSED   1.0000000000000001E-005
 MU_R    =    325.00000000000000     
 ALPHA_S =   0.11799999999999999     
 BORN                    2.2339326321743611E-012
 SINGLE POLE (MadFKS)   -3.1363121329875036E-013
 DOUBLE POLE (MadFKS)   -2.3773869680511526E-013
 SINGLE POLE (MadLoop)  -3.1363121329856209E-013
 DOUBLE POLE (MadLoop)  -2.3773869680511557E-013
 FINITE PART (MadLoop)   1.9822874998681528E-013
   325.00000000000000        0.0000000000000000        0.0000000000000000        325.00000000000000        0.0000000000000000     
   325.00000000000000        0.0000000000000000        0.0000000000000000       -325.00000000000000        0.0000000000000000     
   162.66379434141123       -93.421561418723300       -99.119255070187677       -88.922972993280453        0.0000000000000000     
   283.78866592021689        220.49160184693258        128.85454517571054        123.75769312374477        0.0000000000000000     
   95.810589618650241       -45.664686485895736        12.515299746180576        21.692321432040785        80.419002445756163     
   107.73695011972166       -81.405353942313425       -42.250589851703317       -56.527041562505183        0.0000000000000000     

 PASSED   1.0000000000000001E-005
 MU_R    =    325.00000000000000     
 ALPHA_S =   0.11799999999999999     
 BORN                    1.0556347994083376E-010
 SINGLE POLE (MadFKS)   -1.0456093188238684E-011
 DOUBLE POLE (MadFKS)   -1.1234234994329019E-011
 SINGLE POLE (MadLoop)  -1.0456093188238576E-011
 DOUBLE POLE (MadLoop)  -1.1234234994326215E-011
 FINITE PART (MadLoop)   2.3467711681922535E-011
   325.00000000000000        0.0000000000000000        0.0000000000000000        325.00000000000000        0.0000000000000000     
   325.00000000000000        0.0000000000000000        0.0000000000000000       -325.00000000000000        0.0000000000000000     
   45.948080034301967        45.555941414127062       -1.8246159245913647        5.7055269203613381        0.0000000000000000     
   126.39808334269223       -91.552202740749308       -7.0803796596463684        86.859299271282211        0.0000000000000000     
   255.13313589967618        239.83380653187677        29.824108413051786        14.695879743278866        80.419002445756163     
   222.52070072332970       -193.83754520525454       -20.919112828814079       -107.26070593492241        0.0000000000000000     

 PASSED   1.0000000000000001E-005
 MU_R    =    325.00000000000000     
 ALPHA_S =   0.11799999999999999     
 BORN                    4.6217313697398094E-012
 SINGLE POLE (MadFKS)   -1.2278846204289741E-012
 DOUBLE POLE (MadFKS)   -4.9185207154425181E-013
 SINGLE POLE (MadLoop)  -1.2278846202653665E-012
 DOUBLE POLE (MadLoop)  -4.9185207154411307E-013
 FINITE PART (MadLoop)   1.2218610615472410E-012
   325.00000000000000        0.0000000000000000        0.0000000000000000        325.00000000000000        0.0000000000000000     
   325.00000000000000        0.0000000000000000        0.0000000000000000       -325.00000000000000        0.0000000000000000     
   213.45417771115450       -107.36021731050141       -184.07653582463774        12.340935142363463        0.0000000000000000     
   233.20056050274979        133.74242561071711        91.707807832138371       -167.58622554727478        0.0000000000000000     
   200.43032189390132       -27.752636819123367        94.882991104580228        154.70005536119342        80.419002445756163     
   2.9149398921944263        1.3704285189076535       -2.5142631120812204       0.54523504371846454        0.0000000000000000     

 PASSED   1.0000000000000001E-005
 MU_R    =    325.00000000000000     
 ALPHA_S =   0.11799999999999999     
 BORN                    2.4777172795211501E-010
 SINGLE POLE (MadFKS)   -2.3386338479316674E-011
 DOUBLE POLE (MadFKS)   -2.6368265031856954E-011
 SINGLE POLE (MadLoop)  -2.3386338479316684E-011
 DOUBLE POLE (MadLoop)  -2.6368265031857157E-011
 FINITE PART (MadLoop)   5.7119560814001128E-011
   325.00000000000000        0.0000000000000000        0.0000000000000000        325.00000000000000        0.0000000000000000     
   325.00000000000000        0.0000000000000000        0.0000000000000000       -325.00000000000000        0.0000000000000000     
   164.35942605226097       -104.26982626211152       -49.121525959617784        117.17038854120224        0.0000000000000000     
   51.874601939437447        36.755695808620111        21.153378996505175        29.875202242486793        0.0000000000000000     
   265.91148048504209        207.86843476627342        106.29321287027628       -98.661878275806245        80.419002445756163     
   167.85449152325955       -140.35430431278198       -78.325065907163747       -48.383712507882784        0.0000000000000000     

 PASSED   1.0000000000000001E-005
 MU_R    =    325.00000000000000     
 ALPHA_S =   0.11799999999999999     
 BORN                    1.2709762527005396E-011
 SINGLE POLE (MadFKS)   -1.4450950643687189E-012
 DOUBLE POLE (MadFKS)   -1.3525933308614257E-012
 SINGLE POLE (MadLoop)  -1.4450950643687387E-012
 DOUBLE POLE (MadLoop)  -1.3525933308614379E-012
 FINITE PART (MadLoop)   1.0094699457612039E-012
   325.00000000000000        0.0000000000000000        0.0000000000000000        325.00000000000000        0.0000000000000000     
   325.00000000000000        0.0000000000000000        0.0000000000000000       -325.00000000000000        0.0000000000000000     
   78.289980841962233        18.987392872213661        44.976805559080923        61.203651638212293        0.0000000000000000     
   202.06285821766963        161.17132751692290       -79.312316019000690       -92.535173773160381        0.0000000000000000     
   180.44507829333247       -29.455858087062175        86.969629569558791        132.89787915089138        80.419002445756163     
   189.20208264703570       -150.70286230207427       -52.634119109639087       -101.56635701594315        0.0000000000000000     

 PASSED   1.0000000000000001E-005
 MU_R    =    325.00000000000000     
 ALPHA_S =   0.11799999999999999     
 BORN                    1.2935801361338689E-009
 SINGLE POLE (MadFKS)   -1.3447299304585811E-010
 DOUBLE POLE (MadFKS)   -1.3766487464669712E-010
 SINGLE POLE (MadLoop)  -1.3447299304583958E-010
 DOUBLE POLE (MadLoop)  -1.3766487464669702E-010
 FINITE PART (MadLoop)   1.3639986047615335E-010
   325.00000000000000        0.0000000000000000        0.0000000000000000        325.00000000000000        0.0000000000000000     
   325.00000000000000        0.0000000000000000        0.0000000000000000       -325.00000000000000        0.0000000000000000     
   45.283525895446751        24.602051829289543       -28.570557705906015        25.081068471778515        0.0000000000000000     
   54.807537661890045       -1.3030941000786214       -38.108343705088771       -39.369052190529786        0.0000000000000000     
   263.77714030259455       -43.211245991562542       -157.70162360873658        190.72008264173223        80.419002445756163     
   286.13179614006856        19.912288262351620        224.38052501973135       -176.43209892298091        0.0000000000000000     

 PASSED   1.0000000000000001E-005
 MU_R    =    325.00000000000000     
 ALPHA_S =   0.11799999999999999     
 BORN                    2.8460040422557030E-011
 SINGLE POLE (MadFKS)   -3.8192484874447694E-012
 DOUBLE POLE (MadFKS)   -3.0287631881244268E-012
 SINGLE POLE (MadLoop)  -3.8192484874443324E-012
 DOUBLE POLE (MadLoop)  -3.0287631881243044E-012
 FINITE PART (MadLoop)   3.1100599084700755E-012
   325.00000000000000        0.0000000000000000        0.0000000000000000        325.00000000000000        0.0000000000000000     
   325.00000000000000        0.0000000000000000        0.0000000000000000       -325.00000000000000        0.0000000000000000     
   292.37805767835050        52.153422157232200        231.82275684064106        170.36184602151792        0.0000000000000000     
   133.96751696983605       -2.3853807946141563       -124.43349423920004       -49.577324181030036        0.0000000000000000     
   96.292331502562320       -4.8435129413862859       -10.256171740162447       -51.733436725697395        80.419002445756163     
   127.36209384925118       -44.924528421231223       -97.133090861278546       -69.051085114790581        0.0000000000000000     

 PASSED   1.0000000000000001E-005
 MU_R    =    325.00000000000000     
 ALPHA_S =   0.11799999999999999     
 BORN                    2.3399452122292400E-011
 SINGLE POLE (MadFKS)   -8.7646441799315146E-013
 DOUBLE POLE (MadFKS)   -2.4902072575451277E-012
 SINGLE POLE (MadLoop)  -8.7646441799383919E-013
 DOUBLE POLE (MadLoop)  -2.4902072575451306E-012
 FINITE PART (MadLoop)   3.6717859452148062E-013
   325.00000000000000        0.0000000000000000        0.0000000000000000        325.00000000000000        0.0000000000000000     
   325.00000000000000        0.0000000000000000        0.0000000000000000       -325.00000000000000        0.0000000000000000     
   212.08677506039206        6.7918962469832049        80.346964328130099       -196.16073925263876        0.0000000000000000     
   121.65948383410455       -34.690706366845035        116.09689699707236        10.913084174569921        0.0000000000000000     
   132.63088371704569        51.862675240948150       -50.087097035314073        76.975846787293833        80.419002445756163     
   183.62285738845779       -23.963865121086307       -146.35676428988842        108.27180829077500        0.0000000000000000     

 PASSED   1.0000000000000001E-005
 MU_R    =    325.00000000000000     
 ALPHA_S =   0.11799999999999999     
 BORN                    2.9505128606413039E-010
 SINGLE POLE (MadFKS)   -8.7759279269764109E-012
 DOUBLE POLE (MadFKS)   -3.1399831503103587E-011
 SINGLE POLE (MadLoop)  -8.7759279270862175E-012
 DOUBLE POLE (MadLoop)  -3.1399831503103413E-011
 FINITE PART (MadLoop)   2.0022242771397430E-011
   325.00000000000000        0.0000000000000000        0.0000000000000000        325.00000000000000        0.0000000000000000     
   325.00000000000000        0.0000000000000000        0.0000000000000000       -325.00000000000000        0.0000000000000000     
   72.428912285603673       -70.355947925754592       -16.905867393316552       -3.1905444713677880        0.0000000000000000     
   74.878598047282551        12.293763759891975       -52.451567430933274       -52.004816047946356        0.0000000000000000     
   237.99297844098459       -180.57442500570895        124.61892503818999       -45.126958561640123        80.419002445756163     
   264.69951122612906        238.63660917157159       -55.261490213940171        100.32231908095427        0.0000000000000000     

 PASSED   1.0000000000000001E-005
 MU_R    =    325.00000000000000     
 ALPHA_S =   0.11799999999999999     
 BORN                    1.6807013659947960E-012
 SINGLE POLE (MadFKS)   -1.9312055142640368E-013
 DOUBLE POLE (MadFKS)   -1.7886293736676708E-013
 SINGLE POLE (MadLoop)  -1.9312055142742902E-013
 DOUBLE POLE (MadLoop)  -1.7886293736654961E-013
 FINITE PART (MadLoop)   1.5903898923474811E-014
   325.00000000000000        0.0000000000000000        0.0000000000000000        325.00000000000000        0.0000000000000000     
   325.00000000000000        0.0000000000000000        0.0000000000000000       -325.00000000000000        0.0000000000000000     
   283.38007553806159       -68.961814124593204       -264.22513275077415       -75.720635413593598        0.0000000000000000     
   162.44019593578457        7.5135693604985185        152.21328304918265       -56.227039709649311        0.0000000000000000     
   175.92832751200928        54.326452529441667        99.998289928419553        107.38965980838347        80.419002445756163     
   28.251401014144570        7.1217922346529461        12.013559773171925        24.558015314859453        0.0000000000000000     

 PASSED   1.0000000000000001E-005
 MU_R    =    325.00000000000000     
 ALPHA_S =   0.11799999999999999     
 BORN                    1.3556902007490373E-012
 SINGLE POLE (MadFKS)   -4.2297623913427424E-014
 DOUBLE POLE (MadFKS)   -1.4427472742713636E-013
 SINGLE POLE (MadLoop)  -4.2297623913023799E-014
 DOUBLE POLE (MadLoop)  -1.4427472742717635E-013
 FINITE PART (MadLoop)   4.6947198286536100E-013
   325.00000000000000        0.0000000000000000        0.0000000000000000        325.00000000000000        0.0000000000000000     
   325.00000000000000        0.0000000000000000        0.0000000000000000       -325.00000000000000        0.0000000000000000     
   173.72979945283916        170.50249137159798       -7.8282421083761511       -32.398491932411055        0.0000000000000000     
   222.06912283718844       -205.26276638398338       -83.668199708166298       -13.473099556781346        0.0000000000000000     
   130.35857072563786        4.8779789257589670        72.179697511984926       -72.749141547779089        80.419002445756163     
   123.84250698433449        29.882296086626404        19.316744304557513        118.62073303697153        0.0000000000000000     

 PASSED   1.0000000000000001E-005
 MU_R    =    325.00000000000000     
 ALPHA_S =   0.11799999999999999     
 BORN                    5.9021301268221238E-011
 SINGLE POLE (MadFKS)   -1.2875895868298100E-011
 DOUBLE POLE (MadFKS)   -6.2811416267246802E-012
 SINGLE POLE (MadLoop)  -1.2875895868298344E-011
 DOUBLE POLE (MadLoop)  -6.2811416267246641E-012
 FINITE PART (MadLoop)  -3.3540933812287241E-013
   325.00000000000000        0.0000000000000000        0.0000000000000000        325.00000000000000        0.0000000000000000     
   325.00000000000000        0.0000000000000000        0.0000000000000000       -325.00000000000000        0.0000000000000000     
   45.461164416049641       -20.540958989890669        23.183399719151002        33.276364754894679        0.0000000000000000     
   193.55680773213351       -40.297429083437152        122.24415246056323       -144.55698605711876        0.0000000000000000     
   270.71014425945503        23.439336251675691       -98.200745690065105        237.95793181274803        80.419002445756163     
   140.27188359236180        37.399051821652129       -47.226806489649107       -126.67731051052399        0.0000000000000000     

 PASSED   1.0000000000000001E-005
 MU_R    =    325.00000000000000     
 ALPHA_S =   0.11799999999999999     
 BORN                    1.4194625438801438E-011
 SINGLE POLE (MadFKS)   -6.3322200287261191E-013
 DOUBLE POLE (MadFKS)   -1.5106148255566547E-012
 SINGLE POLE (MadLoop)  -6.3322200287257809E-013
 DOUBLE POLE (MadLoop)  -1.5106148255566131E-012
 FINITE PART (MadLoop)   7.8001766356662820E-013
   325.00000000000000        0.0000000000000000        0.0000000000000000        325.00000000000000        0.0000000000000000     
   325.00000000000000        0.0000000000000000        0.0000000000000000       -325.00000000000000        0.0000000000000000     
   193.28039384298151        169.76965205426751        89.895468132156296        21.316207326151087        0.0000000000000000     
   94.933337557954275        2.2450919243732068       -9.3860941915875813       -94.441513001276377        0.0000000000000000     
   144.38799311144098        33.764367043090949       -114.46409446297807        11.773495544181067        80.419002445756163     
   217.39827548762321       -205.77911102173158        33.954720522409360        61.351810130944202        0.0000000000000000     

 PASSED   1.0000000000000001E-005
 MU_R    =    325.00000000000000     
 ALPHA_S =   0.11799999999999999     
 BORN                    2.1263427422969317E-011
 SINGLE POLE (MadFKS)   -1.0864977652072840E-012
 DOUBLE POLE (MadFKS)   -2.2628880801237679E-012
 SINGLE POLE (MadLoop)  -1.0864977652074993E-012
 DOUBLE POLE (MadLoop)  -2.2628880801237505E-012
 FINITE PART (MadLoop)  -4.1703244103807468E-012
   325.00000000000000        0.0000000000000000        0.0000000000000000        325.00000000000000        0.0000000000000000     
   325.00000000000000        0.0000000000000000        0.0000000000000000       -325.00000000000000        0.0000000000000000     
   57.516833730327889        26.754806388969211        14.571849095295367       -48.785527683882819        0.0000000000000000     
   195.68681558433624       -50.829834401566835        169.23886010997091       -84.070601026310143        0.0000000000000000     
   267.66181224854586       -49.230659617616965       -246.10968719500912        46.711816537085802        80.419002445756163     
   129.13453843679002        73.305687630214592        62.298977989742852        86.144312173107167        0.0000000000000000     

 PASSED   1.0000000000000001E-005
 MU_R    =    325.00000000000000     
 ALPHA_S =   0.11799999999999999     
 BORN                    7.0804214630869334E-012
 SINGLE POLE (MadFKS)   -1.0614372645648948E-012
 DOUBLE POLE (MadFKS)   -7.5350981816620525E-013
 SINGLE POLE (MadLoop)  -1.0614372645649651E-012
 DOUBLE POLE (MadLoop)  -7.5350981816621181E-013
 FINITE PART (MadLoop)  -6.1277738742050064E-013
   325.00000000000000        0.0000000000000000        0.0000000000000000        325.00000000000000        0.0000000000000000     
   325.00000000000000        0.0000000000000000        0.0000000000000000       -325.00000000000000        0.0000000000000000     
   237.23365199756699       -125.78065466479681        201.13586673176553       -1.8427333663101146        0.0000000000000000     
   194.24915960458111        186.15041262392918       -47.272757849300596        29.086874227876610        0.0000000000000000     
   124.94662544741684       -12.273204472420442       -91.829791731770456        23.687571821618906        80.419002445756163     
   93.570562950435090       -48.096553486711947       -62.033317150694529       -50.931712683185339        0.0000000000000000     

 PASSED   1.0000000000000001E-005
 MU_R    =    325.00000000000000     
 ALPHA_S =   0.11799999999999999     
 BORN                    1.1204397535304785E-011
 SINGLE POLE (MadFKS)   -7.8722425207509776E-014
 DOUBLE POLE (MadFKS)   -1.1923899719111577E-012
 SINGLE POLE (MadLoop)  -7.8722425207518435E-014
 DOUBLE POLE (MadLoop)  -1.1923899719111540E-012
 FINITE PART (MadLoop)   2.4900025996417221E-013
   325.00000000000000        0.0000000000000000        0.0000000000000000        325.00000000000000        0.0000000000000000     
   325.00000000000000        0.0000000000000000        0.0000000000000000       -325.00000000000000        0.0000000000000000     
   167.77893127628872       -113.91593767590382        42.147634795806830       -115.74327541914694        0.0000000000000000     
   81.119765641500905        49.796803300095753       -63.487761726854558        8.3665327189788474        0.0000000000000000     
   162.11401233219530        36.843411372671312       -88.379862557660758       -103.17606298355129        80.419002445756163     
   238.98729075001509        27.275723003136726        109.71998948870848        210.55280568371941        0.0000000000000000     

 PASSED   1.0000000000000001E-005
 MU_R    =    325.00000000000000     
 ALPHA_S =   0.11799999999999999     
 BORN                    7.1194127329387720E-012
 SINGLE POLE (MadFKS)   -3.5537170476757138E-013
 DOUBLE POLE (MadFKS)   -7.5765933169577406E-013
 SINGLE POLE (MadLoop)  -3.5537170476755108E-013
 DOUBLE POLE (MadLoop)  -7.5765933169577598E-013
 FINITE PART (MadLoop)   9.8385616831913969E-013
   325.00000000000000        0.0000000000000000        0.0000000000000000        325.00000000000000        0.0000000000000000     
   325.00000000000000        0.0000000000000000        0.0000000000000000       -325.00000000000000        0.0000000000000000     
   132.82774761926009        27.002502665765519       -126.26657217103060        31.158115147888754        0.0000000000000000     
   174.93815934544062        164.04761367886252       -10.539641500848067       -59.838582858178107        0.0000000000000000     
   198.18308708695139       -171.10368415428619        21.548666131049050       -55.394081901828521        80.419002445756163     
   144.05100594834798       -19.946432190341774        115.25754754082963        84.074549612117920        0.0000000000000000     

 PASSED   1.0000000000000001E-005
 MU_R    =    325.00000000000000     
 ALPHA_S =   0.11799999999999999     
 BORN                    2.4218830367008795E-011
 SINGLE POLE (MadFKS)   -1.2143969239834853E-012
 DOUBLE POLE (MadFKS)   -2.5774068056799946E-012
 SINGLE POLE (MadLoop)  -1.2143969239833421E-012
 DOUBLE POLE (MadLoop)  -2.5774068056800003E-012
 FINITE PART (MadLoop)   4.6520223151765193E-012
   325.00000000000000        0.0000000000000000        0.0000000000000000        325.00000000000000        0.0000000000000000     
   325.00000000000000        0.0000000000000000        0.0000000000000000       -325.00000000000000        0.0000000000000000     
   155.07343812165090        137.54704925713793        71.245013049905026       -7.2614438676346404        0.0000000000000000     
   158.70957977504827        42.219135852451515        118.30875522968384       -97.001617080579848        0.0000000000000000     
   231.52935084532410       -128.15038612368124       -174.66674837622017        14.409368359377991        80.419002445756163     
   104.68763125797673       -51.615798985908235       -14.887019903368641        89.853692588836509        0.0000000000000000     

 PASSED   1.0000000000000001E-005
 MU_R    =    325.00000000000000     
 ALPHA_S =   0.11799999999999999     
 BORN                    3.5809995974813477E-012
 SINGLE POLE (MadFKS)   -5.1114226867437808E-013
 DOUBLE POLE (MadFKS)   -3.8109572567379447E-013
 SINGLE POLE (MadLoop)  -5.1114226867443008E-013
 DOUBLE POLE (MadLoop)  -3.8109572567380113E-013
 FINITE PART (MadLoop)  -7.5781952873493900E-014
   325.00000000000000        0.0000000000000000        0.0000000000000000        325.00000000000000        0.0000000000000000     
   325.00000000000000        0.0000000000000000        0.0000000000000000       -325.00000000000000        0.0000000000000000     
   95.141763432752256       -89.297023786827410        18.925375205117014       -26.829589360519801        0.0000000000000000     
   127.78672052276987        57.955149658834507        40.930402001628742       -106.27957829221779        0.0000000000000000     
Thanks for using LHAPDF 6.2.1. Please make sure to cite the paper:
  Eur.Phys.J. C75 (2015) 3, 132  (http://arxiv.org/abs/1412.7420)
   290.66633260166589        76.944766609967587       -155.76110233547405        218.71827277186361        80.419002445756163     
   136.40518344281196       -45.602892481974685        95.905325128728293       -85.609105119125999        0.0000000000000000     

 PASSED   1.0000000000000001E-005
 MU_R    =    325.00000000000000     
 ALPHA_S =   0.11799999999999999     
 BORN                    5.3020719889771408E-012
 SINGLE POLE (MadFKS)   -4.9946357236959415E-013
 DOUBLE POLE (MadFKS)   -5.6425501238120892E-013
 SINGLE POLE (MadLoop)  -4.9946357237026643E-013
 DOUBLE POLE (MadLoop)  -5.6425501238120831E-013
 FINITE PART (MadLoop)   4.0822741657887424E-013
   325.00000000000000        0.0000000000000000        0.0000000000000000        325.00000000000000        0.0000000000000000     
   325.00000000000000        0.0000000000000000        0.0000000000000000       -325.00000000000000        0.0000000000000000     
   136.29379341025501        50.302903067109035       -47.290918504026024        117.51248909041063        0.0000000000000000     
   235.61447057951025       -134.43199356333588       -33.354549878599862       -190.60349381752192        0.0000000000000000     
   132.48544535596275       -12.903605045609668       -24.085573674616139        101.67870669116915        80.419002445756163     
   145.60629065427196        97.032695541836432        104.73104205724204       -28.587701964057850        0.0000000000000000     

 NUMBER OF POINTS PASSING THE CHECK          20
 NUMBER OF POINTS FAILING THE CHECK           0
 TOLERANCE    1.0000000000000001E-005
