==== LHAPDF6 USING DEFAULT-TYPE LHAGLUE INTERFACE ====
LHAPDF 6.2.1 loading /cvmfs/cms.cern.ch/slc7_amd64_gcc700/external/lhapdf/6.2.1-pafccj3/share/LHAPDF/NNPDF31_nnlo_as_0118_nf_4_mc_hessian/NNPDF31_nnlo_as_0118_nf_4_mc_hessian_0000.dat
NNPDF31_nnlo_as_0118_nf_4_mc_hessian PDF set, member #0, version 1; LHAPDF ID = 325500
 A PDF is used, so alpha_s(MZ) is going to be modified
 Old value of alpha_s from param_card:   0.11799999999999999     
 New value of alpha_s from PDF lhapdf :  0.11266013434007299     
 *****************************************************
 *               MadGraph/MadEvent                   *
 *        --------------------------------           *
 *          http://madgraph.hep.uiuc.edu             *
 *          http://madgraph.phys.ucl.ac.be           *
 *          http://madgraph.roma2.infn.it            *
 *        --------------------------------           *
 *                                                   *
 *          PARAMETER AND COUPLING VALUES            *
 *                                                   *
 *****************************************************

  External Params
  ---------------------------------
  
 MU_R =    91.188000000000002     
 aEWM1 =    132.50700000000001     
 mdl_Gf =    1.1663900000000000E-005
 aS =   0.11799999999999999     
 mdl_ymb =    4.7000000000000002     
 mdl_ymt =    173.00000000000000     
 mdl_ymtau =    1.7769999999999999     
 mdl_MT =    173.00000000000000     
 mdl_MB =    4.7000000000000002     
 mdl_MZ =    91.188000000000002     
 mdl_MH =    125.00000000000000     
 mdl_MTA =    1.7769999999999999     
 mdl_WT =    1.4915000000000000     
 mdl_WZ =    2.4414039999999999     
 mdl_WW =    2.0476000000000001     
 mdl_WH =    6.3823389999999999E-003
  Internal Params
  ---------------------------------
  
 mdl_conjg__CKM3x3 =    1.0000000000000000     
 mdl_CKM22 =    1.0000000000000000     
 mdl_lhv =    1.0000000000000000     
 mdl_CKM3x3 =    1.0000000000000000     
 mdl_conjg__CKM22 =    1.0000000000000000     
 mdl_conjg__CKM33 =    1.0000000000000000     
 mdl_Ncol =    3.0000000000000000     
 mdl_CA =    3.0000000000000000     
 mdl_TF =   0.50000000000000000     
 mdl_CF =    1.3333333333333333     
 mdl_complexi =                (0.0000000000000000,1.0000000000000000)
 mdl_MZ__exp__2 =    8315.2513440000002     
 mdl_MZ__exp__4 =    69143404.913893804     
 mdl_sqrt__2 =    1.4142135623730951     
 mdl_MH__exp__2 =    15625.000000000000     
 mdl_Ncol__exp__2 =    9.0000000000000000     
 mdl_MB__exp__2 =    22.090000000000003     
 mdl_MT__exp__2 =    29929.000000000000     
 mdl_aEW =    7.5467711139788835E-003
 mdl_MW =    80.419002445756163     
 mdl_sqrt__aEW =    8.6872153846781555E-002
 mdl_ee =   0.30795376724436879     
 mdl_MW__exp__2 =    6467.2159543705357     
 mdl_sw2 =   0.22224648578577766     
 mdl_cw =   0.88190334743339216     
 mdl_sqrt__sw2 =   0.47143025548407230     
 mdl_sw =   0.47143025548407230     
 mdl_g1 =   0.34919219678733299     
 mdl_gw =   0.65323293034757990     
 mdl_v =    246.21845810181637     
 mdl_v__exp__2 =    60623.529110035903     
 mdl_lam =   0.12886910601690263     
 mdl_yb =    2.6995554250465490E-002
 mdl_yt =   0.99366614581500623     
 mdl_ytau =    1.0206617000654717E-002
 mdl_muH =    88.388347648318430     
 mdl_AxialZUp =  -0.18517701861793787     
 mdl_AxialZDown =   0.18517701861793787     
 mdl_VectorZUp =    7.5430507588273299E-002
 mdl_VectorZDown =  -0.13030376310310560     
 mdl_VectorAUp =   0.20530251149624587     
 mdl_VectorADown =  -0.10265125574812294     
 mdl_VectorWmDxU =   0.23095271737156670     
 mdl_AxialWmDxU =  -0.23095271737156670     
 mdl_VectorWpUxD =   0.23095271737156670     
 mdl_AxialWpUxD =  -0.23095271737156670     
 mdl_I1x33 =          (2.69955542504654901E-002,0.0000000000000000)
 mdl_I2x33 =               (0.99366614581500623,0.0000000000000000)
 mdl_I3x33 =               (0.99366614581500623,0.0000000000000000)
 mdl_I4x33 =          (2.69955542504654901E-002,0.0000000000000000)
 mdl_Vector_tbGp =              (-0.96667059156454072,0.0000000000000000)
 mdl_Axial_tbGp =              (-1.0206617000654716,-0.0000000000000000)
 mdl_Vector_tbGm =               (0.96667059156454072,0.0000000000000000)
 mdl_Axial_tbGm =              (-1.0206617000654716,-0.0000000000000000)
 mdl_gw__exp__2 =   0.42671326129048615     
 mdl_cw__exp__2 =   0.77775351421422245     
 mdl_ee__exp__2 =    9.4835522759998875E-002
 mdl_sw__exp__2 =   0.22224648578577769     
 mdl_yb__exp__2 =    7.2875994928982540E-004
 mdl_yt__exp__2 =   0.98737240933884918     
  Internal Params evaluated point by point
  ----------------------------------------
  
 mdl_sqrt__aS =   0.34351128074635334     
 mdl_G__exp__4 =    2.1987899468922913     
 mdl_G__exp__2 =    1.4828317324943823     
 mdl_R2MixedFactor_FIN_ =   -2.5040377713124864E-002
 mdl_G_UVg_1EPS_ =   -5.1645779033320030E-002
 mdl_G_UVq_1EPS_ =    3.1300472141406080E-003
 mdl_GWcft_UV_b_1EPS_ =   -3.1300472141406080E-003
 mdl_GWcft_UV_t_1EPS_ =   -3.1300472141406080E-003
 mdl_bWcft_UV_1EPS_ =   -1.8780283284843650E-002
 mdl_tWcft_UV_1EPS_ =   -1.8780283284843650E-002
 mdl_G__exp__3 =    1.8056676068262196     
 mdl_MU_R__exp__2 =    8315.2513440000002     
 mdl_G_UVb_FIN_ =    1.8563438626678915E-002
 mdl_G_UVt_FIN_ =   -4.0087659331150384E-003
 mdl_GWcft_UV_b_FIN_ =   -1.8563438626678915E-002
 mdl_GWcft_UV_t_FIN_ =    4.0087659331150384E-003
 mdl_bWcft_UV_FIN_ =  -0.13642100947319838     
 mdl_tWcft_UV_FIN_ =   -9.8778211443463623E-004
  Couplings of loop_sm
  ---------------------------------
  
      UV_GQQb =   0.00000E+00   0.22605E-01
      UV_GQQt =   0.00000E+00  -0.48815E-02
   UVWfct_G_2 =   0.40088E-02   0.00000E+00
   UVWfct_G_1 =  -0.18563E-01   0.00000E+00
       R2_DDA =   0.00000E+00   0.25704E-02
       R2_UUA =  -0.00000E+00  -0.51409E-02
    R2_UUZ_V2 =  -0.00000E+00  -0.72127E-02
    R2_UUZ_V5 =   0.00000E+00   0.68702E-03
      R2_sxcW =  -0.00000E+00  -0.11566E-01
      R2_GGHb =   0.00000E+00  -0.33698E-02
      R2_GGHt =   0.00000E+00  -0.45657E+01
     R2_GGZup =  -0.46369E-02   0.00000E+00
    R2_GGWWcs =   0.00000E+00   0.13356E-02
         GC_4 =  -0.12177E+01   0.00000E+00
         GC_5 =   0.00000E+00   0.12177E+01
       R2_GQQ =  -0.00000E+00  -0.30492E-01
       R2_QQq =   0.00000E+00   0.12520E-01
 UV_GQQg_1eps =   0.00000E+00  -0.62890E-01
 UV_GQQq_1eps =   0.00000E+00   0.38115E-02
 UVWfct_G_2_1eps -0.31300E-02   0.00000E+00
         GC_1 =  -0.00000E+00  -0.10265E+00
         GC_2 =   0.00000E+00   0.20530E+00
         GC_7 =   0.00000E+00   0.57609E+00
        GC_22 =   0.00000E+00   0.28804E+00
        GC_23 =  -0.00000E+00  -0.27437E-01
        GC_24 =   0.00000E+00   0.82310E-01
        GC_25 =   0.00000E+00   0.30795E+00
        GC_28 =   0.00000E+00   0.37035E+00
        GC_31 =   0.00000E+00   0.52532E+02
        GC_33 =  -0.00000E+00  -0.19089E-01
        GC_37 =  -0.00000E+00  -0.70263E+00
        GC_38 =  -0.00000E+00  -0.72172E-02
        GC_47 =   0.00000E+00   0.46191E+00

 Collider parameters:
 --------------------

 Running at P P   machine @    13000.000000000000       GeV
 PDF set = lhapdf 
 alpha_s(Mz)= 0.1127 running at 3 loops.
 alpha_s(Mz)= 0.1127 running at 3 loops.
 Renormalization scale set on event-by-event basis
 Factorization   scale set on event-by-event basis


 ===============================================================
 INFO: MadFKS read these parameters from FKS_params.dat
 ===============================================================
  > IRPoleCheckThreshold      =    1.0000000000000001E-005
  > PrecisionVirtualAtRunTime =    1.0000000000000000E-003
  > NHelForMCoverHels         =            4
  > VirtualFraction           =    1.0000000000000000     
  > MinVirtualFraction        =    5.0000000000000001E-003
 ===============================================================
  Insert the number of points to test
 Insert the relative tolerance
  A negative number will mean use the default one:    1.0000000000000001E-005
Using random seed offsets:     1 ,     57 ,      0
  with seed                   32
 Ranmar initialization seeds       10730        9463
  ========================================================================================== 
 {                                                                                          }
 {       [32m                                                                            [0m       }
 {       [32m                               ,,                                           [0m       }
 {       [32m`7MMM.     ,MMF'             `7MM  `7MMF'                                   [0m       }
 {       [32m  MMMb    dPMM                 MM    MM                                     [0m       }
 {       [32m  M YM   ,M MM   ,6"Yb.   ,M""bMM    MM         ,pW"Wq.   ,pW"Wq.`7MMpdMAo. [0m       }
 {       [32m  M  Mb  M' MM  8)   MM ,AP    MM    MM        6W'   `Wb 6W'   `Wb MM   `Wb [0m       }
 {       [32m  M  YM.P'  MM   ,pm9MM 8MI    MM    MM      , 8M     M8 8M     M8 MM    M8 [0m       }
 {       [32m  M  `YM'   MM  8M   MM `Mb    MM    MM     ,M YA.   ,A9 YA.   ,A9 MM   ,AP [0m       }
 {       [32m.JML. `'  .JMML.`Moo9^Yo.`Wbmd"MML..JMMmmmmMMM  `Ybmd9'   `Ybmd9'  MMbmmd'  [0m       }
 {       [32m                                                                   MM       [0m       }
 {       [32m                                                                 .JMML.     [0m       }
 {       [32m[0mv2.6.5 (2018-02-03), Ref: arXiv:1103.0621v2, arXiv:1405.0301[32m                [0m       }
 {       [32m                                                                            [0m       }
 {                                                                                          }
  ========================================================================================== 
 ===============================================================
 INFO: MadLoop read these parameters from ./MadLoop5_resources/MadLoopParams.dat                                                                                                                                                                                                                                                                                                                                                                                                                                                                                          
 ===============================================================
  > MLReductionLib            = 6|7|1
  > CTModeRun                 =           -1
  > MLStabThres               =    1.0000000000000000E-003
  > NRotations_DP             =            0
  > NRotations_QP             =            0
  > CTStabThres               =    1.0000000000000000E-002
  > CTLoopLibrary             =            2
  > CTModeInit                =            1
  > CheckCycle                =            3
  > MaxAttempts               =           10
  > UseLoopFilter             =  F
  > HelicityFilterLevel       =            2
  > ImprovePSPoint            =            2
  > DoubleCheckHelicityFilter =  T
  > LoopInitStartOver         =  F
  > HelInitStartOver          =  F
  > ZeroThres                 =    1.0000000000000001E-009
  > OSThres                   =    1.0000000000000000E-008
  > WriteOutFilters           =  T
  > UseQPIntegrandForNinja    =  T
  > UseQPIntegrandForCutTools =  T
  > IREGIMODE                 =            2
  > IREGIRECY                 =  T
  > COLLIERMode               =            1
  > COLLIERRequiredAccuracy   =    1.0000000000000000E-008
  > COLLIERCanOutput          =  F
  > COLLIERComputeUVpoles     =  T
  > COLLIERComputeIRpoles     =  T
  > COLLIERGlobalCache        =           -1
  > COLLIERUseCacheForPoles   =  F
  > COLLIERUseInternalStabilityTest =  T
 ===============================================================
  
------------------------------------------------------------------------
|              You are using CutTools - Version 1.9.3                  |
|              Authors: G. Ossola, C. Papadopoulos, R. Pittau          |
|              Published in JHEP 0803:042,2008                         |
|              http://www.ugr.es/~pittau/CutTools                      |
|                                                                      |
|              Compiler with  34  significant digits detetected        |
 ---------------------------------------------------------------------- 
   
########################################################################
#                                                                      #

  +----------------------------------------------------------------+
  |                                                                |
  |  Ninja - version 1.1.0                                         |
  |                                                                |
  |  Author: Tiziano Peraro                                        |
  |                                                                |
  |  Based on:                                                     |
  |                                                                |
  |      P. Mastrolia, E. Mirabella and T. Peraro,                 |
  |      "Integrand reduction of one-loop scattering amplitudes    |
  |      through Laurent series expansion,"                        |
  |      JHEP 1206 (2012) 095  [arXiv:1203.0291 [hep-ph]].         |
  |                                                                |
  |      T. Peraro,                                                |
  |      "Ninja: Automated Integrand Reduction via Laurent         |
  |      Expansion for One-Loop Amplitudes,"                       |
  |      Comput.Phys.Commun. 185 (2014) [arXiv:1403.1229 [hep-ph]] |
  |                                                                |
  +----------------------------------------------------------------+


#                      You are using OneLOop-3.6                       #
#                                                                      #
# for the evaluation of 1-loop scalar 1-, 2-, 3- and 4-point functions #
#                                                                      #
# author: Andreas van Hameren <hamerenREMOVETHIS@ifj.edu.pl>           #
#   date: 18-02-2015                                                   #
#                                                                      #
# Please cite                                                          #
#    A. van Hameren,                                                   #
#      Comput.Phys.Commun. 182 (2011) 2427-2438, arXiv:1007.4716       #
#    A. van Hameren, C.G. Papadopoulos and R. Pittau,                  #
#      JHEP 0909:106,2009, arXiv:0903.4665                             #
# in publications with results obtained with the help of this program. #
#                                                                      #
########################################################################
########################################################################
#                                                                      #
#                      You are using OneLOop-3.6                       #
#                                                                      #
# for the evaluation of 1-loop scalar 1-, 2-, 3- and 4-point functions #
#                                                                      #
# author: Andreas van Hameren <hamerenREMOVETHIS@ifj.edu.pl>           #
#   date: 18-02-2015                                                   #
#                                                                      #
# Please cite                                                          #
#    A. van Hameren,                                                   #
#      Comput.Phys.Commun. 182 (2011) 2427-2438, arXiv:1007.4716       #
#    A. van Hameren, C.G. Papadopoulos and R. Pittau,                  #
#      JHEP 0909:106,2009, arXiv:0903.4665                             #
# in publications with results obtained with the help of this program. #
#                                                                      #
########################################################################
 PASSED   1.0000000000000001E-005
 MU_R    =    325.00000000000000     
 ALPHA_S =   0.11799999999999999     
 BORN                    4.8038153776352433E-012
 SINGLE POLE (MadFKS)   -5.0604112838171425E-013
 DOUBLE POLE (MadFKS)   -5.1122974396044223E-013
 SINGLE POLE (MadLoop)  -5.0604112838167234E-013
 DOUBLE POLE (MadLoop)  -5.1122974396041981E-013
 FINITE PART (MadLoop)   1.8627579574665177E-013
   325.00000000000000        0.0000000000000000        0.0000000000000000        325.00000000000000        0.0000000000000000     
   325.00000000000000        0.0000000000000000        0.0000000000000000       -325.00000000000000        0.0000000000000000     
   108.85896736267762       -12.900867576193933       -106.86974379599819       -16.208030479602858        0.0000000000000000     
   307.09082021354794        72.199239586042523        289.84158398019741       -71.301457618179441        0.0000000000000000     
   195.51719122216659       -56.120870355530705       -159.09690643431122        57.431510363253196        80.419002445756163     
   38.533021201607802       -3.1775016543178736       -23.874933749887980        30.077977734529046        0.0000000000000000     

 PASSED   1.0000000000000001E-005
 MU_R    =    325.00000000000000     
 ALPHA_S =   0.11799999999999999     
 BORN                    2.2803343278954830E-012
 SINGLE POLE (MadFKS)   -9.6362628186471786E-014
 DOUBLE POLE (MadFKS)   -2.4267683975150740E-013
 SINGLE POLE (MadLoop)  -9.6362628188199997E-014
 DOUBLE POLE (MadLoop)  -2.4267683975178336E-013
 FINITE PART (MadLoop)  -1.9344730582135750E-013
   325.00000000000000        0.0000000000000000        0.0000000000000000        325.00000000000000        0.0000000000000000     
   325.00000000000000        0.0000000000000000        0.0000000000000000       -325.00000000000000        0.0000000000000000     
   179.31294853397148        45.482594976675493       -158.36978309661936        70.735273153244663        0.0000000000000000     
   248.73914624179903       -71.517275073321542        161.27371518710223       -175.34888374020343        0.0000000000000000     
   96.053843361621247       -18.229963087856422        49.250788235889530       -1.0738594541619790        80.419002445756163     
   125.89406186260823        44.264643184502368       -52.154720326372427        105.68747004112075        0.0000000000000000     

 PASSED   1.0000000000000001E-005
 MU_R    =    325.00000000000000     
 ALPHA_S =   0.11799999999999999     
 BORN                    5.8956260739496839E-011
 SINGLE POLE (MadFKS)   -9.2140404915899764E-012
 DOUBLE POLE (MadFKS)   -6.2742199092495193E-012
 SINGLE POLE (MadLoop)  -9.2140404915912350E-012
 DOUBLE POLE (MadLoop)  -6.2742199092500646E-012
 FINITE PART (MadLoop)  -3.6430008814477091E-012
   325.00000000000000        0.0000000000000000        0.0000000000000000        325.00000000000000        0.0000000000000000     
   325.00000000000000        0.0000000000000000        0.0000000000000000       -325.00000000000000        0.0000000000000000     
   157.94282094023890        151.87764253889500       -31.446791692780298        29.836482292972921        0.0000000000000000     
   127.56763158908286        103.69347308121222        74.213157095032500        3.6839630280287370        0.0000000000000000     
   268.96419028928534       -228.56147908960901       -114.33657906298735        23.692122491322678        80.419002445756163     
   95.525357181392920       -27.009636530498202        71.570213660734936       -57.212567812324366        0.0000000000000000     

 PASSED   1.0000000000000001E-005
 MU_R    =    325.00000000000000     
 ALPHA_S =   0.11799999999999999     
 BORN                    1.1567818093686134E-012
 SINGLE POLE (MadFKS)   -9.9553031160031421E-014
 DOUBLE POLE (MadFKS)   -1.2310657711261384E-013
 SINGLE POLE (MadLoop)  -9.9553031160005231E-014
 DOUBLE POLE (MadLoop)  -1.2310657711261478E-013
 FINITE PART (MadLoop)  -3.1022806982185702E-013
   325.00000000000000        0.0000000000000000        0.0000000000000000        325.00000000000000        0.0000000000000000     
   325.00000000000000        0.0000000000000000        0.0000000000000000       -325.00000000000000        0.0000000000000000     
   209.18540518322337       -64.356841642157363       -152.16287096126558       -128.30896841741372        0.0000000000000000     
   144.35140873446107       -105.80333319870142        93.937293807310397        28.614134965556282        0.0000000000000000     
   234.11125721889900        187.84335997019269        99.404259205684411        56.342969118788020        80.419002445756163     
   62.351928863416511       -17.683185129333921       -41.178682051729240        43.351864333069351        0.0000000000000000     

 PASSED   1.0000000000000001E-005
 MU_R    =    325.00000000000000     
 ALPHA_S =   0.11799999999999999     
 BORN                    1.7005632800396914E-012
 SINGLE POLE (MadFKS)   -1.8015771815995442E-013
 DOUBLE POLE (MadFKS)   -1.8097667414337375E-013
 SINGLE POLE (MadLoop)  -1.8015772190884676E-013
 DOUBLE POLE (MadLoop)  -1.8097667414334290E-013
 FINITE PART (MadLoop)   1.9617625057609397E-013
   325.00000000000000        0.0000000000000000        0.0000000000000000        325.00000000000000        0.0000000000000000     
   325.00000000000000        0.0000000000000000        0.0000000000000000       -325.00000000000000        0.0000000000000000     
   232.69887796109006        163.36272967400421        159.94367773146755       -43.352120035137133        0.0000000000000000     
   145.51451172006912       -47.972533609597157       -22.388893927518435        135.54278501236624        0.0000000000000000     
   236.92299231879372       -132.73307763085322       -131.22674346679401       -121.76518482991236        80.419002445756163     
   34.863618000047083        17.342881566446295       -6.3280403371551150        29.574519852683366        0.0000000000000000     

 PASSED   1.0000000000000001E-005
 MU_R    =    325.00000000000000     
 ALPHA_S =   0.11799999999999999     
 BORN                    8.5341526250962606E-011
 SINGLE POLE (MadFKS)   -1.3577453211502819E-012
 DOUBLE POLE (MadFKS)   -9.0821822207393232E-012
 SINGLE POLE (MadLoop)  -1.3577453211505192E-012
 DOUBLE POLE (MadLoop)  -9.0821822207392618E-012
 FINITE PART (MadLoop)   1.9794284550836716E-011
   325.00000000000000        0.0000000000000000        0.0000000000000000        325.00000000000000        0.0000000000000000     
   325.00000000000000        0.0000000000000000        0.0000000000000000       -325.00000000000000        0.0000000000000000     
   85.276932825907608       -56.773552003895475       -63.343303565263874       -6.0452426331921814        0.0000000000000000     
   167.68061724060345       -127.61443771717907       -8.0967570926229762       -108.47021346388627        0.0000000000000000     
   193.51975467671403        102.30849399731899        128.79458929713957       -62.670609695029462        80.419002445756163     
   203.52269525677494        82.079495723755556       -57.354528639252734        177.18606579210791        0.0000000000000000     

 PASSED   1.0000000000000001E-005
 MU_R    =    325.00000000000000     
 ALPHA_S =   0.11799999999999999     
 BORN                    7.4071406721742960E-012
 SINGLE POLE (MadFKS)   -4.4585713653441683E-013
 DOUBLE POLE (MadFKS)   -7.8827980087334938E-013
 SINGLE POLE (MadLoop)  -4.4585713653831716E-013
 DOUBLE POLE (MadLoop)  -7.8827980087335130E-013
 FINITE PART (MadLoop)  -7.1393704817995506E-013
   325.00000000000000        0.0000000000000000        0.0000000000000000        325.00000000000000        0.0000000000000000     
   325.00000000000000        0.0000000000000000        0.0000000000000000       -325.00000000000000        0.0000000000000000     
   174.34421635946148       -19.074380503498691       -121.03210104034549       -124.02944934233190        0.0000000000000000     
   176.52071174786755       -167.80847710930297        52.023180157543493       -17.130832219307031        0.0000000000000000     
   166.79472196587795        73.271821346491663        98.050372903368384        79.816213211240523        80.419002445756163     
   132.34034992679298        113.61103626630999       -29.041452020566325        61.344068350398409        0.0000000000000000     

 PASSED   1.0000000000000001E-005
 MU_R    =    325.00000000000000     
 ALPHA_S =   0.11799999999999999     
 BORN                    1.5791740980970273E-010
 SINGLE POLE (MadFKS)   -1.8678643832875928E-011
 DOUBLE POLE (MadFKS)   -1.6805824253731466E-011
 SINGLE POLE (MadLoop)  -1.8678643832875976E-011
 DOUBLE POLE (MadLoop)  -1.6805824253731554E-011
 FINITE PART (MadLoop)   3.9685999614443315E-011
   325.00000000000000        0.0000000000000000        0.0000000000000000        325.00000000000000        0.0000000000000000     
   325.00000000000000        0.0000000000000000        0.0000000000000000       -325.00000000000000        0.0000000000000000     
   86.131023085988701      -0.11089449867919683       -83.114727076281454        22.593870480387480        0.0000000000000000     
   181.10113895930417        40.144254989200377        42.342322067602566        171.44441981482709        0.0000000000000000     
   168.69395870007045        128.71854773305679        39.209300812312456       -62.326574964720393        80.419002445756163     
   214.07387925463661       -168.75190822357800        1.5631041963664436       -131.71171533049414        0.0000000000000000     

 PASSED   1.0000000000000001E-005
 MU_R    =    325.00000000000000     
 ALPHA_S =   0.11799999999999999     
 BORN                    1.9364647477799153E-011
 SINGLE POLE (MadFKS)   -3.4134407504713807E-012
 DOUBLE POLE (MadFKS)   -2.0608168702838066E-012
 SINGLE POLE (MadLoop)  -3.4134407504716699E-012
 DOUBLE POLE (MadLoop)  -2.0608168702838187E-012
 FINITE PART (MadLoop)  -1.5069414459023472E-012
   325.00000000000000        0.0000000000000000        0.0000000000000000        325.00000000000000        0.0000000000000000     
   325.00000000000000        0.0000000000000000        0.0000000000000000       -325.00000000000000        0.0000000000000000     
   102.86036517545649       -48.333543127188356        7.3655829158380888        90.497908932253225        0.0000000000000000     
   146.21455564022779        113.73979339061313       -90.763166656991103       -14.282970941830087        0.0000000000000000     
   189.15856041531723        32.082056132636502        130.81328579519678        105.69943688492961        80.419002445756163     
   211.76651876899845       -97.488306396061262       -47.415702054043741       -181.91437487535282        0.0000000000000000     

 PASSED   1.0000000000000001E-005
 MU_R    =    325.00000000000000     
 ALPHA_S =   0.11799999999999999     
 BORN                    7.8794697137828101E-012
 SINGLE POLE (MadFKS)   -4.8784671780500523E-013
 DOUBLE POLE (MadFKS)   -8.3854581570206018E-013
 SINGLE POLE (MadLoop)  -4.8784671780484377E-013
 DOUBLE POLE (MadLoop)  -8.3854581570206109E-013
 FINITE PART (MadLoop)   1.0644837119507566E-012
   325.00000000000000        0.0000000000000000        0.0000000000000000        325.00000000000000        0.0000000000000000     
   325.00000000000000        0.0000000000000000        0.0000000000000000       -325.00000000000000        0.0000000000000000     
   158.87193896623981        155.14559266624642        18.785611229644338       -28.587390189739558        0.0000000000000000     
   190.14219805377286       -25.953885640671110        187.26134756397659        20.338117154611815        0.0000000000000000     
   184.89273000760483       -53.091903685647168       -147.23073165673091       -56.766777908845370        80.419002445756163     
   116.09313297238251       -76.099803339928172       -58.816227136890028        65.016050943973141        0.0000000000000000     

 PASSED   1.0000000000000001E-005
 MU_R    =    325.00000000000000     
 ALPHA_S =   0.11799999999999999     
 BORN                    1.5082140887078159E-011
 SINGLE POLE (MadFKS)   -1.7628164678410221E-012
 DOUBLE POLE (MadFKS)   -1.6050656442737552E-012
 SINGLE POLE (MadLoop)  -1.7628164678414634E-012
 DOUBLE POLE (MadLoop)  -1.6050656442737607E-012
 FINITE PART (MadLoop)   8.7618918698525199E-013
   325.00000000000000        0.0000000000000000        0.0000000000000000        325.00000000000000        0.0000000000000000     
   325.00000000000000        0.0000000000000000        0.0000000000000000       -325.00000000000000        0.0000000000000000     
   251.82311772114522       -57.954795669327076        165.78990218984742       -180.47114065579873        0.0000000000000000     
   159.42569357938530       -57.527268625870327       -56.038866727991348        137.72004412414864        0.0000000000000000     
   126.29417307655135        26.058502666440209       -51.600202434352028        78.366930182548231        80.419002445756163     
   112.45701562291811        89.423561628757156       -58.150833027504142       -35.615833650898090        0.0000000000000000     

 PASSED   1.0000000000000001E-005
 MU_R    =    325.00000000000000     
 ALPHA_S =   0.11799999999999999     
 BORN                    2.3798709684018074E-012
 SINGLE POLE (MadFKS)   -1.6146930921482673E-013
 DOUBLE POLE (MadFKS)   -2.5326968881844644E-013
 SINGLE POLE (MadLoop)  -1.6146930921486479E-013
 DOUBLE POLE (MadLoop)  -2.5326968881844654E-013
 FINITE PART (MadLoop)   2.3708444785666091E-013
   325.00000000000000        0.0000000000000000        0.0000000000000000        325.00000000000000        0.0000000000000000     
   325.00000000000000        0.0000000000000000        0.0000000000000000       -325.00000000000000        0.0000000000000000     
   269.99209451261277        261.91617928271285       -15.455533061109868        63.692798863375309        0.0000000000000000     
   72.233694169434216       -54.073644163544579       -46.122422390544344       -12.902315027386690        0.0000000000000000     
   195.23734527232600       -143.66336486590689       -14.019642216035152       -103.99371260876583        80.419002445756163     
   112.53686604562708       -64.179170253261347        75.597597667689371        53.203228772777216        0.0000000000000000     

 PASSED   1.0000000000000001E-005
 MU_R    =    325.00000000000000     
 ALPHA_S =   0.11799999999999999     
 BORN                    2.4726811626694352E-011
 SINGLE POLE (MadFKS)   -2.4605456366382684E-012
 DOUBLE POLE (MadFKS)   -2.6314669867882844E-012
 SINGLE POLE (MadLoop)  -2.4605456366385681E-012
 DOUBLE POLE (MadLoop)  -2.6314669867882714E-012
 FINITE PART (MadLoop)  -1.0300730232499169E-011
   325.00000000000000        0.0000000000000000        0.0000000000000000        325.00000000000000        0.0000000000000000     
   325.00000000000000        0.0000000000000000        0.0000000000000000       -325.00000000000000        0.0000000000000000     
   55.784461210822975        32.872147448956298        33.184599621885354       -30.497711104459228        0.0000000000000000     
   244.99627930259103        36.022752395261683       -111.16121855465762       -215.33397704827385        0.0000000000000000     
   259.30820798771686        19.228871782049545        62.043033387528716        237.81178119154225        80.419002445756163     
   89.911051498869170       -88.123771626267526        15.933585545243591        8.0199069611908644        0.0000000000000000     

 PASSED   1.0000000000000001E-005
 MU_R    =    325.00000000000000     
 ALPHA_S =   0.11799999999999999     
 BORN                    2.1490131256357696E-012
 SINGLE POLE (MadFKS)   -1.5687699033597758E-013
 DOUBLE POLE (MadFKS)   -2.2870142659962664E-013
 SINGLE POLE (MadLoop)  -1.5687699033591210E-013
 DOUBLE POLE (MadLoop)  -2.2870142659962401E-013
 FINITE PART (MadLoop)  -2.8072345130251115E-013
   325.00000000000000        0.0000000000000000        0.0000000000000000        325.00000000000000        0.0000000000000000     
   325.00000000000000        0.0000000000000000        0.0000000000000000       -325.00000000000000        0.0000000000000000     
   156.62104360048841       -153.59042927157898       -14.765724752307340       -26.872006014015710        0.0000000000000000     
   269.23889982176121        234.05781274158980        116.29248722668611       -64.672891434404804        0.0000000000000000     
   153.26534090809614       -42.536235813155521       -118.52545008304686        34.138469426193929        80.419002445756163     
   70.874715669654222       -37.931147656855323        16.998687608668082        57.406428022226599        0.0000000000000000     

 PASSED   1.0000000000000001E-005
 MU_R    =    325.00000000000000     
 ALPHA_S =   0.11799999999999999     
 BORN                    7.9140755318725111E-011
 SINGLE POLE (MadFKS)   -4.5442365643121367E-012
 DOUBLE POLE (MadFKS)   -8.4222862241522068E-012
 SINGLE POLE (MadLoop)  -4.5442365643414887E-012
 DOUBLE POLE (MadLoop)  -8.4222862241479675E-012
 FINITE PART (MadLoop)   2.2180040841464809E-012
   325.00000000000000        0.0000000000000000        0.0000000000000000        325.00000000000000        0.0000000000000000     
   325.00000000000000        0.0000000000000000        0.0000000000000000       -325.00000000000000        0.0000000000000000     
   88.348433850330053       -75.288722564068195        39.126812077048321        24.620044580874673        0.0000000000000000     
   247.98063842470617        47.488651043014237        238.78043851633265       -47.150050239502022        0.0000000000000000     
   117.71541322430529        1.2116825265500744       -85.784579372532193       -5.4074322493201006        80.419002445756163     
   195.95551450065861        26.588388994503866       -192.12267122084876        27.937437907947420        0.0000000000000000     

 PASSED   1.0000000000000001E-005
 MU_R    =    325.00000000000000     
 ALPHA_S =   0.11799999999999999     
 BORN                    2.9554365461582883E-012
 SINGLE POLE (MadFKS)   -2.5930204974620119E-013
 DOUBLE POLE (MadFKS)   -3.1452230154765106E-013
 SINGLE POLE (MadLoop)  -2.5930204974625840E-013
 DOUBLE POLE (MadLoop)  -3.1452230154765066E-013
 FINITE PART (MadLoop)   3.5253212927355712E-013
   325.00000000000000        0.0000000000000000        0.0000000000000000        325.00000000000000        0.0000000000000000     
   325.00000000000000        0.0000000000000000        0.0000000000000000       -325.00000000000000        0.0000000000000000     
   231.22733787844479       -71.697524875208302       -61.182997770049674        211.14494427523354        0.0000000000000000     
   126.17038586664692       -20.466197070348297       -88.018286838493495       -88.050452748597067        0.0000000000000000     
   140.30811829308627        52.977606022033378        3.5574496435583316       -101.97975248442174        80.419002445756163     
   152.29415796182195        39.186115923523204        145.64383496498488       -21.114739042214683        0.0000000000000000     

 PASSED   1.0000000000000001E-005
 MU_R    =    325.00000000000000     
 ALPHA_S =   0.11799999999999999     
 BORN                    1.7144558053887474E-012
 SINGLE POLE (MadFKS)   -2.7720279049065562E-013
 DOUBLE POLE (MadFKS)   -1.8245513899242419E-013
 SINGLE POLE (MadLoop)  -2.7720279049065703E-013
 DOUBLE POLE (MadLoop)  -1.8245513899242697E-013
 FINITE PART (MadLoop)   4.2814879168794381E-013
   325.00000000000000        0.0000000000000000        0.0000000000000000        325.00000000000000        0.0000000000000000     
   325.00000000000000        0.0000000000000000        0.0000000000000000       -325.00000000000000        0.0000000000000000     
   268.47474564226468        35.502060258408918        265.09919455467974        23.253167774457584        0.0000000000000000     
   74.309667555172197       -59.222959325524648       -44.827510167413507        2.2499140156689101        0.0000000000000000     
   245.24936011682183        78.382687855413209       -217.99829935682672        3.5956091879159011        80.419002445756163     
   61.966226685741248       -54.661788788297422       -2.2733850304395085       -29.098690978042395        0.0000000000000000     

 PASSED   1.0000000000000001E-005
 MU_R    =    325.00000000000000     
 ALPHA_S =   0.11799999999999999     
 BORN                    2.3883773971520972E-012
 SINGLE POLE (MadFKS)   -3.8203903467927726E-013
 DOUBLE POLE (MadFKS)   -2.5417495662125884E-013
 SINGLE POLE (MadLoop)  -3.8203903467893829E-013
 DOUBLE POLE (MadLoop)  -2.5417495662127884E-013
 FINITE PART (MadLoop)  -4.9551428868311064E-013
   325.00000000000000        0.0000000000000000        0.0000000000000000        325.00000000000000        0.0000000000000000     
   325.00000000000000        0.0000000000000000        0.0000000000000000       -325.00000000000000        0.0000000000000000     
   109.44671360356426        42.273920582816729        54.619387587274389        84.901244141469562        0.0000000000000000     
   203.31144137026519       -110.41199192037024       -28.623072651307908       -168.30167540529368        0.0000000000000000     
   230.05865062748293        127.32222192408766       -80.681887650581103        154.07547366021669        80.419002445756163     
   107.18319439868765       -59.184150586534280        54.685572714614651       -70.675042396392627        0.0000000000000000     

 PASSED   1.0000000000000001E-005
 MU_R    =    325.00000000000000     
 ALPHA_S =   0.11799999999999999     
 BORN                    5.5197142992823091E-012
 SINGLE POLE (MadFKS)   -4.7355610993652682E-013
 DOUBLE POLE (MadFKS)   -5.8741685642090280E-013
 SINGLE POLE (MadLoop)  -4.7355610993648674E-013
 DOUBLE POLE (MadLoop)  -5.8741685642090422E-013
 FINITE PART (MadLoop)  -1.0819948194766407E-012
   325.00000000000000        0.0000000000000000        0.0000000000000000        325.00000000000000        0.0000000000000000     
   325.00000000000000        0.0000000000000000        0.0000000000000000       -325.00000000000000        0.0000000000000000     
   153.42853628385188        75.726555687718843        133.24718743459442       -7.1408368312210406        0.0000000000000000     
   141.06717552990659        5.4098591895987669        64.912791800909758       -125.12797807103705        0.0000000000000000     
Thanks for using LHAPDF 6.2.1. Please make sure to cite the paper:
  Eur.Phys.J. C75 (2015) 3, 132  (http://arxiv.org/abs/1412.7420)
   268.76847990639152       -158.25100632751767       -175.46421393231242        99.690563556765753        80.419002445756163     
   86.735808279849991        77.114591450200052       -22.695765303191763        32.578251345492241        0.0000000000000000     

 PASSED   1.0000000000000001E-005
 MU_R    =    325.00000000000000     
 ALPHA_S =   0.11799999999999999     
 BORN                    2.0508588933970719E-009
 SINGLE POLE (MadFKS)   -2.7437531628988901E-010
 DOUBLE POLE (MadFKS)   -2.1825569563968183E-010
 SINGLE POLE (MadLoop)  -2.7437531629020670E-010
 DOUBLE POLE (MadLoop)  -2.1825569563961082E-010
 FINITE PART (MadLoop)   5.3480503790678841E-010
   325.00000000000000        0.0000000000000000        0.0000000000000000        325.00000000000000        0.0000000000000000     
   325.00000000000000        0.0000000000000000        0.0000000000000000       -325.00000000000000        0.0000000000000000     
   136.35225181612915        24.527970164960600       -52.477441875040213        123.43594836662318        0.0000000000000000     
   63.471888790740472       -37.549825383644269        25.841583156401011        44.169037348495188        0.0000000000000000     
   187.13596420020960        138.07209009068711       -92.396620032177168        30.848268790812849        80.419002445756163     
   263.03989519292077       -125.05023487200347        119.03247875081640       -198.45325450593126        0.0000000000000000     

 NUMBER OF POINTS PASSING THE CHECK          20
 NUMBER OF POINTS FAILING THE CHECK           0
 TOLERANCE    1.0000000000000001E-005
