==== LHAPDF6 USING DEFAULT-TYPE LHAGLUE INTERFACE ====
LHAPDF 6.2.1 loading /cvmfs/cms.cern.ch/slc7_amd64_gcc700/external/lhapdf/6.2.1-pafccj3/share/LHAPDF/NNPDF31_nnlo_as_0118_nf_4_mc_hessian/NNPDF31_nnlo_as_0118_nf_4_mc_hessian_0000.dat
NNPDF31_nnlo_as_0118_nf_4_mc_hessian PDF set, member #0, version 1; LHAPDF ID = 325500
 A PDF is used, so alpha_s(MZ) is going to be modified
 Old value of alpha_s from param_card:   0.11799999999999999     
 New value of alpha_s from PDF lhapdf :  0.11266013434007299     
 *****************************************************
 *               MadGraph/MadEvent                   *
 *        --------------------------------           *
 *          http://madgraph.hep.uiuc.edu             *
 *          http://madgraph.phys.ucl.ac.be           *
 *          http://madgraph.roma2.infn.it            *
 *        --------------------------------           *
 *                                                   *
 *          PARAMETER AND COUPLING VALUES            *
 *                                                   *
 *****************************************************

  External Params
  ---------------------------------
  
 MU_R =    91.188000000000002     
 aEWM1 =    132.50700000000001     
 mdl_Gf =    1.1663900000000000E-005
 aS =   0.11799999999999999     
 mdl_ymb =    4.7000000000000002     
 mdl_ymt =    173.00000000000000     
 mdl_ymtau =    1.7769999999999999     
 mdl_MT =    173.00000000000000     
 mdl_MB =    4.7000000000000002     
 mdl_MZ =    91.188000000000002     
 mdl_MH =    125.00000000000000     
 mdl_MTA =    1.7769999999999999     
 mdl_WT =    1.4915000000000000     
 mdl_WZ =    2.4414039999999999     
 mdl_WW =    2.0476000000000001     
 mdl_WH =    6.3823389999999999E-003
  Internal Params
  ---------------------------------
  
 mdl_conjg__CKM3x3 =    1.0000000000000000     
 mdl_CKM22 =    1.0000000000000000     
 mdl_lhv =    1.0000000000000000     
 mdl_CKM3x3 =    1.0000000000000000     
 mdl_conjg__CKM22 =    1.0000000000000000     
 mdl_conjg__CKM33 =    1.0000000000000000     
 mdl_Ncol =    3.0000000000000000     
 mdl_CA =    3.0000000000000000     
 mdl_TF =   0.50000000000000000     
 mdl_CF =    1.3333333333333333     
 mdl_complexi =                (0.0000000000000000,1.0000000000000000)
 mdl_MZ__exp__2 =    8315.2513440000002     
 mdl_MZ__exp__4 =    69143404.913893804     
 mdl_sqrt__2 =    1.4142135623730951     
 mdl_MH__exp__2 =    15625.000000000000     
 mdl_Ncol__exp__2 =    9.0000000000000000     
 mdl_MB__exp__2 =    22.090000000000003     
 mdl_MT__exp__2 =    29929.000000000000     
 mdl_aEW =    7.5467711139788835E-003
 mdl_MW =    80.419002445756163     
 mdl_sqrt__aEW =    8.6872153846781555E-002
 mdl_ee =   0.30795376724436879     
 mdl_MW__exp__2 =    6467.2159543705357     
 mdl_sw2 =   0.22224648578577766     
 mdl_cw =   0.88190334743339216     
 mdl_sqrt__sw2 =   0.47143025548407230     
 mdl_sw =   0.47143025548407230     
 mdl_g1 =   0.34919219678733299     
 mdl_gw =   0.65323293034757990     
 mdl_v =    246.21845810181637     
 mdl_v__exp__2 =    60623.529110035903     
 mdl_lam =   0.12886910601690263     
 mdl_yb =    2.6995554250465490E-002
 mdl_yt =   0.99366614581500623     
 mdl_ytau =    1.0206617000654717E-002
 mdl_muH =    88.388347648318430     
 mdl_AxialZUp =  -0.18517701861793787     
 mdl_AxialZDown =   0.18517701861793787     
 mdl_VectorZUp =    7.5430507588273299E-002
 mdl_VectorZDown =  -0.13030376310310560     
 mdl_VectorAUp =   0.20530251149624587     
 mdl_VectorADown =  -0.10265125574812294     
 mdl_VectorWmDxU =   0.23095271737156670     
 mdl_AxialWmDxU =  -0.23095271737156670     
 mdl_VectorWpUxD =   0.23095271737156670     
 mdl_AxialWpUxD =  -0.23095271737156670     
 mdl_I1x33 =          (2.69955542504654901E-002,0.0000000000000000)
 mdl_I2x33 =               (0.99366614581500623,0.0000000000000000)
 mdl_I3x33 =               (0.99366614581500623,0.0000000000000000)
 mdl_I4x33 =          (2.69955542504654901E-002,0.0000000000000000)
 mdl_Vector_tbGp =              (-0.96667059156454072,0.0000000000000000)
 mdl_Axial_tbGp =              (-1.0206617000654716,-0.0000000000000000)
 mdl_Vector_tbGm =               (0.96667059156454072,0.0000000000000000)
 mdl_Axial_tbGm =              (-1.0206617000654716,-0.0000000000000000)
 mdl_gw__exp__2 =   0.42671326129048615     
 mdl_cw__exp__2 =   0.77775351421422245     
 mdl_ee__exp__2 =    9.4835522759998875E-002
 mdl_sw__exp__2 =   0.22224648578577769     
 mdl_yb__exp__2 =    7.2875994928982540E-004
 mdl_yt__exp__2 =   0.98737240933884918     
  Internal Params evaluated point by point
  ----------------------------------------
  
 mdl_sqrt__aS =   0.34351128074635334     
 mdl_G__exp__4 =    2.1987899468922913     
 mdl_G__exp__2 =    1.4828317324943823     
 mdl_R2MixedFactor_FIN_ =   -2.5040377713124864E-002
 mdl_G_UVg_1EPS_ =   -5.1645779033320030E-002
 mdl_G_UVq_1EPS_ =    3.1300472141406080E-003
 mdl_GWcft_UV_b_1EPS_ =   -3.1300472141406080E-003
 mdl_GWcft_UV_t_1EPS_ =   -3.1300472141406080E-003
 mdl_bWcft_UV_1EPS_ =   -1.8780283284843650E-002
 mdl_tWcft_UV_1EPS_ =   -1.8780283284843650E-002
 mdl_G__exp__3 =    1.8056676068262196     
 mdl_MU_R__exp__2 =    8315.2513440000002     
 mdl_G_UVb_FIN_ =    1.8563438626678915E-002
 mdl_G_UVt_FIN_ =   -4.0087659331150384E-003
 mdl_GWcft_UV_b_FIN_ =   -1.8563438626678915E-002
 mdl_GWcft_UV_t_FIN_ =    4.0087659331150384E-003
 mdl_bWcft_UV_FIN_ =  -0.13642100947319838     
 mdl_tWcft_UV_FIN_ =   -9.8778211443463623E-004
  Couplings of loop_sm
  ---------------------------------
  
      UV_GQQb =   0.00000E+00   0.22605E-01
      UV_GQQt =   0.00000E+00  -0.48815E-02
   UVWfct_G_2 =   0.40088E-02   0.00000E+00
   UVWfct_G_1 =  -0.18563E-01   0.00000E+00
       R2_DDA =   0.00000E+00   0.25704E-02
       R2_UUA =  -0.00000E+00  -0.51409E-02
    R2_UUZ_V2 =  -0.00000E+00  -0.72127E-02
    R2_UUZ_V5 =   0.00000E+00   0.68702E-03
      R2_sxcW =  -0.00000E+00  -0.11566E-01
      R2_GGHb =   0.00000E+00  -0.33698E-02
      R2_GGHt =   0.00000E+00  -0.45657E+01
     R2_GGZup =  -0.46369E-02   0.00000E+00
    R2_GGWWcs =   0.00000E+00   0.13356E-02
         GC_4 =  -0.12177E+01   0.00000E+00
         GC_5 =   0.00000E+00   0.12177E+01
       R2_GQQ =  -0.00000E+00  -0.30492E-01
       R2_QQq =   0.00000E+00   0.12520E-01
 UV_GQQg_1eps =   0.00000E+00  -0.62890E-01
 UV_GQQq_1eps =   0.00000E+00   0.38115E-02
 UVWfct_G_2_1eps -0.31300E-02   0.00000E+00
         GC_1 =  -0.00000E+00  -0.10265E+00
         GC_2 =   0.00000E+00   0.20530E+00
         GC_7 =   0.00000E+00   0.57609E+00
        GC_22 =   0.00000E+00   0.28804E+00
        GC_23 =  -0.00000E+00  -0.27437E-01
        GC_24 =   0.00000E+00   0.82310E-01
        GC_25 =   0.00000E+00   0.30795E+00
        GC_28 =   0.00000E+00   0.37035E+00
        GC_31 =   0.00000E+00   0.52532E+02
        GC_33 =  -0.00000E+00  -0.19089E-01
        GC_37 =  -0.00000E+00  -0.70263E+00
        GC_38 =  -0.00000E+00  -0.72172E-02
        GC_47 =   0.00000E+00   0.46191E+00

 Collider parameters:
 --------------------

 Running at P P   machine @    13000.000000000000       GeV
 PDF set = lhapdf 
 alpha_s(Mz)= 0.1127 running at 3 loops.
 alpha_s(Mz)= 0.1127 running at 3 loops.
 Renormalization scale set on event-by-event basis
 Factorization   scale set on event-by-event basis


 ===============================================================
 INFO: MadFKS read these parameters from FKS_params.dat
 ===============================================================
  > IRPoleCheckThreshold      =    1.0000000000000001E-005
  > PrecisionVirtualAtRunTime =    1.0000000000000000E-003
  > NHelForMCoverHels         =            4
  > VirtualFraction           =    1.0000000000000000     
  > MinVirtualFraction        =    5.0000000000000001E-003
 ===============================================================
  Insert the number of points to test
 Insert the relative tolerance
  A negative number will mean use the default one:    1.0000000000000001E-005
Using random seed offsets:     1 ,     16 ,      0
  with seed                   32
 Ranmar initialization seeds       10730        9422
  ========================================================================================== 
 {                                                                                          }
 {       [32m                                                                            [0m       }
 {       [32m                               ,,                                           [0m       }
 {       [32m`7MMM.     ,MMF'             `7MM  `7MMF'                                   [0m       }
 {       [32m  MMMb    dPMM                 MM    MM                                     [0m       }
 {       [32m  M YM   ,M MM   ,6"Yb.   ,M""bMM    MM         ,pW"Wq.   ,pW"Wq.`7MMpdMAo. [0m       }
 {       [32m  M  Mb  M' MM  8)   MM ,AP    MM    MM        6W'   `Wb 6W'   `Wb MM   `Wb [0m       }
 {       [32m  M  YM.P'  MM   ,pm9MM 8MI    MM    MM      , 8M     M8 8M     M8 MM    M8 [0m       }
 {       [32m  M  `YM'   MM  8M   MM `Mb    MM    MM     ,M YA.   ,A9 YA.   ,A9 MM   ,AP [0m       }
 {       [32m.JML. `'  .JMML.`Moo9^Yo.`Wbmd"MML..JMMmmmmMMM  `Ybmd9'   `Ybmd9'  MMbmmd'  [0m       }
 {       [32m                                                                   MM       [0m       }
 {       [32m                                                                 .JMML.     [0m       }
 {       [32m[0mv2.6.5 (2018-02-03), Ref: arXiv:1103.0621v2, arXiv:1405.0301[32m                [0m       }
 {       [32m                                                                            [0m       }
 {                                                                                          }
  ========================================================================================== 
 ===============================================================
 INFO: MadLoop read these parameters from ./MadLoop5_resources/MadLoopParams.dat                                                                                                                                                                                                                                                                                                                                                                                                                                                                                          
 ===============================================================
  > MLReductionLib            = 6|7|1
  > CTModeRun                 =           -1
  > MLStabThres               =    1.0000000000000000E-003
  > NRotations_DP             =            0
  > NRotations_QP             =            0
  > CTStabThres               =    1.0000000000000000E-002
  > CTLoopLibrary             =            2
  > CTModeInit                =            1
  > CheckCycle                =            3
  > MaxAttempts               =           10
  > UseLoopFilter             =  F
  > HelicityFilterLevel       =            2
  > ImprovePSPoint            =            2
  > DoubleCheckHelicityFilter =  T
  > LoopInitStartOver         =  F
  > HelInitStartOver          =  F
  > ZeroThres                 =    1.0000000000000001E-009
  > OSThres                   =    1.0000000000000000E-008
  > WriteOutFilters           =  T
  > UseQPIntegrandForNinja    =  T
  > UseQPIntegrandForCutTools =  T
  > IREGIMODE                 =            2
  > IREGIRECY                 =  T
  > COLLIERMode               =            1
  > COLLIERRequiredAccuracy   =    1.0000000000000000E-008
  > COLLIERCanOutput          =  F
  > COLLIERComputeUVpoles     =  T
  > COLLIERComputeIRpoles     =  T
  > COLLIERGlobalCache        =           -1
  > COLLIERUseCacheForPoles   =  F
  > COLLIERUseInternalStabilityTest =  T
 ===============================================================
  
------------------------------------------------------------------------
|              You are using CutTools - Version 1.9.3                  |
|              Authors: G. Ossola, C. Papadopoulos, R. Pittau          |
|              Published in JHEP 0803:042,2008                         |
|              http://www.ugr.es/~pittau/CutTools                      |
|                                                                      |
|              Compiler with  34  significant digits detetected        |
 ---------------------------------------------------------------------- 
   
########################################################################
#                                                                      #

  +----------------------------------------------------------------+
  |                                                                |
  |  Ninja - version 1.1.0                                         |
  |                                                                |
  |  Author: Tiziano Peraro                                        |
  |                                                                |
  |  Based on:                                                     |
  |                                                                |
  |      P. Mastrolia, E. Mirabella and T. Peraro,                 |
  |      "Integrand reduction of one-loop scattering amplitudes    |
  |      through Laurent series expansion,"                        |
  |      JHEP 1206 (2012) 095  [arXiv:1203.0291 [hep-ph]].         |
  |                                                                |
  |      T. Peraro,                                                |
  |      "Ninja: Automated Integrand Reduction via Laurent         |
  |      Expansion for One-Loop Amplitudes,"                       |
  |      Comput.Phys.Commun. 185 (2014) [arXiv:1403.1229 [hep-ph]] |
  |                                                                |
  +----------------------------------------------------------------+


#                      You are using OneLOop-3.6                       #
#                                                                      #
# for the evaluation of 1-loop scalar 1-, 2-, 3- and 4-point functions #
#                                                                      #
# author: Andreas van Hameren <hamerenREMOVETHIS@ifj.edu.pl>           #
#   date: 18-02-2015                                                   #
#                                                                      #
# Please cite                                                          #
#    A. van Hameren,                                                   #
#      Comput.Phys.Commun. 182 (2011) 2427-2438, arXiv:1007.4716       #
#    A. van Hameren, C.G. Papadopoulos and R. Pittau,                  #
#      JHEP 0909:106,2009, arXiv:0903.4665                             #
# in publications with results obtained with the help of this program. #
#                                                                      #
########################################################################
########################################################################
#                                                                      #
#                      You are using OneLOop-3.6                       #
#                                                                      #
# for the evaluation of 1-loop scalar 1-, 2-, 3- and 4-point functions #
#                                                                      #
# author: Andreas van Hameren <hamerenREMOVETHIS@ifj.edu.pl>           #
#   date: 18-02-2015                                                   #
#                                                                      #
# Please cite                                                          #
#    A. van Hameren,                                                   #
#      Comput.Phys.Commun. 182 (2011) 2427-2438, arXiv:1007.4716       #
#    A. van Hameren, C.G. Papadopoulos and R. Pittau,                  #
#      JHEP 0909:106,2009, arXiv:0903.4665                             #
# in publications with results obtained with the help of this program. #
#                                                                      #
########################################################################
 PASSED   1.0000000000000001E-005
 MU_R    =    325.00000000000000     
 ALPHA_S =   0.11799999999999999     
 BORN                    3.7653858045349676E-012
 SINGLE POLE (MadFKS)   -1.2261060017006757E-013
 DOUBLE POLE (MadFKS)   -4.0071840182007510E-013
 SINGLE POLE (MadLoop)  -1.2261060017001431E-013
 DOUBLE POLE (MadLoop)  -4.0071840182007550E-013
 FINITE PART (MadLoop)   8.9240797174954660E-013
   325.00000000000000        0.0000000000000000        0.0000000000000000        325.00000000000000        0.0000000000000000     
   325.00000000000000        0.0000000000000000        0.0000000000000000       -325.00000000000000        0.0000000000000000     
   67.663152633648039        59.871806489436260        7.5989945133259722       -30.541227306745405        1.7769999999999999     
   212.46554525073074       -134.36758264045710       -162.53721242945593        25.857595203580740        0.0000000000000000     
   209.94359339771242       -19.119540374622197        139.43787672745395        133.41895728859532        80.419002445756163     
   159.92770871790873        93.615316525643010        15.500341188675991       -128.73532518543064        0.0000000000000000     

 PASSED   1.0000000000000001E-005
 MU_R    =    325.00000000000000     
 ALPHA_S =   0.11799999999999999     
 BORN                    1.5135959927627193E-009
 SINGLE POLE (MadFKS)   -2.4805319903625013E-010
 DOUBLE POLE (MadFKS)   -1.6107931529636548E-010
 SINGLE POLE (MadLoop)  -2.4805319903625401E-010
 DOUBLE POLE (MadLoop)  -1.6107931529636426E-010
 FINITE PART (MadLoop)   1.5866616212416007E-010
   325.00000000000000        0.0000000000000000        0.0000000000000000        325.00000000000000        0.0000000000000000     
   325.00000000000000        0.0000000000000000        0.0000000000000000       -325.00000000000000        0.0000000000000000     
   125.69660619643967       -46.160653715487079       -59.644729823262360       -100.53944167923241        1.7769999999999999     
   123.79218921145831       -83.903743681091811        27.669038823752089       -86.712699165882498        0.0000000000000000     
   170.59542295298567        61.255979541241352        137.31887102178950       -5.1783211450927054        80.419002445756163     
   229.91578163911629        68.808417855337566       -105.34318002227926        192.43046199020762        0.0000000000000000     

 PASSED   1.0000000000000001E-005
 MU_R    =    325.00000000000000     
 ALPHA_S =   0.11799999999999999     
 BORN                    2.1783485866986793E-011
 SINGLE POLE (MadFKS)   -3.3160140067487954E-012
 DOUBLE POLE (MadFKS)   -2.3182335345759330E-012
 SINGLE POLE (MadLoop)  -3.3160140069465053E-012
 DOUBLE POLE (MadLoop)  -2.3182335345759407E-012
 FINITE PART (MadLoop)   2.3033743127596113E-012
   325.00000000000000        0.0000000000000000        0.0000000000000000        325.00000000000000        0.0000000000000000     
   325.00000000000000        0.0000000000000000        0.0000000000000000       -325.00000000000000        0.0000000000000000     
   195.81406465063230       -179.90815837071563       -13.270980635764783       -76.137545341471707        1.7769999999999999     
   225.80159695321757        189.93605525128501        110.04460304679557       -52.922976508103964        0.0000000000000000     
   86.215799015365249       -5.0504387944028677        5.2820306968438953        30.208297952531343        80.419002445756163     
   142.16853938078489       -4.9774580861664495       -102.05565310787466        98.852223897044340        0.0000000000000000     

 PASSED   1.0000000000000001E-005
 MU_R    =    325.00000000000000     
 ALPHA_S =   0.11799999999999999     
 BORN                    5.4093439071536426E-011
 SINGLE POLE (MadFKS)   -1.8053835251038119E-011
 DOUBLE POLE (MadFKS)   -5.7567106211510090E-012
 SINGLE POLE (MadLoop)  -1.8053835249822919E-011
 DOUBLE POLE (MadLoop)  -5.7567106209994427E-012
 FINITE PART (MadLoop)  -3.6790747921490584E-011
   325.00000000000000        0.0000000000000000        0.0000000000000000        325.00000000000000        0.0000000000000000     
   325.00000000000000        0.0000000000000000        0.0000000000000000       -325.00000000000000        0.0000000000000000     
   218.92859327181449       -98.211856516359077        98.946902781280954        168.79132943542285        1.7769999999999999     
   83.162009449807201       -25.814870919552227        59.199373128962527        52.392236793961665        0.0000000000000000     
   327.77580291389233        129.02934708499703       -163.60285622370736       -239.90684452041063        80.419002445756163     
   20.133594364492229       -5.0026196490857560        5.4565803134639275        18.723278291026190        0.0000000000000000     

 PASSED   1.0000000000000001E-005
 MU_R    =    325.00000000000000     
 ALPHA_S =   0.11799999999999999     
 BORN                    2.4966448999124488E-011
 SINGLE POLE (MadFKS)   -3.6487138273680053E-013
 DOUBLE POLE (MadFKS)   -2.6569695806475679E-012
 SINGLE POLE (MadLoop)  -3.6487138273691918E-013
 DOUBLE POLE (MadLoop)  -2.6569695806475545E-012
 FINITE PART (MadLoop)   1.1379832104635805E-011
   325.00000000000000        0.0000000000000000        0.0000000000000000        325.00000000000000        0.0000000000000000     
   325.00000000000000        0.0000000000000000        0.0000000000000000       -325.00000000000000        0.0000000000000000     
   269.10971256054904       -182.88788025882224       -97.065452209568448        171.89299260647022        1.7769999999999999     
   40.379112582215264        2.2902127801876677        39.894488097666823       -5.8015065089855158        0.0000000000000000     
   159.89556212585700        137.25913985007685        15.536633245583023        4.2327754703670619        80.419002445756163     
   180.61561273137860        43.338527628557742        41.634330866318670       -170.32426156785172        0.0000000000000000     

 PASSED   1.0000000000000001E-005
 MU_R    =    325.00000000000000     
 ALPHA_S =   0.11799999999999999     
 BORN                    2.6587780940864363E-012
 SINGLE POLE (MadFKS)   -2.9053837134855170E-013
 DOUBLE POLE (MadFKS)   -2.8295143285805303E-013
 SINGLE POLE (MadLoop)  -2.9053837134845962E-013
 DOUBLE POLE (MadLoop)  -2.8295143285805096E-013
 FINITE PART (MadLoop)   3.8987633842124591E-013
   325.00000000000000        0.0000000000000000        0.0000000000000000        325.00000000000000        0.0000000000000000     
   325.00000000000000        0.0000000000000000        0.0000000000000000       -325.00000000000000        0.0000000000000000     
   168.21506183998630       -119.84314519016044        112.31222269300844       -36.286836256645806        1.7769999999999999     
   45.002900762292562       -26.557715237824510        34.797664888027043       -10.443723316324904        0.0000000000000000     
   322.75636583394163        250.07314762249402       -186.44550213366483        20.148233279037232        80.419002445756163     
   114.02567156377948       -103.67228719450900        39.335614552629316        26.582326293933367        0.0000000000000000     

 PASSED   1.0000000000000001E-005
 MU_R    =    325.00000000000000     
 ALPHA_S =   0.11799999999999999     
 BORN                    5.1504681806679081E-011
 SINGLE POLE (MadFKS)   -3.4220764932654778E-012
 DOUBLE POLE (MadFKS)   -5.4812109173426069E-012
 SINGLE POLE (MadLoop)  -3.4220764932625415E-012
 DOUBLE POLE (MadLoop)  -5.4812109173426416E-012
 FINITE PART (MadLoop)   1.2605200341282394E-011
   325.00000000000000        0.0000000000000000        0.0000000000000000        325.00000000000000        0.0000000000000000     
   325.00000000000000        0.0000000000000000        0.0000000000000000       -325.00000000000000        0.0000000000000000     
   83.642494884529484        66.431788500779419        37.151981171032084       -34.633177635953871        1.7769999999999999     
   138.45375776840689       -105.54836496890444       -13.693458352235627       -88.552102690671475        0.0000000000000000     
   215.08257114954685       -116.53399535889247        120.85716699245218        107.73425439562619        80.419002445756163     
   212.82117619751676        155.65057182701759       -144.31568981124863        15.451025930999171        0.0000000000000000     

 PASSED   1.0000000000000001E-005
 MU_R    =    325.00000000000000     
 ALPHA_S =   0.11799999999999999     
 BORN                    8.8677216073634994E-012
 SINGLE POLE (MadFKS)   -2.5412375273395893E-013
 DOUBLE POLE (MadFKS)   -9.4371716863868839E-013
 SINGLE POLE (MadLoop)  -2.5412375273081348E-013
 DOUBLE POLE (MadLoop)  -9.4371716863869142E-013
 FINITE PART (MadLoop)   9.3585346101601847E-013
   325.00000000000000        0.0000000000000000        0.0000000000000000        325.00000000000000        0.0000000000000000     
   325.00000000000000        0.0000000000000000        0.0000000000000000       -325.00000000000000        0.0000000000000000     
   179.38651141834796        20.510273792722582       -97.924926816264914        148.88384777007136        1.7769999999999999     
   134.63755924920281        115.41110492277782       -2.0022705641780729       -69.307576307890002        0.0000000000000000     
   99.407233441337851        12.159232730183037       -39.163369821903956        41.628903777257122        80.419002445756163     
   236.56869589111136       -148.08061144568345        139.09056720234716       -121.20517523943847        0.0000000000000000     

 PASSED   1.0000000000000001E-005
 MU_R    =    325.00000000000000     
 ALPHA_S =   0.11799999999999999     
 BORN                    1.3402788251608797E-012
 SINGLE POLE (MadFKS)   -4.6853317070573408E-014
 DOUBLE POLE (MadFKS)   -1.4263462409745961E-013
 SINGLE POLE (MadLoop)  -4.6853317070540768E-014
 DOUBLE POLE (MadLoop)  -1.4263462409745847E-013
 FINITE PART (MadLoop)  -1.0721500404817165E-013
   325.00000000000000        0.0000000000000000        0.0000000000000000        325.00000000000000        0.0000000000000000     
   325.00000000000000        0.0000000000000000        0.0000000000000000       -325.00000000000000        0.0000000000000000     
   135.49838812350882       -15.433185196124903        133.42530941816241       -17.780862083677555        1.7769999999999999     
   224.17635210593266        8.6105151094669665       -183.13183833848782        129.01017657471343        0.0000000000000000     
   131.68314503975949        102.21240559612289        17.262102855947237        11.308345610042357        80.419002445756163     
   158.64211473079897       -95.389735509465012        32.444426064378113       -122.53766010107830        0.0000000000000000     

 PASSED   1.0000000000000001E-005
 MU_R    =    325.00000000000000     
 ALPHA_S =   0.11799999999999999     
 BORN                    6.9817896600614100E-013
 SINGLE POLE (MadFKS)   -8.1130152037900552E-014
 DOUBLE POLE (MadFKS)   -7.4301326335649130E-014
 SINGLE POLE (MadLoop)  -8.1130152037217626E-014
 DOUBLE POLE (MadLoop)  -7.4301326335927213E-014
 FINITE PART (MadLoop)  -1.8539715851679827E-014
   325.00000000000000        0.0000000000000000        0.0000000000000000        325.00000000000000        0.0000000000000000     
   325.00000000000000        0.0000000000000000        0.0000000000000000       -325.00000000000000        0.0000000000000000     
   174.22342183633029       -54.024858624070745        154.36255996182467       -60.034637668942118        1.7769999999999999     
   203.67317163145105        52.249601885195155       -133.19673132165477        144.95299483101431        0.0000000000000000     
   175.16523420913123        51.993608288596349       -101.35247417736535       -106.01879077044680        80.419002445756163     
   96.938172323087429       -50.218351549720595        80.186645537195574        21.100433608374487        0.0000000000000000     

 PASSED   1.0000000000000001E-005
 MU_R    =    325.00000000000000     
 ALPHA_S =   0.11799999999999999     
 BORN                    8.0313206576229412E-012
 SINGLE POLE (MadFKS)   -1.2146771637154926E-012
 DOUBLE POLE (MadFKS)   -8.5470603690892860E-013
 SINGLE POLE (MadLoop)  -1.2146771637153899E-012
 DOUBLE POLE (MadLoop)  -8.5470603690892920E-013
 FINITE PART (MadLoop)   8.9523265199147078E-013
   325.00000000000000        0.0000000000000000        0.0000000000000000        325.00000000000000        0.0000000000000000     
   325.00000000000000        0.0000000000000000        0.0000000000000000       -325.00000000000000        0.0000000000000000     
   74.775993107422110        11.322118253889974        30.948250799853060        67.099231194370404        1.7769999999999999     
   184.55969861580897        89.257262186391529       -59.692432227434168       -150.10741832075189        0.0000000000000000     
   155.66366047037059       -12.306210579050360       -81.073430448305103       -105.06957358432652        80.419002445756163     
   235.00064780639829       -88.273169861231153        109.81761187588620        188.07776071070802        0.0000000000000000     

 PASSED   1.0000000000000001E-005
 MU_R    =    325.00000000000000     
 ALPHA_S =   0.11799999999999999     
 BORN                    1.4558007257751317E-011
 SINGLE POLE (MadFKS)   -1.2743275429875383E-012
 DOUBLE POLE (MadFKS)   -1.5492865020591510E-012
 SINGLE POLE (MadLoop)  -1.2743275429875058E-012
 DOUBLE POLE (MadLoop)  -1.5492865020591534E-012
 FINITE PART (MadLoop)   1.4879642518238061E-012
   325.00000000000000        0.0000000000000000        0.0000000000000000        325.00000000000000        0.0000000000000000     
   325.00000000000000        0.0000000000000000        0.0000000000000000       -325.00000000000000        0.0000000000000000     
   237.50993473021313       -196.95996103250050        119.93210134132046       -56.840796831863670        1.7769999999999999     
   120.20355107993495        111.23898040913484       -45.488925135547937       -2.3538521141237299        0.0000000000000000     
   105.23796597627326       -58.565751913270368        33.251717194277909        8.4964424859904266        80.419002445756163     
   187.04854821357867        144.28673253663604       -107.69489340005043        50.698206459996982        0.0000000000000000     

 PASSED   1.0000000000000001E-005
 MU_R    =    325.00000000000000     
 ALPHA_S =   0.11799999999999999     
 BORN                    4.8640864828990342E-011
 SINGLE POLE (MadFKS)   -5.4565485905984334E-012
 DOUBLE POLE (MadFKS)   -5.1764389173466183E-012
 SINGLE POLE (MadLoop)  -5.4565485905983203E-012
 DOUBLE POLE (MadLoop)  -5.1764389173466547E-012
 FINITE PART (MadLoop)  -2.6897127895165882E-012
   325.00000000000000        0.0000000000000000        0.0000000000000000        325.00000000000000        0.0000000000000000     
   325.00000000000000        0.0000000000000000        0.0000000000000000       -325.00000000000000        0.0000000000000000     
   91.159857965866507        82.990580425146206      -0.25439364540578824       -37.675732506846721        1.7769999999999999     
   234.00721054072574        130.41722423858326       -192.73524764657648        24.573288782079189        0.0000000000000000     
   181.24886783756719       -120.33285217789667        99.804071218774055       -44.080474055069992        80.419002445756163     
   143.58406365584062       -93.074952485832796        93.185570073208197        57.182917779837510        0.0000000000000000     

 PASSED   1.0000000000000001E-005
 MU_R    =    325.00000000000000     
 ALPHA_S =   0.11799999999999999     
 BORN                    4.7033106710882625E-012
 SINGLE POLE (MadFKS)   -4.1382433449294102E-013
 DOUBLE POLE (MadFKS)   -5.0053387175143869E-013
 SINGLE POLE (MadLoop)  -4.1382433449344972E-013
 DOUBLE POLE (MadLoop)  -5.0053387175143939E-013
 FINITE PART (MadLoop)   5.6729810835282634E-013
   325.00000000000000        0.0000000000000000        0.0000000000000000        325.00000000000000        0.0000000000000000     
   325.00000000000000        0.0000000000000000        0.0000000000000000       -325.00000000000000        0.0000000000000000     
   235.86112525556581        221.08922341585421       -47.780391674327674       -66.812439999180199        1.7769999999999999     
   219.68117151830296       -206.42198918445612       -53.603544521514245        52.691930269410079        0.0000000000000000     
   110.00543357851139       -51.527042570298114        31.705449644899478        44.426431425438373        80.419002445756163     
   84.452269647619801        36.859808338900017        69.678486550942424       -30.305921695668367        0.0000000000000000     

 PASSED   1.0000000000000001E-005
 MU_R    =    325.00000000000000     
 ALPHA_S =   0.11799999999999999     
 BORN                    3.7974232205545632E-009
 SINGLE POLE (MadFKS)   -6.5899221854745014E-010
 DOUBLE POLE (MadFKS)   -4.0412787506192866E-010
 SINGLE POLE (MadLoop)  -6.5899221854747930E-010
 DOUBLE POLE (MadLoop)  -4.0412787506193419E-010
 FINITE PART (MadLoop)   7.0779831399087234E-010
   325.00000000000000        0.0000000000000000        0.0000000000000000        325.00000000000000        0.0000000000000000     
   325.00000000000000        0.0000000000000000        0.0000000000000000       -325.00000000000000        0.0000000000000000     
   198.67977210239931       -75.784295741442378        26.273690622488164       -181.76063328924860        1.7769999999999999     
   109.21024842097887       -42.305303605797640       -26.776235193500920       -97.057575056538099        0.0000000000000000     
   145.17189648994434        19.351601902425386       -38.458151634117435        112.93427138302107        80.419002445756163     
   196.93808298667744        98.737997444814653        38.960696205130169        165.88393696276560        0.0000000000000000     

 PASSED   1.0000000000000001E-005
 MU_R    =    325.00000000000000     
 ALPHA_S =   0.11799999999999999     
 BORN                    2.8683445509943890E-011
 SINGLE POLE (MadFKS)   -2.6343342017728283E-012
 DOUBLE POLE (MadFKS)   -3.0525383161520295E-012
 SINGLE POLE (MadLoop)  -2.6343342017726345E-012
 DOUBLE POLE (MadLoop)  -3.0525383161520320E-012
 FINITE PART (MadLoop)   3.4665249353149027E-012
   325.00000000000000        0.0000000000000000        0.0000000000000000        325.00000000000000        0.0000000000000000     
   325.00000000000000        0.0000000000000000        0.0000000000000000       -325.00000000000000        0.0000000000000000     
   67.644376182664331       -18.641936529134981       -28.646339317858729       -58.347830690365953        1.7769999999999999     
   115.65384181969848       -75.975067141649745        86.949932414156194       -6.5809994416743063        0.0000000000000000     
   192.98758369835852        3.2450704593590585        158.80896342758584       -74.472640346169356        80.419002445756163     
   273.71419829927862        91.371933211425713       -217.11255652388328        139.40147047820966        0.0000000000000000     

 PASSED   1.0000000000000001E-005
 MU_R    =    325.00000000000000     
 ALPHA_S =   0.11799999999999999     
 BORN                    4.0159138510371285E-011
 SINGLE POLE (MadFKS)   -3.5190602784557998E-012
 DOUBLE POLE (MadFKS)   -4.2737999869669316E-012
 SINGLE POLE (MadLoop)  -3.5190602784558708E-012
 DOUBLE POLE (MadLoop)  -4.2737999869669251E-012
 FINITE PART (MadLoop)   5.6564569277125067E-012
   325.00000000000000        0.0000000000000000        0.0000000000000000        325.00000000000000        0.0000000000000000     
   325.00000000000000        0.0000000000000000        0.0000000000000000       -325.00000000000000        0.0000000000000000     
   177.55368465277198       -51.839764811139553       -25.786670468414094       -167.83873097487114        1.7769999999999999     
   92.361217210567972       -44.270528435073409        77.868084214171489        22.522793288395050        0.0000000000000000     
   156.64062322783977       -23.985898647129986        116.87966073679812        61.910342132604100        80.419002445756163     
   223.44447490882021        120.09619189334293       -168.96107448255549        83.405595553871962        0.0000000000000000     

 PASSED   1.0000000000000001E-005
 MU_R    =    325.00000000000000     
 ALPHA_S =   0.11799999999999999     
 BORN                    2.2458349240767247E-011
 SINGLE POLE (MadFKS)   -7.8663257743129024E-013
 DOUBLE POLE (MadFKS)   -2.3900535781588525E-012
 SINGLE POLE (MadLoop)  -7.8663257743117189E-013
 DOUBLE POLE (MadLoop)  -2.3900535781588355E-012
 FINITE PART (MadLoop)  -6.1577539878489757E-012
   325.00000000000000        0.0000000000000000        0.0000000000000000        325.00000000000000        0.0000000000000000     
   325.00000000000000        0.0000000000000000        0.0000000000000000       -325.00000000000000        0.0000000000000000     
   214.48859816625693        44.459265747966967       -98.626692844724687        185.19813757700160        1.7769999999999999     
   36.259425668112399       -29.163374929750375        21.419153897120754        2.3373828996621069        0.0000000000000000     
   217.74441111749644       -146.35133498317097        121.02635270803245       -69.852138960588562        80.419002445756163     
   181.50756504813430        131.05544416495434       -43.818813760428533       -117.68338151607523        0.0000000000000000     

 PASSED   1.0000000000000001E-005
 MU_R    =    325.00000000000000     
 ALPHA_S =   0.11799999999999999     
 BORN                    2.1045201065786038E-012
 SINGLE POLE (MadFKS)   -1.3653358583647156E-013
 DOUBLE POLE (MadFKS)   -2.2396640808777464E-013
 SINGLE POLE (MadLoop)  -1.3653358583647761E-013
 DOUBLE POLE (MadLoop)  -2.2396640808777505E-013
 FINITE PART (MadLoop)   4.7504160350047515E-013
   325.00000000000000        0.0000000000000000        0.0000000000000000        325.00000000000000        0.0000000000000000     
   325.00000000000000        0.0000000000000000        0.0000000000000000       -325.00000000000000        0.0000000000000000     
   131.37283571879536       -80.384084387061918       -87.414444506586022       -56.149604670525534        1.7769999999999999     
   231.38247940420229        223.38157531486303        51.540309955032917        31.338794406061659        0.0000000000000000     
Thanks for using LHAPDF 6.2.1. Please make sure to cite the paper:
  Eur.Phys.J. C75 (2015) 3, 132  (http://arxiv.org/abs/1412.7420)
   149.99706857643753       -74.578295399497293       -73.842257396803461        70.832926700818376        80.419002445756163     
   137.24761630056474       -68.419195528303845        109.71639194835657       -46.022116436354501        0.0000000000000000     

 PASSED   1.0000000000000001E-005
 MU_R    =    325.00000000000000     
 ALPHA_S =   0.11799999999999999     
 BORN                    4.7587785826838253E-012
 SINGLE POLE (MadFKS)   -1.2213341962626436E-013
 DOUBLE POLE (MadFKS)   -5.0643685594501099E-013
 SINGLE POLE (MadLoop)  -1.2213341960473451E-013
 DOUBLE POLE (MadLoop)  -5.0643685594500220E-013
 FINITE PART (MadLoop)  -4.5519645514995893E-013
   325.00000000000000        0.0000000000000000        0.0000000000000000        325.00000000000000        0.0000000000000000     
   325.00000000000000        0.0000000000000000        0.0000000000000000       -325.00000000000000        0.0000000000000000     
   184.86164175386958       -11.167965468028385       -90.118261210556554        161.01131763521116        1.7769999999999999     
   168.91934220986388        66.301605570940097        154.68482224648926        14.506792819250272        0.0000000000000000     
   100.62349235864738        53.087925777728103        5.5344053732016114       -28.441409139909727        80.419002445756163     
   195.59552367761916       -108.22156588063986       -70.100966409134216       -147.07670131455163        0.0000000000000000     

 NUMBER OF POINTS PASSING THE CHECK          20
 NUMBER OF POINTS FAILING THE CHECK           0
 TOLERANCE    1.0000000000000001E-005
