==== LHAPDF6 USING DEFAULT-TYPE LHAGLUE INTERFACE ====
LHAPDF 6.2.1 loading /cvmfs/cms.cern.ch/slc7_amd64_gcc700/external/lhapdf/6.2.1-pafccj3/share/LHAPDF/NNPDF31_nnlo_as_0118_nf_4_mc_hessian/NNPDF31_nnlo_as_0118_nf_4_mc_hessian_0000.dat
NNPDF31_nnlo_as_0118_nf_4_mc_hessian PDF set, member #0, version 1; LHAPDF ID = 325500
 A PDF is used, so alpha_s(MZ) is going to be modified
 Old value of alpha_s from param_card:   0.11799999999999999     
 New value of alpha_s from PDF lhapdf :  0.11266013434007299     
 *****************************************************
 *               MadGraph/MadEvent                   *
 *        --------------------------------           *
 *          http://madgraph.hep.uiuc.edu             *
 *          http://madgraph.phys.ucl.ac.be           *
 *          http://madgraph.roma2.infn.it            *
 *        --------------------------------           *
 *                                                   *
 *          PARAMETER AND COUPLING VALUES            *
 *                                                   *
 *****************************************************

  External Params
  ---------------------------------
  
 MU_R =    91.188000000000002     
 aEWM1 =    132.50700000000001     
 mdl_Gf =    1.1663900000000000E-005
 aS =   0.11799999999999999     
 mdl_ymb =    4.7000000000000002     
 mdl_ymt =    173.00000000000000     
 mdl_ymtau =    1.7769999999999999     
 mdl_MT =    173.00000000000000     
 mdl_MB =    4.7000000000000002     
 mdl_MZ =    91.188000000000002     
 mdl_MH =    125.00000000000000     
 mdl_MTA =    1.7769999999999999     
 mdl_WT =    1.4915000000000000     
 mdl_WZ =    2.4414039999999999     
 mdl_WW =    2.0476000000000001     
 mdl_WH =    6.3823389999999999E-003
  Internal Params
  ---------------------------------
  
 mdl_conjg__CKM3x3 =    1.0000000000000000     
 mdl_CKM22 =    1.0000000000000000     
 mdl_lhv =    1.0000000000000000     
 mdl_CKM3x3 =    1.0000000000000000     
 mdl_conjg__CKM22 =    1.0000000000000000     
 mdl_conjg__CKM33 =    1.0000000000000000     
 mdl_Ncol =    3.0000000000000000     
 mdl_CA =    3.0000000000000000     
 mdl_TF =   0.50000000000000000     
 mdl_CF =    1.3333333333333333     
 mdl_complexi =                (0.0000000000000000,1.0000000000000000)
 mdl_MZ__exp__2 =    8315.2513440000002     
 mdl_MZ__exp__4 =    69143404.913893804     
 mdl_sqrt__2 =    1.4142135623730951     
 mdl_MH__exp__2 =    15625.000000000000     
 mdl_Ncol__exp__2 =    9.0000000000000000     
 mdl_MB__exp__2 =    22.090000000000003     
 mdl_MT__exp__2 =    29929.000000000000     
 mdl_aEW =    7.5467711139788835E-003
 mdl_MW =    80.419002445756163     
 mdl_sqrt__aEW =    8.6872153846781555E-002
 mdl_ee =   0.30795376724436879     
 mdl_MW__exp__2 =    6467.2159543705357     
 mdl_sw2 =   0.22224648578577766     
 mdl_cw =   0.88190334743339216     
 mdl_sqrt__sw2 =   0.47143025548407230     
 mdl_sw =   0.47143025548407230     
 mdl_g1 =   0.34919219678733299     
 mdl_gw =   0.65323293034757990     
 mdl_v =    246.21845810181637     
 mdl_v__exp__2 =    60623.529110035903     
 mdl_lam =   0.12886910601690263     
 mdl_yb =    2.6995554250465490E-002
 mdl_yt =   0.99366614581500623     
 mdl_ytau =    1.0206617000654717E-002
 mdl_muH =    88.388347648318430     
 mdl_AxialZUp =  -0.18517701861793787     
 mdl_AxialZDown =   0.18517701861793787     
 mdl_VectorZUp =    7.5430507588273299E-002
 mdl_VectorZDown =  -0.13030376310310560     
 mdl_VectorAUp =   0.20530251149624587     
 mdl_VectorADown =  -0.10265125574812294     
 mdl_VectorWmDxU =   0.23095271737156670     
 mdl_AxialWmDxU =  -0.23095271737156670     
 mdl_VectorWpUxD =   0.23095271737156670     
 mdl_AxialWpUxD =  -0.23095271737156670     
 mdl_I1x33 =          (2.69955542504654901E-002,0.0000000000000000)
 mdl_I2x33 =               (0.99366614581500623,0.0000000000000000)
 mdl_I3x33 =               (0.99366614581500623,0.0000000000000000)
 mdl_I4x33 =          (2.69955542504654901E-002,0.0000000000000000)
 mdl_Vector_tbGp =              (-0.96667059156454072,0.0000000000000000)
 mdl_Axial_tbGp =              (-1.0206617000654716,-0.0000000000000000)
 mdl_Vector_tbGm =               (0.96667059156454072,0.0000000000000000)
 mdl_Axial_tbGm =              (-1.0206617000654716,-0.0000000000000000)
 mdl_gw__exp__2 =   0.42671326129048615     
 mdl_cw__exp__2 =   0.77775351421422245     
 mdl_ee__exp__2 =    9.4835522759998875E-002
 mdl_sw__exp__2 =   0.22224648578577769     
 mdl_yb__exp__2 =    7.2875994928982540E-004
 mdl_yt__exp__2 =   0.98737240933884918     
  Internal Params evaluated point by point
  ----------------------------------------
  
 mdl_sqrt__aS =   0.34351128074635334     
 mdl_G__exp__4 =    2.1987899468922913     
 mdl_G__exp__2 =    1.4828317324943823     
 mdl_R2MixedFactor_FIN_ =   -2.5040377713124864E-002
 mdl_G_UVg_1EPS_ =   -5.1645779033320030E-002
 mdl_G_UVq_1EPS_ =    3.1300472141406080E-003
 mdl_GWcft_UV_b_1EPS_ =   -3.1300472141406080E-003
 mdl_GWcft_UV_t_1EPS_ =   -3.1300472141406080E-003
 mdl_bWcft_UV_1EPS_ =   -1.8780283284843650E-002
 mdl_tWcft_UV_1EPS_ =   -1.8780283284843650E-002
 mdl_G__exp__3 =    1.8056676068262196     
 mdl_MU_R__exp__2 =    8315.2513440000002     
 mdl_G_UVb_FIN_ =    1.8563438626678915E-002
 mdl_G_UVt_FIN_ =   -4.0087659331150384E-003
 mdl_GWcft_UV_b_FIN_ =   -1.8563438626678915E-002
 mdl_GWcft_UV_t_FIN_ =    4.0087659331150384E-003
 mdl_bWcft_UV_FIN_ =  -0.13642100947319838     
 mdl_tWcft_UV_FIN_ =   -9.8778211443463623E-004
  Couplings of loop_sm
  ---------------------------------
  
      UV_GQQb =   0.00000E+00   0.22605E-01
      UV_GQQt =   0.00000E+00  -0.48815E-02
   UVWfct_G_2 =   0.40088E-02   0.00000E+00
   UVWfct_G_1 =  -0.18563E-01   0.00000E+00
       R2_DDA =   0.00000E+00   0.25704E-02
       R2_UUA =  -0.00000E+00  -0.51409E-02
    R2_UUZ_V2 =  -0.00000E+00  -0.72127E-02
    R2_UUZ_V5 =   0.00000E+00   0.68702E-03
      R2_sxcW =  -0.00000E+00  -0.11566E-01
      R2_GGHb =   0.00000E+00  -0.33698E-02
      R2_GGHt =   0.00000E+00  -0.45657E+01
     R2_GGZup =  -0.46369E-02   0.00000E+00
    R2_GGWWcs =   0.00000E+00   0.13356E-02
         GC_4 =  -0.12177E+01   0.00000E+00
         GC_5 =   0.00000E+00   0.12177E+01
       R2_GQQ =  -0.00000E+00  -0.30492E-01
       R2_QQq =   0.00000E+00   0.12520E-01
 UV_GQQg_1eps =   0.00000E+00  -0.62890E-01
 UV_GQQq_1eps =   0.00000E+00   0.38115E-02
 UVWfct_G_2_1eps -0.31300E-02   0.00000E+00
         GC_1 =  -0.00000E+00  -0.10265E+00
         GC_2 =   0.00000E+00   0.20530E+00
         GC_7 =   0.00000E+00   0.57609E+00
        GC_22 =   0.00000E+00   0.28804E+00
        GC_23 =  -0.00000E+00  -0.27437E-01
        GC_24 =   0.00000E+00   0.82310E-01
        GC_25 =   0.00000E+00   0.30795E+00
        GC_28 =   0.00000E+00   0.37035E+00
        GC_31 =   0.00000E+00   0.52532E+02
        GC_33 =  -0.00000E+00  -0.19089E-01
        GC_37 =  -0.00000E+00  -0.70263E+00
        GC_38 =  -0.00000E+00  -0.72172E-02
        GC_47 =   0.00000E+00   0.46191E+00

 Collider parameters:
 --------------------

 Running at P P   machine @    13000.000000000000       GeV
 PDF set = lhapdf 
 alpha_s(Mz)= 0.1127 running at 3 loops.
 alpha_s(Mz)= 0.1127 running at 3 loops.
 Renormalization scale set on event-by-event basis
 Factorization   scale set on event-by-event basis


 ===============================================================
 INFO: MadFKS read these parameters from FKS_params.dat
 ===============================================================
  > IRPoleCheckThreshold      =    1.0000000000000001E-005
  > PrecisionVirtualAtRunTime =    1.0000000000000000E-003
  > NHelForMCoverHels         =            4
  > VirtualFraction           =    1.0000000000000000     
  > MinVirtualFraction        =    5.0000000000000001E-003
 ===============================================================
  Insert the number of points to test
 Insert the relative tolerance
  A negative number will mean use the default one:    1.0000000000000001E-005
Using random seed offsets:     1 ,     21 ,      0
  with seed                   32
 Ranmar initialization seeds       10730        9427
  ========================================================================================== 
 {                                                                                          }
 {       [32m                                                                            [0m       }
 {       [32m                               ,,                                           [0m       }
 {       [32m`7MMM.     ,MMF'             `7MM  `7MMF'                                   [0m       }
 {       [32m  MMMb    dPMM                 MM    MM                                     [0m       }
 {       [32m  M YM   ,M MM   ,6"Yb.   ,M""bMM    MM         ,pW"Wq.   ,pW"Wq.`7MMpdMAo. [0m       }
 {       [32m  M  Mb  M' MM  8)   MM ,AP    MM    MM        6W'   `Wb 6W'   `Wb MM   `Wb [0m       }
 {       [32m  M  YM.P'  MM   ,pm9MM 8MI    MM    MM      , 8M     M8 8M     M8 MM    M8 [0m       }
 {       [32m  M  `YM'   MM  8M   MM `Mb    MM    MM     ,M YA.   ,A9 YA.   ,A9 MM   ,AP [0m       }
 {       [32m.JML. `'  .JMML.`Moo9^Yo.`Wbmd"MML..JMMmmmmMMM  `Ybmd9'   `Ybmd9'  MMbmmd'  [0m       }
 {       [32m                                                                   MM       [0m       }
 {       [32m                                                                 .JMML.     [0m       }
 {       [32m[0mv2.6.5 (2018-02-03), Ref: arXiv:1103.0621v2, arXiv:1405.0301[32m                [0m       }
 {       [32m                                                                            [0m       }
 {                                                                                          }
  ========================================================================================== 
 ===============================================================
 INFO: MadLoop read these parameters from ./MadLoop5_resources/MadLoopParams.dat                                                                                                                                                                                                                                                                                                                                                                                                                                                                                          
 ===============================================================
  > MLReductionLib            = 6|7|1
  > CTModeRun                 =           -1
  > MLStabThres               =    1.0000000000000000E-003
  > NRotations_DP             =            0
  > NRotations_QP             =            0
  > CTStabThres               =    1.0000000000000000E-002
  > CTLoopLibrary             =            2
  > CTModeInit                =            1
  > CheckCycle                =            3
  > MaxAttempts               =           10
  > UseLoopFilter             =  F
  > HelicityFilterLevel       =            2
  > ImprovePSPoint            =            2
  > DoubleCheckHelicityFilter =  T
  > LoopInitStartOver         =  F
  > HelInitStartOver          =  F
  > ZeroThres                 =    1.0000000000000001E-009
  > OSThres                   =    1.0000000000000000E-008
  > WriteOutFilters           =  T
  > UseQPIntegrandForNinja    =  T
  > UseQPIntegrandForCutTools =  T
  > IREGIMODE                 =            2
  > IREGIRECY                 =  T
  > COLLIERMode               =            1
  > COLLIERRequiredAccuracy   =    1.0000000000000000E-008
  > COLLIERCanOutput          =  F
  > COLLIERComputeUVpoles     =  T
  > COLLIERComputeIRpoles     =  T
  > COLLIERGlobalCache        =           -1
  > COLLIERUseCacheForPoles   =  F
  > COLLIERUseInternalStabilityTest =  T
 ===============================================================
  
------------------------------------------------------------------------
|              You are using CutTools - Version 1.9.3                  |
|              Authors: G. Ossola, C. Papadopoulos, R. Pittau          |
|              Published in JHEP 0803:042,2008                         |
|              http://www.ugr.es/~pittau/CutTools                      |
|                                                                      |
|              Compiler with  34  significant digits detetected        |
 ---------------------------------------------------------------------- 
   
########################################################################
#                                                                      #

  +----------------------------------------------------------------+
  |                                                                |
  |  Ninja - version 1.1.0                                         |
  |                                                                |
  |  Author: Tiziano Peraro                                        |
  |                                                                |
  |  Based on:                                                     |
  |                                                                |
  |      P. Mastrolia, E. Mirabella and T. Peraro,                 |
  |      "Integrand reduction of one-loop scattering amplitudes    |
  |      through Laurent series expansion,"                        |
  |      JHEP 1206 (2012) 095  [arXiv:1203.0291 [hep-ph]].         |
  |                                                                |
  |      T. Peraro,                                                |
  |      "Ninja: Automated Integrand Reduction via Laurent         |
  |      Expansion for One-Loop Amplitudes,"                       |
  |      Comput.Phys.Commun. 185 (2014) [arXiv:1403.1229 [hep-ph]] |
  |                                                                |
  +----------------------------------------------------------------+


#                      You are using OneLOop-3.6                       #
#                                                                      #
# for the evaluation of 1-loop scalar 1-, 2-, 3- and 4-point functions #
#                                                                      #
# author: Andreas van Hameren <hamerenREMOVETHIS@ifj.edu.pl>           #
#   date: 18-02-2015                                                   #
#                                                                      #
# Please cite                                                          #
#    A. van Hameren,                                                   #
#      Comput.Phys.Commun. 182 (2011) 2427-2438, arXiv:1007.4716       #
#    A. van Hameren, C.G. Papadopoulos and R. Pittau,                  #
#      JHEP 0909:106,2009, arXiv:0903.4665                             #
# in publications with results obtained with the help of this program. #
#                                                                      #
########################################################################
########################################################################
#                                                                      #
#                      You are using OneLOop-3.6                       #
#                                                                      #
# for the evaluation of 1-loop scalar 1-, 2-, 3- and 4-point functions #
#                                                                      #
# author: Andreas van Hameren <hamerenREMOVETHIS@ifj.edu.pl>           #
#   date: 18-02-2015                                                   #
#                                                                      #
# Please cite                                                          #
#    A. van Hameren,                                                   #
#      Comput.Phys.Commun. 182 (2011) 2427-2438, arXiv:1007.4716       #
#    A. van Hameren, C.G. Papadopoulos and R. Pittau,                  #
#      JHEP 0909:106,2009, arXiv:0903.4665                             #
# in publications with results obtained with the help of this program. #
#                                                                      #
########################################################################
 PASSED   1.0000000000000001E-005
 MU_R    =    325.00000000000000     
 ALPHA_S =   0.11799999999999999     
 BORN                    1.7767148464696260E-012
 SINGLE POLE (MadFKS)   -2.0092559001223217E-013
 DOUBLE POLE (MadFKS)   -1.8908084608749338E-013
 SINGLE POLE (MadLoop)  -2.0092559001248001E-013
 DOUBLE POLE (MadLoop)  -1.8908084608751509E-013
 FINITE PART (MadLoop)   8.6033193036796145E-013
   325.00000000000000        0.0000000000000000        0.0000000000000000        325.00000000000000        0.0000000000000000     
   325.00000000000000        0.0000000000000000        0.0000000000000000       -325.00000000000000        0.0000000000000000     
   177.74252859176943        46.023791676701158       -165.30880019574002       -46.338079888364980        0.0000000000000000     
   253.22085631012376       -171.83457156858640        120.64285758521712        141.55911485293262        0.0000000000000000     
   190.57858170077088        119.31259845314477        33.249189827855872       -120.46565931773549        80.419002445756163     
   28.458033397335832        6.4981814387404571        11.416752782667038        25.244624353167850        0.0000000000000000     

 PASSED   1.0000000000000001E-005
 MU_R    =    325.00000000000000     
 ALPHA_S =   0.11799999999999999     
 BORN                    1.9734921259594944E-010
 SINGLE POLE (MadFKS)   -4.3238037689269198E-011
 DOUBLE POLE (MadFKS)   -2.1002220005359003E-011
 SINGLE POLE (MadLoop)  -4.3238037689268972E-011
 DOUBLE POLE (MadLoop)  -2.1002220005358942E-011
 FINITE PART (MadLoop)  -2.0284823386273686E-011
   325.00000000000000        0.0000000000000000        0.0000000000000000        325.00000000000000        0.0000000000000000     
   325.00000000000000        0.0000000000000000        0.0000000000000000       -325.00000000000000        0.0000000000000000     
   47.552977343858714        38.480061258103149        11.093902117505452        25.641682387187029        0.0000000000000000     
   172.69770149066511        144.30726092513765       -60.194555696569047        73.324798049062196        0.0000000000000000     
   241.63608247570090       -178.61066445543085        119.77782252917029        75.314568131227489        80.419002445756163     
   188.11323868977527       -4.1766577278100003       -70.677168950106690       -174.28104856747674        0.0000000000000000     

 PASSED   1.0000000000000001E-005
 MU_R    =    325.00000000000000     
 ALPHA_S =   0.11799999999999999     
 BORN                    2.3991648126439492E-012
 SINGLE POLE (MadFKS)   -2.1897957477261303E-013
 DOUBLE POLE (MadFKS)   -2.5532297069473248E-013
 SINGLE POLE (MadLoop)  -2.1897957477529551E-013
 DOUBLE POLE (MadLoop)  -2.5532297069473056E-013
 FINITE PART (MadLoop)   4.2192095948750891E-013
   325.00000000000000        0.0000000000000000        0.0000000000000000        325.00000000000000        0.0000000000000000     
   325.00000000000000        0.0000000000000000        0.0000000000000000       -325.00000000000000        0.0000000000000000     
   271.75842710016411       -132.26593012471125       -219.75665034263338       -89.807466607102214        0.0000000000000000     
   158.65482543756715        65.261591808573968        69.399222728415737        126.87011529090573        0.0000000000000000     
   107.08312823214193        39.676057819642693        41.311951536158340       -41.457369595492644        80.419002445756163     
   112.50361923012676        27.328280496494575        109.04547607805937        4.3947209116891077        0.0000000000000000     

 PASSED   1.0000000000000001E-005
 MU_R    =    325.00000000000000     
 ALPHA_S =   0.11799999999999999     
 BORN                    2.7852953067746045E-011
 SINGLE POLE (MadFKS)   -1.9380631297499938E-013
 DOUBLE POLE (MadFKS)   -2.9641559772797787E-012
 SINGLE POLE (MadLoop)  -1.9380631297490285E-013
 DOUBLE POLE (MadLoop)  -2.9641559772797827E-012
 FINITE PART (MadLoop)   8.0447391994276438E-012
   325.00000000000000        0.0000000000000000        0.0000000000000000        325.00000000000000        0.0000000000000000     
   325.00000000000000        0.0000000000000000        0.0000000000000000       -325.00000000000000        0.0000000000000000     
   185.64773112559212       -24.029903887541678       -32.678088369649153       -181.16232039731952        0.0000000000000000     
   47.078497780660769        39.639181055859453       -17.509955675602399        18.398960045146900        0.0000000000000000     
   174.85729500862487       -133.09382093939763        63.284584798807927       -48.876925209722380        80.419002445756163     
   242.41647608512224        117.48454377107988       -13.096540753556438        211.64028556189459        0.0000000000000000     

 PASSED   1.0000000000000001E-005
 MU_R    =    325.00000000000000     
 ALPHA_S =   0.11799999999999999     
 BORN                    1.1907829564349693E-011
 SINGLE POLE (MadFKS)   -1.1395338059175952E-012
 DOUBLE POLE (MadFKS)   -1.2672503376480335E-012
 SINGLE POLE (MadLoop)  -1.1395338059177778E-012
 DOUBLE POLE (MadLoop)  -1.2672503376481535E-012
 FINITE PART (MadLoop)   5.3885939947890009E-012
   325.00000000000000        0.0000000000000000        0.0000000000000000        325.00000000000000        0.0000000000000000     
   325.00000000000000        0.0000000000000000        0.0000000000000000       -325.00000000000000        0.0000000000000000     
   70.566964811077838       -27.964834307674980       -30.778874851380110       -57.011625373034789        0.0000000000000000     
   267.40639704025989        127.86957051223393        194.79936996493100       -131.18216180691607        0.0000000000000000     
   270.27803177300063       -96.585223071949756       -184.72245878973985        152.09176969031301        80.419002445756163     
   41.748606375661524       -3.3195131326092384        20.701963676188981        36.102017489637788        0.0000000000000000     

 PASSED   1.0000000000000001E-005
 MU_R    =    325.00000000000000     
 ALPHA_S =   0.11799999999999999     
 BORN                    3.9930648552855944E-012
 SINGLE POLE (MadFKS)   -5.9893645235943065E-013
 DOUBLE POLE (MadFKS)   -4.2494837188976116E-013
 SINGLE POLE (MadLoop)  -5.9893645235937320E-013
 DOUBLE POLE (MadLoop)  -4.2494837188976595E-013
 FINITE PART (MadLoop)   4.8537849322148130E-013
   325.00000000000000        0.0000000000000000        0.0000000000000000        325.00000000000000        0.0000000000000000     
   325.00000000000000        0.0000000000000000        0.0000000000000000       -325.00000000000000        0.0000000000000000     
   175.73761989638518       -106.22710066314364       -139.40759826877010       -12.846621208781118        0.0000000000000000     
   212.78532399158837       -2.5051171128199488        211.23204965762588       -25.540941484105833        0.0000000000000000     
   203.51026506638809        128.85224667022169       -123.01175923058493        56.695834521188281        80.419002445756163     
   57.966791045638345       -20.120028894258056        51.187307841729130       -18.308271828301329        0.0000000000000000     

 PASSED   1.0000000000000001E-005
 MU_R    =    325.00000000000000     
 ALPHA_S =   0.11799999999999999     
 BORN                    9.3678537038001901E-013
 SINGLE POLE (MadFKS)   -7.8638047911567952E-014
 DOUBLE POLE (MadFKS)   -9.9694202919392309E-014
 SINGLE POLE (MadLoop)  -7.8638047911529027E-014
 DOUBLE POLE (MadLoop)  -9.9694202919393419E-014
 FINITE PART (MadLoop)   1.1073490512221780E-013
   325.00000000000000        0.0000000000000000        0.0000000000000000        325.00000000000000        0.0000000000000000     
   325.00000000000000        0.0000000000000000        0.0000000000000000       -325.00000000000000        0.0000000000000000     
   212.12353747426613        198.35401698903726        72.441283518985117        20.108195767675877        0.0000000000000000     
   179.82591021789452       -163.13546545316370       -73.522994837585458        17.847888591827843        0.0000000000000000     
   146.28848319747485       -7.9391648187438220        107.76498811865844       -57.068216720111202        80.419002445756163     
   111.76206911036454       -27.279386717129675       -106.68327680005808        19.112132360607482        0.0000000000000000     

 PASSED   1.0000000000000001E-005
 MU_R    =    325.00000000000000     
 ALPHA_S =   0.11799999999999999     
 BORN                    1.0787314599414501E-011
 SINGLE POLE (MadFKS)   -1.2291613723397564E-012
 DOUBLE POLE (MadFKS)   -1.1480033363384929E-012
 SINGLE POLE (MadLoop)  -1.2291613723396930E-012
 DOUBLE POLE (MadLoop)  -1.1480033363384606E-012
 FINITE PART (MadLoop)   2.6716658135190466E-012
   325.00000000000000        0.0000000000000000        0.0000000000000000        325.00000000000000        0.0000000000000000     
   325.00000000000000        0.0000000000000000        0.0000000000000000       -325.00000000000000        0.0000000000000000     
   230.34965351875374        131.99109304786029       -137.78942055307795       -129.04801360690533        0.0000000000000000     
   197.50525567934983       -63.100935714820203        186.86575737981644        10.382035048440800        0.0000000000000000     
   176.26469346970521       -109.46370096381463       -54.847043835600168        98.038391273005601        80.419002445756163     
   45.880397332191158        40.573543630774672        5.7707070088616712        20.627587285459015        0.0000000000000000     

 PASSED   1.0000000000000001E-005
 MU_R    =    325.00000000000000     
 ALPHA_S =   0.11799999999999999     
 BORN                    3.0082883254261815E-012
 SINGLE POLE (MadFKS)   -3.9343394136932878E-013
 DOUBLE POLE (MadFKS)   -3.2014687273928582E-013
 SINGLE POLE (MadLoop)  -3.9343394136932050E-013
 DOUBLE POLE (MadLoop)  -3.2014687273928986E-013
 FINITE PART (MadLoop)   5.0633186823537723E-013
   325.00000000000000        0.0000000000000000        0.0000000000000000        325.00000000000000        0.0000000000000000     
   325.00000000000000        0.0000000000000000        0.0000000000000000       -325.00000000000000        0.0000000000000000     
   136.88559996192174       -95.168660779836117       -51.932133650934531       -83.568217503840685        0.0000000000000000     
   236.84380964442133       -69.631909666755689       -44.720101909493877        221.91552403617032        0.0000000000000000     
   229.56635140187510        151.10794682657260        52.327339191180087       -143.74189271269381        80.419002445756163     
   46.704238991781828        13.692623620019209        44.324896369248187        5.3945861803641098        0.0000000000000000     

 PASSED   1.0000000000000001E-005
 MU_R    =    325.00000000000000     
 ALPHA_S =   0.11799999999999999     
 BORN                    6.3597883924977483E-012
 SINGLE POLE (MadFKS)   -4.0937649587561200E-013
 DOUBLE POLE (MadFKS)   -6.7681888997568604E-013
 SINGLE POLE (MadLoop)  -4.0937649587542697E-013
 DOUBLE POLE (MadLoop)  -6.7681888997568362E-013
 FINITE PART (MadLoop)   9.3018276816641980E-013
   325.00000000000000        0.0000000000000000        0.0000000000000000        325.00000000000000        0.0000000000000000     
   325.00000000000000        0.0000000000000000        0.0000000000000000       -325.00000000000000        0.0000000000000000     
   156.88513303414035        76.120830888700226       -10.332768110195310       -136.79107417932917        0.0000000000000000     
   258.30108127376218       -231.79542487005330        91.930545140200181        67.372876343019669        0.0000000000000000     
   144.53941091413955        113.27690778488348       -39.880937996262119        1.5094039450195076        80.419002445756163     
   90.274374777957973        42.397686196469557       -41.716839033742751        67.908793891289989        0.0000000000000000     

 PASSED   1.0000000000000001E-005
 MU_R    =    325.00000000000000     
 ALPHA_S =   0.11799999999999999     
 BORN                    6.6437991333425787E-010
 SINGLE POLE (MadFKS)   -1.2248680589864730E-010
 DOUBLE POLE (MadFKS)   -7.0704376893337670E-011
 SINGLE POLE (MadLoop)  -1.2248680589864689E-010
 DOUBLE POLE (MadLoop)  -7.0704376893337450E-011
 FINITE PART (MadLoop)   2.7172749449226481E-012
   325.00000000000000        0.0000000000000000        0.0000000000000000        325.00000000000000        0.0000000000000000     
   325.00000000000000        0.0000000000000000        0.0000000000000000       -325.00000000000000        0.0000000000000000     
   144.76409547973626       -141.33610126583798       -16.870139723535853        26.384620610260015        0.0000000000000000     
   26.239197436837721        19.927252944979038       -14.482499301517915        9.0364421194244731        0.0000000000000000     
   276.75637110475594        216.14513114749164        59.219975365451170        141.07143506625246        80.419002445756163     
   202.24033597867012       -94.736282826632674       -27.867336340397376       -176.49249779593700        0.0000000000000000     

 PASSED   1.0000000000000001E-005
 MU_R    =    325.00000000000000     
 ALPHA_S =   0.11799999999999999     
 BORN                    6.0218809017657623E-012
 SINGLE POLE (MadFKS)   -8.4334690704801580E-013
 DOUBLE POLE (MadFKS)   -6.4085823237558758E-013
 SINGLE POLE (MadLoop)  -8.4334690704808759E-013
 DOUBLE POLE (MadLoop)  -6.4085823237558011E-013
 FINITE PART (MadLoop)   1.5816101998696981E-012
   325.00000000000000        0.0000000000000000        0.0000000000000000        325.00000000000000        0.0000000000000000     
   325.00000000000000        0.0000000000000000        0.0000000000000000       -325.00000000000000        0.0000000000000000     
   255.26231334810493       -143.16768635076102        123.64108478328907        171.39061921356063        0.0000000000000000     
   48.882638938781874        6.5786032896491236        30.177214119952680       -37.888918120411681        0.0000000000000000     
   113.27926732019948        65.044673573015928       -19.098478574391805        42.064414962697221        80.419002445756163     
   232.57578039291366        71.544409488095994       -134.71982032884998       -175.56611605584615        0.0000000000000000     

 PASSED   1.0000000000000001E-005
 MU_R    =    325.00000000000000     
 ALPHA_S =   0.11799999999999999     
 BORN                    2.7995602793634498E-011
 SINGLE POLE (MadFKS)   -4.0844008104974530E-012
 DOUBLE POLE (MadFKS)   -2.9793369901016910E-012
 SINGLE POLE (MadLoop)  -4.0844008104974506E-012
 DOUBLE POLE (MadLoop)  -2.9793369901016862E-012
 FINITE PART (MadLoop)   2.9250552963814590E-012
   325.00000000000000        0.0000000000000000        0.0000000000000000        325.00000000000000        0.0000000000000000     
   325.00000000000000        0.0000000000000000        0.0000000000000000       -325.00000000000000        0.0000000000000000     
   89.872219778415783       -67.049108871188110        1.6629871333345534        59.821963870085362        0.0000000000000000     
   194.90280363489092        171.80883539127859       -53.554014356028681        74.838455974102445        0.0000000000000000     
   140.98190399014274        27.332808722898925        105.78795054772203        38.347208301849385        80.419002445756163     
   224.24307259655058       -132.09253524298944       -53.896923325027970       -173.00762814603721        0.0000000000000000     

 PASSED   1.0000000000000001E-005
 MU_R    =    325.00000000000000     
 ALPHA_S =   0.11799999999999999     
 BORN                    2.2038886629827655E-009
 SINGLE POLE (MadFKS)   -1.1695252143173004E-010
 DOUBLE POLE (MadFKS)   -2.3454136937473935E-010
 SINGLE POLE (MadLoop)  -1.1695252143168896E-010
 DOUBLE POLE (MadLoop)  -2.3454136937473397E-010
 FINITE PART (MadLoop)   2.3685810566063869E-010
   325.00000000000000        0.0000000000000000        0.0000000000000000        325.00000000000000        0.0000000000000000     
   325.00000000000000        0.0000000000000000        0.0000000000000000       -325.00000000000000        0.0000000000000000     
   15.303381406598632       -3.2352993103483394       -14.646137810565703        3.0359459946128569        0.0000000000000000     
   286.89660858803916        142.33519257216233       -188.24075290573043       -163.14342132077445        0.0000000000000000     
   193.44882281114479       -136.15556936241634        65.234690213981779        90.340064295578173        80.419002445756163     
   154.35118719421726       -2.9443238993976353        137.65220050231434        69.767411030583418        0.0000000000000000     

 PASSED   1.0000000000000001E-005
 MU_R    =    325.00000000000000     
 ALPHA_S =   0.11799999999999999     
 BORN                    1.4498604580609490E-011
 SINGLE POLE (MadFKS)   -2.2437426900017002E-012
 DOUBLE POLE (MadFKS)   -1.5429647737997418E-012
 SINGLE POLE (MadLoop)  -2.2437426900017361E-012
 DOUBLE POLE (MadLoop)  -1.5429647737997398E-012
 FINITE PART (MadLoop)   2.1083948869950742E-012
   325.00000000000000        0.0000000000000000        0.0000000000000000        325.00000000000000        0.0000000000000000     
   325.00000000000000        0.0000000000000000        0.0000000000000000       -325.00000000000000        0.0000000000000000     
   266.13066558633113       -88.317913345311041        176.64095728930442       -178.39128217396686        0.0000000000000000     
   193.25919208739390        33.814077277571009       -111.13355035885630        154.45082547132665        0.0000000000000000     
   132.52462437550417        9.0520635528858779       -94.612395277967110        45.410515485933068        80.419002445756163     
   58.085517950770814        45.451772514854134        29.104988347518947       -21.470058783292920        0.0000000000000000     

 PASSED   1.0000000000000001E-005
 MU_R    =    325.00000000000000     
 ALPHA_S =   0.11799999999999999     
 BORN                    5.4768299015511270E-009
 SINGLE POLE (MadFKS)   -1.5877432028246701E-011
 DOUBLE POLE (MadFKS)   -5.8285302997285096E-010
 SINGLE POLE (MadLoop)  -1.5877432148680841E-011
 DOUBLE POLE (MadLoop)  -5.8285302997283525E-010
 FINITE PART (MadLoop)  -6.7235740343334625E-010
   325.00000000000000        0.0000000000000000        0.0000000000000000        325.00000000000000        0.0000000000000000     
   325.00000000000000        0.0000000000000000        0.0000000000000000       -325.00000000000000        0.0000000000000000     
   64.087380007677623       -17.065605034922577       -7.7710285150128744       -61.282693453040721        0.0000000000000000     
   135.54902357885439       -113.39514897490656       -61.406996551290199       -41.764323970218967        0.0000000000000000     
   156.18776800097035       -32.464648906210066       -7.1276738411466640       -129.70214244863169        80.419002445756163     
   294.17582841249759        162.92540291603922        76.305698907449781        232.74915987189121        0.0000000000000000     

 PASSED   1.0000000000000001E-005
 MU_R    =    325.00000000000000     
 ALPHA_S =   0.11799999999999999     
 BORN                    3.5521583109863092E-011
 SINGLE POLE (MadFKS)   -2.3774140972913462E-012
 DOUBLE POLE (MadFKS)   -3.7802638966662958E-012
 SINGLE POLE (MadLoop)  -2.3774140727205019E-012
 DOUBLE POLE (MadLoop)  -3.7802638966657611E-012
 FINITE PART (MadLoop)   1.6015111817895402E-011
   325.00000000000000        0.0000000000000000        0.0000000000000000        325.00000000000000        0.0000000000000000     
   325.00000000000000        0.0000000000000000        0.0000000000000000       -325.00000000000000        0.0000000000000000     
   137.39689005266180       -2.2965856757360661        126.54152012400053       -53.477797029088606        0.0000000000000000     
   224.99360693128170        6.9449956427421728       -118.39037014338686       -191.20044574420379        0.0000000000000000     
   204.09555152396337        42.758368129721234       -31.311247028935263        179.94195164518050        80.419002445756163     
   83.513951492093156       -47.406778096727372        23.160097048321589        64.736291128111915        0.0000000000000000     

 PASSED   1.0000000000000001E-005
 MU_R    =    325.00000000000000     
 ALPHA_S =   0.11799999999999999     
 BORN                    4.9371843449480520E-011
 SINGLE POLE (MadFKS)   -4.5559732059432477E-012
 DOUBLE POLE (MadFKS)   -5.2542308355651127E-012
 SINGLE POLE (MadLoop)  -4.5559732059433964E-012
 DOUBLE POLE (MadLoop)  -5.2542308355650868E-012
 FINITE PART (MadLoop)  -3.1683759147930270E-013
   325.00000000000000        0.0000000000000000        0.0000000000000000        325.00000000000000        0.0000000000000000     
   325.00000000000000        0.0000000000000000        0.0000000000000000       -325.00000000000000        0.0000000000000000     
   146.17444608472425        78.800370293561500        113.21983570827253       -48.360512114382395        0.0000000000000000     
   61.297933463981451        19.289188274495963        57.376745368211687        9.6577923780304946        0.0000000000000000     
   299.02616201675244       -238.18132062895535       -149.69583703899582        61.727177910056739        80.419002445756163     
   143.50145843454177        140.09176206089788       -20.900744037488423       -23.024458173704776        0.0000000000000000     

 PASSED   1.0000000000000001E-005
 MU_R    =    325.00000000000000     
 ALPHA_S =   0.11799999999999999     
 BORN                    4.9161699902522993E-012
 SINGLE POLE (MadFKS)   -4.4541628495603436E-013
 DOUBLE POLE (MadFKS)   -5.2318670219584962E-013
 SINGLE POLE (MadLoop)  -4.4541628495590961E-013
 DOUBLE POLE (MadLoop)  -5.2318670219584568E-013
 FINITE PART (MadLoop)   2.7701947533186509E-013
   325.00000000000000        0.0000000000000000        0.0000000000000000        325.00000000000000        0.0000000000000000     
   325.00000000000000        0.0000000000000000        0.0000000000000000       -325.00000000000000        0.0000000000000000     
   103.43040726604079       -74.546716081994688       -29.097882084916229        65.528234577026822        0.0000000000000000     
   166.05231606449826       -96.308104216291326       -38.955925676928111        129.53978766117254        0.0000000000000000     
Thanks for using LHAPDF 6.2.1. Please make sure to cite the paper:
  Eur.Phys.J. C75 (2015) 3, 132  (http://arxiv.org/abs/1412.7420)
   145.88529542866399       -41.142227181195125        64.630564553013244       -94.580710168975656        80.419002445756163     
   234.63198124079696        211.99704747948110        3.4232432088311282       -100.48731206922373        0.0000000000000000     

 PASSED   1.0000000000000001E-005
 MU_R    =    325.00000000000000     
 ALPHA_S =   0.11799999999999999     
 BORN                    7.9189776962932157E-010
 SINGLE POLE (MadFKS)   -5.7654715929672126E-011
 DOUBLE POLE (MadFKS)   -8.4275031862222258E-011
 SINGLE POLE (MadLoop)  -5.7654715929665851E-011
 DOUBLE POLE (MadLoop)  -8.4275031862216493E-011
 FINITE PART (MadLoop)  -2.0424894288702880E-010
   325.00000000000000        0.0000000000000000        0.0000000000000000        325.00000000000000        0.0000000000000000     
   325.00000000000000        0.0000000000000000        0.0000000000000000       -325.00000000000000        0.0000000000000000     
   94.378515808679381       -22.007315731182445        77.589359283914391        49.019114909072371        0.0000000000000000     
   199.33603752896113        61.445457219052891        166.42399750271247        90.897550572642359        0.0000000000000000     
   237.09289202620718       -27.818898809691092       -131.63095316597602       -177.89104680284780        80.419002445756163     
   119.19255463615225       -11.619242678179358       -112.38240362065092        37.974381321133031        0.0000000000000000     

 NUMBER OF POINTS PASSING THE CHECK          20
 NUMBER OF POINTS FAILING THE CHECK           0
 TOLERANCE    1.0000000000000001E-005
