==== LHAPDF6 USING DEFAULT-TYPE LHAGLUE INTERFACE ====
LHAPDF 6.2.1 loading /cvmfs/cms.cern.ch/slc7_amd64_gcc700/external/lhapdf/6.2.1-pafccj3/share/LHAPDF/NNPDF31_nnlo_as_0118_nf_4_mc_hessian/NNPDF31_nnlo_as_0118_nf_4_mc_hessian_0000.dat
NNPDF31_nnlo_as_0118_nf_4_mc_hessian PDF set, member #0, version 1; LHAPDF ID = 325500
 A PDF is used, so alpha_s(MZ) is going to be modified
 Old value of alpha_s from param_card:   0.11799999999999999     
 New value of alpha_s from PDF lhapdf :  0.11266013434007299     
 *****************************************************
 *               MadGraph/MadEvent                   *
 *        --------------------------------           *
 *          http://madgraph.hep.uiuc.edu             *
 *          http://madgraph.phys.ucl.ac.be           *
 *          http://madgraph.roma2.infn.it            *
 *        --------------------------------           *
 *                                                   *
 *          PARAMETER AND COUPLING VALUES            *
 *                                                   *
 *****************************************************

  External Params
  ---------------------------------
  
 MU_R =    91.188000000000002     
 aEWM1 =    132.50700000000001     
 mdl_Gf =    1.1663900000000000E-005
 aS =   0.11799999999999999     
 mdl_ymb =    4.7000000000000002     
 mdl_ymt =    173.00000000000000     
 mdl_ymtau =    1.7769999999999999     
 mdl_MT =    173.00000000000000     
 mdl_MB =    4.7000000000000002     
 mdl_MZ =    91.188000000000002     
 mdl_MH =    125.00000000000000     
 mdl_MTA =    1.7769999999999999     
 mdl_WT =    1.4915000000000000     
 mdl_WZ =    2.4414039999999999     
 mdl_WW =    2.0476000000000001     
 mdl_WH =    6.3823389999999999E-003
  Internal Params
  ---------------------------------
  
 mdl_conjg__CKM3x3 =    1.0000000000000000     
 mdl_CKM22 =    1.0000000000000000     
 mdl_lhv =    1.0000000000000000     
 mdl_CKM3x3 =    1.0000000000000000     
 mdl_conjg__CKM22 =    1.0000000000000000     
 mdl_conjg__CKM33 =    1.0000000000000000     
 mdl_Ncol =    3.0000000000000000     
 mdl_CA =    3.0000000000000000     
 mdl_TF =   0.50000000000000000     
 mdl_CF =    1.3333333333333333     
 mdl_complexi =                (0.0000000000000000,1.0000000000000000)
 mdl_MZ__exp__2 =    8315.2513440000002     
 mdl_MZ__exp__4 =    69143404.913893804     
 mdl_sqrt__2 =    1.4142135623730951     
 mdl_MH__exp__2 =    15625.000000000000     
 mdl_Ncol__exp__2 =    9.0000000000000000     
 mdl_MB__exp__2 =    22.090000000000003     
 mdl_MT__exp__2 =    29929.000000000000     
 mdl_aEW =    7.5467711139788835E-003
 mdl_MW =    80.419002445756163     
 mdl_sqrt__aEW =    8.6872153846781555E-002
 mdl_ee =   0.30795376724436879     
 mdl_MW__exp__2 =    6467.2159543705357     
 mdl_sw2 =   0.22224648578577766     
 mdl_cw =   0.88190334743339216     
 mdl_sqrt__sw2 =   0.47143025548407230     
 mdl_sw =   0.47143025548407230     
 mdl_g1 =   0.34919219678733299     
 mdl_gw =   0.65323293034757990     
 mdl_v =    246.21845810181637     
 mdl_v__exp__2 =    60623.529110035903     
 mdl_lam =   0.12886910601690263     
 mdl_yb =    2.6995554250465490E-002
 mdl_yt =   0.99366614581500623     
 mdl_ytau =    1.0206617000654717E-002
 mdl_muH =    88.388347648318430     
 mdl_AxialZUp =  -0.18517701861793787     
 mdl_AxialZDown =   0.18517701861793787     
 mdl_VectorZUp =    7.5430507588273299E-002
 mdl_VectorZDown =  -0.13030376310310560     
 mdl_VectorAUp =   0.20530251149624587     
 mdl_VectorADown =  -0.10265125574812294     
 mdl_VectorWmDxU =   0.23095271737156670     
 mdl_AxialWmDxU =  -0.23095271737156670     
 mdl_VectorWpUxD =   0.23095271737156670     
 mdl_AxialWpUxD =  -0.23095271737156670     
 mdl_I1x33 =          (2.69955542504654901E-002,0.0000000000000000)
 mdl_I2x33 =               (0.99366614581500623,0.0000000000000000)
 mdl_I3x33 =               (0.99366614581500623,0.0000000000000000)
 mdl_I4x33 =          (2.69955542504654901E-002,0.0000000000000000)
 mdl_Vector_tbGp =              (-0.96667059156454072,0.0000000000000000)
 mdl_Axial_tbGp =              (-1.0206617000654716,-0.0000000000000000)
 mdl_Vector_tbGm =               (0.96667059156454072,0.0000000000000000)
 mdl_Axial_tbGm =              (-1.0206617000654716,-0.0000000000000000)
 mdl_gw__exp__2 =   0.42671326129048615     
 mdl_cw__exp__2 =   0.77775351421422245     
 mdl_ee__exp__2 =    9.4835522759998875E-002
 mdl_sw__exp__2 =   0.22224648578577769     
 mdl_yb__exp__2 =    7.2875994928982540E-004
 mdl_yt__exp__2 =   0.98737240933884918     
  Internal Params evaluated point by point
  ----------------------------------------
  
 mdl_sqrt__aS =   0.34351128074635334     
 mdl_G__exp__4 =    2.1987899468922913     
 mdl_G__exp__2 =    1.4828317324943823     
 mdl_R2MixedFactor_FIN_ =   -2.5040377713124864E-002
 mdl_G_UVg_1EPS_ =   -5.1645779033320030E-002
 mdl_G_UVq_1EPS_ =    3.1300472141406080E-003
 mdl_GWcft_UV_b_1EPS_ =   -3.1300472141406080E-003
 mdl_GWcft_UV_t_1EPS_ =   -3.1300472141406080E-003
 mdl_bWcft_UV_1EPS_ =   -1.8780283284843650E-002
 mdl_tWcft_UV_1EPS_ =   -1.8780283284843650E-002
 mdl_G__exp__3 =    1.8056676068262196     
 mdl_MU_R__exp__2 =    8315.2513440000002     
 mdl_G_UVb_FIN_ =    1.8563438626678915E-002
 mdl_G_UVt_FIN_ =   -4.0087659331150384E-003
 mdl_GWcft_UV_b_FIN_ =   -1.8563438626678915E-002
 mdl_GWcft_UV_t_FIN_ =    4.0087659331150384E-003
 mdl_bWcft_UV_FIN_ =  -0.13642100947319838     
 mdl_tWcft_UV_FIN_ =   -9.8778211443463623E-004
  Couplings of loop_sm
  ---------------------------------
  
      UV_GQQb =   0.00000E+00   0.22605E-01
      UV_GQQt =   0.00000E+00  -0.48815E-02
   UVWfct_G_2 =   0.40088E-02   0.00000E+00
   UVWfct_G_1 =  -0.18563E-01   0.00000E+00
       R2_DDA =   0.00000E+00   0.25704E-02
       R2_UUA =  -0.00000E+00  -0.51409E-02
    R2_UUZ_V2 =  -0.00000E+00  -0.72127E-02
    R2_UUZ_V5 =   0.00000E+00   0.68702E-03
      R2_sxcW =  -0.00000E+00  -0.11566E-01
      R2_GGHb =   0.00000E+00  -0.33698E-02
      R2_GGHt =   0.00000E+00  -0.45657E+01
     R2_GGZup =  -0.46369E-02   0.00000E+00
    R2_GGWWcs =   0.00000E+00   0.13356E-02
         GC_4 =  -0.12177E+01   0.00000E+00
         GC_5 =   0.00000E+00   0.12177E+01
       R2_GQQ =  -0.00000E+00  -0.30492E-01
       R2_QQq =   0.00000E+00   0.12520E-01
 UV_GQQg_1eps =   0.00000E+00  -0.62890E-01
 UV_GQQq_1eps =   0.00000E+00   0.38115E-02
 UVWfct_G_2_1eps -0.31300E-02   0.00000E+00
         GC_1 =  -0.00000E+00  -0.10265E+00
         GC_2 =   0.00000E+00   0.20530E+00
         GC_7 =   0.00000E+00   0.57609E+00
        GC_22 =   0.00000E+00   0.28804E+00
        GC_23 =  -0.00000E+00  -0.27437E-01
        GC_24 =   0.00000E+00   0.82310E-01
        GC_25 =   0.00000E+00   0.30795E+00
        GC_28 =   0.00000E+00   0.37035E+00
        GC_31 =   0.00000E+00   0.52532E+02
        GC_33 =  -0.00000E+00  -0.19089E-01
        GC_37 =  -0.00000E+00  -0.70263E+00
        GC_38 =  -0.00000E+00  -0.72172E-02
        GC_47 =   0.00000E+00   0.46191E+00

 Collider parameters:
 --------------------

 Running at P P   machine @    13000.000000000000       GeV
 PDF set = lhapdf 
 alpha_s(Mz)= 0.1127 running at 3 loops.
 alpha_s(Mz)= 0.1127 running at 3 loops.
 Renormalization scale set on event-by-event basis
 Factorization   scale set on event-by-event basis


 ===============================================================
 INFO: MadFKS read these parameters from FKS_params.dat
 ===============================================================
  > IRPoleCheckThreshold      =    1.0000000000000001E-005
  > PrecisionVirtualAtRunTime =    1.0000000000000000E-003
  > NHelForMCoverHels         =            4
  > VirtualFraction           =    1.0000000000000000     
  > MinVirtualFraction        =    5.0000000000000001E-003
 ===============================================================
  Insert the number of points to test
 Insert the relative tolerance
  A negative number will mean use the default one:    1.0000000000000001E-005
Using random seed offsets:     1 ,     27 ,      0
  with seed                   32
 Ranmar initialization seeds       10730        9433
  ========================================================================================== 
 {                                                                                          }
 {       [32m                                                                            [0m       }
 {       [32m                               ,,                                           [0m       }
 {       [32m`7MMM.     ,MMF'             `7MM  `7MMF'                                   [0m       }
 {       [32m  MMMb    dPMM                 MM    MM                                     [0m       }
 {       [32m  M YM   ,M MM   ,6"Yb.   ,M""bMM    MM         ,pW"Wq.   ,pW"Wq.`7MMpdMAo. [0m       }
 {       [32m  M  Mb  M' MM  8)   MM ,AP    MM    MM        6W'   `Wb 6W'   `Wb MM   `Wb [0m       }
 {       [32m  M  YM.P'  MM   ,pm9MM 8MI    MM    MM      , 8M     M8 8M     M8 MM    M8 [0m       }
 {       [32m  M  `YM'   MM  8M   MM `Mb    MM    MM     ,M YA.   ,A9 YA.   ,A9 MM   ,AP [0m       }
 {       [32m.JML. `'  .JMML.`Moo9^Yo.`Wbmd"MML..JMMmmmmMMM  `Ybmd9'   `Ybmd9'  MMbmmd'  [0m       }
 {       [32m                                                                   MM       [0m       }
 {       [32m                                                                 .JMML.     [0m       }
 {       [32m[0mv2.6.5 (2018-02-03), Ref: arXiv:1103.0621v2, arXiv:1405.0301[32m                [0m       }
 {       [32m                                                                            [0m       }
 {                                                                                          }
  ========================================================================================== 
 ===============================================================
 INFO: MadLoop read these parameters from ./MadLoop5_resources/MadLoopParams.dat                                                                                                                                                                                                                                                                                                                                                                                                                                                                                          
 ===============================================================
  > MLReductionLib            = 6|7|1
  > CTModeRun                 =           -1
  > MLStabThres               =    1.0000000000000000E-003
  > NRotations_DP             =            0
  > NRotations_QP             =            0
  > CTStabThres               =    1.0000000000000000E-002
  > CTLoopLibrary             =            2
  > CTModeInit                =            1
  > CheckCycle                =            3
  > MaxAttempts               =           10
  > UseLoopFilter             =  F
  > HelicityFilterLevel       =            2
  > ImprovePSPoint            =            2
  > DoubleCheckHelicityFilter =  T
  > LoopInitStartOver         =  F
  > HelInitStartOver          =  F
  > ZeroThres                 =    1.0000000000000001E-009
  > OSThres                   =    1.0000000000000000E-008
  > WriteOutFilters           =  T
  > UseQPIntegrandForNinja    =  T
  > UseQPIntegrandForCutTools =  T
  > IREGIMODE                 =            2
  > IREGIRECY                 =  T
  > COLLIERMode               =            1
  > COLLIERRequiredAccuracy   =    1.0000000000000000E-008
  > COLLIERCanOutput          =  F
  > COLLIERComputeUVpoles     =  T
  > COLLIERComputeIRpoles     =  T
  > COLLIERGlobalCache        =           -1
  > COLLIERUseCacheForPoles   =  F
  > COLLIERUseInternalStabilityTest =  T
 ===============================================================
  
------------------------------------------------------------------------
|              You are using CutTools - Version 1.9.3                  |
|              Authors: G. Ossola, C. Papadopoulos, R. Pittau          |
|              Published in JHEP 0803:042,2008                         |
|              http://www.ugr.es/~pittau/CutTools                      |
|                                                                      |
|              Compiler with  34  significant digits detetected        |
 ---------------------------------------------------------------------- 
   
########################################################################
#                                                                      #

  +----------------------------------------------------------------+
  |                                                                |
  |  Ninja - version 1.1.0                                         |
  |                                                                |
  |  Author: Tiziano Peraro                                        |
  |                                                                |
  |  Based on:                                                     |
  |                                                                |
  |      P. Mastrolia, E. Mirabella and T. Peraro,                 |
  |      "Integrand reduction of one-loop scattering amplitudes    |
  |      through Laurent series expansion,"                        |
  |      JHEP 1206 (2012) 095  [arXiv:1203.0291 [hep-ph]].         |
  |                                                                |
  |      T. Peraro,                                                |
  |      "Ninja: Automated Integrand Reduction via Laurent         |
  |      Expansion for One-Loop Amplitudes,"                       |
  |      Comput.Phys.Commun. 185 (2014) [arXiv:1403.1229 [hep-ph]] |
  |                                                                |
  +----------------------------------------------------------------+


#                      You are using OneLOop-3.6                       #
#                                                                      #
# for the evaluation of 1-loop scalar 1-, 2-, 3- and 4-point functions #
#                                                                      #
# author: Andreas van Hameren <hamerenREMOVETHIS@ifj.edu.pl>           #
#   date: 18-02-2015                                                   #
#                                                                      #
# Please cite                                                          #
#    A. van Hameren,                                                   #
#      Comput.Phys.Commun. 182 (2011) 2427-2438, arXiv:1007.4716       #
#    A. van Hameren, C.G. Papadopoulos and R. Pittau,                  #
#      JHEP 0909:106,2009, arXiv:0903.4665                             #
# in publications with results obtained with the help of this program. #
#                                                                      #
########################################################################
########################################################################
#                                                                      #
#                      You are using OneLOop-3.6                       #
#                                                                      #
# for the evaluation of 1-loop scalar 1-, 2-, 3- and 4-point functions #
#                                                                      #
# author: Andreas van Hameren <hamerenREMOVETHIS@ifj.edu.pl>           #
#   date: 18-02-2015                                                   #
#                                                                      #
# Please cite                                                          #
#    A. van Hameren,                                                   #
#      Comput.Phys.Commun. 182 (2011) 2427-2438, arXiv:1007.4716       #
#    A. van Hameren, C.G. Papadopoulos and R. Pittau,                  #
#      JHEP 0909:106,2009, arXiv:0903.4665                             #
# in publications with results obtained with the help of this program. #
#                                                                      #
########################################################################
 PASSED   1.0000000000000001E-005
 MU_R    =    325.00000000000000     
 ALPHA_S =   0.11799999999999999     
 BORN                    1.8259969964056461E-009
 SINGLE POLE (MadFKS)   -4.2543991527031980E-010
 DOUBLE POLE (MadFKS)   -1.9432553159537276E-010
 SINGLE POLE (MadLoop)  -4.2543991527034802E-010
 DOUBLE POLE (MadLoop)  -1.9432553159537335E-010
 FINITE PART (MadLoop)   1.7444847453552240E-010
   325.00000000000000        0.0000000000000000        0.0000000000000000        325.00000000000000        0.0000000000000000     
   325.00000000000000        0.0000000000000000        0.0000000000000000       -325.00000000000000        0.0000000000000000     
   197.33532578789078        125.85235218404166       -143.16548322360313       -51.049590271706798        0.0000000000000000     
   55.392709390859061       -14.465864929398842       -44.851752271447275       -29.110330188530643        0.0000000000000000     
   193.86773292972791       -41.993864298978622        136.23398392182816       -103.89561541743601        80.419002445756163     
   203.40423189152222       -69.392622955664223        51.783251573222302        184.05553587767355        0.0000000000000000     

 PASSED   1.0000000000000001E-005
 MU_R    =    325.00000000000000     
 ALPHA_S =   0.11799999999999999     
 BORN                    4.7074367101782029E-010
 SINGLE POLE (MadFKS)   -1.4595584943452793E-010
 DOUBLE POLE (MadFKS)   -5.0097297145484142E-011
 SINGLE POLE (MadLoop)  -1.4595584943451566E-010
 DOUBLE POLE (MadLoop)  -5.0097297145482824E-011
 FINITE PART (MadLoop)  -1.0019820067188551E-011
   325.00000000000000        0.0000000000000000        0.0000000000000000        325.00000000000000        0.0000000000000000     
   325.00000000000000        0.0000000000000000        0.0000000000000000       -325.00000000000000        0.0000000000000000     
   181.45408871130851       -157.57725032479769        13.038134696663221        89.022488921390703        0.0000000000000000     
   168.97382921160235        120.11606938835405       -3.8006496499491469        118.78484707807736        0.0000000000000000     
   85.555778065243118        12.250437722379814        26.450107315438267        1.7011186291654783        80.419002445756163     
   214.01630401184588        25.210743214063850       -35.687592362152330       -209.50845462863356        0.0000000000000000     

 PASSED   1.0000000000000001E-005
 MU_R    =    325.00000000000000     
 ALPHA_S =   0.11799999999999999     
 BORN                    4.5284090479858815E-011
 SINGLE POLE (MadFKS)   -5.8071038897344374E-012
 DOUBLE POLE (MadFKS)   -4.8192056025466923E-012
 SINGLE POLE (MadLoop)  -5.8071038897291019E-012
 DOUBLE POLE (MadLoop)  -4.8192056025466899E-012
 FINITE PART (MadLoop)   1.0541983224684902E-011
   325.00000000000000        0.0000000000000000        0.0000000000000000        325.00000000000000        0.0000000000000000     
   325.00000000000000        0.0000000000000000        0.0000000000000000       -325.00000000000000        0.0000000000000000     
   23.249321733802596        15.911841817590355       -16.014098768519982       -5.5581374295653445        0.0000000000000000     
   232.63899134966900       -160.98567925132090        63.209143657639785        155.59278752644698        0.0000000000000000     
   116.41089480492685       -73.941955034362579       -34.742713592615907        20.243804307268313        80.419002445756163     
   277.70079211160146        219.01579246809305       -12.452331296503898       -170.27845440414998        0.0000000000000000     

 PASSED   1.0000000000000001E-005
 MU_R    =    325.00000000000000     
 ALPHA_S =   0.11799999999999999     
 BORN                    1.3458711792708912E-010
 SINGLE POLE (MadFKS)   -1.7717104214379973E-011
 DOUBLE POLE (MadFKS)   -1.4322977139914558E-011
 SINGLE POLE (MadLoop)  -1.7717104214381185E-011
 DOUBLE POLE (MadLoop)  -1.4322977139914713E-011
 FINITE PART (MadLoop)   2.8820242936875077E-011
   325.00000000000000        0.0000000000000000        0.0000000000000000        325.00000000000000        0.0000000000000000     
   325.00000000000000        0.0000000000000000        0.0000000000000000       -325.00000000000000        0.0000000000000000     
   136.78185517402335       -23.903124791136698       -133.98279519539992       -13.657493243431020        0.0000000000000000     
   115.68627061903923        45.818692330806648        63.796590461483902       -84.935008614387982        0.0000000000000000     
   163.92157410240307        90.190751072982010       -110.74018761465696        2.3034256664910484        80.419002445756163     
   233.61030010453430       -112.10631861265205        180.92639234857296        96.289076191327965        0.0000000000000000     

 PASSED   1.0000000000000001E-005
 MU_R    =    325.00000000000000     
 ALPHA_S =   0.11799999999999999     
 BORN                    2.0776204666537160E-008
 SINGLE POLE (MadFKS)   -8.4873201311203458E-009
 DOUBLE POLE (MadFKS)   -2.2110370522549313E-009
 SINGLE POLE (MadLoop)  -8.4873201311187841E-009
 DOUBLE POLE (MadLoop)  -2.2110370522549859E-009
 FINITE PART (MadLoop)  -1.1282335804780832E-008
   325.00000000000000        0.0000000000000000        0.0000000000000000        325.00000000000000        0.0000000000000000     
   325.00000000000000        0.0000000000000000        0.0000000000000000       -325.00000000000000        0.0000000000000000     
   167.16180358341720        61.675656569489625       -87.872918681863553        128.13091791723772        0.0000000000000000     
   303.50743998300555       -12.987267206461244        166.15759063278588       -253.65281802229833        0.0000000000000000     
   156.99727053827419       -41.065305267829409       -61.717446295064583        112.63003386385593        80.419002445756163     
   22.333485895303053       -7.6230840951989638       -16.567225655857747        12.891866241204715        0.0000000000000000     

 PASSED   1.0000000000000001E-005
 MU_R    =    325.00000000000000     
 ALPHA_S =   0.11799999999999999     
 BORN                    4.2539001403738050E-011
 SINGLE POLE (MadFKS)   -7.8566319117285649E-012
 DOUBLE POLE (MadFKS)   -4.5270688164271855E-012
 SINGLE POLE (MadLoop)  -7.8566319127672065E-012
 DOUBLE POLE (MadLoop)  -4.5270688164272865E-012
 FINITE PART (MadLoop)   4.9394345485583820E-012
   325.00000000000000        0.0000000000000000        0.0000000000000000        325.00000000000000        0.0000000000000000     
   325.00000000000000        0.0000000000000000        0.0000000000000000       -325.00000000000000        0.0000000000000000     
   198.45471491096811        166.15132538353350       -104.43200102756693        29.529106066168922        0.0000000000000000     
   165.70595698096412       -26.283737910175518        84.763135846872729        139.93870122968460        0.0000000000000000     
   82.406815591004104       -8.8241626652783989       -2.5833411017458605       -15.463757741505132        80.419002445756163     
   203.43251251706366       -131.04342480807955        22.252206282440081       -154.00404955434840        0.0000000000000000     

 PASSED   1.0000000000000001E-005
 MU_R    =    325.00000000000000     
 ALPHA_S =   0.11799999999999999     
 BORN                    2.1116751320054261E-010
 SINGLE POLE (MadFKS)   -5.3563404455780531E-011
 DOUBLE POLE (MadFKS)   -2.2472785737952187E-011
 SINGLE POLE (MadLoop)  -5.3563404455782147E-011
 DOUBLE POLE (MadLoop)  -2.2472785737952329E-011
 FINITE PART (MadLoop)   7.1059454966331752E-012
   325.00000000000000        0.0000000000000000        0.0000000000000000        325.00000000000000        0.0000000000000000     
   325.00000000000000        0.0000000000000000        0.0000000000000000       -325.00000000000000        0.0000000000000000     
   193.10567229502914       -189.24334062862079        19.402027436527643        33.171072210394996        0.0000000000000000     
   157.39706826226404        130.36127080495285        60.124243118341440       -64.535661158154369        0.0000000000000000     
   173.55594089460666        125.55550994565198       -52.143384414501611       -71.911960406670005        80.419002445756163     
   125.94131854810013       -66.673440121984015       -27.382886140367471        103.27654935442939        0.0000000000000000     

 PASSED   1.0000000000000001E-005
 MU_R    =    325.00000000000000     
 ALPHA_S =   0.11799999999999999     
 BORN                    1.0732720196205731E-010
 SINGLE POLE (MadFKS)   -1.2912414649614106E-011
 DOUBLE POLE (MadFKS)   -1.1421933123096693E-011
 SINGLE POLE (MadLoop)  -1.2912414649453392E-011
 DOUBLE POLE (MadLoop)  -1.1421933123096712E-011
 FINITE PART (MadLoop)   1.3291890151710508E-011
   325.00000000000000        0.0000000000000000        0.0000000000000000        325.00000000000000        0.0000000000000000     
   325.00000000000000        0.0000000000000000        0.0000000000000000       -325.00000000000000        0.0000000000000000     
   37.699156283715631        27.090119402743287        24.071082134199010       -10.389168404534191        0.0000000000000000     
   245.21900140142617        36.644681206332415        174.26124841191475        168.58986710214776        0.0000000000000000     
   94.342565144539066        43.505105886200177        11.176838156184994       -20.388420594592851        80.419002445756163     
   272.73927717031910       -107.23990649527587       -209.50916870229881       -137.81227810302073        0.0000000000000000     

 PASSED   1.0000000000000001E-005
 MU_R    =    325.00000000000000     
 ALPHA_S =   0.11799999999999999     
 BORN                    1.3890440806381132E-010
 SINGLE POLE (MadFKS)   -3.8306193545751403E-011
 DOUBLE POLE (MadFKS)   -1.4782430086727415E-011
 SINGLE POLE (MadLoop)  -3.8306193545725773E-011
 DOUBLE POLE (MadLoop)  -1.4782430086727399E-011
 FINITE PART (MadLoop)  -5.7546689869286900E-012
   325.00000000000000        0.0000000000000000        0.0000000000000000        325.00000000000000        0.0000000000000000     
   325.00000000000000        0.0000000000000000        0.0000000000000000       -325.00000000000000        0.0000000000000000     
   243.18185552984119       -62.033268046694928       -54.706261418361507        228.68430964106250        0.0000000000000000     
   144.21114555090833        28.850846127310735       -122.94176302729879       -69.640549126087564        0.0000000000000000     
   197.39436329430899        33.376754011652864        118.41789411454840       -131.75930081446373        80.419002445756163     
   65.212635624941555      -0.19433209226868758        59.230130331111823       -27.284459700511178        0.0000000000000000     

 PASSED   1.0000000000000001E-005
 MU_R    =    325.00000000000000     
 ALPHA_S =   0.11799999999999999     
 BORN                    5.9535487112001413E-010
 SINGLE POLE (MadFKS)   -1.6616297413526667E-010
 DOUBLE POLE (MadFKS)   -6.3358621096324200E-011
 SINGLE POLE (MadLoop)  -1.6616297413526313E-010
 DOUBLE POLE (MadLoop)  -6.3358621096324330E-011
 FINITE PART (MadLoop)  -9.3561004954842821E-012
   325.00000000000000        0.0000000000000000        0.0000000000000000        325.00000000000000        0.0000000000000000     
   325.00000000000000        0.0000000000000000        0.0000000000000000       -325.00000000000000        0.0000000000000000     
   91.316733844839419        73.710428447219513      -0.11767285943374964        53.902734358423089        0.0000000000000000     
   143.61519406534143        60.142153135185659        72.980717112024038       -108.08358021690556        0.0000000000000000     
   246.73303549131268       -189.34176539581270       -87.967022778467708       -104.02631219396532        80.419002445756163     
   168.33503659850643        55.489183813407401        15.103978525877407        158.20715805244777        0.0000000000000000     

 PASSED   1.0000000000000001E-005
 MU_R    =    325.00000000000000     
 ALPHA_S =   0.11799999999999999     
 BORN                    7.1368956776148744E-010
 SINGLE POLE (MadFKS)   -1.5491093434419044E-010
 DOUBLE POLE (MadFKS)   -7.5951989473323989E-011
 SINGLE POLE (MadLoop)  -1.5491093434418747E-010
 DOUBLE POLE (MadLoop)  -7.5951989473320771E-011
 FINITE PART (MadLoop)   2.4485010572905821E-010
   325.00000000000000        0.0000000000000000        0.0000000000000000        325.00000000000000        0.0000000000000000     
   325.00000000000000        0.0000000000000000        0.0000000000000000       -325.00000000000000        0.0000000000000000     
   253.06129070594730       -64.311917473877614        30.306352660997096       -242.86934576636136        0.0000000000000000     
   8.8580178710557718       -7.6079474684865946        4.3112756603956255       -1.4129819888349862        0.0000000000000000     
   116.49117466440249       -15.626188744285871       -82.397758033767829       -8.3312374025948497        80.419002445756163     
   271.58951675859447        87.546053686650069        47.780129712375143        252.61356515779124        0.0000000000000000     

 PASSED   1.0000000000000001E-005
 MU_R    =    325.00000000000000     
 ALPHA_S =   0.11799999999999999     
 BORN                    2.9152478101283270E-011
 SINGLE POLE (MadFKS)   -4.2501917635907365E-012
 DOUBLE POLE (MadFKS)   -3.1024535174513706E-012
 SINGLE POLE (MadLoop)  -4.2501917635916832E-012
 DOUBLE POLE (MadLoop)  -3.1024535174513706E-012
 FINITE PART (MadLoop)   4.6123531642822835E-012
   325.00000000000000        0.0000000000000000        0.0000000000000000        325.00000000000000        0.0000000000000000     
   325.00000000000000        0.0000000000000000        0.0000000000000000       -325.00000000000000        0.0000000000000000     
   120.07100352198492        27.750481875098927        82.291960136939394       -82.915559090539205        0.0000000000000000     
   82.293781355512010       -47.227635472894349        40.190629515812837        54.097413954374034        0.0000000000000000     
   235.57698266853353       -163.06892370225697       -78.700113520173304        127.45241097499620        80.419002445756163     
   212.05823245396948        182.54607730005242       -43.782476132578878       -98.634265838831041        0.0000000000000000     

 PASSED   1.0000000000000001E-005
 MU_R    =    325.00000000000000     
 ALPHA_S =   0.11799999999999999     
 BORN                    9.6903111148826583E-011
 SINGLE POLE (MadFKS)   -1.8923787390624593E-011
 DOUBLE POLE (MadFKS)   -1.0312584645160039E-011
 SINGLE POLE (MadLoop)  -1.8923787390624231E-011
 DOUBLE POLE (MadLoop)  -1.0312584645160003E-011
 FINITE PART (MadLoop)   1.4290562574518583E-011
   325.00000000000000        0.0000000000000000        0.0000000000000000        325.00000000000000        0.0000000000000000     
   325.00000000000000        0.0000000000000000        0.0000000000000000       -325.00000000000000        0.0000000000000000     
   164.95456699484879       -8.6033783890645328       -139.41072168841757        87.753300399855164        0.0000000000000000     
   260.73164602175183        2.2011123067042160        245.36243904571947       -88.166999763863046        0.0000000000000000     
   97.897377778101074       -42.207877498854501        4.8469396816583874       -36.217162702533166        80.419002445756163     
   126.41640920529828        48.610143581214835       -110.79865703896031        36.630862066541049        0.0000000000000000     

 PASSED   1.0000000000000001E-005
 MU_R    =    325.00000000000000     
 ALPHA_S =   0.11799999999999999     
 BORN                    1.0237423682136115E-011
 SINGLE POLE (MadFKS)   -1.6930197077947402E-012
 DOUBLE POLE (MadFKS)   -1.0894830621924058E-012
 SINGLE POLE (MadLoop)  -1.6930197077946946E-012
 DOUBLE POLE (MadLoop)  -1.0894830621924044E-012
 FINITE PART (MadLoop)   2.1071054902581640E-012
   325.00000000000000        0.0000000000000000        0.0000000000000000        325.00000000000000        0.0000000000000000     
   325.00000000000000        0.0000000000000000        0.0000000000000000       -325.00000000000000        0.0000000000000000     
   100.54745049065534        45.948772343638481        79.594716037212379       -40.782119847290815        0.0000000000000000     
   172.02186232600292       -146.38335274484626       -21.222849333793373        87.823834028350788        0.0000000000000000     
   193.80365304431834        52.529578701606638        91.954795299286033       -140.98793906519128        80.419002445756163     
   183.62703413902346        47.905001699601129       -150.32666200270515        93.946224884131126        0.0000000000000000     

 PASSED   1.0000000000000001E-005
 MU_R    =    325.00000000000000     
 ALPHA_S =   0.11799999999999999     
 BORN                    2.4010570434529025E-009
 SINGLE POLE (MadFKS)   -8.5954841492433951E-010
 DOUBLE POLE (MadFKS)   -2.5552434493498307E-010
 SINGLE POLE (MadLoop)  -8.5954841492440610E-010
 DOUBLE POLE (MadLoop)  -2.5552434493497873E-010
 FINITE PART (MadLoop)  -8.1071216487207405E-010
   325.00000000000000        0.0000000000000000        0.0000000000000000        325.00000000000000        0.0000000000000000     
   325.00000000000000        0.0000000000000000        0.0000000000000000       -325.00000000000000        0.0000000000000000     
   244.18227211515992       -163.05835932507213       -153.58015831080144        97.211565375560369        0.0000000000000000     
   181.25700634952287        73.912641710736509        44.837517506515411       -159.31296485215563        0.0000000000000000     
   194.36402924179222        109.37659171435176        128.89429260506080        52.279847240850785        80.419002445756163     
   30.196692293524983       -20.230874100016134       -20.151651800774797        9.8215522357444840        0.0000000000000000     

 PASSED   1.0000000000000001E-005
 MU_R    =    325.00000000000000     
 ALPHA_S =   0.11799999999999999     
 BORN                    5.7397339228908983E-009
 SINGLE POLE (MadFKS)   -2.0552544610079629E-009
 DOUBLE POLE (MadFKS)   -6.1083169795860197E-010
 SINGLE POLE (MadLoop)  -2.0552544610082016E-009
 DOUBLE POLE (MadLoop)  -6.1083169795864819E-010
 FINITE PART (MadLoop)  -2.0302031294333018E-009
   325.00000000000000        0.0000000000000000        0.0000000000000000        325.00000000000000        0.0000000000000000     
   325.00000000000000        0.0000000000000000        0.0000000000000000       -325.00000000000000        0.0000000000000000     
   99.321537335050522       -68.266735019948314       -66.036917402870614        29.043866964308364        0.0000000000000000     
   241.66033624690303       -20.007592376705176       -120.49913788255323       -208.51707875331280        0.0000000000000000     
   224.62902048347615        93.981660528870364        158.58001281643490        100.05402494837948        80.419002445756163     
   84.389105934570267       -5.7073331322168883        27.956042468988866        79.419186840624974        0.0000000000000000     

 PASSED   1.0000000000000001E-005
 MU_R    =    325.00000000000000     
 ALPHA_S =   0.11799999999999999     
 BORN                    6.3854320004955992E-011
 SINGLE POLE (MadFKS)   -7.7549911199085294E-012
 DOUBLE POLE (MadFKS)   -6.7954792390400835E-012
 SINGLE POLE (MadLoop)  -7.7549911199063515E-012
 DOUBLE POLE (MadLoop)  -6.7954792390400908E-012
 FINITE PART (MadLoop)   1.4057113433035964E-011
   325.00000000000000        0.0000000000000000        0.0000000000000000        325.00000000000000        0.0000000000000000     
   325.00000000000000        0.0000000000000000        0.0000000000000000       -325.00000000000000        0.0000000000000000     
   52.821142326232852        44.834194619267791       -10.289547907735633       -25.963306286838328        0.0000000000000000     
   215.70767802346674       -109.19241491106278        176.32423265653333        59.300791413358169        0.0000000000000000     
   134.80335066201772        70.435546167745230        66.878673013476202        47.652957173131810        80.419002445756163     
   246.66782898828271       -6.0773258759502333       -232.91335776227390       -80.990442299651619        0.0000000000000000     

 PASSED   1.0000000000000001E-005
 MU_R    =    325.00000000000000     
 ALPHA_S =   0.11799999999999999     
 BORN                    3.6935941005076202E-010
 SINGLE POLE (MadFKS)   -8.3681840101418345E-011
 DOUBLE POLE (MadFKS)   -3.9307821343164207E-011
 SINGLE POLE (MadLoop)  -8.3681840101406544E-011
 DOUBLE POLE (MadLoop)  -3.9307821343164440E-011
 FINITE PART (MadLoop)   3.8299633454476552E-011
   325.00000000000000        0.0000000000000000        0.0000000000000000        325.00000000000000        0.0000000000000000     
   325.00000000000000        0.0000000000000000        0.0000000000000000       -325.00000000000000        0.0000000000000000     
   198.64190747116047        67.378443056713252       -87.082215577692210        165.33432960251983        0.0000000000000000     
   89.512453367930348       -1.7975136945237580       -63.381256947534972        63.182786581587642        0.0000000000000000     
   233.24837243948838       -139.64515948554563        96.446628918150637       -138.32882741453713        80.419002445756163     
   128.59726672142079        74.064230123356140        54.016843607076517       -90.188288769570377        0.0000000000000000     

 PASSED   1.0000000000000001E-005
 MU_R    =    325.00000000000000     
 ALPHA_S =   0.11799999999999999     
 BORN                    2.2651975925210265E-008
 SINGLE POLE (MadFKS)   -4.4499691365860473E-009
 DOUBLE POLE (MadFKS)   -2.4106596407424737E-009
 SINGLE POLE (MadLoop)  -4.4499691365859166E-009
 DOUBLE POLE (MadLoop)  -2.4106596407426015E-009
 FINITE PART (MadLoop)   3.1098126911749574E-009
   325.00000000000000        0.0000000000000000        0.0000000000000000        325.00000000000000        0.0000000000000000     
   325.00000000000000        0.0000000000000000        0.0000000000000000       -325.00000000000000        0.0000000000000000     
   126.78403885451658       -54.633925104666211       -55.620145467371586        99.978628486840734        0.0000000000000000     
   86.537697266622970       -64.694791690200404        19.385652655069318        54.106870612781385        0.0000000000000000     
Thanks for using LHAPDF 6.2.1. Please make sure to cite the paper:
  Eur.Phys.J. C75 (2015) 3, 132  (http://arxiv.org/abs/1412.7420)
   308.29307337961137        217.71863916736976       -32.025368963791479       -200.37557995254213        80.419002445756163     
   128.38519049924915       -98.389922372503150        68.259861776093757        46.290080852920006        0.0000000000000000     

 PASSED   1.0000000000000001E-005
 MU_R    =    325.00000000000000     
 ALPHA_S =   0.11799999999999999     
 BORN                    1.4499389302764564E-010
 SINGLE POLE (MadFKS)   -1.5927480261843047E-011
 DOUBLE POLE (MadFKS)   -1.5430482851911842E-011
 SINGLE POLE (MadLoop)  -1.5927480261840597E-011
 DOUBLE POLE (MadLoop)  -1.5430482851911761E-011
 FINITE PART (MadLoop)   1.8525141816182409E-011
   325.00000000000000        0.0000000000000000        0.0000000000000000        325.00000000000000        0.0000000000000000     
   325.00000000000000        0.0000000000000000        0.0000000000000000       -325.00000000000000        0.0000000000000000     
   82.465785853462350       -21.341666240283462       -42.463694227127206        67.394167337407637        0.0000000000000000     
   174.10351472375868       -146.59925676822729        63.256387744127856       -69.421330754559818        0.0000000000000000     
   131.22628691721809       -80.903280813343315        48.282799526420547       -43.319197213686948        80.419002445756163     
   262.20441250556087        248.84420382185405       -69.075493043421162        45.346360630839129        0.0000000000000000     

 NUMBER OF POINTS PASSING THE CHECK          20
 NUMBER OF POINTS FAILING THE CHECK           0
 TOLERANCE    1.0000000000000001E-005
