==== LHAPDF6 USING DEFAULT-TYPE LHAGLUE INTERFACE ====
LHAPDF 6.2.1 loading /cvmfs/cms.cern.ch/slc7_amd64_gcc700/external/lhapdf/6.2.1-pafccj3/share/LHAPDF/NNPDF31_nnlo_as_0118_nf_4_mc_hessian/NNPDF31_nnlo_as_0118_nf_4_mc_hessian_0000.dat
NNPDF31_nnlo_as_0118_nf_4_mc_hessian PDF set, member #0, version 1; LHAPDF ID = 325500
 A PDF is used, so alpha_s(MZ) is going to be modified
 Old value of alpha_s from param_card:   0.11799999999999999     
 New value of alpha_s from PDF lhapdf :  0.11266013434007299     
 *****************************************************
 *               MadGraph/MadEvent                   *
 *        --------------------------------           *
 *          http://madgraph.hep.uiuc.edu             *
 *          http://madgraph.phys.ucl.ac.be           *
 *          http://madgraph.roma2.infn.it            *
 *        --------------------------------           *
 *                                                   *
 *          PARAMETER AND COUPLING VALUES            *
 *                                                   *
 *****************************************************

  External Params
  ---------------------------------
  
 MU_R =    91.188000000000002     
 aEWM1 =    132.50700000000001     
 mdl_Gf =    1.1663900000000000E-005
 aS =   0.11799999999999999     
 mdl_ymb =    4.7000000000000002     
 mdl_ymt =    173.00000000000000     
 mdl_ymtau =    1.7769999999999999     
 mdl_MT =    173.00000000000000     
 mdl_MB =    4.7000000000000002     
 mdl_MZ =    91.188000000000002     
 mdl_MH =    125.00000000000000     
 mdl_MTA =    1.7769999999999999     
 mdl_WT =    1.4915000000000000     
 mdl_WZ =    2.4414039999999999     
 mdl_WW =    2.0476000000000001     
 mdl_WH =    6.3823389999999999E-003
  Internal Params
  ---------------------------------
  
 mdl_conjg__CKM3x3 =    1.0000000000000000     
 mdl_CKM22 =    1.0000000000000000     
 mdl_lhv =    1.0000000000000000     
 mdl_CKM3x3 =    1.0000000000000000     
 mdl_conjg__CKM22 =    1.0000000000000000     
 mdl_conjg__CKM33 =    1.0000000000000000     
 mdl_Ncol =    3.0000000000000000     
 mdl_CA =    3.0000000000000000     
 mdl_TF =   0.50000000000000000     
 mdl_CF =    1.3333333333333333     
 mdl_complexi =                (0.0000000000000000,1.0000000000000000)
 mdl_MZ__exp__2 =    8315.2513440000002     
 mdl_MZ__exp__4 =    69143404.913893804     
 mdl_sqrt__2 =    1.4142135623730951     
 mdl_MH__exp__2 =    15625.000000000000     
 mdl_Ncol__exp__2 =    9.0000000000000000     
 mdl_MB__exp__2 =    22.090000000000003     
 mdl_MT__exp__2 =    29929.000000000000     
 mdl_aEW =    7.5467711139788835E-003
 mdl_MW =    80.419002445756163     
 mdl_sqrt__aEW =    8.6872153846781555E-002
 mdl_ee =   0.30795376724436879     
 mdl_MW__exp__2 =    6467.2159543705357     
 mdl_sw2 =   0.22224648578577766     
 mdl_cw =   0.88190334743339216     
 mdl_sqrt__sw2 =   0.47143025548407230     
 mdl_sw =   0.47143025548407230     
 mdl_g1 =   0.34919219678733299     
 mdl_gw =   0.65323293034757990     
 mdl_v =    246.21845810181637     
 mdl_v__exp__2 =    60623.529110035903     
 mdl_lam =   0.12886910601690263     
 mdl_yb =    2.6995554250465490E-002
 mdl_yt =   0.99366614581500623     
 mdl_ytau =    1.0206617000654717E-002
 mdl_muH =    88.388347648318430     
 mdl_AxialZUp =  -0.18517701861793787     
 mdl_AxialZDown =   0.18517701861793787     
 mdl_VectorZUp =    7.5430507588273299E-002
 mdl_VectorZDown =  -0.13030376310310560     
 mdl_VectorAUp =   0.20530251149624587     
 mdl_VectorADown =  -0.10265125574812294     
 mdl_VectorWmDxU =   0.23095271737156670     
 mdl_AxialWmDxU =  -0.23095271737156670     
 mdl_VectorWpUxD =   0.23095271737156670     
 mdl_AxialWpUxD =  -0.23095271737156670     
 mdl_I1x33 =          (2.69955542504654901E-002,0.0000000000000000)
 mdl_I2x33 =               (0.99366614581500623,0.0000000000000000)
 mdl_I3x33 =               (0.99366614581500623,0.0000000000000000)
 mdl_I4x33 =          (2.69955542504654901E-002,0.0000000000000000)
 mdl_Vector_tbGp =              (-0.96667059156454072,0.0000000000000000)
 mdl_Axial_tbGp =              (-1.0206617000654716,-0.0000000000000000)
 mdl_Vector_tbGm =               (0.96667059156454072,0.0000000000000000)
 mdl_Axial_tbGm =              (-1.0206617000654716,-0.0000000000000000)
 mdl_gw__exp__2 =   0.42671326129048615     
 mdl_cw__exp__2 =   0.77775351421422245     
 mdl_ee__exp__2 =    9.4835522759998875E-002
 mdl_sw__exp__2 =   0.22224648578577769     
 mdl_yb__exp__2 =    7.2875994928982540E-004
 mdl_yt__exp__2 =   0.98737240933884918     
  Internal Params evaluated point by point
  ----------------------------------------
  
 mdl_sqrt__aS =   0.34351128074635334     
 mdl_G__exp__4 =    2.1987899468922913     
 mdl_G__exp__2 =    1.4828317324943823     
 mdl_R2MixedFactor_FIN_ =   -2.5040377713124864E-002
 mdl_G_UVg_1EPS_ =   -5.1645779033320030E-002
 mdl_G_UVq_1EPS_ =    3.1300472141406080E-003
 mdl_GWcft_UV_b_1EPS_ =   -3.1300472141406080E-003
 mdl_GWcft_UV_t_1EPS_ =   -3.1300472141406080E-003
 mdl_bWcft_UV_1EPS_ =   -1.8780283284843650E-002
 mdl_tWcft_UV_1EPS_ =   -1.8780283284843650E-002
 mdl_G__exp__3 =    1.8056676068262196     
 mdl_MU_R__exp__2 =    8315.2513440000002     
 mdl_G_UVb_FIN_ =    1.8563438626678915E-002
 mdl_G_UVt_FIN_ =   -4.0087659331150384E-003
 mdl_GWcft_UV_b_FIN_ =   -1.8563438626678915E-002
 mdl_GWcft_UV_t_FIN_ =    4.0087659331150384E-003
 mdl_bWcft_UV_FIN_ =  -0.13642100947319838     
 mdl_tWcft_UV_FIN_ =   -9.8778211443463623E-004
  Couplings of loop_sm
  ---------------------------------
  
      UV_GQQb =   0.00000E+00   0.22605E-01
      UV_GQQt =   0.00000E+00  -0.48815E-02
   UVWfct_G_2 =   0.40088E-02   0.00000E+00
   UVWfct_G_1 =  -0.18563E-01   0.00000E+00
       R2_DDA =   0.00000E+00   0.25704E-02
       R2_UUA =  -0.00000E+00  -0.51409E-02
    R2_UUZ_V2 =  -0.00000E+00  -0.72127E-02
    R2_UUZ_V5 =   0.00000E+00   0.68702E-03
      R2_sxcW =  -0.00000E+00  -0.11566E-01
      R2_GGHb =   0.00000E+00  -0.33698E-02
      R2_GGHt =   0.00000E+00  -0.45657E+01
     R2_GGZup =  -0.46369E-02   0.00000E+00
    R2_GGWWcs =   0.00000E+00   0.13356E-02
         GC_4 =  -0.12177E+01   0.00000E+00
         GC_5 =   0.00000E+00   0.12177E+01
       R2_GQQ =  -0.00000E+00  -0.30492E-01
       R2_QQq =   0.00000E+00   0.12520E-01
 UV_GQQg_1eps =   0.00000E+00  -0.62890E-01
 UV_GQQq_1eps =   0.00000E+00   0.38115E-02
 UVWfct_G_2_1eps -0.31300E-02   0.00000E+00
         GC_1 =  -0.00000E+00  -0.10265E+00
         GC_2 =   0.00000E+00   0.20530E+00
         GC_7 =   0.00000E+00   0.57609E+00
        GC_22 =   0.00000E+00   0.28804E+00
        GC_23 =  -0.00000E+00  -0.27437E-01
        GC_24 =   0.00000E+00   0.82310E-01
        GC_25 =   0.00000E+00   0.30795E+00
        GC_28 =   0.00000E+00   0.37035E+00
        GC_31 =   0.00000E+00   0.52532E+02
        GC_33 =  -0.00000E+00  -0.19089E-01
        GC_37 =  -0.00000E+00  -0.70263E+00
        GC_38 =  -0.00000E+00  -0.72172E-02
        GC_47 =   0.00000E+00   0.46191E+00

 Collider parameters:
 --------------------

 Running at P P   machine @    13000.000000000000       GeV
 PDF set = lhapdf 
 alpha_s(Mz)= 0.1127 running at 3 loops.
 alpha_s(Mz)= 0.1127 running at 3 loops.
 Renormalization scale set on event-by-event basis
 Factorization   scale set on event-by-event basis


 ===============================================================
 INFO: MadFKS read these parameters from FKS_params.dat
 ===============================================================
  > IRPoleCheckThreshold      =    1.0000000000000001E-005
  > PrecisionVirtualAtRunTime =    1.0000000000000000E-003
  > NHelForMCoverHels         =            4
  > VirtualFraction           =    1.0000000000000000     
  > MinVirtualFraction        =    5.0000000000000001E-003
 ===============================================================
  Insert the number of points to test
 Insert the relative tolerance
  A negative number will mean use the default one:    1.0000000000000001E-005
Using random seed offsets:     1 ,     63 ,      0
  with seed                   32
 Ranmar initialization seeds       10730        9469
  ========================================================================================== 
 {                                                                                          }
 {       [32m                                                                            [0m       }
 {       [32m                               ,,                                           [0m       }
 {       [32m`7MMM.     ,MMF'             `7MM  `7MMF'                                   [0m       }
 {       [32m  MMMb    dPMM                 MM    MM                                     [0m       }
 {       [32m  M YM   ,M MM   ,6"Yb.   ,M""bMM    MM         ,pW"Wq.   ,pW"Wq.`7MMpdMAo. [0m       }
 {       [32m  M  Mb  M' MM  8)   MM ,AP    MM    MM        6W'   `Wb 6W'   `Wb MM   `Wb [0m       }
 {       [32m  M  YM.P'  MM   ,pm9MM 8MI    MM    MM      , 8M     M8 8M     M8 MM    M8 [0m       }
 {       [32m  M  `YM'   MM  8M   MM `Mb    MM    MM     ,M YA.   ,A9 YA.   ,A9 MM   ,AP [0m       }
 {       [32m.JML. `'  .JMML.`Moo9^Yo.`Wbmd"MML..JMMmmmmMMM  `Ybmd9'   `Ybmd9'  MMbmmd'  [0m       }
 {       [32m                                                                   MM       [0m       }
 {       [32m                                                                 .JMML.     [0m       }
 {       [32m[0mv2.6.5 (2018-02-03), Ref: arXiv:1103.0621v2, arXiv:1405.0301[32m                [0m       }
 {       [32m                                                                            [0m       }
 {                                                                                          }
  ========================================================================================== 
 ===============================================================
 INFO: MadLoop read these parameters from ./MadLoop5_resources/MadLoopParams.dat                                                                                                                                                                                                                                                                                                                                                                                                                                                                                          
 ===============================================================
  > MLReductionLib            = 6|7|1
  > CTModeRun                 =           -1
  > MLStabThres               =    1.0000000000000000E-003
  > NRotations_DP             =            0
  > NRotations_QP             =            0
  > CTStabThres               =    1.0000000000000000E-002
  > CTLoopLibrary             =            2
  > CTModeInit                =            1
  > CheckCycle                =            3
  > MaxAttempts               =           10
  > UseLoopFilter             =  F
  > HelicityFilterLevel       =            2
  > ImprovePSPoint            =            2
  > DoubleCheckHelicityFilter =  T
  > LoopInitStartOver         =  F
  > HelInitStartOver          =  F
  > ZeroThres                 =    1.0000000000000001E-009
  > OSThres                   =    1.0000000000000000E-008
  > WriteOutFilters           =  T
  > UseQPIntegrandForNinja    =  T
  > UseQPIntegrandForCutTools =  T
  > IREGIMODE                 =            2
  > IREGIRECY                 =  T
  > COLLIERMode               =            1
  > COLLIERRequiredAccuracy   =    1.0000000000000000E-008
  > COLLIERCanOutput          =  F
  > COLLIERComputeUVpoles     =  T
  > COLLIERComputeIRpoles     =  T
  > COLLIERGlobalCache        =           -1
  > COLLIERUseCacheForPoles   =  F
  > COLLIERUseInternalStabilityTest =  T
 ===============================================================
  
------------------------------------------------------------------------
|              You are using CutTools - Version 1.9.3                  |
|              Authors: G. Ossola, C. Papadopoulos, R. Pittau          |
|              Published in JHEP 0803:042,2008                         |
|              http://www.ugr.es/~pittau/CutTools                      |
|                                                                      |
|              Compiler with  34  significant digits detetected        |
 ---------------------------------------------------------------------- 
   
########################################################################
#                                                                      #

  +----------------------------------------------------------------+
  |                                                                |
  |  Ninja - version 1.1.0                                         |
  |                                                                |
  |  Author: Tiziano Peraro                                        |
  |                                                                |
  |  Based on:                                                     |
  |                                                                |
  |      P. Mastrolia, E. Mirabella and T. Peraro,                 |
  |      "Integrand reduction of one-loop scattering amplitudes    |
  |      through Laurent series expansion,"                        |
  |      JHEP 1206 (2012) 095  [arXiv:1203.0291 [hep-ph]].         |
  |                                                                |
  |      T. Peraro,                                                |
  |      "Ninja: Automated Integrand Reduction via Laurent         |
  |      Expansion for One-Loop Amplitudes,"                       |
  |      Comput.Phys.Commun. 185 (2014) [arXiv:1403.1229 [hep-ph]] |
  |                                                                |
  +----------------------------------------------------------------+


#                      You are using OneLOop-3.6                       #
#                                                                      #
# for the evaluation of 1-loop scalar 1-, 2-, 3- and 4-point functions #
#                                                                      #
# author: Andreas van Hameren <hamerenREMOVETHIS@ifj.edu.pl>           #
#   date: 18-02-2015                                                   #
#                                                                      #
# Please cite                                                          #
#    A. van Hameren,                                                   #
#      Comput.Phys.Commun. 182 (2011) 2427-2438, arXiv:1007.4716       #
#    A. van Hameren, C.G. Papadopoulos and R. Pittau,                  #
#      JHEP 0909:106,2009, arXiv:0903.4665                             #
# in publications with results obtained with the help of this program. #
#                                                                      #
########################################################################
########################################################################
#                                                                      #
#                      You are using OneLOop-3.6                       #
#                                                                      #
# for the evaluation of 1-loop scalar 1-, 2-, 3- and 4-point functions #
#                                                                      #
# author: Andreas van Hameren <hamerenREMOVETHIS@ifj.edu.pl>           #
#   date: 18-02-2015                                                   #
#                                                                      #
# Please cite                                                          #
#    A. van Hameren,                                                   #
#      Comput.Phys.Commun. 182 (2011) 2427-2438, arXiv:1007.4716       #
#    A. van Hameren, C.G. Papadopoulos and R. Pittau,                  #
#      JHEP 0909:106,2009, arXiv:0903.4665                             #
# in publications with results obtained with the help of this program. #
#                                                                      #
########################################################################
 PASSED   1.0000000000000001E-005
 MU_R    =    325.00000000000000     
 ALPHA_S =   0.11799999999999999     
 BORN                    1.3499366762171044E-010
 SINGLE POLE (MadFKS)   -2.5815472704486843E-011
 DOUBLE POLE (MadFKS)   -1.4366242811042571E-011
 SINGLE POLE (MadLoop)  -2.5815472704485343E-011
 DOUBLE POLE (MadLoop)  -1.4366242811042558E-011
 FINITE PART (MadLoop)   2.1785851510011224E-011
   325.00000000000000        0.0000000000000000        0.0000000000000000        325.00000000000000        0.0000000000000000     
   325.00000000000000        0.0000000000000000        0.0000000000000000       -325.00000000000000        0.0000000000000000     
   226.31783616995105       -61.612443091863639       -194.67159530875588       -97.604507092883125        0.0000000000000000     
   139.14579868932293       -54.942392593932894        23.003699802070720        125.75260070614817        0.0000000000000000     
   136.16616119125527        16.658323249058128        95.830451514800572        51.117827890000576        80.419002445756163     
   148.37020394947069        99.896512436738462        75.837443991884527       -79.265921503265631        0.0000000000000000     

 PASSED   1.0000000000000001E-005
 MU_R    =    325.00000000000000     
 ALPHA_S =   0.11799999999999999     
 BORN                    1.6407764465246802E-011
 SINGLE POLE (MadFKS)   -2.3934416491615306E-012
 DOUBLE POLE (MadFKS)   -1.7461406334605146E-012
 SINGLE POLE (MadLoop)  -2.3934416491615762E-012
 DOUBLE POLE (MadLoop)  -1.7461406334605199E-012
 FINITE PART (MadLoop)   2.6571341381269076E-012
   325.00000000000000        0.0000000000000000        0.0000000000000000        325.00000000000000        0.0000000000000000     
   325.00000000000000        0.0000000000000000        0.0000000000000000       -325.00000000000000        0.0000000000000000     
   143.11585140940491       -12.759413233986418       -14.481970416435040        141.80838068118808        0.0000000000000000     
   168.81524294552403        119.43732700849861        119.29034688492419       -1.7675711854771012        0.0000000000000000     
   118.19960856729881       -42.121543801299467        71.322254271959963       -25.354350799285328        80.419002445756163     
   219.86929707777230       -64.556369973212711       -176.13063074044911       -114.68645869642563        0.0000000000000000     

 PASSED   1.0000000000000001E-005
 MU_R    =    325.00000000000000     
 ALPHA_S =   0.11799999999999999     
 BORN                    1.4985214078339892E-011
 SINGLE POLE (MadFKS)   -2.1962933181116672E-012
 DOUBLE POLE (MadFKS)   -1.5947505376930854E-012
 SINGLE POLE (MadLoop)  -2.1962933181116062E-012
 DOUBLE POLE (MadLoop)  -1.5947505376930818E-012
 FINITE PART (MadLoop)   1.9778264754427232E-012
   325.00000000000000        0.0000000000000000        0.0000000000000000        325.00000000000000        0.0000000000000000     
   325.00000000000000        0.0000000000000000        0.0000000000000000       -325.00000000000000        0.0000000000000000     
   127.65116403814258       -29.195547654651996        118.01049261319829        38.935373513400378        0.0000000000000000     
   124.86482885477670        9.1856343797996747       -43.878994071496585        116.53962195428166        0.0000000000000000     
   188.74983258908455       -158.11240797406046       -19.061653796124542       -61.614958794418214        80.419002445756163     
   208.73417451799614        178.12232124891273       -55.069844745577178       -93.860036673263835        0.0000000000000000     

 PASSED   1.0000000000000001E-005
 MU_R    =    325.00000000000000     
 ALPHA_S =   0.11799999999999999     
 BORN                    2.6638829021598238E-009
 SINGLE POLE (MadFKS)   -8.2840552126154766E-010
 DOUBLE POLE (MadFKS)   -2.8349469472787324E-010
 SINGLE POLE (MadLoop)  -8.2840552126157879E-010
 DOUBLE POLE (MadLoop)  -2.8349469472787608E-010
 FINITE PART (MadLoop)  -3.1550872529409413E-010
   325.00000000000000        0.0000000000000000        0.0000000000000000        325.00000000000000        0.0000000000000000     
   325.00000000000000        0.0000000000000000        0.0000000000000000       -325.00000000000000        0.0000000000000000     
   227.10137672464731        115.75791130285027       -34.521906100378423       -192.31063225996715        0.0000000000000000     
   256.06086145014007       -190.76900669733394       -28.140445637415002        168.47096536088372        0.0000000000000000     
   115.70416251604846        31.990403943493092        57.429203370026002        50.977817970034224        80.419002445756163     
   51.133599309164104        43.020691450990576        5.2331483677675052       -27.138151070950787        0.0000000000000000     

 PASSED   1.0000000000000001E-005
 MU_R    =    325.00000000000000     
 ALPHA_S =   0.11799999999999999     
 BORN                    3.8916923955313922E-009
 SINGLE POLE (MadFKS)   -1.0606765973555504E-009
 DOUBLE POLE (MadFKS)   -4.1416015199145763E-010
 SINGLE POLE (MadLoop)  -1.0606765973555479E-009
 DOUBLE POLE (MadLoop)  -4.1416015199146306E-010
 FINITE PART (MadLoop)   1.9240594896953064E-010
   325.00000000000000        0.0000000000000000        0.0000000000000000        325.00000000000000        0.0000000000000000     
   325.00000000000000        0.0000000000000000        0.0000000000000000       -325.00000000000000        0.0000000000000000     
   20.259098567945884       -6.0671587670768279       -18.301383064535543        6.2193277133434117        0.0000000000000000     
   233.04578481107930        151.62611498564635       -167.87299580993195        56.022462908818930        0.0000000000000000     
   298.94190399560426       -204.31933169714807        202.36475304409561        14.183209452713834        80.419002445756163     
   97.753212625370580        58.760375478578567       -16.190374169628054       -76.425000074876124        0.0000000000000000     

 PASSED   1.0000000000000001E-005
 MU_R    =    325.00000000000000     
 ALPHA_S =   0.11799999999999999     
 BORN                    1.1760678853202073E-010
 SINGLE POLE (MadFKS)   -3.2078266954786077E-011
 DOUBLE POLE (MadFKS)   -1.2515903227494953E-011
 SINGLE POLE (MadLoop)  -3.2078266954786465E-011
 DOUBLE POLE (MadLoop)  -1.2515903227495102E-011
 FINITE PART (MadLoop)   2.8559660639147916E-012
   325.00000000000000        0.0000000000000000        0.0000000000000000        325.00000000000000        0.0000000000000000     
   325.00000000000000        0.0000000000000000        0.0000000000000000       -325.00000000000000        0.0000000000000000     
   74.654538037839984        54.011929902131961        45.094599301653993       -24.949721275271667        0.0000000000000000     
   240.29808476687725       -38.477640945319813       -183.91361958066005        149.79459677389104        0.0000000000000000     
   249.64610498692710       -75.159929628170261        126.74046470780594       -184.78041390989242        80.419002445756163     
   85.401272208355749        59.625640671358099        12.078555571200159        59.935538411273086        0.0000000000000000     

 PASSED   1.0000000000000001E-005
 MU_R    =    325.00000000000000     
 ALPHA_S =   0.11799999999999999     
 BORN                    2.2747520829433667E-011
 SINGLE POLE (MadFKS)   -7.6568852722938336E-012
 DOUBLE POLE (MadFKS)   -2.4208276828263263E-012
 SINGLE POLE (MadLoop)  -7.6568852722931696E-012
 DOUBLE POLE (MadLoop)  -2.4208276828263267E-012
 FINITE PART (MadLoop)  -4.8150470578025884E-012
   325.00000000000000        0.0000000000000000        0.0000000000000000        325.00000000000000        0.0000000000000000     
   325.00000000000000        0.0000000000000000        0.0000000000000000       -325.00000000000000        0.0000000000000000     
   204.66175591169997        99.987256769140657       -102.65512423813998        146.11950001383883        0.0000000000000000     
   237.13859709866099       -89.511690558127569        218.60885161642318       -20.797631651122238        0.0000000000000000     
   173.60134141515613       -21.434669947088725       -83.217188539207427       -127.61529783948492        80.419002445756163     
   34.598305574482879        10.959103736075642       -32.736538839075763        2.2934294767683285        0.0000000000000000     

 PASSED   1.0000000000000001E-005
 MU_R    =    325.00000000000000     
 ALPHA_S =   0.11799999999999999     
 BORN                    1.6636287736712086E-009
 SINGLE POLE (MadFKS)   -3.9278355637296847E-010
 DOUBLE POLE (MadFKS)   -1.7704604468538657E-010
 SINGLE POLE (MadLoop)  -3.9278355637054323E-010
 DOUBLE POLE (MadLoop)  -1.7704604468538360E-010
 FINITE PART (MadLoop)   1.5164203213761193E-010
   325.00000000000000        0.0000000000000000        0.0000000000000000        325.00000000000000        0.0000000000000000     
   325.00000000000000        0.0000000000000000        0.0000000000000000       -325.00000000000000        0.0000000000000000     
   38.267395399173672       -26.356711987227424        27.699332204835525       -1.5698023013113578        0.0000000000000000     
   281.74016289552992       -276.07710127211976        52.191029768768090        20.857851117960653        0.0000000000000000     
   242.36370353240102        220.99104709929529       -58.412298375548168        4.8897173756779369        80.419002445756163     
   87.628738172895368        81.442766160051903       -21.478063598055485       -24.177766192327226        0.0000000000000000     

 PASSED   1.0000000000000001E-005
 MU_R    =    325.00000000000000     
 ALPHA_S =   0.11799999999999999     
 BORN                    1.9340106614599594E-011
 SINGLE POLE (MadFKS)   -3.2867657638680425E-012
 DOUBLE POLE (MadFKS)   -2.0582051922271333E-012
 SINGLE POLE (MadLoop)  -3.2867657638675235E-012
 DOUBLE POLE (MadLoop)  -2.0582051922270533E-012
 FINITE PART (MadLoop)   2.9101301354020542E-012
   325.00000000000000        0.0000000000000000        0.0000000000000000        325.00000000000000        0.0000000000000000     
   325.00000000000000        0.0000000000000000        0.0000000000000000       -325.00000000000000        0.0000000000000000     
   149.87498402942731        149.52535942363303        9.9016421412633218       -2.5758901298025592        0.0000000000000000     
   137.36917355453008       -99.848802796784469        90.664890971186765       -26.084170837622334        0.0000000000000000     
   161.77346226774668        87.623661144190820       -36.518119934761067       -103.40192485559420        80.419002445756163     
   200.98238014829587       -137.30021777103937       -64.048413177689028        132.06198582301911        0.0000000000000000     

 PASSED   1.0000000000000001E-005
 MU_R    =    325.00000000000000     
 ALPHA_S =   0.11799999999999999     
 BORN                    3.5932533258399954E-011
 SINGLE POLE (MadFKS)   -5.1019149957258480E-012
 DOUBLE POLE (MadFKS)   -3.8239978711639639E-012
 SINGLE POLE (MadLoop)  -5.1019149957387929E-012
 DOUBLE POLE (MadLoop)  -3.8239978711639970E-012
 FINITE PART (MadLoop)   6.9291670221729975E-012
   325.00000000000000        0.0000000000000000        0.0000000000000000        325.00000000000000        0.0000000000000000     
   325.00000000000000        0.0000000000000000        0.0000000000000000       -325.00000000000000        0.0000000000000000     
   129.11306298034856       -122.63531663078648        27.659676864129242        29.422855449567642        0.0000000000000000     
   121.16422560259218        90.515301226930120       -1.9520838555697329       -80.522910890595483        0.0000000000000000     
   203.31227341145001        100.03252495134595        156.20054810128175        21.530148398910335        80.419002445756163     
   196.41043800560917       -67.912509547489606       -181.90814110984124        29.569907042117638        0.0000000000000000     

 PASSED   1.0000000000000001E-005
 MU_R    =    325.00000000000000     
 ALPHA_S =   0.11799999999999999     
 BORN                    5.8524756677234895E-011
 SINGLE POLE (MadFKS)   -7.6031938857831663E-012
 DOUBLE POLE (MadFKS)   -6.2282985542584252E-012
 SINGLE POLE (MadLoop)  -7.6031938857848142E-012
 DOUBLE POLE (MadLoop)  -6.2282985542584179E-012
 FINITE PART (MadLoop)   7.7961285684966384E-012
   325.00000000000000        0.0000000000000000        0.0000000000000000        325.00000000000000        0.0000000000000000     
   325.00000000000000        0.0000000000000000        0.0000000000000000       -325.00000000000000        0.0000000000000000     
   154.18527918243527       -67.748527226340016       -131.59392905797708       -43.200407524830830        0.0000000000000000     
   117.58027709186449        116.45459084729993        12.913660295795179       -9.8329654404161175        0.0000000000000000     
   141.67540685973793        102.20105354848778       -36.041282408915762       -43.135548801443079        80.419002445756163     
   236.55903686596233       -150.90711716944764        154.72155117109764        96.168921766690232        0.0000000000000000     

 PASSED   1.0000000000000001E-005
 MU_R    =    325.00000000000000     
 ALPHA_S =   0.11799999999999999     
 BORN                    1.3812853965104878E-009
 SINGLE POLE (MadFKS)   -4.3972307747398012E-010
 DOUBLE POLE (MadFKS)   -1.4699860924754574E-010
 SINGLE POLE (MadLoop)  -4.3972307747403957E-010
 DOUBLE POLE (MadLoop)  -1.4699860924754406E-010
 FINITE PART (MadLoop)  -1.8055568150846113E-010
   325.00000000000000        0.0000000000000000        0.0000000000000000        325.00000000000000        0.0000000000000000     
   325.00000000000000        0.0000000000000000        0.0000000000000000       -325.00000000000000        0.0000000000000000     
   282.40695816777935        156.43488539428535       -125.42349456397918       -198.87373799628284        0.0000000000000000     
   176.46342695647499       -88.891031823125857        96.243582356096638        118.21547432510030        0.0000000000000000     
   118.93905399742854       -52.563266960644349        66.909883707158102        20.963135265300828        80.419002445756163     
   72.190560878317058       -14.980586610515189       -37.729971499275578        59.695128405881711        0.0000000000000000     

 PASSED   1.0000000000000001E-005
 MU_R    =    325.00000000000000     
 ALPHA_S =   0.11799999999999999     
 BORN                    6.7438704364458418E-010
 SINGLE POLE (MadFKS)   -1.2782308716820620E-010
 DOUBLE POLE (MadFKS)   -7.1769351765216547E-011
 SINGLE POLE (MadLoop)  -1.2782308716646189E-010
 DOUBLE POLE (MadLoop)  -7.1769351765215655E-011
 FINITE PART (MadLoop)   1.4060564989837492E-010
   325.00000000000000        0.0000000000000000        0.0000000000000000        325.00000000000000        0.0000000000000000     
   325.00000000000000        0.0000000000000000        0.0000000000000000       -325.00000000000000        0.0000000000000000     
   201.80572261902248       -65.107879998004705        81.024344394888999       -172.97852253771200        0.0000000000000000     
   167.08180063879757        166.32834796972065        7.4751230313974180        13.976097525128877        0.0000000000000000     
   81.340009719622131      -0.11950865924762610       -11.106436327785921        5.0610292031254849        80.419002445756163     
   199.77246702255778       -101.10095931246833       -77.393031098500487        153.94139580945765        0.0000000000000000     

 PASSED   1.0000000000000001E-005
 MU_R    =    325.00000000000000     
 ALPHA_S =   0.11799999999999999     
 BORN                    2.0703994582986797E-010
 SINGLE POLE (MadFKS)   -2.7839843106808712E-011
 DOUBLE POLE (MadFKS)   -2.2033523392460419E-011
 SINGLE POLE (MadLoop)  -2.7839843106808421E-011
 DOUBLE POLE (MadLoop)  -2.2033523392460561E-011
 FINITE PART (MadLoop)   4.1463460978829804E-011
   325.00000000000000        0.0000000000000000        0.0000000000000000        325.00000000000000        0.0000000000000000     
   325.00000000000000        0.0000000000000000        0.0000000000000000       -325.00000000000000        0.0000000000000000     
   180.01610356690682        36.246164073850480        30.756633077547871       -173.62615775013830        0.0000000000000000     
   134.65513369088063        94.051977694430391       -42.394480023291003        86.538653702435667        0.0000000000000000     
   118.46059312077502        68.646997762598502       -47.582381446724497        24.273500822820615        80.419002445756163     
   216.86816962143754       -198.94513953087935        59.220228392467661        62.814003224882100        0.0000000000000000     

 PASSED   1.0000000000000001E-005
 MU_R    =    325.00000000000000     
 ALPHA_S =   0.11799999999999999     
 BORN                    4.0958768992912714E-010
 SINGLE POLE (MadFKS)   -8.7102378659823716E-011
 DOUBLE POLE (MadFKS)   -4.3588979465504349E-011
 SINGLE POLE (MadLoop)  -8.7102378659822553E-011
 DOUBLE POLE (MadLoop)  -4.3588979465504162E-011
 FINITE PART (MadLoop)   7.0708517362421480E-011
   325.00000000000000        0.0000000000000000        0.0000000000000000        325.00000000000000        0.0000000000000000     
   325.00000000000000        0.0000000000000000        0.0000000000000000       -325.00000000000000        0.0000000000000000     
   139.55846948046937        89.884645620809437       -11.186331917050488       -106.17053670201628        0.0000000000000000     
   170.78128091516666       -148.89276086815619       -42.867348037467764       -71.830231409328832        0.0000000000000000     
   196.41102712819855        158.71123463790656        25.521281011383365        79.180072230535231        80.419002445756163     
   143.24922247616541       -99.703119390559777        28.532398943134847        98.820695880809893        0.0000000000000000     

 PASSED   1.0000000000000001E-005
 MU_R    =    325.00000000000000     
 ALPHA_S =   0.11799999999999999     
 BORN                    2.9972510230129874E-008
 SINGLE POLE (MadFKS)   -6.8811548219768251E-009
 DOUBLE POLE (MadFKS)   -3.1897226529850422E-009
 SINGLE POLE (MadLoop)  -6.8811548219768946E-009
 DOUBLE POLE (MadLoop)  -3.1897226529850997E-009
 FINITE PART (MadLoop)   5.1418382575558709E-009
   325.00000000000000        0.0000000000000000        0.0000000000000000        325.00000000000000        0.0000000000000000     
   325.00000000000000        0.0000000000000000        0.0000000000000000       -325.00000000000000        0.0000000000000000     
   186.07483286054591       -68.591610800015872        17.821399851080624       -172.05066712828270        0.0000000000000000     
   50.357297471521250       -38.368734928974938        30.956833300081914       -10.265089411022091        0.0000000000000000     
   171.44527804403023        141.31429591815422        33.587773518056622       -42.759778396062451        80.419002445756163     
   242.12259162390257       -34.353950189163420       -82.366006669219104        225.07553493536724        0.0000000000000000     

 PASSED   1.0000000000000001E-005
 MU_R    =    325.00000000000000     
 ALPHA_S =   0.11799999999999999     
 BORN                    9.2004825203195954E-011
 SINGLE POLE (MadFKS)   -2.3088426284973202E-011
 DOUBLE POLE (MadFKS)   -9.7913011917017410E-012
 SINGLE POLE (MadLoop)  -2.3088426284971854E-011
 DOUBLE POLE (MadLoop)  -9.7913011917017249E-012
 FINITE PART (MadLoop)   7.7747774462503477E-012
   325.00000000000000        0.0000000000000000        0.0000000000000000        325.00000000000000        0.0000000000000000     
   325.00000000000000        0.0000000000000000        0.0000000000000000       -325.00000000000000        0.0000000000000000     
   66.040386339896230        6.6677945289837792        20.143790294559686        62.538794812586609        0.0000000000000000     
   242.01685399999414        78.610164297247735        227.34756154559176       -26.564750111521885        0.0000000000000000     
   235.46636613759088       -119.23366108867116       -181.93410316191279        40.749353341295219        80.419002445756163     
   106.47639352251875        33.955702262439672       -65.557248678238793       -76.723398042359833        0.0000000000000000     

 PASSED   1.0000000000000001E-005
 MU_R    =    325.00000000000000     
 ALPHA_S =   0.11799999999999999     
 BORN                    1.0212943118513347E-010
 SINGLE POLE (MadFKS)   -1.4216198732654658E-011
 DOUBLE POLE (MadFKS)   -1.0868778013134926E-011
 SINGLE POLE (MadLoop)  -1.4216198732654742E-011
 DOUBLE POLE (MadLoop)  -1.0868778013134962E-011
 FINITE PART (MadLoop)   1.6122760912337114E-011
   325.00000000000000        0.0000000000000000        0.0000000000000000        325.00000000000000        0.0000000000000000     
   325.00000000000000        0.0000000000000000        0.0000000000000000       -325.00000000000000        0.0000000000000000     
   124.58389360791067        48.626592875210854        47.875556520594948       -104.23306624914672        0.0000000000000000     
   131.19480071533849        69.868773012436506       -63.769533319607085        90.905868417135352        0.0000000000000000     
   190.58070332155302        7.4144742260419427        170.04353760693405       -29.732295811757080        80.419002445756163     
   203.64060235519770       -125.90984011368930       -154.14956080792189        43.059493643768477        0.0000000000000000     

 PASSED   1.0000000000000001E-005
 MU_R    =    325.00000000000000     
 ALPHA_S =   0.11799999999999999     
 BORN                    1.2112383635850551E-010
 SINGLE POLE (MadFKS)   -4.0214740240401962E-011
 DOUBLE POLE (MadFKS)   -1.2890193103038744E-011
 SINGLE POLE (MadLoop)  -4.0214740240395752E-011
 DOUBLE POLE (MadLoop)  -1.2890193103038947E-011
 FINITE PART (MadLoop)  -3.5331323643694728E-011
   325.00000000000000        0.0000000000000000        0.0000000000000000        325.00000000000000        0.0000000000000000     
   325.00000000000000        0.0000000000000000        0.0000000000000000       -325.00000000000000        0.0000000000000000     
   129.87695113291224       -105.30349791357531        75.938163548187376       -3.5483911389894836        0.0000000000000000     
   272.09728440909680        89.385799401980790       -196.65070532361159        165.45576793753619        0.0000000000000000     
Thanks for using LHAPDF 6.2.1. Please make sure to cite the paper:
  Eur.Phys.J. C75 (2015) 3, 132  (http://arxiv.org/abs/1412.7420)
   211.04387484328373       -8.5849786803714121        94.396183384673549       -170.55192715991743        80.419002445756163     
   36.981889614707327        24.502677191965951        26.316358390750693        8.6445503613706247        0.0000000000000000     

 PASSED   1.0000000000000001E-005
 MU_R    =    325.00000000000000     
 ALPHA_S =   0.11799999999999999     
 BORN                    1.5911374524278670E-011
 SINGLE POLE (MadFKS)   -5.6313846989900598E-012
 DOUBLE POLE (MadFKS)   -1.6933140190974541E-012
 SINGLE POLE (MadLoop)  -5.6313846989919274E-012
 DOUBLE POLE (MadLoop)  -1.6933140190973961E-012
 FINITE PART (MadLoop)  -3.6915537386068643E-012
   325.00000000000000        0.0000000000000000        0.0000000000000000        325.00000000000000        0.0000000000000000     
   325.00000000000000        0.0000000000000000        0.0000000000000000       -325.00000000000000        0.0000000000000000     
   203.26990916145530        101.59133552259638        69.926620411402197        161.58008625780968        0.0000000000000000     
   204.39333334097847       -180.44354837518864       -91.888543142462808        27.807484660844256        0.0000000000000000     
   212.72852442755536        49.487861373377022        25.720198873010926       -188.87994096085652        80.419002445756163     
   29.608233070010915        29.364351479215088       -3.7582761419503514      -0.50762995779739828        0.0000000000000000     

 NUMBER OF POINTS PASSING THE CHECK          20
 NUMBER OF POINTS FAILING THE CHECK           0
 TOLERANCE    1.0000000000000001E-005
