==== LHAPDF6 USING DEFAULT-TYPE LHAGLUE INTERFACE ====
LHAPDF 6.2.1 loading /cvmfs/cms.cern.ch/slc7_amd64_gcc700/external/lhapdf/6.2.1-pafccj3/share/LHAPDF/NNPDF31_nnlo_as_0118_nf_4_mc_hessian/NNPDF31_nnlo_as_0118_nf_4_mc_hessian_0000.dat
NNPDF31_nnlo_as_0118_nf_4_mc_hessian PDF set, member #0, version 1; LHAPDF ID = 325500
 A PDF is used, so alpha_s(MZ) is going to be modified
 Old value of alpha_s from param_card:   0.11799999999999999     
 New value of alpha_s from PDF lhapdf :  0.11266013434007299     
 *****************************************************
 *               MadGraph/MadEvent                   *
 *        --------------------------------           *
 *          http://madgraph.hep.uiuc.edu             *
 *          http://madgraph.phys.ucl.ac.be           *
 *          http://madgraph.roma2.infn.it            *
 *        --------------------------------           *
 *                                                   *
 *          PARAMETER AND COUPLING VALUES            *
 *                                                   *
 *****************************************************

  External Params
  ---------------------------------
  
 MU_R =    91.188000000000002     
 aEWM1 =    132.50700000000001     
 mdl_Gf =    1.1663900000000000E-005
 aS =   0.11799999999999999     
 mdl_ymb =    4.7000000000000002     
 mdl_ymt =    173.00000000000000     
 mdl_ymtau =    1.7769999999999999     
 mdl_MT =    173.00000000000000     
 mdl_MB =    4.7000000000000002     
 mdl_MZ =    91.188000000000002     
 mdl_MH =    125.00000000000000     
 mdl_MTA =    1.7769999999999999     
 mdl_WT =    1.4915000000000000     
 mdl_WZ =    2.4414039999999999     
 mdl_WW =    2.0476000000000001     
 mdl_WH =    6.3823389999999999E-003
  Internal Params
  ---------------------------------
  
 mdl_conjg__CKM3x3 =    1.0000000000000000     
 mdl_CKM22 =    1.0000000000000000     
 mdl_lhv =    1.0000000000000000     
 mdl_CKM3x3 =    1.0000000000000000     
 mdl_conjg__CKM22 =    1.0000000000000000     
 mdl_conjg__CKM33 =    1.0000000000000000     
 mdl_Ncol =    3.0000000000000000     
 mdl_CA =    3.0000000000000000     
 mdl_TF =   0.50000000000000000     
 mdl_CF =    1.3333333333333333     
 mdl_complexi =                (0.0000000000000000,1.0000000000000000)
 mdl_MZ__exp__2 =    8315.2513440000002     
 mdl_MZ__exp__4 =    69143404.913893804     
 mdl_sqrt__2 =    1.4142135623730951     
 mdl_MH__exp__2 =    15625.000000000000     
 mdl_Ncol__exp__2 =    9.0000000000000000     
 mdl_MB__exp__2 =    22.090000000000003     
 mdl_MT__exp__2 =    29929.000000000000     
 mdl_aEW =    7.5467711139788835E-003
 mdl_MW =    80.419002445756163     
 mdl_sqrt__aEW =    8.6872153846781555E-002
 mdl_ee =   0.30795376724436879     
 mdl_MW__exp__2 =    6467.2159543705357     
 mdl_sw2 =   0.22224648578577766     
 mdl_cw =   0.88190334743339216     
 mdl_sqrt__sw2 =   0.47143025548407230     
 mdl_sw =   0.47143025548407230     
 mdl_g1 =   0.34919219678733299     
 mdl_gw =   0.65323293034757990     
 mdl_v =    246.21845810181637     
 mdl_v__exp__2 =    60623.529110035903     
 mdl_lam =   0.12886910601690263     
 mdl_yb =    2.6995554250465490E-002
 mdl_yt =   0.99366614581500623     
 mdl_ytau =    1.0206617000654717E-002
 mdl_muH =    88.388347648318430     
 mdl_AxialZUp =  -0.18517701861793787     
 mdl_AxialZDown =   0.18517701861793787     
 mdl_VectorZUp =    7.5430507588273299E-002
 mdl_VectorZDown =  -0.13030376310310560     
 mdl_VectorAUp =   0.20530251149624587     
 mdl_VectorADown =  -0.10265125574812294     
 mdl_VectorWmDxU =   0.23095271737156670     
 mdl_AxialWmDxU =  -0.23095271737156670     
 mdl_VectorWpUxD =   0.23095271737156670     
 mdl_AxialWpUxD =  -0.23095271737156670     
 mdl_I1x33 =          (2.69955542504654901E-002,0.0000000000000000)
 mdl_I2x33 =               (0.99366614581500623,0.0000000000000000)
 mdl_I3x33 =               (0.99366614581500623,0.0000000000000000)
 mdl_I4x33 =          (2.69955542504654901E-002,0.0000000000000000)
 mdl_Vector_tbGp =              (-0.96667059156454072,0.0000000000000000)
 mdl_Axial_tbGp =              (-1.0206617000654716,-0.0000000000000000)
 mdl_Vector_tbGm =               (0.96667059156454072,0.0000000000000000)
 mdl_Axial_tbGm =              (-1.0206617000654716,-0.0000000000000000)
 mdl_gw__exp__2 =   0.42671326129048615     
 mdl_cw__exp__2 =   0.77775351421422245     
 mdl_ee__exp__2 =    9.4835522759998875E-002
 mdl_sw__exp__2 =   0.22224648578577769     
 mdl_yb__exp__2 =    7.2875994928982540E-004
 mdl_yt__exp__2 =   0.98737240933884918     
  Internal Params evaluated point by point
  ----------------------------------------
  
 mdl_sqrt__aS =   0.34351128074635334     
 mdl_G__exp__4 =    2.1987899468922913     
 mdl_G__exp__2 =    1.4828317324943823     
 mdl_R2MixedFactor_FIN_ =   -2.5040377713124864E-002
 mdl_G_UVg_1EPS_ =   -5.1645779033320030E-002
 mdl_G_UVq_1EPS_ =    3.1300472141406080E-003
 mdl_GWcft_UV_b_1EPS_ =   -3.1300472141406080E-003
 mdl_GWcft_UV_t_1EPS_ =   -3.1300472141406080E-003
 mdl_bWcft_UV_1EPS_ =   -1.8780283284843650E-002
 mdl_tWcft_UV_1EPS_ =   -1.8780283284843650E-002
 mdl_G__exp__3 =    1.8056676068262196     
 mdl_MU_R__exp__2 =    8315.2513440000002     
 mdl_G_UVb_FIN_ =    1.8563438626678915E-002
 mdl_G_UVt_FIN_ =   -4.0087659331150384E-003
 mdl_GWcft_UV_b_FIN_ =   -1.8563438626678915E-002
 mdl_GWcft_UV_t_FIN_ =    4.0087659331150384E-003
 mdl_bWcft_UV_FIN_ =  -0.13642100947319838     
 mdl_tWcft_UV_FIN_ =   -9.8778211443463623E-004
  Couplings of loop_sm
  ---------------------------------
  
      UV_GQQb =   0.00000E+00   0.22605E-01
      UV_GQQt =   0.00000E+00  -0.48815E-02
   UVWfct_G_2 =   0.40088E-02   0.00000E+00
   UVWfct_G_1 =  -0.18563E-01   0.00000E+00
       R2_DDA =   0.00000E+00   0.25704E-02
       R2_UUA =  -0.00000E+00  -0.51409E-02
    R2_UUZ_V2 =  -0.00000E+00  -0.72127E-02
    R2_UUZ_V5 =   0.00000E+00   0.68702E-03
      R2_sxcW =  -0.00000E+00  -0.11566E-01
      R2_GGHb =   0.00000E+00  -0.33698E-02
      R2_GGHt =   0.00000E+00  -0.45657E+01
     R2_GGZup =  -0.46369E-02   0.00000E+00
    R2_GGWWcs =   0.00000E+00   0.13356E-02
         GC_4 =  -0.12177E+01   0.00000E+00
         GC_5 =   0.00000E+00   0.12177E+01
       R2_GQQ =  -0.00000E+00  -0.30492E-01
       R2_QQq =   0.00000E+00   0.12520E-01
 UV_GQQg_1eps =   0.00000E+00  -0.62890E-01
 UV_GQQq_1eps =   0.00000E+00   0.38115E-02
 UVWfct_G_2_1eps -0.31300E-02   0.00000E+00
         GC_1 =  -0.00000E+00  -0.10265E+00
         GC_2 =   0.00000E+00   0.20530E+00
         GC_7 =   0.00000E+00   0.57609E+00
        GC_22 =   0.00000E+00   0.28804E+00
        GC_23 =  -0.00000E+00  -0.27437E-01
        GC_24 =   0.00000E+00   0.82310E-01
        GC_25 =   0.00000E+00   0.30795E+00
        GC_28 =   0.00000E+00   0.37035E+00
        GC_31 =   0.00000E+00   0.52532E+02
        GC_33 =  -0.00000E+00  -0.19089E-01
        GC_37 =  -0.00000E+00  -0.70263E+00
        GC_38 =  -0.00000E+00  -0.72172E-02
        GC_47 =   0.00000E+00   0.46191E+00

 Collider parameters:
 --------------------

 Running at P P   machine @    13000.000000000000       GeV
 PDF set = lhapdf 
 alpha_s(Mz)= 0.1127 running at 3 loops.
 alpha_s(Mz)= 0.1127 running at 3 loops.
 Renormalization scale set on event-by-event basis
 Factorization   scale set on event-by-event basis


 ===============================================================
 INFO: MadFKS read these parameters from FKS_params.dat
 ===============================================================
  > IRPoleCheckThreshold      =    1.0000000000000001E-005
  > PrecisionVirtualAtRunTime =    1.0000000000000000E-003
  > NHelForMCoverHels         =            4
  > VirtualFraction           =    1.0000000000000000     
  > MinVirtualFraction        =    5.0000000000000001E-003
 ===============================================================
  Insert the number of points to test
 Insert the relative tolerance
  A negative number will mean use the default one:    1.0000000000000001E-005
Using random seed offsets:     1 ,     30 ,      0
  with seed                   32
 Ranmar initialization seeds       10730        9436
  ========================================================================================== 
 {                                                                                          }
 {       [32m                                                                            [0m       }
 {       [32m                               ,,                                           [0m       }
 {       [32m`7MMM.     ,MMF'             `7MM  `7MMF'                                   [0m       }
 {       [32m  MMMb    dPMM                 MM    MM                                     [0m       }
 {       [32m  M YM   ,M MM   ,6"Yb.   ,M""bMM    MM         ,pW"Wq.   ,pW"Wq.`7MMpdMAo. [0m       }
 {       [32m  M  Mb  M' MM  8)   MM ,AP    MM    MM        6W'   `Wb 6W'   `Wb MM   `Wb [0m       }
 {       [32m  M  YM.P'  MM   ,pm9MM 8MI    MM    MM      , 8M     M8 8M     M8 MM    M8 [0m       }
 {       [32m  M  `YM'   MM  8M   MM `Mb    MM    MM     ,M YA.   ,A9 YA.   ,A9 MM   ,AP [0m       }
 {       [32m.JML. `'  .JMML.`Moo9^Yo.`Wbmd"MML..JMMmmmmMMM  `Ybmd9'   `Ybmd9'  MMbmmd'  [0m       }
 {       [32m                                                                   MM       [0m       }
 {       [32m                                                                 .JMML.     [0m       }
 {       [32m[0mv2.6.5 (2018-02-03), Ref: arXiv:1103.0621v2, arXiv:1405.0301[32m                [0m       }
 {       [32m                                                                            [0m       }
 {                                                                                          }
  ========================================================================================== 
 ===============================================================
 INFO: MadLoop read these parameters from ./MadLoop5_resources/MadLoopParams.dat                                                                                                                                                                                                                                                                                                                                                                                                                                                                                          
 ===============================================================
  > MLReductionLib            = 6|7|1
  > CTModeRun                 =           -1
  > MLStabThres               =    1.0000000000000000E-003
  > NRotations_DP             =            0
  > NRotations_QP             =            0
  > CTStabThres               =    1.0000000000000000E-002
  > CTLoopLibrary             =            2
  > CTModeInit                =            1
  > CheckCycle                =            3
  > MaxAttempts               =           10
  > UseLoopFilter             =  F
  > HelicityFilterLevel       =            2
  > ImprovePSPoint            =            2
  > DoubleCheckHelicityFilter =  T
  > LoopInitStartOver         =  F
  > HelInitStartOver          =  F
  > ZeroThres                 =    1.0000000000000001E-009
  > OSThres                   =    1.0000000000000000E-008
  > WriteOutFilters           =  T
  > UseQPIntegrandForNinja    =  T
  > UseQPIntegrandForCutTools =  T
  > IREGIMODE                 =            2
  > IREGIRECY                 =  T
  > COLLIERMode               =            1
  > COLLIERRequiredAccuracy   =    1.0000000000000000E-008
  > COLLIERCanOutput          =  F
  > COLLIERComputeUVpoles     =  T
  > COLLIERComputeIRpoles     =  T
  > COLLIERGlobalCache        =           -1
  > COLLIERUseCacheForPoles   =  F
  > COLLIERUseInternalStabilityTest =  T
 ===============================================================
  
------------------------------------------------------------------------
|              You are using CutTools - Version 1.9.3                  |
|              Authors: G. Ossola, C. Papadopoulos, R. Pittau          |
|              Published in JHEP 0803:042,2008                         |
|              http://www.ugr.es/~pittau/CutTools                      |
|                                                                      |
|              Compiler with  34  significant digits detetected        |
 ---------------------------------------------------------------------- 
   
########################################################################
#                                                                      #

  +----------------------------------------------------------------+
  |                                                                |
  |  Ninja - version 1.1.0                                         |
  |                                                                |
  |  Author: Tiziano Peraro                                        |
  |                                                                |
  |  Based on:                                                     |
  |                                                                |
  |      P. Mastrolia, E. Mirabella and T. Peraro,                 |
  |      "Integrand reduction of one-loop scattering amplitudes    |
  |      through Laurent series expansion,"                        |
  |      JHEP 1206 (2012) 095  [arXiv:1203.0291 [hep-ph]].         |
  |                                                                |
  |      T. Peraro,                                                |
  |      "Ninja: Automated Integrand Reduction via Laurent         |
  |      Expansion for One-Loop Amplitudes,"                       |
  |      Comput.Phys.Commun. 185 (2014) [arXiv:1403.1229 [hep-ph]] |
  |                                                                |
  +----------------------------------------------------------------+


#                      You are using OneLOop-3.6                       #
#                                                                      #
# for the evaluation of 1-loop scalar 1-, 2-, 3- and 4-point functions #
#                                                                      #
# author: Andreas van Hameren <hamerenREMOVETHIS@ifj.edu.pl>           #
#   date: 18-02-2015                                                   #
#                                                                      #
# Please cite                                                          #
#    A. van Hameren,                                                   #
#      Comput.Phys.Commun. 182 (2011) 2427-2438, arXiv:1007.4716       #
#    A. van Hameren, C.G. Papadopoulos and R. Pittau,                  #
#      JHEP 0909:106,2009, arXiv:0903.4665                             #
# in publications with results obtained with the help of this program. #
#                                                                      #
########################################################################
########################################################################
#                                                                      #
#                      You are using OneLOop-3.6                       #
#                                                                      #
# for the evaluation of 1-loop scalar 1-, 2-, 3- and 4-point functions #
#                                                                      #
# author: Andreas van Hameren <hamerenREMOVETHIS@ifj.edu.pl>           #
#   date: 18-02-2015                                                   #
#                                                                      #
# Please cite                                                          #
#    A. van Hameren,                                                   #
#      Comput.Phys.Commun. 182 (2011) 2427-2438, arXiv:1007.4716       #
#    A. van Hameren, C.G. Papadopoulos and R. Pittau,                  #
#      JHEP 0909:106,2009, arXiv:0903.4665                             #
# in publications with results obtained with the help of this program. #
#                                                                      #
########################################################################
 PASSED   1.0000000000000001E-005
 MU_R    =    325.00000000000000     
 ALPHA_S =   0.11799999999999999     
 BORN                    5.0009919165200592E-013
 SINGLE POLE (MadFKS)   -3.4586563814114868E-014
 DOUBLE POLE (MadFKS)   -5.3221358775227263E-014
 SINGLE POLE (MadLoop)  -3.4586563814117008E-014
 DOUBLE POLE (MadLoop)  -5.3221358775226013E-014
 FINITE PART (MadLoop)  -3.6049610085242639E-014
   325.00000000000000        0.0000000000000000        0.0000000000000000        325.00000000000000        0.0000000000000000     
   325.00000000000000        0.0000000000000000        0.0000000000000000       -325.00000000000000        0.0000000000000000     
   141.72836967721548       -80.902583037905416        82.241491555332715        82.309672377615613        1.7769999999999999     
   188.73633646856698       -29.685746750571234       -28.439405707049144       -184.20467243386355        0.0000000000000000     
   219.27184841569797        156.15501625523052       -123.09916823448208        45.553630278757026        80.419002445756163     
   100.26344543851960       -45.566686466753829        69.297082386198525        56.341369777490875        0.0000000000000000     

 PASSED   1.0000000000000001E-005
 MU_R    =    325.00000000000000     
 ALPHA_S =   0.11799999999999999     
 BORN                    7.7166043444402200E-012
 SINGLE POLE (MadFKS)   -4.0168262446427192E-013
 DOUBLE POLE (MadFKS)   -8.2121342165197440E-013
 SINGLE POLE (MadLoop)  -4.0168262446385162E-013
 DOUBLE POLE (MadLoop)  -8.2121342165197420E-013
 FINITE PART (MadLoop)   6.3752510982118146E-013
   325.00000000000000        0.0000000000000000        0.0000000000000000        325.00000000000000        0.0000000000000000     
   325.00000000000000        0.0000000000000000        0.0000000000000000       -325.00000000000000        0.0000000000000000     
   139.31604238696710       -55.124915595994487        56.450825060552532        114.80570529326745        1.7769999999999999     
   207.44755749904908       -100.84964910733714       -115.69261924070933       -139.56738602006018        0.0000000000000000     
   92.847413756020288       -44.349759806573111        6.5018576793960392       -12.010451224964079        80.419002445756163     
   210.38898635796355        200.32432450990476        52.739936500760756        36.772131951756769        0.0000000000000000     

 PASSED   1.0000000000000001E-005
 MU_R    =    325.00000000000000     
 ALPHA_S =   0.11799999999999999     
 BORN                    1.2533820331907553E-011
 SINGLE POLE (MadFKS)   -2.7506159198398555E-013
 DOUBLE POLE (MadFKS)   -1.3338692800224891E-012
 SINGLE POLE (MadLoop)  -2.7506159198430276E-013
 DOUBLE POLE (MadLoop)  -1.3338692800224882E-012
 FINITE PART (MadLoop)  -1.2413486658613088E-012
   325.00000000000000        0.0000000000000000        0.0000000000000000        325.00000000000000        0.0000000000000000     
   325.00000000000000        0.0000000000000000        0.0000000000000000       -325.00000000000000        0.0000000000000000     
   122.77426435209328        65.626043958623370        51.580689521392742       -90.016760000769878        1.7769999999999999     
   99.043602064972333       -86.747447709564071        44.738686048896852       -16.821575327515664        0.0000000000000000     
   222.15780207574261       -74.530151522022422       -186.07686345710576       -52.033935742208698        80.419002445756163     
   206.02433150719185        95.651555272963108        89.757487886816222        158.87227107049421        0.0000000000000000     

 PASSED   1.0000000000000001E-005
 MU_R    =    325.00000000000000     
 ALPHA_S =   0.11799999999999999     
 BORN                    9.3776290817357299E-012
 SINGLE POLE (MadFKS)   -1.3089236241996768E-012
 DOUBLE POLE (MadFKS)   -9.9798234060604956E-013
 SINGLE POLE (MadLoop)  -1.3089236241996631E-012
 DOUBLE POLE (MadLoop)  -9.9798234060605663E-013
 FINITE PART (MadLoop)   3.9592043261817778E-013
   325.00000000000000        0.0000000000000000        0.0000000000000000        325.00000000000000        0.0000000000000000     
   325.00000000000000        0.0000000000000000        0.0000000000000000       -325.00000000000000        0.0000000000000000     
   35.849744005935918        4.7918510541558588        33.196441251049102        12.533190656475673        1.7769999999999999     
   222.70571499113086       -194.93248570307665       -60.072520553717688       -89.389338187805066        0.0000000000000000     
   275.02603551761325        184.32912950686537        124.00293887775473        140.77694208600346        80.419002445756163     
   116.41850548532004        5.8115051420554087       -97.126859575086129       -63.920794554674067        0.0000000000000000     

 PASSED   1.0000000000000001E-005
 MU_R    =    325.00000000000000     
 ALPHA_S =   0.11799999999999999     
 BORN                    3.0626132668787031E-012
 SINGLE POLE (MadFKS)   -1.7854480108762021E-013
 DOUBLE POLE (MadFKS)   -3.2592822021544753E-013
 SINGLE POLE (MadLoop)  -1.7854480108756977E-013
 DOUBLE POLE (MadLoop)  -3.2592822021544748E-013
 FINITE PART (MadLoop)  -2.1352897145644260E-014
   325.00000000000000        0.0000000000000000        0.0000000000000000        325.00000000000000        0.0000000000000000     
   325.00000000000000        0.0000000000000000        0.0000000000000000       -325.00000000000000        0.0000000000000000     
   125.29433345314571       -29.881612318104779       -118.30273834298006        28.408865029968322        1.7769999999999999     
   196.81863332877487       -111.33871870470583        15.977739892295466       -161.51153510054715        0.0000000000000000     
   207.23215437180008        180.31775165083857        13.425153295068514        61.507914529737207        80.419002445756163     
   120.65487884627935       -39.097420628027969        88.899845155616134        71.594755540841646        0.0000000000000000     

 PASSED   1.0000000000000001E-005
 MU_R    =    325.00000000000000     
 ALPHA_S =   0.11799999999999999     
 BORN                    1.5637936403167379E-011
 SINGLE POLE (MadFKS)   -2.1900698748876158E-012
 DOUBLE POLE (MadFKS)   -1.6642142953038298E-012
 SINGLE POLE (MadLoop)  -2.1900698748847154E-012
 DOUBLE POLE (MadLoop)  -1.6642142953038383E-012
 FINITE PART (MadLoop)   1.7237504785539432E-012
   325.00000000000000        0.0000000000000000        0.0000000000000000        325.00000000000000        0.0000000000000000     
   325.00000000000000        0.0000000000000000        0.0000000000000000       -325.00000000000000        0.0000000000000000     
   165.45268215392659       0.18263702639728518       -71.809974870383982        149.04605481447567        1.7769999999999999     
   193.00361563684578        163.92821627163988        101.51329837315602       -8.5431734324178397        0.0000000000000000     
   162.45385100064624       -82.696400687556462       -94.654824405746169       -64.232447256897487        80.419002445756163     
   129.08985120858136       -81.414452610480694        64.951500902974146       -76.270434125160307        0.0000000000000000     

 PASSED   1.0000000000000001E-005
 MU_R    =    325.00000000000000     
 ALPHA_S =   0.11799999999999999     
 BORN                    5.4311197651579301E-009
 SINGLE POLE (MadFKS)   -1.4677475418544736E-009
 DOUBLE POLE (MadFKS)   -5.7798848388028351E-010
 SINGLE POLE (MadLoop)  -1.4677475418544287E-009
 DOUBLE POLE (MadLoop)  -5.7798848388026976E-010
 FINITE PART (MadLoop)   5.6374207630123348E-010
   325.00000000000000        0.0000000000000000        0.0000000000000000        325.00000000000000        0.0000000000000000     
   325.00000000000000        0.0000000000000000        0.0000000000000000       -325.00000000000000        0.0000000000000000     
   21.130318964147047       -6.7535374979683276        18.762497560182450       -6.7595167796430227        1.7769999999999999     
   94.503051736148166       -72.488879826756445       -27.790474159377801        53.887648259170838        0.0000000000000000     
   252.75508323015947        56.985839655429018       -43.571987445203320        228.63073313348565        80.419002445756163     
   281.61154606954540        22.256577669295808        52.599964044398682       -275.75886461301349        0.0000000000000000     

 PASSED   1.0000000000000001E-005
 MU_R    =    325.00000000000000     
 ALPHA_S =   0.11799999999999999     
 BORN                    5.3231213731623274E-012
 SINGLE POLE (MadFKS)   -7.4947849587751196E-013
 DOUBLE POLE (MadFKS)   -5.6649512163636846E-013
 SINGLE POLE (MadLoop)  -7.4947849587746561E-013
 DOUBLE POLE (MadLoop)  -5.6649512163637513E-013
 FINITE PART (MadLoop)   9.9620807174443698E-013
   325.00000000000000        0.0000000000000000        0.0000000000000000        325.00000000000000        0.0000000000000000     
   325.00000000000000        0.0000000000000000        0.0000000000000000       -325.00000000000000        0.0000000000000000     
   210.58940091337914        136.20942603690654       -86.235257164680988        135.48140362608351        1.7769999999999999     
   260.22136291921595       -227.06627168630661       -7.2279895992972287       -126.90083588521853        0.0000000000000000     
   143.03818566296340        56.477419525546111        102.91404583750555       -14.550149706209870        80.419002445756163     
   36.151050504441564        34.379426123853911       -9.4507990735273513        5.9695819653449167        0.0000000000000000     

 PASSED   1.0000000000000001E-005
 MU_R    =    325.00000000000000     
 ALPHA_S =   0.11799999999999999     
 BORN                    1.7510205959377169E-011
 SINGLE POLE (MadFKS)   -2.0738403343451886E-012
 DOUBLE POLE (MadFKS)   -1.8634642269940104E-012
 SINGLE POLE (MadLoop)  -2.0738403343452573E-012
 DOUBLE POLE (MadLoop)  -1.8634642269940116E-012
 FINITE PART (MadLoop)   1.1098130217536493E-012
   325.00000000000000        0.0000000000000000        0.0000000000000000        325.00000000000000        0.0000000000000000     
   325.00000000000000        0.0000000000000000        0.0000000000000000       -325.00000000000000        0.0000000000000000     
   291.60262640180827        167.22356084657449       -171.89269357892422        165.88585409071689        1.7769999999999999     
   130.00798727323587       -23.161247569275226        110.06497023418534       -65.202267546616000        0.0000000000000000     
   120.71097009731983       -59.601387112749983        3.9498161398633105       -67.349802925939585        80.419002445756163     
   107.67841622763605       -84.460926164549292        57.877907204875569       -33.333783618161263        0.0000000000000000     

 PASSED   1.0000000000000001E-005
 MU_R    =    325.00000000000000     
 ALPHA_S =   0.11799999999999999     
 BORN                    1.0000225176761783E-011
 SINGLE POLE (MadFKS)   -1.0286486807385470E-012
 DOUBLE POLE (MadFKS)   -1.0642400164802676E-012
 SINGLE POLE (MadLoop)  -1.0286486807383772E-012
 DOUBLE POLE (MadLoop)  -1.0642400164802664E-012
 FINITE PART (MadLoop)   1.9085052856704311E-013
   325.00000000000000        0.0000000000000000        0.0000000000000000        325.00000000000000        0.0000000000000000     
   325.00000000000000        0.0000000000000000        0.0000000000000000       -325.00000000000000        0.0000000000000000     
   234.92001759646101       -213.22228487961411       -65.795994574613758       -73.426162007662995        1.7769999999999999     
   169.39780228789115        88.662601965600800       -21.658232333338276        142.70767114928353        0.0000000000000000     
   80.790779860081059      -0.63770061528682431      -0.42611160664678416       -7.7036304982447747        80.419002445756163     
   164.89140025556674        125.19738352930034        87.880338514598805       -61.577878643375769        0.0000000000000000     

 PASSED   1.0000000000000001E-005
 MU_R    =    325.00000000000000     
 ALPHA_S =   0.11799999999999999     
 BORN                    4.3451626580663099E-012
 SINGLE POLE (MadFKS)   -6.1654204345368575E-013
 DOUBLE POLE (MadFKS)   -4.6241918527752059E-013
 SINGLE POLE (MadLoop)  -6.1654204345368808E-013
 DOUBLE POLE (MadLoop)  -4.6241918527751665E-013
 FINITE PART (MadLoop)   3.9197000994802982E-013
   325.00000000000000        0.0000000000000000        0.0000000000000000        325.00000000000000        0.0000000000000000     
   325.00000000000000        0.0000000000000000        0.0000000000000000       -325.00000000000000        0.0000000000000000     
   59.594705509728612       -30.343834913202020        14.288324973515749       -49.228717716418629        1.7769999999999999     
   222.70890483496743       -173.06329829737737       -36.649569809764500        135.29656354831326        0.0000000000000000     
   209.33675964095306        169.61715418471206       -90.530215452761681        19.722172267774582        80.419002445756163     
   158.35963001435087        33.789979025867297        112.89146028901050       -105.79001809966923        0.0000000000000000     

 PASSED   1.0000000000000001E-005
 MU_R    =    325.00000000000000     
 ALPHA_S =   0.11799999999999999     
 BORN                    3.7575963060141330E-013
 SINGLE POLE (MadFKS)   -1.9052095387590934E-014
 DOUBLE POLE (MadFKS)   -3.9988943088315562E-014
 SINGLE POLE (MadLoop)  -1.9052095387550153E-014
 DOUBLE POLE (MadLoop)  -3.9988943088315764E-014
 FINITE PART (MadLoop)  -7.3417092343629297E-014
   325.00000000000000        0.0000000000000000        0.0000000000000000        325.00000000000000        0.0000000000000000     
   325.00000000000000        0.0000000000000000        0.0000000000000000       -325.00000000000000        0.0000000000000000     
   99.449276197554610       -15.543208917262687        9.6703790903580984        97.733787566125713        1.7769999999999999     
   193.91585897733501       -57.635371872021267       -91.975344618456177       -160.69243994167152        0.0000000000000000     
   221.81292626436124        88.333285014358069        185.54997667942939       -22.409712546657175        80.419002445756163     
   134.82193856074920       -15.154704225074108       -103.24501115133133        85.368364922202971        0.0000000000000000     

 PASSED   1.0000000000000001E-005
 MU_R    =    325.00000000000000     
 ALPHA_S =   0.11799999999999999     
 BORN                    1.1420026613640163E-011
 SINGLE POLE (MadFKS)   -4.1628008805350901E-013
 DOUBLE POLE (MadFKS)   -1.2153375645728239E-012
 SINGLE POLE (MadLoop)  -4.1628008804999763E-013
 DOUBLE POLE (MadLoop)  -1.2153375645728308E-012
 FINITE PART (MadLoop)   1.4833551080591788E-012
   325.00000000000000        0.0000000000000000        0.0000000000000000        325.00000000000000        0.0000000000000000     
   325.00000000000000        0.0000000000000000        0.0000000000000000       -325.00000000000000        0.0000000000000000     
   110.92646435612956       -16.053090721368537       -6.7314998346333192       -109.53770106141322        1.7769999999999999     
   185.45695832805549        15.906319123197260       -183.06672414280462        25.056873625163746        0.0000000000000000     
   99.477839026997373       -23.763347343446313       -52.346244770036833        11.126476738877452        80.419002445756163     
   254.13873828881759        23.910118941617554        242.14446874747478        73.354350697372027        0.0000000000000000     

 PASSED   1.0000000000000001E-005
 MU_R    =    325.00000000000000     
 ALPHA_S =   0.11799999999999999     
 BORN                    9.7724814550250405E-011
 SINGLE POLE (MadFKS)   -8.4667991195128672E-012
 DOUBLE POLE (MadFKS)   -1.0400031640204239E-011
 SINGLE POLE (MadLoop)  -8.4667991195110982E-012
 DOUBLE POLE (MadLoop)  -1.0400031640204004E-011
 FINITE PART (MadLoop)   9.0623464317280339E-012
   325.00000000000000        0.0000000000000000        0.0000000000000000        325.00000000000000        0.0000000000000000     
   325.00000000000000        0.0000000000000000        0.0000000000000000       -325.00000000000000        0.0000000000000000     
   58.112390616073704       -57.774074533880459        3.9093940426724663        4.5568809604675984        1.7769999999999999     
   167.70307804403359       -115.07837505687469        29.195232096414379        118.44377739057889        0.0000000000000000     
   215.63615467990817        48.344284156775565       -186.10416948410733       -55.315490965608788        80.419002445756163     
   208.54837665998446        124.50816543397961        152.99954334502047       -67.685167385437666        0.0000000000000000     

 PASSED   1.0000000000000001E-005
 MU_R    =    325.00000000000000     
 ALPHA_S =   0.11799999999999999     
 BORN                    2.2674977992126742E-011
 SINGLE POLE (MadFKS)   -1.8544983504035156E-012
 DOUBLE POLE (MadFKS)   -2.4131075576285009E-012
 SINGLE POLE (MadLoop)  -1.8544983504035495E-012
 DOUBLE POLE (MadLoop)  -2.4131075576285038E-012
 FINITE PART (MadLoop)   4.1524939829817568E-013
   325.00000000000000        0.0000000000000000        0.0000000000000000        325.00000000000000        0.0000000000000000     
   325.00000000000000        0.0000000000000000        0.0000000000000000       -325.00000000000000        0.0000000000000000     
   234.58795563082325       -6.3851350278744210        193.06665374073745        133.08962567412649        1.7769999999999999     
   134.01377841743860       -29.111862876995151        18.978202218847787       -129.42959509358701        0.0000000000000000     
   92.925317936348662      -0.94406262269089225       -31.131778406131662        34.609534498991749        80.419002445756163     
   188.47294801538948        36.441060527560452       -180.91307755345358       -38.269565079531226        0.0000000000000000     

 PASSED   1.0000000000000001E-005
 MU_R    =    325.00000000000000     
 ALPHA_S =   0.11799999999999999     
 BORN                    5.9166874207742471E-009
 SINGLE POLE (MadFKS)   -4.7077473743250132E-010
 DOUBLE POLE (MadFKS)   -6.2966337326339729E-010
 SINGLE POLE (MadLoop)  -4.7077473743251951E-010
 DOUBLE POLE (MadLoop)  -6.2966337326339171E-010
 FINITE PART (MadLoop)   3.6722238621132616E-010
   325.00000000000000        0.0000000000000000        0.0000000000000000        325.00000000000000        0.0000000000000000     
   325.00000000000000        0.0000000000000000        0.0000000000000000       -325.00000000000000        0.0000000000000000     
   253.19949972135305        55.975481527862755       -210.41840059666978        129.21946868876520        1.7769999999999999     
   46.767875004381821       -4.1142967623652718       -44.157401772185032       -14.846904165734442        0.0000000000000000     
   82.422393500827766       -7.6035026029310817        11.420489938693503       -11.747091289429079        80.419002445756163     
   267.61023177343725       -44.257682162566390        243.15531243016125       -102.62547323360177        0.0000000000000000     

 PASSED   1.0000000000000001E-005
 MU_R    =    325.00000000000000     
 ALPHA_S =   0.11799999999999999     
 BORN                    2.4911495133339888E-012
 SINGLE POLE (MadFKS)   -3.2249171218873725E-013
 DOUBLE POLE (MadFKS)   -2.6511213020343865E-013
 SINGLE POLE (MadLoop)  -3.2249171218895111E-013
 DOUBLE POLE (MadLoop)  -2.6511213020343799E-013
 FINITE PART (MadLoop)   3.1683373396717866E-013
   325.00000000000000        0.0000000000000000        0.0000000000000000        325.00000000000000        0.0000000000000000     
   325.00000000000000        0.0000000000000000        0.0000000000000000       -325.00000000000000        0.0000000000000000     
   162.97720747423557        113.86050156362350       -40.369612928370557       -109.38232472750592        1.7769999999999999     
   266.91921852427146       -147.96676727082894       -88.338875246851714        203.83313793676743        0.0000000000000000     
   86.425324275630842      -0.16105683643431173        20.094955098340058       -24.459917458334640        80.419002445756163     
   133.67824972586217        34.267322543639551        108.61353307688233       -69.990895750926796        0.0000000000000000     

 PASSED   1.0000000000000001E-005
 MU_R    =    325.00000000000000     
 ALPHA_S =   0.11799999999999999     
 BORN                    7.2266924929251380E-012
 SINGLE POLE (MadFKS)   -3.3987131296987776E-013
 DOUBLE POLE (MadFKS)   -7.6907621596765990E-013
 SINGLE POLE (MadLoop)  -3.3987131296966269E-013
 DOUBLE POLE (MadLoop)  -7.6907621596768191E-013
 FINITE PART (MadLoop)   6.1567939080466178E-012
   325.00000000000000        0.0000000000000000        0.0000000000000000        325.00000000000000        0.0000000000000000     
   325.00000000000000        0.0000000000000000        0.0000000000000000       -325.00000000000000        0.0000000000000000     
   83.011266129648718        56.560003746091510        27.734627524215195        54.032110710044677        1.7769999999999999     
   204.93693394462358        139.54663380638189       -149.65952883969834        11.309700058359024        0.0000000000000000     
   258.16109633738085       -153.81882517033517        106.14065192113735       -158.91465237894747        80.419002445756163     
   103.89070358834682       -42.287812382138235        15.784249394345778        93.572841610543747        0.0000000000000000     

 PASSED   1.0000000000000001E-005
 MU_R    =    325.00000000000000     
 ALPHA_S =   0.11799999999999999     
 BORN                    5.4996535907788802E-011
 SINGLE POLE (MadFKS)   -1.2833434225539556E-011
 DOUBLE POLE (MadFKS)   -5.8528196361889808E-012
 SINGLE POLE (MadLoop)  -1.2833434225539206E-011
 DOUBLE POLE (MadLoop)  -5.8528196361891084E-012
 FINITE PART (MadLoop)  -2.7419513307064537E-012
   325.00000000000000        0.0000000000000000        0.0000000000000000        325.00000000000000        0.0000000000000000     
   325.00000000000000        0.0000000000000000        0.0000000000000000       -325.00000000000000        0.0000000000000000     
   118.50025880576827        117.80717871826630       -11.193966713105246        5.9428410463699279        1.7769999999999999     
   20.943337742370048        16.066141312484543        11.725974087841600        6.5577458634447394        0.0000000000000000     
Thanks for using LHAPDF 6.2.1. Please make sure to cite the paper:
  Eur.Phys.J. C75 (2015) 3, 132  (http://arxiv.org/abs/1412.7420)
   268.97401946046477       -116.23362194834642        69.542419657575252        218.02156816995546        80.419002445756163     
   241.58238399139691       -17.639698082404365       -70.074427032311704       -230.52215507977010        0.0000000000000000     

 PASSED   1.0000000000000001E-005
 MU_R    =    325.00000000000000     
 ALPHA_S =   0.11799999999999999     
 BORN                    2.2587790226029274E-011
 SINGLE POLE (MadFKS)   -4.6639707858087289E-013
 DOUBLE POLE (MadFKS)   -2.4038288955995632E-012
 SINGLE POLE (MadLoop)  -4.6639707858090843E-013
 DOUBLE POLE (MadLoop)  -2.4038288955995567E-012
 FINITE PART (MadLoop)   2.5751464641657658E-013
   325.00000000000000        0.0000000000000000        0.0000000000000000        325.00000000000000        0.0000000000000000     
   325.00000000000000        0.0000000000000000        0.0000000000000000       -325.00000000000000        0.0000000000000000     
   85.924116745355036        52.141381923589556       -66.337659636659353       -16.136521139902204        1.7769999999999999     
   164.87512064918604        127.11418632847969        81.496017278173170       -66.213202693480241        0.0000000000000000     
   164.15575121602990       -37.618987977693521       -114.96510767313561       -76.470454844776938        80.419002445756163     
   235.04501138942888       -141.63658027437569        99.806750031621760        158.82017867815938        0.0000000000000000     

 NUMBER OF POINTS PASSING THE CHECK          20
 NUMBER OF POINTS FAILING THE CHECK           0
 TOLERANCE    1.0000000000000001E-005
