==== LHAPDF6 USING DEFAULT-TYPE LHAGLUE INTERFACE ====
LHAPDF 6.2.1 loading /cvmfs/cms.cern.ch/slc7_amd64_gcc700/external/lhapdf/6.2.1-pafccj3/share/LHAPDF/NNPDF31_nnlo_as_0118_nf_4_mc_hessian/NNPDF31_nnlo_as_0118_nf_4_mc_hessian_0000.dat
NNPDF31_nnlo_as_0118_nf_4_mc_hessian PDF set, member #0, version 1; LHAPDF ID = 325500
 A PDF is used, so alpha_s(MZ) is going to be modified
 Old value of alpha_s from param_card:   0.11799999999999999     
 New value of alpha_s from PDF lhapdf :  0.11266013434007299     
 *****************************************************
 *               MadGraph/MadEvent                   *
 *        --------------------------------           *
 *          http://madgraph.hep.uiuc.edu             *
 *          http://madgraph.phys.ucl.ac.be           *
 *          http://madgraph.roma2.infn.it            *
 *        --------------------------------           *
 *                                                   *
 *          PARAMETER AND COUPLING VALUES            *
 *                                                   *
 *****************************************************

  External Params
  ---------------------------------
  
 MU_R =    91.188000000000002     
 aEWM1 =    132.50700000000001     
 mdl_Gf =    1.1663900000000000E-005
 aS =   0.11799999999999999     
 mdl_ymb =    4.7000000000000002     
 mdl_ymt =    173.00000000000000     
 mdl_ymtau =    1.7769999999999999     
 mdl_MT =    173.00000000000000     
 mdl_MB =    4.7000000000000002     
 mdl_MZ =    91.188000000000002     
 mdl_MH =    125.00000000000000     
 mdl_MTA =    1.7769999999999999     
 mdl_WT =    1.4915000000000000     
 mdl_WZ =    2.4414039999999999     
 mdl_WW =    2.0476000000000001     
 mdl_WH =    6.3823389999999999E-003
  Internal Params
  ---------------------------------
  
 mdl_conjg__CKM3x3 =    1.0000000000000000     
 mdl_CKM22 =    1.0000000000000000     
 mdl_lhv =    1.0000000000000000     
 mdl_CKM3x3 =    1.0000000000000000     
 mdl_conjg__CKM22 =    1.0000000000000000     
 mdl_conjg__CKM33 =    1.0000000000000000     
 mdl_Ncol =    3.0000000000000000     
 mdl_CA =    3.0000000000000000     
 mdl_TF =   0.50000000000000000     
 mdl_CF =    1.3333333333333333     
 mdl_complexi =                (0.0000000000000000,1.0000000000000000)
 mdl_MZ__exp__2 =    8315.2513440000002     
 mdl_MZ__exp__4 =    69143404.913893804     
 mdl_sqrt__2 =    1.4142135623730951     
 mdl_MH__exp__2 =    15625.000000000000     
 mdl_Ncol__exp__2 =    9.0000000000000000     
 mdl_MB__exp__2 =    22.090000000000003     
 mdl_MT__exp__2 =    29929.000000000000     
 mdl_aEW =    7.5467711139788835E-003
 mdl_MW =    80.419002445756163     
 mdl_sqrt__aEW =    8.6872153846781555E-002
 mdl_ee =   0.30795376724436879     
 mdl_MW__exp__2 =    6467.2159543705357     
 mdl_sw2 =   0.22224648578577766     
 mdl_cw =   0.88190334743339216     
 mdl_sqrt__sw2 =   0.47143025548407230     
 mdl_sw =   0.47143025548407230     
 mdl_g1 =   0.34919219678733299     
 mdl_gw =   0.65323293034757990     
 mdl_v =    246.21845810181637     
 mdl_v__exp__2 =    60623.529110035903     
 mdl_lam =   0.12886910601690263     
 mdl_yb =    2.6995554250465490E-002
 mdl_yt =   0.99366614581500623     
 mdl_ytau =    1.0206617000654717E-002
 mdl_muH =    88.388347648318430     
 mdl_AxialZUp =  -0.18517701861793787     
 mdl_AxialZDown =   0.18517701861793787     
 mdl_VectorZUp =    7.5430507588273299E-002
 mdl_VectorZDown =  -0.13030376310310560     
 mdl_VectorAUp =   0.20530251149624587     
 mdl_VectorADown =  -0.10265125574812294     
 mdl_VectorWmDxU =   0.23095271737156670     
 mdl_AxialWmDxU =  -0.23095271737156670     
 mdl_VectorWpUxD =   0.23095271737156670     
 mdl_AxialWpUxD =  -0.23095271737156670     
 mdl_I1x33 =          (2.69955542504654901E-002,0.0000000000000000)
 mdl_I2x33 =               (0.99366614581500623,0.0000000000000000)
 mdl_I3x33 =               (0.99366614581500623,0.0000000000000000)
 mdl_I4x33 =          (2.69955542504654901E-002,0.0000000000000000)
 mdl_Vector_tbGp =              (-0.96667059156454072,0.0000000000000000)
 mdl_Axial_tbGp =              (-1.0206617000654716,-0.0000000000000000)
 mdl_Vector_tbGm =               (0.96667059156454072,0.0000000000000000)
 mdl_Axial_tbGm =              (-1.0206617000654716,-0.0000000000000000)
 mdl_gw__exp__2 =   0.42671326129048615     
 mdl_cw__exp__2 =   0.77775351421422245     
 mdl_ee__exp__2 =    9.4835522759998875E-002
 mdl_sw__exp__2 =   0.22224648578577769     
 mdl_yb__exp__2 =    7.2875994928982540E-004
 mdl_yt__exp__2 =   0.98737240933884918     
  Internal Params evaluated point by point
  ----------------------------------------
  
 mdl_sqrt__aS =   0.34351128074635334     
 mdl_G__exp__4 =    2.1987899468922913     
 mdl_G__exp__2 =    1.4828317324943823     
 mdl_R2MixedFactor_FIN_ =   -2.5040377713124864E-002
 mdl_G_UVg_1EPS_ =   -5.1645779033320030E-002
 mdl_G_UVq_1EPS_ =    3.1300472141406080E-003
 mdl_GWcft_UV_b_1EPS_ =   -3.1300472141406080E-003
 mdl_GWcft_UV_t_1EPS_ =   -3.1300472141406080E-003
 mdl_bWcft_UV_1EPS_ =   -1.8780283284843650E-002
 mdl_tWcft_UV_1EPS_ =   -1.8780283284843650E-002
 mdl_G__exp__3 =    1.8056676068262196     
 mdl_MU_R__exp__2 =    8315.2513440000002     
 mdl_G_UVb_FIN_ =    1.8563438626678915E-002
 mdl_G_UVt_FIN_ =   -4.0087659331150384E-003
 mdl_GWcft_UV_b_FIN_ =   -1.8563438626678915E-002
 mdl_GWcft_UV_t_FIN_ =    4.0087659331150384E-003
 mdl_bWcft_UV_FIN_ =  -0.13642100947319838     
 mdl_tWcft_UV_FIN_ =   -9.8778211443463623E-004
  Couplings of loop_sm
  ---------------------------------
  
      UV_GQQb =   0.00000E+00   0.22605E-01
      UV_GQQt =   0.00000E+00  -0.48815E-02
   UVWfct_G_2 =   0.40088E-02   0.00000E+00
   UVWfct_G_1 =  -0.18563E-01   0.00000E+00
       R2_DDA =   0.00000E+00   0.25704E-02
       R2_UUA =  -0.00000E+00  -0.51409E-02
    R2_UUZ_V2 =  -0.00000E+00  -0.72127E-02
    R2_UUZ_V5 =   0.00000E+00   0.68702E-03
      R2_sxcW =  -0.00000E+00  -0.11566E-01
      R2_GGHb =   0.00000E+00  -0.33698E-02
      R2_GGHt =   0.00000E+00  -0.45657E+01
     R2_GGZup =  -0.46369E-02   0.00000E+00
    R2_GGWWcs =   0.00000E+00   0.13356E-02
         GC_4 =  -0.12177E+01   0.00000E+00
         GC_5 =   0.00000E+00   0.12177E+01
       R2_GQQ =  -0.00000E+00  -0.30492E-01
       R2_QQq =   0.00000E+00   0.12520E-01
 UV_GQQg_1eps =   0.00000E+00  -0.62890E-01
 UV_GQQq_1eps =   0.00000E+00   0.38115E-02
 UVWfct_G_2_1eps -0.31300E-02   0.00000E+00
         GC_1 =  -0.00000E+00  -0.10265E+00
         GC_2 =   0.00000E+00   0.20530E+00
         GC_7 =   0.00000E+00   0.57609E+00
        GC_22 =   0.00000E+00   0.28804E+00
        GC_23 =  -0.00000E+00  -0.27437E-01
        GC_24 =   0.00000E+00   0.82310E-01
        GC_25 =   0.00000E+00   0.30795E+00
        GC_28 =   0.00000E+00   0.37035E+00
        GC_31 =   0.00000E+00   0.52532E+02
        GC_33 =  -0.00000E+00  -0.19089E-01
        GC_37 =  -0.00000E+00  -0.70263E+00
        GC_38 =  -0.00000E+00  -0.72172E-02
        GC_47 =   0.00000E+00   0.46191E+00

 Collider parameters:
 --------------------

 Running at P P   machine @    13000.000000000000       GeV
 PDF set = lhapdf 
 alpha_s(Mz)= 0.1127 running at 3 loops.
 alpha_s(Mz)= 0.1127 running at 3 loops.
 Renormalization scale set on event-by-event basis
 Factorization   scale set on event-by-event basis


 ===============================================================
 INFO: MadFKS read these parameters from FKS_params.dat
 ===============================================================
  > IRPoleCheckThreshold      =    1.0000000000000001E-005
  > PrecisionVirtualAtRunTime =    1.0000000000000000E-003
  > NHelForMCoverHels         =            4
  > VirtualFraction           =    1.0000000000000000     
  > MinVirtualFraction        =    5.0000000000000001E-003
 ===============================================================
  Insert the number of points to test
 Insert the relative tolerance
  A negative number will mean use the default one:    1.0000000000000001E-005
Using random seed offsets:     1 ,     39 ,      0
  with seed                   32
 Ranmar initialization seeds       10730        9445
  ========================================================================================== 
 {                                                                                          }
 {       [32m                                                                            [0m       }
 {       [32m                               ,,                                           [0m       }
 {       [32m`7MMM.     ,MMF'             `7MM  `7MMF'                                   [0m       }
 {       [32m  MMMb    dPMM                 MM    MM                                     [0m       }
 {       [32m  M YM   ,M MM   ,6"Yb.   ,M""bMM    MM         ,pW"Wq.   ,pW"Wq.`7MMpdMAo. [0m       }
 {       [32m  M  Mb  M' MM  8)   MM ,AP    MM    MM        6W'   `Wb 6W'   `Wb MM   `Wb [0m       }
 {       [32m  M  YM.P'  MM   ,pm9MM 8MI    MM    MM      , 8M     M8 8M     M8 MM    M8 [0m       }
 {       [32m  M  `YM'   MM  8M   MM `Mb    MM    MM     ,M YA.   ,A9 YA.   ,A9 MM   ,AP [0m       }
 {       [32m.JML. `'  .JMML.`Moo9^Yo.`Wbmd"MML..JMMmmmmMMM  `Ybmd9'   `Ybmd9'  MMbmmd'  [0m       }
 {       [32m                                                                   MM       [0m       }
 {       [32m                                                                 .JMML.     [0m       }
 {       [32m[0mv2.6.5 (2018-02-03), Ref: arXiv:1103.0621v2, arXiv:1405.0301[32m                [0m       }
 {       [32m                                                                            [0m       }
 {                                                                                          }
  ========================================================================================== 
 ===============================================================
 INFO: MadLoop read these parameters from ./MadLoop5_resources/MadLoopParams.dat                                                                                                                                                                                                                                                                                                                                                                                                                                                                                          
 ===============================================================
  > MLReductionLib            = 6|7|1
  > CTModeRun                 =           -1
  > MLStabThres               =    1.0000000000000000E-003
  > NRotations_DP             =            0
  > NRotations_QP             =            0
  > CTStabThres               =    1.0000000000000000E-002
  > CTLoopLibrary             =            2
  > CTModeInit                =            1
  > CheckCycle                =            3
  > MaxAttempts               =           10
  > UseLoopFilter             =  F
  > HelicityFilterLevel       =            2
  > ImprovePSPoint            =            2
  > DoubleCheckHelicityFilter =  T
  > LoopInitStartOver         =  F
  > HelInitStartOver          =  F
  > ZeroThres                 =    1.0000000000000001E-009
  > OSThres                   =    1.0000000000000000E-008
  > WriteOutFilters           =  T
  > UseQPIntegrandForNinja    =  T
  > UseQPIntegrandForCutTools =  T
  > IREGIMODE                 =            2
  > IREGIRECY                 =  T
  > COLLIERMode               =            1
  > COLLIERRequiredAccuracy   =    1.0000000000000000E-008
  > COLLIERCanOutput          =  F
  > COLLIERComputeUVpoles     =  T
  > COLLIERComputeIRpoles     =  T
  > COLLIERGlobalCache        =           -1
  > COLLIERUseCacheForPoles   =  F
  > COLLIERUseInternalStabilityTest =  T
 ===============================================================
  
------------------------------------------------------------------------
|              You are using CutTools - Version 1.9.3                  |
|              Authors: G. Ossola, C. Papadopoulos, R. Pittau          |
|              Published in JHEP 0803:042,2008                         |
|              http://www.ugr.es/~pittau/CutTools                      |
|                                                                      |
|              Compiler with  34  significant digits detetected        |
 ---------------------------------------------------------------------- 
   
########################################################################
#                                                                      #

  +----------------------------------------------------------------+
  |                                                                |
  |  Ninja - version 1.1.0                                         |
  |                                                                |
  |  Author: Tiziano Peraro                                        |
  |                                                                |
  |  Based on:                                                     |
  |                                                                |
  |      P. Mastrolia, E. Mirabella and T. Peraro,                 |
  |      "Integrand reduction of one-loop scattering amplitudes    |
  |      through Laurent series expansion,"                        |
  |      JHEP 1206 (2012) 095  [arXiv:1203.0291 [hep-ph]].         |
  |                                                                |
  |      T. Peraro,                                                |
  |      "Ninja: Automated Integrand Reduction via Laurent         |
  |      Expansion for One-Loop Amplitudes,"                       |
  |      Comput.Phys.Commun. 185 (2014) [arXiv:1403.1229 [hep-ph]] |
  |                                                                |
  +----------------------------------------------------------------+


#                      You are using OneLOop-3.6                       #
#                                                                      #
# for the evaluation of 1-loop scalar 1-, 2-, 3- and 4-point functions #
#                                                                      #
# author: Andreas van Hameren <hamerenREMOVETHIS@ifj.edu.pl>           #
#   date: 18-02-2015                                                   #
#                                                                      #
# Please cite                                                          #
#    A. van Hameren,                                                   #
#      Comput.Phys.Commun. 182 (2011) 2427-2438, arXiv:1007.4716       #
#    A. van Hameren, C.G. Papadopoulos and R. Pittau,                  #
#      JHEP 0909:106,2009, arXiv:0903.4665                             #
# in publications with results obtained with the help of this program. #
#                                                                      #
########################################################################
########################################################################
#                                                                      #
#                      You are using OneLOop-3.6                       #
#                                                                      #
# for the evaluation of 1-loop scalar 1-, 2-, 3- and 4-point functions #
#                                                                      #
# author: Andreas van Hameren <hamerenREMOVETHIS@ifj.edu.pl>           #
#   date: 18-02-2015                                                   #
#                                                                      #
# Please cite                                                          #
#    A. van Hameren,                                                   #
#      Comput.Phys.Commun. 182 (2011) 2427-2438, arXiv:1007.4716       #
#    A. van Hameren, C.G. Papadopoulos and R. Pittau,                  #
#      JHEP 0909:106,2009, arXiv:0903.4665                             #
# in publications with results obtained with the help of this program. #
#                                                                      #
########################################################################
 PASSED   1.0000000000000001E-005
 MU_R    =    325.00000000000000     
 ALPHA_S =   0.11799999999999999     
 BORN                    1.0361042536154053E-007
 SINGLE POLE (MadFKS)   -5.9000586743186395E-010
 DOUBLE POLE (MadFKS)   -5.1888883721410137E-009
 SINGLE POLE (MadLoop)  -5.9000586743171041E-010
 DOUBLE POLE (MadLoop)  -5.1888883721409856E-009
 FINITE PART (MadLoop)   1.6619887106922332E-008
   325.00000000000000        0.0000000000000000        0.0000000000000000        325.00000000000000        0.0000000000000000     
   325.00000000000000        0.0000000000000000        0.0000000000000000       -325.00000000000000        0.0000000000000000     
   159.90130056140157        81.161687029814800       -133.99982486476884       -32.019578634225851        0.0000000000000000     
   262.24876797823765        30.723821146110357        230.17158755194023       -121.86674445518297        0.0000000000000000     
   227.84993146036066       -111.88550817592515       -96.171762687171409        153.88632308940882        80.419002445756163     

 PASSED   1.0000000000000001E-005
 MU_R    =    325.00000000000000     
 ALPHA_S =   0.11799999999999999     
 BORN                    1.1013486451524116E-006
 SINGLE POLE (MadFKS)   -6.2715905321363820E-009
 DOUBLE POLE (MadFKS)   -5.5156372136909430E-008
 SINGLE POLE (MadLoop)  -6.2715905321367948E-009
 DOUBLE POLE (MadLoop)  -5.5156372136909503E-008
 FINITE PART (MadLoop)   2.4409180967678410E-007
   325.00000000000000        0.0000000000000000        0.0000000000000000        325.00000000000000        0.0000000000000000     
   325.00000000000000        0.0000000000000000        0.0000000000000000       -325.00000000000000        0.0000000000000000     
   288.89853750960458        50.032903192415866       -101.48678534335700       -265.81855837017491        0.0000000000000000     
   196.07032486874806       -113.19188640224107        81.417781838273982        137.84888083467996        0.0000000000000000     
   165.03113762164736        63.158983209825138        20.069003505083064        127.96967753549494        80.419002445756163     

 PASSED   1.0000000000000001E-005
 MU_R    =    325.00000000000000     
 ALPHA_S =   0.11799999999999999     
 BORN                    1.7614483383588051E-007
 SINGLE POLE (MadFKS)   -1.0030504663824811E-009
 DOUBLE POLE (MadFKS)   -8.8214663429321311E-009
 SINGLE POLE (MadLoop)  -1.0030504663824588E-009
 DOUBLE POLE (MadLoop)  -8.8214663429321807E-009
 FINITE PART (MadLoop)   2.4696903879150106E-008
   325.00000000000000        0.0000000000000000        0.0000000000000000        325.00000000000000        0.0000000000000000     
   325.00000000000000        0.0000000000000000        0.0000000000000000       -325.00000000000000        0.0000000000000000     
   175.88147005480332        58.046560794915138       -157.34005029900885       -52.999970381371327        0.0000000000000000     
   302.87666645949611       -37.176082038030444        300.45293510910631        8.9581133193109128        0.0000000000000000     
   171.24186348570063       -20.870478756884726       -143.11288481009754        44.041857062060423        80.419002445756163     

 PASSED   1.0000000000000001E-005
 MU_R    =    325.00000000000000     
 ALPHA_S =   0.11799999999999999     
 BORN                    8.7412697147369177E-009
 SINGLE POLE (MadFKS)   -4.9776848251543205E-011
 DOUBLE POLE (MadFKS)   -4.3776939069862330E-010
 SINGLE POLE (MadLoop)  -4.9776848251506531E-011
 DOUBLE POLE (MadLoop)  -4.3776939069861896E-010
 FINITE PART (MadLoop)   1.2663834786872035E-009
   325.00000000000000        0.0000000000000000        0.0000000000000000        325.00000000000000        0.0000000000000000     
   325.00000000000000        0.0000000000000000        0.0000000000000000       -325.00000000000000        0.0000000000000000     
   274.36996318071488       -4.8958319409251621        202.07786862045523        185.52477607911860        0.0000000000000000     
   261.43763466860099       -19.979608745479027       -233.83551832872487       -115.20157300760698        0.0000000000000000     
   114.19240215068410        24.875440686404168        31.757649708269607       -70.323203071511628        80.419002445756163     

 PASSED   1.0000000000000001E-005
 MU_R    =    325.00000000000000     
 ALPHA_S =   0.11799999999999999     
 BORN                    6.0083703349386948E-008
 SINGLE POLE (MadFKS)   -3.4214450321456330E-010
 DOUBLE POLE (MadFKS)   -3.0090372525439896E-009
 SINGLE POLE (MadLoop)  -3.4214450321451248E-010
 DOUBLE POLE (MadLoop)  -3.0090372525439879E-009
 FINITE PART (MadLoop)   8.4627863920031843E-009
   325.00000000000000        0.0000000000000000        0.0000000000000000        325.00000000000000        0.0000000000000000     
   325.00000000000000        0.0000000000000000        0.0000000000000000       -325.00000000000000        0.0000000000000000     
   266.29163382071783       -81.102040749164843       -253.18108993503722       -15.265285078722323        0.0000000000000000     
   251.73361755189055        162.87141823929610        189.57800584327632        30.048211709991424        0.0000000000000000     
   131.97474862739165       -81.769377490131191        63.603084091760941       -14.782926631269092        80.419002445756163     

 PASSED   1.0000000000000001E-005
 MU_R    =    325.00000000000000     
 ALPHA_S =   0.11799999999999999     
 BORN                    7.3256068072985480E-009
 SINGLE POLE (MadFKS)   -4.1715406376560535E-011
 DOUBLE POLE (MadFKS)   -3.6687192286518874E-010
 SINGLE POLE (MadLoop)  -4.1715406375999797E-011
 DOUBLE POLE (MadLoop)  -3.6687192286550529E-010
 FINITE PART (MadLoop)   8.2184873881640337E-010
   325.00000000000000        0.0000000000000000        0.0000000000000000        325.00000000000000        0.0000000000000000     
   325.00000000000000        0.0000000000000000        0.0000000000000000       -325.00000000000000        0.0000000000000000     
   311.22982331095915        117.92983846156334       -82.287886868176557        276.01677447823829        0.0000000000000000     
   162.06504464303401       -89.940751365125635        52.941975553661109       -123.98744760458938        0.0000000000000000     
   176.70513204600681       -27.989087096437927        29.345911314515217       -152.02932687364901        80.419002445756163     

 PASSED   1.0000000000000001E-005
 MU_R    =    325.00000000000000     
 ALPHA_S =   0.11799999999999999     
 BORN                    5.9838557037700422E-009
 SINGLE POLE (MadFKS)   -3.4074852629651027E-011
 DOUBLE POLE (MadFKS)   -2.9967601400647696E-010
 SINGLE POLE (MadLoop)  -3.4074852629652481E-011
 DOUBLE POLE (MadLoop)  -2.9967601400647262E-010
 FINITE PART (MadLoop)   9.1564285256756907E-010
   325.00000000000000        0.0000000000000000        0.0000000000000000        325.00000000000000        0.0000000000000000     
   325.00000000000000        0.0000000000000000        0.0000000000000000       -325.00000000000000        0.0000000000000000     
   259.90306262708475        146.22956485014262        160.46687750565789        142.88770958434628        0.0000000000000000     
   229.22491138180436       -206.24570812349657       -93.035964984448427       -36.757000667165414        0.0000000000000000     
   160.87202599111089        60.016143273353954       -67.430912521209464       -106.13070891718085        80.419002445756163     

 PASSED   1.0000000000000001E-005
 MU_R    =    325.00000000000000     
 ALPHA_S =   0.11799999999999999     
 BORN                    1.6227792883532333E-008
 SINGLE POLE (MadFKS)   -9.2408587102540436E-011
 DOUBLE POLE (MadFKS)   -8.1270012650801864E-010
 SINGLE POLE (MadLoop)  -9.2408587102526658E-011
 DOUBLE POLE (MadLoop)  -8.1270012650802381E-010
 FINITE PART (MadLoop)   2.3307084973717180E-009
   325.00000000000000        0.0000000000000000        0.0000000000000000        325.00000000000000        0.0000000000000000     
   325.00000000000000        0.0000000000000000        0.0000000000000000       -325.00000000000000        0.0000000000000000     
   258.78395800172507       -137.67956229810730        209.06703554653922        65.608305055246802        0.0000000000000000     
   252.81838682676479        58.121358460848533       -245.99486919422776        5.0565540111908360        0.0000000000000000     
   138.39765517151005        79.558203837258773        36.927833647688544       -70.664859066437614        80.419002445756163     

 PASSED   1.0000000000000001E-005
 MU_R    =    325.00000000000000     
 ALPHA_S =   0.11799999999999999     
 BORN                    1.7699203932296132E-006
 SINGLE POLE (MadFKS)   -1.0078748477760910E-008
 DOUBLE POLE (MadFKS)   -8.8638950337264016E-008
 SINGLE POLE (MadLoop)  -1.0078748477761535E-008
 DOUBLE POLE (MadLoop)  -8.8638950337264228E-008
 FINITE PART (MadLoop)   4.2004509454603989E-007
   325.00000000000000        0.0000000000000000        0.0000000000000000        325.00000000000000        0.0000000000000000     
   325.00000000000000        0.0000000000000000        0.0000000000000000       -325.00000000000000        0.0000000000000000     
   232.21155539648910        30.772486400282542       -115.83045576778825       -198.89335347624763        0.0000000000000000     
   141.01729356837467        68.454714045500708        114.12553586650303       -46.638945887331325        0.0000000000000000     
   276.77115103513620       -99.227200445783296        1.7049199012852227        245.53229936357900        80.419002445756163     

 PASSED   1.0000000000000001E-005
 MU_R    =    325.00000000000000     
 ALPHA_S =   0.11799999999999999     
 BORN                    1.5814027958473291E-008
 SINGLE POLE (MadFKS)   -9.0052417511782443E-011
 DOUBLE POLE (MadFKS)   -7.9197846649217631E-010
 SINGLE POLE (MadLoop)  -9.0052417511826697E-011
 DOUBLE POLE (MadLoop)  -7.9197846649225014E-010
 FINITE PART (MadLoop)   2.0102203997091015E-009
   325.00000000000000        0.0000000000000000        0.0000000000000000        325.00000000000000        0.0000000000000000     
   325.00000000000000        0.0000000000000000        0.0000000000000000       -325.00000000000000        0.0000000000000000     
   292.90769708032809        103.28262386366137        180.50257984211908        206.26787749690479        0.0000000000000000     
   260.19623708932761       -77.851627434557486       -190.20703483052671       -159.56970201831939        0.0000000000000000     
   96.896065830344313       -25.430996429103921        9.7044549884076350       -46.698175478585419        80.419002445756163     

 PASSED   1.0000000000000001E-005
 MU_R    =    325.00000000000000     
 ALPHA_S =   0.11799999999999999     
 BORN                    2.2017599049455817E-007
 SINGLE POLE (MadFKS)   -1.2537843156817247E-009
 DOUBLE POLE (MadFKS)   -1.1026579930690254E-008
 SINGLE POLE (MadLoop)  -1.2537843156821222E-009
 DOUBLE POLE (MadLoop)  -1.1026579930690184E-008
 FINITE PART (MadLoop)   3.3830686584681796E-008
   325.00000000000000        0.0000000000000000        0.0000000000000000        325.00000000000000        0.0000000000000000     
   325.00000000000000        0.0000000000000000        0.0000000000000000       -325.00000000000000        0.0000000000000000     
   190.07507822892020        1.8552121334107377        122.37365362006629       -145.42964777288799        0.0000000000000000     
   267.98703215092428        112.13659794842280       -232.29890269940481        72.661218034566232        0.0000000000000000     
   191.93788962015543       -113.99181008183359        109.92524907933853        72.768429738321771        80.419002445756163     

 PASSED   1.0000000000000001E-005
 MU_R    =    325.00000000000000     
 ALPHA_S =   0.11799999999999999     
 BORN                    2.6943977886354939E-008
 SINGLE POLE (MadFKS)   -1.5343151994050887E-010
 DOUBLE POLE (MadFKS)   -1.3493747667368228E-009
 SINGLE POLE (MadLoop)  -1.5343151994049987E-010
 DOUBLE POLE (MadLoop)  -1.3493747667368223E-009
 FINITE PART (MadLoop)   3.5129940042083326E-009
   325.00000000000000        0.0000000000000000        0.0000000000000000        325.00000000000000        0.0000000000000000     
   325.00000000000000        0.0000000000000000        0.0000000000000000       -325.00000000000000        0.0000000000000000     
   177.64609683613000       -134.16989394391737        108.76297780954215        41.559474710235122        0.0000000000000000     
   274.53988603292464        41.417336706035094       -257.02949974497466       -87.135466395712299        0.0000000000000000     
   197.81401713094533        92.752557237882328        148.26652193543245        45.575991685477106        80.419002445756163     

 PASSED   1.0000000000000001E-005
 MU_R    =    325.00000000000000     
 ALPHA_S =   0.11799999999999999     
 BORN                    3.2202638091924434E-007
 SINGLE POLE (MadFKS)   -1.8337677270141625E-009
 DOUBLE POLE (MadFKS)   -1.6127324423617009E-008
 SINGLE POLE (MadLoop)  -1.8337677270142403E-009
 DOUBLE POLE (MadLoop)  -1.6127324423617251E-008
 FINITE PART (MadLoop)   3.5989672366725225E-008
   325.00000000000000        0.0000000000000000        0.0000000000000000        325.00000000000000        0.0000000000000000     
   325.00000000000000        0.0000000000000000        0.0000000000000000       -325.00000000000000        0.0000000000000000     
   223.13237846781291        84.896258034914084        38.828256875709236       -202.66487154997148        0.0000000000000000     
   152.22531183584491        15.991638419542767        144.75620459286162        44.299597019029640        0.0000000000000000     
   274.64230969634218       -100.88789645445689       -183.58446146857085        158.36527453094186        80.419002445756163     

 PASSED   1.0000000000000001E-005
 MU_R    =    325.00000000000000     
 ALPHA_S =   0.11799999999999999     
 BORN                    8.8437623811092277E-008
 SINGLE POLE (MadFKS)   -5.0360489080324518E-010
 DOUBLE POLE (MadFKS)   -4.4290230085619920E-009
 SINGLE POLE (MadLoop)  -5.0360489080327464E-010
 DOUBLE POLE (MadLoop)  -4.4290230085619465E-009
 FINITE PART (MadLoop)   9.5273600618298901E-009
   325.00000000000000        0.0000000000000000        0.0000000000000000        325.00000000000000        0.0000000000000000     
   325.00000000000000        0.0000000000000000        0.0000000000000000       -325.00000000000000        0.0000000000000000     
   314.95968001097981        249.39091464657156       -190.43576966451786        27.165959520103808        0.0000000000000000     
   116.83849988068704       -85.008364347816666        71.884514212101820       -35.460254677149315        0.0000000000000000     
   218.20182010833318       -164.38255029875492        118.55125545241600        8.2942951570454770        80.419002445756163     

 PASSED   1.0000000000000001E-005
 MU_R    =    325.00000000000000     
 ALPHA_S =   0.11799999999999999     
 BORN                    1.7123502374129546E-007
 SINGLE POLE (MadFKS)   -9.7509172812160419E-010
 DOUBLE POLE (MadFKS)   -8.5755793443958853E-009
 SINGLE POLE (MadLoop)  -9.7509172812164327E-010
 DOUBLE POLE (MadLoop)  -8.5755793443958059E-009
 FINITE PART (MadLoop)   4.1873611694467861E-008
   325.00000000000000        0.0000000000000000        0.0000000000000000        325.00000000000000        0.0000000000000000     
   325.00000000000000        0.0000000000000000        0.0000000000000000       -325.00000000000000        0.0000000000000000     
   138.35773296082530        135.98500794452005       -20.502360957569085       -15.185291553125635        0.0000000000000000     
   289.19760371396188       -234.84603633088730        23.602862329575391       -167.10924003004840        0.0000000000000000     
   222.44466332521282        98.861028386367252       -3.1005013720064221        182.29453158317403        80.419002445756163     

 PASSED   1.0000000000000001E-005
 MU_R    =    325.00000000000000     
 ALPHA_S =   0.11799999999999999     
 BORN                    4.8855654081957320E-008
 SINGLE POLE (MadFKS)   -2.7820677759977704E-010
 DOUBLE POLE (MadFKS)   -2.4467280632679639E-009
 SINGLE POLE (MadLoop)  -2.7820677759978050E-010
 DOUBLE POLE (MadLoop)  -2.4467280632679647E-009
 FINITE PART (MadLoop)   4.7428647560108681E-009
   325.00000000000000        0.0000000000000000        0.0000000000000000        325.00000000000000        0.0000000000000000     
   325.00000000000000        0.0000000000000000        0.0000000000000000       -325.00000000000000        0.0000000000000000     
   122.85349994636330        120.39552153459005        10.806557245234696       -21.934428736363781        0.0000000000000000     
   251.69144640996615       -68.951006677389188        235.35363622208573       -56.595130454462691        0.0000000000000000     
   275.45505364367057       -51.444514857200865       -246.16019346732043        78.529559190826475        80.419002445756163     

 PASSED   1.0000000000000001E-005
 MU_R    =    325.00000000000000     
 ALPHA_S =   0.11799999999999999     
 BORN                    1.3484269691743604E-007
 SINGLE POLE (MadFKS)   -7.6785692254435411E-010
 DOUBLE POLE (MadFKS)   -6.7530241253380331E-009
 SINGLE POLE (MadLoop)  -7.6785692254435659E-010
 DOUBLE POLE (MadLoop)  -6.7530241253380216E-009
 FINITE PART (MadLoop)   1.6122351010735937E-008
   325.00000000000000        0.0000000000000000        0.0000000000000000        325.00000000000000        0.0000000000000000     
   325.00000000000000        0.0000000000000000        0.0000000000000000       -325.00000000000000        0.0000000000000000     
   208.54972024604385        66.213133893873348       -52.758781655397492       -190.59201891184543        0.0000000000000000     
   201.29358457129564        145.33721043640705       -8.8186886853920949        138.99076653502937        0.0000000000000000     
   240.15669518266054       -211.55034433028035        61.577470340789617        51.601252376816070        80.419002445756163     

 PASSED   1.0000000000000001E-005
 MU_R    =    325.00000000000000     
 ALPHA_S =   0.11799999999999999     
 BORN                    4.6737107818890881E-008
 SINGLE POLE (MadFKS)   -2.6614279155519364E-010
 DOUBLE POLE (MadFKS)   -2.3406296660081380E-009
 SINGLE POLE (MadLoop)  -2.6614279155545937E-010
Thanks for using LHAPDF 6.2.1. Please make sure to cite the paper:
  Eur.Phys.J. C75 (2015) 3, 132  (http://arxiv.org/abs/1412.7420)
 DOUBLE POLE (MadLoop)  -2.3406296660081442E-009
 FINITE PART (MadLoop)   6.7647698236189785E-009
   325.00000000000000        0.0000000000000000        0.0000000000000000        325.00000000000000        0.0000000000000000     
   325.00000000000000        0.0000000000000000        0.0000000000000000       -325.00000000000000        0.0000000000000000     
   255.93180924964025       -217.58338703656071       -131.26341334732297        30.470920365199152        0.0000000000000000     
   293.42376717856786        244.39668806484150        161.74094300553671        14.409488675129467        0.0000000000000000     
   100.64442357179188       -26.813301028280840       -30.477529658213836       -44.880409040328622        80.419002445756163     

 PASSED   1.0000000000000001E-005
 MU_R    =    325.00000000000000     
 ALPHA_S =   0.11799999999999999     
 BORN                    7.9476024184221594E-009
 SINGLE POLE (MadFKS)   -4.5257338173474265E-011
 DOUBLE POLE (MadFKS)   -3.9802193294207108E-010
 SINGLE POLE (MadLoop)  -4.5257338173474414E-011
 DOUBLE POLE (MadLoop)  -3.9802193294207284E-010
 FINITE PART (MadLoop)   1.0001696146540819E-009
   325.00000000000000        0.0000000000000000        0.0000000000000000        325.00000000000000        0.0000000000000000     
   325.00000000000000        0.0000000000000000        0.0000000000000000       -325.00000000000000        0.0000000000000000     
   209.59755636632607       -60.200203086947838       -171.42068519019179        104.50846794375383        0.0000000000000000     
   225.94872844158510        211.75652845841989        50.521419419725696       -60.494518093987303        0.0000000000000000     
   214.45371519208882       -151.55632537147210        120.89926577046612       -44.013949849766462        80.419002445756163     

 PASSED   1.0000000000000001E-005
 MU_R    =    325.00000000000000     
 ALPHA_S =   0.11799999999999999     
 BORN                    1.1562945310933765E-006
 SINGLE POLE (MadFKS)   -6.5844779175832333E-009
 DOUBLE POLE (MadFKS)   -5.7908103612397503E-008
 SINGLE POLE (MadLoop)  -6.5844779175831588E-009
 DOUBLE POLE (MadLoop)  -5.7908103612393685E-008
 FINITE PART (MadLoop)   2.6536286405708690E-007
   325.00000000000000        0.0000000000000000        0.0000000000000000        325.00000000000000        0.0000000000000000     
   325.00000000000000        0.0000000000000000        0.0000000000000000       -325.00000000000000        0.0000000000000000     
   303.48097362183915        13.296059828115911        19.053037451459520       -302.59031363773016        0.0000000000000000     
   195.00293659086307        30.908904636422804       -49.750419099960794        185.99914164483380        0.0000000000000000     
   151.51608978729777       -44.204964464538605        30.697381648501032        116.59117199289616        80.419002445756163     

 NUMBER OF POINTS PASSING THE CHECK          20
 NUMBER OF POINTS FAILING THE CHECK           0
 TOLERANCE    1.0000000000000001E-005
