==== LHAPDF6 USING DEFAULT-TYPE LHAGLUE INTERFACE ====
LHAPDF 6.2.1 loading /cvmfs/cms.cern.ch/slc7_amd64_gcc700/external/lhapdf/6.2.1-pafccj3/share/LHAPDF/NNPDF31_nnlo_as_0118_nf_4_mc_hessian/NNPDF31_nnlo_as_0118_nf_4_mc_hessian_0000.dat
NNPDF31_nnlo_as_0118_nf_4_mc_hessian PDF set, member #0, version 1; LHAPDF ID = 325500
 A PDF is used, so alpha_s(MZ) is going to be modified
 Old value of alpha_s from param_card:   0.11799999999999999     
 New value of alpha_s from PDF lhapdf :  0.11266013434007299     
 *****************************************************
 *               MadGraph/MadEvent                   *
 *        --------------------------------           *
 *          http://madgraph.hep.uiuc.edu             *
 *          http://madgraph.phys.ucl.ac.be           *
 *          http://madgraph.roma2.infn.it            *
 *        --------------------------------           *
 *                                                   *
 *          PARAMETER AND COUPLING VALUES            *
 *                                                   *
 *****************************************************

  External Params
  ---------------------------------
  
 MU_R =    91.188000000000002     
 aEWM1 =    132.50700000000001     
 mdl_Gf =    1.1663900000000000E-005
 aS =   0.11799999999999999     
 mdl_ymb =    4.7000000000000002     
 mdl_ymt =    173.00000000000000     
 mdl_ymtau =    1.7769999999999999     
 mdl_MT =    173.00000000000000     
 mdl_MB =    4.7000000000000002     
 mdl_MZ =    91.188000000000002     
 mdl_MH =    125.00000000000000     
 mdl_MTA =    1.7769999999999999     
 mdl_WT =    1.4915000000000000     
 mdl_WZ =    2.4414039999999999     
 mdl_WW =    2.0476000000000001     
 mdl_WH =    6.3823389999999999E-003
  Internal Params
  ---------------------------------
  
 mdl_conjg__CKM3x3 =    1.0000000000000000     
 mdl_CKM22 =    1.0000000000000000     
 mdl_lhv =    1.0000000000000000     
 mdl_CKM3x3 =    1.0000000000000000     
 mdl_conjg__CKM22 =    1.0000000000000000     
 mdl_conjg__CKM33 =    1.0000000000000000     
 mdl_Ncol =    3.0000000000000000     
 mdl_CA =    3.0000000000000000     
 mdl_TF =   0.50000000000000000     
 mdl_CF =    1.3333333333333333     
 mdl_complexi =                (0.0000000000000000,1.0000000000000000)
 mdl_MZ__exp__2 =    8315.2513440000002     
 mdl_MZ__exp__4 =    69143404.913893804     
 mdl_sqrt__2 =    1.4142135623730951     
 mdl_MH__exp__2 =    15625.000000000000     
 mdl_Ncol__exp__2 =    9.0000000000000000     
 mdl_MB__exp__2 =    22.090000000000003     
 mdl_MT__exp__2 =    29929.000000000000     
 mdl_aEW =    7.5467711139788835E-003
 mdl_MW =    80.419002445756163     
 mdl_sqrt__aEW =    8.6872153846781555E-002
 mdl_ee =   0.30795376724436879     
 mdl_MW__exp__2 =    6467.2159543705357     
 mdl_sw2 =   0.22224648578577766     
 mdl_cw =   0.88190334743339216     
 mdl_sqrt__sw2 =   0.47143025548407230     
 mdl_sw =   0.47143025548407230     
 mdl_g1 =   0.34919219678733299     
 mdl_gw =   0.65323293034757990     
 mdl_v =    246.21845810181637     
 mdl_v__exp__2 =    60623.529110035903     
 mdl_lam =   0.12886910601690263     
 mdl_yb =    2.6995554250465490E-002
 mdl_yt =   0.99366614581500623     
 mdl_ytau =    1.0206617000654717E-002
 mdl_muH =    88.388347648318430     
 mdl_AxialZUp =  -0.18517701861793787     
 mdl_AxialZDown =   0.18517701861793787     
 mdl_VectorZUp =    7.5430507588273299E-002
 mdl_VectorZDown =  -0.13030376310310560     
 mdl_VectorAUp =   0.20530251149624587     
 mdl_VectorADown =  -0.10265125574812294     
 mdl_VectorWmDxU =   0.23095271737156670     
 mdl_AxialWmDxU =  -0.23095271737156670     
 mdl_VectorWpUxD =   0.23095271737156670     
 mdl_AxialWpUxD =  -0.23095271737156670     
 mdl_I1x33 =          (2.69955542504654901E-002,0.0000000000000000)
 mdl_I2x33 =               (0.99366614581500623,0.0000000000000000)
 mdl_I3x33 =               (0.99366614581500623,0.0000000000000000)
 mdl_I4x33 =          (2.69955542504654901E-002,0.0000000000000000)
 mdl_Vector_tbGp =              (-0.96667059156454072,0.0000000000000000)
 mdl_Axial_tbGp =              (-1.0206617000654716,-0.0000000000000000)
 mdl_Vector_tbGm =               (0.96667059156454072,0.0000000000000000)
 mdl_Axial_tbGm =              (-1.0206617000654716,-0.0000000000000000)
 mdl_gw__exp__2 =   0.42671326129048615     
 mdl_cw__exp__2 =   0.77775351421422245     
 mdl_ee__exp__2 =    9.4835522759998875E-002
 mdl_sw__exp__2 =   0.22224648578577769     
 mdl_yb__exp__2 =    7.2875994928982540E-004
 mdl_yt__exp__2 =   0.98737240933884918     
  Internal Params evaluated point by point
  ----------------------------------------
  
 mdl_sqrt__aS =   0.34351128074635334     
 mdl_G__exp__4 =    2.1987899468922913     
 mdl_G__exp__2 =    1.4828317324943823     
 mdl_R2MixedFactor_FIN_ =   -2.5040377713124864E-002
 mdl_G_UVg_1EPS_ =   -5.1645779033320030E-002
 mdl_G_UVq_1EPS_ =    3.1300472141406080E-003
 mdl_GWcft_UV_b_1EPS_ =   -3.1300472141406080E-003
 mdl_GWcft_UV_t_1EPS_ =   -3.1300472141406080E-003
 mdl_bWcft_UV_1EPS_ =   -1.8780283284843650E-002
 mdl_tWcft_UV_1EPS_ =   -1.8780283284843650E-002
 mdl_G__exp__3 =    1.8056676068262196     
 mdl_MU_R__exp__2 =    8315.2513440000002     
 mdl_G_UVb_FIN_ =    1.8563438626678915E-002
 mdl_G_UVt_FIN_ =   -4.0087659331150384E-003
 mdl_GWcft_UV_b_FIN_ =   -1.8563438626678915E-002
 mdl_GWcft_UV_t_FIN_ =    4.0087659331150384E-003
 mdl_bWcft_UV_FIN_ =  -0.13642100947319838     
 mdl_tWcft_UV_FIN_ =   -9.8778211443463623E-004
  Couplings of loop_sm
  ---------------------------------
  
      UV_GQQb =   0.00000E+00   0.22605E-01
      UV_GQQt =   0.00000E+00  -0.48815E-02
   UVWfct_G_2 =   0.40088E-02   0.00000E+00
   UVWfct_G_1 =  -0.18563E-01   0.00000E+00
       R2_DDA =   0.00000E+00   0.25704E-02
       R2_UUA =  -0.00000E+00  -0.51409E-02
    R2_UUZ_V2 =  -0.00000E+00  -0.72127E-02
    R2_UUZ_V5 =   0.00000E+00   0.68702E-03
      R2_sxcW =  -0.00000E+00  -0.11566E-01
      R2_GGHb =   0.00000E+00  -0.33698E-02
      R2_GGHt =   0.00000E+00  -0.45657E+01
     R2_GGZup =  -0.46369E-02   0.00000E+00
    R2_GGWWcs =   0.00000E+00   0.13356E-02
         GC_4 =  -0.12177E+01   0.00000E+00
         GC_5 =   0.00000E+00   0.12177E+01
       R2_GQQ =  -0.00000E+00  -0.30492E-01
       R2_QQq =   0.00000E+00   0.12520E-01
 UV_GQQg_1eps =   0.00000E+00  -0.62890E-01
 UV_GQQq_1eps =   0.00000E+00   0.38115E-02
 UVWfct_G_2_1eps -0.31300E-02   0.00000E+00
         GC_1 =  -0.00000E+00  -0.10265E+00
         GC_2 =   0.00000E+00   0.20530E+00
         GC_7 =   0.00000E+00   0.57609E+00
        GC_22 =   0.00000E+00   0.28804E+00
        GC_23 =  -0.00000E+00  -0.27437E-01
        GC_24 =   0.00000E+00   0.82310E-01
        GC_25 =   0.00000E+00   0.30795E+00
        GC_28 =   0.00000E+00   0.37035E+00
        GC_31 =   0.00000E+00   0.52532E+02
        GC_33 =  -0.00000E+00  -0.19089E-01
        GC_37 =  -0.00000E+00  -0.70263E+00
        GC_38 =  -0.00000E+00  -0.72172E-02
        GC_47 =   0.00000E+00   0.46191E+00

 Collider parameters:
 --------------------

 Running at P P   machine @    13000.000000000000       GeV
 PDF set = lhapdf 
 alpha_s(Mz)= 0.1127 running at 3 loops.
 alpha_s(Mz)= 0.1127 running at 3 loops.
 Renormalization scale set on event-by-event basis
 Factorization   scale set on event-by-event basis


 ===============================================================
 INFO: MadFKS read these parameters from FKS_params.dat
 ===============================================================
  > IRPoleCheckThreshold      =    1.0000000000000001E-005
  > PrecisionVirtualAtRunTime =    1.0000000000000000E-003
  > NHelForMCoverHels         =            4
  > VirtualFraction           =    1.0000000000000000     
  > MinVirtualFraction        =    5.0000000000000001E-003
 ===============================================================
  Insert the number of points to test
 Insert the relative tolerance
  A negative number will mean use the default one:    1.0000000000000001E-005
Using random seed offsets:     1 ,     43 ,      0
  with seed                   32
 Ranmar initialization seeds       10730        9449
  ========================================================================================== 
 {                                                                                          }
 {       [32m                                                                            [0m       }
 {       [32m                               ,,                                           [0m       }
 {       [32m`7MMM.     ,MMF'             `7MM  `7MMF'                                   [0m       }
 {       [32m  MMMb    dPMM                 MM    MM                                     [0m       }
 {       [32m  M YM   ,M MM   ,6"Yb.   ,M""bMM    MM         ,pW"Wq.   ,pW"Wq.`7MMpdMAo. [0m       }
 {       [32m  M  Mb  M' MM  8)   MM ,AP    MM    MM        6W'   `Wb 6W'   `Wb MM   `Wb [0m       }
 {       [32m  M  YM.P'  MM   ,pm9MM 8MI    MM    MM      , 8M     M8 8M     M8 MM    M8 [0m       }
 {       [32m  M  `YM'   MM  8M   MM `Mb    MM    MM     ,M YA.   ,A9 YA.   ,A9 MM   ,AP [0m       }
 {       [32m.JML. `'  .JMML.`Moo9^Yo.`Wbmd"MML..JMMmmmmMMM  `Ybmd9'   `Ybmd9'  MMbmmd'  [0m       }
 {       [32m                                                                   MM       [0m       }
 {       [32m                                                                 .JMML.     [0m       }
 {       [32m[0mv2.6.5 (2018-02-03), Ref: arXiv:1103.0621v2, arXiv:1405.0301[32m                [0m       }
 {       [32m                                                                            [0m       }
 {                                                                                          }
  ========================================================================================== 
 ===============================================================
 INFO: MadLoop read these parameters from ./MadLoop5_resources/MadLoopParams.dat                                                                                                                                                                                                                                                                                                                                                                                                                                                                                          
 ===============================================================
  > MLReductionLib            = 6|7|1
  > CTModeRun                 =           -1
  > MLStabThres               =    1.0000000000000000E-003
  > NRotations_DP             =            0
  > NRotations_QP             =            0
  > CTStabThres               =    1.0000000000000000E-002
  > CTLoopLibrary             =            2
  > CTModeInit                =            1
  > CheckCycle                =            3
  > MaxAttempts               =           10
  > UseLoopFilter             =  F
  > HelicityFilterLevel       =            2
  > ImprovePSPoint            =            2
  > DoubleCheckHelicityFilter =  T
  > LoopInitStartOver         =  F
  > HelInitStartOver          =  F
  > ZeroThres                 =    1.0000000000000001E-009
  > OSThres                   =    1.0000000000000000E-008
  > WriteOutFilters           =  T
  > UseQPIntegrandForNinja    =  T
  > UseQPIntegrandForCutTools =  T
  > IREGIMODE                 =            2
  > IREGIRECY                 =  T
  > COLLIERMode               =            1
  > COLLIERRequiredAccuracy   =    1.0000000000000000E-008
  > COLLIERCanOutput          =  F
  > COLLIERComputeUVpoles     =  T
  > COLLIERComputeIRpoles     =  T
  > COLLIERGlobalCache        =           -1
  > COLLIERUseCacheForPoles   =  F
  > COLLIERUseInternalStabilityTest =  T
 ===============================================================
  
------------------------------------------------------------------------
|              You are using CutTools - Version 1.9.3                  |
|              Authors: G. Ossola, C. Papadopoulos, R. Pittau          |
|              Published in JHEP 0803:042,2008                         |
|              http://www.ugr.es/~pittau/CutTools                      |
|                                                                      |
|              Compiler with  34  significant digits detetected        |
 ---------------------------------------------------------------------- 
   
########################################################################
#                                                                      #

  +----------------------------------------------------------------+
  |                                                                |
  |  Ninja - version 1.1.0                                         |
  |                                                                |
  |  Author: Tiziano Peraro                                        |
  |                                                                |
  |  Based on:                                                     |
  |                                                                |
  |      P. Mastrolia, E. Mirabella and T. Peraro,                 |
  |      "Integrand reduction of one-loop scattering amplitudes    |
  |      through Laurent series expansion,"                        |
  |      JHEP 1206 (2012) 095  [arXiv:1203.0291 [hep-ph]].         |
  |                                                                |
  |      T. Peraro,                                                |
  |      "Ninja: Automated Integrand Reduction via Laurent         |
  |      Expansion for One-Loop Amplitudes,"                       |
  |      Comput.Phys.Commun. 185 (2014) [arXiv:1403.1229 [hep-ph]] |
  |                                                                |
  +----------------------------------------------------------------+


#                      You are using OneLOop-3.6                       #
#                                                                      #
# for the evaluation of 1-loop scalar 1-, 2-, 3- and 4-point functions #
#                                                                      #
# author: Andreas van Hameren <hamerenREMOVETHIS@ifj.edu.pl>           #
#   date: 18-02-2015                                                   #
#                                                                      #
# Please cite                                                          #
#    A. van Hameren,                                                   #
#      Comput.Phys.Commun. 182 (2011) 2427-2438, arXiv:1007.4716       #
#    A. van Hameren, C.G. Papadopoulos and R. Pittau,                  #
#      JHEP 0909:106,2009, arXiv:0903.4665                             #
# in publications with results obtained with the help of this program. #
#                                                                      #
########################################################################
########################################################################
#                                                                      #
#                      You are using OneLOop-3.6                       #
#                                                                      #
# for the evaluation of 1-loop scalar 1-, 2-, 3- and 4-point functions #
#                                                                      #
# author: Andreas van Hameren <hamerenREMOVETHIS@ifj.edu.pl>           #
#   date: 18-02-2015                                                   #
#                                                                      #
# Please cite                                                          #
#    A. van Hameren,                                                   #
#      Comput.Phys.Commun. 182 (2011) 2427-2438, arXiv:1007.4716       #
#    A. van Hameren, C.G. Papadopoulos and R. Pittau,                  #
#      JHEP 0909:106,2009, arXiv:0903.4665                             #
# in publications with results obtained with the help of this program. #
#                                                                      #
########################################################################
 PASSED   1.0000000000000001E-005
 MU_R    =    325.00000000000000     
 ALPHA_S =   0.11799999999999999     
 BORN                    1.9243260367365642E-011
 SINGLE POLE (MadFKS)   -2.5534245768552612E-012
 DOUBLE POLE (MadFKS)   -2.0478986591310770E-012
 SINGLE POLE (MadLoop)  -2.5534245768552987E-012
 DOUBLE POLE (MadLoop)  -2.0478986591310681E-012
 FINITE PART (MadLoop)   7.2803234776047455E-013
   325.00000000000000        0.0000000000000000        0.0000000000000000        325.00000000000000        0.0000000000000000     
   325.00000000000000        0.0000000000000000        0.0000000000000000       -325.00000000000000        0.0000000000000000     
   94.967418390466676       -44.579465902604987        19.710222155043414       -81.504533114344397        0.0000000000000000     
   233.21575203202147       -100.20404461528048       -199.43799627078292       -67.625602267894081        0.0000000000000000     
   198.13171532369483        141.71571301800796        73.989570597382169        85.036232215166535        80.419002445756163     
   123.68511425381712        3.0677974998774946        105.73820351835728        64.093903167071957        0.0000000000000000     

 PASSED   1.0000000000000001E-005
 MU_R    =    325.00000000000000     
 ALPHA_S =   0.11799999999999999     
 BORN                    3.7409768817803310E-011
 SINGLE POLE (MadFKS)   -8.0970051724244089E-012
 DOUBLE POLE (MadFKS)   -3.9812076507735209E-012
 SINGLE POLE (MadLoop)  -8.0970051724279212E-012
 DOUBLE POLE (MadLoop)  -3.9812076507731711E-012
 FINITE PART (MadLoop)   9.9324615421177167E-013
   325.00000000000000        0.0000000000000000        0.0000000000000000        325.00000000000000        0.0000000000000000     
   325.00000000000000        0.0000000000000000        0.0000000000000000       -325.00000000000000        0.0000000000000000     
   67.739290920579691       -4.7981670461465571       -43.282976582674848       -51.886154854294460        0.0000000000000000     
   266.47872114858694        242.90851348058374       -41.495658289486535       -101.41239197830640        0.0000000000000000     
   295.94194175344404       -236.12083517290108        67.158492116897236        144.39911726968649        80.419002445756163     
   19.840046177389294       -1.9895112615360480        17.620142755264123        8.8994295629143618        0.0000000000000000     

 PASSED   1.0000000000000001E-005
 MU_R    =    325.00000000000000     
 ALPHA_S =   0.11799999999999999     
 BORN                    1.7721545646837941E-011
 SINGLE POLE (MadFKS)   -1.3013391789318648E-012
 DOUBLE POLE (MadFKS)   -1.8859553357931244E-012
 SINGLE POLE (MadLoop)  -1.3013391789310813E-012
 DOUBLE POLE (MadLoop)  -1.8859553357940098E-012
 FINITE PART (MadLoop)   3.1006741407013460E-012
   325.00000000000000        0.0000000000000000        0.0000000000000000        325.00000000000000        0.0000000000000000     
   325.00000000000000        0.0000000000000000        0.0000000000000000       -325.00000000000000        0.0000000000000000     
   69.073364845803766        55.162241668396362        9.0274736610018795        40.580309813244064        0.0000000000000000     
   98.010937034792519       -56.568104663964270       -30.351536712910860       -74.060634161001275        0.0000000000000000     
   240.08250835366402        193.98560520226985       -112.62867222851028       -29.270497593455953        80.419002445756163     
   242.83318976573960       -192.57974220670198        133.95273528041926        62.750821941213154        0.0000000000000000     

 PASSED   1.0000000000000001E-005
 MU_R    =    325.00000000000000     
 ALPHA_S =   0.11799999999999999     
 BORN                    1.7996499263787249E-011
 SINGLE POLE (MadFKS)   -2.9592802668198408E-013
 DOUBLE POLE (MadFKS)   -1.9152163410866268E-012
 SINGLE POLE (MadLoop)  -2.9592802667790059E-013
 DOUBLE POLE (MadLoop)  -1.9152163410866260E-012
 FINITE PART (MadLoop)   1.0786868048893714E-012
   325.00000000000000        0.0000000000000000        0.0000000000000000        325.00000000000000        0.0000000000000000     
   325.00000000000000        0.0000000000000000        0.0000000000000000       -325.00000000000000        0.0000000000000000     
   201.88448109222580        167.70643062186147       -5.4409346198046649        112.25993525926799        0.0000000000000000     
   118.57424034648253       -60.827909598131505       -23.018434418867717        99.146192889950328        0.0000000000000000     
   104.34060100242726        1.9598031579330242       -57.195635367223147       -33.831398577342284        80.419002445756163     
   225.20067755886438       -108.83832418166297        85.655004405895454       -177.57472957187596        0.0000000000000000     

 PASSED   1.0000000000000001E-005
 MU_R    =    325.00000000000000     
 ALPHA_S =   0.11799999999999999     
 BORN                    1.8620942307185525E-011
 SINGLE POLE (MadFKS)   -3.0907769520664109E-013
 DOUBLE POLE (MadFKS)   -1.9816705721714873E-012
 SINGLE POLE (MadLoop)  -3.0907769520651270E-013
 DOUBLE POLE (MadLoop)  -1.9816705721715107E-012
 FINITE PART (MadLoop)   3.2769839930191703E-012
   325.00000000000000        0.0000000000000000        0.0000000000000000        325.00000000000000        0.0000000000000000     
   325.00000000000000        0.0000000000000000        0.0000000000000000       -325.00000000000000        0.0000000000000000     
   68.769962017538475        26.440402317678714       -60.997425950653195        17.593374564521664        0.0000000000000000     
   118.84078403081891        78.880131785599289       -88.869577073456838        1.8041699839951679        0.0000000000000000     
   186.82823640538081       -54.406069494125887       -64.608129985055498        145.95664803635648        80.419002445756163     
   275.56101754626172       -50.914464609152141        214.47513300916552       -165.35419258487329        0.0000000000000000     

 PASSED   1.0000000000000001E-005
 MU_R    =    325.00000000000000     
 ALPHA_S =   0.11799999999999999     
 BORN                    2.5601251366981085E-011
 SINGLE POLE (MadFKS)   -1.2897927177367020E-012
 DOUBLE POLE (MadFKS)   -2.7245262676709077E-012
 SINGLE POLE (MadLoop)  -1.2897927177368868E-012
 DOUBLE POLE (MadLoop)  -2.7245262676709105E-012
 FINITE PART (MadLoop)  -1.1421900488893509E-012
   325.00000000000000        0.0000000000000000        0.0000000000000000        325.00000000000000        0.0000000000000000     
   325.00000000000000        0.0000000000000000        0.0000000000000000       -325.00000000000000        0.0000000000000000     
   239.55326746204452        117.69785014513938        132.88045695790115        160.85946718055956        0.0000000000000000     
   82.549428770711870        60.161123451834285       -52.580840638492688        20.743736720596424        0.0000000000000000     
   152.37419865162335       -53.526780527625561        24.355799233570810       -115.29249442351068        80.419002445756163     
   175.52310511562033       -124.33219306934811       -104.65541555297929       -66.310709477645318        0.0000000000000000     

 PASSED   1.0000000000000001E-005
 MU_R    =    325.00000000000000     
 ALPHA_S =   0.11799999999999999     
 BORN                    5.1636961060622355E-012
 SINGLE POLE (MadFKS)   -5.1072068508179823E-013
 DOUBLE POLE (MadFKS)   -5.4952882878925947E-013
 SINGLE POLE (MadLoop)  -5.1072068508176501E-013
 DOUBLE POLE (MadLoop)  -5.4952882878926118E-013
 FINITE PART (MadLoop)  -8.9005598000572411E-014
   325.00000000000000        0.0000000000000000        0.0000000000000000        325.00000000000000        0.0000000000000000     
   325.00000000000000        0.0000000000000000        0.0000000000000000       -325.00000000000000        0.0000000000000000     
   50.371655442053246        34.715934267472207       -28.217811628228105       -23.148708102685006        0.0000000000000000     
   232.84701253271800       -118.87691510439265        7.8945546248729483        200.05920700620018        0.0000000000000000     
   255.70397911631616        137.29250813158876       -76.902484901625655       -184.80823577005376        80.419002445756163     
   111.07735290891263       -53.131527294668331        97.225741904980879        7.8977368665385823        0.0000000000000000     

 PASSED   1.0000000000000001E-005
 MU_R    =    325.00000000000000     
 ALPHA_S =   0.11799999999999999     
 BORN                    1.7656314967042263E-010
 SINGLE POLE (MadFKS)   -1.8567959633357667E-012
 DOUBLE POLE (MadFKS)   -1.8790133821357115E-011
 SINGLE POLE (MadLoop)  -1.8567959632365038E-012
 DOUBLE POLE (MadLoop)  -1.8790133821356870E-011
 FINITE PART (MadLoop)  -1.1017683802244737E-012
   325.00000000000000        0.0000000000000000        0.0000000000000000        325.00000000000000        0.0000000000000000     
   325.00000000000000        0.0000000000000000        0.0000000000000000       -325.00000000000000        0.0000000000000000     
   137.44769387458845       -87.620562112102959       -48.319664635729929        94.232243187203622        0.0000000000000000     
   129.24734131333099       -33.386695509416406        48.363496726129767        115.11375236672565        0.0000000000000000     
   112.53301795734032       -55.129913806606176       -55.063172540796558       -11.189450819195152        80.419002445756163     
   270.77194685474018        176.13717142812558        55.019340450396719       -198.15654473473410        0.0000000000000000     

 PASSED   1.0000000000000001E-005
 MU_R    =    325.00000000000000     
 ALPHA_S =   0.11799999999999999     
 BORN                    5.6077142523478813E-012
 SINGLE POLE (MadFKS)   -4.1520463737672615E-013
 DOUBLE POLE (MadFKS)   -5.9678195269077443E-013
 SINGLE POLE (MadLoop)  -4.1520463737672398E-013
 DOUBLE POLE (MadLoop)  -5.9678195269077302E-013
 FINITE PART (MadLoop)   7.2153789690490600E-013
   325.00000000000000        0.0000000000000000        0.0000000000000000        325.00000000000000        0.0000000000000000     
   325.00000000000000        0.0000000000000000        0.0000000000000000       -325.00000000000000        0.0000000000000000     
   249.91338872065219        39.516559656240972        242.55054122949176       -45.435430272587922        0.0000000000000000     
   147.62293108866916       -80.548550887135121       -121.87429094174989        21.239537203956768        0.0000000000000000     
   137.96666437681503       -56.362947524294299       -74.148536275177335        62.392285096128198        80.419002445756163     
   114.49701581386361        97.394938755188420       -46.527714012564516       -38.196392027497055        0.0000000000000000     

 PASSED   1.0000000000000001E-005
 MU_R    =    325.00000000000000     
 ALPHA_S =   0.11799999999999999     
 BORN                    3.8088036597709046E-010
 SINGLE POLE (MadFKS)   -1.4922797337705630E-011
 DOUBLE POLE (MadFKS)   -4.0533899967213207E-011
 SINGLE POLE (MadLoop)  -1.4922797337602165E-011
 DOUBLE POLE (MadLoop)  -4.0533899967213511E-011
 FINITE PART (MadLoop)   4.1425370683488259E-011
   325.00000000000000        0.0000000000000000        0.0000000000000000        325.00000000000000        0.0000000000000000     
   325.00000000000000        0.0000000000000000        0.0000000000000000       -325.00000000000000        0.0000000000000000     
   40.404279391766174       -36.620295198217356        5.1917240340650599       -16.263633490626585        0.0000000000000000     
   134.28970095075880       -113.51259922427684       -68.458365515861004        21.495715612412397        0.0000000000000000     
   169.05994661764032       -106.42657661645281       -102.52068336670149        16.641600515446115        80.419002445756163     
   306.24607303983464        256.55947103894687        165.78732484849743       -21.873682637232026        0.0000000000000000     

 PASSED   1.0000000000000001E-005
 MU_R    =    325.00000000000000     
 ALPHA_S =   0.11799999999999999     
 BORN                    6.4711664577511607E-012
 SINGLE POLE (MadFKS)   -2.7509193062728022E-013
 DOUBLE POLE (MadFKS)   -6.8867192247302173E-013
 SINGLE POLE (MadLoop)  -2.7509193062652412E-013
 DOUBLE POLE (MadLoop)  -6.8867192247301799E-013
 FINITE PART (MadLoop)   2.2957158335391309E-013
   325.00000000000000        0.0000000000000000        0.0000000000000000        325.00000000000000        0.0000000000000000     
   325.00000000000000        0.0000000000000000        0.0000000000000000       -325.00000000000000        0.0000000000000000     
   95.363324962229370        85.614699257520428        35.710419827516986        22.114541248657421        0.0000000000000000     
   275.45476826409976       -258.50170910094675       -24.724726445765107        91.874281784950909        0.0000000000000000     
   88.234594852103072        5.6552706055310855        22.335861638985381       -28.058064323230798        80.419002445756163     
   190.94731192156783        167.23173923789514       -33.321555020737279       -85.930758710377731        0.0000000000000000     

 PASSED   1.0000000000000001E-005
 MU_R    =    325.00000000000000     
 ALPHA_S =   0.11799999999999999     
 BORN                    8.2089851184955422E-011
 SINGLE POLE (MadFKS)   -4.5470033599627194E-012
 DOUBLE POLE (MadFKS)   -8.7361337403633519E-012
 SINGLE POLE (MadLoop)  -4.5470033599613955E-012
 DOUBLE POLE (MadLoop)  -8.7361337403632808E-012
 FINITE PART (MadLoop)   3.1812150327364060E-011
   325.00000000000000        0.0000000000000000        0.0000000000000000        325.00000000000000        0.0000000000000000     
   325.00000000000000        0.0000000000000000        0.0000000000000000       -325.00000000000000        0.0000000000000000     
   166.27604090040063       -146.06282582940710       -17.789492172354841       -77.439696903395273        0.0000000000000000     
   108.78507973218133       -81.912620233164859        71.370379282967576       -5.5484394093936693        0.0000000000000000     
   281.26633665679088        213.88830975350905       -8.3287982907853522        163.78631887852865        80.419002445756163     
   93.672542710627226        14.087136309062926       -45.252088819827357       -80.798182565739808        0.0000000000000000     

 PASSED   1.0000000000000001E-005
 MU_R    =    325.00000000000000     
 ALPHA_S =   0.11799999999999999     
 BORN                    4.3071707609362731E-011
 SINGLE POLE (MadFKS)   -1.2159750523152173E-012
 DOUBLE POLE (MadFKS)   -4.5837602659727982E-012
 SINGLE POLE (MadLoop)  -1.2159750523151220E-012
 DOUBLE POLE (MadLoop)  -4.5837602659728136E-012
 FINITE PART (MadLoop)   3.8361371060302890E-012
   325.00000000000000        0.0000000000000000        0.0000000000000000        325.00000000000000        0.0000000000000000     
   325.00000000000000        0.0000000000000000        0.0000000000000000       -325.00000000000000        0.0000000000000000     
   190.80576610054374       -95.716061717721345        138.23854487019588        90.196344818598931        0.0000000000000000     
   85.903901726889600        42.029297912330009        74.734936746574306        5.2638083537736682        0.0000000000000000     
   170.14992382442932        121.25244831540432       -78.244991930056557        40.735066447400897        80.419002445756163     
   203.14040834813738       -67.565684510013000       -134.72848968671371       -136.19521961977347        0.0000000000000000     

 PASSED   1.0000000000000001E-005
 MU_R    =    325.00000000000000     
 ALPHA_S =   0.11799999999999999     
 BORN                    3.2717304728646779E-011
 SINGLE POLE (MadFKS)   -5.5218087901692997E-012
 DOUBLE POLE (MadFKS)   -3.4818280896830666E-012
 SINGLE POLE (MadLoop)  -5.5218087901692068E-012
 DOUBLE POLE (MadLoop)  -3.4818280896830379E-012
 FINITE PART (MadLoop)   6.5906378275538755E-012
   325.00000000000000        0.0000000000000000        0.0000000000000000        325.00000000000000        0.0000000000000000     
   325.00000000000000        0.0000000000000000        0.0000000000000000       -325.00000000000000        0.0000000000000000     
   223.05161260309660        54.622535626685000       -125.38090485590091       -176.20450954521269        0.0000000000000000     
   182.26880478637818       -120.51441060457529        133.65985871141132        28.865831083345498        0.0000000000000000     
   132.43237173186105        46.121805296550555        67.147979247222494        66.596134177270145        80.419002445756163     
   112.24721087866418        19.770069681339891       -75.426933102732917        80.742544284597088        0.0000000000000000     

 PASSED   1.0000000000000001E-005
 MU_R    =    325.00000000000000     
 ALPHA_S =   0.11799999999999999     
 BORN                    4.8944177075706190E-010
 SINGLE POLE (MadFKS)   -1.0595808943583937E-010
 DOUBLE POLE (MadFKS)   -5.2087178935434383E-011
 SINGLE POLE (MadLoop)  -1.0595808943525719E-010
 DOUBLE POLE (MadLoop)  -5.2087178935436050E-011
 FINITE PART (MadLoop)   1.6386563447458880E-010
   325.00000000000000        0.0000000000000000        0.0000000000000000        325.00000000000000        0.0000000000000000     
   325.00000000000000        0.0000000000000000        0.0000000000000000       -325.00000000000000        0.0000000000000000     
   186.01826005681565        86.559114460067121        47.640807656260257       -157.60921998510526        0.0000000000000000     
   174.24922899530782       -130.20823691827661       -46.508409030603254       -106.04516364990570        0.0000000000000000     
   277.97556110374609        45.018805815132659       -12.683621825972109        261.94585218500220        80.419002445756163     
   11.756949844130503       -1.3696833569231672        11.551223200315142        1.7085314500087909        0.0000000000000000     

 PASSED   1.0000000000000001E-005
 MU_R    =    325.00000000000000     
 ALPHA_S =   0.11799999999999999     
 BORN                    6.6960008629661298E-012
 SINGLE POLE (MadFKS)   -5.8464517775968726E-013
 DOUBLE POLE (MadFKS)   -7.1259916079834825E-013
 SINGLE POLE (MadLoop)  -5.8464517775968877E-013
 DOUBLE POLE (MadLoop)  -7.1259916079834855E-013
 FINITE PART (MadLoop)   4.6168531517620221E-014
   325.00000000000000        0.0000000000000000        0.0000000000000000        325.00000000000000        0.0000000000000000     
   325.00000000000000        0.0000000000000000        0.0000000000000000       -325.00000000000000        0.0000000000000000     
   227.30279333751793       -222.73132789947368       -40.372707811453168        20.672684759038042        0.0000000000000000     
   106.69744949095916        62.925397941896968       -76.761860554747017       -39.145329043236650        0.0000000000000000     
   231.25529400344229        204.47651499815356        52.248049432768710        49.712082987226069        80.419002445756163     
   84.744463168080642       -44.670585040576867        64.886518933431475       -31.239438703027357        0.0000000000000000     

 PASSED   1.0000000000000001E-005
 MU_R    =    325.00000000000000     
 ALPHA_S =   0.11799999999999999     
 BORN                    1.5085135055530750E-011
 SINGLE POLE (MadFKS)   -1.5344346755597553E-012
 DOUBLE POLE (MadFKS)   -1.6053842884869610E-012
 SINGLE POLE (MadLoop)  -1.5344346755597454E-012
 DOUBLE POLE (MadLoop)  -1.6053842884869559E-012
 FINITE PART (MadLoop)   1.8431435095138786E-012
   325.00000000000000        0.0000000000000000        0.0000000000000000        325.00000000000000        0.0000000000000000     
   325.00000000000000        0.0000000000000000        0.0000000000000000       -325.00000000000000        0.0000000000000000     
   215.66812244247046        201.08416426228953        57.442631521689016       -52.709031528386632        0.0000000000000000     
   75.790233300655117       -74.137574269477895        9.5212460148542739       -12.534967871119640        0.0000000000000000     
   181.19987087716197        4.8161904861227303       -162.20902096846757       -5.5870454788073296        80.419002445756163     
   177.34177337971244       -131.76278047893436        95.245143431924234        70.831044878313591        0.0000000000000000     

 PASSED   1.0000000000000001E-005
 MU_R    =    325.00000000000000     
 ALPHA_S =   0.11799999999999999     
 BORN                    4.6223704586858182E-012
 SINGLE POLE (MadFKS)   -2.3985871786762237E-013
 DOUBLE POLE (MadFKS)   -4.9192008441580320E-013
 SINGLE POLE (MadLoop)  -2.3985871786743364E-013
 DOUBLE POLE (MadLoop)  -4.9192008441579694E-013
 FINITE PART (MadLoop)  -1.4144256588715308E-012
   325.00000000000000        0.0000000000000000        0.0000000000000000        325.00000000000000        0.0000000000000000     
   325.00000000000000        0.0000000000000000        0.0000000000000000       -325.00000000000000        0.0000000000000000     
   65.243760751313005        37.240266890220092        7.3600517202259272        53.063551309682900        0.0000000000000000     
   93.340625685838887        61.653215497497037       -44.263759779876040       -54.332982546446921        0.0000000000000000     
   291.18825699341261       -167.02545854867543        219.81216450647551        45.918336076930309        80.419002445756163     
   200.22735656943550        68.131976160958288       -182.90845644682545       -44.648904840166303        0.0000000000000000     

 PASSED   1.0000000000000001E-005
 MU_R    =    325.00000000000000     
 ALPHA_S =   0.11799999999999999     
 BORN                    8.3612043606385068E-012
 SINGLE POLE (MadFKS)   -8.6667384082433475E-013
 DOUBLE POLE (MadFKS)   -8.8981279013981335E-013
 SINGLE POLE (MadLoop)  -8.6667384082552211E-013
 DOUBLE POLE (MadLoop)  -8.8981279013981093E-013
 FINITE PART (MadLoop)   1.4691051330429136E-012
   325.00000000000000        0.0000000000000000        0.0000000000000000        325.00000000000000        0.0000000000000000     
   325.00000000000000        0.0000000000000000        0.0000000000000000       -325.00000000000000        0.0000000000000000     
   169.05657307553017       -95.219813077836022       -41.479020038231148       -133.38966599452925        0.0000000000000000     
   215.92158515002919        168.04163883774547        120.47352225875726        62.211485957134627        0.0000000000000000     
Thanks for using LHAPDF 6.2.1. Please make sure to cite the paper:
  Eur.Phys.J. C75 (2015) 3, 132  (http://arxiv.org/abs/1412.7420)
   99.281250080174871        57.734822960421766       0.78441953443916534        7.4582549456582052        80.419002445756163     
   165.74059169426582       -130.55664872033120       -79.778921754965253        63.719925091736478        0.0000000000000000     

 PASSED   1.0000000000000001E-005
 MU_R    =    325.00000000000000     
 ALPHA_S =   0.11799999999999999     
 BORN                    2.9633791614708296E-011
 SINGLE POLE (MadFKS)   -1.3841430048303839E-012
 DOUBLE POLE (MadFKS)   -3.1536756741933942E-012
 SINGLE POLE (MadLoop)  -1.3841430048306097E-012
 DOUBLE POLE (MadLoop)  -3.1536756741933897E-012
 FINITE PART (MadLoop)   5.3632006106266269E-012
   325.00000000000000        0.0000000000000000        0.0000000000000000        325.00000000000000        0.0000000000000000     
   325.00000000000000        0.0000000000000000        0.0000000000000000       -325.00000000000000        0.0000000000000000     
   75.321734404211099        46.607585092527763        50.986913547121524       -30.023846063415320        0.0000000000000000     
   222.38770656469310       -11.010833439943051        217.68843482887650        44.122544348845857        0.0000000000000000     
   218.37936783172958       -55.905780499304434       -177.28578908670366        81.649403150811423        80.419002445756163     
   133.91119119936621        20.309028846719695       -91.389559289294368       -95.748101436241967        0.0000000000000000     

 NUMBER OF POINTS PASSING THE CHECK          20
 NUMBER OF POINTS FAILING THE CHECK           0
 TOLERANCE    1.0000000000000001E-005
