==== LHAPDF6 USING DEFAULT-TYPE LHAGLUE INTERFACE ====
LHAPDF 6.2.1 loading /cvmfs/cms.cern.ch/slc7_amd64_gcc700/external/lhapdf/6.2.1-pafccj3/share/LHAPDF/NNPDF31_nnlo_as_0118_nf_4_mc_hessian/NNPDF31_nnlo_as_0118_nf_4_mc_hessian_0000.dat
NNPDF31_nnlo_as_0118_nf_4_mc_hessian PDF set, member #0, version 1; LHAPDF ID = 325500
 A PDF is used, so alpha_s(MZ) is going to be modified
 Old value of alpha_s from param_card:   0.11799999999999999     
 New value of alpha_s from PDF lhapdf :  0.11266013434007299     
 *****************************************************
 *               MadGraph/MadEvent                   *
 *        --------------------------------           *
 *          http://madgraph.hep.uiuc.edu             *
 *          http://madgraph.phys.ucl.ac.be           *
 *          http://madgraph.roma2.infn.it            *
 *        --------------------------------           *
 *                                                   *
 *          PARAMETER AND COUPLING VALUES            *
 *                                                   *
 *****************************************************

  External Params
  ---------------------------------
  
 MU_R =    91.188000000000002     
 aEWM1 =    132.50700000000001     
 mdl_Gf =    1.1663900000000000E-005
 aS =   0.11799999999999999     
 mdl_ymb =    4.7000000000000002     
 mdl_ymt =    173.00000000000000     
 mdl_ymtau =    1.7769999999999999     
 mdl_MT =    173.00000000000000     
 mdl_MB =    4.7000000000000002     
 mdl_MZ =    91.188000000000002     
 mdl_MH =    125.00000000000000     
 mdl_MTA =    1.7769999999999999     
 mdl_WT =    1.4915000000000000     
 mdl_WZ =    2.4414039999999999     
 mdl_WW =    2.0476000000000001     
 mdl_WH =    6.3823389999999999E-003
  Internal Params
  ---------------------------------
  
 mdl_conjg__CKM3x3 =    1.0000000000000000     
 mdl_CKM22 =    1.0000000000000000     
 mdl_lhv =    1.0000000000000000     
 mdl_CKM3x3 =    1.0000000000000000     
 mdl_conjg__CKM22 =    1.0000000000000000     
 mdl_conjg__CKM33 =    1.0000000000000000     
 mdl_Ncol =    3.0000000000000000     
 mdl_CA =    3.0000000000000000     
 mdl_TF =   0.50000000000000000     
 mdl_CF =    1.3333333333333333     
 mdl_complexi =                (0.0000000000000000,1.0000000000000000)
 mdl_MZ__exp__2 =    8315.2513440000002     
 mdl_MZ__exp__4 =    69143404.913893804     
 mdl_sqrt__2 =    1.4142135623730951     
 mdl_MH__exp__2 =    15625.000000000000     
 mdl_Ncol__exp__2 =    9.0000000000000000     
 mdl_MB__exp__2 =    22.090000000000003     
 mdl_MT__exp__2 =    29929.000000000000     
 mdl_aEW =    7.5467711139788835E-003
 mdl_MW =    80.419002445756163     
 mdl_sqrt__aEW =    8.6872153846781555E-002
 mdl_ee =   0.30795376724436879     
 mdl_MW__exp__2 =    6467.2159543705357     
 mdl_sw2 =   0.22224648578577766     
 mdl_cw =   0.88190334743339216     
 mdl_sqrt__sw2 =   0.47143025548407230     
 mdl_sw =   0.47143025548407230     
 mdl_g1 =   0.34919219678733299     
 mdl_gw =   0.65323293034757990     
 mdl_v =    246.21845810181637     
 mdl_v__exp__2 =    60623.529110035903     
 mdl_lam =   0.12886910601690263     
 mdl_yb =    2.6995554250465490E-002
 mdl_yt =   0.99366614581500623     
 mdl_ytau =    1.0206617000654717E-002
 mdl_muH =    88.388347648318430     
 mdl_AxialZUp =  -0.18517701861793787     
 mdl_AxialZDown =   0.18517701861793787     
 mdl_VectorZUp =    7.5430507588273299E-002
 mdl_VectorZDown =  -0.13030376310310560     
 mdl_VectorAUp =   0.20530251149624587     
 mdl_VectorADown =  -0.10265125574812294     
 mdl_VectorWmDxU =   0.23095271737156670     
 mdl_AxialWmDxU =  -0.23095271737156670     
 mdl_VectorWpUxD =   0.23095271737156670     
 mdl_AxialWpUxD =  -0.23095271737156670     
 mdl_I1x33 =          (2.69955542504654901E-002,0.0000000000000000)
 mdl_I2x33 =               (0.99366614581500623,0.0000000000000000)
 mdl_I3x33 =               (0.99366614581500623,0.0000000000000000)
 mdl_I4x33 =          (2.69955542504654901E-002,0.0000000000000000)
 mdl_Vector_tbGp =              (-0.96667059156454072,0.0000000000000000)
 mdl_Axial_tbGp =              (-1.0206617000654716,-0.0000000000000000)
 mdl_Vector_tbGm =               (0.96667059156454072,0.0000000000000000)
 mdl_Axial_tbGm =              (-1.0206617000654716,-0.0000000000000000)
 mdl_gw__exp__2 =   0.42671326129048615     
 mdl_cw__exp__2 =   0.77775351421422245     
 mdl_ee__exp__2 =    9.4835522759998875E-002
 mdl_sw__exp__2 =   0.22224648578577769     
 mdl_yb__exp__2 =    7.2875994928982540E-004
 mdl_yt__exp__2 =   0.98737240933884918     
  Internal Params evaluated point by point
  ----------------------------------------
  
 mdl_sqrt__aS =   0.34351128074635334     
 mdl_G__exp__4 =    2.1987899468922913     
 mdl_G__exp__2 =    1.4828317324943823     
 mdl_R2MixedFactor_FIN_ =   -2.5040377713124864E-002
 mdl_G_UVg_1EPS_ =   -5.1645779033320030E-002
 mdl_G_UVq_1EPS_ =    3.1300472141406080E-003
 mdl_GWcft_UV_b_1EPS_ =   -3.1300472141406080E-003
 mdl_GWcft_UV_t_1EPS_ =   -3.1300472141406080E-003
 mdl_bWcft_UV_1EPS_ =   -1.8780283284843650E-002
 mdl_tWcft_UV_1EPS_ =   -1.8780283284843650E-002
 mdl_G__exp__3 =    1.8056676068262196     
 mdl_MU_R__exp__2 =    8315.2513440000002     
 mdl_G_UVb_FIN_ =    1.8563438626678915E-002
 mdl_G_UVt_FIN_ =   -4.0087659331150384E-003
 mdl_GWcft_UV_b_FIN_ =   -1.8563438626678915E-002
 mdl_GWcft_UV_t_FIN_ =    4.0087659331150384E-003
 mdl_bWcft_UV_FIN_ =  -0.13642100947319838     
 mdl_tWcft_UV_FIN_ =   -9.8778211443463623E-004
  Couplings of loop_sm
  ---------------------------------
  
      UV_GQQb =   0.00000E+00   0.22605E-01
      UV_GQQt =   0.00000E+00  -0.48815E-02
   UVWfct_G_2 =   0.40088E-02   0.00000E+00
   UVWfct_G_1 =  -0.18563E-01   0.00000E+00
       R2_DDA =   0.00000E+00   0.25704E-02
       R2_UUA =  -0.00000E+00  -0.51409E-02
    R2_UUZ_V2 =  -0.00000E+00  -0.72127E-02
    R2_UUZ_V5 =   0.00000E+00   0.68702E-03
      R2_sxcW =  -0.00000E+00  -0.11566E-01
      R2_GGHb =   0.00000E+00  -0.33698E-02
      R2_GGHt =   0.00000E+00  -0.45657E+01
     R2_GGZup =  -0.46369E-02   0.00000E+00
    R2_GGWWcs =   0.00000E+00   0.13356E-02
         GC_4 =  -0.12177E+01   0.00000E+00
         GC_5 =   0.00000E+00   0.12177E+01
       R2_GQQ =  -0.00000E+00  -0.30492E-01
       R2_QQq =   0.00000E+00   0.12520E-01
 UV_GQQg_1eps =   0.00000E+00  -0.62890E-01
 UV_GQQq_1eps =   0.00000E+00   0.38115E-02
 UVWfct_G_2_1eps -0.31300E-02   0.00000E+00
         GC_1 =  -0.00000E+00  -0.10265E+00
         GC_2 =   0.00000E+00   0.20530E+00
         GC_7 =   0.00000E+00   0.57609E+00
        GC_22 =   0.00000E+00   0.28804E+00
        GC_23 =  -0.00000E+00  -0.27437E-01
        GC_24 =   0.00000E+00   0.82310E-01
        GC_25 =   0.00000E+00   0.30795E+00
        GC_28 =   0.00000E+00   0.37035E+00
        GC_31 =   0.00000E+00   0.52532E+02
        GC_33 =  -0.00000E+00  -0.19089E-01
        GC_37 =  -0.00000E+00  -0.70263E+00
        GC_38 =  -0.00000E+00  -0.72172E-02
        GC_47 =   0.00000E+00   0.46191E+00

 Collider parameters:
 --------------------

 Running at P P   machine @    13000.000000000000       GeV
 PDF set = lhapdf 
 alpha_s(Mz)= 0.1127 running at 3 loops.
 alpha_s(Mz)= 0.1127 running at 3 loops.
 Renormalization scale set on event-by-event basis
 Factorization   scale set on event-by-event basis


 ===============================================================
 INFO: MadFKS read these parameters from FKS_params.dat
 ===============================================================
  > IRPoleCheckThreshold      =    1.0000000000000001E-005
  > PrecisionVirtualAtRunTime =    1.0000000000000000E-003
  > NHelForMCoverHels         =            4
  > VirtualFraction           =    1.0000000000000000     
  > MinVirtualFraction        =    5.0000000000000001E-003
 ===============================================================
  Insert the number of points to test
 Insert the relative tolerance
  A negative number will mean use the default one:    1.0000000000000001E-005
Using random seed offsets:     1 ,     38 ,      0
  with seed                   32
 Ranmar initialization seeds       10730        9444
  ========================================================================================== 
 {                                                                                          }
 {       [32m                                                                            [0m       }
 {       [32m                               ,,                                           [0m       }
 {       [32m`7MMM.     ,MMF'             `7MM  `7MMF'                                   [0m       }
 {       [32m  MMMb    dPMM                 MM    MM                                     [0m       }
 {       [32m  M YM   ,M MM   ,6"Yb.   ,M""bMM    MM         ,pW"Wq.   ,pW"Wq.`7MMpdMAo. [0m       }
 {       [32m  M  Mb  M' MM  8)   MM ,AP    MM    MM        6W'   `Wb 6W'   `Wb MM   `Wb [0m       }
 {       [32m  M  YM.P'  MM   ,pm9MM 8MI    MM    MM      , 8M     M8 8M     M8 MM    M8 [0m       }
 {       [32m  M  `YM'   MM  8M   MM `Mb    MM    MM     ,M YA.   ,A9 YA.   ,A9 MM   ,AP [0m       }
 {       [32m.JML. `'  .JMML.`Moo9^Yo.`Wbmd"MML..JMMmmmmMMM  `Ybmd9'   `Ybmd9'  MMbmmd'  [0m       }
 {       [32m                                                                   MM       [0m       }
 {       [32m                                                                 .JMML.     [0m       }
 {       [32m[0mv2.6.5 (2018-02-03), Ref: arXiv:1103.0621v2, arXiv:1405.0301[32m                [0m       }
 {       [32m                                                                            [0m       }
 {                                                                                          }
  ========================================================================================== 
 ===============================================================
 INFO: MadLoop read these parameters from ./MadLoop5_resources/MadLoopParams.dat                                                                                                                                                                                                                                                                                                                                                                                                                                                                                          
 ===============================================================
  > MLReductionLib            = 6|7|1
  > CTModeRun                 =           -1
  > MLStabThres               =    1.0000000000000000E-003
  > NRotations_DP             =            0
  > NRotations_QP             =            0
  > CTStabThres               =    1.0000000000000000E-002
  > CTLoopLibrary             =            2
  > CTModeInit                =            1
  > CheckCycle                =            3
  > MaxAttempts               =           10
  > UseLoopFilter             =  F
  > HelicityFilterLevel       =            2
  > ImprovePSPoint            =            2
  > DoubleCheckHelicityFilter =  T
  > LoopInitStartOver         =  F
  > HelInitStartOver          =  F
  > ZeroThres                 =    1.0000000000000001E-009
  > OSThres                   =    1.0000000000000000E-008
  > WriteOutFilters           =  T
  > UseQPIntegrandForNinja    =  T
  > UseQPIntegrandForCutTools =  T
  > IREGIMODE                 =            2
  > IREGIRECY                 =  T
  > COLLIERMode               =            1
  > COLLIERRequiredAccuracy   =    1.0000000000000000E-008
  > COLLIERCanOutput          =  F
  > COLLIERComputeUVpoles     =  T
  > COLLIERComputeIRpoles     =  T
  > COLLIERGlobalCache        =           -1
  > COLLIERUseCacheForPoles   =  F
  > COLLIERUseInternalStabilityTest =  T
 ===============================================================
  
------------------------------------------------------------------------
|              You are using CutTools - Version 1.9.3                  |
|              Authors: G. Ossola, C. Papadopoulos, R. Pittau          |
|              Published in JHEP 0803:042,2008                         |
|              http://www.ugr.es/~pittau/CutTools                      |
|                                                                      |
|              Compiler with  34  significant digits detetected        |
 ---------------------------------------------------------------------- 
   
########################################################################
#                                                                      #

  +----------------------------------------------------------------+
  |                                                                |
  |  Ninja - version 1.1.0                                         |
  |                                                                |
  |  Author: Tiziano Peraro                                        |
  |                                                                |
  |  Based on:                                                     |
  |                                                                |
  |      P. Mastrolia, E. Mirabella and T. Peraro,                 |
  |      "Integrand reduction of one-loop scattering amplitudes    |
  |      through Laurent series expansion,"                        |
  |      JHEP 1206 (2012) 095  [arXiv:1203.0291 [hep-ph]].         |
  |                                                                |
  |      T. Peraro,                                                |
  |      "Ninja: Automated Integrand Reduction via Laurent         |
  |      Expansion for One-Loop Amplitudes,"                       |
  |      Comput.Phys.Commun. 185 (2014) [arXiv:1403.1229 [hep-ph]] |
  |                                                                |
  +----------------------------------------------------------------+


#                      You are using OneLOop-3.6                       #
#                                                                      #
# for the evaluation of 1-loop scalar 1-, 2-, 3- and 4-point functions #
#                                                                      #
# author: Andreas van Hameren <hamerenREMOVETHIS@ifj.edu.pl>           #
#   date: 18-02-2015                                                   #
#                                                                      #
# Please cite                                                          #
#    A. van Hameren,                                                   #
#      Comput.Phys.Commun. 182 (2011) 2427-2438, arXiv:1007.4716       #
#    A. van Hameren, C.G. Papadopoulos and R. Pittau,                  #
#      JHEP 0909:106,2009, arXiv:0903.4665                             #
# in publications with results obtained with the help of this program. #
#                                                                      #
########################################################################
########################################################################
#                                                                      #
#                      You are using OneLOop-3.6                       #
#                                                                      #
# for the evaluation of 1-loop scalar 1-, 2-, 3- and 4-point functions #
#                                                                      #
# author: Andreas van Hameren <hamerenREMOVETHIS@ifj.edu.pl>           #
#   date: 18-02-2015                                                   #
#                                                                      #
# Please cite                                                          #
#    A. van Hameren,                                                   #
#      Comput.Phys.Commun. 182 (2011) 2427-2438, arXiv:1007.4716       #
#    A. van Hameren, C.G. Papadopoulos and R. Pittau,                  #
#      JHEP 0909:106,2009, arXiv:0903.4665                             #
# in publications with results obtained with the help of this program. #
#                                                                      #
########################################################################
 PASSED   1.0000000000000001E-005
 MU_R    =    325.00000000000000     
 ALPHA_S =   0.11799999999999999     
 BORN                    2.5595224147093320E-008
 SINGLE POLE (MadFKS)   -1.4575108993447252E-010
 DOUBLE POLE (MadFKS)   -1.2818281605906220E-009
 SINGLE POLE (MadLoop)  -1.4575108993445057E-010
 DOUBLE POLE (MadLoop)  -1.2818281605906268E-009
 FINITE PART (MadLoop)   2.6306622583952417E-009
   325.00000000000000        0.0000000000000000        0.0000000000000000        325.00000000000000        0.0000000000000000     
   325.00000000000000        0.0000000000000000        0.0000000000000000       -325.00000000000000        0.0000000000000000     
   261.61720871696474       -15.139033905685942        14.402425727363928        260.77535534138593        1.7769999999999999     
   275.75645730365420       -58.736698410539503        11.854472744330215       -269.16741162415133        0.0000000000000000     
   112.62633397938107        73.875732316225395       -26.256898471694260        8.3920562827653598        80.419002445756163     

 PASSED   1.0000000000000001E-005
 MU_R    =    325.00000000000000     
 ALPHA_S =   0.11799999999999999     
 BORN                    7.2554622029805770E-009
 SINGLE POLE (MadFKS)   -4.1315970432041687E-011
 DOUBLE POLE (MadFKS)   -3.6335902809186932E-010
 SINGLE POLE (MadLoop)  -4.1315970432042695E-011
 DOUBLE POLE (MadLoop)  -3.6335902809186896E-010
 FINITE PART (MadLoop)   7.8833001885689222E-010
   325.00000000000000        0.0000000000000000        0.0000000000000000        325.00000000000000        0.0000000000000000     
   325.00000000000000        0.0000000000000000        0.0000000000000000       -325.00000000000000        0.0000000000000000     
   224.03123895535052        16.340465962649819        117.29703659659884        190.16107034997725        1.7769999999999999     
   214.14225845789329        156.68293137409174       -39.893500804190182       -140.41322753592311        0.0000000000000000     
   211.82650258675619       -173.02339733674157       -77.403535792408647       -49.747842814054152        80.419002445756163     

 PASSED   1.0000000000000001E-005
 MU_R    =    325.00000000000000     
 ALPHA_S =   0.11799999999999999     
 BORN                    2.0993016759611857E-007
 SINGLE POLE (MadFKS)   -1.1954398430511662E-009
 DOUBLE POLE (MadFKS)   -1.0513461379972830E-008
 SINGLE POLE (MadLoop)  -1.1954398430512003E-009
 DOUBLE POLE (MadLoop)  -1.0513461379972870E-008
 FINITE PART (MadLoop)   3.0904875500635324E-008
   325.00000000000000        0.0000000000000000        0.0000000000000000        325.00000000000000        0.0000000000000000     
   325.00000000000000        0.0000000000000000        0.0000000000000000       -325.00000000000000        0.0000000000000000     
   259.21450233281161       -117.72969787035029       -199.92434342605461       -115.58103493075453        1.7769999999999999     
   199.20084035217099        94.119514990190723        37.013442855295196        171.61729733048506        0.0000000000000000     
   191.58465731501738        23.610182880159822        162.91090057075991       -56.036262399730788        80.419002445756163     

 PASSED   1.0000000000000001E-005
 MU_R    =    325.00000000000000     
 ALPHA_S =   0.11799999999999999     
 BORN                    3.8639368873268730E-007
 SINGLE POLE (MadFKS)   -2.2003050628875235E-009
 DOUBLE POLE (MadFKS)   -1.9350887823668178E-008
 SINGLE POLE (MadLoop)  -2.2003050628877638E-009
 DOUBLE POLE (MadLoop)  -1.9350887823668148E-008
 FINITE PART (MadLoop)   3.8108325979948974E-008
   325.00000000000000        0.0000000000000000        0.0000000000000000        325.00000000000000        0.0000000000000000     
   325.00000000000000        0.0000000000000000        0.0000000000000000       -325.00000000000000        0.0000000000000000     
   59.802799158996812       -19.710257924757862        12.212563919395745       -55.096062230485252        1.7769999999999999     
   309.35571675301867        147.47899816204381        152.79940973658370        224.95165030078229        0.0000000000000000     
   280.84148408798450       -127.76874023728595       -165.01197365597943       -169.85558807029705        80.419002445756163     

 PASSED   1.0000000000000001E-005
 MU_R    =    325.00000000000000     
 ALPHA_S =   0.11799999999999999     
 BORN                    2.7635628112742167E-008
 SINGLE POLE (MadFKS)   -1.5737009745676670E-010
 DOUBLE POLE (MadFKS)   -1.3840131325650318E-009
 SINGLE POLE (MadLoop)  -1.5737009745665477E-010
 DOUBLE POLE (MadLoop)  -1.3840131325650380E-009
 FINITE PART (MadLoop)   2.5690290900130157E-009
   325.00000000000000        0.0000000000000000        0.0000000000000000        325.00000000000000        0.0000000000000000     
   325.00000000000000        0.0000000000000000        0.0000000000000000       -325.00000000000000        0.0000000000000000     
   58.656366656199253        36.085540828685339        43.096068907834336       -16.672558534878892        1.7769999999999999     
   290.81496614108141       -248.86422114157708        132.59706873124128       -71.119345688195139        0.0000000000000000     
   300.52866720271930        212.77868031289177       -175.69313763907559        87.791904223074027        80.419002445756163     

 PASSED   1.0000000000000001E-005
 MU_R    =    325.00000000000000     
 ALPHA_S =   0.11799999999999999     
 BORN                    4.4420664488527409E-009
 SINGLE POLE (MadFKS)   -2.5295188772752419E-011
 DOUBLE POLE (MadFKS)   -2.2246204341214377E-010
 SINGLE POLE (MadLoop)  -2.5295188772750545E-011
 DOUBLE POLE (MadLoop)  -2.2246204341214390E-010
 FINITE PART (MadLoop)   6.9063315783540713E-010
   325.00000000000000        0.0000000000000000        0.0000000000000000        325.00000000000000        0.0000000000000000     
   325.00000000000000        0.0000000000000000        0.0000000000000000       -325.00000000000000        0.0000000000000000     
   202.71869465943740        72.827305696071519        184.15545686989446        43.297375041884372        1.7769999999999999     
   219.46215143122319        49.816612660498251       -93.489862281696958       -192.20194240538865        0.0000000000000000     
   227.81915390933943       -122.64391835656978       -90.665594588197507        148.90456736350433        80.419002445756163     

 PASSED   1.0000000000000001E-005
 MU_R    =    325.00000000000000     
 ALPHA_S =   0.11799999999999999     
 BORN                    3.3989198942338867E-006
 SINGLE POLE (MadFKS)   -1.9355027966840909E-008
 DOUBLE POLE (MadFKS)   -1.7022047593654188E-007
 SINGLE POLE (MadLoop)  -1.9355027966836790E-008
 DOUBLE POLE (MadLoop)  -1.7022047593654106E-007
 FINITE PART (MadLoop)   3.2110083063067990E-007
   325.00000000000000        0.0000000000000000        0.0000000000000000        325.00000000000000        0.0000000000000000     
   325.00000000000000        0.0000000000000000        0.0000000000000000       -325.00000000000000        0.0000000000000000     
   25.905411123378506       -7.1551021784247961       -24.167170802681124       -5.7170765852488596        1.7769999999999999     
   304.24441454788791        205.77388569454189       -153.44254972968682        163.33142894804200        0.0000000000000000     
   319.85017432873366       -198.61878351611708        177.60972053236799       -157.61435236279317        80.419002445756163     

 PASSED   1.0000000000000001E-005
 MU_R    =    325.00000000000000     
 ALPHA_S =   0.11799999999999999     
 BORN                    2.8853259048503373E-008
 SINGLE POLE (MadFKS)   -1.6430385334049216E-010
 DOUBLE POLE (MadFKS)   -1.4449930096583245E-009
 SINGLE POLE (MadLoop)  -1.6430385334006986E-010
 DOUBLE POLE (MadLoop)  -1.4449930096583204E-009
 FINITE PART (MadLoop)   2.9295395875503661E-009
   325.00000000000000        0.0000000000000000        0.0000000000000000        325.00000000000000        0.0000000000000000     
   325.00000000000000        0.0000000000000000        0.0000000000000000       -325.00000000000000        0.0000000000000000     
   212.34925957230203       -102.29845496445402        27.189410953456818       -184.07827779451472        1.7769999999999999     
   174.07201694359051       -62.459193569199144       -156.03798338232667        45.299712620189325        0.0000000000000000     
   263.57872348410740        164.75764853365322        128.84857242886986        138.77856517432542        80.419002445756163     

 PASSED   1.0000000000000001E-005
 MU_R    =    325.00000000000000     
 ALPHA_S =   0.11799999999999999     
 BORN                    1.8833318016744117E-008
 SINGLE POLE (MadFKS)   -1.0724565693380406E-010
 DOUBLE POLE (MadFKS)   -9.4318679346134482E-010
 SINGLE POLE (MadLoop)  -1.0724565693374858E-010
 DOUBLE POLE (MadLoop)  -9.4318679346134627E-010
 FINITE PART (MadLoop)   1.9763852532852233E-009
   325.00000000000000        0.0000000000000000        0.0000000000000000        325.00000000000000        0.0000000000000000     
   325.00000000000000        0.0000000000000000        0.0000000000000000       -325.00000000000000        0.0000000000000000     
   206.87490670922571       -196.95573124361815       -21.181833461912749       -59.614085235238733        1.7769999999999999     
   197.40122748040116        55.288606841160330        188.80842027046867       -16.180080324360596        0.0000000000000000     
   245.72386581037316        141.66712440245763       -167.62658680855600        75.794165559599307        80.419002445756163     

 PASSED   1.0000000000000001E-005
 MU_R    =    325.00000000000000     
 ALPHA_S =   0.11799999999999999     
 BORN                    7.4298630161682605E-008
 SINGLE POLE (MadFKS)   -4.2309089635119637E-010
 DOUBLE POLE (MadFKS)   -3.7209315256326083E-009
 SINGLE POLE (MadLoop)  -4.2309089635122470E-010
 DOUBLE POLE (MadLoop)  -3.7209315256326198E-009
 FINITE PART (MadLoop)   6.9899552479020978E-009
   325.00000000000000        0.0000000000000000        0.0000000000000000        325.00000000000000        0.0000000000000000     
   325.00000000000000        0.0000000000000000        0.0000000000000000       -325.00000000000000        0.0000000000000000     
   136.82120130981176       -85.416034205046401       -6.5855525179103402        106.66590363174276        1.7769999999999999     
   218.51225281806049       -93.101692099438466        197.66610794113222        2.7909373425435442        0.0000000000000000     
   294.66654587212776        178.51772630448488       -191.08055542322191       -109.45684097428631        80.419002445756163     

 PASSED   1.0000000000000001E-005
 MU_R    =    325.00000000000000     
 ALPHA_S =   0.11799999999999999     
 BORN                    1.8887682953566304E-008
 SINGLE POLE (MadFKS)   -1.0755523612523899E-010
 DOUBLE POLE (MadFKS)   -9.4590943056610032E-010
 SINGLE POLE (MadLoop)  -1.0755523612512495E-010
 DOUBLE POLE (MadLoop)  -9.4590943056609660E-010
 FINITE PART (MadLoop)   1.9402341895078928E-009
   325.00000000000000        0.0000000000000000        0.0000000000000000        325.00000000000000        0.0000000000000000     
   325.00000000000000        0.0000000000000000        0.0000000000000000       -325.00000000000000        0.0000000000000000     
   122.41878066535541        27.079418156361069       -28.412031859613251        115.94249302354019        1.7769999999999999     
   313.26786748792125       -142.85913967498334        103.23201127966145       -258.98103185158044        0.0000000000000000     
   214.31335184672335        115.77972151862221       -74.819979420048213        143.03853882804026        80.419002445756163     

 PASSED   1.0000000000000001E-005
 MU_R    =    325.00000000000000     
 ALPHA_S =   0.11799999999999999     
 BORN                    1.0882350788922140E-007
 SINGLE POLE (MadFKS)   -6.1969157973355578E-010
 DOUBLE POLE (MadFKS)   -5.4499634832266556E-009
 SINGLE POLE (MadLoop)  -6.1969157973354224E-010
 DOUBLE POLE (MadLoop)  -5.4499634832270941E-009
 FINITE PART (MadLoop)   1.5496037361674648E-008
   325.00000000000000        0.0000000000000000        0.0000000000000000        325.00000000000000        0.0000000000000000     
   325.00000000000000        0.0000000000000000        0.0000000000000000       -325.00000000000000        0.0000000000000000     
   270.00615286111469       -197.93529164617331        162.67903980690883       -85.189877229082072        1.7769999999999999     
   225.81916351513931        70.735452960806242       -196.15413153253735        86.685333175934801        0.0000000000000000     
   154.17468362374603        127.19983868536704        33.475091725628488       -1.4954559468527262        80.419002445756163     

 PASSED   1.0000000000000001E-005
 MU_R    =    325.00000000000000     
 ALPHA_S =   0.11799999999999999     
 BORN                    2.6154881457952271E-008
 SINGLE POLE (MadFKS)   -1.4893803850654661E-010
 DOUBLE POLE (MadFKS)   -1.3098562214982617E-009
 SINGLE POLE (MadLoop)  -1.4893803850684786E-010
 DOUBLE POLE (MadLoop)  -1.3098562214982660E-009
 FINITE PART (MadLoop)   3.0186857952701063E-009
   325.00000000000000        0.0000000000000000        0.0000000000000000        325.00000000000000        0.0000000000000000     
   325.00000000000000        0.0000000000000000        0.0000000000000000       -325.00000000000000        0.0000000000000000     
   226.14636749664831       -176.02133897611117        5.9790129131944454       -141.84414486530594        1.7769999999999999     
   153.62178752805289        10.823346672208430       -152.97803030423304        8.9571766960673482        0.0000000000000000     
   270.23184497529871        165.19799230390259        146.99901739103862        132.88696816923851        80.419002445756163     

 PASSED   1.0000000000000001E-005
 MU_R    =    325.00000000000000     
 ALPHA_S =   0.11799999999999999     
 BORN                    9.0470796221887318E-007
 SINGLE POLE (MadFKS)   -5.1518271849465477E-009
 DOUBLE POLE (MadFKS)   -4.5308458188064176E-008
 SINGLE POLE (MadLoop)  -5.1518271849478266E-009
 DOUBLE POLE (MadLoop)  -4.5308458188064149E-008
 FINITE PART (MadLoop)   2.5638699944936263E-007
   325.00000000000000        0.0000000000000000        0.0000000000000000        325.00000000000000        0.0000000000000000     
   325.00000000000000        0.0000000000000000        0.0000000000000000       -325.00000000000000        0.0000000000000000     
   230.25122077405430       -69.411734602588396       -199.46806336573101        91.689529039726210        1.7769999999999999     
   216.40540004644006        98.752162772283043        170.02541918133215        90.391727216977912        0.0000000000000000     
   203.34337917950572       -29.340428169694643        29.442644184398993       -182.08125625670414        80.419002445756163     

 PASSED   1.0000000000000001E-005
 MU_R    =    325.00000000000000     
 ALPHA_S =   0.11799999999999999     
 BORN                    4.6901484714526160E-009
 SINGLE POLE (MadFKS)   -2.6707882991771039E-011
 DOUBLE POLE (MadFKS)   -2.3488617851161747E-010
 SINGLE POLE (MadLoop)  -2.6707882991764994E-011
 DOUBLE POLE (MadLoop)  -2.3488617851162099E-010
 FINITE PART (MadLoop)   7.0293595460672321E-010
   325.00000000000000        0.0000000000000000        0.0000000000000000        325.00000000000000        0.0000000000000000     
   325.00000000000000        0.0000000000000000        0.0000000000000000       -325.00000000000000        0.0000000000000000     
   158.04403097707322       -118.37967672117043       -94.891905414049688       -44.232752850849373        1.7769999999999999     
   241.55681396697676        13.162190609959012        193.47075090888492       -144.03305056470879        0.0000000000000000     
   250.39915505594996        105.21748611121134       -98.578845494835221        188.26580341555817        80.419002445756163     

 PASSED   1.0000000000000001E-005
 MU_R    =    325.00000000000000     
 ALPHA_S =   0.11799999999999999     
 BORN                    4.8601305558862857E-008
 SINGLE POLE (MadFKS)   -2.7675839901745909E-010
 DOUBLE POLE (MadFKS)   -2.4339900970898423E-009
 SINGLE POLE (MadLoop)  -2.7675839901541818E-010
 DOUBLE POLE (MadLoop)  -2.4339900970891951E-009
 FINITE PART (MadLoop)   5.4898344698398426E-009
   325.00000000000000        0.0000000000000000        0.0000000000000000        325.00000000000000        0.0000000000000000     
   325.00000000000000        0.0000000000000000        0.0000000000000000       -325.00000000000000        0.0000000000000000     
   277.70639268925117       -132.94308710519584        76.307353589700270        231.56210007372383        1.7769999999999999     
   284.89008306198838        164.63520346058363       -78.600319235005614       -218.81407410108261        0.0000000000000000     
   87.403524248760476       -31.692116355387732        2.2929656453051073       -12.748025972641384        80.419002445756163     

 PASSED   1.0000000000000001E-005
 MU_R    =    325.00000000000000     
 ALPHA_S =   0.11799999999999999     
 BORN                    2.7406879607009462E-008
 SINGLE POLE (MadFKS)   -1.5606749725917580E-010
 DOUBLE POLE (MadFKS)   -1.3725572345953121E-009
 SINGLE POLE (MadLoop)  -1.5606749725920126E-010
 DOUBLE POLE (MadLoop)  -1.3725572345953112E-009
 FINITE PART (MadLoop)   3.8636788510530242E-009
   325.00000000000000        0.0000000000000000        0.0000000000000000        325.00000000000000        0.0000000000000000     
   325.00000000000000        0.0000000000000000        0.0000000000000000       -325.00000000000000        0.0000000000000000     
   268.93802873256033        204.04258147875652        115.58440424050808       -131.64868403978562        1.7769999999999999     
   167.19337865051645       -160.76243641710693        41.731474725159245        19.171565378810733        0.0000000000000000     
   213.86859261692322       -43.280145061649606       -157.31587896566731        112.47711866097490        80.419002445756163     

 PASSED   1.0000000000000001E-005
 MU_R    =    325.00000000000000     
 ALPHA_S =   0.11799999999999999     
 BORN                    2.1202914048714477E-008
 SINGLE POLE (MadFKS)   -1.2073923692276116E-010
 DOUBLE POLE (MadFKS)   -1.0618579527974643E-009
 SINGLE POLE (MadLoop)  -1.2073923692275558E-010
Thanks for using LHAPDF 6.2.1. Please make sure to cite the paper:
  Eur.Phys.J. C75 (2015) 3, 132  (http://arxiv.org/abs/1412.7420)
 DOUBLE POLE (MadLoop)  -1.0618579527974676E-009
 FINITE PART (MadLoop)   2.5290232055865948E-009
   325.00000000000000        0.0000000000000000        0.0000000000000000        325.00000000000000        0.0000000000000000     
   325.00000000000000        0.0000000000000000        0.0000000000000000       -325.00000000000000        0.0000000000000000     
   290.72014238426067       -183.94208206946482        102.20242995481982        200.58668254449285        1.7769999999999999     
   229.87522465922220        83.146408001179338       -98.419443612183585       -190.37569925727783        0.0000000000000000     
   129.40463295651719        100.79567406828548       -3.7829863426362258       -10.210983287215001        80.419002445756163     

 PASSED   1.0000000000000001E-005
 MU_R    =    325.00000000000000     
 ALPHA_S =   0.11799999999999999     
 BORN                    2.9215989906964267E-007
 SINGLE POLE (MadFKS)   -1.6636941126136442E-009
 DOUBLE POLE (MadFKS)   -1.4631588450664582E-008
 SINGLE POLE (MadLoop)  -1.6636941126134130E-009
 DOUBLE POLE (MadLoop)  -1.4631588450664501E-008
 FINITE PART (MadLoop)   2.3240058778766219E-007
   325.00000000000000        0.0000000000000000        0.0000000000000000        325.00000000000000        0.0000000000000000     
   325.00000000000000        0.0000000000000000        0.0000000000000000       -325.00000000000000        0.0000000000000000     
   302.82423017176075        21.494975194066196       -78.044824711788735        291.79843732829039        1.7769999999999999     
   33.822043627285211        3.2401317511856154        32.999470959624340        6.6683654478329686        0.0000000000000000     
   313.35372620095416       -24.735106945251797        45.045353752164402       -298.46680277612325        80.419002445756163     

 PASSED   1.0000000000000001E-005
 MU_R    =    325.00000000000000     
 ALPHA_S =   0.11799999999999999     
 BORN                    4.1522667855547171E-009
 SINGLE POLE (MadFKS)   -2.3644934938459553E-011
 DOUBLE POLE (MadFKS)   -2.0794865735190593E-010
 SINGLE POLE (MadLoop)  -2.3644934938467327E-011
 DOUBLE POLE (MadLoop)  -2.0794865735190723E-010
 FINITE PART (MadLoop)   4.7913161042828115E-010
   325.00000000000000        0.0000000000000000        0.0000000000000000        325.00000000000000        0.0000000000000000     
   325.00000000000000        0.0000000000000000        0.0000000000000000       -325.00000000000000        0.0000000000000000     
   179.55043092921093       -37.509869832961293        84.396643586123147        153.96563166621479        1.7769999999999999     
   243.59160240033825       -81.791409225257610        80.024062329942680       -215.04228324942127        0.0000000000000000     
   226.85796667045076        119.30127905821892       -164.42070591606580        61.076651583206477        80.419002445756163     

 NUMBER OF POINTS PASSING THE CHECK          20
 NUMBER OF POINTS FAILING THE CHECK           0
 TOLERANCE    1.0000000000000001E-005
