==== LHAPDF6 USING DEFAULT-TYPE LHAGLUE INTERFACE ====
LHAPDF 6.2.1 loading /cvmfs/cms.cern.ch/slc7_amd64_gcc700/external/lhapdf/6.2.1-pafccj3/share/LHAPDF/NNPDF31_nnlo_as_0118_nf_4_mc_hessian/NNPDF31_nnlo_as_0118_nf_4_mc_hessian_0000.dat
NNPDF31_nnlo_as_0118_nf_4_mc_hessian PDF set, member #0, version 1; LHAPDF ID = 325500
 A PDF is used, so alpha_s(MZ) is going to be modified
 Old value of alpha_s from param_card:   0.11799999999999999     
 New value of alpha_s from PDF lhapdf :  0.11266013434007299     
 *****************************************************
 *               MadGraph/MadEvent                   *
 *        --------------------------------           *
 *          http://madgraph.hep.uiuc.edu             *
 *          http://madgraph.phys.ucl.ac.be           *
 *          http://madgraph.roma2.infn.it            *
 *        --------------------------------           *
 *                                                   *
 *          PARAMETER AND COUPLING VALUES            *
 *                                                   *
 *****************************************************

  External Params
  ---------------------------------
  
 MU_R =    91.188000000000002     
 aEWM1 =    132.50700000000001     
 mdl_Gf =    1.1663900000000000E-005
 aS =   0.11799999999999999     
 mdl_ymb =    4.7000000000000002     
 mdl_ymt =    173.00000000000000     
 mdl_ymtau =    1.7769999999999999     
 mdl_MT =    173.00000000000000     
 mdl_MB =    4.7000000000000002     
 mdl_MZ =    91.188000000000002     
 mdl_MH =    125.00000000000000     
 mdl_MTA =    1.7769999999999999     
 mdl_WT =    1.4915000000000000     
 mdl_WZ =    2.4414039999999999     
 mdl_WW =    2.0476000000000001     
 mdl_WH =    6.3823389999999999E-003
  Internal Params
  ---------------------------------
  
 mdl_conjg__CKM3x3 =    1.0000000000000000     
 mdl_CKM22 =    1.0000000000000000     
 mdl_lhv =    1.0000000000000000     
 mdl_CKM3x3 =    1.0000000000000000     
 mdl_conjg__CKM22 =    1.0000000000000000     
 mdl_conjg__CKM33 =    1.0000000000000000     
 mdl_Ncol =    3.0000000000000000     
 mdl_CA =    3.0000000000000000     
 mdl_TF =   0.50000000000000000     
 mdl_CF =    1.3333333333333333     
 mdl_complexi =                (0.0000000000000000,1.0000000000000000)
 mdl_MZ__exp__2 =    8315.2513440000002     
 mdl_MZ__exp__4 =    69143404.913893804     
 mdl_sqrt__2 =    1.4142135623730951     
 mdl_MH__exp__2 =    15625.000000000000     
 mdl_Ncol__exp__2 =    9.0000000000000000     
 mdl_MB__exp__2 =    22.090000000000003     
 mdl_MT__exp__2 =    29929.000000000000     
 mdl_aEW =    7.5467711139788835E-003
 mdl_MW =    80.419002445756163     
 mdl_sqrt__aEW =    8.6872153846781555E-002
 mdl_ee =   0.30795376724436879     
 mdl_MW__exp__2 =    6467.2159543705357     
 mdl_sw2 =   0.22224648578577766     
 mdl_cw =   0.88190334743339216     
 mdl_sqrt__sw2 =   0.47143025548407230     
 mdl_sw =   0.47143025548407230     
 mdl_g1 =   0.34919219678733299     
 mdl_gw =   0.65323293034757990     
 mdl_v =    246.21845810181637     
 mdl_v__exp__2 =    60623.529110035903     
 mdl_lam =   0.12886910601690263     
 mdl_yb =    2.6995554250465490E-002
 mdl_yt =   0.99366614581500623     
 mdl_ytau =    1.0206617000654717E-002
 mdl_muH =    88.388347648318430     
 mdl_AxialZUp =  -0.18517701861793787     
 mdl_AxialZDown =   0.18517701861793787     
 mdl_VectorZUp =    7.5430507588273299E-002
 mdl_VectorZDown =  -0.13030376310310560     
 mdl_VectorAUp =   0.20530251149624587     
 mdl_VectorADown =  -0.10265125574812294     
 mdl_VectorWmDxU =   0.23095271737156670     
 mdl_AxialWmDxU =  -0.23095271737156670     
 mdl_VectorWpUxD =   0.23095271737156670     
 mdl_AxialWpUxD =  -0.23095271737156670     
 mdl_I1x33 =          (2.69955542504654901E-002,0.0000000000000000)
 mdl_I2x33 =               (0.99366614581500623,0.0000000000000000)
 mdl_I3x33 =               (0.99366614581500623,0.0000000000000000)
 mdl_I4x33 =          (2.69955542504654901E-002,0.0000000000000000)
 mdl_Vector_tbGp =              (-0.96667059156454072,0.0000000000000000)
 mdl_Axial_tbGp =              (-1.0206617000654716,-0.0000000000000000)
 mdl_Vector_tbGm =               (0.96667059156454072,0.0000000000000000)
 mdl_Axial_tbGm =              (-1.0206617000654716,-0.0000000000000000)
 mdl_gw__exp__2 =   0.42671326129048615     
 mdl_cw__exp__2 =   0.77775351421422245     
 mdl_ee__exp__2 =    9.4835522759998875E-002
 mdl_sw__exp__2 =   0.22224648578577769     
 mdl_yb__exp__2 =    7.2875994928982540E-004
 mdl_yt__exp__2 =   0.98737240933884918     
  Internal Params evaluated point by point
  ----------------------------------------
  
 mdl_sqrt__aS =   0.34351128074635334     
 mdl_G__exp__4 =    2.1987899468922913     
 mdl_G__exp__2 =    1.4828317324943823     
 mdl_R2MixedFactor_FIN_ =   -2.5040377713124864E-002
 mdl_G_UVg_1EPS_ =   -5.1645779033320030E-002
 mdl_G_UVq_1EPS_ =    3.1300472141406080E-003
 mdl_GWcft_UV_b_1EPS_ =   -3.1300472141406080E-003
 mdl_GWcft_UV_t_1EPS_ =   -3.1300472141406080E-003
 mdl_bWcft_UV_1EPS_ =   -1.8780283284843650E-002
 mdl_tWcft_UV_1EPS_ =   -1.8780283284843650E-002
 mdl_G__exp__3 =    1.8056676068262196     
 mdl_MU_R__exp__2 =    8315.2513440000002     
 mdl_G_UVb_FIN_ =    1.8563438626678915E-002
 mdl_G_UVt_FIN_ =   -4.0087659331150384E-003
 mdl_GWcft_UV_b_FIN_ =   -1.8563438626678915E-002
 mdl_GWcft_UV_t_FIN_ =    4.0087659331150384E-003
 mdl_bWcft_UV_FIN_ =  -0.13642100947319838     
 mdl_tWcft_UV_FIN_ =   -9.8778211443463623E-004
  Couplings of loop_sm
  ---------------------------------
  
      UV_GQQb =   0.00000E+00   0.22605E-01
      UV_GQQt =   0.00000E+00  -0.48815E-02
   UVWfct_G_2 =   0.40088E-02   0.00000E+00
   UVWfct_G_1 =  -0.18563E-01   0.00000E+00
       R2_DDA =   0.00000E+00   0.25704E-02
       R2_UUA =  -0.00000E+00  -0.51409E-02
    R2_UUZ_V2 =  -0.00000E+00  -0.72127E-02
    R2_UUZ_V5 =   0.00000E+00   0.68702E-03
      R2_sxcW =  -0.00000E+00  -0.11566E-01
      R2_GGHb =   0.00000E+00  -0.33698E-02
      R2_GGHt =   0.00000E+00  -0.45657E+01
     R2_GGZup =  -0.46369E-02   0.00000E+00
    R2_GGWWcs =   0.00000E+00   0.13356E-02
         GC_4 =  -0.12177E+01   0.00000E+00
         GC_5 =   0.00000E+00   0.12177E+01
       R2_GQQ =  -0.00000E+00  -0.30492E-01
       R2_QQq =   0.00000E+00   0.12520E-01
 UV_GQQg_1eps =   0.00000E+00  -0.62890E-01
 UV_GQQq_1eps =   0.00000E+00   0.38115E-02
 UVWfct_G_2_1eps -0.31300E-02   0.00000E+00
         GC_1 =  -0.00000E+00  -0.10265E+00
         GC_2 =   0.00000E+00   0.20530E+00
         GC_7 =   0.00000E+00   0.57609E+00
        GC_22 =   0.00000E+00   0.28804E+00
        GC_23 =  -0.00000E+00  -0.27437E-01
        GC_24 =   0.00000E+00   0.82310E-01
        GC_25 =   0.00000E+00   0.30795E+00
        GC_28 =   0.00000E+00   0.37035E+00
        GC_31 =   0.00000E+00   0.52532E+02
        GC_33 =  -0.00000E+00  -0.19089E-01
        GC_37 =  -0.00000E+00  -0.70263E+00
        GC_38 =  -0.00000E+00  -0.72172E-02
        GC_47 =   0.00000E+00   0.46191E+00

 Collider parameters:
 --------------------

 Running at P P   machine @    13000.000000000000       GeV
 PDF set = lhapdf 
 alpha_s(Mz)= 0.1127 running at 3 loops.
 alpha_s(Mz)= 0.1127 running at 3 loops.
 Renormalization scale set on event-by-event basis
 Factorization   scale set on event-by-event basis


 ===============================================================
 INFO: MadFKS read these parameters from FKS_params.dat
 ===============================================================
  > IRPoleCheckThreshold      =    1.0000000000000001E-005
  > PrecisionVirtualAtRunTime =    1.0000000000000000E-003
  > NHelForMCoverHels         =            4
  > VirtualFraction           =    1.0000000000000000     
  > MinVirtualFraction        =    5.0000000000000001E-003
 ===============================================================
  Insert the number of points to test
 Insert the relative tolerance
  A negative number will mean use the default one:    1.0000000000000001E-005
Using random seed offsets:     1 ,     19 ,      0
  with seed                   32
 Ranmar initialization seeds       10730        9425
  ========================================================================================== 
 {                                                                                          }
 {       [32m                                                                            [0m       }
 {       [32m                               ,,                                           [0m       }
 {       [32m`7MMM.     ,MMF'             `7MM  `7MMF'                                   [0m       }
 {       [32m  MMMb    dPMM                 MM    MM                                     [0m       }
 {       [32m  M YM   ,M MM   ,6"Yb.   ,M""bMM    MM         ,pW"Wq.   ,pW"Wq.`7MMpdMAo. [0m       }
 {       [32m  M  Mb  M' MM  8)   MM ,AP    MM    MM        6W'   `Wb 6W'   `Wb MM   `Wb [0m       }
 {       [32m  M  YM.P'  MM   ,pm9MM 8MI    MM    MM      , 8M     M8 8M     M8 MM    M8 [0m       }
 {       [32m  M  `YM'   MM  8M   MM `Mb    MM    MM     ,M YA.   ,A9 YA.   ,A9 MM   ,AP [0m       }
 {       [32m.JML. `'  .JMML.`Moo9^Yo.`Wbmd"MML..JMMmmmmMMM  `Ybmd9'   `Ybmd9'  MMbmmd'  [0m       }
 {       [32m                                                                   MM       [0m       }
 {       [32m                                                                 .JMML.     [0m       }
 {       [32m[0mv2.6.5 (2018-02-03), Ref: arXiv:1103.0621v2, arXiv:1405.0301[32m                [0m       }
 {       [32m                                                                            [0m       }
 {                                                                                          }
  ========================================================================================== 
 ===============================================================
 INFO: MadLoop read these parameters from ./MadLoop5_resources/MadLoopParams.dat                                                                                                                                                                                                                                                                                                                                                                                                                                                                                          
 ===============================================================
  > MLReductionLib            = 6|7|1
  > CTModeRun                 =           -1
  > MLStabThres               =    1.0000000000000000E-003
  > NRotations_DP             =            0
  > NRotations_QP             =            0
  > CTStabThres               =    1.0000000000000000E-002
  > CTLoopLibrary             =            2
  > CTModeInit                =            1
  > CheckCycle                =            3
  > MaxAttempts               =           10
  > UseLoopFilter             =  F
  > HelicityFilterLevel       =            2
  > ImprovePSPoint            =            2
  > DoubleCheckHelicityFilter =  T
  > LoopInitStartOver         =  F
  > HelInitStartOver          =  F
  > ZeroThres                 =    1.0000000000000001E-009
  > OSThres                   =    1.0000000000000000E-008
  > WriteOutFilters           =  T
  > UseQPIntegrandForNinja    =  T
  > UseQPIntegrandForCutTools =  T
  > IREGIMODE                 =            2
  > IREGIRECY                 =  T
  > COLLIERMode               =            1
  > COLLIERRequiredAccuracy   =    1.0000000000000000E-008
  > COLLIERCanOutput          =  F
  > COLLIERComputeUVpoles     =  T
  > COLLIERComputeIRpoles     =  T
  > COLLIERGlobalCache        =           -1
  > COLLIERUseCacheForPoles   =  F
  > COLLIERUseInternalStabilityTest =  T
 ===============================================================
  
------------------------------------------------------------------------
|              You are using CutTools - Version 1.9.3                  |
|              Authors: G. Ossola, C. Papadopoulos, R. Pittau          |
|              Published in JHEP 0803:042,2008                         |
|              http://www.ugr.es/~pittau/CutTools                      |
|                                                                      |
|              Compiler with  34  significant digits detetected        |
 ---------------------------------------------------------------------- 
   
########################################################################
#                                                                      #

  +----------------------------------------------------------------+
  |                                                                |
  |  Ninja - version 1.1.0                                         |
  |                                                                |
  |  Author: Tiziano Peraro                                        |
  |                                                                |
  |  Based on:                                                     |
  |                                                                |
  |      P. Mastrolia, E. Mirabella and T. Peraro,                 |
  |      "Integrand reduction of one-loop scattering amplitudes    |
  |      through Laurent series expansion,"                        |
  |      JHEP 1206 (2012) 095  [arXiv:1203.0291 [hep-ph]].         |
  |                                                                |
  |      T. Peraro,                                                |
  |      "Ninja: Automated Integrand Reduction via Laurent         |
  |      Expansion for One-Loop Amplitudes,"                       |
  |      Comput.Phys.Commun. 185 (2014) [arXiv:1403.1229 [hep-ph]] |
  |                                                                |
  +----------------------------------------------------------------+


#                      You are using OneLOop-3.6                       #
#                                                                      #
# for the evaluation of 1-loop scalar 1-, 2-, 3- and 4-point functions #
#                                                                      #
# author: Andreas van Hameren <hamerenREMOVETHIS@ifj.edu.pl>           #
#   date: 18-02-2015                                                   #
#                                                                      #
# Please cite                                                          #
#    A. van Hameren,                                                   #
#      Comput.Phys.Commun. 182 (2011) 2427-2438, arXiv:1007.4716       #
#    A. van Hameren, C.G. Papadopoulos and R. Pittau,                  #
#      JHEP 0909:106,2009, arXiv:0903.4665                             #
# in publications with results obtained with the help of this program. #
#                                                                      #
########################################################################
########################################################################
#                                                                      #
#                      You are using OneLOop-3.6                       #
#                                                                      #
# for the evaluation of 1-loop scalar 1-, 2-, 3- and 4-point functions #
#                                                                      #
# author: Andreas van Hameren <hamerenREMOVETHIS@ifj.edu.pl>           #
#   date: 18-02-2015                                                   #
#                                                                      #
# Please cite                                                          #
#    A. van Hameren,                                                   #
#      Comput.Phys.Commun. 182 (2011) 2427-2438, arXiv:1007.4716       #
#    A. van Hameren, C.G. Papadopoulos and R. Pittau,                  #
#      JHEP 0909:106,2009, arXiv:0903.4665                             #
# in publications with results obtained with the help of this program. #
#                                                                      #
########################################################################
 PASSED   1.0000000000000001E-005
 MU_R    =    325.00000000000000     
 ALPHA_S =   0.11799999999999999     
 BORN                    1.1592630948138305E-011
 SINGLE POLE (MadFKS)   -1.6081619229175855E-012
 DOUBLE POLE (MadFKS)   -1.2337063949285370E-012
 SINGLE POLE (MadLoop)  -1.6081619229188259E-012
 DOUBLE POLE (MadLoop)  -1.2337063949284348E-012
 FINITE PART (MadLoop)   1.6412929933951618E-012
   325.00000000000000        0.0000000000000000        0.0000000000000000        325.00000000000000        0.0000000000000000     
   325.00000000000000        0.0000000000000000        0.0000000000000000       -325.00000000000000        0.0000000000000000     
   184.28371746616207        90.142337807864379       -72.869961654679940        143.26484616306465        0.0000000000000000     
   182.11869788890331        26.828047983936340       -76.983293966103048       -162.85284281292058        0.0000000000000000     
   83.004173845254087        19.939207371428008        4.2283787782540223        2.6506119424446490        80.419002445756163     
   200.59341079968047       -136.90959316322875        145.62487684252895        16.937384707411276        0.0000000000000000     

 PASSED   1.0000000000000001E-005
 MU_R    =    325.00000000000000     
 ALPHA_S =   0.11799999999999999     
 BORN                    1.0825571078623395E-009
 SINGLE POLE (MadFKS)   -1.6809281184606929E-010
 DOUBLE POLE (MadFKS)   -1.1520746522682940E-010
 SINGLE POLE (MadLoop)  -1.6809281195761494E-010
 DOUBLE POLE (MadLoop)  -1.1520746522683147E-010
 FINITE PART (MadLoop)   2.2310994668954471E-010
   325.00000000000000        0.0000000000000000        0.0000000000000000        325.00000000000000        0.0000000000000000     
   325.00000000000000        0.0000000000000000        0.0000000000000000       -325.00000000000000        0.0000000000000000     
   73.726395443305876       -63.856445926947984       -35.172919699806698       -10.990969858589608        0.0000000000000000     
   100.26878058584749       -32.101985611791001       -93.402333710627161        17.300142697730092        0.0000000000000000     
   263.89994059567761        222.18539104936946        10.897224968569068        117.00797060138596        80.419002445756163     
   212.10488337516904       -126.22695951063044        117.67802844186480       -123.31714344052648        0.0000000000000000     

 PASSED   1.0000000000000001E-005
 MU_R    =    325.00000000000000     
 ALPHA_S =   0.11799999999999999     
 BORN                    1.0505817795293659E-010
 SINGLE POLE (MadFKS)   -1.6448556696148427E-011
 DOUBLE POLE (MadFKS)   -1.1180459945625432E-011
 SINGLE POLE (MadLoop)  -1.6448556696148307E-011
 DOUBLE POLE (MadLoop)  -1.1180459945625455E-011
 FINITE PART (MadLoop)   1.6022659005492825E-011
   325.00000000000000        0.0000000000000000        0.0000000000000000        325.00000000000000        0.0000000000000000     
   325.00000000000000        0.0000000000000000        0.0000000000000000       -325.00000000000000        0.0000000000000000     
   282.68504061365439       -201.56771725858269       -197.79369750471187        12.607171503633689        0.0000000000000000     
   39.465357636976243        13.286110614834413        22.609333151653455        29.492571481347085        0.0000000000000000     
   150.61006037328139        25.330812740777358        124.65648550254569        5.9401076857424000        80.419002445756163     
   177.23954137608797        162.95079390297096        50.527878850512721       -48.039850670723169        0.0000000000000000     

 PASSED   1.0000000000000001E-005
 MU_R    =    325.00000000000000     
 ALPHA_S =   0.11799999999999999     
 BORN                    2.4321310790534321E-011
 SINGLE POLE (MadFKS)   -3.4075522979279700E-012
 DOUBLE POLE (MadFKS)   -2.5883129368614355E-012
 SINGLE POLE (MadLoop)  -3.4075522979279389E-012
 DOUBLE POLE (MadLoop)  -2.5883129368614194E-012
 FINITE PART (MadLoop)   5.1436668386431032E-012
   325.00000000000000        0.0000000000000000        0.0000000000000000        325.00000000000000        0.0000000000000000     
   325.00000000000000        0.0000000000000000        0.0000000000000000       -325.00000000000000        0.0000000000000000     
   205.56299776275605        205.04051357473057       -13.762845618097064       -5.0117783983344850        0.0000000000000000     
   133.21879091584231        36.944602451344835        87.128732433617614       -93.759941271856945        0.0000000000000000     
   102.68205751298771       -52.612499900040085       -17.506908979959039        31.651571413844362        80.419002445756163     
   208.53615380841399       -189.37261612603524       -55.858977835561539        67.120148256347136        0.0000000000000000     

 PASSED   1.0000000000000001E-005
 MU_R    =    325.00000000000000     
 ALPHA_S =   0.11799999999999999     
 BORN                    5.2577475060961069E-011
 SINGLE POLE (MadFKS)   -9.2292947575178294E-012
 DOUBLE POLE (MadFKS)   -5.5953792975976893E-012
 SINGLE POLE (MadLoop)  -9.2292947575177519E-012
 DOUBLE POLE (MadLoop)  -5.5953792975978355E-012
 FINITE PART (MadLoop)   5.1160578152650106E-012
   325.00000000000000        0.0000000000000000        0.0000000000000000        325.00000000000000        0.0000000000000000     
   325.00000000000000        0.0000000000000000        0.0000000000000000       -325.00000000000000        0.0000000000000000     
   189.08219138332075        106.81388797597856        2.0346147386969915       -156.00874583381190        0.0000000000000000     
   95.877070375879967        25.243202833672324        19.771052196142030       -90.356509613956121        0.0000000000000000     
   208.75719569432403       -6.7929853978720915        49.565563190890792        186.03618221932490        80.419002445756163     
   156.28354254647519       -125.26410541177871       -71.371230125729767        60.329073228443086        0.0000000000000000     

 PASSED   1.0000000000000001E-005
 MU_R    =    325.00000000000000     
 ALPHA_S =   0.11799999999999999     
 BORN                    2.8442438617970686E-011
 SINGLE POLE (MadFKS)   -4.0468131474910186E-012
 DOUBLE POLE (MadFKS)   -3.0268899758245095E-012
 SINGLE POLE (MadLoop)  -4.0468131474918612E-012
 DOUBLE POLE (MadLoop)  -3.0268899758245070E-012
 FINITE PART (MadLoop)   5.4494242115842089E-012
   325.00000000000000        0.0000000000000000        0.0000000000000000        325.00000000000000        0.0000000000000000     
   325.00000000000000        0.0000000000000000        0.0000000000000000       -325.00000000000000        0.0000000000000000     
   108.27037204235910        5.6103635069146920        104.89021631400666       -26.249567712860085        0.0000000000000000     
   117.38999830477825        57.480071837169262       -90.929063511831458        46.993174530467954        0.0000000000000000     
   214.41467545274344       -59.920720413086769        179.67726194789350        60.266291566841190        80.419002445756163     
   209.92495420011929       -3.1697149309971566       -193.63841475006873       -81.009898384449102        0.0000000000000000     

 PASSED   1.0000000000000001E-005
 MU_R    =    325.00000000000000     
 ALPHA_S =   0.11799999999999999     
 BORN                    1.9058532258269628E-010
 SINGLE POLE (MadFKS)   -2.3256250294877338E-011
 DOUBLE POLE (MadFKS)   -2.0282395972205959E-011
 SINGLE POLE (MadLoop)  -2.3256250294875748E-011
 DOUBLE POLE (MadLoop)  -2.0282395972205924E-011
 FINITE PART (MadLoop)   2.1558245441026533E-011
   325.00000000000000        0.0000000000000000        0.0000000000000000        325.00000000000000        0.0000000000000000     
   325.00000000000000        0.0000000000000000        0.0000000000000000       -325.00000000000000        0.0000000000000000     
   123.81152044867213       -89.370098980027549       -65.344571055985966       -55.428918784522956        0.0000000000000000     
   188.56080734509291       -184.99550740045746        30.674468535379585        19.771628368765466        0.0000000000000000     
   102.76324999663586        42.913336639609199        47.401602002096674       -2.1455212865285405        80.419002445756163     
   234.86442220959904        231.45226974087583       -12.731499481490294        37.802811702286036        0.0000000000000000     

 PASSED   1.0000000000000001E-005
 MU_R    =    325.00000000000000     
 ALPHA_S =   0.11799999999999999     
 BORN                    3.7802052123892382E-011
 SINGLE POLE (MadFKS)   -4.9786840960044534E-012
 DOUBLE POLE (MadFKS)   -4.0229550699323717E-012
 SINGLE POLE (MadLoop)  -4.9786840960086119E-012
 DOUBLE POLE (MadLoop)  -4.0229550699323725E-012
 FINITE PART (MadLoop)   6.8100655251269465E-012
   325.00000000000000        0.0000000000000000        0.0000000000000000        325.00000000000000        0.0000000000000000     
   325.00000000000000        0.0000000000000000        0.0000000000000000       -325.00000000000000        0.0000000000000000     
   220.50177270367337        56.489163937174247       -180.72696029061046        112.99456600765188        0.0000000000000000     
   73.276968919317085        45.496376484147547        53.758519996667182       -20.238958189175701        0.0000000000000000     
   129.06528778458048        91.949331381436863        39.559638401977736       -13.076238930117514        80.419002445756163     
   227.15597059242899       -193.93487180275864        87.408801891965524       -79.679368888358681        0.0000000000000000     

 PASSED   1.0000000000000001E-005
 MU_R    =    325.00000000000000     
 ALPHA_S =   0.11799999999999999     
 BORN                    1.0144275120624118E-009
 SINGLE POLE (MadFKS)   -2.0984206290104247E-010
 DOUBLE POLE (MadFKS)   -1.0795700427467036E-010
 SINGLE POLE (MadLoop)  -2.0984206290102208E-010
 DOUBLE POLE (MadLoop)  -1.0795700427466887E-010
 FINITE PART (MadLoop)   1.2498339903880529E-010
   325.00000000000000        0.0000000000000000        0.0000000000000000        325.00000000000000        0.0000000000000000     
   325.00000000000000        0.0000000000000000        0.0000000000000000       -325.00000000000000        0.0000000000000000     
   55.981910363800026        7.3892773967367216       -40.820328904792063       -37.590871440274078        0.0000000000000000     
   179.10835839209261        1.4270022063041323       -76.493636743808480        161.94595162683069        0.0000000000000000     
   295.41950616501379       -39.047650396285931        222.22938596291073       -172.90127148603378        80.419002445756163     
   119.49022507909363        30.231370793245102       -104.91542031431015        48.546191299477073        0.0000000000000000     

 PASSED   1.0000000000000001E-005
 MU_R    =    325.00000000000000     
 ALPHA_S =   0.11799999999999999     
 BORN                    7.3274199908031129E-011
 SINGLE POLE (MadFKS)   -1.7553979270200466E-011
 DOUBLE POLE (MadFKS)   -7.7979579798775041E-012
 SINGLE POLE (MadLoop)  -1.7553979270201571E-011
 DOUBLE POLE (MadLoop)  -7.7979579798776414E-012
 FINITE PART (MadLoop)   5.0960585494558096E-012
   325.00000000000000        0.0000000000000000        0.0000000000000000        325.00000000000000        0.0000000000000000     
   325.00000000000000        0.0000000000000000        0.0000000000000000       -325.00000000000000        0.0000000000000000     
   145.30735167672074       -64.399413239444641       -99.900406408700235       -83.587384365668342        0.0000000000000000     
   228.87649568885303        17.682817610453505        215.20054104471424        75.897927338152741        0.0000000000000000     
   192.64586534531659        128.38131397112906       -116.69088665684724        23.381374522484172        80.419002445756163     
   83.170287289109638       -81.664718342137789        1.3907520208333493       -15.691917494968489        0.0000000000000000     

 PASSED   1.0000000000000001E-005
 MU_R    =    325.00000000000000     
 ALPHA_S =   0.11799999999999999     
 BORN                    1.5349812733836958E-010
 SINGLE POLE (MadFKS)   -1.9880763852676146E-011
 DOUBLE POLE (MadFKS)   -1.6335517118942978E-011
 SINGLE POLE (MadLoop)  -1.9880763852676178E-011
 DOUBLE POLE (MadLoop)  -1.6335517118943007E-011
 FINITE PART (MadLoop)   2.4495393149098196E-011
   325.00000000000000        0.0000000000000000        0.0000000000000000        325.00000000000000        0.0000000000000000     
   325.00000000000000        0.0000000000000000        0.0000000000000000       -325.00000000000000        0.0000000000000000     
   239.93392660339089       -230.97312851340629       -61.831829541344824        19.913008201196998        0.0000000000000000     
   93.849851590490459       -25.965272971635361        74.807270423174927        50.373321658389045        0.0000000000000000     
   90.343513915459567        40.511279548851427        1.1897743641789713       -7.2218569979926688        80.419002445756163     
   225.87270789065909        216.42712193619030       -14.165215246009101       -63.064472861593387        0.0000000000000000     

 PASSED   1.0000000000000001E-005
 MU_R    =    325.00000000000000     
 ALPHA_S =   0.11799999999999999     
 BORN                    8.8258446282600823E-011
 SINGLE POLE (MadFKS)   -1.1500110642971038E-011
 DOUBLE POLE (MadFKS)   -9.3926055329819295E-012
 SINGLE POLE (MadLoop)  -1.1500110641537225E-011
 DOUBLE POLE (MadLoop)  -9.3926055329878135E-012
 FINITE PART (MadLoop)   1.4783397604238101E-011
   325.00000000000000        0.0000000000000000        0.0000000000000000        325.00000000000000        0.0000000000000000     
   325.00000000000000        0.0000000000000000        0.0000000000000000       -325.00000000000000        0.0000000000000000     
   67.681718865292964       -29.979390407211589       -57.033560097599334       -20.717727722075832        0.0000000000000000     
   77.109838432227093        35.628788131374108        56.464727881242965       -38.577858217259909        0.0000000000000000     
   274.18746974923283       -157.16744366637431        153.65330859700859        142.83069705663928        80.419002445756163     
   231.02097295324705        151.51804594221178       -153.08447638065223       -83.535111117303529        0.0000000000000000     

 PASSED   1.0000000000000001E-005
 MU_R    =    325.00000000000000     
 ALPHA_S =   0.11799999999999999     
 BORN                    2.4462035751402776E-010
 SINGLE POLE (MadFKS)   -4.8080645022054652E-011
 DOUBLE POLE (MadFKS)   -2.6032891131001315E-011
 SINGLE POLE (MadLoop)  -4.8080645022004259E-011
 DOUBLE POLE (MadLoop)  -2.6032891131001138E-011
 FINITE PART (MadLoop)   4.6421214877387887E-011
   325.00000000000000        0.0000000000000000        0.0000000000000000        325.00000000000000        0.0000000000000000     
   325.00000000000000        0.0000000000000000        0.0000000000000000       -325.00000000000000        0.0000000000000000     
   273.07505730824522       -198.02209859520875       -151.20061696492709        111.78375920175831        0.0000000000000000     
   112.22602506539562        86.827075783147293        55.369175284034291        44.609349258785343        0.0000000000000000     
   105.91589800728920        45.077945801944971       -3.8802682840874674       -51.998882840310920        80.419002445756163     
   158.78301961906996        66.117077010116390        99.711709964979889       -104.39422562023262        0.0000000000000000     

 PASSED   1.0000000000000001E-005
 MU_R    =    325.00000000000000     
 ALPHA_S =   0.11799999999999999     
 BORN                    9.0584350413638079E-011
 SINGLE POLE (MadFKS)   -1.1493362364738620E-011
 DOUBLE POLE (MadFKS)   -9.6401319843361125E-012
 SINGLE POLE (MadLoop)  -1.1493362364730892E-011
 DOUBLE POLE (MadLoop)  -9.6401319843362724E-012
 FINITE PART (MadLoop)   1.0392471579285689E-011
   325.00000000000000        0.0000000000000000        0.0000000000000000        325.00000000000000        0.0000000000000000     
   325.00000000000000        0.0000000000000000        0.0000000000000000       -325.00000000000000        0.0000000000000000     
   102.31508745901102       -59.644957493658914        55.390084166052254        61.990279426715993        0.0000000000000000     
   207.47466964270745       -87.773457789385120       -187.39175239482168        15.029630249725084        0.0000000000000000     
   91.228635978405151       -17.260317072638262       -16.917750826797885        35.655563796190258        80.419002445756163     
   248.98160691987636        164.67873235568226        148.91941905556715       -112.67547347263154        0.0000000000000000     

 PASSED   1.0000000000000001E-005
 MU_R    =    325.00000000000000     
 ALPHA_S =   0.11799999999999999     
 BORN                    1.0744486001248888E-010
 SINGLE POLE (MadFKS)   -1.4051531911067405E-011
 DOUBLE POLE (MadFKS)   -1.1434454481697828E-011
 SINGLE POLE (MadLoop)  -1.4051531911068885E-011
 DOUBLE POLE (MadLoop)  -1.1434454481698127E-011
 FINITE PART (MadLoop)   1.7424979831240274E-011
   325.00000000000000        0.0000000000000000        0.0000000000000000        325.00000000000000        0.0000000000000000     
   325.00000000000000        0.0000000000000000        0.0000000000000000       -325.00000000000000        0.0000000000000000     
   224.71696177594796        38.737703062876825        163.82189337531679       -148.86064127952554        0.0000000000000000     
   110.99357050143624        28.857611657950216        1.9710920670839256        107.15841421987967        0.0000000000000000     
   99.812879907253631       -9.3024901105346203        40.609757987717849        41.948853082434752        80.419002445756163     
   214.47658781536217       -58.292824610292421       -206.40274343011856      -0.24662602278888246        0.0000000000000000     

 PASSED   1.0000000000000001E-005
 MU_R    =    325.00000000000000     
 ALPHA_S =   0.11799999999999999     
 BORN                    3.0160626522577887E-009
 SINGLE POLE (MadFKS)   -1.1093440931133747E-009
 DOUBLE POLE (MadFKS)   -3.2097422908068284E-010
 SINGLE POLE (MadLoop)  -1.1093440931133172E-009
 DOUBLE POLE (MadLoop)  -3.2097422908067385E-010
 FINITE PART (MadLoop)  -1.0413956233577137E-009
   325.00000000000000        0.0000000000000000        0.0000000000000000        325.00000000000000        0.0000000000000000     
   325.00000000000000        0.0000000000000000        0.0000000000000000       -325.00000000000000        0.0000000000000000     
   244.06179264654486       -207.96642073801101       -124.41821720913937       -28.917705679480513        0.0000000000000000     
   226.73908444979432        193.43792251745188        66.126590852167467        98.079847734044151        0.0000000000000000     
   97.885593263942013       -11.302153875037666        54.087034215829618        7.8247978749614830        80.419002445756163     
   81.313529639718780        25.830652095596808        4.2045921411422533       -76.986939929525107        0.0000000000000000     

 PASSED   1.0000000000000001E-005
 MU_R    =    325.00000000000000     
 ALPHA_S =   0.11799999999999999     
 BORN                    3.5016495328211801E-009
 SINGLE POLE (MadFKS)   -1.3479355145924127E-009
 DOUBLE POLE (MadFKS)   -3.7265116441352566E-010
 SINGLE POLE (MadLoop)  -1.3479355145926253E-009
 DOUBLE POLE (MadLoop)  -3.7265116441345499E-010
 FINITE PART (MadLoop)  -1.2954730900372448E-009
   325.00000000000000        0.0000000000000000        0.0000000000000000        325.00000000000000        0.0000000000000000     
   325.00000000000000        0.0000000000000000        0.0000000000000000       -325.00000000000000        0.0000000000000000     
   173.63314128859494        84.595883150435441        40.954689744287094       -145.99560848084511        0.0000000000000000     
   116.53505732965080        23.680181903476885       -111.08500229448676       -26.072798796391432        0.0000000000000000     
   152.07067022351120       -91.120943441477152        84.657298529295744       -34.473007700434088        80.419002445756163     
   207.76113115824302       -17.155121612435195       -14.526985979095981        206.54141497767063        0.0000000000000000     

 PASSED   1.0000000000000001E-005
 MU_R    =    325.00000000000000     
 ALPHA_S =   0.11799999999999999     
 BORN                    4.9971279061132322E-010
 SINGLE POLE (MadFKS)   -1.4507242456336544E-010
 DOUBLE POLE (MadFKS)   -5.3180237356195641E-011
 SINGLE POLE (MadLoop)  -1.4507242456336392E-010
 DOUBLE POLE (MadLoop)  -5.3180237356194679E-011
 FINITE PART (MadLoop)  -1.8056295061645558E-011
   325.00000000000000        0.0000000000000000        0.0000000000000000        325.00000000000000        0.0000000000000000     
   325.00000000000000        0.0000000000000000        0.0000000000000000       -325.00000000000000        0.0000000000000000     
   91.749125758116989        8.5050637950113011       -77.650733586140532        48.124105609930858        0.0000000000000000     
   240.03439691411899       -230.59053866120598        66.637411124253575        1.9926415926853958        0.0000000000000000     
   226.51879499932977        170.43252422805432        4.5067163806978101       -125.60251878961463        80.419002445756163     
   91.697682328434169        51.652950638140389        6.5066060811891671        75.485771586998396        0.0000000000000000     

 PASSED   1.0000000000000001E-005
 MU_R    =    325.00000000000000     
 ALPHA_S =   0.11799999999999999     
 BORN                    1.3483724830973709E-010
 SINGLE POLE (MadFKS)   -2.4903489373246320E-011
 DOUBLE POLE (MadFKS)   -1.4349596416765452E-011
 SINGLE POLE (MadLoop)  -2.4903489373246534E-011
 DOUBLE POLE (MadLoop)  -1.4349596416765530E-011
 FINITE PART (MadLoop)   2.9526634517927918E-011
   325.00000000000000        0.0000000000000000        0.0000000000000000        325.00000000000000        0.0000000000000000     
   325.00000000000000        0.0000000000000000        0.0000000000000000       -325.00000000000000        0.0000000000000000     
   95.040257916911727       -79.380745106594702        49.487496976393523       -16.802844230855332        0.0000000000000000     
   148.93916429684728       -143.04630521943491        33.782960674991266       -24.069499216716810        0.0000000000000000     
Thanks for using LHAPDF 6.2.1. Please make sure to cite the paper:
  Eur.Phys.J. C75 (2015) 3, 132  (http://arxiv.org/abs/1412.7420)
   192.07589692752592        89.559481606323331       -79.584234401880195       -126.77295892743152        80.419002445756163     
   213.94468085871512        132.86756871970633       -3.6862232495045366        167.64530237500364        0.0000000000000000     

 PASSED   1.0000000000000001E-005
 MU_R    =    325.00000000000000     
 ALPHA_S =   0.11799999999999999     
 BORN                    3.1787885157225148E-011
 SINGLE POLE (MadFKS)   -9.0899772058415438E-012
 DOUBLE POLE (MadFKS)   -3.3829177669130015E-012
 SINGLE POLE (MadLoop)  -9.0899772058696728E-012
 DOUBLE POLE (MadLoop)  -3.3829177669129159E-012
 FINITE PART (MadLoop)  -2.2029215473531119E-012
   325.00000000000000        0.0000000000000000        0.0000000000000000        325.00000000000000        0.0000000000000000     
   325.00000000000000        0.0000000000000000        0.0000000000000000       -325.00000000000000        0.0000000000000000     
   234.17706742626194       -137.58427708764839        39.331232734323187       -185.37130235889191        0.0000000000000000     
   123.00946022830382        121.50165746790165       -16.617900196283340       -9.6187281528134161        0.0000000000000000     
   235.29434145543263       -34.881722436384756       -40.900633815044536        214.49152607964217        80.419002445756163     
   57.519130890001627        50.964342056131230        18.187301277004643       -19.501495567936789        0.0000000000000000     

 NUMBER OF POINTS PASSING THE CHECK          20
 NUMBER OF POINTS FAILING THE CHECK           0
 TOLERANCE    1.0000000000000001E-005
