==== LHAPDF6 USING DEFAULT-TYPE LHAGLUE INTERFACE ====
LHAPDF 6.2.1 loading /cvmfs/cms.cern.ch/slc7_amd64_gcc700/external/lhapdf/6.2.1-pafccj3/share/LHAPDF/NNPDF31_nnlo_as_0118_nf_4_mc_hessian/NNPDF31_nnlo_as_0118_nf_4_mc_hessian_0000.dat
NNPDF31_nnlo_as_0118_nf_4_mc_hessian PDF set, member #0, version 1; LHAPDF ID = 325500
 A PDF is used, so alpha_s(MZ) is going to be modified
 Old value of alpha_s from param_card:   0.11799999999999999     
 New value of alpha_s from PDF lhapdf :  0.11266013434007299     
 *****************************************************
 *               MadGraph/MadEvent                   *
 *        --------------------------------           *
 *          http://madgraph.hep.uiuc.edu             *
 *          http://madgraph.phys.ucl.ac.be           *
 *          http://madgraph.roma2.infn.it            *
 *        --------------------------------           *
 *                                                   *
 *          PARAMETER AND COUPLING VALUES            *
 *                                                   *
 *****************************************************

  External Params
  ---------------------------------
  
 MU_R =    91.188000000000002     
 aEWM1 =    132.50700000000001     
 mdl_Gf =    1.1663900000000000E-005
 aS =   0.11799999999999999     
 mdl_ymb =    4.7000000000000002     
 mdl_ymt =    173.00000000000000     
 mdl_ymtau =    1.7769999999999999     
 mdl_MT =    173.00000000000000     
 mdl_MB =    4.7000000000000002     
 mdl_MZ =    91.188000000000002     
 mdl_MH =    125.00000000000000     
 mdl_MTA =    1.7769999999999999     
 mdl_WT =    1.4915000000000000     
 mdl_WZ =    2.4414039999999999     
 mdl_WW =    2.0476000000000001     
 mdl_WH =    6.3823389999999999E-003
  Internal Params
  ---------------------------------
  
 mdl_conjg__CKM3x3 =    1.0000000000000000     
 mdl_CKM22 =    1.0000000000000000     
 mdl_lhv =    1.0000000000000000     
 mdl_CKM3x3 =    1.0000000000000000     
 mdl_conjg__CKM22 =    1.0000000000000000     
 mdl_conjg__CKM33 =    1.0000000000000000     
 mdl_Ncol =    3.0000000000000000     
 mdl_CA =    3.0000000000000000     
 mdl_TF =   0.50000000000000000     
 mdl_CF =    1.3333333333333333     
 mdl_complexi =                (0.0000000000000000,1.0000000000000000)
 mdl_MZ__exp__2 =    8315.2513440000002     
 mdl_MZ__exp__4 =    69143404.913893804     
 mdl_sqrt__2 =    1.4142135623730951     
 mdl_MH__exp__2 =    15625.000000000000     
 mdl_Ncol__exp__2 =    9.0000000000000000     
 mdl_MB__exp__2 =    22.090000000000003     
 mdl_MT__exp__2 =    29929.000000000000     
 mdl_aEW =    7.5467711139788835E-003
 mdl_MW =    80.419002445756163     
 mdl_sqrt__aEW =    8.6872153846781555E-002
 mdl_ee =   0.30795376724436879     
 mdl_MW__exp__2 =    6467.2159543705357     
 mdl_sw2 =   0.22224648578577766     
 mdl_cw =   0.88190334743339216     
 mdl_sqrt__sw2 =   0.47143025548407230     
 mdl_sw =   0.47143025548407230     
 mdl_g1 =   0.34919219678733299     
 mdl_gw =   0.65323293034757990     
 mdl_v =    246.21845810181637     
 mdl_v__exp__2 =    60623.529110035903     
 mdl_lam =   0.12886910601690263     
 mdl_yb =    2.6995554250465490E-002
 mdl_yt =   0.99366614581500623     
 mdl_ytau =    1.0206617000654717E-002
 mdl_muH =    88.388347648318430     
 mdl_AxialZUp =  -0.18517701861793787     
 mdl_AxialZDown =   0.18517701861793787     
 mdl_VectorZUp =    7.5430507588273299E-002
 mdl_VectorZDown =  -0.13030376310310560     
 mdl_VectorAUp =   0.20530251149624587     
 mdl_VectorADown =  -0.10265125574812294     
 mdl_VectorWmDxU =   0.23095271737156670     
 mdl_AxialWmDxU =  -0.23095271737156670     
 mdl_VectorWpUxD =   0.23095271737156670     
 mdl_AxialWpUxD =  -0.23095271737156670     
 mdl_I1x33 =          (2.69955542504654901E-002,0.0000000000000000)
 mdl_I2x33 =               (0.99366614581500623,0.0000000000000000)
 mdl_I3x33 =               (0.99366614581500623,0.0000000000000000)
 mdl_I4x33 =          (2.69955542504654901E-002,0.0000000000000000)
 mdl_Vector_tbGp =              (-0.96667059156454072,0.0000000000000000)
 mdl_Axial_tbGp =              (-1.0206617000654716,-0.0000000000000000)
 mdl_Vector_tbGm =               (0.96667059156454072,0.0000000000000000)
 mdl_Axial_tbGm =              (-1.0206617000654716,-0.0000000000000000)
 mdl_gw__exp__2 =   0.42671326129048615     
 mdl_cw__exp__2 =   0.77775351421422245     
 mdl_ee__exp__2 =    9.4835522759998875E-002
 mdl_sw__exp__2 =   0.22224648578577769     
 mdl_yb__exp__2 =    7.2875994928982540E-004
 mdl_yt__exp__2 =   0.98737240933884918     
  Internal Params evaluated point by point
  ----------------------------------------
  
 mdl_sqrt__aS =   0.34351128074635334     
 mdl_G__exp__4 =    2.1987899468922913     
 mdl_G__exp__2 =    1.4828317324943823     
 mdl_R2MixedFactor_FIN_ =   -2.5040377713124864E-002
 mdl_G_UVg_1EPS_ =   -5.1645779033320030E-002
 mdl_G_UVq_1EPS_ =    3.1300472141406080E-003
 mdl_GWcft_UV_b_1EPS_ =   -3.1300472141406080E-003
 mdl_GWcft_UV_t_1EPS_ =   -3.1300472141406080E-003
 mdl_bWcft_UV_1EPS_ =   -1.8780283284843650E-002
 mdl_tWcft_UV_1EPS_ =   -1.8780283284843650E-002
 mdl_G__exp__3 =    1.8056676068262196     
 mdl_MU_R__exp__2 =    8315.2513440000002     
 mdl_G_UVb_FIN_ =    1.8563438626678915E-002
 mdl_G_UVt_FIN_ =   -4.0087659331150384E-003
 mdl_GWcft_UV_b_FIN_ =   -1.8563438626678915E-002
 mdl_GWcft_UV_t_FIN_ =    4.0087659331150384E-003
 mdl_bWcft_UV_FIN_ =  -0.13642100947319838     
 mdl_tWcft_UV_FIN_ =   -9.8778211443463623E-004
  Couplings of loop_sm
  ---------------------------------
  
      UV_GQQb =   0.00000E+00   0.22605E-01
      UV_GQQt =   0.00000E+00  -0.48815E-02
   UVWfct_G_2 =   0.40088E-02   0.00000E+00
   UVWfct_G_1 =  -0.18563E-01   0.00000E+00
       R2_DDA =   0.00000E+00   0.25704E-02
       R2_UUA =  -0.00000E+00  -0.51409E-02
    R2_UUZ_V2 =  -0.00000E+00  -0.72127E-02
    R2_UUZ_V5 =   0.00000E+00   0.68702E-03
      R2_sxcW =  -0.00000E+00  -0.11566E-01
      R2_GGHb =   0.00000E+00  -0.33698E-02
      R2_GGHt =   0.00000E+00  -0.45657E+01
     R2_GGZup =  -0.46369E-02   0.00000E+00
    R2_GGWWcs =   0.00000E+00   0.13356E-02
         GC_4 =  -0.12177E+01   0.00000E+00
         GC_5 =   0.00000E+00   0.12177E+01
       R2_GQQ =  -0.00000E+00  -0.30492E-01
       R2_QQq =   0.00000E+00   0.12520E-01
 UV_GQQg_1eps =   0.00000E+00  -0.62890E-01
 UV_GQQq_1eps =   0.00000E+00   0.38115E-02
 UVWfct_G_2_1eps -0.31300E-02   0.00000E+00
         GC_1 =  -0.00000E+00  -0.10265E+00
         GC_2 =   0.00000E+00   0.20530E+00
         GC_7 =   0.00000E+00   0.57609E+00
        GC_22 =   0.00000E+00   0.28804E+00
        GC_23 =  -0.00000E+00  -0.27437E-01
        GC_24 =   0.00000E+00   0.82310E-01
        GC_25 =   0.00000E+00   0.30795E+00
        GC_28 =   0.00000E+00   0.37035E+00
        GC_31 =   0.00000E+00   0.52532E+02
        GC_33 =  -0.00000E+00  -0.19089E-01
        GC_37 =  -0.00000E+00  -0.70263E+00
        GC_38 =  -0.00000E+00  -0.72172E-02
        GC_47 =   0.00000E+00   0.46191E+00

 Collider parameters:
 --------------------

 Running at P P   machine @    13000.000000000000       GeV
 PDF set = lhapdf 
 alpha_s(Mz)= 0.1127 running at 3 loops.
 alpha_s(Mz)= 0.1127 running at 3 loops.
 Renormalization scale set on event-by-event basis
 Factorization   scale set on event-by-event basis


 ===============================================================
 INFO: MadFKS read these parameters from FKS_params.dat
 ===============================================================
  > IRPoleCheckThreshold      =    1.0000000000000001E-005
  > PrecisionVirtualAtRunTime =    1.0000000000000000E-003
  > NHelForMCoverHels         =            4
  > VirtualFraction           =    1.0000000000000000     
  > MinVirtualFraction        =    5.0000000000000001E-003
 ===============================================================
  Insert the number of points to test
 Insert the relative tolerance
  A negative number will mean use the default one:    1.0000000000000001E-005
Using random seed offsets:     1 ,     15 ,      0
  with seed                   32
 Ranmar initialization seeds       10730        9421
  ========================================================================================== 
 {                                                                                          }
 {       [32m                                                                            [0m       }
 {       [32m                               ,,                                           [0m       }
 {       [32m`7MMM.     ,MMF'             `7MM  `7MMF'                                   [0m       }
 {       [32m  MMMb    dPMM                 MM    MM                                     [0m       }
 {       [32m  M YM   ,M MM   ,6"Yb.   ,M""bMM    MM         ,pW"Wq.   ,pW"Wq.`7MMpdMAo. [0m       }
 {       [32m  M  Mb  M' MM  8)   MM ,AP    MM    MM        6W'   `Wb 6W'   `Wb MM   `Wb [0m       }
 {       [32m  M  YM.P'  MM   ,pm9MM 8MI    MM    MM      , 8M     M8 8M     M8 MM    M8 [0m       }
 {       [32m  M  `YM'   MM  8M   MM `Mb    MM    MM     ,M YA.   ,A9 YA.   ,A9 MM   ,AP [0m       }
 {       [32m.JML. `'  .JMML.`Moo9^Yo.`Wbmd"MML..JMMmmmmMMM  `Ybmd9'   `Ybmd9'  MMbmmd'  [0m       }
 {       [32m                                                                   MM       [0m       }
 {       [32m                                                                 .JMML.     [0m       }
 {       [32m[0mv2.6.5 (2018-02-03), Ref: arXiv:1103.0621v2, arXiv:1405.0301[32m                [0m       }
 {       [32m                                                                            [0m       }
 {                                                                                          }
  ========================================================================================== 
 ===============================================================
 INFO: MadLoop read these parameters from ./MadLoop5_resources/MadLoopParams.dat                                                                                                                                                                                                                                                                                                                                                                                                                                                                                          
 ===============================================================
  > MLReductionLib            = 6|7|1
  > CTModeRun                 =           -1
  > MLStabThres               =    1.0000000000000000E-003
  > NRotations_DP             =            0
  > NRotations_QP             =            0
  > CTStabThres               =    1.0000000000000000E-002
  > CTLoopLibrary             =            2
  > CTModeInit                =            1
  > CheckCycle                =            3
  > MaxAttempts               =           10
  > UseLoopFilter             =  F
  > HelicityFilterLevel       =            2
  > ImprovePSPoint            =            2
  > DoubleCheckHelicityFilter =  T
  > LoopInitStartOver         =  F
  > HelInitStartOver          =  F
  > ZeroThres                 =    1.0000000000000001E-009
  > OSThres                   =    1.0000000000000000E-008
  > WriteOutFilters           =  T
  > UseQPIntegrandForNinja    =  T
  > UseQPIntegrandForCutTools =  T
  > IREGIMODE                 =            2
  > IREGIRECY                 =  T
  > COLLIERMode               =            1
  > COLLIERRequiredAccuracy   =    1.0000000000000000E-008
  > COLLIERCanOutput          =  F
  > COLLIERComputeUVpoles     =  T
  > COLLIERComputeIRpoles     =  T
  > COLLIERGlobalCache        =           -1
  > COLLIERUseCacheForPoles   =  F
  > COLLIERUseInternalStabilityTest =  T
 ===============================================================
  
------------------------------------------------------------------------
|              You are using CutTools - Version 1.9.3                  |
|              Authors: G. Ossola, C. Papadopoulos, R. Pittau          |
|              Published in JHEP 0803:042,2008                         |
|              http://www.ugr.es/~pittau/CutTools                      |
|                                                                      |
|              Compiler with  34  significant digits detetected        |
 ---------------------------------------------------------------------- 
   
########################################################################
#                                                                      #

  +----------------------------------------------------------------+
  |                                                                |
  |  Ninja - version 1.1.0                                         |
  |                                                                |
  |  Author: Tiziano Peraro                                        |
  |                                                                |
  |  Based on:                                                     |
  |                                                                |
  |      P. Mastrolia, E. Mirabella and T. Peraro,                 |
  |      "Integrand reduction of one-loop scattering amplitudes    |
  |      through Laurent series expansion,"                        |
  |      JHEP 1206 (2012) 095  [arXiv:1203.0291 [hep-ph]].         |
  |                                                                |
  |      T. Peraro,                                                |
  |      "Ninja: Automated Integrand Reduction via Laurent         |
  |      Expansion for One-Loop Amplitudes,"                       |
  |      Comput.Phys.Commun. 185 (2014) [arXiv:1403.1229 [hep-ph]] |
  |                                                                |
  +----------------------------------------------------------------+


#                      You are using OneLOop-3.6                       #
#                                                                      #
# for the evaluation of 1-loop scalar 1-, 2-, 3- and 4-point functions #
#                                                                      #
# author: Andreas van Hameren <hamerenREMOVETHIS@ifj.edu.pl>           #
#   date: 18-02-2015                                                   #
#                                                                      #
# Please cite                                                          #
#    A. van Hameren,                                                   #
#      Comput.Phys.Commun. 182 (2011) 2427-2438, arXiv:1007.4716       #
#    A. van Hameren, C.G. Papadopoulos and R. Pittau,                  #
#      JHEP 0909:106,2009, arXiv:0903.4665                             #
# in publications with results obtained with the help of this program. #
#                                                                      #
########################################################################
########################################################################
#                                                                      #
#                      You are using OneLOop-3.6                       #
#                                                                      #
# for the evaluation of 1-loop scalar 1-, 2-, 3- and 4-point functions #
#                                                                      #
# author: Andreas van Hameren <hamerenREMOVETHIS@ifj.edu.pl>           #
#   date: 18-02-2015                                                   #
#                                                                      #
# Please cite                                                          #
#    A. van Hameren,                                                   #
#      Comput.Phys.Commun. 182 (2011) 2427-2438, arXiv:1007.4716       #
#    A. van Hameren, C.G. Papadopoulos and R. Pittau,                  #
#      JHEP 0909:106,2009, arXiv:0903.4665                             #
# in publications with results obtained with the help of this program. #
#                                                                      #
########################################################################
 PASSED   1.0000000000000001E-005
 MU_R    =    325.00000000000000     
 ALPHA_S =   0.11799999999999999     
 BORN                    1.4390248786645007E-010
 SINGLE POLE (MadFKS)    1.0323946661518771E-012
 DOUBLE POLE (MadFKS)   -1.5314333762645678E-011
 SINGLE POLE (MadLoop)   1.0323946661365647E-012
 DOUBLE POLE (MadLoop)  -1.5314333762645574E-011
 FINITE PART (MadLoop)   3.6138825109265619E-011
   325.00000000000000        0.0000000000000000        0.0000000000000000        325.00000000000000        0.0000000000000000     
   325.00000000000000        0.0000000000000000        0.0000000000000000       -325.00000000000000        0.0000000000000000     
   220.70590837024665        74.505482147683139        108.63318427624810        177.08433695129477        0.0000000000000000     
   64.244523079762047        10.805347696409411       -37.094375707265840        51.328456997984887        0.0000000000000000     
   100.36778472753213       -54.176307312148303       -3.9875822274606847        25.602796150823099        80.419002445756163     
   264.68178382245929       -31.134522531944288       -67.551226341521570       -254.01559010010277        0.0000000000000000     

 PASSED   1.0000000000000001E-005
 MU_R    =    325.00000000000000     
 ALPHA_S =   0.11799999999999999     
 BORN                    4.0567378955793757E-011
 SINGLE POLE (MadFKS)   -4.3258834546597278E-012
 DOUBLE POLE (MadFKS)   -4.3172455905093318E-012
 SINGLE POLE (MadLoop)  -4.3258834546595517E-012
 DOUBLE POLE (MadLoop)  -4.3172455905093456E-012
 FINITE PART (MadLoop)   8.6366763869783235E-012
   325.00000000000000        0.0000000000000000        0.0000000000000000        325.00000000000000        0.0000000000000000     
   325.00000000000000        0.0000000000000000        0.0000000000000000       -325.00000000000000        0.0000000000000000     
   111.51385638755167       -87.350549596972030       -18.817668208539210       -66.716692174625692        0.0000000000000000     
   43.794601063749958        24.518162522545584        8.6867115369607770        35.233050272786215        0.0000000000000000     
   269.19562587925952        221.73932416073472       -90.848471581622164       -92.613694290744959        80.419002445756163     
   225.49591666943888       -158.90693708630829        100.97942825320055        124.09733619258444        0.0000000000000000     

 PASSED   1.0000000000000001E-005
 MU_R    =    325.00000000000000     
 ALPHA_S =   0.11799999999999999     
 BORN                    1.6735999121035921E-012
 SINGLE POLE (MadFKS)   -7.5391199410214991E-014
 DOUBLE POLE (MadFKS)   -1.7810718924383769E-013
 SINGLE POLE (MadLoop)  -7.5391199410187829E-014
 DOUBLE POLE (MadLoop)  -1.7810718924383691E-013
 FINITE PART (MadLoop)  -9.8944756692517373E-013
   325.00000000000000        0.0000000000000000        0.0000000000000000        325.00000000000000        0.0000000000000000     
   325.00000000000000        0.0000000000000000        0.0000000000000000       -325.00000000000000        0.0000000000000000     
   179.73691227528141       -164.53909196214812        13.763963906270314        71.012661885827569        0.0000000000000000     
   183.60634744977315        84.230611614326065       -161.49916304403038       -23.119585355301290        0.0000000000000000     
   198.27445002002594        100.86206617602170        145.68874966705789        38.041732393864393        80.419002445756163     
   88.382290254919553       -20.553585828199587        2.0464494707022545       -85.934808924390737        0.0000000000000000     

 PASSED   1.0000000000000001E-005
 MU_R    =    325.00000000000000     
 ALPHA_S =   0.11799999999999999     
 BORN                    6.8984484362413953E-012
 SINGLE POLE (MadFKS)   -1.3913104762467598E-013
 DOUBLE POLE (MadFKS)   -7.3414395653150041E-013
 SINGLE POLE (MadLoop)  -1.3913104763736334E-013
 DOUBLE POLE (MadLoop)  -7.3414395653142013E-013
 FINITE PART (MadLoop)   3.9550940118356897E-012
   325.00000000000000        0.0000000000000000        0.0000000000000000        325.00000000000000        0.0000000000000000     
   325.00000000000000        0.0000000000000000        0.0000000000000000       -325.00000000000000        0.0000000000000000     
   255.44247761539887        85.201549875844918        140.73451730263193        195.41072362755011        0.0000000000000000     
   81.728430772428908       -54.772183761121013        43.066772735823839       -42.717647040568565        0.0000000000000000     
   204.29743797570282       -37.082450511458049       -178.65030304925824       -44.488069114528464        80.419002445756163     
   108.53165363646940        6.6530843967340330       -5.1509869891975395       -108.20500747245303        0.0000000000000000     

 PASSED   1.0000000000000001E-005
 MU_R    =    325.00000000000000     
 ALPHA_S =   0.11799999999999999     
 BORN                    1.9069078068615206E-011
 SINGLE POLE (MadFKS)   -2.5061783239272469E-012
 DOUBLE POLE (MadFKS)   -2.0293618992865592E-012
 SINGLE POLE (MadLoop)  -2.5061783239272275E-012
 DOUBLE POLE (MadLoop)  -2.0293618992865600E-012
 FINITE PART (MadLoop)   9.0122238773343683E-013
   325.00000000000000        0.0000000000000000        0.0000000000000000        325.00000000000000        0.0000000000000000     
   325.00000000000000        0.0000000000000000        0.0000000000000000       -325.00000000000000        0.0000000000000000     
   216.22707582581288        83.076746171147462       -83.933731678672316       -181.12849376144331        0.0000000000000000     
   144.83551286461491        92.323888765540588       -26.470870996688614        108.41087740001363        0.0000000000000000     
   145.06240201561309       -57.037296649242506        106.03006681203659       -8.9585850975575259        80.419002445756163     
   143.87500929395915       -118.36333828744554        4.3745358633243550        81.676201458987151        0.0000000000000000     

 PASSED   1.0000000000000001E-005
 MU_R    =    325.00000000000000     
 ALPHA_S =   0.11799999999999999     
 BORN                    5.9473781520883564E-010
 SINGLE POLE (MadFKS)    2.3855178359548049E-012
 DOUBLE POLE (MadFKS)   -6.3292953015708587E-011
 SINGLE POLE (MadLoop)   2.3855159024891106E-012
 DOUBLE POLE (MadLoop)  -6.3292952859759024E-011
 FINITE PART (MadLoop)  -4.6642966071121914E-010
   325.00000000000000        0.0000000000000000        0.0000000000000000        325.00000000000000        0.0000000000000000     
   325.00000000000000        0.0000000000000000        0.0000000000000000       -325.00000000000000        0.0000000000000000     
   68.522475682993544        32.816758559319808        4.8893117770437557        59.954021230711561        0.0000000000000000     
   143.82111435793206       -29.197424922834998       -6.6755176521584758        140.66790954979217        0.0000000000000000     
   155.14301853717296       -117.59801788850309       -23.848605174710748        56.604685904712142        80.419002445756163     
   282.51339142190142        113.97868425201830        25.634811049825462       -257.22661668521590        0.0000000000000000     

 PASSED   1.0000000000000001E-005
 MU_R    =    325.00000000000000     
 ALPHA_S =   0.11799999999999999     
 BORN                    1.2594478743901005E-012
 SINGLE POLE (MadFKS)   -4.5140085875458705E-014
 DOUBLE POLE (MadFKS)   -1.3403246456006153E-013
 SINGLE POLE (MadLoop)  -4.5140085875474495E-014
 DOUBLE POLE (MadLoop)  -1.3403246456005873E-013
 FINITE PART (MadLoop)  -5.8839802468944181E-013
   325.00000000000000        0.0000000000000000        0.0000000000000000        325.00000000000000        0.0000000000000000     
   325.00000000000000        0.0000000000000000        0.0000000000000000       -325.00000000000000        0.0000000000000000     
   94.224310134342090       -35.747174662096334        1.9324525343178713       -87.158624078015819        0.0000000000000000     
   259.14860530582337        35.718953481737763       -41.257941447386656        253.33759741034669        0.0000000000000000     
   144.44197840318270        88.812321680298069        66.545636791464787       -45.610513178747254        80.419002445756163     
   152.18510615665178       -88.784100499939413       -27.220147878396038       -120.56846015358360        0.0000000000000000     

 PASSED   1.0000000000000001E-005
 MU_R    =    325.00000000000000     
 ALPHA_S =   0.11799999999999999     
 BORN                    1.6416697634989284E-011
 SINGLE POLE (MadFKS)   -2.0929051048620124E-012
 DOUBLE POLE (MadFKS)   -1.7470913157247553E-012
 SINGLE POLE (MadLoop)  -2.0929051048620471E-012
 DOUBLE POLE (MadLoop)  -1.7470913157247528E-012
 FINITE PART (MadLoop)  -5.1352233681426844E-013
   325.00000000000000        0.0000000000000000        0.0000000000000000        325.00000000000000        0.0000000000000000     
   325.00000000000000        0.0000000000000000        0.0000000000000000       -325.00000000000000        0.0000000000000000     
   259.88812009562815       -223.62819459012988       -32.224337301553255       -128.42841444429010        0.0000000000000000     
   116.07712139834511        45.085345255335014        64.585344698971070        85.263960765662745        0.0000000000000000     
   108.38248499977715        46.398349947636042       -11.961526205872271       -54.622908319855263        80.419002445756163     
   165.65227350624957        132.14449938715882       -20.399481191545544        97.787361998482609        0.0000000000000000     

 PASSED   1.0000000000000001E-005
 MU_R    =    325.00000000000000     
 ALPHA_S =   0.11799999999999999     
 BORN                    1.5124665767157646E-012
 SINGLE POLE (MadFKS)   -2.2175897008447135E-013
 DOUBLE POLE (MadFKS)   -1.6095912102761867E-013
 SINGLE POLE (MadLoop)  -2.2175897008439868E-013
 DOUBLE POLE (MadLoop)  -1.6095912102761915E-013
 FINITE PART (MadLoop)   2.7196873519601134E-014
   325.00000000000000        0.0000000000000000        0.0000000000000000        325.00000000000000        0.0000000000000000     
   325.00000000000000        0.0000000000000000        0.0000000000000000       -325.00000000000000        0.0000000000000000     
   112.93098395441275       -30.897524484336813        104.29054757466285       -30.368269694347454        0.0000000000000000     
   180.96313374503305       -127.88819289567545       -76.318566474803575        102.79952482347488        0.0000000000000000     
   269.41872637203096        217.26790527655589       -76.195149493738597       -114.49100705261151        80.419002445756163     
   86.687155928523282       -58.482187896543749        48.223168393879284        42.059751923484086        0.0000000000000000     

 PASSED   1.0000000000000001E-005
 MU_R    =    325.00000000000000     
 ALPHA_S =   0.11799999999999999     
 BORN                    1.0787318134062228E-011
 SINGLE POLE (MadFKS)   -5.1326917041552475E-013
 DOUBLE POLE (MadFKS)   -1.1480037125013780E-012
 SINGLE POLE (MadLoop)  -5.1326917041542761E-013
 DOUBLE POLE (MadLoop)  -1.1480037125013812E-012
 FINITE PART (MadLoop)   7.9497521162996359E-013
   325.00000000000000        0.0000000000000000        0.0000000000000000        325.00000000000000        0.0000000000000000     
   325.00000000000000        0.0000000000000000        0.0000000000000000       -325.00000000000000        0.0000000000000000     
   88.605264870114738        17.674306437425205        19.167580204976023       -84.682440468759452        0.0000000000000000     
   235.41189891722021        168.58303731764514        6.2175187048332532        164.19459230353490        0.0000000000000000     
   101.79313381154259        21.200314603574071        47.059001869653926       -35.080238604454657        80.419002445756163     
   224.18970240112233       -207.45765835864444       -72.444100779463156       -44.431913230320802        0.0000000000000000     

 PASSED   1.0000000000000001E-005
 MU_R    =    325.00000000000000     
 ALPHA_S =   0.11799999999999999     
 BORN                    2.1663888494576114E-011
 SINGLE POLE (MadFKS)   -8.2108627313562230E-013
 DOUBLE POLE (MadFKS)   -2.3055057902166250E-012
 SINGLE POLE (MadLoop)  -8.2108627313388191E-013
 DOUBLE POLE (MadLoop)  -2.3055057902166424E-012
 FINITE PART (MadLoop)   2.3271468875510651E-012
   325.00000000000000        0.0000000000000000        0.0000000000000000        325.00000000000000        0.0000000000000000     
   325.00000000000000        0.0000000000000000        0.0000000000000000       -325.00000000000000        0.0000000000000000     
   56.737157900333706       -53.490877414320749        14.444106654378482        12.214700283283594        0.0000000000000000     
   193.82574248082122        114.31376205469762        151.11466660826898        40.806124405722713        0.0000000000000000     
   125.66229187831213       -1.7821275220179791        96.542558004808214      -0.39263357355758660        80.419002445756163     
   273.77480774053288       -59.040757118358918       -262.10133126745569       -52.628191115448715        0.0000000000000000     

 PASSED   1.0000000000000001E-005
 MU_R    =    325.00000000000000     
 ALPHA_S =   0.11799999999999999     
 BORN                    2.4276089620524432E-011
 SINGLE POLE (MadFKS)   -6.0313665626627599E-012
 DOUBLE POLE (MadFKS)   -2.5835004273563075E-012
 SINGLE POLE (MadLoop)  -6.0313665626628132E-012
 DOUBLE POLE (MadLoop)  -2.5835004273565062E-012
 FINITE PART (MadLoop)  -3.6034773952762910E-012
   325.00000000000000        0.0000000000000000        0.0000000000000000        325.00000000000000        0.0000000000000000     
   325.00000000000000        0.0000000000000000        0.0000000000000000       -325.00000000000000        0.0000000000000000     
   120.54299752710931        70.411384235142421        83.606144779254151       -50.821882866165133        0.0000000000000000     
   214.74910372070303        106.16487425947551       -168.94705587748845        79.391997913163891        0.0000000000000000     
   216.01686386480199       -138.67468912701045        81.593036443716883       -119.61595428301010        80.419002445756163     
   98.691034887385598       -37.901569367607507        3.7478746545174970        91.045839236011318        0.0000000000000000     

 PASSED   1.0000000000000001E-005
 MU_R    =    325.00000000000000     
 ALPHA_S =   0.11799999999999999     
 BORN                    4.2157232743420214E-012
 SINGLE POLE (MadFKS)   -6.3390116138795252E-013
 DOUBLE POLE (MadFKS)   -4.4864403827502684E-013
 SINGLE POLE (MadLoop)  -6.3390116138796645E-013
 DOUBLE POLE (MadLoop)  -4.4864403827502623E-013
 FINITE PART (MadLoop)  -1.1401558394654594E-012
   325.00000000000000        0.0000000000000000        0.0000000000000000        325.00000000000000        0.0000000000000000     
   325.00000000000000        0.0000000000000000        0.0000000000000000       -325.00000000000000        0.0000000000000000     
   242.69776702878858        186.91278266575097       -136.26151141249682        73.475290434865897        0.0000000000000000     
   96.686385863066079       -93.003502351472733       -24.854940778796898        8.9909777279120124        0.0000000000000000     
   200.90814574149658       -27.280102850145674        104.74152587901908       -148.93581105944986        80.419002445756163     
   109.70770136664871       -66.629177464132539        56.374926312274681        66.469542896671967        0.0000000000000000     

 PASSED   1.0000000000000001E-005
 MU_R    =    325.00000000000000     
 ALPHA_S =   0.11799999999999999     
 BORN                    1.1104824902522258E-009
 SINGLE POLE (MadFKS)   -7.5002672172946836E-011
 DOUBLE POLE (MadFKS)   -1.1817932924884074E-010
 SINGLE POLE (MadLoop)  -7.5002672172922615E-011
 DOUBLE POLE (MadLoop)  -1.1817932924883487E-010
 FINITE PART (MadLoop)   4.7858364641827560E-011
   325.00000000000000        0.0000000000000000        0.0000000000000000        325.00000000000000        0.0000000000000000     
   325.00000000000000        0.0000000000000000        0.0000000000000000       -325.00000000000000        0.0000000000000000     
   132.02982747115050        91.294409246454720        79.687416188101892       -52.412993462183159        0.0000000000000000     
   172.29867136265642        95.027401038357425        143.32741374662035       -10.671348271748982        0.0000000000000000     
   92.361116764888777       -19.872965774499622       -39.657404297102595        9.7834273865857995        80.419002445756163     
   253.31038440130436       -166.44884451031248       -183.35742563761966        53.300914347346350        0.0000000000000000     

 PASSED   1.0000000000000001E-005
 MU_R    =    325.00000000000000     
 ALPHA_S =   0.11799999999999999     
 BORN                    5.8490151270086425E-011
 SINGLE POLE (MadFKS)   -3.7036009305957010E-012
 DOUBLE POLE (MadFKS)   -6.2246157912782894E-012
 SINGLE POLE (MadLoop)  -3.7036009305963852E-012
 DOUBLE POLE (MadLoop)  -6.2246157912782942E-012
 FINITE PART (MadLoop)   2.1612338804835227E-012
   325.00000000000000        0.0000000000000000        0.0000000000000000        325.00000000000000        0.0000000000000000     
   325.00000000000000        0.0000000000000000        0.0000000000000000       -325.00000000000000        0.0000000000000000     
   248.96437237343321        78.262193524756796        233.59373821436145        35.947924043418929        0.0000000000000000     
   73.588398038151382        60.025027193595932       -29.902351709224000       -30.300128687636672        0.0000000000000000     
   87.910891485594661        3.7773541932516865       -12.768683036316839       -32.921136314505645        80.419002445756163     
   239.53633810282079       -142.06457491160444       -190.92270346882066        27.273340958723381        0.0000000000000000     

 PASSED   1.0000000000000001E-005
 MU_R    =    325.00000000000000     
 ALPHA_S =   0.11799999999999999     
 BORN                    1.8723433536138176E-011
 SINGLE POLE (MadFKS)   -5.2736234232828977E-012
 DOUBLE POLE (MadFKS)   -1.9925778532838286E-012
 SINGLE POLE (MadLoop)  -5.2736234232827967E-012
 DOUBLE POLE (MadLoop)  -1.9925778532836485E-012
 FINITE PART (MadLoop)  -5.8320181537532757E-012
   325.00000000000000        0.0000000000000000        0.0000000000000000        325.00000000000000        0.0000000000000000     
   325.00000000000000        0.0000000000000000        0.0000000000000000       -325.00000000000000        0.0000000000000000     
   210.96619973284868        187.16918667854523        93.304217056564269       -27.726450679335397        0.0000000000000000     
   172.46592443162999       -8.0863673620941157       -165.03858394148867        49.410237436488416        0.0000000000000000     
   207.03249379938859       -165.53696852353630        55.060461935323396       -77.208128574197985        80.419002445756163     
   59.535382036132823       -13.545850792914829        16.673904949601006        55.524341817044949        0.0000000000000000     

 PASSED   1.0000000000000001E-005
 MU_R    =    325.00000000000000     
 ALPHA_S =   0.11799999999999999     
 BORN                    7.0439681421724638E-012
 SINGLE POLE (MadFKS)   -4.9242781028553895E-013
 DOUBLE POLE (MadFKS)   -7.4963039723667193E-013
 SINGLE POLE (MadLoop)  -4.9242781028267058E-013
 DOUBLE POLE (MadLoop)  -7.4963039723667224E-013
 FINITE PART (MadLoop)   2.2361062196291641E-013
   325.00000000000000        0.0000000000000000        0.0000000000000000        325.00000000000000        0.0000000000000000     
   325.00000000000000        0.0000000000000000        0.0000000000000000       -325.00000000000000        0.0000000000000000     
   223.59958960993245       -153.89621119888591        161.92574206965912        9.6325857145595961        0.0000000000000000     
   143.42075959019272        141.24740475778978       -23.303364629767444       -8.6970183137133237        0.0000000000000000     
   95.968936900491698       -28.036229777190069        43.841856795771015       -5.8891687036226461        80.419002445756163     
   187.01071389938312        40.685036218286108       -182.46423423566276        4.9536013027763239        0.0000000000000000     

 PASSED   1.0000000000000001E-005
 MU_R    =    325.00000000000000     
 ALPHA_S =   0.11799999999999999     
 BORN                    4.3091305256924496E-010
 SINGLE POLE (MadFKS)   -5.4706243026682695E-011
 DOUBLE POLE (MadFKS)   -4.5858458790860481E-011
 SINGLE POLE (MadLoop)  -5.4706243026766318E-011
 DOUBLE POLE (MadLoop)  -4.5858458790868300E-011
 FINITE PART (MadLoop)   9.0001570534894644E-012
   325.00000000000000        0.0000000000000000        0.0000000000000000        325.00000000000000        0.0000000000000000     
   325.00000000000000        0.0000000000000000        0.0000000000000000       -325.00000000000000        0.0000000000000000     
   99.020692699384682        81.996493919633139        16.619907862471322       -52.966510458935375        0.0000000000000000     
   217.02843002713405        205.06903274153893        70.541323953100417        8.4825034887125330        0.0000000000000000     
   304.81233896138326       -279.40956152502355       -66.179316725009983        63.197634409395157        80.419002445756163     
   29.138538312098067       -7.6559651361484669       -20.981915090561767       -18.713627439172310        0.0000000000000000     

 PASSED   1.0000000000000001E-005
 MU_R    =    325.00000000000000     
 ALPHA_S =   0.11799999999999999     
 BORN                    1.0685094028154085E-010
 SINGLE POLE (MadFKS)   -4.3996772578298002E-012
 DOUBLE POLE (MadFKS)   -1.1371248590522409E-011
 SINGLE POLE (MadLoop)  -4.3996772578291887E-012
 DOUBLE POLE (MadLoop)  -1.1371248590522415E-011
 FINITE PART (MadLoop)   1.0411435421702774E-011
   325.00000000000000        0.0000000000000000        0.0000000000000000        325.00000000000000        0.0000000000000000     
   325.00000000000000        0.0000000000000000        0.0000000000000000       -325.00000000000000        0.0000000000000000     
   207.69227237317881        27.407297059898728       -205.10587367890767        17.790465250159130        0.0000000000000000     
   79.732475380513534        78.150203375226297       -13.715376006116689        7.8550495686407817        0.0000000000000000     
Thanks for using LHAPDF 6.2.1. Please make sure to cite the paper:
  Eur.Phys.J. C75 (2015) 3, 132  (http://arxiv.org/abs/1412.7420)
   99.501054693224390       -44.474058782077286       -33.164362848927723        18.852773349470162        80.419002445756163     
   263.07419755308325       -61.083441653047721        251.98561253395204       -44.498288168270058        0.0000000000000000     

 PASSED   1.0000000000000001E-005
 MU_R    =    325.00000000000000     
 ALPHA_S =   0.11799999999999999     
 BORN                    8.9086368485928113E-011
 SINGLE POLE (MadFKS)   -2.6088127366908011E-011
 DOUBLE POLE (MadFKS)   -9.4807143429076205E-012
 SINGLE POLE (MadLoop)  -2.6088127366908538E-011
 DOUBLE POLE (MadLoop)  -9.4807143429077837E-012
 FINITE PART (MadLoop)  -2.6099389368525114E-011
   325.00000000000000        0.0000000000000000        0.0000000000000000        325.00000000000000        0.0000000000000000     
   325.00000000000000        0.0000000000000000        0.0000000000000000       -325.00000000000000        0.0000000000000000     
   291.57717990470758       -83.633785789445369        272.12475683574297       -63.013954270424534        0.0000000000000000     
   90.191802869980833       -43.043585566521131       -79.152489647409595        4.0858816835265541        0.0000000000000000     
   256.27661269234022        129.13402017260003       -200.16220754555064        49.698911087101820        80.419002445756163     
   11.954404532971438       -2.4566488166335323        7.1899403572172584        9.2291614997961631        0.0000000000000000     

 NUMBER OF POINTS PASSING THE CHECK          20
 NUMBER OF POINTS FAILING THE CHECK           0
 TOLERANCE    1.0000000000000001E-005
