==== LHAPDF6 USING DEFAULT-TYPE LHAGLUE INTERFACE ====
LHAPDF 6.2.1 loading /cvmfs/cms.cern.ch/slc7_amd64_gcc700/external/lhapdf/6.2.1-pafccj3/share/LHAPDF/NNPDF31_nnlo_as_0118_nf_4_mc_hessian/NNPDF31_nnlo_as_0118_nf_4_mc_hessian_0000.dat
NNPDF31_nnlo_as_0118_nf_4_mc_hessian PDF set, member #0, version 1; LHAPDF ID = 325500
 A PDF is used, so alpha_s(MZ) is going to be modified
 Old value of alpha_s from param_card:   0.11799999999999999     
 New value of alpha_s from PDF lhapdf :  0.11266013434007299     
 *****************************************************
 *               MadGraph/MadEvent                   *
 *        --------------------------------           *
 *          http://madgraph.hep.uiuc.edu             *
 *          http://madgraph.phys.ucl.ac.be           *
 *          http://madgraph.roma2.infn.it            *
 *        --------------------------------           *
 *                                                   *
 *          PARAMETER AND COUPLING VALUES            *
 *                                                   *
 *****************************************************

  External Params
  ---------------------------------
  
 MU_R =    91.188000000000002     
 aEWM1 =    132.50700000000001     
 mdl_Gf =    1.1663900000000000E-005
 aS =   0.11799999999999999     
 mdl_ymb =    4.7000000000000002     
 mdl_ymt =    173.00000000000000     
 mdl_ymtau =    1.7769999999999999     
 mdl_MT =    173.00000000000000     
 mdl_MB =    4.7000000000000002     
 mdl_MZ =    91.188000000000002     
 mdl_MH =    125.00000000000000     
 mdl_MTA =    1.7769999999999999     
 mdl_WT =    1.4915000000000000     
 mdl_WZ =    2.4414039999999999     
 mdl_WW =    2.0476000000000001     
 mdl_WH =    6.3823389999999999E-003
  Internal Params
  ---------------------------------
  
 mdl_conjg__CKM3x3 =    1.0000000000000000     
 mdl_CKM22 =    1.0000000000000000     
 mdl_lhv =    1.0000000000000000     
 mdl_CKM3x3 =    1.0000000000000000     
 mdl_conjg__CKM22 =    1.0000000000000000     
 mdl_conjg__CKM33 =    1.0000000000000000     
 mdl_Ncol =    3.0000000000000000     
 mdl_CA =    3.0000000000000000     
 mdl_TF =   0.50000000000000000     
 mdl_CF =    1.3333333333333333     
 mdl_complexi =                (0.0000000000000000,1.0000000000000000)
 mdl_MZ__exp__2 =    8315.2513440000002     
 mdl_MZ__exp__4 =    69143404.913893804     
 mdl_sqrt__2 =    1.4142135623730951     
 mdl_MH__exp__2 =    15625.000000000000     
 mdl_Ncol__exp__2 =    9.0000000000000000     
 mdl_MB__exp__2 =    22.090000000000003     
 mdl_MT__exp__2 =    29929.000000000000     
 mdl_aEW =    7.5467711139788835E-003
 mdl_MW =    80.419002445756163     
 mdl_sqrt__aEW =    8.6872153846781555E-002
 mdl_ee =   0.30795376724436879     
 mdl_MW__exp__2 =    6467.2159543705357     
 mdl_sw2 =   0.22224648578577766     
 mdl_cw =   0.88190334743339216     
 mdl_sqrt__sw2 =   0.47143025548407230     
 mdl_sw =   0.47143025548407230     
 mdl_g1 =   0.34919219678733299     
 mdl_gw =   0.65323293034757990     
 mdl_v =    246.21845810181637     
 mdl_v__exp__2 =    60623.529110035903     
 mdl_lam =   0.12886910601690263     
 mdl_yb =    2.6995554250465490E-002
 mdl_yt =   0.99366614581500623     
 mdl_ytau =    1.0206617000654717E-002
 mdl_muH =    88.388347648318430     
 mdl_AxialZUp =  -0.18517701861793787     
 mdl_AxialZDown =   0.18517701861793787     
 mdl_VectorZUp =    7.5430507588273299E-002
 mdl_VectorZDown =  -0.13030376310310560     
 mdl_VectorAUp =   0.20530251149624587     
 mdl_VectorADown =  -0.10265125574812294     
 mdl_VectorWmDxU =   0.23095271737156670     
 mdl_AxialWmDxU =  -0.23095271737156670     
 mdl_VectorWpUxD =   0.23095271737156670     
 mdl_AxialWpUxD =  -0.23095271737156670     
 mdl_I1x33 =          (2.69955542504654901E-002,0.0000000000000000)
 mdl_I2x33 =               (0.99366614581500623,0.0000000000000000)
 mdl_I3x33 =               (0.99366614581500623,0.0000000000000000)
 mdl_I4x33 =          (2.69955542504654901E-002,0.0000000000000000)
 mdl_Vector_tbGp =              (-0.96667059156454072,0.0000000000000000)
 mdl_Axial_tbGp =              (-1.0206617000654716,-0.0000000000000000)
 mdl_Vector_tbGm =               (0.96667059156454072,0.0000000000000000)
 mdl_Axial_tbGm =              (-1.0206617000654716,-0.0000000000000000)
 mdl_gw__exp__2 =   0.42671326129048615     
 mdl_cw__exp__2 =   0.77775351421422245     
 mdl_ee__exp__2 =    9.4835522759998875E-002
 mdl_sw__exp__2 =   0.22224648578577769     
 mdl_yb__exp__2 =    7.2875994928982540E-004
 mdl_yt__exp__2 =   0.98737240933884918     
  Internal Params evaluated point by point
  ----------------------------------------
  
 mdl_sqrt__aS =   0.34351128074635334     
 mdl_G__exp__4 =    2.1987899468922913     
 mdl_G__exp__2 =    1.4828317324943823     
 mdl_R2MixedFactor_FIN_ =   -2.5040377713124864E-002
 mdl_G_UVg_1EPS_ =   -5.1645779033320030E-002
 mdl_G_UVq_1EPS_ =    3.1300472141406080E-003
 mdl_GWcft_UV_b_1EPS_ =   -3.1300472141406080E-003
 mdl_GWcft_UV_t_1EPS_ =   -3.1300472141406080E-003
 mdl_bWcft_UV_1EPS_ =   -1.8780283284843650E-002
 mdl_tWcft_UV_1EPS_ =   -1.8780283284843650E-002
 mdl_G__exp__3 =    1.8056676068262196     
 mdl_MU_R__exp__2 =    8315.2513440000002     
 mdl_G_UVb_FIN_ =    1.8563438626678915E-002
 mdl_G_UVt_FIN_ =   -4.0087659331150384E-003
 mdl_GWcft_UV_b_FIN_ =   -1.8563438626678915E-002
 mdl_GWcft_UV_t_FIN_ =    4.0087659331150384E-003
 mdl_bWcft_UV_FIN_ =  -0.13642100947319838     
 mdl_tWcft_UV_FIN_ =   -9.8778211443463623E-004
  Couplings of loop_sm
  ---------------------------------
  
      UV_GQQb =   0.00000E+00   0.22605E-01
      UV_GQQt =   0.00000E+00  -0.48815E-02
   UVWfct_G_2 =   0.40088E-02   0.00000E+00
   UVWfct_G_1 =  -0.18563E-01   0.00000E+00
       R2_DDA =   0.00000E+00   0.25704E-02
       R2_UUA =  -0.00000E+00  -0.51409E-02
    R2_UUZ_V2 =  -0.00000E+00  -0.72127E-02
    R2_UUZ_V5 =   0.00000E+00   0.68702E-03
      R2_sxcW =  -0.00000E+00  -0.11566E-01
      R2_GGHb =   0.00000E+00  -0.33698E-02
      R2_GGHt =   0.00000E+00  -0.45657E+01
     R2_GGZup =  -0.46369E-02   0.00000E+00
    R2_GGWWcs =   0.00000E+00   0.13356E-02
         GC_4 =  -0.12177E+01   0.00000E+00
         GC_5 =   0.00000E+00   0.12177E+01
       R2_GQQ =  -0.00000E+00  -0.30492E-01
       R2_QQq =   0.00000E+00   0.12520E-01
 UV_GQQg_1eps =   0.00000E+00  -0.62890E-01
 UV_GQQq_1eps =   0.00000E+00   0.38115E-02
 UVWfct_G_2_1eps -0.31300E-02   0.00000E+00
         GC_1 =  -0.00000E+00  -0.10265E+00
         GC_2 =   0.00000E+00   0.20530E+00
         GC_7 =   0.00000E+00   0.57609E+00
        GC_22 =   0.00000E+00   0.28804E+00
        GC_23 =  -0.00000E+00  -0.27437E-01
        GC_24 =   0.00000E+00   0.82310E-01
        GC_25 =   0.00000E+00   0.30795E+00
        GC_28 =   0.00000E+00   0.37035E+00
        GC_31 =   0.00000E+00   0.52532E+02
        GC_33 =  -0.00000E+00  -0.19089E-01
        GC_37 =  -0.00000E+00  -0.70263E+00
        GC_38 =  -0.00000E+00  -0.72172E-02
        GC_47 =   0.00000E+00   0.46191E+00

 Collider parameters:
 --------------------

 Running at P P   machine @    13000.000000000000       GeV
 PDF set = lhapdf 
 alpha_s(Mz)= 0.1127 running at 3 loops.
 alpha_s(Mz)= 0.1127 running at 3 loops.
 Renormalization scale set on event-by-event basis
 Factorization   scale set on event-by-event basis


 ===============================================================
 INFO: MadFKS read these parameters from FKS_params.dat
 ===============================================================
  > IRPoleCheckThreshold      =    1.0000000000000001E-005
  > PrecisionVirtualAtRunTime =    1.0000000000000000E-003
  > NHelForMCoverHels         =            4
  > VirtualFraction           =    1.0000000000000000     
  > MinVirtualFraction        =    5.0000000000000001E-003
 ===============================================================
  Insert the number of points to test
 Insert the relative tolerance
  A negative number will mean use the default one:    1.0000000000000001E-005
Using random seed offsets:     1 ,     12 ,      0
  with seed                   32
 Ranmar initialization seeds       10730        9418
  ========================================================================================== 
 {                                                                                          }
 {       [32m                                                                            [0m       }
 {       [32m                               ,,                                           [0m       }
 {       [32m`7MMM.     ,MMF'             `7MM  `7MMF'                                   [0m       }
 {       [32m  MMMb    dPMM                 MM    MM                                     [0m       }
 {       [32m  M YM   ,M MM   ,6"Yb.   ,M""bMM    MM         ,pW"Wq.   ,pW"Wq.`7MMpdMAo. [0m       }
 {       [32m  M  Mb  M' MM  8)   MM ,AP    MM    MM        6W'   `Wb 6W'   `Wb MM   `Wb [0m       }
 {       [32m  M  YM.P'  MM   ,pm9MM 8MI    MM    MM      , 8M     M8 8M     M8 MM    M8 [0m       }
 {       [32m  M  `YM'   MM  8M   MM `Mb    MM    MM     ,M YA.   ,A9 YA.   ,A9 MM   ,AP [0m       }
 {       [32m.JML. `'  .JMML.`Moo9^Yo.`Wbmd"MML..JMMmmmmMMM  `Ybmd9'   `Ybmd9'  MMbmmd'  [0m       }
 {       [32m                                                                   MM       [0m       }
 {       [32m                                                                 .JMML.     [0m       }
 {       [32m[0mv2.6.5 (2018-02-03), Ref: arXiv:1103.0621v2, arXiv:1405.0301[32m                [0m       }
 {       [32m                                                                            [0m       }
 {                                                                                          }
  ========================================================================================== 
 ===============================================================
 INFO: MadLoop read these parameters from ./MadLoop5_resources/MadLoopParams.dat                                                                                                                                                                                                                                                                                                                                                                                                                                                                                          
 ===============================================================
  > MLReductionLib            = 6|7|1
  > CTModeRun                 =           -1
  > MLStabThres               =    1.0000000000000000E-003
  > NRotations_DP             =            0
  > NRotations_QP             =            0
  > CTStabThres               =    1.0000000000000000E-002
  > CTLoopLibrary             =            2
  > CTModeInit                =            1
  > CheckCycle                =            3
  > MaxAttempts               =           10
  > UseLoopFilter             =  F
  > HelicityFilterLevel       =            2
  > ImprovePSPoint            =            2
  > DoubleCheckHelicityFilter =  T
  > LoopInitStartOver         =  F
  > HelInitStartOver          =  F
  > ZeroThres                 =    1.0000000000000001E-009
  > OSThres                   =    1.0000000000000000E-008
  > WriteOutFilters           =  T
  > UseQPIntegrandForNinja    =  T
  > UseQPIntegrandForCutTools =  T
  > IREGIMODE                 =            2
  > IREGIRECY                 =  T
  > COLLIERMode               =            1
  > COLLIERRequiredAccuracy   =    1.0000000000000000E-008
  > COLLIERCanOutput          =  F
  > COLLIERComputeUVpoles     =  T
  > COLLIERComputeIRpoles     =  T
  > COLLIERGlobalCache        =           -1
  > COLLIERUseCacheForPoles   =  F
  > COLLIERUseInternalStabilityTest =  T
 ===============================================================
  
------------------------------------------------------------------------
|              You are using CutTools - Version 1.9.3                  |
|              Authors: G. Ossola, C. Papadopoulos, R. Pittau          |
|              Published in JHEP 0803:042,2008                         |
|              http://www.ugr.es/~pittau/CutTools                      |
|                                                                      |
|              Compiler with  34  significant digits detetected        |
 ---------------------------------------------------------------------- 
   
########################################################################
#                                                                      #

  +----------------------------------------------------------------+
  |                                                                |
  |  Ninja - version 1.1.0                                         |
  |                                                                |
  |  Author: Tiziano Peraro                                        |
  |                                                                |
  |  Based on:                                                     |
  |                                                                |
  |      P. Mastrolia, E. Mirabella and T. Peraro,                 |
  |      "Integrand reduction of one-loop scattering amplitudes    |
  |      through Laurent series expansion,"                        |
  |      JHEP 1206 (2012) 095  [arXiv:1203.0291 [hep-ph]].         |
  |                                                                |
  |      T. Peraro,                                                |
  |      "Ninja: Automated Integrand Reduction via Laurent         |
  |      Expansion for One-Loop Amplitudes,"                       |
  |      Comput.Phys.Commun. 185 (2014) [arXiv:1403.1229 [hep-ph]] |
  |                                                                |
  +----------------------------------------------------------------+


#                      You are using OneLOop-3.6                       #
#                                                                      #
# for the evaluation of 1-loop scalar 1-, 2-, 3- and 4-point functions #
#                                                                      #
# author: Andreas van Hameren <hamerenREMOVETHIS@ifj.edu.pl>           #
#   date: 18-02-2015                                                   #
#                                                                      #
# Please cite                                                          #
#    A. van Hameren,                                                   #
#      Comput.Phys.Commun. 182 (2011) 2427-2438, arXiv:1007.4716       #
#    A. van Hameren, C.G. Papadopoulos and R. Pittau,                  #
#      JHEP 0909:106,2009, arXiv:0903.4665                             #
# in publications with results obtained with the help of this program. #
#                                                                      #
########################################################################
########################################################################
#                                                                      #
#                      You are using OneLOop-3.6                       #
#                                                                      #
# for the evaluation of 1-loop scalar 1-, 2-, 3- and 4-point functions #
#                                                                      #
# author: Andreas van Hameren <hamerenREMOVETHIS@ifj.edu.pl>           #
#   date: 18-02-2015                                                   #
#                                                                      #
# Please cite                                                          #
#    A. van Hameren,                                                   #
#      Comput.Phys.Commun. 182 (2011) 2427-2438, arXiv:1007.4716       #
#    A. van Hameren, C.G. Papadopoulos and R. Pittau,                  #
#      JHEP 0909:106,2009, arXiv:0903.4665                             #
# in publications with results obtained with the help of this program. #
#                                                                      #
########################################################################
 PASSED   1.0000000000000001E-005
 MU_R    =    325.00000000000000     
 ALPHA_S =   0.11799999999999999     
 BORN                    1.0912238325443872E-010
 SINGLE POLE (MadFKS)   -1.0598949491686761E-011
 DOUBLE POLE (MadFKS)   -1.1612979198001948E-011
 SINGLE POLE (MadLoop)  -1.0598949491691693E-011
 DOUBLE POLE (MadLoop)  -1.1612979198002003E-011
 FINITE PART (MadLoop)  -2.6354979521686083E-013
   325.00000000000000        0.0000000000000000        0.0000000000000000        325.00000000000000        0.0000000000000000     
   325.00000000000000        0.0000000000000000        0.0000000000000000       -325.00000000000000        0.0000000000000000     
   52.580234455565623        51.276705422566152        10.705868159306334        4.1960927498302540        1.7769999999999999     
   117.27516256599958       -24.458716647561214       -71.468801609156102       -89.707554483371354        0.0000000000000000     
   265.97401121129047       -171.11473142651067        186.78924419840570       -10.221821074280584        80.419002445756163     
   214.17059176714434        144.29674265150570       -126.02631074855587        95.733282807821695        0.0000000000000000     

 PASSED   1.0000000000000001E-005
 MU_R    =    325.00000000000000     
 ALPHA_S =   0.11799999999999999     
 BORN                    1.2105940766989449E-010
 SINGLE POLE (MadFKS)   -1.8727993643774380E-011
 DOUBLE POLE (MadFKS)   -1.2883336498570624E-011
 SINGLE POLE (MadLoop)  -1.8727993643777366E-011
 DOUBLE POLE (MadLoop)  -1.2883336498569351E-011
 FINITE PART (MadLoop)   2.6631690834555156E-011
   325.00000000000000        0.0000000000000000        0.0000000000000000        325.00000000000000        0.0000000000000000     
   325.00000000000000        0.0000000000000000        0.0000000000000000       -325.00000000000000        0.0000000000000000     
   132.33879683206536       -22.918005700939396       -121.31390871563303        47.624573329169365        1.7769999999999999     
   211.37453439656656        112.78402399649333        169.26401280951157       -57.520880470879213        0.0000000000000000     
   140.18714816489484        12.962992499557329       -6.8118013087530667       -113.88933551751947        80.419002445756163     
   166.09952060647322       -102.82901079511120       -41.138302785125539        123.78564265922937        0.0000000000000000     

 PASSED   1.0000000000000001E-005
 MU_R    =    325.00000000000000     
 ALPHA_S =   0.11799999999999999     
 BORN                    5.0308069386238664E-011
 SINGLE POLE (MadFKS)   -1.7428619474598225E-012
 DOUBLE POLE (MadFKS)   -5.3538655026604171E-012
 SINGLE POLE (MadLoop)  -1.7428619474627782E-012
 DOUBLE POLE (MadLoop)  -5.3538655026602532E-012
 FINITE PART (MadLoop)   6.5566284101226098E-012
   325.00000000000000        0.0000000000000000        0.0000000000000000        325.00000000000000        0.0000000000000000     
   325.00000000000000        0.0000000000000000        0.0000000000000000       -325.00000000000000        0.0000000000000000     
   243.39379756623700       -190.96476204933933        144.33849082341763        44.002757720076502        1.7769999999999999     
   70.264020678234559        16.658357528196337        54.021113917383460        41.728299479600622        0.0000000000000000     
   88.385790593037243        8.0639641594161748       -35.772566873934402       0.35772289727934709        80.419002445756163     
   247.95639116249123        166.24244036172678       -162.58703786686669       -86.088780096956484        0.0000000000000000     

 PASSED   1.0000000000000001E-005
 MU_R    =    325.00000000000000     
 ALPHA_S =   0.11799999999999999     
 BORN                    7.1523286394642758E-012
 SINGLE POLE (MadFKS)   -3.9289842778428991E-013
 DOUBLE POLE (MadFKS)   -7.6116229530749029E-013
 SINGLE POLE (MadLoop)  -3.9289842778435994E-013
 DOUBLE POLE (MadLoop)  -7.6116229530748645E-013
 FINITE PART (MadLoop)  -7.0339171915745701E-013
   325.00000000000000        0.0000000000000000        0.0000000000000000        325.00000000000000        0.0000000000000000     
   325.00000000000000        0.0000000000000000        0.0000000000000000       -325.00000000000000        0.0000000000000000     
   50.339955182054787       -7.1334462698176653       -8.7459351672405869        49.026277862971959        1.7769999999999999     
   237.29504510844316       -71.842907730524360        154.80364950158719       -164.87378549311953        0.0000000000000000     
   209.38946624420791        68.323632083931699       -7.9110313136522468        180.68212280709375        80.419002445756163     
   152.97553346529412        10.652721916410378       -138.14668302069452       -64.834615176946173        0.0000000000000000     

 PASSED   1.0000000000000001E-005
 MU_R    =    325.00000000000000     
 ALPHA_S =   0.11799999999999999     
 BORN                    7.8287676845035165E-013
 SINGLE POLE (MadFKS)   -1.5023454780157497E-013
 DOUBLE POLE (MadFKS)   -8.3315002435516458E-014
 SINGLE POLE (MadLoop)  -1.5023454780158229E-013
 DOUBLE POLE (MadLoop)  -8.3315002435513996E-014
 FINITE PART (MadLoop)   1.0307655342171177E-013
   325.00000000000000        0.0000000000000000        0.0000000000000000        325.00000000000000        0.0000000000000000     
   325.00000000000000        0.0000000000000000        0.0000000000000000       -325.00000000000000        0.0000000000000000     
   249.45850142122163        169.76426402098261       -16.363414824064439       -182.04043374764672        1.7769999999999999     
   125.37973640405374       -100.02422417371486        75.554440755475767        2.5998771747401639        0.0000000000000000     
   140.67189682609373       -5.7779201980097428       -94.204440244306994        66.434220690265036        80.419002445756163     
   134.48986534863090       -63.962119649258007        35.013414312895598        113.00633588264149        0.0000000000000000     

 PASSED   1.0000000000000001E-005
 MU_R    =    325.00000000000000     
 ALPHA_S =   0.11799999999999999     
 BORN                    2.9774099501311844E-012
 SINGLE POLE (MadFKS)   -4.7719466137604459E-014
 DOUBLE POLE (MadFKS)   -3.1686074647192974E-013
 SINGLE POLE (MadLoop)  -4.7719466136968397E-014
 DOUBLE POLE (MadLoop)  -3.1686074647192646E-013
 FINITE PART (MadLoop)   1.5110815218503183E-012
   325.00000000000000        0.0000000000000000        0.0000000000000000        325.00000000000000        0.0000000000000000     
   325.00000000000000        0.0000000000000000        0.0000000000000000       -325.00000000000000        0.0000000000000000     
   210.16615131934475        187.68950148722331        9.1477740762948816        94.104318138501725        1.7769999999999999     
   174.57382930810417       -160.01041452173311        67.817938510927462        16.535305863704938        0.0000000000000000     
   102.97405550282950       -27.731663287812257       -35.155496740811039        46.168019802970811        80.419002445756163     
   162.28596386972163        5.2576322322101632E-002  -41.810215846411310       -156.80764380517749        0.0000000000000000     

 PASSED   1.0000000000000001E-005
 MU_R    =    325.00000000000000     
 ALPHA_S =   0.11799999999999999     
 BORN                    1.3490548863651175E-011
 SINGLE POLE (MadFKS)   -2.1730278393835606E-012
 DOUBLE POLE (MadFKS)   -1.4356858661885696E-012
 SINGLE POLE (MadLoop)  -2.1730278393835598E-012
 DOUBLE POLE (MadLoop)  -1.4356858661885718E-012
 FINITE PART (MadLoop)   1.3692451060525012E-012
   325.00000000000000        0.0000000000000000        0.0000000000000000        325.00000000000000        0.0000000000000000     
   325.00000000000000        0.0000000000000000        0.0000000000000000       -325.00000000000000        0.0000000000000000     
   112.25301411136169        24.724458156438260       -27.179429766010998       -106.05452000999568        1.7769999999999999     
   196.40479886965986        153.65795066472967        77.874405653744063        94.337988957912231        0.0000000000000000     
   176.71431386460753       -104.58501707382638        23.957985779217179       -115.10309244906833        80.419002445756163     
   164.62787315437092       -73.797391747341592       -74.652961666950219        126.81962350115182        0.0000000000000000     

 PASSED   1.0000000000000001E-005
 MU_R    =    325.00000000000000     
 ALPHA_S =   0.11799999999999999     
 BORN                    2.2901216161946327E-009
 SINGLE POLE (MadFKS)   -1.2592188862782411E-010
 DOUBLE POLE (MadFKS)   -2.4371841868364866E-010
 SINGLE POLE (MadLoop)  -1.2592188862782362E-010
 DOUBLE POLE (MadLoop)  -2.4371841868364903E-010
 FINITE PART (MadLoop)   2.3531583903088796E-010
   325.00000000000000        0.0000000000000000        0.0000000000000000        325.00000000000000        0.0000000000000000     
   325.00000000000000        0.0000000000000000        0.0000000000000000       -325.00000000000000        0.0000000000000000     
   113.09457320077519        85.738443454490763        58.297640491621387        45.138998499925314        1.7769999999999999     
   74.944882980488401        6.4536814056701148        73.981424087506426       -10.091301762296743        0.0000000000000000     
   181.60036881547174        149.05102735861220        7.3597554446059048       -65.123753290812871        80.419002445756163     
   280.36017500326466       -241.24315221877316       -139.63882002373364        30.076056553184301        0.0000000000000000     

 PASSED   1.0000000000000001E-005
 MU_R    =    325.00000000000000     
 ALPHA_S =   0.11799999999999999     
 BORN                    6.5900917601484338E-012
 SINGLE POLE (MadFKS)   -2.1261003537765156E-013
 DOUBLE POLE (MadFKS)   -7.0132814406264180E-013
 SINGLE POLE (MadLoop)  -2.1261003537758981E-013
 DOUBLE POLE (MadLoop)  -7.0132814406263927E-013
 FINITE PART (MadLoop)  -8.6901330959697757E-013
   325.00000000000000        0.0000000000000000        0.0000000000000000        325.00000000000000        0.0000000000000000     
   325.00000000000000        0.0000000000000000        0.0000000000000000       -325.00000000000000        0.0000000000000000     
   250.76505806304749       -212.55871946453513        121.77974200198098        53.557836344382011        1.7769999999999999     
   56.994313321518220        26.811269755075351       -3.9835290079933987        50.136205099253843        0.0000000000000000     
   174.06264915996789        151.41579388546708       -15.825236952406044        25.561868391208520        80.419002445756163     
   168.17797945546641        34.331655823992676       -101.97097604158154       -129.25590983484429        0.0000000000000000     

 PASSED   1.0000000000000001E-005
 MU_R    =    325.00000000000000     
 ALPHA_S =   0.11799999999999999     
 BORN                    1.1083079633162706E-011
 SINGLE POLE (MadFKS)   -1.0601351081206784E-012
 DOUBLE POLE (MadFKS)   -1.1794791260159010E-012
 SINGLE POLE (MadLoop)  -1.0601351081208460E-012
 DOUBLE POLE (MadLoop)  -1.1794791260158772E-012
 FINITE PART (MadLoop)   5.5927896068864260E-013
   325.00000000000000        0.0000000000000000        0.0000000000000000        325.00000000000000        0.0000000000000000     
   325.00000000000000        0.0000000000000000        0.0000000000000000       -325.00000000000000        0.0000000000000000     
   71.395477335656821        45.473054178130511        55.002762832721857        1.0265863170960834        1.7769999999999999     
   257.19308598915245        72.280660617504111       -203.72008894509651        139.36253062255554        0.0000000000000000     
   222.22432875599054       -19.199161618849626        157.39001207438545       -133.32746389637094        80.419002445756163     
   99.187107919200258       -98.554553176784992       -8.6726859620108190       -7.0616530432806606        0.0000000000000000     

 PASSED   1.0000000000000001E-005
 MU_R    =    325.00000000000000     
 ALPHA_S =   0.11799999999999999     
 BORN                    6.4176545515724086E-012
 SINGLE POLE (MadFKS)   -1.8569367500595451E-013
 DOUBLE POLE (MadFKS)   -6.8297709951584431E-013
 SINGLE POLE (MadLoop)  -1.8569367500591150E-013
 DOUBLE POLE (MadLoop)  -6.8297709951572980E-013
 FINITE PART (MadLoop)  -8.6086555106006785E-014
   325.00000000000000        0.0000000000000000        0.0000000000000000        325.00000000000000        0.0000000000000000     
   325.00000000000000        0.0000000000000000        0.0000000000000000       -325.00000000000000        0.0000000000000000     
   224.69411976864228        46.921887598897086        218.10707991072476       -26.681976811662437        1.7769999999999999     
   44.704968092037198       -36.460484732089370       -6.7948261501347318        24.959919126483303        0.0000000000000000     
   155.04173217248098        27.346589477593792       -27.434794734488605        126.76836688422399        80.419002445756163     
   225.55917996683954       -37.807992344401562       -183.87745902610143       -125.04630919904480        0.0000000000000000     

 PASSED   1.0000000000000001E-005
 MU_R    =    325.00000000000000     
 ALPHA_S =   0.11799999999999999     
 BORN                    4.2990717821152649E-011
 SINGLE POLE (MadFKS)   -9.9830813867878519E-012
 DOUBLE POLE (MadFKS)   -4.5751412027001309E-012
 SINGLE POLE (MadLoop)  -9.9830813867872719E-012
 DOUBLE POLE (MadLoop)  -4.5751412027003280E-012
 FINITE PART (MadLoop)  -4.5782512558746130E-013
   325.00000000000000        0.0000000000000000        0.0000000000000000        325.00000000000000        0.0000000000000000     
   325.00000000000000        0.0000000000000000        0.0000000000000000       -325.00000000000000        0.0000000000000000     
   147.45807585492565       -23.556571042624267        18.253366088132498        144.40439395324279        1.7769999999999999     
   259.04246720028902        200.09274832416600        94.623195777272429       -134.58210394473238        0.0000000000000000     
   230.95481477627308       -187.07888274677885       -107.99362251091196       -14.552650657511466        80.419002445756163     
   12.544642168512244        10.542705465237113       -4.8829393544929989        4.7303606490011454        0.0000000000000000     

 PASSED   1.0000000000000001E-005
 MU_R    =    325.00000000000000     
 ALPHA_S =   0.11799999999999999     
 BORN                    3.0022822338616448E-010
 SINGLE POLE (MadFKS)   -5.6943357085127172E-011
 DOUBLE POLE (MadFKS)   -3.1950769483352439E-011
 SINGLE POLE (MadLoop)  -5.6943357085128031E-011
 DOUBLE POLE (MadLoop)  -3.1950769483352821E-011
 FINITE PART (MadLoop)   4.0023103444140796E-011
   325.00000000000000        0.0000000000000000        0.0000000000000000        325.00000000000000        0.0000000000000000     
   325.00000000000000        0.0000000000000000        0.0000000000000000       -325.00000000000000        0.0000000000000000     
   62.289150363250386        18.730499009381155       -5.6010755640010608        59.114946361825751        1.7769999999999999     
   161.33171061721816        129.27780511315191       -27.491027674945233       -92.517097626217762        0.0000000000000000     
   211.10717473310967       -101.20154998787442       -53.055776411946319       -158.24776187612417        80.419002445756163     
   215.27196428642182       -46.806754134658668        86.147879650892619        191.64991314051616        0.0000000000000000     

 PASSED   1.0000000000000001E-005
 MU_R    =    325.00000000000000     
 ALPHA_S =   0.11799999999999999     
 BORN                    3.5688333056018954E-012
 SINGLE POLE (MadFKS)   -5.1836139006358369E-013
 DOUBLE POLE (MadFKS)   -3.7980096936166862E-013
 SINGLE POLE (MadLoop)  -5.1836139006355673E-013
 DOUBLE POLE (MadLoop)  -3.7980096936166362E-013
 FINITE PART (MadLoop)   6.4807198507793178E-013
   325.00000000000000        0.0000000000000000        0.0000000000000000        325.00000000000000        0.0000000000000000     
   325.00000000000000        0.0000000000000000        0.0000000000000000       -325.00000000000000        0.0000000000000000     
   259.91240328962868       -244.03268124486632        72.597429674173483        52.239480701242748        1.7769999999999999     
   129.25636994044268        84.741063615204766        40.728901730306880       -88.697902294177098        0.0000000000000000     
   172.85024089789943        83.511139617016752       -128.07405253222265       -5.7372861120870411        80.419002445756163     
   87.980985872029208        75.780478012644821        14.747721127742160        42.195707705021434        0.0000000000000000     

 PASSED   1.0000000000000001E-005
 MU_R    =    325.00000000000000     
 ALPHA_S =   0.11799999999999999     
 BORN                    5.7339057182983266E-012
 SINGLE POLE (MadFKS)   -8.6743356200777776E-013
 DOUBLE POLE (MadFKS)   -6.1021145106995571E-013
 SINGLE POLE (MadLoop)  -8.6743356200794053E-013
 DOUBLE POLE (MadLoop)  -6.1021145106995076E-013
 FINITE PART (MadLoop)   5.5182237675782951E-013
   325.00000000000000        0.0000000000000000        0.0000000000000000        325.00000000000000        0.0000000000000000     
   325.00000000000000        0.0000000000000000        0.0000000000000000       -325.00000000000000        0.0000000000000000     
   182.85087570723726       -97.571438443692315       -83.236072893978559        130.31828569744386        1.7769999999999999     
   194.61511729952471       -85.830159912339454       -32.664770489078926       -171.58449900799835        0.0000000000000000     
   248.96014439897931        203.61515246194372        107.49010383666679        50.006847629820967        80.419002445756163     
   23.573862594258692       -20.213554105911964        8.4107395463907118       -8.7406343192664355        0.0000000000000000     

 PASSED   1.0000000000000001E-005
 MU_R    =    325.00000000000000     
 ALPHA_S =   0.11799999999999999     
 BORN                    2.2302219193260035E-012
 SINGLE POLE (MadFKS)   -1.7876857750957948E-013
 DOUBLE POLE (MadFKS)   -2.3734379678705703E-013
 SINGLE POLE (MadLoop)  -1.7876857750957767E-013
 DOUBLE POLE (MadLoop)  -2.3734379678705844E-013
 FINITE PART (MadLoop)   3.7665959959257859E-014
   325.00000000000000        0.0000000000000000        0.0000000000000000        325.00000000000000        0.0000000000000000     
   325.00000000000000        0.0000000000000000        0.0000000000000000       -325.00000000000000        0.0000000000000000     
   192.96614545929526        51.176478003306620       -164.27656668195868       -87.332429845865093        1.7769999999999999     
   81.571965257523345        19.460516100651198        52.358620941231443       -59.446182738703484        0.0000000000000000     
   222.88583646558283        81.063962992151673        127.69137168317978        142.59883465255629        80.419002445756163     
   152.57605281759854       -151.70095709610948       -15.773425942452521        4.1797779320123061        0.0000000000000000     

 PASSED   1.0000000000000001E-005
 MU_R    =    325.00000000000000     
 ALPHA_S =   0.11799999999999999     
 BORN                    3.0537026940747499E-012
 SINGLE POLE (MadFKS)   -1.5358476690345314E-013
 DOUBLE POLE (MadFKS)   -3.2497994275367954E-013
 SINGLE POLE (MadLoop)  -1.5358476690397785E-013
 DOUBLE POLE (MadLoop)  -3.2497994275368232E-013
 FINITE PART (MadLoop)   1.2602142981180466E-012
   325.00000000000000        0.0000000000000000        0.0000000000000000        325.00000000000000        0.0000000000000000     
   325.00000000000000        0.0000000000000000        0.0000000000000000       -325.00000000000000        0.0000000000000000     
   107.65167826179058        93.719514969052142        31.924827207299064        42.227763679003615        1.7769999999999999     
   150.76967185534514        47.111858203744660        84.447499085319848       -115.67448580475136        0.0000000000000000     
   282.06435871856655       -123.75084185105891       -176.03080602712933        163.68253106406635        80.419002445756163     
   109.51429116429780       -17.080531321737894        59.658479734510358       -90.235808938318641        0.0000000000000000     

 PASSED   1.0000000000000001E-005
 MU_R    =    325.00000000000000     
 ALPHA_S =   0.11799999999999999     
 BORN                    1.4232735423322970E-010
 SINGLE POLE (MadFKS)   -5.4030038929679237E-012
 DOUBLE POLE (MadFKS)   -1.5146705512866622E-011
 SINGLE POLE (MadLoop)  -5.4030038902950018E-012
 DOUBLE POLE (MadLoop)  -1.5146705512866519E-011
 FINITE PART (MadLoop)   2.6091094429756907E-011
   325.00000000000000        0.0000000000000000        0.0000000000000000        325.00000000000000        0.0000000000000000     
   325.00000000000000        0.0000000000000000        0.0000000000000000       -325.00000000000000        0.0000000000000000     
   35.198262257442657       -27.140693102543921        7.5454717966725742       -21.028755793504665        1.7769999999999999     
   232.45255593394248       -26.304428804532364        120.11327975734862        197.26902395313576        0.0000000000000000     
   158.98525710241162       -102.97930701860152        6.6642990155123911       -90.332416474651225        80.419002445756163     
   223.36392470620322        156.42442892567777       -134.32305056953362       -85.907851684979903        0.0000000000000000     

 PASSED   1.0000000000000001E-005
 MU_R    =    325.00000000000000     
 ALPHA_S =   0.11799999999999999     
 BORN                    3.1797485987033839E-011
 SINGLE POLE (MadFKS)   -9.2967374712357296E-012
 DOUBLE POLE (MadFKS)   -3.3839395026332700E-012
 SINGLE POLE (MadLoop)  -9.2967374712302447E-012
 DOUBLE POLE (MadLoop)  -3.3839395026303079E-012
 FINITE PART (MadLoop)  -2.2303268385719482E-012
   325.00000000000000        0.0000000000000000        0.0000000000000000        325.00000000000000        0.0000000000000000     
   325.00000000000000        0.0000000000000000        0.0000000000000000       -325.00000000000000        0.0000000000000000     
   192.21697994289519       -9.6899878057415307        112.62677823786541       -155.45263783368441        1.7769999999999999     
   130.67886186794991        53.810600993060511       -96.951041321330536        69.151136986878456        0.0000000000000000     
Thanks for using LHAPDF 6.2.1. Please make sure to cite the paper:
  Eur.Phys.J. C75 (2015) 3, 132  (http://arxiv.org/abs/1412.7420)
   146.50917284157120       -73.170725461032831       -38.049047219925036       -90.531965147747314        80.419002445756163     
   180.59498534758373        29.050112273713861        22.373310303390170        176.83346599455325        0.0000000000000000     

 PASSED   1.0000000000000001E-005
 MU_R    =    325.00000000000000     
 ALPHA_S =   0.11799999999999999     
 BORN                    1.2033963260965103E-012
 SINGLE POLE (MadFKS)   -9.4387346860622951E-014
 DOUBLE POLE (MadFKS)   -1.2806736881218443E-013
 SINGLE POLE (MadLoop)  -9.4387346860532062E-014
 DOUBLE POLE (MadLoop)  -1.2806736881219564E-013
 FINITE PART (MadLoop)   1.0231438645317020E-013
   325.00000000000000        0.0000000000000000        0.0000000000000000        325.00000000000000        0.0000000000000000     
   325.00000000000000        0.0000000000000000        0.0000000000000000       -325.00000000000000        0.0000000000000000     
   192.14031025633079        109.22523372063743        28.146803511667756       -155.53889181534873        1.7769999999999999     
   153.33045658834698       -2.6961275468293220        147.83591429782837        40.589435295004265        0.0000000000000000     
   137.56540665461472       -8.0639241450421917       -41.653864767274733        103.23252312624922        80.419002445756163     
   166.96382650070754       -98.465182028765923       -134.32885304222143        11.716933394095227        0.0000000000000000     

 NUMBER OF POINTS PASSING THE CHECK          20
 NUMBER OF POINTS FAILING THE CHECK           0
 TOLERANCE    1.0000000000000001E-005
