==== LHAPDF6 USING DEFAULT-TYPE LHAGLUE INTERFACE ====
LHAPDF 6.2.1 loading /cvmfs/cms.cern.ch/slc7_amd64_gcc700/external/lhapdf/6.2.1-pafccj3/share/LHAPDF/NNPDF31_nnlo_as_0118_nf_4_mc_hessian/NNPDF31_nnlo_as_0118_nf_4_mc_hessian_0000.dat
NNPDF31_nnlo_as_0118_nf_4_mc_hessian PDF set, member #0, version 1; LHAPDF ID = 325500
 A PDF is used, so alpha_s(MZ) is going to be modified
 Old value of alpha_s from param_card:   0.11799999999999999     
 New value of alpha_s from PDF lhapdf :  0.11266013434007299     
 *****************************************************
 *               MadGraph/MadEvent                   *
 *        --------------------------------           *
 *          http://madgraph.hep.uiuc.edu             *
 *          http://madgraph.phys.ucl.ac.be           *
 *          http://madgraph.roma2.infn.it            *
 *        --------------------------------           *
 *                                                   *
 *          PARAMETER AND COUPLING VALUES            *
 *                                                   *
 *****************************************************

  External Params
  ---------------------------------
  
 MU_R =    91.188000000000002     
 aEWM1 =    132.50700000000001     
 mdl_Gf =    1.1663900000000000E-005
 aS =   0.11799999999999999     
 mdl_ymb =    4.7000000000000002     
 mdl_ymt =    173.00000000000000     
 mdl_ymtau =    1.7769999999999999     
 mdl_MT =    173.00000000000000     
 mdl_MB =    4.7000000000000002     
 mdl_MZ =    91.188000000000002     
 mdl_MH =    125.00000000000000     
 mdl_MTA =    1.7769999999999999     
 mdl_WT =    1.4915000000000000     
 mdl_WZ =    2.4414039999999999     
 mdl_WW =    2.0476000000000001     
 mdl_WH =    6.3823389999999999E-003
  Internal Params
  ---------------------------------
  
 mdl_conjg__CKM3x3 =    1.0000000000000000     
 mdl_CKM22 =    1.0000000000000000     
 mdl_lhv =    1.0000000000000000     
 mdl_CKM3x3 =    1.0000000000000000     
 mdl_conjg__CKM22 =    1.0000000000000000     
 mdl_conjg__CKM33 =    1.0000000000000000     
 mdl_Ncol =    3.0000000000000000     
 mdl_CA =    3.0000000000000000     
 mdl_TF =   0.50000000000000000     
 mdl_CF =    1.3333333333333333     
 mdl_complexi =                (0.0000000000000000,1.0000000000000000)
 mdl_MZ__exp__2 =    8315.2513440000002     
 mdl_MZ__exp__4 =    69143404.913893804     
 mdl_sqrt__2 =    1.4142135623730951     
 mdl_MH__exp__2 =    15625.000000000000     
 mdl_Ncol__exp__2 =    9.0000000000000000     
 mdl_MB__exp__2 =    22.090000000000003     
 mdl_MT__exp__2 =    29929.000000000000     
 mdl_aEW =    7.5467711139788835E-003
 mdl_MW =    80.419002445756163     
 mdl_sqrt__aEW =    8.6872153846781555E-002
 mdl_ee =   0.30795376724436879     
 mdl_MW__exp__2 =    6467.2159543705357     
 mdl_sw2 =   0.22224648578577766     
 mdl_cw =   0.88190334743339216     
 mdl_sqrt__sw2 =   0.47143025548407230     
 mdl_sw =   0.47143025548407230     
 mdl_g1 =   0.34919219678733299     
 mdl_gw =   0.65323293034757990     
 mdl_v =    246.21845810181637     
 mdl_v__exp__2 =    60623.529110035903     
 mdl_lam =   0.12886910601690263     
 mdl_yb =    2.6995554250465490E-002
 mdl_yt =   0.99366614581500623     
 mdl_ytau =    1.0206617000654717E-002
 mdl_muH =    88.388347648318430     
 mdl_AxialZUp =  -0.18517701861793787     
 mdl_AxialZDown =   0.18517701861793787     
 mdl_VectorZUp =    7.5430507588273299E-002
 mdl_VectorZDown =  -0.13030376310310560     
 mdl_VectorAUp =   0.20530251149624587     
 mdl_VectorADown =  -0.10265125574812294     
 mdl_VectorWmDxU =   0.23095271737156670     
 mdl_AxialWmDxU =  -0.23095271737156670     
 mdl_VectorWpUxD =   0.23095271737156670     
 mdl_AxialWpUxD =  -0.23095271737156670     
 mdl_I1x33 =          (2.69955542504654901E-002,0.0000000000000000)
 mdl_I2x33 =               (0.99366614581500623,0.0000000000000000)
 mdl_I3x33 =               (0.99366614581500623,0.0000000000000000)
 mdl_I4x33 =          (2.69955542504654901E-002,0.0000000000000000)
 mdl_Vector_tbGp =              (-0.96667059156454072,0.0000000000000000)
 mdl_Axial_tbGp =              (-1.0206617000654716,-0.0000000000000000)
 mdl_Vector_tbGm =               (0.96667059156454072,0.0000000000000000)
 mdl_Axial_tbGm =              (-1.0206617000654716,-0.0000000000000000)
 mdl_gw__exp__2 =   0.42671326129048615     
 mdl_cw__exp__2 =   0.77775351421422245     
 mdl_ee__exp__2 =    9.4835522759998875E-002
 mdl_sw__exp__2 =   0.22224648578577769     
 mdl_yb__exp__2 =    7.2875994928982540E-004
 mdl_yt__exp__2 =   0.98737240933884918     
  Internal Params evaluated point by point
  ----------------------------------------
  
 mdl_sqrt__aS =   0.34351128074635334     
 mdl_G__exp__4 =    2.1987899468922913     
 mdl_G__exp__2 =    1.4828317324943823     
 mdl_R2MixedFactor_FIN_ =   -2.5040377713124864E-002
 mdl_G_UVg_1EPS_ =   -5.1645779033320030E-002
 mdl_G_UVq_1EPS_ =    3.1300472141406080E-003
 mdl_GWcft_UV_b_1EPS_ =   -3.1300472141406080E-003
 mdl_GWcft_UV_t_1EPS_ =   -3.1300472141406080E-003
 mdl_bWcft_UV_1EPS_ =   -1.8780283284843650E-002
 mdl_tWcft_UV_1EPS_ =   -1.8780283284843650E-002
 mdl_G__exp__3 =    1.8056676068262196     
 mdl_MU_R__exp__2 =    8315.2513440000002     
 mdl_G_UVb_FIN_ =    1.8563438626678915E-002
 mdl_G_UVt_FIN_ =   -4.0087659331150384E-003
 mdl_GWcft_UV_b_FIN_ =   -1.8563438626678915E-002
 mdl_GWcft_UV_t_FIN_ =    4.0087659331150384E-003
 mdl_bWcft_UV_FIN_ =  -0.13642100947319838     
 mdl_tWcft_UV_FIN_ =   -9.8778211443463623E-004
  Couplings of loop_sm
  ---------------------------------
  
      UV_GQQb =   0.00000E+00   0.22605E-01
      UV_GQQt =   0.00000E+00  -0.48815E-02
   UVWfct_G_2 =   0.40088E-02   0.00000E+00
   UVWfct_G_1 =  -0.18563E-01   0.00000E+00
       R2_DDA =   0.00000E+00   0.25704E-02
       R2_UUA =  -0.00000E+00  -0.51409E-02
    R2_UUZ_V2 =  -0.00000E+00  -0.72127E-02
    R2_UUZ_V5 =   0.00000E+00   0.68702E-03
      R2_sxcW =  -0.00000E+00  -0.11566E-01
      R2_GGHb =   0.00000E+00  -0.33698E-02
      R2_GGHt =   0.00000E+00  -0.45657E+01
     R2_GGZup =  -0.46369E-02   0.00000E+00
    R2_GGWWcs =   0.00000E+00   0.13356E-02
         GC_4 =  -0.12177E+01   0.00000E+00
         GC_5 =   0.00000E+00   0.12177E+01
       R2_GQQ =  -0.00000E+00  -0.30492E-01
       R2_QQq =   0.00000E+00   0.12520E-01
 UV_GQQg_1eps =   0.00000E+00  -0.62890E-01
 UV_GQQq_1eps =   0.00000E+00   0.38115E-02
 UVWfct_G_2_1eps -0.31300E-02   0.00000E+00
         GC_1 =  -0.00000E+00  -0.10265E+00
         GC_2 =   0.00000E+00   0.20530E+00
         GC_7 =   0.00000E+00   0.57609E+00
        GC_22 =   0.00000E+00   0.28804E+00
        GC_23 =  -0.00000E+00  -0.27437E-01
        GC_24 =   0.00000E+00   0.82310E-01
        GC_25 =   0.00000E+00   0.30795E+00
        GC_28 =   0.00000E+00   0.37035E+00
        GC_31 =   0.00000E+00   0.52532E+02
        GC_33 =  -0.00000E+00  -0.19089E-01
        GC_37 =  -0.00000E+00  -0.70263E+00
        GC_38 =  -0.00000E+00  -0.72172E-02
        GC_47 =   0.00000E+00   0.46191E+00

 Collider parameters:
 --------------------

 Running at P P   machine @    13000.000000000000       GeV
 PDF set = lhapdf 
 alpha_s(Mz)= 0.1127 running at 3 loops.
 alpha_s(Mz)= 0.1127 running at 3 loops.
 Renormalization scale set on event-by-event basis
 Factorization   scale set on event-by-event basis


 ===============================================================
 INFO: MadFKS read these parameters from FKS_params.dat
 ===============================================================
  > IRPoleCheckThreshold      =    1.0000000000000001E-005
  > PrecisionVirtualAtRunTime =    1.0000000000000000E-003
  > NHelForMCoverHels         =            4
  > VirtualFraction           =    1.0000000000000000     
  > MinVirtualFraction        =    5.0000000000000001E-003
 ===============================================================
  Insert the number of points to test
 Insert the relative tolerance
  A negative number will mean use the default one:    1.0000000000000001E-005
Using random seed offsets:     1 ,     35 ,      0
  with seed                   32
 Ranmar initialization seeds       10730        9441
  ========================================================================================== 
 {                                                                                          }
 {       [32m                                                                            [0m       }
 {       [32m                               ,,                                           [0m       }
 {       [32m`7MMM.     ,MMF'             `7MM  `7MMF'                                   [0m       }
 {       [32m  MMMb    dPMM                 MM    MM                                     [0m       }
 {       [32m  M YM   ,M MM   ,6"Yb.   ,M""bMM    MM         ,pW"Wq.   ,pW"Wq.`7MMpdMAo. [0m       }
 {       [32m  M  Mb  M' MM  8)   MM ,AP    MM    MM        6W'   `Wb 6W'   `Wb MM   `Wb [0m       }
 {       [32m  M  YM.P'  MM   ,pm9MM 8MI    MM    MM      , 8M     M8 8M     M8 MM    M8 [0m       }
 {       [32m  M  `YM'   MM  8M   MM `Mb    MM    MM     ,M YA.   ,A9 YA.   ,A9 MM   ,AP [0m       }
 {       [32m.JML. `'  .JMML.`Moo9^Yo.`Wbmd"MML..JMMmmmmMMM  `Ybmd9'   `Ybmd9'  MMbmmd'  [0m       }
 {       [32m                                                                   MM       [0m       }
 {       [32m                                                                 .JMML.     [0m       }
 {       [32m[0mv2.6.5 (2018-02-03), Ref: arXiv:1103.0621v2, arXiv:1405.0301[32m                [0m       }
 {       [32m                                                                            [0m       }
 {                                                                                          }
  ========================================================================================== 
 ===============================================================
 INFO: MadLoop read these parameters from ./MadLoop5_resources/MadLoopParams.dat                                                                                                                                                                                                                                                                                                                                                                                                                                                                                          
 ===============================================================
  > MLReductionLib            = 6|7|1
  > CTModeRun                 =           -1
  > MLStabThres               =    1.0000000000000000E-003
  > NRotations_DP             =            0
  > NRotations_QP             =            0
  > CTStabThres               =    1.0000000000000000E-002
  > CTLoopLibrary             =            2
  > CTModeInit                =            1
  > CheckCycle                =            3
  > MaxAttempts               =           10
  > UseLoopFilter             =  F
  > HelicityFilterLevel       =            2
  > ImprovePSPoint            =            2
  > DoubleCheckHelicityFilter =  T
  > LoopInitStartOver         =  F
  > HelInitStartOver          =  F
  > ZeroThres                 =    1.0000000000000001E-009
  > OSThres                   =    1.0000000000000000E-008
  > WriteOutFilters           =  T
  > UseQPIntegrandForNinja    =  T
  > UseQPIntegrandForCutTools =  T
  > IREGIMODE                 =            2
  > IREGIRECY                 =  T
  > COLLIERMode               =            1
  > COLLIERRequiredAccuracy   =    1.0000000000000000E-008
  > COLLIERCanOutput          =  F
  > COLLIERComputeUVpoles     =  T
  > COLLIERComputeIRpoles     =  T
  > COLLIERGlobalCache        =           -1
  > COLLIERUseCacheForPoles   =  F
  > COLLIERUseInternalStabilityTest =  T
 ===============================================================
  
------------------------------------------------------------------------
|              You are using CutTools - Version 1.9.3                  |
|              Authors: G. Ossola, C. Papadopoulos, R. Pittau          |
|              Published in JHEP 0803:042,2008                         |
|              http://www.ugr.es/~pittau/CutTools                      |
|                                                                      |
|              Compiler with  34  significant digits detetected        |
 ---------------------------------------------------------------------- 
   
########################################################################
#                                                                      #

  +----------------------------------------------------------------+
  |                                                                |
  |  Ninja - version 1.1.0                                         |
  |                                                                |
  |  Author: Tiziano Peraro                                        |
  |                                                                |
  |  Based on:                                                     |
  |                                                                |
  |      P. Mastrolia, E. Mirabella and T. Peraro,                 |
  |      "Integrand reduction of one-loop scattering amplitudes    |
  |      through Laurent series expansion,"                        |
  |      JHEP 1206 (2012) 095  [arXiv:1203.0291 [hep-ph]].         |
  |                                                                |
  |      T. Peraro,                                                |
  |      "Ninja: Automated Integrand Reduction via Laurent         |
  |      Expansion for One-Loop Amplitudes,"                       |
  |      Comput.Phys.Commun. 185 (2014) [arXiv:1403.1229 [hep-ph]] |
  |                                                                |
  +----------------------------------------------------------------+


#                      You are using OneLOop-3.6                       #
#                                                                      #
# for the evaluation of 1-loop scalar 1-, 2-, 3- and 4-point functions #
#                                                                      #
# author: Andreas van Hameren <hamerenREMOVETHIS@ifj.edu.pl>           #
#   date: 18-02-2015                                                   #
#                                                                      #
# Please cite                                                          #
#    A. van Hameren,                                                   #
#      Comput.Phys.Commun. 182 (2011) 2427-2438, arXiv:1007.4716       #
#    A. van Hameren, C.G. Papadopoulos and R. Pittau,                  #
#      JHEP 0909:106,2009, arXiv:0903.4665                             #
# in publications with results obtained with the help of this program. #
#                                                                      #
########################################################################
########################################################################
#                                                                      #
#                      You are using OneLOop-3.6                       #
#                                                                      #
# for the evaluation of 1-loop scalar 1-, 2-, 3- and 4-point functions #
#                                                                      #
# author: Andreas van Hameren <hamerenREMOVETHIS@ifj.edu.pl>           #
#   date: 18-02-2015                                                   #
#                                                                      #
# Please cite                                                          #
#    A. van Hameren,                                                   #
#      Comput.Phys.Commun. 182 (2011) 2427-2438, arXiv:1007.4716       #
#    A. van Hameren, C.G. Papadopoulos and R. Pittau,                  #
#      JHEP 0909:106,2009, arXiv:0903.4665                             #
# in publications with results obtained with the help of this program. #
#                                                                      #
########################################################################
 PASSED   1.0000000000000001E-005
 MU_R    =    325.00000000000000     
 ALPHA_S =   0.11799999999999999     
 BORN                    4.0573412557296878E-008
 SINGLE POLE (MadFKS)   -2.3104384898534265E-010
 DOUBLE POLE (MadFKS)   -2.0319471510903147E-009
 SINGLE POLE (MadLoop)  -2.3104384898532305E-010
 DOUBLE POLE (MadLoop)  -2.0319471510903255E-009
 FINITE PART (MadLoop)   4.7048317029981152E-009
   325.00000000000000        0.0000000000000000        0.0000000000000000        325.00000000000000        0.0000000000000000     
   325.00000000000000        0.0000000000000000        0.0000000000000000       -325.00000000000000        0.0000000000000000     
   230.04686041260445        223.16676637423399        43.902861160996409       -34.506392938739239        0.0000000000000000     
   138.81718644790766        14.883747594457127        33.822632834151158        133.80850054844740        0.0000000000000000     
   281.13595313948787       -238.05051396869109       -77.725493995147573       -99.302107609708187        80.419002445756163     

 PASSED   1.0000000000000001E-005
 MU_R    =    325.00000000000000     
 ALPHA_S =   0.11799999999999999     
 BORN                    4.6765226835944434E-008
 SINGLE POLE (MadFKS)   -2.6630291429371272E-010
 DOUBLE POLE (MadFKS)   -2.3420378876240236E-009
 SINGLE POLE (MadLoop)  -2.6630291429375470E-010
 DOUBLE POLE (MadLoop)  -2.3420378876240166E-009
 FINITE PART (MadLoop)   7.4483432021863295E-009
   325.00000000000000        0.0000000000000000        0.0000000000000000        325.00000000000000        0.0000000000000000     
   325.00000000000000        0.0000000000000000        0.0000000000000000       -325.00000000000000        0.0000000000000000     
   190.74163393923101       -104.57234433010649       -158.78092069618515       -15.349753808611540        0.0000000000000000     
   284.12634650044191        253.18929772677956        121.69495640921976        42.582835472376026        0.0000000000000000     
   175.13201956032708       -148.61695339667304        37.085964286965286       -27.233081663764505        80.419002445756163     

 PASSED   1.0000000000000001E-005
 MU_R    =    325.00000000000000     
 ALPHA_S =   0.11799999999999999     
 BORN                    2.2056157822658663E-007
 SINGLE POLE (MadFKS)   -1.2559800312529412E-009
 DOUBLE POLE (MadFKS)   -1.1045890455593333E-008
 SINGLE POLE (MadLoop)  -1.2559800312529639E-009
 DOUBLE POLE (MadLoop)  -1.1045890455593290E-008
 FINITE PART (MadLoop)   3.0383049697956532E-008
   325.00000000000000        0.0000000000000000        0.0000000000000000        325.00000000000000        0.0000000000000000     
   325.00000000000000        0.0000000000000000        0.0000000000000000       -325.00000000000000        0.0000000000000000     
   181.11920352241046       -163.61849878842392       -40.161207373047112        66.484811507245652        0.0000000000000000     
   308.95548429662983        301.45487965417686        32.447920070643349       -59.376588759712845        0.0000000000000000     
   159.92531218095962       -137.83638086575291        7.7132873024037485       -7.1082227475328228        80.419002445756163     

 PASSED   1.0000000000000001E-005
 MU_R    =    325.00000000000000     
 ALPHA_S =   0.11799999999999999     
 BORN                    7.0933343441393690E-008
 SINGLE POLE (MadFKS)   -4.0392739129238950E-010
 DOUBLE POLE (MadFKS)   -3.5523954244546130E-009
 SINGLE POLE (MadLoop)  -4.0392739129551231E-010
 DOUBLE POLE (MadLoop)  -3.5523954244546134E-009
 FINITE PART (MadLoop)   1.2462198166510623E-008
   325.00000000000000        0.0000000000000000        0.0000000000000000        325.00000000000000        0.0000000000000000     
   325.00000000000000        0.0000000000000000        0.0000000000000000       -325.00000000000000        0.0000000000000000     
   203.19009804110198        96.696935864080302        151.21805710323321       -95.231390530506829        0.0000000000000000     
   310.16471271334211       -146.84980179125884       -211.23826386916349        173.25034084803335        0.0000000000000000     
   136.64518924555588        50.152865927178702        60.020206765930311       -78.018950317526446        80.419002445756163     

 PASSED   1.0000000000000001E-005
 MU_R    =    325.00000000000000     
 ALPHA_S =   0.11799999999999999     
 BORN                    7.5986185859937123E-008
 SINGLE POLE (MadFKS)   -4.3270062201455484E-010
 DOUBLE POLE (MadFKS)   -3.8054455898250669E-009
 SINGLE POLE (MadLoop)  -4.3270062201453442E-010
 DOUBLE POLE (MadLoop)  -3.8054455898250521E-009
 FINITE PART (MadLoop)   1.2106244794158326E-008
   325.00000000000000        0.0000000000000000        0.0000000000000000        325.00000000000000        0.0000000000000000     
   325.00000000000000        0.0000000000000000        0.0000000000000000       -325.00000000000000        0.0000000000000000     
   169.17491055422698       -78.944422183681667       -145.68020495513855        34.135120496992201        0.0000000000000000     
   280.80950412689475        252.15110768495850        121.89404974031143        20.387180755255784        0.0000000000000000     
   200.01558531887829       -173.20668550127687        23.786155214827147       -54.522301252247985        80.419002445756163     

 PASSED   1.0000000000000001E-005
 MU_R    =    325.00000000000000     
 ALPHA_S =   0.11799999999999999     
 BORN                    1.6249476618300456E-008
 SINGLE POLE (MadFKS)   -9.2532064355880052E-011
 DOUBLE POLE (MadFKS)   -8.1378606432566870E-010
 SINGLE POLE (MadLoop)  -9.2532064355919835E-011
 DOUBLE POLE (MadLoop)  -8.1378606432566177E-010
 FINITE PART (MadLoop)   1.5802759080385865E-009
   325.00000000000000        0.0000000000000000        0.0000000000000000        325.00000000000000        0.0000000000000000     
   325.00000000000000        0.0000000000000000        0.0000000000000000       -325.00000000000000        0.0000000000000000     
   206.76715575570202       -52.661276743857449        198.41143515602360        24.745687105769061        0.0000000000000000     
   194.68546926189316        91.880014756670747       -18.201160248847700       -170.67282324855728        0.0000000000000000     
   248.54737498240488       -39.218738012813390       -180.21027490717591        145.92713614278844        80.419002445756163     

 PASSED   1.0000000000000001E-005
 MU_R    =    325.00000000000000     
 ALPHA_S =   0.11799999999999999     
 BORN                    1.1300245369625622E-007
 SINGLE POLE (MadFKS)   -6.4348843740715966E-010
 DOUBLE POLE (MadFKS)   -5.6592482461283176E-009
 SINGLE POLE (MadLoop)  -6.4348843740722274E-010
 DOUBLE POLE (MadLoop)  -5.6592482461282895E-009
 FINITE PART (MadLoop)   1.6510997936300185E-008
   325.00000000000000        0.0000000000000000        0.0000000000000000        325.00000000000000        0.0000000000000000     
   325.00000000000000        0.0000000000000000        0.0000000000000000       -325.00000000000000        0.0000000000000000     
   147.45005265550037        133.59216214856954       -62.124058792302009        5.9374708210438438        0.0000000000000000     
   314.28007582349903       -264.23626342920056        169.69085762366262        12.497039151105829        0.0000000000000000     
   188.26987152100060        130.64410128063099       -107.56679883136087       -18.434509972149669        80.419002445756163     

 PASSED   1.0000000000000001E-005
 MU_R    =    325.00000000000000     
 ALPHA_S =   0.11799999999999999     
 BORN                    2.2716660338451335E-009
 SINGLE POLE (MadFKS)   -1.2935921111581626E-011
 DOUBLE POLE (MadFKS)   -1.1376675105111688E-010
 SINGLE POLE (MadLoop)  -1.2935921111576141E-011
 DOUBLE POLE (MadLoop)  -1.1376675105111964E-010
 FINITE PART (MadLoop)   2.4500450425862003E-010
   325.00000000000000        0.0000000000000000        0.0000000000000000        325.00000000000000        0.0000000000000000     
   325.00000000000000        0.0000000000000000        0.0000000000000000       -325.00000000000000        0.0000000000000000     
   283.57678696226975        16.071897944964864        84.020056961090106       -270.36663667794937        0.0000000000000000     
   168.26954970887809        6.0298535386783181        56.565241349646868        158.36241882652237        0.0000000000000000     
   198.15366332885213       -22.101751483643170       -140.58529831073693        112.00421785142701        80.419002445756163     

 PASSED   1.0000000000000001E-005
 MU_R    =    325.00000000000000     
 ALPHA_S =   0.11799999999999999     
 BORN                    1.9278374705480211E-008
 SINGLE POLE (MadFKS)   -1.0978001635543336E-010
 DOUBLE POLE (MadFKS)   -9.6547556864075363E-010
 SINGLE POLE (MadLoop)  -1.0978001635546139E-010
 DOUBLE POLE (MadLoop)  -9.6547556864075135E-010
 FINITE PART (MadLoop)   2.3570861783445226E-009
   325.00000000000000        0.0000000000000000        0.0000000000000000        325.00000000000000        0.0000000000000000     
   325.00000000000000        0.0000000000000000        0.0000000000000000       -325.00000000000000        0.0000000000000000     
   207.18696905851854       -148.46229704135831        120.33483543294656       -80.030705895828916        0.0000000000000000     
   140.50868970873751       -126.79971068699072       -28.441744105317586        53.437743642573032        0.0000000000000000     
   302.30434123274398        275.26200772834915       -91.893091327628966        26.592962253255873        80.419002445756163     

 PASSED   1.0000000000000001E-005
 MU_R    =    325.00000000000000     
 ALPHA_S =   0.11799999999999999     
 BORN                    6.2680899830633951E-009
 SINGLE POLE (MadFKS)   -3.5693414583461947E-011
 DOUBLE POLE (MadFKS)   -3.1391068143152371E-010
 SINGLE POLE (MadLoop)  -3.5693414583473282E-011
 DOUBLE POLE (MadLoop)  -3.1391068143152222E-010
 FINITE PART (MadLoop)   8.9156283249047887E-010
   325.00000000000000        0.0000000000000000        0.0000000000000000        325.00000000000000        0.0000000000000000     
   325.00000000000000        0.0000000000000000        0.0000000000000000       -325.00000000000000        0.0000000000000000     
   237.78547371909318       -64.175238014986334        150.55184681739746       -172.50394707775334        0.0000000000000000     
   261.00859979609214        183.51936432592845       -110.45833665320703        149.14787275965656        0.0000000000000000     
   151.20592648481465       -119.34412631094216       -40.093510164190370        23.356074318096692        80.419002445756163     

 PASSED   1.0000000000000001E-005
 MU_R    =    325.00000000000000     
 ALPHA_S =   0.11799999999999999     
 BORN                    8.7101506495550339E-009
 SINGLE POLE (MadFKS)   -4.9599641846085174E-011
 DOUBLE POLE (MadFKS)   -4.3621092440615589E-010
 SINGLE POLE (MadLoop)  -4.9599641846056113E-011
 DOUBLE POLE (MadLoop)  -4.3621092440615078E-010
 FINITE PART (MadLoop)   1.1816137356885090E-009
   325.00000000000000        0.0000000000000000        0.0000000000000000        325.00000000000000        0.0000000000000000     
   325.00000000000000        0.0000000000000000        0.0000000000000000       -325.00000000000000        0.0000000000000000     
   230.11747809226117       -50.151210677050948       -211.71779851408493       -74.929857757223360        0.0000000000000000     
   230.62916835050422        171.02960931016685        151.66932633155756       -30.579429088659964        0.0000000000000000     
   189.25335355723465       -120.87839863311591        60.048472182527377        105.50928684588330        80.419002445756163     

 PASSED   1.0000000000000001E-005
 MU_R    =    325.00000000000000     
 ALPHA_S =   0.11799999999999999     
 BORN                    4.3291293084283250E-008
 SINGLE POLE (MadFKS)   -2.4652072259439465E-010
 DOUBLE POLE (MadFKS)   -2.1680606610400858E-009
 SINGLE POLE (MadLoop)  -2.4652072259399864E-010
 DOUBLE POLE (MadLoop)  -2.1680606610400738E-009
 FINITE PART (MadLoop)   8.2117337886545649E-009
   325.00000000000000        0.0000000000000000        0.0000000000000000        325.00000000000000        0.0000000000000000     
   325.00000000000000        0.0000000000000000        0.0000000000000000       -325.00000000000000        0.0000000000000000     
   62.443891674403758       -57.023651958366749       -25.218973626643972        3.3979543837968347        0.0000000000000000     
   301.40295228433655        210.93453541015498       -118.03701636242108       -180.04894941452361        0.0000000000000000     
   286.15315604125965       -153.91088345178824        143.25598998906517        176.65099503072682        80.419002445756163     

 PASSED   1.0000000000000001E-005
 MU_R    =    325.00000000000000     
 ALPHA_S =   0.11799999999999999     
 BORN                    4.8847267765127840E-009
 SINGLE POLE (MadFKS)   -2.7815902201805425E-011
 DOUBLE POLE (MadFKS)   -2.4463080701858997E-010
 SINGLE POLE (MadLoop)  -2.7815902198073377E-011
 DOUBLE POLE (MadLoop)  -2.4463080701979347E-010
 FINITE PART (MadLoop)   8.8697626824718495E-010
   325.00000000000000        0.0000000000000000        0.0000000000000000        325.00000000000000        0.0000000000000000     
   325.00000000000000        0.0000000000000000        0.0000000000000000       -325.00000000000000        0.0000000000000000     
   178.39370139313382       -38.868837657556192        96.765195965388244       -144.74122773305865        0.0000000000000000     
   156.25408793684468        27.676168332071526       -25.808005649242514       -151.60249519001550        0.0000000000000000     
   315.35221067002152        11.192669325484593       -70.957190316145869        296.34372292307410        80.419002445756163     

 PASSED   1.0000000000000001E-005
 MU_R    =    325.00000000000000     
 ALPHA_S =   0.11799999999999999     
 BORN                    8.5220555005764965E-009
 SINGLE POLE (MadFKS)   -4.8528540736852396E-011
 DOUBLE POLE (MadFKS)   -4.2679097725329772E-010
 SINGLE POLE (MadLoop)  -4.8528540736826126E-011
 DOUBLE POLE (MadLoop)  -4.2679097725329865E-010
 FINITE PART (MadLoop)   1.8316489891760613E-009
   325.00000000000000        0.0000000000000000        0.0000000000000000        325.00000000000000        0.0000000000000000     
   325.00000000000000        0.0000000000000000        0.0000000000000000       -325.00000000000000        0.0000000000000000     
   138.81024982513745       -103.83958341400300      -0.28309848685666977       -92.117024638066340        0.0000000000000000     
   285.50539304573635        89.510513353280871       -177.04966082339905        205.31589090898908        0.0000000000000000     
   225.68435712912623        14.329070060722113        177.33275931025580       -113.19886627092271        80.419002445756163     

 PASSED   1.0000000000000001E-005
 MU_R    =    325.00000000000000     
 ALPHA_S =   0.11799999999999999     
 BORN                    7.4312480551585676E-008
 SINGLE POLE (MadFKS)   -4.2316976690191998E-010
 DOUBLE POLE (MadFKS)   -3.7216251636219022E-009
 SINGLE POLE (MadLoop)  -4.2316976690195963E-010
 DOUBLE POLE (MadLoop)  -3.7216251636219489E-009
 FINITE PART (MadLoop)   1.2736126423966463E-008
   325.00000000000000        0.0000000000000000        0.0000000000000000        325.00000000000000        0.0000000000000000     
   325.00000000000000        0.0000000000000000        0.0000000000000000       -325.00000000000000        0.0000000000000000     
   67.293432613094708       -28.982386363329464       -56.171742494483418        23.090316123285298        0.0000000000000000     
   312.68665662782684        231.27210507978350        132.71993499024009       -163.31435179199792        0.0000000000000000     
   270.01991075907847       -202.28971871645393       -76.548192495756652        140.22403566871250        80.419002445756163     

 PASSED   1.0000000000000001E-005
 MU_R    =    325.00000000000000     
 ALPHA_S =   0.11799999999999999     
 BORN                    1.7142723284369928E-009
 SINGLE POLE (MadFKS)   -9.7618625599172182E-012
 DOUBLE POLE (MadFKS)   -8.5852053214440689E-011
 SINGLE POLE (MadLoop)  -9.7618625602940620E-012
 DOUBLE POLE (MadLoop)  -8.5852053214357169E-011
 FINITE PART (MadLoop)   3.5094042699202841E-010
   325.00000000000000        0.0000000000000000        0.0000000000000000        325.00000000000000        0.0000000000000000     
   325.00000000000000        0.0000000000000000        0.0000000000000000       -325.00000000000000        0.0000000000000000     
   273.30909251452971       -59.632974434115908        87.644971277253248       -251.91293619237840        0.0000000000000000     
   104.26770837644295        96.985356458777787       -38.272519816697077      -0.89992750779987174        0.0000000000000000     
   272.42319910902728       -37.352382024661893       -49.372451460556192        252.81286370017830        80.419002445756163     

 PASSED   1.0000000000000001E-005
 MU_R    =    325.00000000000000     
 ALPHA_S =   0.11799999999999999     
 BORN                    7.4809176443533253E-006
 SINGLE POLE (MadFKS)   -4.2599818392226983E-008
 DOUBLE POLE (MadFKS)   -3.7465000691077520E-007
 SINGLE POLE (MadLoop)  -4.2599818392234686E-008
 DOUBLE POLE (MadLoop)  -3.7465000691077536E-007
 FINITE PART (MadLoop)   3.2507264987950076E-006
   325.00000000000000        0.0000000000000000        0.0000000000000000        325.00000000000000        0.0000000000000000     
   325.00000000000000        0.0000000000000000        0.0000000000000000       -325.00000000000000        0.0000000000000000     
   238.22959943273506       -82.198063649709511        73.685152960149978        211.10973120952764        0.0000000000000000     
   120.91259291916218        31.347332412332182       -98.571836898894446        62.616234695512688        0.0000000000000000     
   290.85780764810272        50.850731237377360        24.886683938744483       -273.72596590504025        80.419002445756163     

 PASSED   1.0000000000000001E-005
 MU_R    =    325.00000000000000     
 ALPHA_S =   0.11799999999999999     
 BORN                    2.8316490075514241E-007
 SINGLE POLE (MadFKS)   -1.6124724159110650E-009
 DOUBLE POLE (MadFKS)   -1.4181112140016565E-008
 SINGLE POLE (MadLoop)  -1.6124724159129055E-009
Thanks for using LHAPDF 6.2.1. Please make sure to cite the paper:
  Eur.Phys.J. C75 (2015) 3, 132  (http://arxiv.org/abs/1412.7420)
 DOUBLE POLE (MadLoop)  -1.4181112140016592E-008
 FINITE PART (MadLoop)   5.1362580522939494E-008
   325.00000000000000        0.0000000000000000        0.0000000000000000        325.00000000000000        0.0000000000000000     
   325.00000000000000        0.0000000000000000        0.0000000000000000       -325.00000000000000        0.0000000000000000     
   210.01382714132652        202.04778149076608       -30.934029638274151        48.224344428358840        0.0000000000000000     
   285.13125116598837       -264.83923211774561        92.799022579162639        50.481213645442402        0.0000000000000000     
   154.85492169268517        62.791450626979547       -61.864992940888506       -98.705558073801072        80.419002445756163     

 PASSED   1.0000000000000001E-005
 MU_R    =    325.00000000000000     
 ALPHA_S =   0.11799999999999999     
 BORN                    1.6180261976918927E-007
 SINGLE POLE (MadFKS)   -9.2137924052095401E-010
 DOUBLE POLE (MadFKS)   -8.1031974279872473E-009
 SINGLE POLE (MadLoop)  -9.2137924052089063E-010
 DOUBLE POLE (MadLoop)  -8.1031974279872688E-009
 FINITE PART (MadLoop)   2.3521747134141616E-008
   325.00000000000000        0.0000000000000000        0.0000000000000000        325.00000000000000        0.0000000000000000     
   325.00000000000000        0.0000000000000000        0.0000000000000000       -325.00000000000000        0.0000000000000000     
   224.93256510010889        163.91157118523191       -69.955033681243137        137.23683520381658        0.0000000000000000     
   261.67504684756125       -121.06424147924290        203.19725227410186       -111.92924660688082        0.0000000000000000     
   163.39238805232992       -42.847329705989019       -133.24221859285868       -25.307588596935769        80.419002445756163     

 PASSED   1.0000000000000001E-005
 MU_R    =    325.00000000000000     
 ALPHA_S =   0.11799999999999999     
 BORN                    3.0529226686369723E-007
 SINGLE POLE (MadFKS)   -1.7384759120776322E-009
 DOUBLE POLE (MadFKS)   -1.5289267350326188E-008
 SINGLE POLE (MadLoop)  -1.7384759120776593E-009
 DOUBLE POLE (MadLoop)  -1.5289267350326181E-008
 FINITE PART (MadLoop)   4.8738112301645723E-008
   325.00000000000000        0.0000000000000000        0.0000000000000000        325.00000000000000        0.0000000000000000     
   325.00000000000000        0.0000000000000000        0.0000000000000000       -325.00000000000000        0.0000000000000000     
   251.27745009708332        17.063417169761788        57.627933939626878        243.98405265843274        0.0000000000000000     
   216.29048635064370        123.25522730649395       -74.633849834863796       -161.30564740965983        0.0000000000000000     
   182.43206355227301       -140.31864447625568        17.005915895237006       -82.678405248772933        80.419002445756163     

 NUMBER OF POINTS PASSING THE CHECK          20
 NUMBER OF POINTS FAILING THE CHECK           0
 TOLERANCE    1.0000000000000001E-005
