==== LHAPDF6 USING DEFAULT-TYPE LHAGLUE INTERFACE ====
LHAPDF 6.2.1 loading /cvmfs/cms.cern.ch/slc7_amd64_gcc700/external/lhapdf/6.2.1-pafccj3/share/LHAPDF/NNPDF31_nnlo_as_0118_nf_4_mc_hessian/NNPDF31_nnlo_as_0118_nf_4_mc_hessian_0000.dat
NNPDF31_nnlo_as_0118_nf_4_mc_hessian PDF set, member #0, version 1; LHAPDF ID = 325500
 A PDF is used, so alpha_s(MZ) is going to be modified
 Old value of alpha_s from param_card:   0.11799999999999999     
 New value of alpha_s from PDF lhapdf :  0.11266013434007299     
 *****************************************************
 *               MadGraph/MadEvent                   *
 *        --------------------------------           *
 *          http://madgraph.hep.uiuc.edu             *
 *          http://madgraph.phys.ucl.ac.be           *
 *          http://madgraph.roma2.infn.it            *
 *        --------------------------------           *
 *                                                   *
 *          PARAMETER AND COUPLING VALUES            *
 *                                                   *
 *****************************************************

  External Params
  ---------------------------------
  
 MU_R =    91.188000000000002     
 aEWM1 =    132.50700000000001     
 mdl_Gf =    1.1663900000000000E-005
 aS =   0.11799999999999999     
 mdl_ymb =    4.7000000000000002     
 mdl_ymt =    173.00000000000000     
 mdl_ymtau =    1.7769999999999999     
 mdl_MT =    173.00000000000000     
 mdl_MB =    4.7000000000000002     
 mdl_MZ =    91.188000000000002     
 mdl_MH =    125.00000000000000     
 mdl_MTA =    1.7769999999999999     
 mdl_WT =    1.4915000000000000     
 mdl_WZ =    2.4414039999999999     
 mdl_WW =    2.0476000000000001     
 mdl_WH =    6.3823389999999999E-003
  Internal Params
  ---------------------------------
  
 mdl_conjg__CKM3x3 =    1.0000000000000000     
 mdl_CKM22 =    1.0000000000000000     
 mdl_lhv =    1.0000000000000000     
 mdl_CKM3x3 =    1.0000000000000000     
 mdl_conjg__CKM22 =    1.0000000000000000     
 mdl_conjg__CKM33 =    1.0000000000000000     
 mdl_Ncol =    3.0000000000000000     
 mdl_CA =    3.0000000000000000     
 mdl_TF =   0.50000000000000000     
 mdl_CF =    1.3333333333333333     
 mdl_complexi =                (0.0000000000000000,1.0000000000000000)
 mdl_MZ__exp__2 =    8315.2513440000002     
 mdl_MZ__exp__4 =    69143404.913893804     
 mdl_sqrt__2 =    1.4142135623730951     
 mdl_MH__exp__2 =    15625.000000000000     
 mdl_Ncol__exp__2 =    9.0000000000000000     
 mdl_MB__exp__2 =    22.090000000000003     
 mdl_MT__exp__2 =    29929.000000000000     
 mdl_aEW =    7.5467711139788835E-003
 mdl_MW =    80.419002445756163     
 mdl_sqrt__aEW =    8.6872153846781555E-002
 mdl_ee =   0.30795376724436879     
 mdl_MW__exp__2 =    6467.2159543705357     
 mdl_sw2 =   0.22224648578577766     
 mdl_cw =   0.88190334743339216     
 mdl_sqrt__sw2 =   0.47143025548407230     
 mdl_sw =   0.47143025548407230     
 mdl_g1 =   0.34919219678733299     
 mdl_gw =   0.65323293034757990     
 mdl_v =    246.21845810181637     
 mdl_v__exp__2 =    60623.529110035903     
 mdl_lam =   0.12886910601690263     
 mdl_yb =    2.6995554250465490E-002
 mdl_yt =   0.99366614581500623     
 mdl_ytau =    1.0206617000654717E-002
 mdl_muH =    88.388347648318430     
 mdl_AxialZUp =  -0.18517701861793787     
 mdl_AxialZDown =   0.18517701861793787     
 mdl_VectorZUp =    7.5430507588273299E-002
 mdl_VectorZDown =  -0.13030376310310560     
 mdl_VectorAUp =   0.20530251149624587     
 mdl_VectorADown =  -0.10265125574812294     
 mdl_VectorWmDxU =   0.23095271737156670     
 mdl_AxialWmDxU =  -0.23095271737156670     
 mdl_VectorWpUxD =   0.23095271737156670     
 mdl_AxialWpUxD =  -0.23095271737156670     
 mdl_I1x33 =          (2.69955542504654901E-002,0.0000000000000000)
 mdl_I2x33 =               (0.99366614581500623,0.0000000000000000)
 mdl_I3x33 =               (0.99366614581500623,0.0000000000000000)
 mdl_I4x33 =          (2.69955542504654901E-002,0.0000000000000000)
 mdl_Vector_tbGp =              (-0.96667059156454072,0.0000000000000000)
 mdl_Axial_tbGp =              (-1.0206617000654716,-0.0000000000000000)
 mdl_Vector_tbGm =               (0.96667059156454072,0.0000000000000000)
 mdl_Axial_tbGm =              (-1.0206617000654716,-0.0000000000000000)
 mdl_gw__exp__2 =   0.42671326129048615     
 mdl_cw__exp__2 =   0.77775351421422245     
 mdl_ee__exp__2 =    9.4835522759998875E-002
 mdl_sw__exp__2 =   0.22224648578577769     
 mdl_yb__exp__2 =    7.2875994928982540E-004
 mdl_yt__exp__2 =   0.98737240933884918     
  Internal Params evaluated point by point
  ----------------------------------------
  
 mdl_sqrt__aS =   0.34351128074635334     
 mdl_G__exp__4 =    2.1987899468922913     
 mdl_G__exp__2 =    1.4828317324943823     
 mdl_R2MixedFactor_FIN_ =   -2.5040377713124864E-002
 mdl_G_UVg_1EPS_ =   -5.1645779033320030E-002
 mdl_G_UVq_1EPS_ =    3.1300472141406080E-003
 mdl_GWcft_UV_b_1EPS_ =   -3.1300472141406080E-003
 mdl_GWcft_UV_t_1EPS_ =   -3.1300472141406080E-003
 mdl_bWcft_UV_1EPS_ =   -1.8780283284843650E-002
 mdl_tWcft_UV_1EPS_ =   -1.8780283284843650E-002
 mdl_G__exp__3 =    1.8056676068262196     
 mdl_MU_R__exp__2 =    8315.2513440000002     
 mdl_G_UVb_FIN_ =    1.8563438626678915E-002
 mdl_G_UVt_FIN_ =   -4.0087659331150384E-003
 mdl_GWcft_UV_b_FIN_ =   -1.8563438626678915E-002
 mdl_GWcft_UV_t_FIN_ =    4.0087659331150384E-003
 mdl_bWcft_UV_FIN_ =  -0.13642100947319838     
 mdl_tWcft_UV_FIN_ =   -9.8778211443463623E-004
  Couplings of loop_sm
  ---------------------------------
  
      UV_GQQb =   0.00000E+00   0.22605E-01
      UV_GQQt =   0.00000E+00  -0.48815E-02
   UVWfct_G_2 =   0.40088E-02   0.00000E+00
   UVWfct_G_1 =  -0.18563E-01   0.00000E+00
       R2_DDA =   0.00000E+00   0.25704E-02
       R2_UUA =  -0.00000E+00  -0.51409E-02
    R2_UUZ_V2 =  -0.00000E+00  -0.72127E-02
    R2_UUZ_V5 =   0.00000E+00   0.68702E-03
      R2_sxcW =  -0.00000E+00  -0.11566E-01
      R2_GGHb =   0.00000E+00  -0.33698E-02
      R2_GGHt =   0.00000E+00  -0.45657E+01
     R2_GGZup =  -0.46369E-02   0.00000E+00
    R2_GGWWcs =   0.00000E+00   0.13356E-02
         GC_4 =  -0.12177E+01   0.00000E+00
         GC_5 =   0.00000E+00   0.12177E+01
       R2_GQQ =  -0.00000E+00  -0.30492E-01
       R2_QQq =   0.00000E+00   0.12520E-01
 UV_GQQg_1eps =   0.00000E+00  -0.62890E-01
 UV_GQQq_1eps =   0.00000E+00   0.38115E-02
 UVWfct_G_2_1eps -0.31300E-02   0.00000E+00
         GC_1 =  -0.00000E+00  -0.10265E+00
         GC_2 =   0.00000E+00   0.20530E+00
         GC_7 =   0.00000E+00   0.57609E+00
        GC_22 =   0.00000E+00   0.28804E+00
        GC_23 =  -0.00000E+00  -0.27437E-01
        GC_24 =   0.00000E+00   0.82310E-01
        GC_25 =   0.00000E+00   0.30795E+00
        GC_28 =   0.00000E+00   0.37035E+00
        GC_31 =   0.00000E+00   0.52532E+02
        GC_33 =  -0.00000E+00  -0.19089E-01
        GC_37 =  -0.00000E+00  -0.70263E+00
        GC_38 =  -0.00000E+00  -0.72172E-02
        GC_47 =   0.00000E+00   0.46191E+00

 Collider parameters:
 --------------------

 Running at P P   machine @    13000.000000000000       GeV
 PDF set = lhapdf 
 alpha_s(Mz)= 0.1127 running at 3 loops.
 alpha_s(Mz)= 0.1127 running at 3 loops.
 Renormalization scale set on event-by-event basis
 Factorization   scale set on event-by-event basis


 ===============================================================
 INFO: MadFKS read these parameters from FKS_params.dat
 ===============================================================
  > IRPoleCheckThreshold      =    1.0000000000000001E-005
  > PrecisionVirtualAtRunTime =    1.0000000000000000E-003
  > NHelForMCoverHels         =            4
  > VirtualFraction           =    1.0000000000000000     
  > MinVirtualFraction        =    5.0000000000000001E-003
 ===============================================================
  Insert the number of points to test
 Insert the relative tolerance
  A negative number will mean use the default one:    1.0000000000000001E-005
Using random seed offsets:     1 ,      3 ,      0
  with seed                   32
 Ranmar initialization seeds       10730        9409
  ========================================================================================== 
 {                                                                                          }
 {       [32m                                                                            [0m       }
 {       [32m                               ,,                                           [0m       }
 {       [32m`7MMM.     ,MMF'             `7MM  `7MMF'                                   [0m       }
 {       [32m  MMMb    dPMM                 MM    MM                                     [0m       }
 {       [32m  M YM   ,M MM   ,6"Yb.   ,M""bMM    MM         ,pW"Wq.   ,pW"Wq.`7MMpdMAo. [0m       }
 {       [32m  M  Mb  M' MM  8)   MM ,AP    MM    MM        6W'   `Wb 6W'   `Wb MM   `Wb [0m       }
 {       [32m  M  YM.P'  MM   ,pm9MM 8MI    MM    MM      , 8M     M8 8M     M8 MM    M8 [0m       }
 {       [32m  M  `YM'   MM  8M   MM `Mb    MM    MM     ,M YA.   ,A9 YA.   ,A9 MM   ,AP [0m       }
 {       [32m.JML. `'  .JMML.`Moo9^Yo.`Wbmd"MML..JMMmmmmMMM  `Ybmd9'   `Ybmd9'  MMbmmd'  [0m       }
 {       [32m                                                                   MM       [0m       }
 {       [32m                                                                 .JMML.     [0m       }
 {       [32m[0mv2.6.5 (2018-02-03), Ref: arXiv:1103.0621v2, arXiv:1405.0301[32m                [0m       }
 {       [32m                                                                            [0m       }
 {                                                                                          }
  ========================================================================================== 
 ===============================================================
 INFO: MadLoop read these parameters from ./MadLoop5_resources/MadLoopParams.dat                                                                                                                                                                                                                                                                                                                                                                                                                                                                                          
 ===============================================================
  > MLReductionLib            = 6|7|1
  > CTModeRun                 =           -1
  > MLStabThres               =    1.0000000000000000E-003
  > NRotations_DP             =            0
  > NRotations_QP             =            0
  > CTStabThres               =    1.0000000000000000E-002
  > CTLoopLibrary             =            2
  > CTModeInit                =            1
  > CheckCycle                =            3
  > MaxAttempts               =           10
  > UseLoopFilter             =  F
  > HelicityFilterLevel       =            2
  > ImprovePSPoint            =            2
  > DoubleCheckHelicityFilter =  T
  > LoopInitStartOver         =  F
  > HelInitStartOver          =  F
  > ZeroThres                 =    1.0000000000000001E-009
  > OSThres                   =    1.0000000000000000E-008
  > WriteOutFilters           =  T
  > UseQPIntegrandForNinja    =  T
  > UseQPIntegrandForCutTools =  T
  > IREGIMODE                 =            2
  > IREGIRECY                 =  T
  > COLLIERMode               =            1
  > COLLIERRequiredAccuracy   =    1.0000000000000000E-008
  > COLLIERCanOutput          =  F
  > COLLIERComputeUVpoles     =  T
  > COLLIERComputeIRpoles     =  T
  > COLLIERGlobalCache        =           -1
  > COLLIERUseCacheForPoles   =  F
  > COLLIERUseInternalStabilityTest =  T
 ===============================================================
  
------------------------------------------------------------------------
|              You are using CutTools - Version 1.9.3                  |
|              Authors: G. Ossola, C. Papadopoulos, R. Pittau          |
|              Published in JHEP 0803:042,2008                         |
|              http://www.ugr.es/~pittau/CutTools                      |
|                                                                      |
|              Compiler with  34  significant digits detetected        |
 ---------------------------------------------------------------------- 
   
########################################################################
#                                                                      #

  +----------------------------------------------------------------+
  |                                                                |
  |  Ninja - version 1.1.0                                         |
  |                                                                |
  |  Author: Tiziano Peraro                                        |
  |                                                                |
  |  Based on:                                                     |
  |                                                                |
  |      P. Mastrolia, E. Mirabella and T. Peraro,                 |
  |      "Integrand reduction of one-loop scattering amplitudes    |
  |      through Laurent series expansion,"                        |
  |      JHEP 1206 (2012) 095  [arXiv:1203.0291 [hep-ph]].         |
  |                                                                |
  |      T. Peraro,                                                |
  |      "Ninja: Automated Integrand Reduction via Laurent         |
  |      Expansion for One-Loop Amplitudes,"                       |
  |      Comput.Phys.Commun. 185 (2014) [arXiv:1403.1229 [hep-ph]] |
  |                                                                |
  +----------------------------------------------------------------+


#                      You are using OneLOop-3.6                       #
#                                                                      #
# for the evaluation of 1-loop scalar 1-, 2-, 3- and 4-point functions #
#                                                                      #
# author: Andreas van Hameren <hamerenREMOVETHIS@ifj.edu.pl>           #
#   date: 18-02-2015                                                   #
#                                                                      #
# Please cite                                                          #
#    A. van Hameren,                                                   #
#      Comput.Phys.Commun. 182 (2011) 2427-2438, arXiv:1007.4716       #
#    A. van Hameren, C.G. Papadopoulos and R. Pittau,                  #
#      JHEP 0909:106,2009, arXiv:0903.4665                             #
# in publications with results obtained with the help of this program. #
#                                                                      #
########################################################################
########################################################################
#                                                                      #
#                      You are using OneLOop-3.6                       #
#                                                                      #
# for the evaluation of 1-loop scalar 1-, 2-, 3- and 4-point functions #
#                                                                      #
# author: Andreas van Hameren <hamerenREMOVETHIS@ifj.edu.pl>           #
#   date: 18-02-2015                                                   #
#                                                                      #
# Please cite                                                          #
#    A. van Hameren,                                                   #
#      Comput.Phys.Commun. 182 (2011) 2427-2438, arXiv:1007.4716       #
#    A. van Hameren, C.G. Papadopoulos and R. Pittau,                  #
#      JHEP 0909:106,2009, arXiv:0903.4665                             #
# in publications with results obtained with the help of this program. #
#                                                                      #
########################################################################
 PASSED   1.0000000000000001E-005
 MU_R    =    325.00000000000000     
 ALPHA_S =   0.11799999999999999     
 BORN                    1.4434349481397324E-009
 SINGLE POLE (MadFKS)   -8.2195887690542736E-012
 DOUBLE POLE (MadFKS)   -7.2288312611487411E-011
 SINGLE POLE (MadLoop)  -8.2195887690561752E-012
 DOUBLE POLE (MadLoop)  -7.2288312611487540E-011
 FINITE PART (MadLoop)   2.5901874849705162E-010
   325.00000000000000        0.0000000000000000        0.0000000000000000        325.00000000000000        0.0000000000000000     
   325.00000000000000        0.0000000000000000        0.0000000000000000       -325.00000000000000        0.0000000000000000     
   185.36028280498917       -79.501056516707621       -51.886727890393729        159.20359268276911        0.0000000000000000     
   234.89902737115798       -83.108027101570855       -81.804460948927471       -203.90840850748651        0.0000000000000000     
   229.74068982385282        162.60908361827848        133.69118883932111        44.704815824717478        80.419002445756163     

 PASSED   1.0000000000000001E-005
 MU_R    =    325.00000000000000     
 ALPHA_S =   0.11799999999999999     
 BORN                    9.1398990726624297E-007
 SINGLE POLE (MadFKS)   -5.2046828895729896E-009
 DOUBLE POLE (MadFKS)   -4.5773305007861383E-008
 SINGLE POLE (MadLoop)  -5.2046828895733842E-009
 DOUBLE POLE (MadLoop)  -4.5773305007861343E-008
 FINITE PART (MadLoop)   2.2237780987153769E-007
   325.00000000000000        0.0000000000000000        0.0000000000000000        325.00000000000000        0.0000000000000000     
   325.00000000000000        0.0000000000000000        0.0000000000000000       -325.00000000000000        0.0000000000000000     
   247.02446856202795        12.996059492077896        215.97061712661460       -119.20101947542206        0.0000000000000000     
   198.84486506143739        40.214529635302689       -185.84262076972166       -58.177248757170915        0.0000000000000000     
   204.13066637653469       -53.210589127380835       -30.127996356892538        177.37826823259303        80.419002445756163     

 PASSED   1.0000000000000001E-005
 MU_R    =    325.00000000000000     
 ALPHA_S =   0.11799999999999999     
 BORN                    3.7802855928434754E-008
 SINGLE POLE (MadFKS)   -2.1526701319515380E-010
 DOUBLE POLE (MadFKS)   -1.8931955821656955E-009
 SINGLE POLE (MadLoop)  -2.1526701319510339E-010
 DOUBLE POLE (MadLoop)  -1.8931955821657059E-009
 FINITE PART (MadLoop)   2.2521488905674547E-009
   325.00000000000000        0.0000000000000000        0.0000000000000000        325.00000000000000        0.0000000000000000     
   325.00000000000000        0.0000000000000000        0.0000000000000000       -325.00000000000000        0.0000000000000000     
   303.20394517301628       -30.142192406134161        284.41491766226164        100.65900464738326        0.0000000000000000     
   32.639422286396211        26.397775137421775       -5.1064315730963186        18.504424108118030        0.0000000000000000     
   314.15663254058751        3.7444172687124713       -279.30848608916540       -119.16342875550137        80.419002445756163     

 PASSED   1.0000000000000001E-005
 MU_R    =    325.00000000000000     
 ALPHA_S =   0.11799999999999999     
 BORN                    7.0269591003075179E-007
 SINGLE POLE (MadFKS)   -4.0014767673409419E-009
 DOUBLE POLE (MadFKS)   -3.5191542009276064E-008
 SINGLE POLE (MadLoop)  -4.0014767673802239E-009
 DOUBLE POLE (MadLoop)  -3.5191542009275945E-008
 FINITE PART (MadLoop)   9.9563805537963236E-008
   325.00000000000000        0.0000000000000000        0.0000000000000000        325.00000000000000        0.0000000000000000     
   325.00000000000000        0.0000000000000000        0.0000000000000000       -325.00000000000000        0.0000000000000000     
   279.93646139515852        10.957392958261975       -97.722007421592792       -262.09686610773412        0.0000000000000000     
   288.97190649374403       -16.404545517500416        102.06885381607067        269.84736928431789        0.0000000000000000     
   81.091632111097468        5.4471525592384369       -4.3468463944778462       -7.7505031765837593        80.419002445756163     

 PASSED   1.0000000000000001E-005
 MU_R    =    325.00000000000000     
 ALPHA_S =   0.11799999999999999     
 BORN                    8.6945014951409283E-008
 SINGLE POLE (MadFKS)   -4.9510528295084154E-010
 DOUBLE POLE (MadFKS)   -4.3542720293131546E-009
 SINGLE POLE (MadLoop)  -4.9510528295098227E-010
 DOUBLE POLE (MadLoop)  -4.3542720293131479E-009
 FINITE PART (MadLoop)   1.3946056167329217E-008
   325.00000000000000        0.0000000000000000        0.0000000000000000        325.00000000000000        0.0000000000000000     
   325.00000000000000        0.0000000000000000        0.0000000000000000       -325.00000000000000        0.0000000000000000     
   258.13286011552526       -61.215192052560049       -228.53948619982560        103.22294793750675        0.0000000000000000     
   298.24329700617903        47.116940681089652        261.94924872592316       -134.57952742484659        0.0000000000000000     
   93.623842878295662        14.098251371470310       -33.409762526097531        31.356579487339854        80.419002445756163     

 PASSED   1.0000000000000001E-005
 MU_R    =    325.00000000000000     
 ALPHA_S =   0.11799999999999999     
 BORN                    1.4020251071978745E-008
 SINGLE POLE (MadFKS)   -7.9837819085007949E-011
 DOUBLE POLE (MadFKS)   -7.0214476495038317E-010
 SINGLE POLE (MadLoop)  -7.9837819085014102E-011
 DOUBLE POLE (MadLoop)  -7.0214476495038586E-010
 FINITE PART (MadLoop)   1.8285724339624014E-009
   325.00000000000000        0.0000000000000000        0.0000000000000000        325.00000000000000        0.0000000000000000     
   325.00000000000000        0.0000000000000000        0.0000000000000000       -325.00000000000000        0.0000000000000000     
   199.68977246980037       -165.37431165771454        91.377040497945799        64.634191745658143        0.0000000000000000     
   178.73401332924450       -89.945915475518674       -136.55807056215085       -72.162824046679034        0.0000000000000000     
   271.57621420095512        255.32022713323349        45.181030064205039        7.5286323010208989        80.419002445756163     

 PASSED   1.0000000000000001E-005
 MU_R    =    325.00000000000000     
 ALPHA_S =   0.11799999999999999     
 BORN                    1.7030381968943100E-007
 SINGLE POLE (MadFKS)   -9.6978901990031067E-010
 DOUBLE POLE (MadFKS)   -8.5289439420225272E-009
 SINGLE POLE (MadLoop)  -9.6978901990052367E-010
 DOUBLE POLE (MadLoop)  -8.5289439420225603E-009
 FINITE PART (MadLoop)   1.1444802564721763E-008
   325.00000000000000        0.0000000000000000        0.0000000000000000        325.00000000000000        0.0000000000000000     
   325.00000000000000        0.0000000000000000        0.0000000000000000       -325.00000000000000        0.0000000000000000     
   300.88858339100045        103.13392578122537        281.27393721730414        27.969719524366724        0.0000000000000000     
   30.918686883637552       -8.9220697853268423        6.2413416348633373        28.937994470092427        0.0000000000000000     
   318.19272972536197       -94.211855995898532       -287.51527885216740       -56.907713994459108        80.419002445756163     

 PASSED   1.0000000000000001E-005
 MU_R    =    325.00000000000000     
 ALPHA_S =   0.11799999999999999     
 BORN                    2.8394492659153728E-008
 SINGLE POLE (MadFKS)   -1.6169142451827343E-010
 DOUBLE POLE (MadFKS)   -1.4220176423155212E-009
 SINGLE POLE (MadLoop)  -1.6169142451808861E-010
 DOUBLE POLE (MadLoop)  -1.4220176423155199E-009
 FINITE PART (MadLoop)   8.2222783681438868E-009
   325.00000000000000        0.0000000000000000        0.0000000000000000        325.00000000000000        0.0000000000000000     
   325.00000000000000        0.0000000000000000        0.0000000000000000       -325.00000000000000        0.0000000000000000     
   108.18224408053737        78.048739817426380        3.4886651296948537        74.830617816676437        0.0000000000000000     
   305.68180087670009       -76.122662624109608       -52.616123117831165       -291.33871560485693        0.0000000000000000     
   236.13595504276253       -1.9260771933167649        49.127457988136328        216.50809778818049        80.419002445756163     

 PASSED   1.0000000000000001E-005
 MU_R    =    325.00000000000000     
 ALPHA_S =   0.11799999999999999     
 BORN                    3.9227650433549380E-008
 SINGLE POLE (MadFKS)   -2.2338045462702312E-010
 DOUBLE POLE (MadFKS)   -1.9645503673090057E-009
 SINGLE POLE (MadLoop)  -2.2338045462696341E-010
 DOUBLE POLE (MadLoop)  -1.9645503673090003E-009
 FINITE PART (MadLoop)   4.9042106320336857E-009
   325.00000000000000        0.0000000000000000        0.0000000000000000        325.00000000000000        0.0000000000000000     
   325.00000000000000        0.0000000000000000        0.0000000000000000       -325.00000000000000        0.0000000000000000     
   191.75963821425606        68.673639854121291       -161.36744858349351       -77.564402756047969        0.0000000000000000     
   268.11931313162324        41.501217033199694        161.44306413518586        210.00417162899149        0.0000000000000000     
   190.12104865412070       -110.17485688732086       -7.5615551692455804E-002  -132.43976887294346        80.419002445756163     

 PASSED   1.0000000000000001E-005
 MU_R    =    325.00000000000000     
 ALPHA_S =   0.11799999999999999     
 BORN                    1.8479689983134980E-007
 SINGLE POLE (MadFKS)   -1.0523193472399948E-009
 DOUBLE POLE (MadFKS)   -9.2547683439829995E-009
 SINGLE POLE (MadLoop)  -1.0523193472401592E-009
 DOUBLE POLE (MadLoop)  -9.2547683439830458E-009
 FINITE PART (MadLoop)   2.4341504361759925E-008
   325.00000000000000        0.0000000000000000        0.0000000000000000        325.00000000000000        0.0000000000000000     
   325.00000000000000        0.0000000000000000        0.0000000000000000       -325.00000000000000        0.0000000000000000     
   55.004141571866242       -15.687252748862495       -16.875344567509188       -49.945855053037661        0.0000000000000000     
   288.86795352322383        225.55835864467997       -179.57149482327858       -17.949921034548527        0.0000000000000000     
   306.12790490491000       -209.87110589581752        196.44683939078777        67.895776087586185        80.419002445756163     

 PASSED   1.0000000000000001E-005
 MU_R    =    325.00000000000000     
 ALPHA_S =   0.11799999999999999     
 BORN                    1.4455875132888885E-007
 SINGLE POLE (MadFKS)   -8.2318464744309206E-010
 DOUBLE POLE (MadFKS)   -7.2396114700261361E-009
 SINGLE POLE (MadLoop)  -8.2318464744308679E-010
 DOUBLE POLE (MadLoop)  -7.2396114700261221E-009
 FINITE PART (MadLoop)   1.6259832669627376E-008
   325.00000000000000        0.0000000000000000        0.0000000000000000        325.00000000000000        0.0000000000000000     
   325.00000000000000        0.0000000000000000        0.0000000000000000       -325.00000000000000        0.0000000000000000     
   185.52921588093849       -66.658672884075997       -19.282853367217623       -172.06360115012131        0.0000000000000000     
   206.92817572781124       -159.12502528553861        83.223011651335810        102.82230579790688        0.0000000000000000     
   257.54260839125021        225.78369816961458       -63.940158284118340        69.241295352214465        80.419002445756163     

 PASSED   1.0000000000000001E-005
 MU_R    =    325.00000000000000     
 ALPHA_S =   0.11799999999999999     
 BORN                    7.0017746767037962E-009
 SINGLE POLE (MadFKS)   -3.9871355872501522E-011
 DOUBLE POLE (MadFKS)   -3.5065416513371159E-010
 SINGLE POLE (MadLoop)  -3.9871355872494524E-011
 DOUBLE POLE (MadLoop)  -3.5065416513371650E-010
 FINITE PART (MadLoop)   5.8578588229629469E-010
   325.00000000000000        0.0000000000000000        0.0000000000000000        325.00000000000000        0.0000000000000000     
   325.00000000000000        0.0000000000000000        0.0000000000000000       -325.00000000000000        0.0000000000000000     
   311.96594135122888        9.6692483175293660       -278.68446217750585        139.87217286139034        0.0000000000000000     
   38.435605863471764       -6.8697429633880072        34.897579355661932        14.569193005256105        0.0000000000000000     
   299.59845278529940       -2.7995053541413628        243.78688282184396       -154.44136586664641        80.419002445756163     

 PASSED   1.0000000000000001E-005
 MU_R    =    325.00000000000000     
 ALPHA_S =   0.11799999999999999     
 BORN                    2.2076477394283574E-007
 SINGLE POLE (MadFKS)   -1.2571371220032714E-009
 DOUBLE POLE (MadFKS)   -1.1056066650562467E-008
 SINGLE POLE (MadLoop)  -1.2571371220033041E-009
 DOUBLE POLE (MadLoop)  -1.1056066650562478E-008
 FINITE PART (MadLoop)   2.9029866704431172E-008
   325.00000000000000        0.0000000000000000        0.0000000000000000        325.00000000000000        0.0000000000000000     
   325.00000000000000        0.0000000000000000        0.0000000000000000       -325.00000000000000        0.0000000000000000     
   254.30455111536207       -44.230497144873034        218.79698369519934       -121.82917452804908        0.0000000000000000     
   299.10323615354503        60.552194847035885       -239.74670845491906        168.27861825485135        0.0000000000000000     
   96.592212731092886       -16.321697702162872        20.949724759719654       -46.449443726802244        80.419002445756163     

 PASSED   1.0000000000000001E-005
 MU_R    =    325.00000000000000     
 ALPHA_S =   0.11799999999999999     
 BORN                    2.4242125071671848E-008
 SINGLE POLE (MadFKS)   -1.3804591556684023E-010
 DOUBLE POLE (MadFKS)   -1.2140639367269545E-009
 SINGLE POLE (MadLoop)  -1.3804591556696009E-010
 DOUBLE POLE (MadLoop)  -1.2140639367269063E-009
 FINITE PART (MadLoop)   2.0250835158613529E-009
   325.00000000000000        0.0000000000000000        0.0000000000000000        325.00000000000000        0.0000000000000000     
   325.00000000000000        0.0000000000000000        0.0000000000000000       -325.00000000000000        0.0000000000000000     
   313.73652378990380        171.91520230072373        255.40232196812627        60.377342695448490        0.0000000000000000     
   78.266609495159059       -16.775062314691866       -76.398486422517720        2.7442154715493623        0.0000000000000000     
   257.99686671493720       -155.14013998603173       -179.00383554560858       -63.121558166997829        80.419002445756163     

 PASSED   1.0000000000000001E-005
 MU_R    =    325.00000000000000     
 ALPHA_S =   0.11799999999999999     
 BORN                    2.3256515745441191E-006
 SINGLE POLE (MadFKS)   -1.3243339845340695E-008
 DOUBLE POLE (MadFKS)   -1.1647038771141663E-007
 SINGLE POLE (MadLoop)  -1.3243339845348720E-008
 DOUBLE POLE (MadLoop)  -1.1647038771141562E-007
 FINITE PART (MadLoop)   5.9184894113624500E-007
   325.00000000000000        0.0000000000000000        0.0000000000000000        325.00000000000000        0.0000000000000000     
   325.00000000000000        0.0000000000000000        0.0000000000000000       -325.00000000000000        0.0000000000000000     
   284.60778061663137       -145.11401058971688       -120.52600458046912       -213.11263439308539        0.0000000000000000     
   196.00952099161870        134.85176718139860        126.77357985403928        64.522807273159373        0.0000000000000000     
   169.38269839174993        10.262243408318227       -6.2475752735701606        148.58982711992601        80.419002445756163     

 PASSED   1.0000000000000001E-005
 MU_R    =    325.00000000000000     
 ALPHA_S =   0.11799999999999999     
 BORN                    3.5076185953692356E-009
 SINGLE POLE (MadFKS)   -1.9974008838971048E-011
 DOUBLE POLE (MadFKS)   -1.7566418900325232E-010
 SINGLE POLE (MadLoop)  -1.9974008838980166E-011
 DOUBLE POLE (MadLoop)  -1.7566418900325072E-010
 FINITE PART (MadLoop)   9.1244384668105007E-010
   325.00000000000000        0.0000000000000000        0.0000000000000000        325.00000000000000        0.0000000000000000     
   325.00000000000000        0.0000000000000000        0.0000000000000000       -325.00000000000000        0.0000000000000000     
   171.50199120083170        8.9134970268165894       -9.0401771756944473        171.03145252623904        0.0000000000000000     
   197.60975925736088       -167.90192641352618        100.98808788369692        25.689806655046763        0.0000000000000000     
   280.88824954180745        158.98842938670958       -91.947910708002510       -196.72125918128569        80.419002445756163     

 PASSED   1.0000000000000001E-005
 MU_R    =    325.00000000000000     
 ALPHA_S =   0.11799999999999999     
 BORN                    5.9707154065281868E-009
 SINGLE POLE (MadFKS)   -3.4000025676229799E-011
 DOUBLE POLE (MadFKS)   -2.9901793799407936E-010
 SINGLE POLE (MadLoop)  -3.4000025676227796E-011
 DOUBLE POLE (MadLoop)  -2.9901793799407879E-010
 FINITE PART (MadLoop)   8.4685370644891281E-010
   325.00000000000000        0.0000000000000000        0.0000000000000000        325.00000000000000        0.0000000000000000     
   325.00000000000000        0.0000000000000000        0.0000000000000000       -325.00000000000000        0.0000000000000000     
   226.52819359581579       -142.34926687612057       -71.354567695113587        161.12179983682489        0.0000000000000000     
   259.03869293122352        79.736434498583549        199.36809474681107       -144.89826860938140        0.0000000000000000     
   164.43311347296077        62.612832377537046       -128.01352705169748       -16.223531227443523        80.419002445756163     

 PASSED   1.0000000000000001E-005
 MU_R    =    325.00000000000000     
 ALPHA_S =   0.11799999999999999     
 BORN                    9.4554310021788824E-009
 SINGLE POLE (MadFKS)   -5.3843614201139064E-011
 DOUBLE POLE (MadFKS)   -4.7353512746989999E-010
 SINGLE POLE (MadLoop)  -5.3843614201136052E-011
Thanks for using LHAPDF 6.2.1. Please make sure to cite the paper:
  Eur.Phys.J. C75 (2015) 3, 132  (http://arxiv.org/abs/1412.7420)
 DOUBLE POLE (MadLoop)  -4.7353512746990950E-010
 FINITE PART (MadLoop)   1.1500261769012590E-009
   325.00000000000000        0.0000000000000000        0.0000000000000000        325.00000000000000        0.0000000000000000     
   325.00000000000000        0.0000000000000000        0.0000000000000000       -325.00000000000000        0.0000000000000000     
   244.19650845377512       -139.30590110880226       -123.70888346754958        157.86675650210060        0.0000000000000000     
   240.21380388220302        21.026379451516238        76.561731257012497       -226.71317617123003        0.0000000000000000     
   165.58968766402185        118.27952165728584        47.147152210536980        68.846419669129361        80.419002445756163     

 PASSED   1.0000000000000001E-005
 MU_R    =    325.00000000000000     
 ALPHA_S =   0.11799999999999999     
 BORN                    4.4014115073309879E-009
 SINGLE POLE (MadFKS)   -2.5063680659989898E-011
 DOUBLE POLE (MadFKS)   -2.2042601322892438E-010
 SINGLE POLE (MadLoop)  -2.5063680660003404E-011
 DOUBLE POLE (MadLoop)  -2.2042601322891955E-010
 FINITE PART (MadLoop)   5.9287502571855090E-010
   325.00000000000000        0.0000000000000000        0.0000000000000000        325.00000000000000        0.0000000000000000     
   325.00000000000000        0.0000000000000000        0.0000000000000000       -325.00000000000000        0.0000000000000000     
   254.26485059278849       -238.54166036816346       -25.557570973666571        84.233610166600414        0.0000000000000000     
   202.13195707700757        184.87831033394608       -46.308228423392926        67.326714015561564        0.0000000000000000     
   193.60319233020391        53.663350034217395        71.865799397059490       -151.56032418216196        80.419002445756163     

 PASSED   1.0000000000000001E-005
 MU_R    =    325.00000000000000     
 ALPHA_S =   0.11799999999999999     
 BORN                    3.8120249752059791E-008
 SINGLE POLE (MadFKS)   -2.1707440099007640E-010
 DOUBLE POLE (MadFKS)   -1.9090909046204633E-009
 SINGLE POLE (MadLoop)  -2.1707440099107276E-010
 DOUBLE POLE (MadLoop)  -1.9090909046204563E-009
 FINITE PART (MadLoop)   5.4459680494651932E-009
   325.00000000000000        0.0000000000000000        0.0000000000000000        325.00000000000000        0.0000000000000000     
   325.00000000000000        0.0000000000000000        0.0000000000000000       -325.00000000000000        0.0000000000000000     
   278.30917276357911        197.60566076947742       -139.91050884605937        137.23355271449736        0.0000000000000000     
   279.20926166453910       -169.39140048096843        175.78031459241410       -135.51991087712969        0.0000000000000000     
   92.481565571881802       -28.214260288509017       -35.869805746354750       -1.7136418373676934        80.419002445756163     

 NUMBER OF POINTS PASSING THE CHECK          20
 NUMBER OF POINTS FAILING THE CHECK           0
 TOLERANCE    1.0000000000000001E-005
