==== LHAPDF6 USING DEFAULT-TYPE LHAGLUE INTERFACE ====
LHAPDF 6.2.1 loading /cvmfs/cms.cern.ch/slc7_amd64_gcc700/external/lhapdf/6.2.1-pafccj3/share/LHAPDF/NNPDF31_nnlo_as_0118_nf_4_mc_hessian/NNPDF31_nnlo_as_0118_nf_4_mc_hessian_0000.dat
NNPDF31_nnlo_as_0118_nf_4_mc_hessian PDF set, member #0, version 1; LHAPDF ID = 325500
 A PDF is used, so alpha_s(MZ) is going to be modified
 Old value of alpha_s from param_card:   0.11799999999999999     
 New value of alpha_s from PDF lhapdf :  0.11266013434007299     
 *****************************************************
 *               MadGraph/MadEvent                   *
 *        --------------------------------           *
 *          http://madgraph.hep.uiuc.edu             *
 *          http://madgraph.phys.ucl.ac.be           *
 *          http://madgraph.roma2.infn.it            *
 *        --------------------------------           *
 *                                                   *
 *          PARAMETER AND COUPLING VALUES            *
 *                                                   *
 *****************************************************

  External Params
  ---------------------------------
  
 MU_R =    91.188000000000002     
 aEWM1 =    132.50700000000001     
 mdl_Gf =    1.1663900000000000E-005
 aS =   0.11799999999999999     
 mdl_ymb =    4.7000000000000002     
 mdl_ymt =    173.00000000000000     
 mdl_ymtau =    1.7769999999999999     
 mdl_MT =    173.00000000000000     
 mdl_MB =    4.7000000000000002     
 mdl_MZ =    91.188000000000002     
 mdl_MH =    125.00000000000000     
 mdl_MTA =    1.7769999999999999     
 mdl_WT =    1.4915000000000000     
 mdl_WZ =    2.4414039999999999     
 mdl_WW =    2.0476000000000001     
 mdl_WH =    6.3823389999999999E-003
  Internal Params
  ---------------------------------
  
 mdl_conjg__CKM3x3 =    1.0000000000000000     
 mdl_CKM22 =    1.0000000000000000     
 mdl_lhv =    1.0000000000000000     
 mdl_CKM3x3 =    1.0000000000000000     
 mdl_conjg__CKM22 =    1.0000000000000000     
 mdl_conjg__CKM33 =    1.0000000000000000     
 mdl_Ncol =    3.0000000000000000     
 mdl_CA =    3.0000000000000000     
 mdl_TF =   0.50000000000000000     
 mdl_CF =    1.3333333333333333     
 mdl_complexi =                (0.0000000000000000,1.0000000000000000)
 mdl_MZ__exp__2 =    8315.2513440000002     
 mdl_MZ__exp__4 =    69143404.913893804     
 mdl_sqrt__2 =    1.4142135623730951     
 mdl_MH__exp__2 =    15625.000000000000     
 mdl_Ncol__exp__2 =    9.0000000000000000     
 mdl_MB__exp__2 =    22.090000000000003     
 mdl_MT__exp__2 =    29929.000000000000     
 mdl_aEW =    7.5467711139788835E-003
 mdl_MW =    80.419002445756163     
 mdl_sqrt__aEW =    8.6872153846781555E-002
 mdl_ee =   0.30795376724436879     
 mdl_MW__exp__2 =    6467.2159543705357     
 mdl_sw2 =   0.22224648578577766     
 mdl_cw =   0.88190334743339216     
 mdl_sqrt__sw2 =   0.47143025548407230     
 mdl_sw =   0.47143025548407230     
 mdl_g1 =   0.34919219678733299     
 mdl_gw =   0.65323293034757990     
 mdl_v =    246.21845810181637     
 mdl_v__exp__2 =    60623.529110035903     
 mdl_lam =   0.12886910601690263     
 mdl_yb =    2.6995554250465490E-002
 mdl_yt =   0.99366614581500623     
 mdl_ytau =    1.0206617000654717E-002
 mdl_muH =    88.388347648318430     
 mdl_AxialZUp =  -0.18517701861793787     
 mdl_AxialZDown =   0.18517701861793787     
 mdl_VectorZUp =    7.5430507588273299E-002
 mdl_VectorZDown =  -0.13030376310310560     
 mdl_VectorAUp =   0.20530251149624587     
 mdl_VectorADown =  -0.10265125574812294     
 mdl_VectorWmDxU =   0.23095271737156670     
 mdl_AxialWmDxU =  -0.23095271737156670     
 mdl_VectorWpUxD =   0.23095271737156670     
 mdl_AxialWpUxD =  -0.23095271737156670     
 mdl_I1x33 =          (2.69955542504654901E-002,0.0000000000000000)
 mdl_I2x33 =               (0.99366614581500623,0.0000000000000000)
 mdl_I3x33 =               (0.99366614581500623,0.0000000000000000)
 mdl_I4x33 =          (2.69955542504654901E-002,0.0000000000000000)
 mdl_Vector_tbGp =              (-0.96667059156454072,0.0000000000000000)
 mdl_Axial_tbGp =              (-1.0206617000654716,-0.0000000000000000)
 mdl_Vector_tbGm =               (0.96667059156454072,0.0000000000000000)
 mdl_Axial_tbGm =              (-1.0206617000654716,-0.0000000000000000)
 mdl_gw__exp__2 =   0.42671326129048615     
 mdl_cw__exp__2 =   0.77775351421422245     
 mdl_ee__exp__2 =    9.4835522759998875E-002
 mdl_sw__exp__2 =   0.22224648578577769     
 mdl_yb__exp__2 =    7.2875994928982540E-004
 mdl_yt__exp__2 =   0.98737240933884918     
  Internal Params evaluated point by point
  ----------------------------------------
  
 mdl_sqrt__aS =   0.34351128074635334     
 mdl_G__exp__4 =    2.1987899468922913     
 mdl_G__exp__2 =    1.4828317324943823     
 mdl_R2MixedFactor_FIN_ =   -2.5040377713124864E-002
 mdl_G_UVg_1EPS_ =   -5.1645779033320030E-002
 mdl_G_UVq_1EPS_ =    3.1300472141406080E-003
 mdl_GWcft_UV_b_1EPS_ =   -3.1300472141406080E-003
 mdl_GWcft_UV_t_1EPS_ =   -3.1300472141406080E-003
 mdl_bWcft_UV_1EPS_ =   -1.8780283284843650E-002
 mdl_tWcft_UV_1EPS_ =   -1.8780283284843650E-002
 mdl_G__exp__3 =    1.8056676068262196     
 mdl_MU_R__exp__2 =    8315.2513440000002     
 mdl_G_UVb_FIN_ =    1.8563438626678915E-002
 mdl_G_UVt_FIN_ =   -4.0087659331150384E-003
 mdl_GWcft_UV_b_FIN_ =   -1.8563438626678915E-002
 mdl_GWcft_UV_t_FIN_ =    4.0087659331150384E-003
 mdl_bWcft_UV_FIN_ =  -0.13642100947319838     
 mdl_tWcft_UV_FIN_ =   -9.8778211443463623E-004
  Couplings of loop_sm
  ---------------------------------
  
      UV_GQQb =   0.00000E+00   0.22605E-01
      UV_GQQt =   0.00000E+00  -0.48815E-02
   UVWfct_G_2 =   0.40088E-02   0.00000E+00
   UVWfct_G_1 =  -0.18563E-01   0.00000E+00
       R2_DDA =   0.00000E+00   0.25704E-02
       R2_UUA =  -0.00000E+00  -0.51409E-02
    R2_UUZ_V2 =  -0.00000E+00  -0.72127E-02
    R2_UUZ_V5 =   0.00000E+00   0.68702E-03
      R2_sxcW =  -0.00000E+00  -0.11566E-01
      R2_GGHb =   0.00000E+00  -0.33698E-02
      R2_GGHt =   0.00000E+00  -0.45657E+01
     R2_GGZup =  -0.46369E-02   0.00000E+00
    R2_GGWWcs =   0.00000E+00   0.13356E-02
         GC_4 =  -0.12177E+01   0.00000E+00
         GC_5 =   0.00000E+00   0.12177E+01
       R2_GQQ =  -0.00000E+00  -0.30492E-01
       R2_QQq =   0.00000E+00   0.12520E-01
 UV_GQQg_1eps =   0.00000E+00  -0.62890E-01
 UV_GQQq_1eps =   0.00000E+00   0.38115E-02
 UVWfct_G_2_1eps -0.31300E-02   0.00000E+00
         GC_1 =  -0.00000E+00  -0.10265E+00
         GC_2 =   0.00000E+00   0.20530E+00
         GC_7 =   0.00000E+00   0.57609E+00
        GC_22 =   0.00000E+00   0.28804E+00
        GC_23 =  -0.00000E+00  -0.27437E-01
        GC_24 =   0.00000E+00   0.82310E-01
        GC_25 =   0.00000E+00   0.30795E+00
        GC_28 =   0.00000E+00   0.37035E+00
        GC_31 =   0.00000E+00   0.52532E+02
        GC_33 =  -0.00000E+00  -0.19089E-01
        GC_37 =  -0.00000E+00  -0.70263E+00
        GC_38 =  -0.00000E+00  -0.72172E-02
        GC_47 =   0.00000E+00   0.46191E+00

 Collider parameters:
 --------------------

 Running at P P   machine @    13000.000000000000       GeV
 PDF set = lhapdf 
 alpha_s(Mz)= 0.1127 running at 3 loops.
 alpha_s(Mz)= 0.1127 running at 3 loops.
 Renormalization scale set on event-by-event basis
 Factorization   scale set on event-by-event basis


 ===============================================================
 INFO: MadFKS read these parameters from FKS_params.dat
 ===============================================================
  > IRPoleCheckThreshold      =    1.0000000000000001E-005
  > PrecisionVirtualAtRunTime =    1.0000000000000000E-003
  > NHelForMCoverHels         =            4
  > VirtualFraction           =    1.0000000000000000     
  > MinVirtualFraction        =    5.0000000000000001E-003
 ===============================================================
  Insert the number of points to test
 Insert the relative tolerance
  A negative number will mean use the default one:    1.0000000000000001E-005
Using random seed offsets:     1 ,     44 ,      0
  with seed                   32
 Ranmar initialization seeds       10730        9450
  ========================================================================================== 
 {                                                                                          }
 {       [32m                                                                            [0m       }
 {       [32m                               ,,                                           [0m       }
 {       [32m`7MMM.     ,MMF'             `7MM  `7MMF'                                   [0m       }
 {       [32m  MMMb    dPMM                 MM    MM                                     [0m       }
 {       [32m  M YM   ,M MM   ,6"Yb.   ,M""bMM    MM         ,pW"Wq.   ,pW"Wq.`7MMpdMAo. [0m       }
 {       [32m  M  Mb  M' MM  8)   MM ,AP    MM    MM        6W'   `Wb 6W'   `Wb MM   `Wb [0m       }
 {       [32m  M  YM.P'  MM   ,pm9MM 8MI    MM    MM      , 8M     M8 8M     M8 MM    M8 [0m       }
 {       [32m  M  `YM'   MM  8M   MM `Mb    MM    MM     ,M YA.   ,A9 YA.   ,A9 MM   ,AP [0m       }
 {       [32m.JML. `'  .JMML.`Moo9^Yo.`Wbmd"MML..JMMmmmmMMM  `Ybmd9'   `Ybmd9'  MMbmmd'  [0m       }
 {       [32m                                                                   MM       [0m       }
 {       [32m                                                                 .JMML.     [0m       }
 {       [32m[0mv2.6.5 (2018-02-03), Ref: arXiv:1103.0621v2, arXiv:1405.0301[32m                [0m       }
 {       [32m                                                                            [0m       }
 {                                                                                          }
  ========================================================================================== 
 ===============================================================
 INFO: MadLoop read these parameters from ./MadLoop5_resources/MadLoopParams.dat                                                                                                                                                                                                                                                                                                                                                                                                                                                                                          
 ===============================================================
  > MLReductionLib            = 6|7|1
  > CTModeRun                 =           -1
  > MLStabThres               =    1.0000000000000000E-003
  > NRotations_DP             =            0
  > NRotations_QP             =            0
  > CTStabThres               =    1.0000000000000000E-002
  > CTLoopLibrary             =            2
  > CTModeInit                =            1
  > CheckCycle                =            3
  > MaxAttempts               =           10
  > UseLoopFilter             =  F
  > HelicityFilterLevel       =            2
  > ImprovePSPoint            =            2
  > DoubleCheckHelicityFilter =  T
  > LoopInitStartOver         =  F
  > HelInitStartOver          =  F
  > ZeroThres                 =    1.0000000000000001E-009
  > OSThres                   =    1.0000000000000000E-008
  > WriteOutFilters           =  T
  > UseQPIntegrandForNinja    =  T
  > UseQPIntegrandForCutTools =  T
  > IREGIMODE                 =            2
  > IREGIRECY                 =  T
  > COLLIERMode               =            1
  > COLLIERRequiredAccuracy   =    1.0000000000000000E-008
  > COLLIERCanOutput          =  F
  > COLLIERComputeUVpoles     =  T
  > COLLIERComputeIRpoles     =  T
  > COLLIERGlobalCache        =           -1
  > COLLIERUseCacheForPoles   =  F
  > COLLIERUseInternalStabilityTest =  T
 ===============================================================
  
------------------------------------------------------------------------
|              You are using CutTools - Version 1.9.3                  |
|              Authors: G. Ossola, C. Papadopoulos, R. Pittau          |
|              Published in JHEP 0803:042,2008                         |
|              http://www.ugr.es/~pittau/CutTools                      |
|                                                                      |
|              Compiler with  34  significant digits detetected        |
 ---------------------------------------------------------------------- 
   
########################################################################
#                                                                      #

  +----------------------------------------------------------------+
  |                                                                |
  |  Ninja - version 1.1.0                                         |
  |                                                                |
  |  Author: Tiziano Peraro                                        |
  |                                                                |
  |  Based on:                                                     |
  |                                                                |
  |      P. Mastrolia, E. Mirabella and T. Peraro,                 |
  |      "Integrand reduction of one-loop scattering amplitudes    |
  |      through Laurent series expansion,"                        |
  |      JHEP 1206 (2012) 095  [arXiv:1203.0291 [hep-ph]].         |
  |                                                                |
  |      T. Peraro,                                                |
  |      "Ninja: Automated Integrand Reduction via Laurent         |
  |      Expansion for One-Loop Amplitudes,"                       |
  |      Comput.Phys.Commun. 185 (2014) [arXiv:1403.1229 [hep-ph]] |
  |                                                                |
  +----------------------------------------------------------------+


#                      You are using OneLOop-3.6                       #
#                                                                      #
# for the evaluation of 1-loop scalar 1-, 2-, 3- and 4-point functions #
#                                                                      #
# author: Andreas van Hameren <hamerenREMOVETHIS@ifj.edu.pl>           #
#   date: 18-02-2015                                                   #
#                                                                      #
# Please cite                                                          #
#    A. van Hameren,                                                   #
#      Comput.Phys.Commun. 182 (2011) 2427-2438, arXiv:1007.4716       #
#    A. van Hameren, C.G. Papadopoulos and R. Pittau,                  #
#      JHEP 0909:106,2009, arXiv:0903.4665                             #
# in publications with results obtained with the help of this program. #
#                                                                      #
########################################################################
########################################################################
#                                                                      #
#                      You are using OneLOop-3.6                       #
#                                                                      #
# for the evaluation of 1-loop scalar 1-, 2-, 3- and 4-point functions #
#                                                                      #
# author: Andreas van Hameren <hamerenREMOVETHIS@ifj.edu.pl>           #
#   date: 18-02-2015                                                   #
#                                                                      #
# Please cite                                                          #
#    A. van Hameren,                                                   #
#      Comput.Phys.Commun. 182 (2011) 2427-2438, arXiv:1007.4716       #
#    A. van Hameren, C.G. Papadopoulos and R. Pittau,                  #
#      JHEP 0909:106,2009, arXiv:0903.4665                             #
# in publications with results obtained with the help of this program. #
#                                                                      #
########################################################################
 PASSED   1.0000000000000001E-005
 MU_R    =    325.00000000000000     
 ALPHA_S =   0.11799999999999999     
 BORN                    1.9601431571585183E-012
 SINGLE POLE (MadFKS)   -2.0120384292831419E-013
 DOUBLE POLE (MadFKS)   -2.0860158136494707E-013
 SINGLE POLE (MadLoop)  -2.0120384292812673E-013
 DOUBLE POLE (MadLoop)  -2.0860158136494781E-013
 FINITE PART (MadLoop)  -2.0891439098612570E-013
   325.00000000000000        0.0000000000000000        0.0000000000000000        325.00000000000000        0.0000000000000000     
   325.00000000000000        0.0000000000000000        0.0000000000000000       -325.00000000000000        0.0000000000000000     
   53.223270321724520       -48.391593149965175        10.489566723982398        19.436601479958536        1.7769999999999999     
   258.86056310625264        144.81934606959160        166.95400243759264       -134.76835387334216        0.0000000000000000     
   288.73683025777069       -94.625689883076305       -216.55586586919688        145.09058192980143        80.419002445756163     
   49.179336314252069       -1.8020630365502457        39.112296707621759       -29.758829536417803        0.0000000000000000     

 PASSED   1.0000000000000001E-005
 MU_R    =    325.00000000000000     
 ALPHA_S =   0.11799999999999999     
 BORN                    6.8346321728002466E-009
 SINGLE POLE (MadFKS)   -2.9802705321706504E-010
 DOUBLE POLE (MadFKS)   -7.2735252733307218E-010
 SINGLE POLE (MadLoop)  -2.9802705321731790E-010
 DOUBLE POLE (MadLoop)  -7.2735252733308231E-010
 FINITE PART (MadLoop)   8.5140747012153719E-010
   325.00000000000000        0.0000000000000000        0.0000000000000000        325.00000000000000        0.0000000000000000     
   325.00000000000000        0.0000000000000000        0.0000000000000000       -325.00000000000000        0.0000000000000000     
   179.15253324127727        172.76456844370227        10.765405093078600        46.140897059010165        1.7769999999999999     
   99.935886395317567        87.684146995983809        34.148747768075054       -33.653154102950161        0.0000000000000000     
   83.993645818412418        20.097153269090587        13.338440114132288        2.4304380878276817        80.419002445756163     
   286.91793454499276       -280.54586870877660       -58.252592975285921       -14.918181043887715        0.0000000000000000     

 PASSED   1.0000000000000001E-005
 MU_R    =    325.00000000000000     
 ALPHA_S =   0.11799999999999999     
 BORN                    1.1516196693898866E-011
 SINGLE POLE (MadFKS)   -3.0713950037887533E-013
 DOUBLE POLE (MadFKS)   -1.2255721388939365E-012
 SINGLE POLE (MadLoop)  -3.0713950037926999E-013
 DOUBLE POLE (MadLoop)  -1.2255721388939367E-012
 FINITE PART (MadLoop)  -2.9807608477717441E-013
   325.00000000000000        0.0000000000000000        0.0000000000000000        325.00000000000000        0.0000000000000000     
   325.00000000000000        0.0000000000000000        0.0000000000000000       -325.00000000000000        0.0000000000000000     
   141.73834477094491       -12.288508688959356       -126.83769605790913        62.030573609552349        1.7769999999999999     
   93.092941857391878        20.355659420551738       -73.269316773612189        53.698698054480964        0.0000000000000000     
   244.88979335783463        81.536422953388708        214.59827562113128        28.340549904255354        80.419002445756163     
   170.27892001382858       -89.603573684981015       -14.491262789609827       -144.06982156828855        0.0000000000000000     

 PASSED   1.0000000000000001E-005
 MU_R    =    325.00000000000000     
 ALPHA_S =   0.11799999999999999     
 BORN                    1.5997385783264200E-011
 SINGLE POLE (MadFKS)   -1.7751767496902219E-012
 DOUBLE POLE (MadFKS)   -1.7024674753509151E-012
 SINGLE POLE (MadLoop)  -1.7751767496941902E-012
 DOUBLE POLE (MadLoop)  -1.7024674753514603E-012
 FINITE PART (MadLoop)  -9.2378535963986672E-013
   325.00000000000000        0.0000000000000000        0.0000000000000000        325.00000000000000        0.0000000000000000     
   325.00000000000000        0.0000000000000000        0.0000000000000000       -325.00000000000000        0.0000000000000000     
   107.97097174271349       -83.260999515459901        64.144793086350347        24.650040358216884        1.7769999999999999     
   140.62041523188097        1.4397582127346094        121.21400395586790       -71.268460915487211        0.0000000000000000     
   307.26850136217490        100.40675967266829       -276.87536407324569        34.716442161159108        80.419002445756163     
   94.140111663230641       -18.585518369943006        91.516567031027492        11.901978396111240        0.0000000000000000     

 PASSED   1.0000000000000001E-005
 MU_R    =    325.00000000000000     
 ALPHA_S =   0.11799999999999999     
 BORN                    9.9070336063934806E-012
 SINGLE POLE (MadFKS)   -7.4489656515062800E-013
 DOUBLE POLE (MadFKS)   -1.0543224199630360E-012
 SINGLE POLE (MadLoop)  -7.4489656515062840E-013
 DOUBLE POLE (MadLoop)  -1.0543224199630310E-012
 FINITE PART (MadLoop)   7.3131166586589878E-013
   325.00000000000000        0.0000000000000000        0.0000000000000000        325.00000000000000        0.0000000000000000     
   325.00000000000000        0.0000000000000000        0.0000000000000000       -325.00000000000000        0.0000000000000000     
   107.61961781091125        101.41307751108079        19.581264543835818       -30.179234539041097        1.7769999999999999     
   189.42339220919510       -124.92913722858066        138.44603996123482       -33.265991739510710        0.0000000000000000     
   122.85928209792064        70.655695547055458        59.919247855305635        6.6815916114480762        80.419002445756163     
   230.09770788197298       -47.139635829555623       -217.94655236037627        56.763634667103737        0.0000000000000000     

 PASSED   1.0000000000000001E-005
 MU_R    =    325.00000000000000     
 ALPHA_S =   0.11799999999999999     
 BORN                    4.6217133462072537E-012
 SINGLE POLE (MadFKS)   -1.2665880445671790E-013
 DOUBLE POLE (MadFKS)   -4.9185015345098434E-013
 SINGLE POLE (MadLoop)  -1.2665880445370809E-013
 DOUBLE POLE (MadLoop)  -4.9185015345098525E-013
 FINITE PART (MadLoop)   5.9151557049562852E-013
   325.00000000000000        0.0000000000000000        0.0000000000000000        325.00000000000000        0.0000000000000000     
   325.00000000000000        0.0000000000000000        0.0000000000000000       -325.00000000000000        0.0000000000000000     
   173.45865649687480        168.34447502991577       -30.513825192294597        28.527039519322170        1.7769999999999999     
   141.18418727844019       -124.79272222997177       -65.340879305724400       -9.5037207167269937        0.0000000000000000     
   166.79355350733107       -77.905418103345085        11.902674806463857        123.05261354326019        80.419002445756163     
   168.56360271735394        34.353665303401137        83.952029691555083       -142.07593234585539        0.0000000000000000     

 PASSED   1.0000000000000001E-005
 MU_R    =    325.00000000000000     
 ALPHA_S =   0.11799999999999999     
 BORN                    1.1111647464807651E-011
 SINGLE POLE (MadFKS)   -1.0645682981324774E-012
 DOUBLE POLE (MadFKS)   -1.1825193605189472E-012
 SINGLE POLE (MadLoop)  -1.0645682981324891E-012
 DOUBLE POLE (MadLoop)  -1.1825193605189502E-012
 FINITE PART (MadLoop)   1.5054767031985312E-012
   325.00000000000000        0.0000000000000000        0.0000000000000000        325.00000000000000        0.0000000000000000     
   325.00000000000000        0.0000000000000000        0.0000000000000000       -325.00000000000000        0.0000000000000000     
   250.74203937826968        236.66442050612034       -24.543635500205422       -79.094719201151804        1.7769999999999999     
   158.82362001475371       -119.22528504327825       -104.44975899227379        10.026042459308023        0.0000000000000000     
   127.37012855912594       -69.576033772762230        26.646866460350893        64.846385613181326        80.419002445756163     
   113.06421204785066       -47.863101690079844        102.34652803212835        4.2222911286624658        0.0000000000000000     

 PASSED   1.0000000000000001E-005
 MU_R    =    325.00000000000000     
 ALPHA_S =   0.11799999999999999     
 BORN                    6.3051013993521486E-013
 SINGLE POLE (MadFKS)   -5.2487540776637840E-014
 DOUBLE POLE (MadFKS)   -6.7099901237715230E-014
 SINGLE POLE (MadLoop)  -5.2487540776763502E-014
 DOUBLE POLE (MadLoop)  -6.7099901237715444E-014
 FINITE PART (MadLoop)  -4.5400089060782431E-014
   325.00000000000000        0.0000000000000000        0.0000000000000000        325.00000000000000        0.0000000000000000     
   325.00000000000000        0.0000000000000000        0.0000000000000000       -325.00000000000000        0.0000000000000000     
   104.11672299136168       -31.925677140914459       -84.823863765511206        51.213255632150833        1.7769999999999999     
   234.35408072895811        110.60416963086597        201.23675310072559       -46.822238477664392        0.0000000000000000     
   221.81777121593137       -160.57280341715722       -126.50106663358365        30.818218899756996        80.419002445756163     
   89.711425063748820        81.894310927205765        10.088177298369239       -35.209236054243441        0.0000000000000000     

 PASSED   1.0000000000000001E-005
 MU_R    =    325.00000000000000     
 ALPHA_S =   0.11799999999999999     
 BORN                    1.1083418719839017E-011
 SINGLE POLE (MadFKS)   -7.6230979393440371E-013
 DOUBLE POLE (MadFKS)   -1.1795152121643235E-012
 SINGLE POLE (MadLoop)  -7.6230979365946885E-013
 DOUBLE POLE (MadLoop)  -1.1795152121643229E-012
 FINITE PART (MadLoop)   4.4332801164084409E-013
   325.00000000000000        0.0000000000000000        0.0000000000000000        325.00000000000000        0.0000000000000000     
   325.00000000000000        0.0000000000000000        0.0000000000000000       -325.00000000000000        0.0000000000000000     
   261.81748647111584        259.11975328462057       -1.6103931554149651       -37.411209344997715        1.7769999999999999     
   111.04648640283001       -92.376714956492421       -5.7706087067078498        61.356049020572762        0.0000000000000000     
   87.853280406244110        22.360679697668481       -8.7380814457649447E-002  -27.403928401219407        80.419002445756163     
   189.28274671981004       -189.10371802579672        7.4683826765803563        3.4590887256443059        0.0000000000000000     

 PASSED   1.0000000000000001E-005
 MU_R    =    325.00000000000000     
 ALPHA_S =   0.11799999999999999     
 BORN                    6.1509030625987732E-011
 SINGLE POLE (MadFKS)   -1.2084924214717234E-011
 DOUBLE POLE (MadFKS)   -6.5458897784823164E-012
 SINGLE POLE (MadLoop)  -1.2084924214716290E-011
 DOUBLE POLE (MadLoop)  -6.5458897784823972E-012
 FINITE PART (MadLoop)   2.9170390267423939E-012
   325.00000000000000        0.0000000000000000        0.0000000000000000        325.00000000000000        0.0000000000000000     
   325.00000000000000        0.0000000000000000        0.0000000000000000       -325.00000000000000        0.0000000000000000     
   155.00790599664305       -21.033498081594239       -146.64766917396742       -45.566942806801435        1.7769999999999999     
   198.00507278826379        77.802861159752283        106.68595695795787       -147.54941624149760        0.0000000000000000     
   93.898432034134146        32.592038751994160        34.206067375901291        10.835291817121757        80.419002445756163     
   203.08858918095899       -89.361401830152246        5.7556448401082836        182.28106723117725        0.0000000000000000     

 PASSED   1.0000000000000001E-005
 MU_R    =    325.00000000000000     
 ALPHA_S =   0.11799999999999999     
 BORN                    1.7026367178661343E-012
 SINGLE POLE (MadFKS)   -3.6155628740497814E-013
 DOUBLE POLE (MadFKS)   -1.8119733272531368E-013
 SINGLE POLE (MadLoop)  -3.6155628740511783E-013
 DOUBLE POLE (MadLoop)  -1.8119733272530474E-013
 FINITE PART (MadLoop)  -9.5022995588106115E-013
   325.00000000000000        0.0000000000000000        0.0000000000000000        325.00000000000000        0.0000000000000000     
   325.00000000000000        0.0000000000000000        0.0000000000000000       -325.00000000000000        0.0000000000000000     
   111.63987664136133       -45.608958075177917        87.969910302438123        51.394767750968896        1.7769999999999999     
   248.64107138069619        84.325551058764603       -203.34432017904356        115.59702101221629        0.0000000000000000     
   253.45051953426551       -33.939124160801036        142.57754092271725       -190.49863667083605        80.419002445756163     
   36.268532443677010       -4.7774688227856528       -27.203131046111853        23.506847907650855        0.0000000000000000     

 PASSED   1.0000000000000001E-005
 MU_R    =    325.00000000000000     
 ALPHA_S =   0.11799999999999999     
 BORN                    1.6778637492741626E-012
 SINGLE POLE (MadFKS)   -1.2566102360449178E-013
 DOUBLE POLE (MadFKS)   -1.7856095364018566E-013
 SINGLE POLE (MadLoop)  -1.2566102364571977E-013
 DOUBLE POLE (MadLoop)  -1.7856095364018579E-013
 FINITE PART (MadLoop)   1.4708173589559950E-013
   325.00000000000000        0.0000000000000000        0.0000000000000000        325.00000000000000        0.0000000000000000     
   325.00000000000000        0.0000000000000000        0.0000000000000000       -325.00000000000000        0.0000000000000000     
   161.53291015317114       -46.088791468580318       -59.408426258186431        142.95518711835470        1.7769999999999999     
   236.35927677672828        173.46345726946751       -3.3953019505108042       -160.51357772851026        0.0000000000000000     
   85.633183123078751        19.077263826290629       -16.321115279410574        15.346181882100160        80.419002445756163     
   166.47462994702190       -146.45192962717775        79.124843488107871        2.2122087280554079        0.0000000000000000     

 PASSED   1.0000000000000001E-005
 MU_R    =    325.00000000000000     
 ALPHA_S =   0.11799999999999999     
 BORN                    1.8840740093408224E-011
 SINGLE POLE (MadFKS)   -6.8601393283688226E-013
 DOUBLE POLE (MadFKS)   -2.0050618054184686E-012
 SINGLE POLE (MadLoop)  -6.8601393283731473E-013
 DOUBLE POLE (MadLoop)  -2.0050618054184694E-012
 FINITE PART (MadLoop)   1.7658527822840052E-012
   325.00000000000000        0.0000000000000000        0.0000000000000000        325.00000000000000        0.0000000000000000     
   325.00000000000000        0.0000000000000000        0.0000000000000000       -325.00000000000000        0.0000000000000000     
   130.25189269709745        107.31780202334683       -16.621437802851592       -71.895862164799681        1.7769999999999999     
   195.69657180832007        109.35366054379683        33.639847559738051        158.76802511638988        0.0000000000000000     
   100.36617764057698       -25.792884566482389        53.931174889904071        5.6841129953596754        80.419002445756163     
   223.68535785400553       -190.87857800066121       -70.949584646790498       -92.556275946949881        0.0000000000000000     

 PASSED   1.0000000000000001E-005
 MU_R    =    325.00000000000000     
 ALPHA_S =   0.11799999999999999     
 BORN                    1.0688309048942670E-011
 SINGLE POLE (MadFKS)   -8.8897118712400479E-013
 DOUBLE POLE (MadFKS)   -1.1374670067255730E-012
 SINGLE POLE (MadLoop)  -8.8897118712399620E-013
 DOUBLE POLE (MadLoop)  -1.1374670067255738E-012
 FINITE PART (MadLoop)   4.6431845390671940E-013
   325.00000000000000        0.0000000000000000        0.0000000000000000        325.00000000000000        0.0000000000000000     
   325.00000000000000        0.0000000000000000        0.0000000000000000       -325.00000000000000        0.0000000000000000     
   66.629842902194511       -43.688938344641507        19.146947785815680        46.487087378932245        1.7769999999999999     
   212.97965200105082        84.177459822329666        187.34600537713396        56.355671352399675        0.0000000000000000     
   181.75802377201165       -70.811579896976838       -25.070236406465089       -144.65810260802763        80.419002445756163     
   188.63248132474297        30.323058419288678       -181.42271675648453        41.815343876695685        0.0000000000000000     

 PASSED   1.0000000000000001E-005
 MU_R    =    325.00000000000000     
 ALPHA_S =   0.11799999999999999     
 BORN                    1.3592612690317058E-012
 SINGLE POLE (MadFKS)   -1.2910264515184487E-013
 DOUBLE POLE (MadFKS)   -1.4465476624634521E-013
 SINGLE POLE (MadLoop)  -1.2910264515185040E-013
 DOUBLE POLE (MadLoop)  -1.4465476624634610E-013
 FINITE PART (MadLoop)   1.1122209054190470E-013
   325.00000000000000        0.0000000000000000        0.0000000000000000        325.00000000000000        0.0000000000000000     
   325.00000000000000        0.0000000000000000        0.0000000000000000       -325.00000000000000        0.0000000000000000     
   133.42218724273695       -126.23323537853678        35.161584033119475       -25.043075166296298        1.7769999999999999     
   215.37247917741757        187.65536803470005       -81.270126412207858        67.571696646837069        0.0000000000000000     
   196.51479746996901       -101.28067719266333        142.83541710364528       -38.614993441869132        80.419002445756163     
   104.69053610987640        39.858544536500006       -96.726874724556794       -3.9136280386717051        0.0000000000000000     

 PASSED   1.0000000000000001E-005
 MU_R    =    325.00000000000000     
 ALPHA_S =   0.11799999999999999     
 BORN                    3.2301093388494175E-011
 SINGLE POLE (MadFKS)   -7.5796824745236969E-013
 DOUBLE POLE (MadFKS)   -3.4375342107279616E-012
 SINGLE POLE (MadLoop)  -7.5796824745317799E-013
 DOUBLE POLE (MadLoop)  -3.4375342107279616E-012
 FINITE PART (MadLoop)   5.4725980785275081E-013
   325.00000000000000        0.0000000000000000        0.0000000000000000        325.00000000000000        0.0000000000000000     
   325.00000000000000        0.0000000000000000        0.0000000000000000       -325.00000000000000        0.0000000000000000     
   90.894947121744593        72.101904376679698       -54.192456972185546        11.100751138490633        1.7769999999999999     
   204.88782224006451        97.777189317982689       -15.928173232248831        179.34585093844552        0.0000000000000000     
   175.49695363617454       -92.406095712655912        120.00403655073427       -37.310983207101003        80.419002445756163     
   178.72027700201636       -77.472997982006433       -49.883406346299893       -153.13561886983516        0.0000000000000000     

 PASSED   1.0000000000000001E-005
 MU_R    =    325.00000000000000     
 ALPHA_S =   0.11799999999999999     
 BORN                    1.2238091725684771E-012
 SINGLE POLE (MadFKS)   -9.1090180267527395E-014
 DOUBLE POLE (MadFKS)   -1.3023973670208126E-013
 SINGLE POLE (MadLoop)  -9.1090180267552146E-014
 DOUBLE POLE (MadLoop)  -1.3023973670208318E-013
 FINITE PART (MadLoop)   3.0128205714042982E-013
   325.00000000000000        0.0000000000000000        0.0000000000000000        325.00000000000000        0.0000000000000000     
   325.00000000000000        0.0000000000000000        0.0000000000000000       -325.00000000000000        0.0000000000000000     
   203.99560384599425        22.557262557293406        19.786718199085222       -201.76893801654191        1.7769999999999999     
   112.95713042952943       -54.225332963742453       -69.537582163387114        70.593563776842785        0.0000000000000000     
   234.34315176812143       -2.5808193551068168        129.71874295479134        177.80855976001635        80.419002445756163     
   98.704113956354945        34.248889761555880       -79.967878990489496       -46.633185520317241        0.0000000000000000     

 PASSED   1.0000000000000001E-005
 MU_R    =    325.00000000000000     
 ALPHA_S =   0.11799999999999999     
 BORN                    1.2441406690499427E-011
 SINGLE POLE (MadFKS)   -7.1878879406025263E-013
 DOUBLE POLE (MadFKS)   -1.3240344719539940E-012
 SINGLE POLE (MadLoop)  -7.1878879406028878E-013
 DOUBLE POLE (MadLoop)  -1.3240344719539919E-012
 FINITE PART (MadLoop)  -2.4283791763157468E-013
   325.00000000000000        0.0000000000000000        0.0000000000000000        325.00000000000000        0.0000000000000000     
   325.00000000000000        0.0000000000000000        0.0000000000000000       -325.00000000000000        0.0000000000000000     
   169.51750275011000       -156.99181416277730       -55.156358806193545        32.316750745642508        1.7769999999999999     
   199.42793056539045        93.105518598720522       -169.29385817349822        49.421164300216034        0.0000000000000000     
   122.03105274094926        42.599461996978420        75.854362750046292       -29.253433440302057        80.419002445756163     
   159.02351394355034        21.286833567078357        148.59585422964551       -52.484481605556489        0.0000000000000000     

 PASSED   1.0000000000000001E-005
 MU_R    =    325.00000000000000     
 ALPHA_S =   0.11799999999999999     
 BORN                    8.9865178205299110E-012
 SINGLE POLE (MadFKS)   -2.1336664735170737E-012
 DOUBLE POLE (MadFKS)   -9.5635965234513557E-013
 SINGLE POLE (MadLoop)  -2.1336664734990082E-012
 DOUBLE POLE (MadLoop)  -9.5635965234482558E-013
 FINITE PART (MadLoop)  -5.2266701135570591E-013
   325.00000000000000        0.0000000000000000        0.0000000000000000        325.00000000000000        0.0000000000000000     
   325.00000000000000        0.0000000000000000        0.0000000000000000       -325.00000000000000        0.0000000000000000     
   231.86636334935756       -148.43785290374939       -156.82574192359502        84.443728122905114        1.7769999999999999     
   288.31914859061095        179.95820846558348        211.25199191735567       -78.202113531680794        0.0000000000000000     
Thanks for using LHAPDF 6.2.1. Please make sure to cite the paper:
  Eur.Phys.J. C75 (2015) 3, 132  (http://arxiv.org/abs/1412.7420)
   95.767266006194689       -18.702151054573463       -36.377821003588586       -32.109764385518353        80.419002445756163     
   34.047222053836826       -12.818204507260639       -18.048428990172006        25.868149794294034        0.0000000000000000     

 PASSED   1.0000000000000001E-005
 MU_R    =    325.00000000000000     
 ALPHA_S =   0.11799999999999999     
 BORN                    5.9442250994017057E-012
 SINGLE POLE (MadFKS)   -3.3968373373843863E-013
 DOUBLE POLE (MadFKS)   -6.3259397722863763E-013
 SINGLE POLE (MadLoop)  -3.3968373373849740E-013
 DOUBLE POLE (MadLoop)  -6.3259397722863975E-013
 FINITE PART (MadLoop)   3.3181324877333112E-013
   325.00000000000000        0.0000000000000000        0.0000000000000000        325.00000000000000        0.0000000000000000     
   325.00000000000000        0.0000000000000000        0.0000000000000000       -325.00000000000000        0.0000000000000000     
   106.09759791928246       -81.529961099648730        67.612662636041108       -5.9106555978487911        1.7769999999999999     
   130.50175480995401       -1.5859725766639585       -121.79112272330724        46.852055720744410        0.0000000000000000     
   217.95774891558219       -47.505364681114649        196.58417172802274       -11.673393272694923        80.419002445756163     
   195.44289835518140        130.62129835742732       -142.40571164075658       -29.268006850200699        0.0000000000000000     

 NUMBER OF POINTS PASSING THE CHECK          20
 NUMBER OF POINTS FAILING THE CHECK           0
 TOLERANCE    1.0000000000000001E-005
