==== LHAPDF6 USING DEFAULT-TYPE LHAGLUE INTERFACE ====
LHAPDF 6.2.1 loading /cvmfs/cms.cern.ch/slc7_amd64_gcc700/external/lhapdf/6.2.1-pafccj3/share/LHAPDF/NNPDF31_nnlo_as_0118_nf_4_mc_hessian/NNPDF31_nnlo_as_0118_nf_4_mc_hessian_0000.dat
NNPDF31_nnlo_as_0118_nf_4_mc_hessian PDF set, member #0, version 1; LHAPDF ID = 325500
 A PDF is used, so alpha_s(MZ) is going to be modified
 Old value of alpha_s from param_card:   0.11799999999999999     
 New value of alpha_s from PDF lhapdf :  0.11266013434007299     
 *****************************************************
 *               MadGraph/MadEvent                   *
 *        --------------------------------           *
 *          http://madgraph.hep.uiuc.edu             *
 *          http://madgraph.phys.ucl.ac.be           *
 *          http://madgraph.roma2.infn.it            *
 *        --------------------------------           *
 *                                                   *
 *          PARAMETER AND COUPLING VALUES            *
 *                                                   *
 *****************************************************

  External Params
  ---------------------------------
  
 MU_R =    91.188000000000002     
 aEWM1 =    132.50700000000001     
 mdl_Gf =    1.1663900000000000E-005
 aS =   0.11799999999999999     
 mdl_ymb =    4.7000000000000002     
 mdl_ymt =    173.00000000000000     
 mdl_ymtau =    1.7769999999999999     
 mdl_MT =    173.00000000000000     
 mdl_MB =    4.7000000000000002     
 mdl_MZ =    91.188000000000002     
 mdl_MH =    125.00000000000000     
 mdl_MTA =    1.7769999999999999     
 mdl_WT =    1.4915000000000000     
 mdl_WZ =    2.4414039999999999     
 mdl_WW =    2.0476000000000001     
 mdl_WH =    6.3823389999999999E-003
  Internal Params
  ---------------------------------
  
 mdl_conjg__CKM3x3 =    1.0000000000000000     
 mdl_CKM22 =    1.0000000000000000     
 mdl_lhv =    1.0000000000000000     
 mdl_CKM3x3 =    1.0000000000000000     
 mdl_conjg__CKM22 =    1.0000000000000000     
 mdl_conjg__CKM33 =    1.0000000000000000     
 mdl_Ncol =    3.0000000000000000     
 mdl_CA =    3.0000000000000000     
 mdl_TF =   0.50000000000000000     
 mdl_CF =    1.3333333333333333     
 mdl_complexi =                (0.0000000000000000,1.0000000000000000)
 mdl_MZ__exp__2 =    8315.2513440000002     
 mdl_MZ__exp__4 =    69143404.913893804     
 mdl_sqrt__2 =    1.4142135623730951     
 mdl_MH__exp__2 =    15625.000000000000     
 mdl_Ncol__exp__2 =    9.0000000000000000     
 mdl_MB__exp__2 =    22.090000000000003     
 mdl_MT__exp__2 =    29929.000000000000     
 mdl_aEW =    7.5467711139788835E-003
 mdl_MW =    80.419002445756163     
 mdl_sqrt__aEW =    8.6872153846781555E-002
 mdl_ee =   0.30795376724436879     
 mdl_MW__exp__2 =    6467.2159543705357     
 mdl_sw2 =   0.22224648578577766     
 mdl_cw =   0.88190334743339216     
 mdl_sqrt__sw2 =   0.47143025548407230     
 mdl_sw =   0.47143025548407230     
 mdl_g1 =   0.34919219678733299     
 mdl_gw =   0.65323293034757990     
 mdl_v =    246.21845810181637     
 mdl_v__exp__2 =    60623.529110035903     
 mdl_lam =   0.12886910601690263     
 mdl_yb =    2.6995554250465490E-002
 mdl_yt =   0.99366614581500623     
 mdl_ytau =    1.0206617000654717E-002
 mdl_muH =    88.388347648318430     
 mdl_AxialZUp =  -0.18517701861793787     
 mdl_AxialZDown =   0.18517701861793787     
 mdl_VectorZUp =    7.5430507588273299E-002
 mdl_VectorZDown =  -0.13030376310310560     
 mdl_VectorAUp =   0.20530251149624587     
 mdl_VectorADown =  -0.10265125574812294     
 mdl_VectorWmDxU =   0.23095271737156670     
 mdl_AxialWmDxU =  -0.23095271737156670     
 mdl_VectorWpUxD =   0.23095271737156670     
 mdl_AxialWpUxD =  -0.23095271737156670     
 mdl_I1x33 =          (2.69955542504654901E-002,0.0000000000000000)
 mdl_I2x33 =               (0.99366614581500623,0.0000000000000000)
 mdl_I3x33 =               (0.99366614581500623,0.0000000000000000)
 mdl_I4x33 =          (2.69955542504654901E-002,0.0000000000000000)
 mdl_Vector_tbGp =              (-0.96667059156454072,0.0000000000000000)
 mdl_Axial_tbGp =              (-1.0206617000654716,-0.0000000000000000)
 mdl_Vector_tbGm =               (0.96667059156454072,0.0000000000000000)
 mdl_Axial_tbGm =              (-1.0206617000654716,-0.0000000000000000)
 mdl_gw__exp__2 =   0.42671326129048615     
 mdl_cw__exp__2 =   0.77775351421422245     
 mdl_ee__exp__2 =    9.4835522759998875E-002
 mdl_sw__exp__2 =   0.22224648578577769     
 mdl_yb__exp__2 =    7.2875994928982540E-004
 mdl_yt__exp__2 =   0.98737240933884918     
  Internal Params evaluated point by point
  ----------------------------------------
  
 mdl_sqrt__aS =   0.34351128074635334     
 mdl_G__exp__4 =    2.1987899468922913     
 mdl_G__exp__2 =    1.4828317324943823     
 mdl_R2MixedFactor_FIN_ =   -2.5040377713124864E-002
 mdl_G_UVg_1EPS_ =   -5.1645779033320030E-002
 mdl_G_UVq_1EPS_ =    3.1300472141406080E-003
 mdl_GWcft_UV_b_1EPS_ =   -3.1300472141406080E-003
 mdl_GWcft_UV_t_1EPS_ =   -3.1300472141406080E-003
 mdl_bWcft_UV_1EPS_ =   -1.8780283284843650E-002
 mdl_tWcft_UV_1EPS_ =   -1.8780283284843650E-002
 mdl_G__exp__3 =    1.8056676068262196     
 mdl_MU_R__exp__2 =    8315.2513440000002     
 mdl_G_UVb_FIN_ =    1.8563438626678915E-002
 mdl_G_UVt_FIN_ =   -4.0087659331150384E-003
 mdl_GWcft_UV_b_FIN_ =   -1.8563438626678915E-002
 mdl_GWcft_UV_t_FIN_ =    4.0087659331150384E-003
 mdl_bWcft_UV_FIN_ =  -0.13642100947319838     
 mdl_tWcft_UV_FIN_ =   -9.8778211443463623E-004
  Couplings of loop_sm
  ---------------------------------
  
      UV_GQQb =   0.00000E+00   0.22605E-01
      UV_GQQt =   0.00000E+00  -0.48815E-02
   UVWfct_G_2 =   0.40088E-02   0.00000E+00
   UVWfct_G_1 =  -0.18563E-01   0.00000E+00
       R2_DDA =   0.00000E+00   0.25704E-02
       R2_UUA =  -0.00000E+00  -0.51409E-02
    R2_UUZ_V2 =  -0.00000E+00  -0.72127E-02
    R2_UUZ_V5 =   0.00000E+00   0.68702E-03
      R2_sxcW =  -0.00000E+00  -0.11566E-01
      R2_GGHb =   0.00000E+00  -0.33698E-02
      R2_GGHt =   0.00000E+00  -0.45657E+01
     R2_GGZup =  -0.46369E-02   0.00000E+00
    R2_GGWWcs =   0.00000E+00   0.13356E-02
         GC_4 =  -0.12177E+01   0.00000E+00
         GC_5 =   0.00000E+00   0.12177E+01
       R2_GQQ =  -0.00000E+00  -0.30492E-01
       R2_QQq =   0.00000E+00   0.12520E-01
 UV_GQQg_1eps =   0.00000E+00  -0.62890E-01
 UV_GQQq_1eps =   0.00000E+00   0.38115E-02
 UVWfct_G_2_1eps -0.31300E-02   0.00000E+00
         GC_1 =  -0.00000E+00  -0.10265E+00
         GC_2 =   0.00000E+00   0.20530E+00
         GC_7 =   0.00000E+00   0.57609E+00
        GC_22 =   0.00000E+00   0.28804E+00
        GC_23 =  -0.00000E+00  -0.27437E-01
        GC_24 =   0.00000E+00   0.82310E-01
        GC_25 =   0.00000E+00   0.30795E+00
        GC_28 =   0.00000E+00   0.37035E+00
        GC_31 =   0.00000E+00   0.52532E+02
        GC_33 =  -0.00000E+00  -0.19089E-01
        GC_37 =  -0.00000E+00  -0.70263E+00
        GC_38 =  -0.00000E+00  -0.72172E-02
        GC_47 =   0.00000E+00   0.46191E+00

 Collider parameters:
 --------------------

 Running at P P   machine @    13000.000000000000       GeV
 PDF set = lhapdf 
 alpha_s(Mz)= 0.1127 running at 3 loops.
 alpha_s(Mz)= 0.1127 running at 3 loops.
 Renormalization scale set on event-by-event basis
 Factorization   scale set on event-by-event basis


 ===============================================================
 INFO: MadFKS read these parameters from FKS_params.dat
 ===============================================================
  > IRPoleCheckThreshold      =    1.0000000000000001E-005
  > PrecisionVirtualAtRunTime =    1.0000000000000000E-003
  > NHelForMCoverHels         =            4
  > VirtualFraction           =    1.0000000000000000     
  > MinVirtualFraction        =    5.0000000000000001E-003
 ===============================================================
  Insert the number of points to test
 Insert the relative tolerance
  A negative number will mean use the default one:    1.0000000000000001E-005
Using random seed offsets:     1 ,     14 ,      0
  with seed                   32
 Ranmar initialization seeds       10730        9420
  ========================================================================================== 
 {                                                                                          }
 {       [32m                                                                            [0m       }
 {       [32m                               ,,                                           [0m       }
 {       [32m`7MMM.     ,MMF'             `7MM  `7MMF'                                   [0m       }
 {       [32m  MMMb    dPMM                 MM    MM                                     [0m       }
 {       [32m  M YM   ,M MM   ,6"Yb.   ,M""bMM    MM         ,pW"Wq.   ,pW"Wq.`7MMpdMAo. [0m       }
 {       [32m  M  Mb  M' MM  8)   MM ,AP    MM    MM        6W'   `Wb 6W'   `Wb MM   `Wb [0m       }
 {       [32m  M  YM.P'  MM   ,pm9MM 8MI    MM    MM      , 8M     M8 8M     M8 MM    M8 [0m       }
 {       [32m  M  `YM'   MM  8M   MM `Mb    MM    MM     ,M YA.   ,A9 YA.   ,A9 MM   ,AP [0m       }
 {       [32m.JML. `'  .JMML.`Moo9^Yo.`Wbmd"MML..JMMmmmmMMM  `Ybmd9'   `Ybmd9'  MMbmmd'  [0m       }
 {       [32m                                                                   MM       [0m       }
 {       [32m                                                                 .JMML.     [0m       }
 {       [32m[0mv2.6.5 (2018-02-03), Ref: arXiv:1103.0621v2, arXiv:1405.0301[32m                [0m       }
 {       [32m                                                                            [0m       }
 {                                                                                          }
  ========================================================================================== 
 ===============================================================
 INFO: MadLoop read these parameters from ./MadLoop5_resources/MadLoopParams.dat                                                                                                                                                                                                                                                                                                                                                                                                                                                                                          
 ===============================================================
  > MLReductionLib            = 6|7|1
  > CTModeRun                 =           -1
  > MLStabThres               =    1.0000000000000000E-003
  > NRotations_DP             =            0
  > NRotations_QP             =            0
  > CTStabThres               =    1.0000000000000000E-002
  > CTLoopLibrary             =            2
  > CTModeInit                =            1
  > CheckCycle                =            3
  > MaxAttempts               =           10
  > UseLoopFilter             =  F
  > HelicityFilterLevel       =            2
  > ImprovePSPoint            =            2
  > DoubleCheckHelicityFilter =  T
  > LoopInitStartOver         =  F
  > HelInitStartOver          =  F
  > ZeroThres                 =    1.0000000000000001E-009
  > OSThres                   =    1.0000000000000000E-008
  > WriteOutFilters           =  T
  > UseQPIntegrandForNinja    =  T
  > UseQPIntegrandForCutTools =  T
  > IREGIMODE                 =            2
  > IREGIRECY                 =  T
  > COLLIERMode               =            1
  > COLLIERRequiredAccuracy   =    1.0000000000000000E-008
  > COLLIERCanOutput          =  F
  > COLLIERComputeUVpoles     =  T
  > COLLIERComputeIRpoles     =  T
  > COLLIERGlobalCache        =           -1
  > COLLIERUseCacheForPoles   =  F
  > COLLIERUseInternalStabilityTest =  T
 ===============================================================
  
------------------------------------------------------------------------
|              You are using CutTools - Version 1.9.3                  |
|              Authors: G. Ossola, C. Papadopoulos, R. Pittau          |
|              Published in JHEP 0803:042,2008                         |
|              http://www.ugr.es/~pittau/CutTools                      |
|                                                                      |
|              Compiler with  34  significant digits detetected        |
 ---------------------------------------------------------------------- 
   
########################################################################
#                                                                      #

  +----------------------------------------------------------------+
  |                                                                |
  |  Ninja - version 1.1.0                                         |
  |                                                                |
  |  Author: Tiziano Peraro                                        |
  |                                                                |
  |  Based on:                                                     |
  |                                                                |
  |      P. Mastrolia, E. Mirabella and T. Peraro,                 |
  |      "Integrand reduction of one-loop scattering amplitudes    |
  |      through Laurent series expansion,"                        |
  |      JHEP 1206 (2012) 095  [arXiv:1203.0291 [hep-ph]].         |
  |                                                                |
  |      T. Peraro,                                                |
  |      "Ninja: Automated Integrand Reduction via Laurent         |
  |      Expansion for One-Loop Amplitudes,"                       |
  |      Comput.Phys.Commun. 185 (2014) [arXiv:1403.1229 [hep-ph]] |
  |                                                                |
  +----------------------------------------------------------------+


#                      You are using OneLOop-3.6                       #
#                                                                      #
# for the evaluation of 1-loop scalar 1-, 2-, 3- and 4-point functions #
#                                                                      #
# author: Andreas van Hameren <hamerenREMOVETHIS@ifj.edu.pl>           #
#   date: 18-02-2015                                                   #
#                                                                      #
# Please cite                                                          #
#    A. van Hameren,                                                   #
#      Comput.Phys.Commun. 182 (2011) 2427-2438, arXiv:1007.4716       #
#    A. van Hameren, C.G. Papadopoulos and R. Pittau,                  #
#      JHEP 0909:106,2009, arXiv:0903.4665                             #
# in publications with results obtained with the help of this program. #
#                                                                      #
########################################################################
########################################################################
#                                                                      #
#                      You are using OneLOop-3.6                       #
#                                                                      #
# for the evaluation of 1-loop scalar 1-, 2-, 3- and 4-point functions #
#                                                                      #
# author: Andreas van Hameren <hamerenREMOVETHIS@ifj.edu.pl>           #
#   date: 18-02-2015                                                   #
#                                                                      #
# Please cite                                                          #
#    A. van Hameren,                                                   #
#      Comput.Phys.Commun. 182 (2011) 2427-2438, arXiv:1007.4716       #
#    A. van Hameren, C.G. Papadopoulos and R. Pittau,                  #
#      JHEP 0909:106,2009, arXiv:0903.4665                             #
# in publications with results obtained with the help of this program. #
#                                                                      #
########################################################################
 PASSED   1.0000000000000001E-005
 MU_R    =    325.00000000000000     
 ALPHA_S =   0.11799999999999999     
 BORN                    7.8950007896517181E-013
 SINGLE POLE (MadFKS)   -9.2565849515847152E-014
 DOUBLE POLE (MadFKS)   -8.4019865772776685E-014
 SINGLE POLE (MadLoop)  -9.2565849515865416E-014
 DOUBLE POLE (MadLoop)  -8.4019865772776748E-014
 FINITE PART (MadLoop)  -7.5290922115711025E-014
   325.00000000000000        0.0000000000000000        0.0000000000000000        325.00000000000000        0.0000000000000000     
   325.00000000000000        0.0000000000000000        0.0000000000000000       -325.00000000000000        0.0000000000000000     
   153.79800110137600       -78.208976983102460        131.70033467411858        13.749370158685824        1.7769999999999999     
   195.89677855158644        110.03824616568188       -24.525308641342804       -160.20499824823497        0.0000000000000000     
   140.15177732667499        86.666811914847784       -34.578749870359012        66.846679075141012        80.419002445756163     
   160.15344302036263       -118.49608109742722       -72.596276162416800        79.608949014408125        0.0000000000000000     

 PASSED   1.0000000000000001E-005
 MU_R    =    325.00000000000000     
 ALPHA_S =   0.11799999999999999     
 BORN                    2.3784815646174578E-011
 SINGLE POLE (MadFKS)   -8.5035941745130694E-013
 DOUBLE POLE (MadFKS)   -2.5312182623733271E-012
 SINGLE POLE (MadLoop)  -8.5035941745187401E-013
 DOUBLE POLE (MadLoop)  -2.5312182623733242E-012
 FINITE PART (MadLoop)   2.6038116766681746E-012
   325.00000000000000        0.0000000000000000        0.0000000000000000        325.00000000000000        0.0000000000000000     
   325.00000000000000        0.0000000000000000        0.0000000000000000       -325.00000000000000        0.0000000000000000     
   57.941827561917179       -48.016893759652397        9.2021626331912659E-002   32.380041660094975        1.7769999999999999     
   112.96499242506164        49.753811376341034       -6.9812091006087398       -101.17761850634403        0.0000000000000000     
   265.23920146360229        186.54997150755102        17.320447535846363        169.65767965632674        80.419002445756163     
   213.85397854941885       -188.28688912423974       -10.431260061569562       -100.86010281007775        0.0000000000000000     

 PASSED   1.0000000000000001E-005
 MU_R    =    325.00000000000000     
 ALPHA_S =   0.11799999999999999     
 BORN                    2.8515061745480589E-011
 SINGLE POLE (MadFKS)   -6.3411657241480856E-012
 DOUBLE POLE (MadFKS)   -3.0346186456346237E-012
 SINGLE POLE (MadLoop)  -6.3411657241480630E-012
 DOUBLE POLE (MadLoop)  -3.0346186456346321E-012
 FINITE PART (MadLoop)  -7.8023576858248189E-013
   325.00000000000000        0.0000000000000000        0.0000000000000000        325.00000000000000        0.0000000000000000     
   325.00000000000000        0.0000000000000000        0.0000000000000000       -325.00000000000000        0.0000000000000000     
   153.55562653103405        37.814689716464208        53.434846031094793       -138.89182546722876        1.7769999999999999     
   118.93819096434463       -56.763747701454726        97.524450370791584       -37.591911319212066        0.0000000000000000     
   211.16969664117769       -30.826103483260095       -191.43000094716899        23.015883788434738        80.419002445756163     
   166.33648586344361        49.775161468250538        40.470704545282516        153.46785299800607        0.0000000000000000     

 PASSED   1.0000000000000001E-005
 MU_R    =    325.00000000000000     
 ALPHA_S =   0.11799999999999999     
 BORN                    2.9647475035766817E-010
 SINGLE POLE (MadFKS)   -1.2500652618815227E-011
 DOUBLE POLE (MadFKS)   -3.1551318858281752E-011
 SINGLE POLE (MadLoop)  -1.2500652618815103E-011
 DOUBLE POLE (MadLoop)  -3.1551318858284615E-011
 FINITE PART (MadLoop)   3.3172235966755668E-011
   325.00000000000000        0.0000000000000000        0.0000000000000000        325.00000000000000        0.0000000000000000     
   325.00000000000000        0.0000000000000000        0.0000000000000000       -325.00000000000000        0.0000000000000000     
   47.880023671205720       -31.971019254994236       -29.044263258234622       -20.582119359734811        1.7769999999999999     
   191.08274286662427        24.126582917107584       -188.84710838631503       -16.349075579485451        0.0000000000000000     
   183.00206207385730       -122.24988819237298        42.095161910889757        101.51601326668444        80.419002445756163     
   228.03517138831270        130.09432453025971        175.79620973365985       -64.584818327464220        0.0000000000000000     

 PASSED   1.0000000000000001E-005
 MU_R    =    325.00000000000000     
 ALPHA_S =   0.11799999999999999     
 BORN                    4.5888455657212887E-011
 SINGLE POLE (MadFKS)   -1.6488796087405032E-012
 DOUBLE POLE (MadFKS)   -4.8835231148965171E-012
 SINGLE POLE (MadLoop)  -1.6488796087397431E-012
 DOUBLE POLE (MadLoop)  -4.8835231148965211E-012
 FINITE PART (MadLoop)   6.7124804748929431E-012
   325.00000000000000        0.0000000000000000        0.0000000000000000        325.00000000000000        0.0000000000000000     
   325.00000000000000        0.0000000000000000        0.0000000000000000       -325.00000000000000        0.0000000000000000     
   153.91314533891116        105.81004750293909        26.419500503614472        108.59255232142803        1.7769999999999999     
   70.370694081677613       -33.855926337089798       -41.658352697844336        45.501565774120458        0.0000000000000000     
   208.07741143902291       -46.931825932083662       -177.44242713041405       -56.040895474128611        80.419002445756163     
   217.63874914038831       -25.022295233765597        192.68127932464390       -98.053222621419948        0.0000000000000000     

 PASSED   1.0000000000000001E-005
 MU_R    =    325.00000000000000     
 ALPHA_S =   0.11799999999999999     
 BORN                    3.1908441234436835E-011
 SINGLE POLE (MadFKS)    1.0262079001587388E-012
 DOUBLE POLE (MadFKS)   -3.3957475381762231E-012
 SINGLE POLE (MadLoop)   1.0262079005173917E-012
 DOUBLE POLE (MadLoop)  -3.3957475382011015E-012
 FINITE PART (MadLoop)  -8.8259219488306102E-011
   325.00000000000000        0.0000000000000000        0.0000000000000000        325.00000000000000        0.0000000000000000     
   325.00000000000000        0.0000000000000000        0.0000000000000000       -325.00000000000000        0.0000000000000000     
   151.24357096990238        31.768968394956605       -2.0442630564555357E-002   147.85869017391911        1.7769999999999999     
   78.743791853108434       -75.950482585033356       -12.375159713048797        16.702226575602005        0.0000000000000000     
   144.24642534548275        45.246098551033640       -1.2615990328163660        110.86484656720518        80.419002445756163     
   275.76621183150644       -1.0645843609568888        13.657201376429722       -275.42576331672632        0.0000000000000000     

 PASSED   1.0000000000000001E-005
 MU_R    =    325.00000000000000     
 ALPHA_S =   0.11799999999999999     
 BORN                    2.3460118922225451E-011
 SINGLE POLE (MadFKS)   -1.5906337635993618E-012
 DOUBLE POLE (MadFKS)   -2.4966635157812510E-012
 SINGLE POLE (MadLoop)  -1.5906337635994000E-012
 DOUBLE POLE (MadLoop)  -2.4966635157813685E-012
 FINITE PART (MadLoop)   3.2073593739586004E-012
   325.00000000000000        0.0000000000000000        0.0000000000000000        325.00000000000000        0.0000000000000000     
   325.00000000000000        0.0000000000000000        0.0000000000000000       -325.00000000000000        0.0000000000000000     
   200.01995632251553       -138.38130403559794       -144.41267967524871      -0.64640597341338735        1.7769999999999999     
   105.78296867504221        52.334688628168905       -90.690898713517782        15.042530320130082        0.0000000000000000     
   138.41233726092833        104.64011722261965        30.634927095742029       -28.332071246864746        80.419002445756163     
   205.78473774151394       -18.593501815190624        204.46865129302444        13.935946900148114        0.0000000000000000     

 PASSED   1.0000000000000001E-005
 MU_R    =    325.00000000000000     
 ALPHA_S =   0.11799999999999999     
 BORN                    5.8293692615288558E-012
 SINGLE POLE (MadFKS)   -8.4778043737800075E-013
 DOUBLE POLE (MadFKS)   -6.2037083458633979E-013
 SINGLE POLE (MadLoop)  -8.4778043737791139E-013
 DOUBLE POLE (MadLoop)  -6.2037083458634251E-013
 FINITE PART (MadLoop)   1.0348909146427367E-013
   325.00000000000000        0.0000000000000000        0.0000000000000000        325.00000000000000        0.0000000000000000     
   325.00000000000000        0.0000000000000000        0.0000000000000000       -325.00000000000000        0.0000000000000000     
   281.25570724285166        220.07502418485507        173.01914738580041       -27.073483255813983        1.7769999999999999     
   93.693801964071397       -87.648674872031876       -11.239459004581388        31.143424361232523        0.0000000000000000     
   233.32064998378615       -104.26026551287391       -192.53965135638697       -5.4396181145280869        80.419002445756163     
   41.729840809290806       -28.166083799949320        30.759962975167920        1.3696770091095616        0.0000000000000000     

 PASSED   1.0000000000000001E-005
 MU_R    =    325.00000000000000     
 ALPHA_S =   0.11799999999999999     
 BORN                    5.7980280529183837E-011
 SINGLE POLE (MadFKS)   -2.5083651922620721E-012
 DOUBLE POLE (MadFKS)   -6.1703545285457348E-012
 SINGLE POLE (MadLoop)  -2.5083651922580408E-012
 DOUBLE POLE (MadLoop)  -6.1703545285458729E-012
 FINITE PART (MadLoop)   8.8138539742197125E-012
   325.00000000000000        0.0000000000000000        0.0000000000000000        325.00000000000000        0.0000000000000000     
   325.00000000000000        0.0000000000000000        0.0000000000000000       -325.00000000000000        0.0000000000000000     
   15.341249024727757        12.082083683743587        5.6975877951372702        7.3319124254474168        1.7769999999999999     
   260.23738507655213        257.75602515522024       -5.5543323051273008        35.418603590590521        0.0000000000000000     
   89.092316076028354        13.792481599310323       -25.633942916107991       -24.957829459446337        80.419002445756163     
   285.32904982269173       -283.63059043827406        25.490687426098088       -17.792686556591619        0.0000000000000000     

 PASSED   1.0000000000000001E-005
 MU_R    =    325.00000000000000     
 ALPHA_S =   0.11799999999999999     
 BORN                    1.7128843479143159E-011
 SINGLE POLE (MadFKS)   -3.8520633454883307E-013
 DOUBLE POLE (MadFKS)   -1.8228790196536472E-012
 SINGLE POLE (MadLoop)  -3.8520633454889911E-013
 DOUBLE POLE (MadLoop)  -1.8228790196536072E-012
 FINITE PART (MadLoop)   2.2876620058585967E-012
   325.00000000000000        0.0000000000000000        0.0000000000000000        325.00000000000000        0.0000000000000000     
   325.00000000000000        0.0000000000000000        0.0000000000000000       -325.00000000000000        0.0000000000000000     
   157.45259818781554        100.29580117701015        118.61936200795481        25.658569137446172        1.7769999999999999     
   115.92119585748951       -84.018945385000777        61.907545641130781        50.457866166872464        0.0000000000000000     
   116.33524806757806        45.032371002156964        29.810168747966344        64.421373702493000        80.419002445756163     
   260.29095788711686       -61.309226794166356       -210.33707639705187       -140.53780900681164        0.0000000000000000     

 PASSED   1.0000000000000001E-005
 MU_R    =    325.00000000000000     
 ALPHA_S =   0.11799999999999999     
 BORN                    4.9188909054546587E-012
 SINGLE POLE (MadFKS)   -5.7380939890292184E-013
 DOUBLE POLE (MadFKS)   -5.2347626635951747E-013
 SINGLE POLE (MadLoop)  -5.7380939895077694E-013
 DOUBLE POLE (MadLoop)  -5.2347626635951858E-013
 FINITE PART (MadLoop)   1.0151050125258769E-012
   325.00000000000000        0.0000000000000000        0.0000000000000000        325.00000000000000        0.0000000000000000     
   325.00000000000000        0.0000000000000000        0.0000000000000000       -325.00000000000000        0.0000000000000000     
   198.03487633432576        102.65980712034072        156.42624990381208        64.857126507395293        1.7769999999999999     
   145.04661073920951       -111.92943375522066       -87.019760365186215       -30.624866565472665        0.0000000000000000     
   182.84460115931981       -101.58494809473673       -101.24211391530135       -79.971650660036985        80.419002445756163     
   124.07391176714496        110.85457472961669        31.835624376675444        45.739390718114358        0.0000000000000000     

 PASSED   1.0000000000000001E-005
 MU_R    =    325.00000000000000     
 ALPHA_S =   0.11799999999999999     
 BORN                    4.2864972776858455E-011
 SINGLE POLE (MadFKS)   -4.4693943682173350E-012
 DOUBLE POLE (MadFKS)   -4.5617592132302402E-012
 SINGLE POLE (MadLoop)  -4.4693943682187640E-012
 DOUBLE POLE (MadLoop)  -4.5617592132301926E-012
 FINITE PART (MadLoop)   6.1045634735995404E-013
   325.00000000000000        0.0000000000000000        0.0000000000000000        325.00000000000000        0.0000000000000000     
   325.00000000000000        0.0000000000000000        0.0000000000000000       -325.00000000000000        0.0000000000000000     
   197.77533463726235        5.6357556471275521        65.695037722479142       -186.45193895159420        1.7769999999999999     
   80.972244739758281        54.597335621426851        59.663139236539756       -3.9931413295623090        0.0000000000000000     
   114.34625179861912        36.264808210268846        60.049632606698687        41.070118764079510        80.419002445756163     
   256.90616882436029       -96.497899478823271       -185.40780956571760        149.37496151707700        0.0000000000000000     

 PASSED   1.0000000000000001E-005
 MU_R    =    325.00000000000000     
 ALPHA_S =   0.11799999999999999     
 BORN                    1.6197329765007474E-011
 SINGLE POLE (MadFKS)   -6.8355278234521928E-013
 DOUBLE POLE (MadFKS)   -1.7237458348542655E-012
 SINGLE POLE (MadLoop)  -6.8355278234490566E-013
 DOUBLE POLE (MadLoop)  -1.7237458348542739E-012
 FINITE PART (MadLoop)   7.1211951281157640E-013
   325.00000000000000        0.0000000000000000        0.0000000000000000        325.00000000000000        0.0000000000000000     
   325.00000000000000        0.0000000000000000        0.0000000000000000       -325.00000000000000        0.0000000000000000     
   63.926071035897330        52.069929465461897       -31.897987224328034        18.831507788411972        1.7769999999999999     
   112.66202153600216        2.1415661280647100       -47.171506791774156       -102.28877620780953        0.0000000000000000     
   222.67940613601780        148.34636936752236       -60.460569574982223        132.12409388473546        80.419002445756163     
   250.73250129208276       -202.55786496104895        139.53006359108440       -48.666825465337880        0.0000000000000000     

 PASSED   1.0000000000000001E-005
 MU_R    =    325.00000000000000     
 ALPHA_S =   0.11799999999999999     
 BORN                    8.0225512810395150E-013
 SINGLE POLE (MadFKS)   -7.3609015247317596E-014
 DOUBLE POLE (MadFKS)   -8.5377278577560873E-014
 SINGLE POLE (MadLoop)  -7.3609015247356193E-014
 DOUBLE POLE (MadLoop)  -8.5377278577525708E-014
 FINITE PART (MadLoop)   5.2960535784423891E-014
   325.00000000000000        0.0000000000000000        0.0000000000000000        325.00000000000000        0.0000000000000000     
   325.00000000000000        0.0000000000000000        0.0000000000000000       -325.00000000000000        0.0000000000000000     
   136.91194366368160        34.614986663581810       -44.139705195240914        124.88079000520615        1.7769999999999999     
   251.54633473653112       -117.01455698863769       -178.29930481214637       -133.38856725987105        0.0000000000000000     
   152.57977860885842        38.328151170021982        122.98587898782054        14.791865448239419        80.419002445756163     
   108.96194299092886        44.071419155033901        99.453131019566783       -6.2840881935745116        0.0000000000000000     

 PASSED   1.0000000000000001E-005
 MU_R    =    325.00000000000000     
 ALPHA_S =   0.11799999999999999     
 BORN                    6.3406613634644263E-011
 SINGLE POLE (MadFKS)   -9.6066313863807497E-013
 DOUBLE POLE (MadFKS)   -6.7478336084170773E-012
 SINGLE POLE (MadLoop)  -9.6066313863734089E-013
 DOUBLE POLE (MadLoop)  -6.7478336084170886E-012
 FINITE PART (MadLoop)   8.4194657235464411E-012
   325.00000000000000        0.0000000000000000        0.0000000000000000        325.00000000000000        0.0000000000000000     
   325.00000000000000        0.0000000000000000        0.0000000000000000       -325.00000000000000        0.0000000000000000     
   107.46582880589087        38.591151340302005       -72.386463237716598        69.402230584482368        1.7769999999999999     
   115.09520911149281       -82.281682929934746       -41.239824511016359        69.107949535031949        0.0000000000000000     
   162.37562393000741        116.21202646226288       -70.368068725308135        37.970081665612632        80.419002445756163     
   265.06333815260894       -72.521494872630171        183.99435647404104       -176.48026178512697        0.0000000000000000     

 PASSED   1.0000000000000001E-005
 MU_R    =    325.00000000000000     
 ALPHA_S =   0.11799999999999999     
 BORN                    1.8711380625315473E-011
 SINGLE POLE (MadFKS)   -8.2500113711401379E-013
 DOUBLE POLE (MadFKS)   -1.9912951631657704E-012
 SINGLE POLE (MadLoop)  -8.2500113708978351E-013
 DOUBLE POLE (MadLoop)  -1.9912951631762204E-012
 FINITE PART (MadLoop)   2.3865748676992086E-012
   325.00000000000000        0.0000000000000000        0.0000000000000000        325.00000000000000        0.0000000000000000     
   325.00000000000000        0.0000000000000000        0.0000000000000000       -325.00000000000000        0.0000000000000000     
   252.14939450964360        219.48418285635790       -39.374414723455494        117.69667949284747        1.7769999999999999     
   88.027217258526676       0.13294038315116360        52.001999542551111       -71.025103651532206        0.0000000000000000     
   81.243819125776668        1.9331316069308873       -6.6257461019227462        9.2576823532955306        80.419002445756163     
   228.57956910605304       -221.55025484643994       -6.0018387171728564       -55.929258194610782        0.0000000000000000     

 PASSED   1.0000000000000001E-005
 MU_R    =    325.00000000000000     
 ALPHA_S =   0.11799999999999999     
 BORN                    2.1739710628785119E-009
 SINGLE POLE (MadFKS)   -4.9769385184349106E-010
 DOUBLE POLE (MadFKS)   -2.3135749034549623E-010
 SINGLE POLE (MadLoop)  -4.9769385184349354E-010
 DOUBLE POLE (MadLoop)  -2.3135749034549820E-010
 FINITE PART (MadLoop)   4.1532881581526223E-010
   325.00000000000000        0.0000000000000000        0.0000000000000000        325.00000000000000        0.0000000000000000     
   325.00000000000000        0.0000000000000000        0.0000000000000000       -325.00000000000000        0.0000000000000000     
   40.924719631897233       -12.375480956207760       -1.0936819152848529       -38.952872537466504        1.7769999999999999     
   127.73774416147221        59.019811233209289       -77.350663541002902        82.767554121313907        0.0000000000000000     
   268.19188358141628        22.694987511407199        69.543842518160730       -245.16986351149217        80.419002445756163     
   213.14565262521421       -69.339317788408721        8.9005029381270280        201.35518192764476        0.0000000000000000     

 PASSED   1.0000000000000001E-005
 MU_R    =    325.00000000000000     
 ALPHA_S =   0.11799999999999999     
 BORN                    1.3033659691058617E-011
 SINGLE POLE (MadFKS)   -1.8488736973966179E-012
 DOUBLE POLE (MadFKS)   -1.3870629870058620E-012
 SINGLE POLE (MadLoop)  -1.8488736973966062E-012
 DOUBLE POLE (MadLoop)  -1.3870629870058675E-012
 FINITE PART (MadLoop)   1.8308006616175928E-012
   325.00000000000000        0.0000000000000000        0.0000000000000000        325.00000000000000        0.0000000000000000     
   325.00000000000000        0.0000000000000000        0.0000000000000000       -325.00000000000000        0.0000000000000000     
   285.75271194919242       -86.042581388198883       -97.954273036587892       -254.26971750337665        1.7769999999999999     
   148.79432862358871        48.545428436191749       -26.370729283010050        138.15816387594796        0.0000000000000000     
   120.72371351921313       -8.7435985824247311        55.421024255277345        70.420583679943263        80.419002445756163     
   94.729245908005794        46.240751534431823        68.903978064320526        45.690969947485350        0.0000000000000000     

 PASSED   1.0000000000000001E-005
 MU_R    =    325.00000000000000     
 ALPHA_S =   0.11799999999999999     
 BORN                    3.0472321687040158E-010
 SINGLE POLE (MadFKS)   -1.2077655096454722E-011
 DOUBLE POLE (MadFKS)   -3.2429133905671608E-011
 SINGLE POLE (MadLoop)  -1.2077655096455441E-011
 DOUBLE POLE (MadLoop)  -3.2429133905671880E-011
 FINITE PART (MadLoop)  -1.1959981907936852E-011
   325.00000000000000        0.0000000000000000        0.0000000000000000        325.00000000000000        0.0000000000000000     
   325.00000000000000        0.0000000000000000        0.0000000000000000       -325.00000000000000        0.0000000000000000     
   130.14737765641121        69.701781845655333        26.132448132427758       -106.74239525131127        1.7769999999999999     
   31.886234040133427       -13.837989565831000       -28.604136438204325        2.6543068139738408        0.0000000000000000     
Thanks for using LHAPDF 6.2.1. Please make sure to cite the paper:
  Eur.Phys.J. C75 (2015) 3, 132  (http://arxiv.org/abs/1412.7420)
   292.20297732874735       -111.04775724896112        164.81944759629110        198.54044754015018        80.419002445756163     
   195.76341097470808        55.183964969136788       -162.34775929051452       -94.452359102812807        0.0000000000000000     

 PASSED   1.0000000000000001E-005
 MU_R    =    325.00000000000000     
 ALPHA_S =   0.11799999999999999     
 BORN                    7.2907014025354193E-012
 SINGLE POLE (MadFKS)   -4.1897454391097264E-013
 DOUBLE POLE (MadFKS)   -7.7588814688065837E-013
 SINGLE POLE (MadLoop)  -4.1897454391107785E-013
 DOUBLE POLE (MadLoop)  -7.7588814688066069E-013
 FINITE PART (MadLoop)  -4.2072994189131399E-012
   325.00000000000000        0.0000000000000000        0.0000000000000000        325.00000000000000        0.0000000000000000     
   325.00000000000000        0.0000000000000000        0.0000000000000000       -325.00000000000000        0.0000000000000000     
   142.48265360182842       -111.03215372889765       -89.104933505925018       -5.5064064185044526        1.7769999999999999     
   148.10816855785887       -98.651524104604931        28.794983843950561       -106.65249781804599        0.0000000000000000     
   274.17815984069006        177.87957515414584        39.461700612542920        188.43587319563935        80.419002445756163     
   85.231017999622694        31.804102679356820        20.848249049431583       -76.276968959088904        0.0000000000000000     

 NUMBER OF POINTS PASSING THE CHECK          20
 NUMBER OF POINTS FAILING THE CHECK           0
 TOLERANCE    1.0000000000000001E-005
