==== LHAPDF6 USING DEFAULT-TYPE LHAGLUE INTERFACE ====
LHAPDF 6.2.1 loading /cvmfs/cms.cern.ch/slc7_amd64_gcc700/external/lhapdf/6.2.1-pafccj3/share/LHAPDF/NNPDF31_nnlo_as_0118_nf_4_mc_hessian/NNPDF31_nnlo_as_0118_nf_4_mc_hessian_0000.dat
NNPDF31_nnlo_as_0118_nf_4_mc_hessian PDF set, member #0, version 1; LHAPDF ID = 325500
 A PDF is used, so alpha_s(MZ) is going to be modified
 Old value of alpha_s from param_card:   0.11799999999999999     
 New value of alpha_s from PDF lhapdf :  0.11266013434007299     
 *****************************************************
 *               MadGraph/MadEvent                   *
 *        --------------------------------           *
 *          http://madgraph.hep.uiuc.edu             *
 *          http://madgraph.phys.ucl.ac.be           *
 *          http://madgraph.roma2.infn.it            *
 *        --------------------------------           *
 *                                                   *
 *          PARAMETER AND COUPLING VALUES            *
 *                                                   *
 *****************************************************

  External Params
  ---------------------------------
  
 MU_R =    91.188000000000002     
 aEWM1 =    132.50700000000001     
 mdl_Gf =    1.1663900000000000E-005
 aS =   0.11799999999999999     
 mdl_ymb =    4.7000000000000002     
 mdl_ymt =    173.00000000000000     
 mdl_ymtau =    1.7769999999999999     
 mdl_MT =    173.00000000000000     
 mdl_MB =    4.7000000000000002     
 mdl_MZ =    91.188000000000002     
 mdl_MH =    125.00000000000000     
 mdl_MTA =    1.7769999999999999     
 mdl_WT =    1.4915000000000000     
 mdl_WZ =    2.4414039999999999     
 mdl_WW =    2.0476000000000001     
 mdl_WH =    6.3823389999999999E-003
  Internal Params
  ---------------------------------
  
 mdl_conjg__CKM3x3 =    1.0000000000000000     
 mdl_CKM22 =    1.0000000000000000     
 mdl_lhv =    1.0000000000000000     
 mdl_CKM3x3 =    1.0000000000000000     
 mdl_conjg__CKM22 =    1.0000000000000000     
 mdl_conjg__CKM33 =    1.0000000000000000     
 mdl_Ncol =    3.0000000000000000     
 mdl_CA =    3.0000000000000000     
 mdl_TF =   0.50000000000000000     
 mdl_CF =    1.3333333333333333     
 mdl_complexi =                (0.0000000000000000,1.0000000000000000)
 mdl_MZ__exp__2 =    8315.2513440000002     
 mdl_MZ__exp__4 =    69143404.913893804     
 mdl_sqrt__2 =    1.4142135623730951     
 mdl_MH__exp__2 =    15625.000000000000     
 mdl_Ncol__exp__2 =    9.0000000000000000     
 mdl_MB__exp__2 =    22.090000000000003     
 mdl_MT__exp__2 =    29929.000000000000     
 mdl_aEW =    7.5467711139788835E-003
 mdl_MW =    80.419002445756163     
 mdl_sqrt__aEW =    8.6872153846781555E-002
 mdl_ee =   0.30795376724436879     
 mdl_MW__exp__2 =    6467.2159543705357     
 mdl_sw2 =   0.22224648578577766     
 mdl_cw =   0.88190334743339216     
 mdl_sqrt__sw2 =   0.47143025548407230     
 mdl_sw =   0.47143025548407230     
 mdl_g1 =   0.34919219678733299     
 mdl_gw =   0.65323293034757990     
 mdl_v =    246.21845810181637     
 mdl_v__exp__2 =    60623.529110035903     
 mdl_lam =   0.12886910601690263     
 mdl_yb =    2.6995554250465490E-002
 mdl_yt =   0.99366614581500623     
 mdl_ytau =    1.0206617000654717E-002
 mdl_muH =    88.388347648318430     
 mdl_AxialZUp =  -0.18517701861793787     
 mdl_AxialZDown =   0.18517701861793787     
 mdl_VectorZUp =    7.5430507588273299E-002
 mdl_VectorZDown =  -0.13030376310310560     
 mdl_VectorAUp =   0.20530251149624587     
 mdl_VectorADown =  -0.10265125574812294     
 mdl_VectorWmDxU =   0.23095271737156670     
 mdl_AxialWmDxU =  -0.23095271737156670     
 mdl_VectorWpUxD =   0.23095271737156670     
 mdl_AxialWpUxD =  -0.23095271737156670     
 mdl_I1x33 =          (2.69955542504654901E-002,0.0000000000000000)
 mdl_I2x33 =               (0.99366614581500623,0.0000000000000000)
 mdl_I3x33 =               (0.99366614581500623,0.0000000000000000)
 mdl_I4x33 =          (2.69955542504654901E-002,0.0000000000000000)
 mdl_Vector_tbGp =              (-0.96667059156454072,0.0000000000000000)
 mdl_Axial_tbGp =              (-1.0206617000654716,-0.0000000000000000)
 mdl_Vector_tbGm =               (0.96667059156454072,0.0000000000000000)
 mdl_Axial_tbGm =              (-1.0206617000654716,-0.0000000000000000)
 mdl_gw__exp__2 =   0.42671326129048615     
 mdl_cw__exp__2 =   0.77775351421422245     
 mdl_ee__exp__2 =    9.4835522759998875E-002
 mdl_sw__exp__2 =   0.22224648578577769     
 mdl_yb__exp__2 =    7.2875994928982540E-004
 mdl_yt__exp__2 =   0.98737240933884918     
  Internal Params evaluated point by point
  ----------------------------------------
  
 mdl_sqrt__aS =   0.34351128074635334     
 mdl_G__exp__4 =    2.1987899468922913     
 mdl_G__exp__2 =    1.4828317324943823     
 mdl_R2MixedFactor_FIN_ =   -2.5040377713124864E-002
 mdl_G_UVg_1EPS_ =   -5.1645779033320030E-002
 mdl_G_UVq_1EPS_ =    3.1300472141406080E-003
 mdl_GWcft_UV_b_1EPS_ =   -3.1300472141406080E-003
 mdl_GWcft_UV_t_1EPS_ =   -3.1300472141406080E-003
 mdl_bWcft_UV_1EPS_ =   -1.8780283284843650E-002
 mdl_tWcft_UV_1EPS_ =   -1.8780283284843650E-002
 mdl_G__exp__3 =    1.8056676068262196     
 mdl_MU_R__exp__2 =    8315.2513440000002     
 mdl_G_UVb_FIN_ =    1.8563438626678915E-002
 mdl_G_UVt_FIN_ =   -4.0087659331150384E-003
 mdl_GWcft_UV_b_FIN_ =   -1.8563438626678915E-002
 mdl_GWcft_UV_t_FIN_ =    4.0087659331150384E-003
 mdl_bWcft_UV_FIN_ =  -0.13642100947319838     
 mdl_tWcft_UV_FIN_ =   -9.8778211443463623E-004
  Couplings of loop_sm
  ---------------------------------
  
      UV_GQQb =   0.00000E+00   0.22605E-01
      UV_GQQt =   0.00000E+00  -0.48815E-02
   UVWfct_G_2 =   0.40088E-02   0.00000E+00
   UVWfct_G_1 =  -0.18563E-01   0.00000E+00
       R2_DDA =   0.00000E+00   0.25704E-02
       R2_UUA =  -0.00000E+00  -0.51409E-02
    R2_UUZ_V2 =  -0.00000E+00  -0.72127E-02
    R2_UUZ_V5 =   0.00000E+00   0.68702E-03
      R2_sxcW =  -0.00000E+00  -0.11566E-01
      R2_GGHb =   0.00000E+00  -0.33698E-02
      R2_GGHt =   0.00000E+00  -0.45657E+01
     R2_GGZup =  -0.46369E-02   0.00000E+00
    R2_GGWWcs =   0.00000E+00   0.13356E-02
         GC_4 =  -0.12177E+01   0.00000E+00
         GC_5 =   0.00000E+00   0.12177E+01
       R2_GQQ =  -0.00000E+00  -0.30492E-01
       R2_QQq =   0.00000E+00   0.12520E-01
 UV_GQQg_1eps =   0.00000E+00  -0.62890E-01
 UV_GQQq_1eps =   0.00000E+00   0.38115E-02
 UVWfct_G_2_1eps -0.31300E-02   0.00000E+00
         GC_1 =  -0.00000E+00  -0.10265E+00
         GC_2 =   0.00000E+00   0.20530E+00
         GC_7 =   0.00000E+00   0.57609E+00
        GC_22 =   0.00000E+00   0.28804E+00
        GC_23 =  -0.00000E+00  -0.27437E-01
        GC_24 =   0.00000E+00   0.82310E-01
        GC_25 =   0.00000E+00   0.30795E+00
        GC_28 =   0.00000E+00   0.37035E+00
        GC_31 =   0.00000E+00   0.52532E+02
        GC_33 =  -0.00000E+00  -0.19089E-01
        GC_37 =  -0.00000E+00  -0.70263E+00
        GC_38 =  -0.00000E+00  -0.72172E-02
        GC_47 =   0.00000E+00   0.46191E+00

 Collider parameters:
 --------------------

 Running at P P   machine @    13000.000000000000       GeV
 PDF set = lhapdf 
 alpha_s(Mz)= 0.1127 running at 3 loops.
 alpha_s(Mz)= 0.1127 running at 3 loops.
 Renormalization scale set on event-by-event basis
 Factorization   scale set on event-by-event basis


 ===============================================================
 INFO: MadFKS read these parameters from FKS_params.dat
 ===============================================================
  > IRPoleCheckThreshold      =    1.0000000000000001E-005
  > PrecisionVirtualAtRunTime =    1.0000000000000000E-003
  > NHelForMCoverHels         =            4
  > VirtualFraction           =    1.0000000000000000     
  > MinVirtualFraction        =    5.0000000000000001E-003
 ===============================================================
  Insert the number of points to test
 Insert the relative tolerance
  A negative number will mean use the default one:    1.0000000000000001E-005
Using random seed offsets:     1 ,     11 ,      0
  with seed                   32
 Ranmar initialization seeds       10730        9417
  ========================================================================================== 
 {                                                                                          }
 {       [32m                                                                            [0m       }
 {       [32m                               ,,                                           [0m       }
 {       [32m`7MMM.     ,MMF'             `7MM  `7MMF'                                   [0m       }
 {       [32m  MMMb    dPMM                 MM    MM                                     [0m       }
 {       [32m  M YM   ,M MM   ,6"Yb.   ,M""bMM    MM         ,pW"Wq.   ,pW"Wq.`7MMpdMAo. [0m       }
 {       [32m  M  Mb  M' MM  8)   MM ,AP    MM    MM        6W'   `Wb 6W'   `Wb MM   `Wb [0m       }
 {       [32m  M  YM.P'  MM   ,pm9MM 8MI    MM    MM      , 8M     M8 8M     M8 MM    M8 [0m       }
 {       [32m  M  `YM'   MM  8M   MM `Mb    MM    MM     ,M YA.   ,A9 YA.   ,A9 MM   ,AP [0m       }
 {       [32m.JML. `'  .JMML.`Moo9^Yo.`Wbmd"MML..JMMmmmmMMM  `Ybmd9'   `Ybmd9'  MMbmmd'  [0m       }
 {       [32m                                                                   MM       [0m       }
 {       [32m                                                                 .JMML.     [0m       }
 {       [32m[0mv2.6.5 (2018-02-03), Ref: arXiv:1103.0621v2, arXiv:1405.0301[32m                [0m       }
 {       [32m                                                                            [0m       }
 {                                                                                          }
  ========================================================================================== 
 ===============================================================
 INFO: MadLoop read these parameters from ./MadLoop5_resources/MadLoopParams.dat                                                                                                                                                                                                                                                                                                                                                                                                                                                                                          
 ===============================================================
  > MLReductionLib            = 6|7|1
  > CTModeRun                 =           -1
  > MLStabThres               =    1.0000000000000000E-003
  > NRotations_DP             =            0
  > NRotations_QP             =            0
  > CTStabThres               =    1.0000000000000000E-002
  > CTLoopLibrary             =            2
  > CTModeInit                =            1
  > CheckCycle                =            3
  > MaxAttempts               =           10
  > UseLoopFilter             =  F
  > HelicityFilterLevel       =            2
  > ImprovePSPoint            =            2
  > DoubleCheckHelicityFilter =  T
  > LoopInitStartOver         =  F
  > HelInitStartOver          =  F
  > ZeroThres                 =    1.0000000000000001E-009
  > OSThres                   =    1.0000000000000000E-008
  > WriteOutFilters           =  T
  > UseQPIntegrandForNinja    =  T
  > UseQPIntegrandForCutTools =  T
  > IREGIMODE                 =            2
  > IREGIRECY                 =  T
  > COLLIERMode               =            1
  > COLLIERRequiredAccuracy   =    1.0000000000000000E-008
  > COLLIERCanOutput          =  F
  > COLLIERComputeUVpoles     =  T
  > COLLIERComputeIRpoles     =  T
  > COLLIERGlobalCache        =           -1
  > COLLIERUseCacheForPoles   =  F
  > COLLIERUseInternalStabilityTest =  T
 ===============================================================
  
------------------------------------------------------------------------
|              You are using CutTools - Version 1.9.3                  |
|              Authors: G. Ossola, C. Papadopoulos, R. Pittau          |
|              Published in JHEP 0803:042,2008                         |
|              http://www.ugr.es/~pittau/CutTools                      |
|                                                                      |
|              Compiler with  34  significant digits detetected        |
 ---------------------------------------------------------------------- 
   
########################################################################
#                                                                      #

  +----------------------------------------------------------------+
  |                                                                |
  |  Ninja - version 1.1.0                                         |
  |                                                                |
  |  Author: Tiziano Peraro                                        |
  |                                                                |
  |  Based on:                                                     |
  |                                                                |
  |      P. Mastrolia, E. Mirabella and T. Peraro,                 |
  |      "Integrand reduction of one-loop scattering amplitudes    |
  |      through Laurent series expansion,"                        |
  |      JHEP 1206 (2012) 095  [arXiv:1203.0291 [hep-ph]].         |
  |                                                                |
  |      T. Peraro,                                                |
  |      "Ninja: Automated Integrand Reduction via Laurent         |
  |      Expansion for One-Loop Amplitudes,"                       |
  |      Comput.Phys.Commun. 185 (2014) [arXiv:1403.1229 [hep-ph]] |
  |                                                                |
  +----------------------------------------------------------------+


#                      You are using OneLOop-3.6                       #
#                                                                      #
# for the evaluation of 1-loop scalar 1-, 2-, 3- and 4-point functions #
#                                                                      #
# author: Andreas van Hameren <hamerenREMOVETHIS@ifj.edu.pl>           #
#   date: 18-02-2015                                                   #
#                                                                      #
# Please cite                                                          #
#    A. van Hameren,                                                   #
#      Comput.Phys.Commun. 182 (2011) 2427-2438, arXiv:1007.4716       #
#    A. van Hameren, C.G. Papadopoulos and R. Pittau,                  #
#      JHEP 0909:106,2009, arXiv:0903.4665                             #
# in publications with results obtained with the help of this program. #
#                                                                      #
########################################################################
########################################################################
#                                                                      #
#                      You are using OneLOop-3.6                       #
#                                                                      #
# for the evaluation of 1-loop scalar 1-, 2-, 3- and 4-point functions #
#                                                                      #
# author: Andreas van Hameren <hamerenREMOVETHIS@ifj.edu.pl>           #
#   date: 18-02-2015                                                   #
#                                                                      #
# Please cite                                                          #
#    A. van Hameren,                                                   #
#      Comput.Phys.Commun. 182 (2011) 2427-2438, arXiv:1007.4716       #
#    A. van Hameren, C.G. Papadopoulos and R. Pittau,                  #
#      JHEP 0909:106,2009, arXiv:0903.4665                             #
# in publications with results obtained with the help of this program. #
#                                                                      #
########################################################################
 PASSED   1.0000000000000001E-005
 MU_R    =    325.00000000000000     
 ALPHA_S =   0.11799999999999999     
 BORN                    1.3385619577330057E-010
 SINGLE POLE (MadFKS)   -1.6385036878291212E-011
 DOUBLE POLE (MadFKS)   -1.4245191230973097E-011
 SINGLE POLE (MadLoop)  -1.6385036878291419E-011
 DOUBLE POLE (MadLoop)  -1.4245191230973021E-011
 FINITE PART (MadLoop)   3.0311134755414486E-011
   325.00000000000000        0.0000000000000000        0.0000000000000000        325.00000000000000        0.0000000000000000     
   325.00000000000000        0.0000000000000000        0.0000000000000000       -325.00000000000000        0.0000000000000000     
   70.913697389609396        43.081318715331285        10.835777415964303       -55.275115404717383        0.0000000000000000     
   184.21966449838303       -132.94714566751958        115.63853085567450        53.755664150835010        0.0000000000000000     
   174.13581772129322        48.434823925781998        35.838061952592632       -142.21732737558236        80.419002445756163     
   220.73082039071431        41.431003026406380       -162.31237022423139        143.73677862946471        0.0000000000000000     

 PASSED   1.0000000000000001E-005
 MU_R    =    325.00000000000000     
 ALPHA_S =   0.11799999999999999     
 BORN                    2.1746907029049517E-011
 SINGLE POLE (MadFKS)   -1.0707698395729017E-012
 DOUBLE POLE (MadFKS)   -2.3143407559233427E-012
 SINGLE POLE (MadLoop)  -1.0707698395717239E-012
 DOUBLE POLE (MadLoop)  -2.3143407559233406E-012
 FINITE PART (MadLoop)   3.3831174118156643E-012
   325.00000000000000        0.0000000000000000        0.0000000000000000        325.00000000000000        0.0000000000000000     
   325.00000000000000        0.0000000000000000        0.0000000000000000       -325.00000000000000        0.0000000000000000     
   190.37032805002221        71.851767214520592       -12.657573985069595        175.83506809176581        0.0000000000000000     
   148.24288224537480       -98.057573743752172       -107.72859090969646       -27.481176621751921        0.0000000000000000     
   137.26687921031274       -79.992821939731243        2.1170261599124895       -77.276431155461310        80.419002445756163     
   174.11991049429017        106.19862846896280        118.26913873485356       -71.077460314552553        0.0000000000000000     

 PASSED   1.0000000000000001E-005
 MU_R    =    325.00000000000000     
 ALPHA_S =   0.11799999999999999     
 BORN                    6.7511251699410185E-012
 SINGLE POLE (MadFKS)   -2.5477939208692158E-013
 DOUBLE POLE (MadFKS)   -7.1846557803660642E-013
 SINGLE POLE (MadLoop)  -2.5477939206667504E-013
 DOUBLE POLE (MadLoop)  -7.1846557803623383E-013
 FINITE PART (MadLoop)   1.0838645262707182E-012
   325.00000000000000        0.0000000000000000        0.0000000000000000        325.00000000000000        0.0000000000000000     
   325.00000000000000        0.0000000000000000        0.0000000000000000       -325.00000000000000        0.0000000000000000     
   150.29849339177326       -134.68545729873819       -66.614160086101109       -3.4667541144409548        0.0000000000000000     
   166.45667955960755        89.307460864922248       -137.33862262881283        29.497564955277184        0.0000000000000000     
   100.56295150947878        20.999775175748105       -12.737953688408398        55.158365098389588        80.419002445756163     
   232.68187553914032        24.378221258067853        216.69073640332232       -81.189175939225819        0.0000000000000000     

 PASSED   1.0000000000000001E-005
 MU_R    =    325.00000000000000     
 ALPHA_S =   0.11799999999999999     
 BORN                    6.2363778385501296E-010
 SINGLE POLE (MadFKS)   -7.8897294756126608E-011
 DOUBLE POLE (MadFKS)   -6.6368534071599002E-011
 SINGLE POLE (MadLoop)  -7.8897294756123467E-011
 DOUBLE POLE (MadLoop)  -6.6368534071608502E-011
 FINITE PART (MadLoop)  -3.9829757582530367E-011
   325.00000000000000        0.0000000000000000        0.0000000000000000        325.00000000000000        0.0000000000000000     
   325.00000000000000        0.0000000000000000        0.0000000000000000       -325.00000000000000        0.0000000000000000     
   189.30092690898960       -63.571758590252358        70.010887265978013       -163.98764618889982        0.0000000000000000     
   92.636330190752801        16.488701904198614        64.587604783158397       -64.327705454953005        0.0000000000000000     
   201.47999791719351        127.77542947226705       -26.295452048034718        130.80123252901313        80.419002445756163     
   166.58274498306412       -80.692372786213255       -108.30304000110169        97.514119114839644        0.0000000000000000     

 PASSED   1.0000000000000001E-005
 MU_R    =    325.00000000000000     
 ALPHA_S =   0.11799999999999999     
 BORN                    2.8273985262833834E-011
 SINGLE POLE (MadFKS)   -3.5424245557039597E-013
 DOUBLE POLE (MadFKS)   -3.0089628993559121E-012
 SINGLE POLE (MadLoop)  -3.5424245557875375E-013
 DOUBLE POLE (MadLoop)  -3.0089628993559488E-012
 FINITE PART (MadLoop)   4.0454289877490241E-012
   325.00000000000000        0.0000000000000000        0.0000000000000000        325.00000000000000        0.0000000000000000     
   325.00000000000000        0.0000000000000000        0.0000000000000000       -325.00000000000000        0.0000000000000000     
   54.236643154188236       -10.963352974694233        8.1824296734155748       -52.483008648767679        0.0000000000000000     
   255.55588894251068       -68.403518086806940        67.396237791318015        236.82803511856619        0.0000000000000000     
   94.918357586832528       -49.417861847144806        6.5132946276955375        7.5980639745011684        80.419002445756163     
   245.28911031646865        128.78473290864599       -82.091962092429128       -191.94309044429966        0.0000000000000000     

 PASSED   1.0000000000000001E-005
 MU_R    =    325.00000000000000     
 ALPHA_S =   0.11799999999999999     
 BORN                    4.0943606641616250E-010
 SINGLE POLE (MadFKS)   -1.5051792013616502E-010
 DOUBLE POLE (MadFKS)   -4.3572843447856345E-011
 SINGLE POLE (MadLoop)  -1.5051792013583717E-010
 DOUBLE POLE (MadLoop)  -4.3572843448055540E-011
 FINITE PART (MadLoop)  -1.6953125257373840E-010
   325.00000000000000        0.0000000000000000        0.0000000000000000        325.00000000000000        0.0000000000000000     
   325.00000000000000        0.0000000000000000        0.0000000000000000       -325.00000000000000        0.0000000000000000     
   65.899710181360305       -21.794164469353468       -35.277869426555732        51.217752057201203        0.0000000000000000     
   227.65026891000477       -129.72112104966376        178.14587220361932       -57.106251017097115        0.0000000000000000     
   246.17360749261144        141.42825573555868       -153.06932784992139       -103.45075361120611        80.419002445756163     
   110.27641341602354        10.087029783458510        10.201325072857804        109.33925257110202        0.0000000000000000     

 PASSED   1.0000000000000001E-005
 MU_R    =    325.00000000000000     
 ALPHA_S =   0.11799999999999999     
 BORN                    1.1345589213903252E-011
 SINGLE POLE (MadFKS)   -7.6275872405341472E-013
 DOUBLE POLE (MadFKS)   -1.2074158169998946E-012
 SINGLE POLE (MadLoop)  -7.6275872405343764E-013
 DOUBLE POLE (MadLoop)  -1.2074158169998950E-012
 FINITE PART (MadLoop)   1.4458469983255948E-012
   325.00000000000000        0.0000000000000000        0.0000000000000000        325.00000000000000        0.0000000000000000     
   325.00000000000000        0.0000000000000000        0.0000000000000000       -325.00000000000000        0.0000000000000000     
   87.577632469478701       -48.833097375822277        69.429495712457978        21.557259444473168        0.0000000000000000     
   195.59980835899728       -20.421358012145475       -194.49543716345076       -3.7118849139538752        0.0000000000000000     
   167.42309397498565        129.35407553091741       -64.934070144244629       -24.786409982697943        80.419002445756163     
   199.39946519653847       -60.099620142949604        190.00001159523737        6.9410354521785926        0.0000000000000000     

 PASSED   1.0000000000000001E-005
 MU_R    =    325.00000000000000     
 ALPHA_S =   0.11799999999999999     
 BORN                    6.7224057543530426E-012
 SINGLE POLE (MadFKS)   -7.5565245438243663E-013
 DOUBLE POLE (MadFKS)   -7.1540921172700823E-013
 SINGLE POLE (MadLoop)  -7.5565245437921464E-013
 DOUBLE POLE (MadLoop)  -7.1540921172694381E-013
 FINITE PART (MadLoop)   6.3495182041804911E-014
   325.00000000000000        0.0000000000000000        0.0000000000000000        325.00000000000000        0.0000000000000000     
   325.00000000000000        0.0000000000000000        0.0000000000000000       -325.00000000000000        0.0000000000000000     
   151.91870148804404        36.850123318222529       -105.00456807912357        103.41857161923055        0.0000000000000000     
   273.44190767320572        87.777051019817534        236.94031980917475       -104.52249056998359        0.0000000000000000     
   200.80934164233673       -129.70862527760139       -128.26645262498474        24.094924694953967        80.419002445756163     
   23.830049196413537        5.0814509395613312       -3.6692991050664756       -22.991005744200908        0.0000000000000000     

 PASSED   1.0000000000000001E-005
 MU_R    =    325.00000000000000     
 ALPHA_S =   0.11799999999999999     
 BORN                    2.0616087264533675E-008
 SINGLE POLE (MadFKS)   -2.2042158751993633E-009
 DOUBLE POLE (MadFKS)   -2.1939971013003320E-009
 SINGLE POLE (MadLoop)  -2.2042158751996632E-009
 DOUBLE POLE (MadLoop)  -2.1939971013002088E-009
 FINITE PART (MadLoop)   2.9040364700600066E-009
   325.00000000000000        0.0000000000000000        0.0000000000000000        325.00000000000000        0.0000000000000000     
   325.00000000000000        0.0000000000000000        0.0000000000000000       -325.00000000000000        0.0000000000000000     
   93.910453040148496        6.0783544748905127       -68.398584643179532       -64.061380065475646        0.0000000000000000     
   189.93513459092128        13.681026599916752       -187.02067858797872       -30.190240869123649        0.0000000000000000     
   134.67340125633456       -72.589684516780025        71.467377741339590       -35.956371787350669        80.419002445756163     
   231.48101111259572        52.830303441972774        183.95188548981866        130.20799272194995        0.0000000000000000     

 PASSED   1.0000000000000001E-005
 MU_R    =    325.00000000000000     
 ALPHA_S =   0.11799999999999999     
 BORN                    8.4734653331028403E-012
 SINGLE POLE (MadFKS)   -2.9024993446954417E-013
 DOUBLE POLE (MadFKS)   -9.0175978303984917E-013
 SINGLE POLE (MadLoop)  -2.9024993446904339E-013
 DOUBLE POLE (MadLoop)  -9.0175978303985180E-013
 FINITE PART (MadLoop)  -7.0992443325624004E-013
   325.00000000000000        0.0000000000000000        0.0000000000000000        325.00000000000000        0.0000000000000000     
   325.00000000000000        0.0000000000000000        0.0000000000000000       -325.00000000000000        0.0000000000000000     
   119.84252977233032        26.201740332736083        110.29822596515019       -38.858745408317233        0.0000000000000000     
   184.24637545557886        142.37182485865554        74.866357917797927        89.844414445521437        0.0000000000000000     
   173.62082964225434       -67.954637774749102       -117.98746630299240        71.680551976090740        80.419002445756163     
   172.29026512983646       -100.61892741664255       -67.177117579955819       -122.66622101329496        0.0000000000000000     

 PASSED   1.0000000000000001E-005
 MU_R    =    325.00000000000000     
 ALPHA_S =   0.11799999999999999     
 BORN                    4.4812506787377891E-010
 SINGLE POLE (MadFKS)   -4.1583403544982050E-012
 DOUBLE POLE (MadFKS)   -4.7690189089686352E-011
 SINGLE POLE (MadLoop)  -4.1583403544981581E-012
 DOUBLE POLE (MadLoop)  -4.7690189089686888E-011
 FINITE PART (MadLoop)  -1.3266234456494163E-012
   325.00000000000000        0.0000000000000000        0.0000000000000000        325.00000000000000        0.0000000000000000     
   325.00000000000000        0.0000000000000000        0.0000000000000000       -325.00000000000000        0.0000000000000000     
   44.566444055174401        26.966435725226010        34.773836419637561        7.0540471121571837        0.0000000000000000     
   118.87155905643918        115.75992406305751       -6.7920843505654975        26.152535701122364        0.0000000000000000     
   232.77693776202909       -33.824745574668903       -130.72680090967560        171.70986258869351        80.419002445756163     
   253.78505912635740       -108.90161421361465        102.74504884060356       -204.91644540197296        0.0000000000000000     

 PASSED   1.0000000000000001E-005
 MU_R    =    325.00000000000000     
 ALPHA_S =   0.11799999999999999     
 BORN                    6.2876043729907524E-011
 SINGLE POLE (MadFKS)   -5.3785766396422035E-012
 DOUBLE POLE (MadFKS)   -6.6913695074413230E-012
 SINGLE POLE (MadLoop)  -5.3785766396434152E-012
 DOUBLE POLE (MadLoop)  -6.6913695074413246E-012
 FINITE PART (MadLoop)   1.5786409090539302E-011
   325.00000000000000        0.0000000000000000        0.0000000000000000        325.00000000000000        0.0000000000000000     
   325.00000000000000        0.0000000000000000        0.0000000000000000       -325.00000000000000        0.0000000000000000     
   171.43343551446239        118.56603800353251        85.645694152068771        89.422214900138300        0.0000000000000000     
   140.80688850196924       -66.767161880918579        116.75072815425995       -41.689248247279608        0.0000000000000000     
   138.63400203701838       -41.277853635318976       -11.807811767099988       -104.44560760014465        80.419002445756163     
   199.12567394655002       -10.521022487294948       -190.58861053922871        56.712640947285983        0.0000000000000000     

 PASSED   1.0000000000000001E-005
 MU_R    =    325.00000000000000     
 ALPHA_S =   0.11799999999999999     
 BORN                    6.1643950984636755E-012
 SINGLE POLE (MadFKS)   -1.6503546146039442E-012
 DOUBLE POLE (MadFKS)   -6.5602482196348038E-013
 SINGLE POLE (MadLoop)  -1.6503546146052594E-012
 DOUBLE POLE (MadLoop)  -6.5602482196283091E-013
 FINITE PART (MadLoop)  -2.9418910306760699E-013
   325.00000000000000        0.0000000000000000        0.0000000000000000        325.00000000000000        0.0000000000000000     
   325.00000000000000        0.0000000000000000        0.0000000000000000       -325.00000000000000        0.0000000000000000     
   166.62854674211749        149.01606590573681        24.736135906859534       -70.337815375262480        0.0000000000000000     
   187.75069177614810       -107.34510175949767        9.1917952259532534       -153.76235654798410        0.0000000000000000     
   140.01403503525137       -43.552438244430640       -75.706572745619951        74.218690493428056        80.419002445756163     
   155.60672644648298        1.8814740981915015        41.778641612807192        149.88148142981856        0.0000000000000000     

 PASSED   1.0000000000000001E-005
 MU_R    =    325.00000000000000     
 ALPHA_S =   0.11799999999999999     
 BORN                    1.4308703549495416E-011
 SINGLE POLE (MadFKS)   -1.5683592168330666E-012
 DOUBLE POLE (MadFKS)   -1.5227552012241065E-012
 SINGLE POLE (MadLoop)  -1.5683592168330101E-012
 DOUBLE POLE (MadLoop)  -1.5227552012241057E-012
 FINITE PART (MadLoop)   4.3309982247143437E-013
   325.00000000000000        0.0000000000000000        0.0000000000000000        325.00000000000000        0.0000000000000000     
   325.00000000000000        0.0000000000000000        0.0000000000000000       -325.00000000000000        0.0000000000000000     
   80.640115033963070        31.671442851610248       -17.318974383325479        72.109645587103671        0.0000000000000000     
   174.85690810433425       -141.79208611146828       -98.326041325306704       -28.318407887090647        0.0000000000000000     
   271.97415869052867        226.64071317489783        100.01510250059329       -78.317899897915183        80.419002445756163     
   122.52881817117407       -116.52006991503980        15.629913208038930        34.526662197902183        0.0000000000000000     

 PASSED   1.0000000000000001E-005
 MU_R    =    325.00000000000000     
 ALPHA_S =   0.11799999999999999     
 BORN                    6.5096545199987380E-012
 SINGLE POLE (MadFKS)   -1.6643407660428810E-013
 DOUBLE POLE (MadFKS)   -6.9276788384155552E-013
 SINGLE POLE (MadLoop)  -1.6643407660413541E-013
 DOUBLE POLE (MadLoop)  -6.9276788384156138E-013
 FINITE PART (MadLoop)  -2.2145385539803268E-013
   325.00000000000000        0.0000000000000000        0.0000000000000000        325.00000000000000        0.0000000000000000     
   325.00000000000000        0.0000000000000000        0.0000000000000000       -325.00000000000000        0.0000000000000000     
   201.62928774058997        142.67619011883167        141.86430650370207       -13.129851034049022        0.0000000000000000     
   91.130379474549784        38.118364693424994       -7.3865791200034083        82.444980351616465        0.0000000000000000     
   142.93949139942183       -28.923803737530957       -87.216808391503619        74.304267431335163        80.419002445756163     
   214.30084138543839       -151.87075107472572       -47.260918992195002       -143.61939674890257        0.0000000000000000     

 PASSED   1.0000000000000001E-005
 MU_R    =    325.00000000000000     
 ALPHA_S =   0.11799999999999999     
 BORN                    5.2572910275688930E-010
 SINGLE POLE (MadFKS)   -2.6237080466142941E-011
 DOUBLE POLE (MadFKS)   -5.5948935058212652E-011
 SINGLE POLE (MadLoop)  -2.6237080466144343E-011
 DOUBLE POLE (MadLoop)  -5.5948935058212568E-011
 FINITE PART (MadLoop)  -1.4576242158865583E-011
   325.00000000000000        0.0000000000000000        0.0000000000000000        325.00000000000000        0.0000000000000000     
   325.00000000000000        0.0000000000000000        0.0000000000000000       -325.00000000000000        0.0000000000000000     
   63.676764895029024       -56.516238539500279        20.894995690242066        20.592336534445757        0.0000000000000000     
   105.23673513382833       -55.119463637205243        4.4790313610445214       -89.535207756731822        0.0000000000000000     
   308.30582554378100        262.51349468765352        22.051011378444581        138.51239696837521        80.419002445756163     
   172.78067442736159       -150.87779251094801       -47.425038429731188       -69.569525746089155        0.0000000000000000     

 PASSED   1.0000000000000001E-005
 MU_R    =    325.00000000000000     
 ALPHA_S =   0.11799999999999999     
 BORN                    5.4033760029478378E-010
 SINGLE POLE (MadFKS)   -1.2675263722078703E-010
 DOUBLE POLE (MadFKS)   -5.7503594816935718E-011
 SINGLE POLE (MadLoop)  -1.2675263722078587E-010
 DOUBLE POLE (MadLoop)  -5.7503594816937753E-011
 FINITE PART (MadLoop)   1.4273478072349675E-010
   325.00000000000000        0.0000000000000000        0.0000000000000000        325.00000000000000        0.0000000000000000     
   325.00000000000000        0.0000000000000000        0.0000000000000000       -325.00000000000000        0.0000000000000000     
   202.92238470074034        138.96534880737875        85.763134382476949       -120.46082692880722        0.0000000000000000     
   6.0245505138294178       -5.7868164690935737      -0.18044013378695575       -1.6659548027568565        0.0000000000000000     
   178.90834612162479       -91.214357967217339       -23.564524542396445       -129.09544702011644        80.419002445756163     
   262.14471866380546       -41.964174371067848       -62.018169706293563        251.22222875168055        0.0000000000000000     

 PASSED   1.0000000000000001E-005
 MU_R    =    325.00000000000000     
 ALPHA_S =   0.11799999999999999     
 BORN                    1.7872649432492847E-009
 SINGLE POLE (MadFKS)   -7.6559088234577871E-011
 DOUBLE POLE (MadFKS)   -1.9020360432265225E-010
 SINGLE POLE (MadLoop)  -7.6559088234596805E-011
 DOUBLE POLE (MadLoop)  -1.9020360432264923E-010
 FINITE PART (MadLoop)   1.5737672794013306E-010
   325.00000000000000        0.0000000000000000        0.0000000000000000        325.00000000000000        0.0000000000000000     
   325.00000000000000        0.0000000000000000        0.0000000000000000       -325.00000000000000        0.0000000000000000     
   128.47491195172091       -60.249334913065603       -97.505391074809566        58.038946879523415        0.0000000000000000     
   138.12825664006201       -51.892164661653126       -123.45866020801814       -33.831608723083662        0.0000000000000000     
   92.794062071490984       -2.9233630277105558       -45.423422229179650       -8.4669157876447709        80.419002445756163     
   290.60276933672611        115.06486260242912        266.38747351200715       -15.740422368794839        0.0000000000000000     

 PASSED   1.0000000000000001E-005
 MU_R    =    325.00000000000000     
 ALPHA_S =   0.11799999999999999     
 BORN                    7.8816923470839319E-013
 SINGLE POLE (MadFKS)   -4.7855763161574355E-014
 DOUBLE POLE (MadFKS)   -8.3878235190591610E-014
 SINGLE POLE (MadLoop)  -4.7855763161571016E-014
 DOUBLE POLE (MadLoop)  -8.3878235190591484E-014
 FINITE PART (MadLoop)   1.0684274251153432E-014
   325.00000000000000        0.0000000000000000        0.0000000000000000        325.00000000000000        0.0000000000000000     
   325.00000000000000        0.0000000000000000        0.0000000000000000       -325.00000000000000        0.0000000000000000     
   179.17492070654566        64.491177212115232       -167.06886649252158        5.7038689410326207        0.0000000000000000     
   154.34770420318162        52.904100850392133        68.743247897744624       -127.66650216275849        0.0000000000000000     
Thanks for using LHAPDF 6.2.1. Please make sure to cite the paper:
  Eur.Phys.J. C75 (2015) 3, 132  (http://arxiv.org/abs/1412.7420)
   242.74799654930862       -97.080121563549227        81.435303787326816        190.79600406875647        80.419002445756163     
   73.729378540964049       -20.315156498958149        16.890314807450174       -68.833370847030594        0.0000000000000000     

 PASSED   1.0000000000000001E-005
 MU_R    =    325.00000000000000     
 ALPHA_S =   0.11799999999999999     
 BORN                    3.8289213374106865E-012
 SINGLE POLE (MadFKS)   -3.2435194742323444E-013
 DOUBLE POLE (MadFKS)   -4.0747995522107892E-013
 SINGLE POLE (MadLoop)  -3.2435194742333950E-013
 DOUBLE POLE (MadLoop)  -4.0747995522106908E-013
 FINITE PART (MadLoop)   4.4458112473112930E-013
   325.00000000000000        0.0000000000000000        0.0000000000000000        325.00000000000000        0.0000000000000000     
   325.00000000000000        0.0000000000000000        0.0000000000000000       -325.00000000000000        0.0000000000000000     
   146.73052617690703        50.479086818011510        101.19284002802949        93.497156284206270        0.0000000000000000     
   218.95414478972549        16.110153292235339        70.036441174779512       -206.82426692502119        0.0000000000000000     
   139.14088799093048       -31.368881831655624       -30.654360434018379        104.73430285988944        80.419002445756163     
   145.17444104243702       -35.220358278591235       -140.57492076879061        8.5928077809254777        0.0000000000000000     

 NUMBER OF POINTS PASSING THE CHECK          20
 NUMBER OF POINTS FAILING THE CHECK           0
 TOLERANCE    1.0000000000000001E-005
