==== LHAPDF6 USING DEFAULT-TYPE LHAGLUE INTERFACE ====
LHAPDF 6.2.1 loading /cvmfs/cms.cern.ch/slc7_amd64_gcc700/external/lhapdf/6.2.1-pafccj3/share/LHAPDF/NNPDF31_nnlo_as_0118_nf_4_mc_hessian/NNPDF31_nnlo_as_0118_nf_4_mc_hessian_0000.dat
NNPDF31_nnlo_as_0118_nf_4_mc_hessian PDF set, member #0, version 1; LHAPDF ID = 325500
 A PDF is used, so alpha_s(MZ) is going to be modified
 Old value of alpha_s from param_card:   0.11799999999999999     
 New value of alpha_s from PDF lhapdf :  0.11266013434007299     
 *****************************************************
 *               MadGraph/MadEvent                   *
 *        --------------------------------           *
 *          http://madgraph.hep.uiuc.edu             *
 *          http://madgraph.phys.ucl.ac.be           *
 *          http://madgraph.roma2.infn.it            *
 *        --------------------------------           *
 *                                                   *
 *          PARAMETER AND COUPLING VALUES            *
 *                                                   *
 *****************************************************

  External Params
  ---------------------------------
  
 MU_R =    91.188000000000002     
 aEWM1 =    132.50700000000001     
 mdl_Gf =    1.1663900000000000E-005
 aS =   0.11799999999999999     
 mdl_ymb =    4.7000000000000002     
 mdl_ymt =    173.00000000000000     
 mdl_ymtau =    1.7769999999999999     
 mdl_MT =    173.00000000000000     
 mdl_MB =    4.7000000000000002     
 mdl_MZ =    91.188000000000002     
 mdl_MH =    125.00000000000000     
 mdl_MTA =    1.7769999999999999     
 mdl_WT =    1.4915000000000000     
 mdl_WZ =    2.4414039999999999     
 mdl_WW =    2.0476000000000001     
 mdl_WH =    6.3823389999999999E-003
  Internal Params
  ---------------------------------
  
 mdl_conjg__CKM3x3 =    1.0000000000000000     
 mdl_CKM22 =    1.0000000000000000     
 mdl_lhv =    1.0000000000000000     
 mdl_CKM3x3 =    1.0000000000000000     
 mdl_conjg__CKM22 =    1.0000000000000000     
 mdl_conjg__CKM33 =    1.0000000000000000     
 mdl_Ncol =    3.0000000000000000     
 mdl_CA =    3.0000000000000000     
 mdl_TF =   0.50000000000000000     
 mdl_CF =    1.3333333333333333     
 mdl_complexi =                (0.0000000000000000,1.0000000000000000)
 mdl_MZ__exp__2 =    8315.2513440000002     
 mdl_MZ__exp__4 =    69143404.913893804     
 mdl_sqrt__2 =    1.4142135623730951     
 mdl_MH__exp__2 =    15625.000000000000     
 mdl_Ncol__exp__2 =    9.0000000000000000     
 mdl_MB__exp__2 =    22.090000000000003     
 mdl_MT__exp__2 =    29929.000000000000     
 mdl_aEW =    7.5467711139788835E-003
 mdl_MW =    80.419002445756163     
 mdl_sqrt__aEW =    8.6872153846781555E-002
 mdl_ee =   0.30795376724436879     
 mdl_MW__exp__2 =    6467.2159543705357     
 mdl_sw2 =   0.22224648578577766     
 mdl_cw =   0.88190334743339216     
 mdl_sqrt__sw2 =   0.47143025548407230     
 mdl_sw =   0.47143025548407230     
 mdl_g1 =   0.34919219678733299     
 mdl_gw =   0.65323293034757990     
 mdl_v =    246.21845810181637     
 mdl_v__exp__2 =    60623.529110035903     
 mdl_lam =   0.12886910601690263     
 mdl_yb =    2.6995554250465490E-002
 mdl_yt =   0.99366614581500623     
 mdl_ytau =    1.0206617000654717E-002
 mdl_muH =    88.388347648318430     
 mdl_AxialZUp =  -0.18517701861793787     
 mdl_AxialZDown =   0.18517701861793787     
 mdl_VectorZUp =    7.5430507588273299E-002
 mdl_VectorZDown =  -0.13030376310310560     
 mdl_VectorAUp =   0.20530251149624587     
 mdl_VectorADown =  -0.10265125574812294     
 mdl_VectorWmDxU =   0.23095271737156670     
 mdl_AxialWmDxU =  -0.23095271737156670     
 mdl_VectorWpUxD =   0.23095271737156670     
 mdl_AxialWpUxD =  -0.23095271737156670     
 mdl_I1x33 =          (2.69955542504654901E-002,0.0000000000000000)
 mdl_I2x33 =               (0.99366614581500623,0.0000000000000000)
 mdl_I3x33 =               (0.99366614581500623,0.0000000000000000)
 mdl_I4x33 =          (2.69955542504654901E-002,0.0000000000000000)
 mdl_Vector_tbGp =              (-0.96667059156454072,0.0000000000000000)
 mdl_Axial_tbGp =              (-1.0206617000654716,-0.0000000000000000)
 mdl_Vector_tbGm =               (0.96667059156454072,0.0000000000000000)
 mdl_Axial_tbGm =              (-1.0206617000654716,-0.0000000000000000)
 mdl_gw__exp__2 =   0.42671326129048615     
 mdl_cw__exp__2 =   0.77775351421422245     
 mdl_ee__exp__2 =    9.4835522759998875E-002
 mdl_sw__exp__2 =   0.22224648578577769     
 mdl_yb__exp__2 =    7.2875994928982540E-004
 mdl_yt__exp__2 =   0.98737240933884918     
  Internal Params evaluated point by point
  ----------------------------------------
  
 mdl_sqrt__aS =   0.34351128074635334     
 mdl_G__exp__4 =    2.1987899468922913     
 mdl_G__exp__2 =    1.4828317324943823     
 mdl_R2MixedFactor_FIN_ =   -2.5040377713124864E-002
 mdl_G_UVg_1EPS_ =   -5.1645779033320030E-002
 mdl_G_UVq_1EPS_ =    3.1300472141406080E-003
 mdl_GWcft_UV_b_1EPS_ =   -3.1300472141406080E-003
 mdl_GWcft_UV_t_1EPS_ =   -3.1300472141406080E-003
 mdl_bWcft_UV_1EPS_ =   -1.8780283284843650E-002
 mdl_tWcft_UV_1EPS_ =   -1.8780283284843650E-002
 mdl_G__exp__3 =    1.8056676068262196     
 mdl_MU_R__exp__2 =    8315.2513440000002     
 mdl_G_UVb_FIN_ =    1.8563438626678915E-002
 mdl_G_UVt_FIN_ =   -4.0087659331150384E-003
 mdl_GWcft_UV_b_FIN_ =   -1.8563438626678915E-002
 mdl_GWcft_UV_t_FIN_ =    4.0087659331150384E-003
 mdl_bWcft_UV_FIN_ =  -0.13642100947319838     
 mdl_tWcft_UV_FIN_ =   -9.8778211443463623E-004
  Couplings of loop_sm
  ---------------------------------
  
      UV_GQQb =   0.00000E+00   0.22605E-01
      UV_GQQt =   0.00000E+00  -0.48815E-02
   UVWfct_G_2 =   0.40088E-02   0.00000E+00
   UVWfct_G_1 =  -0.18563E-01   0.00000E+00
       R2_DDA =   0.00000E+00   0.25704E-02
       R2_UUA =  -0.00000E+00  -0.51409E-02
    R2_UUZ_V2 =  -0.00000E+00  -0.72127E-02
    R2_UUZ_V5 =   0.00000E+00   0.68702E-03
      R2_sxcW =  -0.00000E+00  -0.11566E-01
      R2_GGHb =   0.00000E+00  -0.33698E-02
      R2_GGHt =   0.00000E+00  -0.45657E+01
     R2_GGZup =  -0.46369E-02   0.00000E+00
    R2_GGWWcs =   0.00000E+00   0.13356E-02
         GC_4 =  -0.12177E+01   0.00000E+00
         GC_5 =   0.00000E+00   0.12177E+01
       R2_GQQ =  -0.00000E+00  -0.30492E-01
       R2_QQq =   0.00000E+00   0.12520E-01
 UV_GQQg_1eps =   0.00000E+00  -0.62890E-01
 UV_GQQq_1eps =   0.00000E+00   0.38115E-02
 UVWfct_G_2_1eps -0.31300E-02   0.00000E+00
         GC_1 =  -0.00000E+00  -0.10265E+00
         GC_2 =   0.00000E+00   0.20530E+00
         GC_7 =   0.00000E+00   0.57609E+00
        GC_22 =   0.00000E+00   0.28804E+00
        GC_23 =  -0.00000E+00  -0.27437E-01
        GC_24 =   0.00000E+00   0.82310E-01
        GC_25 =   0.00000E+00   0.30795E+00
        GC_28 =   0.00000E+00   0.37035E+00
        GC_31 =   0.00000E+00   0.52532E+02
        GC_33 =  -0.00000E+00  -0.19089E-01
        GC_37 =  -0.00000E+00  -0.70263E+00
        GC_38 =  -0.00000E+00  -0.72172E-02
        GC_47 =   0.00000E+00   0.46191E+00

 Collider parameters:
 --------------------

 Running at P P   machine @    13000.000000000000       GeV
 PDF set = lhapdf 
 alpha_s(Mz)= 0.1127 running at 3 loops.
 alpha_s(Mz)= 0.1127 running at 3 loops.
 Renormalization scale set on event-by-event basis
 Factorization   scale set on event-by-event basis


 ===============================================================
 INFO: MadFKS read these parameters from FKS_params.dat
 ===============================================================
  > IRPoleCheckThreshold      =    1.0000000000000001E-005
  > PrecisionVirtualAtRunTime =    1.0000000000000000E-003
  > NHelForMCoverHels         =            4
  > VirtualFraction           =    1.0000000000000000     
  > MinVirtualFraction        =    5.0000000000000001E-003
 ===============================================================
  Insert the number of points to test
 Insert the relative tolerance
  A negative number will mean use the default one:    1.0000000000000001E-005
Using random seed offsets:     1 ,     52 ,      0
  with seed                   32
 Ranmar initialization seeds       10730        9458
  ========================================================================================== 
 {                                                                                          }
 {       [32m                                                                            [0m       }
 {       [32m                               ,,                                           [0m       }
 {       [32m`7MMM.     ,MMF'             `7MM  `7MMF'                                   [0m       }
 {       [32m  MMMb    dPMM                 MM    MM                                     [0m       }
 {       [32m  M YM   ,M MM   ,6"Yb.   ,M""bMM    MM         ,pW"Wq.   ,pW"Wq.`7MMpdMAo. [0m       }
 {       [32m  M  Mb  M' MM  8)   MM ,AP    MM    MM        6W'   `Wb 6W'   `Wb MM   `Wb [0m       }
 {       [32m  M  YM.P'  MM   ,pm9MM 8MI    MM    MM      , 8M     M8 8M     M8 MM    M8 [0m       }
 {       [32m  M  `YM'   MM  8M   MM `Mb    MM    MM     ,M YA.   ,A9 YA.   ,A9 MM   ,AP [0m       }
 {       [32m.JML. `'  .JMML.`Moo9^Yo.`Wbmd"MML..JMMmmmmMMM  `Ybmd9'   `Ybmd9'  MMbmmd'  [0m       }
 {       [32m                                                                   MM       [0m       }
 {       [32m                                                                 .JMML.     [0m       }
 {       [32m[0mv2.6.5 (2018-02-03), Ref: arXiv:1103.0621v2, arXiv:1405.0301[32m                [0m       }
 {       [32m                                                                            [0m       }
 {                                                                                          }
  ========================================================================================== 
 ===============================================================
 INFO: MadLoop read these parameters from ./MadLoop5_resources/MadLoopParams.dat                                                                                                                                                                                                                                                                                                                                                                                                                                                                                          
 ===============================================================
  > MLReductionLib            = 6|7|1
  > CTModeRun                 =           -1
  > MLStabThres               =    1.0000000000000000E-003
  > NRotations_DP             =            0
  > NRotations_QP             =            0
  > CTStabThres               =    1.0000000000000000E-002
  > CTLoopLibrary             =            2
  > CTModeInit                =            1
  > CheckCycle                =            3
  > MaxAttempts               =           10
  > UseLoopFilter             =  F
  > HelicityFilterLevel       =            2
  > ImprovePSPoint            =            2
  > DoubleCheckHelicityFilter =  T
  > LoopInitStartOver         =  F
  > HelInitStartOver          =  F
  > ZeroThres                 =    1.0000000000000001E-009
  > OSThres                   =    1.0000000000000000E-008
  > WriteOutFilters           =  T
  > UseQPIntegrandForNinja    =  T
  > UseQPIntegrandForCutTools =  T
  > IREGIMODE                 =            2
  > IREGIRECY                 =  T
  > COLLIERMode               =            1
  > COLLIERRequiredAccuracy   =    1.0000000000000000E-008
  > COLLIERCanOutput          =  F
  > COLLIERComputeUVpoles     =  T
  > COLLIERComputeIRpoles     =  T
  > COLLIERGlobalCache        =           -1
  > COLLIERUseCacheForPoles   =  F
  > COLLIERUseInternalStabilityTest =  T
 ===============================================================
  
------------------------------------------------------------------------
|              You are using CutTools - Version 1.9.3                  |
|              Authors: G. Ossola, C. Papadopoulos, R. Pittau          |
|              Published in JHEP 0803:042,2008                         |
|              http://www.ugr.es/~pittau/CutTools                      |
|                                                                      |
|              Compiler with  34  significant digits detetected        |
 ---------------------------------------------------------------------- 
   
########################################################################
#                                                                      #

  +----------------------------------------------------------------+
  |                                                                |
  |  Ninja - version 1.1.0                                         |
  |                                                                |
  |  Author: Tiziano Peraro                                        |
  |                                                                |
  |  Based on:                                                     |
  |                                                                |
  |      P. Mastrolia, E. Mirabella and T. Peraro,                 |
  |      "Integrand reduction of one-loop scattering amplitudes    |
  |      through Laurent series expansion,"                        |
  |      JHEP 1206 (2012) 095  [arXiv:1203.0291 [hep-ph]].         |
  |                                                                |
  |      T. Peraro,                                                |
  |      "Ninja: Automated Integrand Reduction via Laurent         |
  |      Expansion for One-Loop Amplitudes,"                       |
  |      Comput.Phys.Commun. 185 (2014) [arXiv:1403.1229 [hep-ph]] |
  |                                                                |
  +----------------------------------------------------------------+


#                      You are using OneLOop-3.6                       #
#                                                                      #
# for the evaluation of 1-loop scalar 1-, 2-, 3- and 4-point functions #
#                                                                      #
# author: Andreas van Hameren <hamerenREMOVETHIS@ifj.edu.pl>           #
#   date: 18-02-2015                                                   #
#                                                                      #
# Please cite                                                          #
#    A. van Hameren,                                                   #
#      Comput.Phys.Commun. 182 (2011) 2427-2438, arXiv:1007.4716       #
#    A. van Hameren, C.G. Papadopoulos and R. Pittau,                  #
#      JHEP 0909:106,2009, arXiv:0903.4665                             #
# in publications with results obtained with the help of this program. #
#                                                                      #
########################################################################
########################################################################
#                                                                      #
#                      You are using OneLOop-3.6                       #
#                                                                      #
# for the evaluation of 1-loop scalar 1-, 2-, 3- and 4-point functions #
#                                                                      #
# author: Andreas van Hameren <hamerenREMOVETHIS@ifj.edu.pl>           #
#   date: 18-02-2015                                                   #
#                                                                      #
# Please cite                                                          #
#    A. van Hameren,                                                   #
#      Comput.Phys.Commun. 182 (2011) 2427-2438, arXiv:1007.4716       #
#    A. van Hameren, C.G. Papadopoulos and R. Pittau,                  #
#      JHEP 0909:106,2009, arXiv:0903.4665                             #
# in publications with results obtained with the help of this program. #
#                                                                      #
########################################################################
 PASSED   1.0000000000000001E-005
 MU_R    =    325.00000000000000     
 ALPHA_S =   0.11799999999999999     
 BORN                    4.3996155603488140E-009
 SINGLE POLE (MadFKS)   -4.1987905421651063E-010
 DOUBLE POLE (MadFKS)   -4.6821415055062214E-010
 SINGLE POLE (MadLoop)  -4.1987905414222930E-010
 DOUBLE POLE (MadLoop)  -4.6821415055063083E-010
 FINITE PART (MadLoop)   5.3197852029851654E-010
   325.00000000000000        0.0000000000000000        0.0000000000000000        325.00000000000000        0.0000000000000000     
   325.00000000000000        0.0000000000000000        0.0000000000000000       -325.00000000000000        0.0000000000000000     
   14.837015312198915        8.5097523900893499        6.2058956681587105        10.298071061598019        1.7769999999999999     
   159.28053503694173       -146.09595827598585        36.108905044079727        52.176688219869341        0.0000000000000000     
   182.38471157996250       -151.70262969201031        7.1924141557789909       -61.086400997899034        80.419002445756163     
   293.49773807089696        289.28883557790692       -49.507214868017435       -1.3883582835683341        0.0000000000000000     

 PASSED   1.0000000000000001E-005
 MU_R    =    325.00000000000000     
 ALPHA_S =   0.11799999999999999     
 BORN                    2.2097186313218158E-010
 SINGLE POLE (MadFKS)   -4.5112186064369439E-011
 DOUBLE POLE (MadFKS)   -2.3516180396411718E-011
 SINGLE POLE (MadLoop)  -4.5112186064247546E-011
 DOUBLE POLE (MadLoop)  -2.3516180396411883E-011
 FINITE PART (MadLoop)   2.9643179015651052E-011
   325.00000000000000        0.0000000000000000        0.0000000000000000        325.00000000000000        0.0000000000000000     
   325.00000000000000        0.0000000000000000        0.0000000000000000       -325.00000000000000        0.0000000000000000     
   114.89449023896778        67.804170458298060       -34.756392837832799        85.977751678190373        1.7769999999999999     
   159.82242683460706       -47.069617896354295        105.80984715515325       -110.14506541555834        0.0000000000000000     
   231.73567941333908       -73.050692841140417       -169.89835871566478        114.15933225078004        80.419002445756163     
   143.54740351308601        52.316140279196624        98.844904398344326       -89.992018513412134        0.0000000000000000     

 PASSED   1.0000000000000001E-005
 MU_R    =    325.00000000000000     
 ALPHA_S =   0.11799999999999999     
 BORN                    9.9489660394621331E-011
 SINGLE POLE (MadFKS)   -3.3749530151217159E-011
 DOUBLE POLE (MadFKS)   -1.0587849368035310E-011
 SINGLE POLE (MadLoop)  -3.3749530151472331E-011
 DOUBLE POLE (MadLoop)  -1.0587849368035332E-011
 FINITE PART (MadLoop)  -2.6781817926947130E-011
   325.00000000000000        0.0000000000000000        0.0000000000000000        325.00000000000000        0.0000000000000000     
   325.00000000000000        0.0000000000000000        0.0000000000000000       -325.00000000000000        0.0000000000000000     
   240.62844708966358       -186.84196335742848        75.213326681133353       -131.65078062085874        1.7769999999999999     
   218.67589236148012        162.72011455907716        25.688373376861350        143.81035321290815        0.0000000000000000     
   155.66688446167657        51.051715157293273       -121.20794318566369       -21.617582007105877        80.419002445756163     
   35.028776087179686       -26.929866358941926        20.306243127668971        9.4580094150564520        0.0000000000000000     

 PASSED   1.0000000000000001E-005
 MU_R    =    325.00000000000000     
 ALPHA_S =   0.11799999999999999     
 BORN                    9.3727490951434837E-010
 SINGLE POLE (MadFKS)   -1.5771108839788861E-010
 DOUBLE POLE (MadFKS)   -9.9746300459915407E-011
 SINGLE POLE (MadLoop)  -1.5771108839802770E-010
 DOUBLE POLE (MadLoop)  -9.9746300459916170E-011
 FINITE PART (MadLoop)   6.2506787026919817E-011
   325.00000000000000        0.0000000000000000        0.0000000000000000        325.00000000000000        0.0000000000000000     
   325.00000000000000        0.0000000000000000        0.0000000000000000       -325.00000000000000        0.0000000000000000     
   91.956110236391964       -85.790671656884683       -24.691998745235953        21.978042120110068        1.7769999999999999     
   223.41896980627337       -109.80753335593509       -36.568291243463555       -191.10494960391497        0.0000000000000000     
   107.03681876607733        41.880920828649472        56.866704647349550        1.3531408969713048        80.419002445756163     
   227.58810119125732        153.71728418417018        4.3935853413499517        167.77376658683357        0.0000000000000000     

 PASSED   1.0000000000000001E-005
 MU_R    =    325.00000000000000     
 ALPHA_S =   0.11799999999999999     
 BORN                    3.6044272945934670E-010
 SINGLE POLE (MadFKS)   -8.8433886342470861E-011
 DOUBLE POLE (MadFKS)   -3.8358893880849808E-011
 SINGLE POLE (MadLoop)  -8.8433886342837780E-011
 DOUBLE POLE (MadLoop)  -3.8358893880850079E-011
 FINITE PART (MadLoop)   3.6777146170987230E-011
   325.00000000000000        0.0000000000000000        0.0000000000000000        325.00000000000000        0.0000000000000000     
   325.00000000000000        0.0000000000000000        0.0000000000000000       -325.00000000000000        0.0000000000000000     
   187.70261517838316       -173.71788560727057       -1.7010412324018873        71.051507335658400        1.7769999999999999     
   206.87747717553239        94.566876607604314        97.080443492460390       -156.30349932903704        0.0000000000000000     
   110.77016818278457        7.2188832649815877       -66.291047887804481       -36.826605860644158        80.419002445756163     
   144.64973946329982        71.932125734684689       -29.088354372254031        122.07859785402277        0.0000000000000000     

 PASSED   1.0000000000000001E-005
 MU_R    =    325.00000000000000     
 ALPHA_S =   0.11799999999999999     
 BORN                    1.8977910033633276E-010
 SINGLE POLE (MadFKS)   -4.6117864336328806E-011
 DOUBLE POLE (MadFKS)   -2.0196596506534877E-011
 SINGLE POLE (MadLoop)  -4.6117864336323119E-011
 DOUBLE POLE (MadLoop)  -2.0196596506534987E-011
 FINITE PART (MadLoop)   1.0074496987484368E-011
   325.00000000000000        0.0000000000000000        0.0000000000000000        325.00000000000000        0.0000000000000000     
   325.00000000000000        0.0000000000000000        0.0000000000000000       -325.00000000000000        0.0000000000000000     
   283.61761279693940        139.15470323261059        36.238021222712774        244.45565435420170        1.7769999999999999     
   113.50090066281510       -76.630919592084368      -0.11519904615193638       -83.726598777936047        0.0000000000000000     
   155.85212729718921        1.4736133139829910       -82.813132449400257       -104.70187766419320        80.419002445756163     
   97.029359243056248       -63.997396954509227        46.690310272839426       -56.027177912072460        0.0000000000000000     

 PASSED   1.0000000000000001E-005
 MU_R    =    325.00000000000000     
 ALPHA_S =   0.11799999999999999     
 BORN                    4.6080120946676515E-012
 SINGLE POLE (MadFKS)   -9.6693705938670486E-013
 DOUBLE POLE (MadFKS)   -4.9039204426778413E-013
 SINGLE POLE (MadLoop)  -9.6693705938669356E-013
 DOUBLE POLE (MadLoop)  -4.9039204426778726E-013
 FINITE PART (MadLoop)   5.8813218281702681E-013
   325.00000000000000        0.0000000000000000        0.0000000000000000        325.00000000000000        0.0000000000000000     
   325.00000000000000        0.0000000000000000        0.0000000000000000       -325.00000000000000        0.0000000000000000     
   63.562187646560425       -38.072919449526779       -39.154867472805904       -32.470650242848684        1.7769999999999999     
   208.78593063285885        11.143191859568541       -48.967476831505927        202.65631082738508        0.0000000000000000     
   265.70796723702750        131.50440812151899        68.859864393413844       -205.17898922451184        80.419002445756163     
   111.94391448355324       -104.57468053156080        19.262479910897962        34.993328639975466        0.0000000000000000     

 PASSED   1.0000000000000001E-005
 MU_R    =    325.00000000000000     
 ALPHA_S =   0.11799999999999999     
 BORN                    2.9419486234720448E-011
 SINGLE POLE (MadFKS)   -5.7549683616374699E-012
 DOUBLE POLE (MadFKS)   -3.1308689516347801E-012
 SINGLE POLE (MadLoop)  -5.7549683616380612E-012
 DOUBLE POLE (MadLoop)  -3.1308689516347962E-012
 FINITE PART (MadLoop)   5.3844143824131028E-012
   325.00000000000000        0.0000000000000000        0.0000000000000000        325.00000000000000        0.0000000000000000     
   325.00000000000000        0.0000000000000000        0.0000000000000000       -325.00000000000000        0.0000000000000000     
   99.767376359956003        63.706752820655879        50.847725914047089       -57.500696266801043        1.7769999999999999     
   137.98973401220360        116.55366434851963       -22.629076694412074        70.315964813474238        0.0000000000000000     
   282.25535314868540       -229.86742484505828       -138.18429793364339        35.594033578763735        80.419002445756163     
   129.98753647915493        49.607007675882791        109.96564871400835       -48.409302125437073        0.0000000000000000     

 PASSED   1.0000000000000001E-005
 MU_R    =    325.00000000000000     
 ALPHA_S =   0.11799999999999999     
 BORN                    1.0857842439971626E-009
 SINGLE POLE (MadFKS)   -2.5582575791247383E-010
 DOUBLE POLE (MadFKS)   -1.1555090223475689E-010
 SINGLE POLE (MadLoop)  -2.5582575791246990E-010
 DOUBLE POLE (MadLoop)  -1.1555090223475737E-010
 FINITE PART (MadLoop)   1.7664607266291739E-010
   325.00000000000000        0.0000000000000000        0.0000000000000000        325.00000000000000        0.0000000000000000     
   325.00000000000000        0.0000000000000000        0.0000000000000000       -325.00000000000000        0.0000000000000000     
   198.90006479484370        156.24019849757008       -112.72430099515833        49.399497821190906        1.7769999999999999     
   206.20352378215034       -85.696302892868431        131.25548428288812       -133.97027557012072        0.0000000000000000     
   154.04130218243694       -24.962086282494933        52.729437168325077        117.72003877007195        80.419002445756163     
   90.855109240569021       -45.581809322206738       -71.260620456054866       -33.149261021142060        0.0000000000000000     

 PASSED   1.0000000000000001E-005
 MU_R    =    325.00000000000000     
 ALPHA_S =   0.11799999999999999     
 BORN                    1.6397004173984911E-008
 SINGLE POLE (MadFKS)   -1.8209745204336640E-009
 DOUBLE POLE (MadFKS)   -1.7449955059911353E-009
 SINGLE POLE (MadLoop)  -1.8209745204336449E-009
 DOUBLE POLE (MadLoop)  -1.7449955059911193E-009
 FINITE PART (MadLoop)   3.0875102900802726E-009
   325.00000000000000        0.0000000000000000        0.0000000000000000        325.00000000000000        0.0000000000000000     
   325.00000000000000        0.0000000000000000        0.0000000000000000       -325.00000000000000        0.0000000000000000     
   44.273806032656786        27.065568105006843        24.278448969184240       -25.199684728608599        1.7769999999999999     
   57.017938095244851        37.229603243850462       -36.331831921228485        23.345232836411299        0.0000000000000000     
   287.15551078552818       -134.39569117718821       -233.64626525647904        57.777957257348760        80.419002445756163     
   261.55274508657016        70.100519828330931        245.69964820852329       -55.923505365151279        0.0000000000000000     

 PASSED   1.0000000000000001E-005
 MU_R    =    325.00000000000000     
 ALPHA_S =   0.11799999999999999     
 BORN                    1.9228734023462252E-010
 SINGLE POLE (MadFKS)   -5.8883872856590884E-011
 DOUBLE POLE (MadFKS)   -2.0463527422940178E-011
 SINGLE POLE (MadLoop)  -5.8883872856587911E-011
 DOUBLE POLE (MadLoop)  -2.0463527422939412E-011
 FINITE PART (MadLoop)  -1.6022116330721798E-011
   325.00000000000000        0.0000000000000000        0.0000000000000000        325.00000000000000        0.0000000000000000     
   325.00000000000000        0.0000000000000000        0.0000000000000000       -325.00000000000000        0.0000000000000000     
   87.680737131350199       -85.411940331128307       -18.055045654700400        7.9730615308925925        1.7769999999999999     
   233.58251531987773        30.279808250974973        190.25053282212056        132.09337393050563        0.0000000000000000     
   159.89884737030792        34.785905871596583       -131.83038675325201        22.607859632502141        80.419002445756163     
   168.83790017846420        20.346226208556718       -40.365100414168097       -162.67429509390044        0.0000000000000000     

 PASSED   1.0000000000000001E-005
 MU_R    =    325.00000000000000     
 ALPHA_S =   0.11799999999999999     
 BORN                    1.0579374075073966E-008
 SINGLE POLE (MadFKS)   -3.0026791520737864E-009
 DOUBLE POLE (MadFKS)   -1.1258739719352456E-009
 SINGLE POLE (MadLoop)  -3.0026791520740023E-009
 DOUBLE POLE (MadLoop)  -1.1258739719352921E-009
 FINITE PART (MadLoop)  -3.3644501320536955E-010
   325.00000000000000        0.0000000000000000        0.0000000000000000        325.00000000000000        0.0000000000000000     
   325.00000000000000        0.0000000000000000        0.0000000000000000       -325.00000000000000        0.0000000000000000     
   296.70421782519963       -276.62075586692515        82.406483268089389       -68.704905831102138        1.7769999999999999     
   13.403397136270575       -3.1875454065114024       -13.018841303357986       -1.9498512621381976E-002   0.0000000000000000     
   264.55358436094389        232.01275575172667       -96.896368792203120        17.394192341913918        80.419002445756163     
   75.338800677585937        47.795545521709833        27.508726827471733        51.330212001809606        0.0000000000000000     

 PASSED   1.0000000000000001E-005
 MU_R    =    325.00000000000000     
 ALPHA_S =   0.11799999999999999     
 BORN                    3.2812948611445895E-010
 SINGLE POLE (MadFKS)   -6.2658064040165422E-011
 DOUBLE POLE (MadFKS)   -3.4920066652258357E-011
 SINGLE POLE (MadLoop)  -6.2658064040207583E-011
 DOUBLE POLE (MadLoop)  -3.4920066652258176E-011
 FINITE PART (MadLoop)   6.1324243188869996E-011
   325.00000000000000        0.0000000000000000        0.0000000000000000        325.00000000000000        0.0000000000000000     
   325.00000000000000        0.0000000000000000        0.0000000000000000       -325.00000000000000        0.0000000000000000     
   153.31660608228879        110.15440757572954        104.51804661318322        21.090481156110179        1.7769999999999999     
   235.68961888054670        27.233589219012750       -184.89026293192325       -143.60890898294491        0.0000000000000000     
   88.482701180362440       -22.754453691590154        28.719683994698780        4.4030719100078581        80.419002445756163     
   172.51107385680206       -114.63354310315211        51.652532324041246        118.11535591682680        0.0000000000000000     

 PASSED   1.0000000000000001E-005
 MU_R    =    325.00000000000000     
 ALPHA_S =   0.11799999999999999     
 BORN                    1.2441368670030509E-009
 SINGLE POLE (MadFKS)   -4.2052909899293151E-010
 DOUBLE POLE (MadFKS)   -1.3240304257546582E-010
 SINGLE POLE (MadLoop)  -4.2052909899184821E-010
 DOUBLE POLE (MadLoop)  -1.3240304257545897E-010
 FINITE PART (MadLoop)  -2.7770090882395804E-010
   325.00000000000000        0.0000000000000000        0.0000000000000000        325.00000000000000        0.0000000000000000     
   325.00000000000000        0.0000000000000000        0.0000000000000000       -325.00000000000000        0.0000000000000000     
   89.813688344516152       -68.880440201326934        57.452057478011099        4.2528736473829429        1.7769999999999999     
   187.99009212605122       -147.85268540005282        81.713603439733589        82.478755873547158        0.0000000000000000     
   323.55348515155504        235.16423334383543       -167.84860574257996       -121.42598859150807        80.419002445756163     
   48.642734377877517       -18.431107742455584        28.682944824835232        34.694359070578010        0.0000000000000000     

 PASSED   1.0000000000000001E-005
 MU_R    =    325.00000000000000     
 ALPHA_S =   0.11799999999999999     
 BORN                    4.2287443297413093E-009
 SINGLE POLE (MadFKS)   -2.3501846319888280E-009
 DOUBLE POLE (MadFKS)   -4.5002975989306903E-010
 SINGLE POLE (MadLoop)  -2.3501846319863113E-009
 DOUBLE POLE (MadLoop)  -4.5002975989313800E-010
 FINITE PART (MadLoop)  -7.1189573515810850E-009
   325.00000000000000        0.0000000000000000        0.0000000000000000        325.00000000000000        0.0000000000000000     
   325.00000000000000        0.0000000000000000        0.0000000000000000       -325.00000000000000        0.0000000000000000     
   287.89739780460337        5.2749666675779121       -54.404973802932240       -282.65531568647395        1.7769999999999999     
   180.70852737180073       -66.062940994201767       -33.267559186077428        164.87731559520964        0.0000000000000000     
   174.47701429239171        56.300694043262297        89.729910487872615        112.93266832986043        80.419002445756163     
   6.9170605312041831        4.4872802833616054       -2.0573774988630440        4.8453317614038500        0.0000000000000000     

 PASSED   1.0000000000000001E-005
 MU_R    =    325.00000000000000     
 ALPHA_S =   0.11799999999999999     
 BORN                    4.0753599502060736E-010
 SINGLE POLE (MadFKS)   -4.5364323831489681E-011
 DOUBLE POLE (MadFKS)   -4.3370634799793275E-011
 SINGLE POLE (MadLoop)  -4.5364323831480821E-011
 DOUBLE POLE (MadLoop)  -4.3370634799793262E-011
 FINITE PART (MadLoop)   3.5886935717433714E-011
   325.00000000000000        0.0000000000000000        0.0000000000000000        325.00000000000000        0.0000000000000000     
   325.00000000000000        0.0000000000000000        0.0000000000000000       -325.00000000000000        0.0000000000000000     
   138.57397709060268       -95.220437419867423       -2.4899425271686768        100.63030299808996        1.7769999999999999     
   161.40580176712157       -146.67446948433508        45.500551677584639       -49.680304373178473        0.0000000000000000     
   84.575989256823689       -7.4670012816033893        9.9269074213449020        23.056070899188359        80.419002445756163     
   265.44423188545204        249.36190818580587       -52.937516571760867       -74.006069524099786        0.0000000000000000     

 PASSED   1.0000000000000001E-005
 MU_R    =    325.00000000000000     
 ALPHA_S =   0.11799999999999999     
 BORN                    1.0248229612788018E-010
 SINGLE POLE (MadFKS)   -2.3659766548043610E-011
 DOUBLE POLE (MadFKS)   -1.0906330466789342E-011
 SINGLE POLE (MadLoop)  -2.3659766548040436E-011
 DOUBLE POLE (MadLoop)  -1.0906330466789118E-011
 FINITE PART (MadLoop)   1.7199345659334861E-011
   325.00000000000000        0.0000000000000000        0.0000000000000000        325.00000000000000        0.0000000000000000     
   325.00000000000000        0.0000000000000000        0.0000000000000000       -325.00000000000000        0.0000000000000000     
   100.50145671056001        5.4607228747063861       -37.301139272365333        93.146071235526790        1.7769999999999999     
   222.62814904446276       -109.11678157845404        179.60041731375236        73.488167929602653        0.0000000000000000     
   123.70370588267527        69.754569672368802       -60.840724058673594        16.373674009698608        80.419002445756163     
   203.16668836230201        33.901489031378873       -81.458553982713383       -183.00791317482808        0.0000000000000000     

 PASSED   1.0000000000000001E-005
 MU_R    =    325.00000000000000     
 ALPHA_S =   0.11799999999999999     
 BORN                    3.4832851312367441E-011
 SINGLE POLE (MadFKS)   -6.5064941460980001E-012
 DOUBLE POLE (MadFKS)   -3.7069679531688905E-012
 SINGLE POLE (MadLoop)  -6.5064941460987020E-012
 DOUBLE POLE (MadLoop)  -3.7069679531688614E-012
 FINITE PART (MadLoop)   5.2579318691538274E-012
   325.00000000000000        0.0000000000000000        0.0000000000000000        325.00000000000000        0.0000000000000000     
   325.00000000000000        0.0000000000000000        0.0000000000000000       -325.00000000000000        0.0000000000000000     
   108.64623407506110        77.671441852961181       -75.267510942976855        10.138804989933508        1.7769999999999999     
   193.60385264562635       -118.57057626241281        129.07046657829636        82.245272577149706        0.0000000000000000     
   195.03223754711070        171.13095886305081       -45.994343464503061       -13.002808009972361        80.419002445756163     
   152.71767573220188       -130.23182445359913       -7.8086121708164820       -79.381269557110841        0.0000000000000000     

 PASSED   1.0000000000000001E-005
 MU_R    =    325.00000000000000     
 ALPHA_S =   0.11799999999999999     
 BORN                    1.8057771044624387E-011
 SINGLE POLE (MadFKS)   -3.6434953093869398E-012
 DOUBLE POLE (MadFKS)   -1.9217369823617270E-012
 SINGLE POLE (MadLoop)  -3.6434953095209180E-012
 DOUBLE POLE (MadLoop)  -1.9217369823617379E-012
 FINITE PART (MadLoop)   1.6971510980632460E-012
   325.00000000000000        0.0000000000000000        0.0000000000000000        325.00000000000000        0.0000000000000000     
   325.00000000000000        0.0000000000000000        0.0000000000000000       -325.00000000000000        0.0000000000000000     
   138.16043523204695       -26.850209593290558       -128.22661686224390       -43.842320962379652        1.7769999999999999     
   152.30817614246581       -9.1042340134422766        143.02656109831918        51.558668168035872        0.0000000000000000     
Thanks for using LHAPDF 6.2.1. Please make sure to cite the paper:
  Eur.Phys.J. C75 (2015) 3, 132  (http://arxiv.org/abs/1412.7420)
   205.02728970548583        149.56545707482076       -26.656697369892168       -111.75226219158435        80.419002445756163     
   154.50409892000144       -113.61101346808793        11.856753133816836        104.03591498592809        0.0000000000000000     

 PASSED   1.0000000000000001E-005
 MU_R    =    325.00000000000000     
 ALPHA_S =   0.11799999999999999     
 BORN                    3.3061404021010860E-010
 SINGLE POLE (MadFKS)   -1.1807063877110049E-010
 DOUBLE POLE (MadFKS)   -3.5184476887524331E-011
 SINGLE POLE (MadLoop)  -1.1807063877104357E-010
 DOUBLE POLE (MadLoop)  -3.5184476887520472E-011
 FINITE PART (MadLoop)  -1.2822781767474964E-010
   325.00000000000000        0.0000000000000000        0.0000000000000000        325.00000000000000        0.0000000000000000     
   325.00000000000000        0.0000000000000000        0.0000000000000000       -325.00000000000000        0.0000000000000000     
   32.773855252878469       -28.202148685345282       -13.100139141239200       -10.197696953061518        1.7769999999999999     
   274.24595931323307        1.0815372419329012       -222.54886566501804        160.25504319067002        0.0000000000000000     
   313.72959263052962        47.347659617774518        256.11404315655540       -155.31528374396709        80.419002445756163     
   29.250592803358906       -20.227048174362142       -20.465038350298133        5.2579375063585356        0.0000000000000000     

 NUMBER OF POINTS PASSING THE CHECK          20
 NUMBER OF POINTS FAILING THE CHECK           0
 TOLERANCE    1.0000000000000001E-005
