==== LHAPDF6 USING DEFAULT-TYPE LHAGLUE INTERFACE ====
LHAPDF 6.2.1 loading /cvmfs/cms.cern.ch/slc7_amd64_gcc700/external/lhapdf/6.2.1-pafccj3/share/LHAPDF/NNPDF31_nnlo_as_0118_nf_4_mc_hessian/NNPDF31_nnlo_as_0118_nf_4_mc_hessian_0000.dat
NNPDF31_nnlo_as_0118_nf_4_mc_hessian PDF set, member #0, version 1; LHAPDF ID = 325500
 A PDF is used, so alpha_s(MZ) is going to be modified
 Old value of alpha_s from param_card:   0.11799999999999999     
 New value of alpha_s from PDF lhapdf :  0.11266013434007299     
 *****************************************************
 *               MadGraph/MadEvent                   *
 *        --------------------------------           *
 *          http://madgraph.hep.uiuc.edu             *
 *          http://madgraph.phys.ucl.ac.be           *
 *          http://madgraph.roma2.infn.it            *
 *        --------------------------------           *
 *                                                   *
 *          PARAMETER AND COUPLING VALUES            *
 *                                                   *
 *****************************************************

  External Params
  ---------------------------------
  
 MU_R =    91.188000000000002     
 aEWM1 =    132.50700000000001     
 mdl_Gf =    1.1663900000000000E-005
 aS =   0.11799999999999999     
 mdl_ymb =    4.7000000000000002     
 mdl_ymt =    173.00000000000000     
 mdl_ymtau =    1.7769999999999999     
 mdl_MT =    173.00000000000000     
 mdl_MB =    4.7000000000000002     
 mdl_MZ =    91.188000000000002     
 mdl_MH =    125.00000000000000     
 mdl_MTA =    1.7769999999999999     
 mdl_WT =    1.4915000000000000     
 mdl_WZ =    2.4414039999999999     
 mdl_WW =    2.0476000000000001     
 mdl_WH =    6.3823389999999999E-003
  Internal Params
  ---------------------------------
  
 mdl_conjg__CKM3x3 =    1.0000000000000000     
 mdl_CKM22 =    1.0000000000000000     
 mdl_lhv =    1.0000000000000000     
 mdl_CKM3x3 =    1.0000000000000000     
 mdl_conjg__CKM22 =    1.0000000000000000     
 mdl_conjg__CKM33 =    1.0000000000000000     
 mdl_Ncol =    3.0000000000000000     
 mdl_CA =    3.0000000000000000     
 mdl_TF =   0.50000000000000000     
 mdl_CF =    1.3333333333333333     
 mdl_complexi =                (0.0000000000000000,1.0000000000000000)
 mdl_MZ__exp__2 =    8315.2513440000002     
 mdl_MZ__exp__4 =    69143404.913893804     
 mdl_sqrt__2 =    1.4142135623730951     
 mdl_MH__exp__2 =    15625.000000000000     
 mdl_Ncol__exp__2 =    9.0000000000000000     
 mdl_MB__exp__2 =    22.090000000000003     
 mdl_MT__exp__2 =    29929.000000000000     
 mdl_aEW =    7.5467711139788835E-003
 mdl_MW =    80.419002445756163     
 mdl_sqrt__aEW =    8.6872153846781555E-002
 mdl_ee =   0.30795376724436879     
 mdl_MW__exp__2 =    6467.2159543705357     
 mdl_sw2 =   0.22224648578577766     
 mdl_cw =   0.88190334743339216     
 mdl_sqrt__sw2 =   0.47143025548407230     
 mdl_sw =   0.47143025548407230     
 mdl_g1 =   0.34919219678733299     
 mdl_gw =   0.65323293034757990     
 mdl_v =    246.21845810181637     
 mdl_v__exp__2 =    60623.529110035903     
 mdl_lam =   0.12886910601690263     
 mdl_yb =    2.6995554250465490E-002
 mdl_yt =   0.99366614581500623     
 mdl_ytau =    1.0206617000654717E-002
 mdl_muH =    88.388347648318430     
 mdl_AxialZUp =  -0.18517701861793787     
 mdl_AxialZDown =   0.18517701861793787     
 mdl_VectorZUp =    7.5430507588273299E-002
 mdl_VectorZDown =  -0.13030376310310560     
 mdl_VectorAUp =   0.20530251149624587     
 mdl_VectorADown =  -0.10265125574812294     
 mdl_VectorWmDxU =   0.23095271737156670     
 mdl_AxialWmDxU =  -0.23095271737156670     
 mdl_VectorWpUxD =   0.23095271737156670     
 mdl_AxialWpUxD =  -0.23095271737156670     
 mdl_I1x33 =          (2.69955542504654901E-002,0.0000000000000000)
 mdl_I2x33 =               (0.99366614581500623,0.0000000000000000)
 mdl_I3x33 =               (0.99366614581500623,0.0000000000000000)
 mdl_I4x33 =          (2.69955542504654901E-002,0.0000000000000000)
 mdl_Vector_tbGp =              (-0.96667059156454072,0.0000000000000000)
 mdl_Axial_tbGp =              (-1.0206617000654716,-0.0000000000000000)
 mdl_Vector_tbGm =               (0.96667059156454072,0.0000000000000000)
 mdl_Axial_tbGm =              (-1.0206617000654716,-0.0000000000000000)
 mdl_gw__exp__2 =   0.42671326129048615     
 mdl_cw__exp__2 =   0.77775351421422245     
 mdl_ee__exp__2 =    9.4835522759998875E-002
 mdl_sw__exp__2 =   0.22224648578577769     
 mdl_yb__exp__2 =    7.2875994928982540E-004
 mdl_yt__exp__2 =   0.98737240933884918     
  Internal Params evaluated point by point
  ----------------------------------------
  
 mdl_sqrt__aS =   0.34351128074635334     
 mdl_G__exp__4 =    2.1987899468922913     
 mdl_G__exp__2 =    1.4828317324943823     
 mdl_R2MixedFactor_FIN_ =   -2.5040377713124864E-002
 mdl_G_UVg_1EPS_ =   -5.1645779033320030E-002
 mdl_G_UVq_1EPS_ =    3.1300472141406080E-003
 mdl_GWcft_UV_b_1EPS_ =   -3.1300472141406080E-003
 mdl_GWcft_UV_t_1EPS_ =   -3.1300472141406080E-003
 mdl_bWcft_UV_1EPS_ =   -1.8780283284843650E-002
 mdl_tWcft_UV_1EPS_ =   -1.8780283284843650E-002
 mdl_G__exp__3 =    1.8056676068262196     
 mdl_MU_R__exp__2 =    8315.2513440000002     
 mdl_G_UVb_FIN_ =    1.8563438626678915E-002
 mdl_G_UVt_FIN_ =   -4.0087659331150384E-003
 mdl_GWcft_UV_b_FIN_ =   -1.8563438626678915E-002
 mdl_GWcft_UV_t_FIN_ =    4.0087659331150384E-003
 mdl_bWcft_UV_FIN_ =  -0.13642100947319838     
 mdl_tWcft_UV_FIN_ =   -9.8778211443463623E-004
  Couplings of loop_sm
  ---------------------------------
  
      UV_GQQb =   0.00000E+00   0.22605E-01
      UV_GQQt =   0.00000E+00  -0.48815E-02
   UVWfct_G_2 =   0.40088E-02   0.00000E+00
   UVWfct_G_1 =  -0.18563E-01   0.00000E+00
       R2_DDA =   0.00000E+00   0.25704E-02
       R2_UUA =  -0.00000E+00  -0.51409E-02
    R2_UUZ_V2 =  -0.00000E+00  -0.72127E-02
    R2_UUZ_V5 =   0.00000E+00   0.68702E-03
      R2_sxcW =  -0.00000E+00  -0.11566E-01
      R2_GGHb =   0.00000E+00  -0.33698E-02
      R2_GGHt =   0.00000E+00  -0.45657E+01
     R2_GGZup =  -0.46369E-02   0.00000E+00
    R2_GGWWcs =   0.00000E+00   0.13356E-02
         GC_4 =  -0.12177E+01   0.00000E+00
         GC_5 =   0.00000E+00   0.12177E+01
       R2_GQQ =  -0.00000E+00  -0.30492E-01
       R2_QQq =   0.00000E+00   0.12520E-01
 UV_GQQg_1eps =   0.00000E+00  -0.62890E-01
 UV_GQQq_1eps =   0.00000E+00   0.38115E-02
 UVWfct_G_2_1eps -0.31300E-02   0.00000E+00
         GC_1 =  -0.00000E+00  -0.10265E+00
         GC_2 =   0.00000E+00   0.20530E+00
         GC_7 =   0.00000E+00   0.57609E+00
        GC_22 =   0.00000E+00   0.28804E+00
        GC_23 =  -0.00000E+00  -0.27437E-01
        GC_24 =   0.00000E+00   0.82310E-01
        GC_25 =   0.00000E+00   0.30795E+00
        GC_28 =   0.00000E+00   0.37035E+00
        GC_31 =   0.00000E+00   0.52532E+02
        GC_33 =  -0.00000E+00  -0.19089E-01
        GC_37 =  -0.00000E+00  -0.70263E+00
        GC_38 =  -0.00000E+00  -0.72172E-02
        GC_47 =   0.00000E+00   0.46191E+00

 Collider parameters:
 --------------------

 Running at P P   machine @    13000.000000000000       GeV
 PDF set = lhapdf 
 alpha_s(Mz)= 0.1127 running at 3 loops.
 alpha_s(Mz)= 0.1127 running at 3 loops.
 Renormalization scale set on event-by-event basis
 Factorization   scale set on event-by-event basis


 ===============================================================
 INFO: MadFKS read these parameters from FKS_params.dat
 ===============================================================
  > IRPoleCheckThreshold      =    1.0000000000000001E-005
  > PrecisionVirtualAtRunTime =    1.0000000000000000E-003
  > NHelForMCoverHels         =            4
  > VirtualFraction           =    1.0000000000000000     
  > MinVirtualFraction        =    5.0000000000000001E-003
 ===============================================================
  Insert the number of points to test
 Insert the relative tolerance
  A negative number will mean use the default one:    1.0000000000000001E-005
Using random seed offsets:     1 ,     42 ,      0
  with seed                   32
 Ranmar initialization seeds       10730        9448
  ========================================================================================== 
 {                                                                                          }
 {       [32m                                                                            [0m       }
 {       [32m                               ,,                                           [0m       }
 {       [32m`7MMM.     ,MMF'             `7MM  `7MMF'                                   [0m       }
 {       [32m  MMMb    dPMM                 MM    MM                                     [0m       }
 {       [32m  M YM   ,M MM   ,6"Yb.   ,M""bMM    MM         ,pW"Wq.   ,pW"Wq.`7MMpdMAo. [0m       }
 {       [32m  M  Mb  M' MM  8)   MM ,AP    MM    MM        6W'   `Wb 6W'   `Wb MM   `Wb [0m       }
 {       [32m  M  YM.P'  MM   ,pm9MM 8MI    MM    MM      , 8M     M8 8M     M8 MM    M8 [0m       }
 {       [32m  M  `YM'   MM  8M   MM `Mb    MM    MM     ,M YA.   ,A9 YA.   ,A9 MM   ,AP [0m       }
 {       [32m.JML. `'  .JMML.`Moo9^Yo.`Wbmd"MML..JMMmmmmMMM  `Ybmd9'   `Ybmd9'  MMbmmd'  [0m       }
 {       [32m                                                                   MM       [0m       }
 {       [32m                                                                 .JMML.     [0m       }
 {       [32m[0mv2.6.5 (2018-02-03), Ref: arXiv:1103.0621v2, arXiv:1405.0301[32m                [0m       }
 {       [32m                                                                            [0m       }
 {                                                                                          }
  ========================================================================================== 
 ===============================================================
 INFO: MadLoop read these parameters from ./MadLoop5_resources/MadLoopParams.dat                                                                                                                                                                                                                                                                                                                                                                                                                                                                                          
 ===============================================================
  > MLReductionLib            = 6|7|1
  > CTModeRun                 =           -1
  > MLStabThres               =    1.0000000000000000E-003
  > NRotations_DP             =            0
  > NRotations_QP             =            0
  > CTStabThres               =    1.0000000000000000E-002
  > CTLoopLibrary             =            2
  > CTModeInit                =            1
  > CheckCycle                =            3
  > MaxAttempts               =           10
  > UseLoopFilter             =  F
  > HelicityFilterLevel       =            2
  > ImprovePSPoint            =            2
  > DoubleCheckHelicityFilter =  T
  > LoopInitStartOver         =  F
  > HelInitStartOver          =  F
  > ZeroThres                 =    1.0000000000000001E-009
  > OSThres                   =    1.0000000000000000E-008
  > WriteOutFilters           =  T
  > UseQPIntegrandForNinja    =  T
  > UseQPIntegrandForCutTools =  T
  > IREGIMODE                 =            2
  > IREGIRECY                 =  T
  > COLLIERMode               =            1
  > COLLIERRequiredAccuracy   =    1.0000000000000000E-008
  > COLLIERCanOutput          =  F
  > COLLIERComputeUVpoles     =  T
  > COLLIERComputeIRpoles     =  T
  > COLLIERGlobalCache        =           -1
  > COLLIERUseCacheForPoles   =  F
  > COLLIERUseInternalStabilityTest =  T
 ===============================================================
  
------------------------------------------------------------------------
|              You are using CutTools - Version 1.9.3                  |
|              Authors: G. Ossola, C. Papadopoulos, R. Pittau          |
|              Published in JHEP 0803:042,2008                         |
|              http://www.ugr.es/~pittau/CutTools                      |
|                                                                      |
|              Compiler with  34  significant digits detetected        |
 ---------------------------------------------------------------------- 
   
########################################################################
#                                                                      #

  +----------------------------------------------------------------+
  |                                                                |
  |  Ninja - version 1.1.0                                         |
  |                                                                |
  |  Author: Tiziano Peraro                                        |
  |                                                                |
  |  Based on:                                                     |
  |                                                                |
  |      P. Mastrolia, E. Mirabella and T. Peraro,                 |
  |      "Integrand reduction of one-loop scattering amplitudes    |
  |      through Laurent series expansion,"                        |
  |      JHEP 1206 (2012) 095  [arXiv:1203.0291 [hep-ph]].         |
  |                                                                |
  |      T. Peraro,                                                |
  |      "Ninja: Automated Integrand Reduction via Laurent         |
  |      Expansion for One-Loop Amplitudes,"                       |
  |      Comput.Phys.Commun. 185 (2014) [arXiv:1403.1229 [hep-ph]] |
  |                                                                |
  +----------------------------------------------------------------+


#                      You are using OneLOop-3.6                       #
#                                                                      #
# for the evaluation of 1-loop scalar 1-, 2-, 3- and 4-point functions #
#                                                                      #
# author: Andreas van Hameren <hamerenREMOVETHIS@ifj.edu.pl>           #
#   date: 18-02-2015                                                   #
#                                                                      #
# Please cite                                                          #
#    A. van Hameren,                                                   #
#      Comput.Phys.Commun. 182 (2011) 2427-2438, arXiv:1007.4716       #
#    A. van Hameren, C.G. Papadopoulos and R. Pittau,                  #
#      JHEP 0909:106,2009, arXiv:0903.4665                             #
# in publications with results obtained with the help of this program. #
#                                                                      #
########################################################################
########################################################################
#                                                                      #
#                      You are using OneLOop-3.6                       #
#                                                                      #
# for the evaluation of 1-loop scalar 1-, 2-, 3- and 4-point functions #
#                                                                      #
# author: Andreas van Hameren <hamerenREMOVETHIS@ifj.edu.pl>           #
#   date: 18-02-2015                                                   #
#                                                                      #
# Please cite                                                          #
#    A. van Hameren,                                                   #
#      Comput.Phys.Commun. 182 (2011) 2427-2438, arXiv:1007.4716       #
#    A. van Hameren, C.G. Papadopoulos and R. Pittau,                  #
#      JHEP 0909:106,2009, arXiv:0903.4665                             #
# in publications with results obtained with the help of this program. #
#                                                                      #
########################################################################
 PASSED   1.0000000000000001E-005
 MU_R    =    325.00000000000000     
 ALPHA_S =   0.11799999999999999     
 BORN                    1.8623099005699387E-012
 SINGLE POLE (MadFKS)   -2.7792326705186213E-013
 DOUBLE POLE (MadFKS)   -1.9819000914894391E-013
 SINGLE POLE (MadLoop)  -2.7792326705150524E-013
 DOUBLE POLE (MadLoop)  -1.9819000914894956E-013
 FINITE PART (MadLoop)   2.4036379614768607E-013
   325.00000000000000        0.0000000000000000        0.0000000000000000        325.00000000000000        0.0000000000000000     
   325.00000000000000        0.0000000000000000        0.0000000000000000       -325.00000000000000        0.0000000000000000     
   123.27902709028430        12.915427706051187        94.049185589878647        78.628895505261781        1.7769999999999999     
   265.68215599448041       -3.3281097692186612       -158.52536711999062       -213.17982943681994        0.0000000000000000     
   98.122043102581671       -21.209344505008403       -48.830742741788789        18.067696510830334        80.419002445756163     
   162.91677381265359        11.622026568176027        113.30692427190081        116.48323742072797        0.0000000000000000     

 PASSED   1.0000000000000001E-005
 MU_R    =    325.00000000000000     
 ALPHA_S =   0.11799999999999999     
 BORN                    1.3768374767989689E-011
 SINGLE POLE (MadFKS)   -1.4695992257385074E-012
 DOUBLE POLE (MadFKS)   -1.4652525449168589E-012
 SINGLE POLE (MadLoop)  -1.4695992257388089E-012
 DOUBLE POLE (MadLoop)  -1.4652525449168397E-012
 FINITE PART (MadLoop)   2.8773202897301261E-012
   325.00000000000000        0.0000000000000000        0.0000000000000000        325.00000000000000        0.0000000000000000     
   325.00000000000000        0.0000000000000000        0.0000000000000000       -325.00000000000000        0.0000000000000000     
   81.422034587827341       -5.9149356680662484       -81.029406524346612        5.0634772415964209        1.7769999999999999     
   255.99833567763562        240.93799479224057        83.451831181387320       -22.799614200397585        0.0000000000000000     
   127.75791452027860       -71.673420130731671       0.26781336913380416       -68.685645450583252        80.419002445756163     
   184.82171521425846       -163.34963899344268       -2.6902380261744039        86.421782409384235        0.0000000000000000     

 PASSED   1.0000000000000001E-005
 MU_R    =    325.00000000000000     
 ALPHA_S =   0.11799999999999999     
 BORN                    5.9629383238098257E-011
 SINGLE POLE (MadFKS)   -1.4855229942999679E-011
 DOUBLE POLE (MadFKS)   -6.3458546861012921E-012
 SINGLE POLE (MadLoop)  -1.4855229943000080E-011
 DOUBLE POLE (MadLoop)  -6.3458546861016039E-012
 FINITE PART (MadLoop)  -5.1066903874279482E-012
   325.00000000000000        0.0000000000000000        0.0000000000000000        325.00000000000000        0.0000000000000000     
   325.00000000000000        0.0000000000000000        0.0000000000000000       -325.00000000000000        0.0000000000000000     
   100.91142858723470        73.305264120552891        62.941110017322139        29.063957275634252        1.7769999999999999     
   265.96836618573070       -100.30139132700702       -241.05629717732128        50.701718911023981        0.0000000000000000     
   243.12155082407628        41.051840210143709        195.43188657594078       -112.96900745542000        80.419002445756163     
   39.998654402958316       -14.055713003689577       -17.316699415941684        33.203331268761772        0.0000000000000000     

 PASSED   1.0000000000000001E-005
 MU_R    =    325.00000000000000     
 ALPHA_S =   0.11799999999999999     
 BORN                    5.1751169050535183E-012
 SINGLE POLE (MadFKS)   -9.5156951091646518E-013
 DOUBLE POLE (MadFKS)   -5.5074424855150089E-013
 SINGLE POLE (MadLoop)  -9.5156951091644801E-013
 DOUBLE POLE (MadLoop)  -5.5074424855143718E-013
 FINITE PART (MadLoop)   2.9926169274643291E-013
   325.00000000000000        0.0000000000000000        0.0000000000000000        325.00000000000000        0.0000000000000000     
   325.00000000000000        0.0000000000000000        0.0000000000000000       -325.00000000000000        0.0000000000000000     
   117.74834949379446        35.869850234070832        56.495187220460544        96.866731877477932        1.7769999999999999     
   248.01922568730313       -28.882990934642493       -53.159990476372357       -240.52718049682187        0.0000000000000000     
   115.17460112258566        45.269218815913383        68.910593202676935        2.7597614059911624E-002   80.419002445756163     
   169.05782369631683       -52.256078115341772       -72.245789946765100        143.63285100528401        0.0000000000000000     

 PASSED   1.0000000000000001E-005
 MU_R    =    325.00000000000000     
 ALPHA_S =   0.11799999999999999     
 BORN                    1.2920582674337118E-010
 SINGLE POLE (MadFKS)   -1.1007383355649772E-011
 DOUBLE POLE (MadFKS)   -1.3750291493659983E-011
 SINGLE POLE (MadLoop)  -1.1007383355650063E-011
 DOUBLE POLE (MadLoop)  -1.3750291493659930E-011
 FINITE PART (MadLoop)   1.1082303140325314E-011
   325.00000000000000        0.0000000000000000        0.0000000000000000        325.00000000000000        0.0000000000000000     
   325.00000000000000        0.0000000000000000        0.0000000000000000       -325.00000000000000        0.0000000000000000     
   242.72687083494336        217.74851667988614        64.785275491484825       -85.449562079188269        1.7769999999999999     
   26.816041857046603       -6.4368876731368712       -17.025938791502014       -19.692231621386149        0.0000000000000000     
   146.04595067866310       -6.3135586478767838       -120.44892683833841        17.731293127022081        80.419002445756163     
   234.41113662934691       -204.99807035887244        72.689590138355598        87.410500573552326        0.0000000000000000     

 PASSED   1.0000000000000001E-005
 MU_R    =    325.00000000000000     
 ALPHA_S =   0.11799999999999999     
 BORN                    8.4466647180567883E-012
 SINGLE POLE (MadFKS)   -7.4770105144756813E-013
 DOUBLE POLE (MadFKS)   -8.9890761856413608E-013
 SINGLE POLE (MadLoop)  -7.4770105144756762E-013
 DOUBLE POLE (MadLoop)  -8.9890761856413972E-013
 FINITE PART (MadLoop)   1.5145621064571848E-013
   325.00000000000000        0.0000000000000000        0.0000000000000000        325.00000000000000        0.0000000000000000     
   325.00000000000000        0.0000000000000000        0.0000000000000000       -325.00000000000000        0.0000000000000000     
   253.94829883175774       -47.848502403794882        147.92813518932661       -200.78438282811254        1.7769999999999999     
   50.056173364873459       -19.201260788363520       -14.176462524230498        43.999545297316530        0.0000000000000000     
   176.74229161962907        98.503153385893626        28.306602359865991        119.44239920758042        80.419002445756163     
   169.25323618373974       -31.453390193735245       -162.05827502496211        37.342438323215568        0.0000000000000000     

 PASSED   1.0000000000000001E-005
 MU_R    =    325.00000000000000     
 ALPHA_S =   0.11799999999999999     
 BORN                    2.9100141868077187E-011
 SINGLE POLE (MadFKS)   -3.7503663923992198E-012
 DOUBLE POLE (MadFKS)   -3.0968838114992296E-012
 SINGLE POLE (MadLoop)  -3.7503663923993603E-012
 DOUBLE POLE (MadLoop)  -3.0968838114992288E-012
 FINITE PART (MadLoop)   5.3208637825588558E-012
   325.00000000000000        0.0000000000000000        0.0000000000000000        325.00000000000000        0.0000000000000000     
   325.00000000000000        0.0000000000000000        0.0000000000000000       -325.00000000000000        0.0000000000000000     
   223.53870571000587        78.014951948838075       -11.296650596894453       -209.17085881933167        1.7769999999999999     
   186.76979078233987       -33.722914369474012        98.771888520529444        154.88651921131236        0.0000000000000000     
   93.250757252715260       -21.524276912047949        32.181585726115749       -27.009976256939499        80.419002445756163     
   146.44074625493900       -22.767760667316082       -119.65682364975069        81.294315864958875        0.0000000000000000     

 PASSED   1.0000000000000001E-005
 MU_R    =    325.00000000000000     
 ALPHA_S =   0.11799999999999999     
 BORN                    5.6399808499691137E-012
 SINGLE POLE (MadFKS)   -1.3551804624349841E-013
 DOUBLE POLE (MadFKS)   -6.0021581580657498E-013
 SINGLE POLE (MadLoop)  -1.3551804624356276E-013
 DOUBLE POLE (MadLoop)  -6.0021581580658023E-013
 FINITE PART (MadLoop)   8.0416909808369200E-013
   325.00000000000000        0.0000000000000000        0.0000000000000000        325.00000000000000        0.0000000000000000     
   325.00000000000000        0.0000000000000000        0.0000000000000000       -325.00000000000000        0.0000000000000000     
   188.85766152246927        112.05527723668479        5.6236636100737201        151.90802427043158        1.7769999999999999     
   86.704179232448283       -10.069687165597644       -11.710281496647225       -85.317556247403104        0.0000000000000000     
   160.22985508411927        10.118952263613963        110.34264452572705        83.237600338206889        80.419002445756163     
   214.20830416096319       -112.10454233470112       -104.25602663915355       -149.82806836123535        0.0000000000000000     

 PASSED   1.0000000000000001E-005
 MU_R    =    325.00000000000000     
 ALPHA_S =   0.11799999999999999     
 BORN                    6.3334182229789599E-012
 SINGLE POLE (MadFKS)   -4.4956784641526746E-013
 DOUBLE POLE (MadFKS)   -6.7401253420397023E-013
 SINGLE POLE (MadLoop)  -4.4956784641528684E-013
 DOUBLE POLE (MadLoop)  -6.7401253420398467E-013
 FINITE PART (MadLoop)   1.6685399129756337E-012
   325.00000000000000        0.0000000000000000        0.0000000000000000        325.00000000000000        0.0000000000000000     
   325.00000000000000        0.0000000000000000        0.0000000000000000       -325.00000000000000        0.0000000000000000     
   59.387044173191384       -35.900505706689955        31.865510629918440        34.919997264133109        1.7769999999999999     
   251.89452134157560       -119.65007553786970        177.28432889673209        133.06004672071523        0.0000000000000000     
   229.49218489584476        68.015537484874883       -164.90871551083336       -119.91017130797803        80.419002445756163     
   109.22624958938829        87.535043759684726       -44.241124015817036       -48.069872676870467        0.0000000000000000     

 PASSED   1.0000000000000001E-005
 MU_R    =    325.00000000000000     
 ALPHA_S =   0.11799999999999999     
 BORN                    2.9220161412881337E-012
 SINGLE POLE (MadFKS)   -6.7812041471806692E-013
 DOUBLE POLE (MadFKS)   -3.1096564841223565E-013
 SINGLE POLE (MadLoop)  -6.7812041471807934E-013
 DOUBLE POLE (MadLoop)  -3.1096564841218254E-013
 FINITE PART (MadLoop)  -1.8770704910087626E-014
   325.00000000000000        0.0000000000000000        0.0000000000000000        325.00000000000000        0.0000000000000000     
   325.00000000000000        0.0000000000000000        0.0000000000000000       -325.00000000000000        0.0000000000000000     
   147.16465497330830       -79.398362558428190        115.73327080984815       -44.226553054783864        1.7769999999999999     
   234.37872830315087       -62.026550407048724       -191.92696768860330       -119.37392679920475        0.0000000000000000     
   159.34923253268448        115.24885733486605        37.958509033320340        64.821404098955256        80.419002445756163     
   109.10738419085638        26.176055630610872        38.235187845434830        98.779075755033361        0.0000000000000000     

 PASSED   1.0000000000000001E-005
 MU_R    =    325.00000000000000     
 ALPHA_S =   0.11799999999999999     
 BORN                    4.0238502736635037E-012
 SINGLE POLE (MadFKS)   -1.0684466488213863E-013
 DOUBLE POLE (MadFKS)   -4.2822460553277867E-013
 SINGLE POLE (MadLoop)  -1.0684466488205877E-013
 DOUBLE POLE (MadLoop)  -4.2822460553277241E-013
 FINITE PART (MadLoop)   4.5573440151361406E-014
   325.00000000000000        0.0000000000000000        0.0000000000000000        325.00000000000000        0.0000000000000000     
   325.00000000000000        0.0000000000000000        0.0000000000000000       -325.00000000000000        0.0000000000000000     
   71.129949310221008        53.010362269265379       -27.810590511267961       -38.376874643076768        1.7769999999999999     
   218.47737765250312        35.561433503449564        205.51593721860064        65.045741922545702        0.0000000000000000     
   151.22134275174176       -50.188830174361058       -28.123603080255997        114.41513372269674        80.419002445756163     
   209.17133028553417       -38.382965598353856       -149.58174362707661       -141.08400100216571        0.0000000000000000     

 PASSED   1.0000000000000001E-005
 MU_R    =    325.00000000000000     
 ALPHA_S =   0.11799999999999999     
 BORN                    2.8869751071146478E-011
 SINGLE POLE (MadFKS)   -1.5930299893269658E-012
 DOUBLE POLE (MadFKS)   -3.0723652530479455E-012
 SINGLE POLE (MadLoop)  -1.5930299893271278E-012
 DOUBLE POLE (MadLoop)  -3.0723652530479415E-012
 FINITE PART (MadLoop)   3.3223576360860840E-012
   325.00000000000000        0.0000000000000000        0.0000000000000000        325.00000000000000        0.0000000000000000     
   325.00000000000000        0.0000000000000000        0.0000000000000000       -325.00000000000000        0.0000000000000000     
   188.57236013685173       -45.959088671574769        161.26503336340591        86.242266095925544        1.7769999999999999     
   106.48912277173044       -95.068206225489149       -33.694530158686540       -34.156230341563067        0.0000000000000000     
   125.33105898187544        38.456612007420389        77.591774830650792       -41.728453873683449        80.419002445756163     
   229.60745810954236        102.57068288964352       -205.16227803537012       -10.357581880679033        0.0000000000000000     

 PASSED   1.0000000000000001E-005
 MU_R    =    325.00000000000000     
 ALPHA_S =   0.11799999999999999     
 BORN                    1.7804881937844348E-012
 SINGLE POLE (MadFKS)   -2.7334565863810002E-013
 DOUBLE POLE (MadFKS)   -1.8948241176601728E-013
 SINGLE POLE (MadLoop)  -2.7334565863870794E-013
 DOUBLE POLE (MadLoop)  -1.8948241176611944E-013
 FINITE PART (MadLoop)  -7.8891315344692999E-013
   325.00000000000000        0.0000000000000000        0.0000000000000000        325.00000000000000        0.0000000000000000     
   325.00000000000000        0.0000000000000000        0.0000000000000000       -325.00000000000000        0.0000000000000000     
   261.88191892217350        98.757819736282855       -80.218064922618083       -228.89066566893104        1.7769999999999999     
   95.615443635938732       -60.368352254235205        73.018276256349694       -12.895985435683219        0.0000000000000000     
   256.92568823126908       -18.338241767018882        36.562519654687655        240.56284909381935        80.419002445756163     
   35.576949210618722       -20.051225715028785       -29.362730988419440        1.2238020107949561        0.0000000000000000     

 PASSED   1.0000000000000001E-005
 MU_R    =    325.00000000000000     
 ALPHA_S =   0.11799999999999999     
 BORN                    2.3244635322199164E-010
 SINGLE POLE (MadFKS)   -1.2250711667661654E-011
 DOUBLE POLE (MadFKS)   -2.4737314051547715E-011
 SINGLE POLE (MadLoop)  -1.2250711667665833E-011
 DOUBLE POLE (MadLoop)  -2.4737314051548071E-011
 FINITE PART (MadLoop)  -1.3310209344381159E-011
   325.00000000000000        0.0000000000000000        0.0000000000000000        325.00000000000000        0.0000000000000000     
   325.00000000000000        0.0000000000000000        0.0000000000000000       -325.00000000000000        0.0000000000000000     
   175.17438823749407       -80.510098034453534        18.358993596192189       -154.47970751525256        1.7769999999999999     
   20.896867449776664       -13.292359353507283       -15.005726430649878       -5.9008835202246237        0.0000000000000000     
   248.10379168847194       -89.839554576116683       -88.338638767447236        198.02377339629101        80.419002445756163     
   205.82495262425732        183.64201196407754        84.985371601904973       -37.643182360813874        0.0000000000000000     

 PASSED   1.0000000000000001E-005
 MU_R    =    325.00000000000000     
 ALPHA_S =   0.11799999999999999     
 BORN                    2.3729445320775547E-011
 SINGLE POLE (MadFKS)   -5.1022573194021786E-012
 DOUBLE POLE (MadFKS)   -2.5253256634594431E-012
 SINGLE POLE (MadLoop)  -5.1022573194012141E-012
 DOUBLE POLE (MadLoop)  -2.5253256634589366E-012
 FINITE PART (MadLoop)   1.0961252081257883E-012
   325.00000000000000        0.0000000000000000        0.0000000000000000        325.00000000000000        0.0000000000000000     
   325.00000000000000        0.0000000000000000        0.0000000000000000       -325.00000000000000        0.0000000000000000     
   240.69486619110182        81.375473766411929        226.51464628315429       -9.0389501175485859E-002   1.7769999999999999     
   110.69033411477822        32.996003389696654       -97.303088367038910        41.179155175702391        0.0000000000000000     
   220.15790532061803       -79.734490230559089       -156.14444399816841       -106.13016063762180        80.419002445756163     
   78.456894373501925       -34.636986925549493        26.932886082053063        65.041394963094859        0.0000000000000000     

 PASSED   1.0000000000000001E-005
 MU_R    =    325.00000000000000     
 ALPHA_S =   0.11799999999999999     
 BORN                    5.6175140216122110E-012
 SINGLE POLE (MadFKS)   -9.6839266420570653E-014
 DOUBLE POLE (MadFKS)   -5.9782485986726561E-013
 SINGLE POLE (MadLoop)  -9.6839266423453529E-014
 DOUBLE POLE (MadLoop)  -5.9782485986726167E-013
 FINITE PART (MadLoop)   7.4003094480811412E-013
   325.00000000000000        0.0000000000000000        0.0000000000000000        325.00000000000000        0.0000000000000000     
   325.00000000000000        0.0000000000000000        0.0000000000000000       -325.00000000000000        0.0000000000000000     
   153.53998431279533       -109.11691458380642        55.728690640586102        92.515842129710890        1.7769999999999999     
   101.25727221954072        97.024092397057743        11.546773037291512       -26.571275925228942        0.0000000000000000     
   162.21230040303962        23.733876049424659        87.427123463229933        107.88334282126756        80.419002445756163     
   232.99044306462432       -11.641053862675991       -154.70258714110753       -173.82790902574953        0.0000000000000000     

 PASSED   1.0000000000000001E-005
 MU_R    =    325.00000000000000     
 ALPHA_S =   0.11799999999999999     
 BORN                    1.4120127500393775E-011
 SINGLE POLE (MadFKS)   -4.7974025063195003E-012
 DOUBLE POLE (MadFKS)   -1.5026866353612026E-012
 SINGLE POLE (MadLoop)  -4.7974025063223890E-012
 DOUBLE POLE (MadLoop)  -1.5026866353663169E-012
 FINITE PART (MadLoop)  -5.2223305177482210E-012
   325.00000000000000        0.0000000000000000        0.0000000000000000        325.00000000000000        0.0000000000000000     
   325.00000000000000        0.0000000000000000        0.0000000000000000       -325.00000000000000        0.0000000000000000     
   207.73584037288182       -106.99962129792459        61.013343057062258        167.27066287167443        1.7769999999999999     
   199.13150858233629        10.842463874619193        25.127785175284981       -197.24196586829430        0.0000000000000000     
   169.74502020631283        105.06021669054493       -97.718131169902037       -41.948464096657744        80.419002445756163     
   73.387630838469107       -8.9030592672395343        11.577002937554761        71.919767093277599        0.0000000000000000     

 PASSED   1.0000000000000001E-005
 MU_R    =    325.00000000000000     
 ALPHA_S =   0.11799999999999999     
 BORN                    1.9553502936502290E-011
 SINGLE POLE (MadFKS)   -9.4536749666357913E-013
 DOUBLE POLE (MadFKS)   -2.0809151713650324E-012
 SINGLE POLE (MadLoop)  -9.4536749666352642E-013
 DOUBLE POLE (MadLoop)  -2.0809151713650388E-012
 FINITE PART (MadLoop)  -2.0022910000134026E-012
   325.00000000000000        0.0000000000000000        0.0000000000000000        325.00000000000000        0.0000000000000000     
   325.00000000000000        0.0000000000000000        0.0000000000000000       -325.00000000000000        0.0000000000000000     
   131.86625395978356        21.864959903563033        32.550931227409947       -125.88848878682336        1.7769999999999999     
   26.609070667776628        8.3943150629264949        14.579155657030913       -20.616166878329235        0.0000000000000000     
   312.71101983529513       -6.0322797143163012       -209.25597355612626        217.93695213200041        80.419002445756163     
   178.81365553714463       -24.226995252173261        162.12588667168535       -71.432296466847788        0.0000000000000000     

 PASSED   1.0000000000000001E-005
 MU_R    =    325.00000000000000     
 ALPHA_S =   0.11799999999999999     
 BORN                    4.3439248264687981E-010
 SINGLE POLE (MadFKS)   -4.2764072386312902E-011
 DOUBLE POLE (MadFKS)   -4.6228745325184613E-011
 SINGLE POLE (MadLoop)  -4.2764072386308353E-011
 DOUBLE POLE (MadLoop)  -4.6228745325184768E-011
 FINITE PART (MadLoop)   3.1355182050642026E-011
   325.00000000000000        0.0000000000000000        0.0000000000000000        325.00000000000000        0.0000000000000000     
   325.00000000000000        0.0000000000000000        0.0000000000000000       -325.00000000000000        0.0000000000000000     
   135.30186836302335        2.9653407700736389        132.26525646439961       -28.293931152260345        1.7769999999999999     
   104.35576700278122       -29.150854404935448        84.807820776569471        53.366537543017422        0.0000000000000000     
Thanks for using LHAPDF 6.2.1. Please make sure to cite the paper:
  Eur.Phys.J. C75 (2015) 3, 132  (http://arxiv.org/abs/1412.7420)
   236.86833198979727        161.28480916271289       -127.15526815857066       -86.360516777793492        80.419002445756163     
   173.47403264439811       -135.09929552785101       -89.917809082398350        61.287910387036341        0.0000000000000000     

 PASSED   1.0000000000000001E-005
 MU_R    =    325.00000000000000     
 ALPHA_S =   0.11799999999999999     
 BORN                    3.2752284929286488E-009
 SINGLE POLE (MadFKS)   -4.6795757814721322E-010
 DOUBLE POLE (MadFKS)   -3.4855507387881884E-010
 SINGLE POLE (MadLoop)  -4.6795757814725510E-010
 DOUBLE POLE (MadLoop)  -3.4855507387884588E-010
 FINITE PART (MadLoop)   3.0170641522391189E-010
   325.00000000000000        0.0000000000000000        0.0000000000000000        325.00000000000000        0.0000000000000000     
   325.00000000000000        0.0000000000000000        0.0000000000000000       -325.00000000000000        0.0000000000000000     
   169.03340571705488       -17.192530476194197        138.57878970770778       -95.233767426677545        1.7769999999999999     
   112.46061357115434       -17.518202084782196        111.00154973451141        4.3770032047082692        0.0000000000000000     
   170.70285713994912        73.021967510942630       -120.19996672264767       -53.777409216850337        80.419002445756163     
   197.80312357184175       -38.311234949966178       -129.38037271957148        144.63417343881960        0.0000000000000000     

 NUMBER OF POINTS PASSING THE CHECK          20
 NUMBER OF POINTS FAILING THE CHECK           0
 TOLERANCE    1.0000000000000001E-005
