==== LHAPDF6 USING DEFAULT-TYPE LHAGLUE INTERFACE ====
LHAPDF 6.2.1 loading /cvmfs/cms.cern.ch/slc7_amd64_gcc700/external/lhapdf/6.2.1-pafccj3/share/LHAPDF/NNPDF31_nnlo_as_0118_nf_4_mc_hessian/NNPDF31_nnlo_as_0118_nf_4_mc_hessian_0000.dat
NNPDF31_nnlo_as_0118_nf_4_mc_hessian PDF set, member #0, version 1; LHAPDF ID = 325500
 A PDF is used, so alpha_s(MZ) is going to be modified
 Old value of alpha_s from param_card:   0.11799999999999999     
 New value of alpha_s from PDF lhapdf :  0.11266013434007299     
 *****************************************************
 *               MadGraph/MadEvent                   *
 *        --------------------------------           *
 *          http://madgraph.hep.uiuc.edu             *
 *          http://madgraph.phys.ucl.ac.be           *
 *          http://madgraph.roma2.infn.it            *
 *        --------------------------------           *
 *                                                   *
 *          PARAMETER AND COUPLING VALUES            *
 *                                                   *
 *****************************************************

  External Params
  ---------------------------------
  
 MU_R =    91.188000000000002     
 aEWM1 =    132.50700000000001     
 mdl_Gf =    1.1663900000000000E-005
 aS =   0.11799999999999999     
 mdl_ymb =    4.7000000000000002     
 mdl_ymt =    173.00000000000000     
 mdl_ymtau =    1.7769999999999999     
 mdl_MT =    173.00000000000000     
 mdl_MB =    4.7000000000000002     
 mdl_MZ =    91.188000000000002     
 mdl_MH =    125.00000000000000     
 mdl_MTA =    1.7769999999999999     
 mdl_WT =    1.4915000000000000     
 mdl_WZ =    2.4414039999999999     
 mdl_WW =    2.0476000000000001     
 mdl_WH =    6.3823389999999999E-003
  Internal Params
  ---------------------------------
  
 mdl_conjg__CKM3x3 =    1.0000000000000000     
 mdl_CKM22 =    1.0000000000000000     
 mdl_lhv =    1.0000000000000000     
 mdl_CKM3x3 =    1.0000000000000000     
 mdl_conjg__CKM22 =    1.0000000000000000     
 mdl_conjg__CKM33 =    1.0000000000000000     
 mdl_Ncol =    3.0000000000000000     
 mdl_CA =    3.0000000000000000     
 mdl_TF =   0.50000000000000000     
 mdl_CF =    1.3333333333333333     
 mdl_complexi =                (0.0000000000000000,1.0000000000000000)
 mdl_MZ__exp__2 =    8315.2513440000002     
 mdl_MZ__exp__4 =    69143404.913893804     
 mdl_sqrt__2 =    1.4142135623730951     
 mdl_MH__exp__2 =    15625.000000000000     
 mdl_Ncol__exp__2 =    9.0000000000000000     
 mdl_MB__exp__2 =    22.090000000000003     
 mdl_MT__exp__2 =    29929.000000000000     
 mdl_aEW =    7.5467711139788835E-003
 mdl_MW =    80.419002445756163     
 mdl_sqrt__aEW =    8.6872153846781555E-002
 mdl_ee =   0.30795376724436879     
 mdl_MW__exp__2 =    6467.2159543705357     
 mdl_sw2 =   0.22224648578577766     
 mdl_cw =   0.88190334743339216     
 mdl_sqrt__sw2 =   0.47143025548407230     
 mdl_sw =   0.47143025548407230     
 mdl_g1 =   0.34919219678733299     
 mdl_gw =   0.65323293034757990     
 mdl_v =    246.21845810181637     
 mdl_v__exp__2 =    60623.529110035903     
 mdl_lam =   0.12886910601690263     
 mdl_yb =    2.6995554250465490E-002
 mdl_yt =   0.99366614581500623     
 mdl_ytau =    1.0206617000654717E-002
 mdl_muH =    88.388347648318430     
 mdl_AxialZUp =  -0.18517701861793787     
 mdl_AxialZDown =   0.18517701861793787     
 mdl_VectorZUp =    7.5430507588273299E-002
 mdl_VectorZDown =  -0.13030376310310560     
 mdl_VectorAUp =   0.20530251149624587     
 mdl_VectorADown =  -0.10265125574812294     
 mdl_VectorWmDxU =   0.23095271737156670     
 mdl_AxialWmDxU =  -0.23095271737156670     
 mdl_VectorWpUxD =   0.23095271737156670     
 mdl_AxialWpUxD =  -0.23095271737156670     
 mdl_I1x33 =          (2.69955542504654901E-002,0.0000000000000000)
 mdl_I2x33 =               (0.99366614581500623,0.0000000000000000)
 mdl_I3x33 =               (0.99366614581500623,0.0000000000000000)
 mdl_I4x33 =          (2.69955542504654901E-002,0.0000000000000000)
 mdl_Vector_tbGp =              (-0.96667059156454072,0.0000000000000000)
 mdl_Axial_tbGp =              (-1.0206617000654716,-0.0000000000000000)
 mdl_Vector_tbGm =               (0.96667059156454072,0.0000000000000000)
 mdl_Axial_tbGm =              (-1.0206617000654716,-0.0000000000000000)
 mdl_gw__exp__2 =   0.42671326129048615     
 mdl_cw__exp__2 =   0.77775351421422245     
 mdl_ee__exp__2 =    9.4835522759998875E-002
 mdl_sw__exp__2 =   0.22224648578577769     
 mdl_yb__exp__2 =    7.2875994928982540E-004
 mdl_yt__exp__2 =   0.98737240933884918     
  Internal Params evaluated point by point
  ----------------------------------------
  
 mdl_sqrt__aS =   0.34351128074635334     
 mdl_G__exp__4 =    2.1987899468922913     
 mdl_G__exp__2 =    1.4828317324943823     
 mdl_R2MixedFactor_FIN_ =   -2.5040377713124864E-002
 mdl_G_UVg_1EPS_ =   -5.1645779033320030E-002
 mdl_G_UVq_1EPS_ =    3.1300472141406080E-003
 mdl_GWcft_UV_b_1EPS_ =   -3.1300472141406080E-003
 mdl_GWcft_UV_t_1EPS_ =   -3.1300472141406080E-003
 mdl_bWcft_UV_1EPS_ =   -1.8780283284843650E-002
 mdl_tWcft_UV_1EPS_ =   -1.8780283284843650E-002
 mdl_G__exp__3 =    1.8056676068262196     
 mdl_MU_R__exp__2 =    8315.2513440000002     
 mdl_G_UVb_FIN_ =    1.8563438626678915E-002
 mdl_G_UVt_FIN_ =   -4.0087659331150384E-003
 mdl_GWcft_UV_b_FIN_ =   -1.8563438626678915E-002
 mdl_GWcft_UV_t_FIN_ =    4.0087659331150384E-003
 mdl_bWcft_UV_FIN_ =  -0.13642100947319838     
 mdl_tWcft_UV_FIN_ =   -9.8778211443463623E-004
  Couplings of loop_sm
  ---------------------------------
  
      UV_GQQb =   0.00000E+00   0.22605E-01
      UV_GQQt =   0.00000E+00  -0.48815E-02
   UVWfct_G_2 =   0.40088E-02   0.00000E+00
   UVWfct_G_1 =  -0.18563E-01   0.00000E+00
       R2_DDA =   0.00000E+00   0.25704E-02
       R2_UUA =  -0.00000E+00  -0.51409E-02
    R2_UUZ_V2 =  -0.00000E+00  -0.72127E-02
    R2_UUZ_V5 =   0.00000E+00   0.68702E-03
      R2_sxcW =  -0.00000E+00  -0.11566E-01
      R2_GGHb =   0.00000E+00  -0.33698E-02
      R2_GGHt =   0.00000E+00  -0.45657E+01
     R2_GGZup =  -0.46369E-02   0.00000E+00
    R2_GGWWcs =   0.00000E+00   0.13356E-02
         GC_4 =  -0.12177E+01   0.00000E+00
         GC_5 =   0.00000E+00   0.12177E+01
       R2_GQQ =  -0.00000E+00  -0.30492E-01
       R2_QQq =   0.00000E+00   0.12520E-01
 UV_GQQg_1eps =   0.00000E+00  -0.62890E-01
 UV_GQQq_1eps =   0.00000E+00   0.38115E-02
 UVWfct_G_2_1eps -0.31300E-02   0.00000E+00
         GC_1 =  -0.00000E+00  -0.10265E+00
         GC_2 =   0.00000E+00   0.20530E+00
         GC_7 =   0.00000E+00   0.57609E+00
        GC_22 =   0.00000E+00   0.28804E+00
        GC_23 =  -0.00000E+00  -0.27437E-01
        GC_24 =   0.00000E+00   0.82310E-01
        GC_25 =   0.00000E+00   0.30795E+00
        GC_28 =   0.00000E+00   0.37035E+00
        GC_31 =   0.00000E+00   0.52532E+02
        GC_33 =  -0.00000E+00  -0.19089E-01
        GC_37 =  -0.00000E+00  -0.70263E+00
        GC_38 =  -0.00000E+00  -0.72172E-02
        GC_47 =   0.00000E+00   0.46191E+00

 Collider parameters:
 --------------------

 Running at P P   machine @    13000.000000000000       GeV
 PDF set = lhapdf 
 alpha_s(Mz)= 0.1127 running at 3 loops.
 alpha_s(Mz)= 0.1127 running at 3 loops.
 Renormalization scale set on event-by-event basis
 Factorization   scale set on event-by-event basis


 ===============================================================
 INFO: MadFKS read these parameters from FKS_params.dat
 ===============================================================
  > IRPoleCheckThreshold      =    1.0000000000000001E-005
  > PrecisionVirtualAtRunTime =    1.0000000000000000E-003
  > NHelForMCoverHels         =            4
  > VirtualFraction           =    1.0000000000000000     
  > MinVirtualFraction        =    5.0000000000000001E-003
 ===============================================================
  Insert the number of points to test
 Insert the relative tolerance
  A negative number will mean use the default one:    1.0000000000000001E-005
Using random seed offsets:     1 ,      9 ,      0
  with seed                   32
 Ranmar initialization seeds       10730        9415
  ========================================================================================== 
 {                                                                                          }
 {       [32m                                                                            [0m       }
 {       [32m                               ,,                                           [0m       }
 {       [32m`7MMM.     ,MMF'             `7MM  `7MMF'                                   [0m       }
 {       [32m  MMMb    dPMM                 MM    MM                                     [0m       }
 {       [32m  M YM   ,M MM   ,6"Yb.   ,M""bMM    MM         ,pW"Wq.   ,pW"Wq.`7MMpdMAo. [0m       }
 {       [32m  M  Mb  M' MM  8)   MM ,AP    MM    MM        6W'   `Wb 6W'   `Wb MM   `Wb [0m       }
 {       [32m  M  YM.P'  MM   ,pm9MM 8MI    MM    MM      , 8M     M8 8M     M8 MM    M8 [0m       }
 {       [32m  M  `YM'   MM  8M   MM `Mb    MM    MM     ,M YA.   ,A9 YA.   ,A9 MM   ,AP [0m       }
 {       [32m.JML. `'  .JMML.`Moo9^Yo.`Wbmd"MML..JMMmmmmMMM  `Ybmd9'   `Ybmd9'  MMbmmd'  [0m       }
 {       [32m                                                                   MM       [0m       }
 {       [32m                                                                 .JMML.     [0m       }
 {       [32m[0mv2.6.5 (2018-02-03), Ref: arXiv:1103.0621v2, arXiv:1405.0301[32m                [0m       }
 {       [32m                                                                            [0m       }
 {                                                                                          }
  ========================================================================================== 
 ===============================================================
 INFO: MadLoop read these parameters from ./MadLoop5_resources/MadLoopParams.dat                                                                                                                                                                                                                                                                                                                                                                                                                                                                                          
 ===============================================================
  > MLReductionLib            = 6|7|1
  > CTModeRun                 =           -1
  > MLStabThres               =    1.0000000000000000E-003
  > NRotations_DP             =            0
  > NRotations_QP             =            0
  > CTStabThres               =    1.0000000000000000E-002
  > CTLoopLibrary             =            2
  > CTModeInit                =            1
  > CheckCycle                =            3
  > MaxAttempts               =           10
  > UseLoopFilter             =  F
  > HelicityFilterLevel       =            2
  > ImprovePSPoint            =            2
  > DoubleCheckHelicityFilter =  T
  > LoopInitStartOver         =  F
  > HelInitStartOver          =  F
  > ZeroThres                 =    1.0000000000000001E-009
  > OSThres                   =    1.0000000000000000E-008
  > WriteOutFilters           =  T
  > UseQPIntegrandForNinja    =  T
  > UseQPIntegrandForCutTools =  T
  > IREGIMODE                 =            2
  > IREGIRECY                 =  T
  > COLLIERMode               =            1
  > COLLIERRequiredAccuracy   =    1.0000000000000000E-008
  > COLLIERCanOutput          =  F
  > COLLIERComputeUVpoles     =  T
  > COLLIERComputeIRpoles     =  T
  > COLLIERGlobalCache        =           -1
  > COLLIERUseCacheForPoles   =  F
  > COLLIERUseInternalStabilityTest =  T
 ===============================================================
  
------------------------------------------------------------------------
|              You are using CutTools - Version 1.9.3                  |
|              Authors: G. Ossola, C. Papadopoulos, R. Pittau          |
|              Published in JHEP 0803:042,2008                         |
|              http://www.ugr.es/~pittau/CutTools                      |
|                                                                      |
|              Compiler with  34  significant digits detetected        |
 ---------------------------------------------------------------------- 
   
########################################################################
#                                                                      #

  +----------------------------------------------------------------+
  |                                                                |
  |  Ninja - version 1.1.0                                         |
  |                                                                |
  |  Author: Tiziano Peraro                                        |
  |                                                                |
  |  Based on:                                                     |
  |                                                                |
  |      P. Mastrolia, E. Mirabella and T. Peraro,                 |
  |      "Integrand reduction of one-loop scattering amplitudes    |
  |      through Laurent series expansion,"                        |
  |      JHEP 1206 (2012) 095  [arXiv:1203.0291 [hep-ph]].         |
  |                                                                |
  |      T. Peraro,                                                |
  |      "Ninja: Automated Integrand Reduction via Laurent         |
  |      Expansion for One-Loop Amplitudes,"                       |
  |      Comput.Phys.Commun. 185 (2014) [arXiv:1403.1229 [hep-ph]] |
  |                                                                |
  +----------------------------------------------------------------+


#                      You are using OneLOop-3.6                       #
#                                                                      #
# for the evaluation of 1-loop scalar 1-, 2-, 3- and 4-point functions #
#                                                                      #
# author: Andreas van Hameren <hamerenREMOVETHIS@ifj.edu.pl>           #
#   date: 18-02-2015                                                   #
#                                                                      #
# Please cite                                                          #
#    A. van Hameren,                                                   #
#      Comput.Phys.Commun. 182 (2011) 2427-2438, arXiv:1007.4716       #
#    A. van Hameren, C.G. Papadopoulos and R. Pittau,                  #
#      JHEP 0909:106,2009, arXiv:0903.4665                             #
# in publications with results obtained with the help of this program. #
#                                                                      #
########################################################################
########################################################################
#                                                                      #
#                      You are using OneLOop-3.6                       #
#                                                                      #
# for the evaluation of 1-loop scalar 1-, 2-, 3- and 4-point functions #
#                                                                      #
# author: Andreas van Hameren <hamerenREMOVETHIS@ifj.edu.pl>           #
#   date: 18-02-2015                                                   #
#                                                                      #
# Please cite                                                          #
#    A. van Hameren,                                                   #
#      Comput.Phys.Commun. 182 (2011) 2427-2438, arXiv:1007.4716       #
#    A. van Hameren, C.G. Papadopoulos and R. Pittau,                  #
#      JHEP 0909:106,2009, arXiv:0903.4665                             #
# in publications with results obtained with the help of this program. #
#                                                                      #
########################################################################
 PASSED   1.0000000000000001E-005
 MU_R    =    325.00000000000000     
 ALPHA_S =   0.11799999999999999     
 BORN                    5.0485374990899072E-011
 SINGLE POLE (MadFKS)   -6.8258499979404601E-012
 DOUBLE POLE (MadFKS)   -5.3727346497336569E-012
 SINGLE POLE (MadLoop)  -6.8258499979405740E-012
 DOUBLE POLE (MadLoop)  -5.3727346497335914E-012
 FINITE PART (MadLoop)  -8.7164677670778383E-012
   325.00000000000000        0.0000000000000000        0.0000000000000000        325.00000000000000        0.0000000000000000     
   325.00000000000000        0.0000000000000000        0.0000000000000000       -325.00000000000000        0.0000000000000000     
   98.890419465010169        36.333311660958302        38.780077134037477       -83.398508039361445        0.0000000000000000     
   226.19219635837575        109.91400919336746        197.13047218841754        14.879422409416319        0.0000000000000000     
   245.62573430151366       -160.33421101645499       -162.28859309479449        42.663083876231070        80.419002445756163     
   79.291649875100475        14.086890162129302       -73.621956227660519        25.856001753714047        0.0000000000000000     

 PASSED   1.0000000000000001E-005
 MU_R    =    325.00000000000000     
 ALPHA_S =   0.11799999999999999     
 BORN                    6.4515694456957780E-011
 SINGLE POLE (MadFKS)   -6.2364236890313503E-012
 DOUBLE POLE (MadFKS)   -6.8658637699138108E-012
 SINGLE POLE (MadLoop)  -6.2364236890313705E-012
 DOUBLE POLE (MadLoop)  -6.8658637699138075E-012
 FINITE PART (MadLoop)  -7.7841767010727420E-012
   325.00000000000000        0.0000000000000000        0.0000000000000000        325.00000000000000        0.0000000000000000     
   325.00000000000000        0.0000000000000000        0.0000000000000000       -325.00000000000000        0.0000000000000000     
   120.64034082858072        113.84857337721874       -39.685382736363067       -4.2029242530095452        0.0000000000000000     
   209.88651503096696        44.134547662108560       -205.01027925089363        8.6761913289175947        0.0000000000000000     
   185.74605350955315       -112.24281412360497        121.16106035395399       -27.494155224749125        80.419002445756163     
   133.72709063089920       -45.740306915722314        123.53460163330274        23.020888148841074        0.0000000000000000     

 PASSED   1.0000000000000001E-005
 MU_R    =    325.00000000000000     
 ALPHA_S =   0.11799999999999999     
 BORN                    5.5875528718120944E-010
 SINGLE POLE (MadFKS)   -4.2011053162533868E-011
 DOUBLE POLE (MadFKS)   -5.9463634620947928E-011
 SINGLE POLE (MadLoop)  -4.2011053162533293E-011
 DOUBLE POLE (MadLoop)  -5.9463634620947372E-011
 FINITE PART (MadLoop)   1.4434798898451427E-010
   325.00000000000000        0.0000000000000000        0.0000000000000000        325.00000000000000        0.0000000000000000     
   325.00000000000000        0.0000000000000000        0.0000000000000000       -325.00000000000000        0.0000000000000000     
   49.112039849238499        15.482319725426789        40.211169719249611       -23.565908933935852        0.0000000000000000     
   197.90210265143858        111.05651866245954       -57.305617374344465       -153.45278789836487        0.0000000000000000     
   255.85921531832591       -87.821728750024448       -124.31527394687646        189.28755567075484        80.419002445756163     
   147.12664218099707       -38.717109637861959        141.40972160197128       -12.268858838454106        0.0000000000000000     

 PASSED   1.0000000000000001E-005
 MU_R    =    325.00000000000000     
 ALPHA_S =   0.11799999999999999     
 BORN                    1.3363618901241795E-010
 SINGLE POLE (MadFKS)   -1.4206781196871383E-011
 DOUBLE POLE (MadFKS)   -1.4221777758307342E-011
 SINGLE POLE (MadLoop)  -1.4206781196871238E-011
 DOUBLE POLE (MadLoop)  -1.4221777758308345E-011
 FINITE PART (MadLoop)  -2.0303276712741801E-011
   325.00000000000000        0.0000000000000000        0.0000000000000000        325.00000000000000        0.0000000000000000     
   325.00000000000000        0.0000000000000000        0.0000000000000000       -325.00000000000000        0.0000000000000000     
   71.124492736487156        8.3066682360988260        53.360447101686376        46.285585390552605        0.0000000000000000     
   262.74293880230005        189.95129683628252        164.48705584755979       -76.787793165876593        0.0000000000000000     
   192.00758814722715       -117.82159781205883       -128.52070297043039      -0.44491431146277871        80.419002445756163     
   124.12498031398565       -80.436367260322527       -89.326799978815728        30.947122086786802        0.0000000000000000     

 PASSED   1.0000000000000001E-005
 MU_R    =    325.00000000000000     
 ALPHA_S =   0.11799999999999999     
 BORN                    2.1944226458972503E-009
 SINGLE POLE (MadFKS)   -1.9396367121635790E-010
 DOUBLE POLE (MadFKS)   -2.3353398064088353E-010
 SINGLE POLE (MadLoop)  -1.9396367121633547E-010
 DOUBLE POLE (MadLoop)  -2.3353398064087148E-010
 FINITE PART (MadLoop)  -5.2092045087560715E-011
   325.00000000000000        0.0000000000000000        0.0000000000000000        325.00000000000000        0.0000000000000000     
   325.00000000000000        0.0000000000000000        0.0000000000000000       -325.00000000000000        0.0000000000000000     
   245.14789019054527        143.94699223623388       -83.069180092518138        180.21171662734380        0.0000000000000000     
   14.215780768942981        4.6967110305422661       -10.567856251921423       -8.2673903140566072        0.0000000000000000     
   280.43193972489871       -99.118530920978316        191.40246150717439       -160.36044219370430        80.419002445756163     
   110.20438931561303       -49.525172345797806       -97.765425162734829       -11.583884119582848        0.0000000000000000     

 PASSED   1.0000000000000001E-005
 MU_R    =    325.00000000000000     
 ALPHA_S =   0.11799999999999999     
 BORN                    1.7028232521012012E-011
 SINGLE POLE (MadFKS)   -2.2732852841642338E-012
 DOUBLE POLE (MadFKS)   -1.8121718399804933E-012
 SINGLE POLE (MadLoop)  -2.2732852841642419E-012
 DOUBLE POLE (MadLoop)  -1.8121718399805016E-012
 FINITE PART (MadLoop)  -2.9600767072882566E-012
   325.00000000000000        0.0000000000000000        0.0000000000000000        325.00000000000000        0.0000000000000000     
   325.00000000000000        0.0000000000000000        0.0000000000000000       -325.00000000000000        0.0000000000000000     
   186.08042663942899       -99.383105221878338        135.98525040030356        79.100791704860228        0.0000000000000000     
   132.79275304094006       -95.246294392198081        63.067637533193661       -67.709170433025818        0.0000000000000000     
   267.87154851029436        134.59606773719176       -216.10274042505634       -21.713007101699464        80.419002445756163     
   63.255271809336492        60.033331876884660        17.049852491559093        10.321385829865051        0.0000000000000000     

 PASSED   1.0000000000000001E-005
 MU_R    =    325.00000000000000     
 ALPHA_S =   0.11799999999999999     
 BORN                    1.2683094550959172E-011
 SINGLE POLE (MadFKS)   -8.1795309910154709E-013
 DOUBLE POLE (MadFKS)   -1.3497552820409971E-012
 SINGLE POLE (MadLoop)  -8.1795309910165362E-013
 DOUBLE POLE (MadLoop)  -1.3497552820409939E-012
 FINITE PART (MadLoop)   1.2330968545819086E-012
   325.00000000000000        0.0000000000000000        0.0000000000000000        325.00000000000000        0.0000000000000000     
   325.00000000000000        0.0000000000000000        0.0000000000000000       -325.00000000000000        0.0000000000000000     
   282.96713107042046        146.98782270070905       -234.41556829935203        59.281688427552169        0.0000000000000000     
   80.012876471162699       -23.951965836177326        43.326084733953167       -62.858683691264531        0.0000000000000000     
   91.047974224858308        3.8015071039679951        41.764744053134677        7.9857594500810656        80.419002445756163     
   195.97201823355843       -126.83736396849969        149.32473951226402       -4.4087641863686997        0.0000000000000000     

 PASSED   1.0000000000000001E-005
 MU_R    =    325.00000000000000     
 ALPHA_S =   0.11799999999999999     
 BORN                    2.0834157076499301E-011
 SINGLE POLE (MadFKS)   -2.6476504220497749E-012
 DOUBLE POLE (MadFKS)   -2.2172044407529920E-012
 SINGLE POLE (MadLoop)  -2.6476504220498112E-012
 DOUBLE POLE (MadLoop)  -2.2172044407529766E-012
 FINITE PART (MadLoop)  -1.4768885969070972E-012
   325.00000000000000        0.0000000000000000        0.0000000000000000        325.00000000000000        0.0000000000000000     
   325.00000000000000        0.0000000000000000        0.0000000000000000       -325.00000000000000        0.0000000000000000     
   95.240582304529326       -55.028491332293456        71.354499426323542       -30.841029020062347        0.0000000000000000     
   271.76901780541283        262.55318711407961        53.688610879667820       -45.185794636915801        0.0000000000000000     
   224.58702968606110       -181.62187269361715       -72.700779591886899        75.499734799749987        80.419002445756163     
   58.403370203996680       -25.902823088169043       -52.342330714104527       0.52708885722818422        0.0000000000000000     

 PASSED   1.0000000000000001E-005
 MU_R    =    325.00000000000000     
 ALPHA_S =   0.11799999999999999     
 BORN                    2.7591081150269807E-012
 SINGLE POLE (MadFKS)   -1.4237693080533493E-013
 DOUBLE POLE (MadFKS)   -2.9362871474440010E-013
 SINGLE POLE (MadLoop)  -1.4237693080822877E-013
 DOUBLE POLE (MadLoop)  -2.9362871474440161E-013
 FINITE PART (MadLoop)   8.1017743733657657E-014
   325.00000000000000        0.0000000000000000        0.0000000000000000        325.00000000000000        0.0000000000000000     
   325.00000000000000        0.0000000000000000        0.0000000000000000       -325.00000000000000        0.0000000000000000     
   200.51386907759294        91.337336314583126        19.084459220952585        177.47981886306570        0.0000000000000000     
   88.114194210421900       -20.664582218657173       -57.921932414316146       -63.104167916800108        0.0000000000000000     
   163.01197333457083        42.012250422181594       -117.48913517304052       -67.356970142778906        80.419002445756163     
   198.35996337741429       -112.68500451810756        156.32660836640406       -47.018680803486681        0.0000000000000000     

 PASSED   1.0000000000000001E-005
 MU_R    =    325.00000000000000     
 ALPHA_S =   0.11799999999999999     
 BORN                    2.9040466937474751E-012
 SINGLE POLE (MadFKS)   -4.4640663867758600E-013
 DOUBLE POLE (MadFKS)   -3.0905331095894992E-013
 SINGLE POLE (MadLoop)  -4.4640663867759055E-013
 DOUBLE POLE (MadLoop)  -3.0905331095894952E-013
 FINITE PART (MadLoop)  -4.0883955052676672E-013
   325.00000000000000        0.0000000000000000        0.0000000000000000        325.00000000000000        0.0000000000000000     
   325.00000000000000        0.0000000000000000        0.0000000000000000       -325.00000000000000        0.0000000000000000     
   246.72365184137675        141.82393524166469       -145.03999428181748        140.43479564995053        0.0000000000000000     
   68.920419442441244       -8.0803318138826867        60.585903909373016        31.844633792584375        0.0000000000000000     
   253.15374595797951       -106.08365020757468        20.730364731979837       -214.32711978399448        80.419002445756163     
   81.202182758202582       -27.659953220207328        63.723725640464529        42.047690341459642        0.0000000000000000     

 PASSED   1.0000000000000001E-005
 MU_R    =    325.00000000000000     
 ALPHA_S =   0.11799999999999999     
 BORN                    7.5980933944305004E-012
 SINGLE POLE (MadFKS)   -2.7190774548809606E-013
 DOUBLE POLE (MadFKS)   -8.0860129610858975E-013
 SINGLE POLE (MadLoop)  -2.7190774548787538E-013
 DOUBLE POLE (MadLoop)  -8.0860129610857177E-013
 FINITE PART (MadLoop)   9.2344252085881740E-013
   325.00000000000000        0.0000000000000000        0.0000000000000000        325.00000000000000        0.0000000000000000     
   325.00000000000000        0.0000000000000000        0.0000000000000000       -325.00000000000000        0.0000000000000000     
   101.26963818926011        7.0411401631559469        14.745707452363931       -99.942613913764248        0.0000000000000000     
   288.76440353374340       -144.61284482747536        62.070847194133123        242.11405532869369        0.0000000000000000     
   115.75315585661673        62.748473876668086       -50.190345282164586       -21.797600854265415        80.419002445756163     
   144.21280242037992        74.823230787651312       -26.626209364332475       -120.37384056066396        0.0000000000000000     

 PASSED   1.0000000000000001E-005
 MU_R    =    325.00000000000000     
 ALPHA_S =   0.11799999999999999     
 BORN                    4.3981219321733270E-012
 SINGLE POLE (MadFKS)   -8.7855351184013538E-013
 DOUBLE POLE (MadFKS)   -4.6805519624249429E-013
 SINGLE POLE (MadLoop)  -8.7855351184006228E-013
 DOUBLE POLE (MadLoop)  -4.6805519624249025E-013
 FINITE PART (MadLoop)   2.1829668783452473E-013
   325.00000000000000        0.0000000000000000        0.0000000000000000        325.00000000000000        0.0000000000000000     
   325.00000000000000        0.0000000000000000        0.0000000000000000       -325.00000000000000        0.0000000000000000     
   202.70912073706671        110.93684668840334        138.40325039144795       -98.125144371412375        0.0000000000000000     
   153.57927282233683       -133.15790363673412       -57.465170665397117        50.530385908923947        0.0000000000000000     
   153.61386450174655        89.394680400642059       -60.882228037408360       -73.701756003900357        80.419002445756163     
   140.09774193884999       -67.173623452311290       -20.055851688642484        121.29651446638881        0.0000000000000000     

 PASSED   1.0000000000000001E-005
 MU_R    =    325.00000000000000     
 ALPHA_S =   0.11799999999999999     
 BORN                    9.7127214895979162E-011
 SINGLE POLE (MadFKS)   -2.0689128426228640E-011
 DOUBLE POLE (MadFKS)   -1.0336434125681457E-011
 SINGLE POLE (MadLoop)  -2.0689128426227793E-011
 DOUBLE POLE (MadLoop)  -1.0336434125681434E-011
 FINITE PART (MadLoop)   6.3478596204181841E-012
   325.00000000000000        0.0000000000000000        0.0000000000000000        325.00000000000000        0.0000000000000000     
   325.00000000000000        0.0000000000000000        0.0000000000000000       -325.00000000000000        0.0000000000000000     
   240.62114143235269        102.59102527370241        79.499365291182016       -202.61654956048883        0.0000000000000000     
   50.173522777597881       -36.064445904574264       -11.918231690837366       -32.782524046718713        0.0000000000000000     
   129.00819570145487        11.469465510274928       -98.004083616495805        20.965437252150231        80.419002445756163     
   230.19714008859458       -77.996044879403101        30.422950016151074        214.43363635505730        0.0000000000000000     

 PASSED   1.0000000000000001E-005
 MU_R    =    325.00000000000000     
 ALPHA_S =   0.11799999999999999     
 BORN                    2.6818145554064921E-012
 SINGLE POLE (MadFKS)   -2.2435875036596881E-013
 DOUBLE POLE (MadFKS)   -2.8540301005172204E-013
 SINGLE POLE (MadLoop)  -2.2435875036598213E-013
 DOUBLE POLE (MadLoop)  -2.8540301005172118E-013
 FINITE PART (MadLoop)   3.0453299926741316E-013
   325.00000000000000        0.0000000000000000        0.0000000000000000        325.00000000000000        0.0000000000000000     
   325.00000000000000        0.0000000000000000        0.0000000000000000       -325.00000000000000        0.0000000000000000     
   168.08212161562750        4.1109256401383476        162.76524799336858       -41.739357240488005        0.0000000000000000     
   247.93194738878975        164.52828903814827       -161.76659450148426        90.731811100459765        0.0000000000000000     
   173.24445700809324       -149.72169336993412        33.502998140782807       -2.7183781335030610        80.419002445756163     
   60.741473987489421       -18.917521308352526       -34.501651632667134       -46.274075726468723        0.0000000000000000     

 PASSED   1.0000000000000001E-005
 MU_R    =    325.00000000000000     
 ALPHA_S =   0.11799999999999999     
 BORN                    2.7513391652965535E-011
 SINGLE POLE (MadFKS)   -1.7356716295715091E-012
 DOUBLE POLE (MadFKS)   -2.9280193064274239E-012
 SINGLE POLE (MadLoop)  -1.7356716295723537E-012
 DOUBLE POLE (MadLoop)  -2.9280193064274513E-012
 FINITE PART (MadLoop)  -3.5891416726539661E-013
   325.00000000000000        0.0000000000000000        0.0000000000000000        325.00000000000000        0.0000000000000000     
   325.00000000000000        0.0000000000000000        0.0000000000000000       -325.00000000000000        0.0000000000000000     
   85.802966989081042        57.764959084859576        52.985131918768190        34.898917484709614        0.0000000000000000     
   95.806775766315184        19.063196738519348        48.490798895445160        80.400094747002555        0.0000000000000000     
   267.45988400624293       -227.93778328770350        30.863034389966899       -110.26973136991863        80.419002445756163     
   200.93037323836086        151.10962746432457       -132.33896520418025       -5.0292808617935343        0.0000000000000000     

 PASSED   1.0000000000000001E-005
 MU_R    =    325.00000000000000     
 ALPHA_S =   0.11799999999999999     
 BORN                    3.5553841478929974E-012
 SINGLE POLE (MadFKS)   -2.0080221852204202E-013
 DOUBLE POLE (MadFKS)   -3.7836968840861333E-013
 SINGLE POLE (MadLoop)  -2.0080221852209567E-013
 DOUBLE POLE (MadLoop)  -3.7836968840860530E-013
 FINITE PART (MadLoop)   1.4080972088144766E-012
   325.00000000000000        0.0000000000000000        0.0000000000000000        325.00000000000000        0.0000000000000000     
   325.00000000000000        0.0000000000000000        0.0000000000000000       -325.00000000000000        0.0000000000000000     
   142.44428681149492       -3.0047343762185750        138.02121276435756        35.092609529924353        0.0000000000000000     
   272.54374365380289        78.220782047130811       -232.83344906105012        118.11090745185425        0.0000000000000000     
   166.60901776367248       -61.745711547282049        100.11258126364375       -86.349794580273127        80.419002445756163     
   68.402951771029706       -13.470336123630197       -5.3003449669511831       -66.853722401505479        0.0000000000000000     

 PASSED   1.0000000000000001E-005
 MU_R    =    325.00000000000000     
 ALPHA_S =   0.11799999999999999     
 BORN                    1.6287658376073439E-010
 SINGLE POLE (MadFKS)   -3.2983680779220762E-011
 DOUBLE POLE (MadFKS)   -1.7333587506466888E-011
 SINGLE POLE (MadLoop)  -3.2983680779221369E-011
 DOUBLE POLE (MadLoop)  -1.7333587506466885E-011
 FINITE PART (MadLoop)   2.1491365254754792E-011
   325.00000000000000        0.0000000000000000        0.0000000000000000        325.00000000000000        0.0000000000000000     
   325.00000000000000        0.0000000000000000        0.0000000000000000       -325.00000000000000        0.0000000000000000     
   157.13008832365782        156.70847283575094        11.174572296173688        2.7291266157511003        0.0000000000000000     
   226.00326108161198       -51.641027502887695       -30.507043392415916       -217.89905599020497        0.0000000000000000     
   147.44412341754750       -48.734736420645532       -7.4224241067680623        113.32425451944481        80.419002445756163     
   119.42252717718270       -56.332708912217697        26.754895203010285        101.84567485500908        0.0000000000000000     

 PASSED   1.0000000000000001E-005
 MU_R    =    325.00000000000000     
 ALPHA_S =   0.11799999999999999     
 BORN                    8.0225883594328042E-009
 SINGLE POLE (MadFKS)   -6.9306905392179953E-010
 DOUBLE POLE (MadFKS)   -8.5377673171774366E-010
 SINGLE POLE (MadLoop)  -6.9306905392177193E-010
 DOUBLE POLE (MadLoop)  -8.5377673171771161E-010
 FINITE PART (MadLoop)   1.2788799418711861E-009
   325.00000000000000        0.0000000000000000        0.0000000000000000        325.00000000000000        0.0000000000000000     
   325.00000000000000        0.0000000000000000        0.0000000000000000       -325.00000000000000        0.0000000000000000     
   21.012929197708232       -12.232936313630331        16.527759126748116       -4.3280065691676057        0.0000000000000000     
   202.43190813689569        49.492932872465474        105.38861627612266       -165.59700053754094        0.0000000000000000     
   167.19308404730276       -82.403683727733750        107.08141495197737        56.828820846995740        80.419002445756163     
   259.36207861809328        45.143687168898644       -228.99779035484812        113.09618625971278        0.0000000000000000     

 PASSED   1.0000000000000001E-005
 MU_R    =    325.00000000000000     
 ALPHA_S =   0.11799999999999999     
 BORN                    5.5486857201700401E-012
 SINGLE POLE (MadFKS)   -1.1258350679006040E-012
 DOUBLE POLE (MadFKS)   -5.9050004153904021E-013
 SINGLE POLE (MadLoop)  -1.1258350679004109E-012
 DOUBLE POLE (MadLoop)  -5.9050004153906010E-013
 FINITE PART (MadLoop)   5.1132821731035918E-013
   325.00000000000000        0.0000000000000000        0.0000000000000000        325.00000000000000        0.0000000000000000     
   325.00000000000000        0.0000000000000000        0.0000000000000000       -325.00000000000000        0.0000000000000000     
   200.83803967509490        48.601498464226168        111.02856624855222        160.14515292183424        0.0000000000000000     
   54.682441752028978        17.756755718002527       -46.103372304372101       -23.438133980751999        0.0000000000000000     
Thanks for using LHAPDF 6.2.1. Please make sure to cite the paper:
  Eur.Phys.J. C75 (2015) 3, 132  (http://arxiv.org/abs/1412.7420)
   283.97382828393302       -124.68661007441055       -75.927127819695045       -229.91789779194167        80.419002445756163     
   110.50569028894313        58.328355892181847        11.001933875514949        93.210878850859416        0.0000000000000000     

 PASSED   1.0000000000000001E-005
 MU_R    =    325.00000000000000     
 ALPHA_S =   0.11799999999999999     
 BORN                    3.3767759382477965E-012
 SINGLE POLE (MadFKS)   -4.8633861886701106E-013
 DOUBLE POLE (MadFKS)   -3.5936191602184479E-013
 SINGLE POLE (MadLoop)  -4.8633861886702418E-013
 DOUBLE POLE (MadLoop)  -3.5936191602184635E-013
 FINITE PART (MadLoop)   8.3155602617536233E-013
   325.00000000000000        0.0000000000000000        0.0000000000000000        325.00000000000000        0.0000000000000000     
   325.00000000000000        0.0000000000000000        0.0000000000000000       -325.00000000000000        0.0000000000000000     
   270.11960414526681        21.901284540200514        67.713452673414707       -260.57594402808945        0.0000000000000000     
   80.107179178193391        37.258082527390151       -45.286700409944821        54.572064357592971        0.0000000000000000     
   204.31283379591102       -26.750956941659641       -98.210952987541390        157.84648591378087        80.419002445756163     
   95.460382880628870       -32.408410125931027        75.784200724071496        48.157393756715628        0.0000000000000000     

 NUMBER OF POINTS PASSING THE CHECK          20
 NUMBER OF POINTS FAILING THE CHECK           0
 TOLERANCE    1.0000000000000001E-005
