==== LHAPDF6 USING DEFAULT-TYPE LHAGLUE INTERFACE ====
LHAPDF 6.2.1 loading /cvmfs/cms.cern.ch/slc7_amd64_gcc700/external/lhapdf/6.2.1-pafccj3/share/LHAPDF/NNPDF31_nnlo_as_0118_nf_4_mc_hessian/NNPDF31_nnlo_as_0118_nf_4_mc_hessian_0000.dat
NNPDF31_nnlo_as_0118_nf_4_mc_hessian PDF set, member #0, version 1; LHAPDF ID = 325500
 A PDF is used, so alpha_s(MZ) is going to be modified
 Old value of alpha_s from param_card:   0.11799999999999999     
 New value of alpha_s from PDF lhapdf :  0.11266013434007299     
 *****************************************************
 *               MadGraph/MadEvent                   *
 *        --------------------------------           *
 *          http://madgraph.hep.uiuc.edu             *
 *          http://madgraph.phys.ucl.ac.be           *
 *          http://madgraph.roma2.infn.it            *
 *        --------------------------------           *
 *                                                   *
 *          PARAMETER AND COUPLING VALUES            *
 *                                                   *
 *****************************************************

  External Params
  ---------------------------------
  
 MU_R =    91.188000000000002     
 aEWM1 =    132.50700000000001     
 mdl_Gf =    1.1663900000000000E-005
 aS =   0.11799999999999999     
 mdl_ymb =    4.7000000000000002     
 mdl_ymt =    173.00000000000000     
 mdl_ymtau =    1.7769999999999999     
 mdl_MT =    173.00000000000000     
 mdl_MB =    4.7000000000000002     
 mdl_MZ =    91.188000000000002     
 mdl_MH =    125.00000000000000     
 mdl_MTA =    1.7769999999999999     
 mdl_WT =    1.4915000000000000     
 mdl_WZ =    2.4414039999999999     
 mdl_WW =    2.0476000000000001     
 mdl_WH =    6.3823389999999999E-003
  Internal Params
  ---------------------------------
  
 mdl_conjg__CKM3x3 =    1.0000000000000000     
 mdl_CKM22 =    1.0000000000000000     
 mdl_lhv =    1.0000000000000000     
 mdl_CKM3x3 =    1.0000000000000000     
 mdl_conjg__CKM22 =    1.0000000000000000     
 mdl_conjg__CKM33 =    1.0000000000000000     
 mdl_Ncol =    3.0000000000000000     
 mdl_CA =    3.0000000000000000     
 mdl_TF =   0.50000000000000000     
 mdl_CF =    1.3333333333333333     
 mdl_complexi =                (0.0000000000000000,1.0000000000000000)
 mdl_MZ__exp__2 =    8315.2513440000002     
 mdl_MZ__exp__4 =    69143404.913893804     
 mdl_sqrt__2 =    1.4142135623730951     
 mdl_MH__exp__2 =    15625.000000000000     
 mdl_Ncol__exp__2 =    9.0000000000000000     
 mdl_MB__exp__2 =    22.090000000000003     
 mdl_MT__exp__2 =    29929.000000000000     
 mdl_aEW =    7.5467711139788835E-003
 mdl_MW =    80.419002445756163     
 mdl_sqrt__aEW =    8.6872153846781555E-002
 mdl_ee =   0.30795376724436879     
 mdl_MW__exp__2 =    6467.2159543705357     
 mdl_sw2 =   0.22224648578577766     
 mdl_cw =   0.88190334743339216     
 mdl_sqrt__sw2 =   0.47143025548407230     
 mdl_sw =   0.47143025548407230     
 mdl_g1 =   0.34919219678733299     
 mdl_gw =   0.65323293034757990     
 mdl_v =    246.21845810181637     
 mdl_v__exp__2 =    60623.529110035903     
 mdl_lam =   0.12886910601690263     
 mdl_yb =    2.6995554250465490E-002
 mdl_yt =   0.99366614581500623     
 mdl_ytau =    1.0206617000654717E-002
 mdl_muH =    88.388347648318430     
 mdl_AxialZUp =  -0.18517701861793787     
 mdl_AxialZDown =   0.18517701861793787     
 mdl_VectorZUp =    7.5430507588273299E-002
 mdl_VectorZDown =  -0.13030376310310560     
 mdl_VectorAUp =   0.20530251149624587     
 mdl_VectorADown =  -0.10265125574812294     
 mdl_VectorWmDxU =   0.23095271737156670     
 mdl_AxialWmDxU =  -0.23095271737156670     
 mdl_VectorWpUxD =   0.23095271737156670     
 mdl_AxialWpUxD =  -0.23095271737156670     
 mdl_I1x33 =          (2.69955542504654901E-002,0.0000000000000000)
 mdl_I2x33 =               (0.99366614581500623,0.0000000000000000)
 mdl_I3x33 =               (0.99366614581500623,0.0000000000000000)
 mdl_I4x33 =          (2.69955542504654901E-002,0.0000000000000000)
 mdl_Vector_tbGp =              (-0.96667059156454072,0.0000000000000000)
 mdl_Axial_tbGp =              (-1.0206617000654716,-0.0000000000000000)
 mdl_Vector_tbGm =               (0.96667059156454072,0.0000000000000000)
 mdl_Axial_tbGm =              (-1.0206617000654716,-0.0000000000000000)
 mdl_gw__exp__2 =   0.42671326129048615     
 mdl_cw__exp__2 =   0.77775351421422245     
 mdl_ee__exp__2 =    9.4835522759998875E-002
 mdl_sw__exp__2 =   0.22224648578577769     
 mdl_yb__exp__2 =    7.2875994928982540E-004
 mdl_yt__exp__2 =   0.98737240933884918     
  Internal Params evaluated point by point
  ----------------------------------------
  
 mdl_sqrt__aS =   0.34351128074635334     
 mdl_G__exp__4 =    2.1987899468922913     
 mdl_G__exp__2 =    1.4828317324943823     
 mdl_R2MixedFactor_FIN_ =   -2.5040377713124864E-002
 mdl_G_UVg_1EPS_ =   -5.1645779033320030E-002
 mdl_G_UVq_1EPS_ =    3.1300472141406080E-003
 mdl_GWcft_UV_b_1EPS_ =   -3.1300472141406080E-003
 mdl_GWcft_UV_t_1EPS_ =   -3.1300472141406080E-003
 mdl_bWcft_UV_1EPS_ =   -1.8780283284843650E-002
 mdl_tWcft_UV_1EPS_ =   -1.8780283284843650E-002
 mdl_G__exp__3 =    1.8056676068262196     
 mdl_MU_R__exp__2 =    8315.2513440000002     
 mdl_G_UVb_FIN_ =    1.8563438626678915E-002
 mdl_G_UVt_FIN_ =   -4.0087659331150384E-003
 mdl_GWcft_UV_b_FIN_ =   -1.8563438626678915E-002
 mdl_GWcft_UV_t_FIN_ =    4.0087659331150384E-003
 mdl_bWcft_UV_FIN_ =  -0.13642100947319838     
 mdl_tWcft_UV_FIN_ =   -9.8778211443463623E-004
  Couplings of loop_sm
  ---------------------------------
  
      UV_GQQb =   0.00000E+00   0.22605E-01
      UV_GQQt =   0.00000E+00  -0.48815E-02
   UVWfct_G_2 =   0.40088E-02   0.00000E+00
   UVWfct_G_1 =  -0.18563E-01   0.00000E+00
       R2_DDA =   0.00000E+00   0.25704E-02
       R2_UUA =  -0.00000E+00  -0.51409E-02
    R2_UUZ_V2 =  -0.00000E+00  -0.72127E-02
    R2_UUZ_V5 =   0.00000E+00   0.68702E-03
      R2_sxcW =  -0.00000E+00  -0.11566E-01
      R2_GGHb =   0.00000E+00  -0.33698E-02
      R2_GGHt =   0.00000E+00  -0.45657E+01
     R2_GGZup =  -0.46369E-02   0.00000E+00
    R2_GGWWcs =   0.00000E+00   0.13356E-02
         GC_4 =  -0.12177E+01   0.00000E+00
         GC_5 =   0.00000E+00   0.12177E+01
       R2_GQQ =  -0.00000E+00  -0.30492E-01
       R2_QQq =   0.00000E+00   0.12520E-01
 UV_GQQg_1eps =   0.00000E+00  -0.62890E-01
 UV_GQQq_1eps =   0.00000E+00   0.38115E-02
 UVWfct_G_2_1eps -0.31300E-02   0.00000E+00
         GC_1 =  -0.00000E+00  -0.10265E+00
         GC_2 =   0.00000E+00   0.20530E+00
         GC_7 =   0.00000E+00   0.57609E+00
        GC_22 =   0.00000E+00   0.28804E+00
        GC_23 =  -0.00000E+00  -0.27437E-01
        GC_24 =   0.00000E+00   0.82310E-01
        GC_25 =   0.00000E+00   0.30795E+00
        GC_28 =   0.00000E+00   0.37035E+00
        GC_31 =   0.00000E+00   0.52532E+02
        GC_33 =  -0.00000E+00  -0.19089E-01
        GC_37 =  -0.00000E+00  -0.70263E+00
        GC_38 =  -0.00000E+00  -0.72172E-02
        GC_47 =   0.00000E+00   0.46191E+00

 Collider parameters:
 --------------------

 Running at P P   machine @    13000.000000000000       GeV
 PDF set = lhapdf 
 alpha_s(Mz)= 0.1127 running at 3 loops.
 alpha_s(Mz)= 0.1127 running at 3 loops.
 Renormalization scale set on event-by-event basis
 Factorization   scale set on event-by-event basis


 ===============================================================
 INFO: MadFKS read these parameters from FKS_params.dat
 ===============================================================
  > IRPoleCheckThreshold      =    1.0000000000000001E-005
  > PrecisionVirtualAtRunTime =    1.0000000000000000E-003
  > NHelForMCoverHels         =            4
  > VirtualFraction           =    1.0000000000000000     
  > MinVirtualFraction        =    5.0000000000000001E-003
 ===============================================================
  Insert the number of points to test
 Insert the relative tolerance
  A negative number will mean use the default one:    1.0000000000000001E-005
Using random seed offsets:     1 ,     47 ,      0
  with seed                   32
 Ranmar initialization seeds       10730        9453
  ========================================================================================== 
 {                                                                                          }
 {       [32m                                                                            [0m       }
 {       [32m                               ,,                                           [0m       }
 {       [32m`7MMM.     ,MMF'             `7MM  `7MMF'                                   [0m       }
 {       [32m  MMMb    dPMM                 MM    MM                                     [0m       }
 {       [32m  M YM   ,M MM   ,6"Yb.   ,M""bMM    MM         ,pW"Wq.   ,pW"Wq.`7MMpdMAo. [0m       }
 {       [32m  M  Mb  M' MM  8)   MM ,AP    MM    MM        6W'   `Wb 6W'   `Wb MM   `Wb [0m       }
 {       [32m  M  YM.P'  MM   ,pm9MM 8MI    MM    MM      , 8M     M8 8M     M8 MM    M8 [0m       }
 {       [32m  M  `YM'   MM  8M   MM `Mb    MM    MM     ,M YA.   ,A9 YA.   ,A9 MM   ,AP [0m       }
 {       [32m.JML. `'  .JMML.`Moo9^Yo.`Wbmd"MML..JMMmmmmMMM  `Ybmd9'   `Ybmd9'  MMbmmd'  [0m       }
 {       [32m                                                                   MM       [0m       }
 {       [32m                                                                 .JMML.     [0m       }
 {       [32m[0mv2.6.5 (2018-02-03), Ref: arXiv:1103.0621v2, arXiv:1405.0301[32m                [0m       }
 {       [32m                                                                            [0m       }
 {                                                                                          }
  ========================================================================================== 
 ===============================================================
 INFO: MadLoop read these parameters from ./MadLoop5_resources/MadLoopParams.dat                                                                                                                                                                                                                                                                                                                                                                                                                                                                                          
 ===============================================================
  > MLReductionLib            = 6|7|1
  > CTModeRun                 =           -1
  > MLStabThres               =    1.0000000000000000E-003
  > NRotations_DP             =            0
  > NRotations_QP             =            0
  > CTStabThres               =    1.0000000000000000E-002
  > CTLoopLibrary             =            2
  > CTModeInit                =            1
  > CheckCycle                =            3
  > MaxAttempts               =           10
  > UseLoopFilter             =  F
  > HelicityFilterLevel       =            2
  > ImprovePSPoint            =            2
  > DoubleCheckHelicityFilter =  T
  > LoopInitStartOver         =  F
  > HelInitStartOver          =  F
  > ZeroThres                 =    1.0000000000000001E-009
  > OSThres                   =    1.0000000000000000E-008
  > WriteOutFilters           =  T
  > UseQPIntegrandForNinja    =  T
  > UseQPIntegrandForCutTools =  T
  > IREGIMODE                 =            2
  > IREGIRECY                 =  T
  > COLLIERMode               =            1
  > COLLIERRequiredAccuracy   =    1.0000000000000000E-008
  > COLLIERCanOutput          =  F
  > COLLIERComputeUVpoles     =  T
  > COLLIERComputeIRpoles     =  T
  > COLLIERGlobalCache        =           -1
  > COLLIERUseCacheForPoles   =  F
  > COLLIERUseInternalStabilityTest =  T
 ===============================================================
  
------------------------------------------------------------------------
|              You are using CutTools - Version 1.9.3                  |
|              Authors: G. Ossola, C. Papadopoulos, R. Pittau          |
|              Published in JHEP 0803:042,2008                         |
|              http://www.ugr.es/~pittau/CutTools                      |
|                                                                      |
|              Compiler with  34  significant digits detetected        |
 ---------------------------------------------------------------------- 
   
########################################################################
#                                                                      #

  +----------------------------------------------------------------+
  |                                                                |
  |  Ninja - version 1.1.0                                         |
  |                                                                |
  |  Author: Tiziano Peraro                                        |
  |                                                                |
  |  Based on:                                                     |
  |                                                                |
  |      P. Mastrolia, E. Mirabella and T. Peraro,                 |
  |      "Integrand reduction of one-loop scattering amplitudes    |
  |      through Laurent series expansion,"                        |
  |      JHEP 1206 (2012) 095  [arXiv:1203.0291 [hep-ph]].         |
  |                                                                |
  |      T. Peraro,                                                |
  |      "Ninja: Automated Integrand Reduction via Laurent         |
  |      Expansion for One-Loop Amplitudes,"                       |
  |      Comput.Phys.Commun. 185 (2014) [arXiv:1403.1229 [hep-ph]] |
  |                                                                |
  +----------------------------------------------------------------+


#                      You are using OneLOop-3.6                       #
#                                                                      #
# for the evaluation of 1-loop scalar 1-, 2-, 3- and 4-point functions #
#                                                                      #
# author: Andreas van Hameren <hamerenREMOVETHIS@ifj.edu.pl>           #
#   date: 18-02-2015                                                   #
#                                                                      #
# Please cite                                                          #
#    A. van Hameren,                                                   #
#      Comput.Phys.Commun. 182 (2011) 2427-2438, arXiv:1007.4716       #
#    A. van Hameren, C.G. Papadopoulos and R. Pittau,                  #
#      JHEP 0909:106,2009, arXiv:0903.4665                             #
# in publications with results obtained with the help of this program. #
#                                                                      #
########################################################################
########################################################################
#                                                                      #
#                      You are using OneLOop-3.6                       #
#                                                                      #
# for the evaluation of 1-loop scalar 1-, 2-, 3- and 4-point functions #
#                                                                      #
# author: Andreas van Hameren <hamerenREMOVETHIS@ifj.edu.pl>           #
#   date: 18-02-2015                                                   #
#                                                                      #
# Please cite                                                          #
#    A. van Hameren,                                                   #
#      Comput.Phys.Commun. 182 (2011) 2427-2438, arXiv:1007.4716       #
#    A. van Hameren, C.G. Papadopoulos and R. Pittau,                  #
#      JHEP 0909:106,2009, arXiv:0903.4665                             #
# in publications with results obtained with the help of this program. #
#                                                                      #
########################################################################
 PASSED   1.0000000000000001E-005
 MU_R    =    325.00000000000000     
 ALPHA_S =   0.11799999999999999     
 BORN                    2.6920035711443066E-008
 SINGLE POLE (MadFKS)   -5.8309790992503628E-009
 DOUBLE POLE (MadFKS)   -2.8648734146277136E-009
 SINGLE POLE (MadLoop)  -5.8309790992517310E-009
 DOUBLE POLE (MadLoop)  -2.8648734146277756E-009
 FINITE PART (MadLoop)   4.1065898424355830E-009
   325.00000000000000        0.0000000000000000        0.0000000000000000        325.00000000000000        0.0000000000000000     
   325.00000000000000        0.0000000000000000        0.0000000000000000       -325.00000000000000        0.0000000000000000     
   99.224376889413776       -36.939949825768373       -24.553699333695416       -88.758283697875953        0.0000000000000000     
   122.59382761832012       -107.29179063985505       -19.662233295968107       -55.956365260967544        0.0000000000000000     
   153.29275234831022        60.372120993901483        11.982193707651993       -115.07860795473613        80.419002445756163     
   274.88904314395580        83.859619471721956        32.233738922011533        259.79325691357968        0.0000000000000000     

 PASSED   1.0000000000000001E-005
 MU_R    =    325.00000000000000     
 ALPHA_S =   0.11799999999999999     
 BORN                    6.5178618211985007E-009
 SINGLE POLE (MadFKS)   -9.1745592980300417E-010
 DOUBLE POLE (MadFKS)   -6.9364131801025714E-010
 SINGLE POLE (MadLoop)  -9.1745592980392875E-010
 DOUBLE POLE (MadLoop)  -6.9364131801025321E-010
 FINITE PART (MadLoop)   8.7703267786308246E-010
   325.00000000000000        0.0000000000000000        0.0000000000000000        325.00000000000000        0.0000000000000000     
   325.00000000000000        0.0000000000000000        0.0000000000000000       -325.00000000000000        0.0000000000000000     
   101.40213379695167       -21.262225278772757       -72.542731038286050       -67.585965172338163        0.0000000000000000     
   187.19851304752672       -93.003417996381273       -37.090042409241661       -158.17071878914896        0.0000000000000000     
   97.710013489792544       -33.938738030057117        39.465776113121912        19.252152049082650        80.419002445756163     
   263.68933966572905        148.20438130521114        70.166997334405707        206.50453191240447        0.0000000000000000     

 PASSED   1.0000000000000001E-005
 MU_R    =    325.00000000000000     
 ALPHA_S =   0.11799999999999999     
 BORN                    2.1443921036112089E-009
 SINGLE POLE (MadFKS)   -8.8659693706931717E-011
 DOUBLE POLE (MadFKS)   -2.2820965001773498E-010
 SINGLE POLE (MadLoop)  -8.8659693706936331E-011
 DOUBLE POLE (MadLoop)  -2.2820965001774093E-010
 FINITE PART (MadLoop)   5.2379030461447144E-011
   325.00000000000000        0.0000000000000000        0.0000000000000000        325.00000000000000        0.0000000000000000     
   325.00000000000000        0.0000000000000000        0.0000000000000000       -325.00000000000000        0.0000000000000000     
   118.62256761944916        33.275964937501392        112.31973107077579       -18.662843253308392        0.0000000000000000     
   29.046631735632307       -9.2078020199443440       -6.8135018050018790       -26.692684209351956        0.0000000000000000     
   312.83525308736210       -117.83259312303208       -242.66733520157177        136.47975690164949        80.419002445756163     
   189.49554755755639        93.764430205475094        137.16110593579788       -91.124229438989133        0.0000000000000000     

 PASSED   1.0000000000000001E-005
 MU_R    =    325.00000000000000     
 ALPHA_S =   0.11799999999999999     
 BORN                    7.0991631919130163E-012
 SINGLE POLE (MadFKS)   -1.9772010261064323E-012
 DOUBLE POLE (MadFKS)   -7.5550434303361408E-013
 SINGLE POLE (MadLoop)  -1.9772010261070252E-012
 DOUBLE POLE (MadLoop)  -7.5550434303256142E-013
 FINITE PART (MadLoop)  -9.1854958583408866E-013
   325.00000000000000        0.0000000000000000        0.0000000000000000        325.00000000000000        0.0000000000000000     
   325.00000000000000        0.0000000000000000        0.0000000000000000       -325.00000000000000        0.0000000000000000     
   249.87007441886649        155.56498363733039       -106.03601054587514       -164.28924013313258        0.0000000000000000     
   188.19233710597771       -161.76670685151404       -16.914800543723658        94.666666902306844        0.0000000000000000     
   134.27943771537986       -13.614912254603020        106.60656196989630       -3.6642254360448812        80.419002445756163     
   77.658150759775978        19.816635468786689        16.344249119702454        73.286798666870581        0.0000000000000000     

 PASSED   1.0000000000000001E-005
 MU_R    =    325.00000000000000     
 ALPHA_S =   0.11799999999999999     
 BORN                    1.1031312525347709E-011
 SINGLE POLE (MadFKS)   -9.3963720303278988E-013
 DOUBLE POLE (MadFKS)   -1.1739699873014858E-012
 SINGLE POLE (MadLoop)  -9.3963720303295407E-013
 DOUBLE POLE (MadLoop)  -1.1739699873014852E-012
 FINITE PART (MadLoop)   2.0528115974114866E-012
   325.00000000000000        0.0000000000000000        0.0000000000000000        325.00000000000000        0.0000000000000000     
   325.00000000000000        0.0000000000000000        0.0000000000000000       -325.00000000000000        0.0000000000000000     
   201.39468914924853       -117.82261246770508       -137.77769411253774        87.720920046699447        0.0000000000000000     
   139.78419456145940        109.65298209890277        33.701974543636432       -79.875036637698869        0.0000000000000000     
   136.21694219153954       -98.346271582462776       -27.739885088467840       -40.575226761532342        80.419002445756163     
   172.60417409775246        106.51590195126502        131.81560465736914        32.729343352531771        0.0000000000000000     

 PASSED   1.0000000000000001E-005
 MU_R    =    325.00000000000000     
 ALPHA_S =   0.11799999999999999     
 BORN                    4.6163788257101340E-012
 SINGLE POLE (MadFKS)   -3.9409655626591064E-013
 DOUBLE POLE (MadFKS)   -4.9128244521627770E-013
 SINGLE POLE (MadLoop)  -3.9409655626581250E-013
 DOUBLE POLE (MadLoop)  -4.9128244521627205E-013
 FINITE PART (MadLoop)   6.0911887447149873E-013
   325.00000000000000        0.0000000000000000        0.0000000000000000        325.00000000000000        0.0000000000000000     
   325.00000000000000        0.0000000000000000        0.0000000000000000       -325.00000000000000        0.0000000000000000     
   211.20662833012858       -166.73391586452314       -123.83476623514966        38.379575591048940        0.0000000000000000     
   207.10453186420651        195.42486979499031       -65.296015095621158       -20.924573996514468        0.0000000000000000     
   108.25039759647098       -28.373775748102002        65.914742700365551       -10.055255837845859        80.419002445756163     
   123.43844220919397      -0.31717818236512235        123.21603863040527       -7.3997457566886062        0.0000000000000000     

 PASSED   1.0000000000000001E-005
 MU_R    =    325.00000000000000     
 ALPHA_S =   0.11799999999999999     
 BORN                    6.1552212198969035E-012
 SINGLE POLE (MadFKS)   -2.6439140768769150E-013
 DOUBLE POLE (MadFKS)   -6.5504852307975360E-013
 SINGLE POLE (MadLoop)  -2.6439140768771276E-013
 DOUBLE POLE (MadLoop)  -6.5504852307976148E-013
 FINITE PART (MadLoop)   8.2305556395621874E-013
   325.00000000000000        0.0000000000000000        0.0000000000000000        325.00000000000000        0.0000000000000000     
   325.00000000000000        0.0000000000000000        0.0000000000000000       -325.00000000000000        0.0000000000000000     
   188.33512640119588       -99.775075310676215       -92.086484153182624        130.51870984502168        0.0000000000000000     
   87.206863323643915        34.443468268770729        78.412152953728551       -16.438332443650317        0.0000000000000000     
   197.50451725484919        129.55701743818679       -123.47878794311535       -22.556297176642232        80.419002445756163     
   176.95349302031107       -64.225410396281276        137.15311914256944       -91.524080224729090        0.0000000000000000     

 PASSED   1.0000000000000001E-005
 MU_R    =    325.00000000000000     
 ALPHA_S =   0.11799999999999999     
 BORN                    8.1991928824547003E-012
 SINGLE POLE (MadFKS)   -6.3290586393902770E-013
 DOUBLE POLE (MadFKS)   -8.7257126855758045E-013
 SINGLE POLE (MadLoop)  -6.3290586393902266E-013
 DOUBLE POLE (MadLoop)  -8.7257126855758187E-013
 FINITE PART (MadLoop)   8.6275842154067085E-013
   325.00000000000000        0.0000000000000000        0.0000000000000000        325.00000000000000        0.0000000000000000     
   325.00000000000000        0.0000000000000000        0.0000000000000000       -325.00000000000000        0.0000000000000000     
   104.32014627717083        23.556016023546757       -67.447501030656909       -76.017377178565283        0.0000000000000000     
   256.92192234506479        159.20740111467219       -74.763646512998022        187.27593217462532        0.0000000000000000     
   163.15860893604997       -98.917907275028071        51.706020088105809       -87.722578750021356        80.419002445756163     
   125.59932244171441       -83.845509863191097        90.505127455548987       -23.535976246038715        0.0000000000000000     

 PASSED   1.0000000000000001E-005
 MU_R    =    325.00000000000000     
 ALPHA_S =   0.11799999999999999     
 BORN                    1.1377555286978598E-011
 SINGLE POLE (MadFKS)   -1.5731666685090127E-012
 DOUBLE POLE (MadFKS)   -1.2108176978110957E-012
 SINGLE POLE (MadLoop)  -1.5731666685100544E-012
 DOUBLE POLE (MadLoop)  -1.2108176978112465E-012
 FINITE PART (MadLoop)   3.3683828107669534E-013
   325.00000000000000        0.0000000000000000        0.0000000000000000        325.00000000000000        0.0000000000000000     
   325.00000000000000        0.0000000000000000        0.0000000000000000       -325.00000000000000        0.0000000000000000     
   103.24121594699133       -22.017789486116328       -73.967234382538010        68.577065073951985        0.0000000000000000     
   166.58873299053960        145.75602443530559        35.366968449663645       -72.499412707196427        0.0000000000000000     
   254.41008713099430       -213.49734690556249        90.060230752598997       -67.567108719436035        80.419002445756163     
   125.75996393147476        89.759111956373218       -51.459964819724611        71.489456352680335        0.0000000000000000     

 PASSED   1.0000000000000001E-005
 MU_R    =    325.00000000000000     
 ALPHA_S =   0.11799999999999999     
 BORN                    3.1285722994847771E-012
 SINGLE POLE (MadFKS)   -2.9794361547709013E-013
 DOUBLE POLE (MadFKS)   -3.3294768634815331E-013
 SINGLE POLE (MadLoop)  -2.9794361547709755E-013
 DOUBLE POLE (MadLoop)  -3.3294768634815452E-013
 FINITE PART (MadLoop)   2.7872627422420721E-013
   325.00000000000000        0.0000000000000000        0.0000000000000000        325.00000000000000        0.0000000000000000     
   325.00000000000000        0.0000000000000000        0.0000000000000000       -325.00000000000000        0.0000000000000000     
   228.39417224133254       -137.18648054212790       -180.61188119443310       -26.890813332359329        0.0000000000000000     
   137.72131987852376        117.62565325674767        44.111683915592067        56.440472952810381        0.0000000000000000     
   181.26419947015140        118.21400112366166        108.70739459279584       -24.446806629197809        80.419002445756163     
   102.62030840999238       -98.653173838281404        27.792802686045253       -5.1028529912532443        0.0000000000000000     

 PASSED   1.0000000000000001E-005
 MU_R    =    325.00000000000000     
 ALPHA_S =   0.11799999999999999     
 BORN                    3.9562443129385955E-011
 SINGLE POLE (MadFKS)   -8.3783353409839120E-012
 DOUBLE POLE (MadFKS)   -4.2102987066588455E-012
 SINGLE POLE (MadLoop)  -8.3783353409838006E-012
 DOUBLE POLE (MadLoop)  -4.2102987066589029E-012
 FINITE PART (MadLoop)   1.6277173156357099E-012
   325.00000000000000        0.0000000000000000        0.0000000000000000        325.00000000000000        0.0000000000000000     
   325.00000000000000        0.0000000000000000        0.0000000000000000       -325.00000000000000        0.0000000000000000     
   254.12633939635879        129.41986951337859       -47.367492770023262        213.51115750427462        0.0000000000000000     
   189.79585987278026        21.570888225425769        111.19339054596017       -152.29312231649786        0.0000000000000000     
   184.80859047489975       -143.43845761992475       -46.252807903060372       -70.520109157943935        80.419002445756163     
   21.269210255961205       -7.5523001188796473       -17.573089872876515        9.3020739701671218        0.0000000000000000     

 PASSED   1.0000000000000001E-005
 MU_R    =    325.00000000000000     
 ALPHA_S =   0.11799999999999999     
 BORN                    6.1524194317970326E-010
 SINGLE POLE (MadFKS)   -1.8032613130417762E-011
 DOUBLE POLE (MadFKS)   -6.5475035229250870E-011
 SINGLE POLE (MadLoop)  -1.8032613130438154E-011
 DOUBLE POLE (MadLoop)  -6.5475035229253921E-011
 FINITE PART (MadLoop)  -9.8823050200678363E-011
   325.00000000000000        0.0000000000000000        0.0000000000000000        325.00000000000000        0.0000000000000000     
   325.00000000000000        0.0000000000000000        0.0000000000000000       -325.00000000000000        0.0000000000000000     
   62.688618979166598       -35.064529155554460       -44.200070002629566       -27.325730665016856        0.0000000000000000     
   124.20532093210373       -3.6172007935765267        14.405081832569776       -123.31411607623353        0.0000000000000000     
   314.43269462962797        104.02994011344929        28.670929254334691        284.17679861903468        80.419002445756163     
   148.67336545910175       -65.348210164318317        1.1240589157250731       -133.53695187778433        0.0000000000000000     

 PASSED   1.0000000000000001E-005
 MU_R    =    325.00000000000000     
 ALPHA_S =   0.11799999999999999     
 BORN                    1.8998818826320970E-011
 SINGLE POLE (MadFKS)   -1.2649950157243792E-012
 DOUBLE POLE (MadFKS)   -2.0218847979357952E-012
 SINGLE POLE (MadLoop)  -1.2649950157248128E-012
 DOUBLE POLE (MadLoop)  -2.0218847979358570E-012
 FINITE PART (MadLoop)   3.5677627505813235E-012
   325.00000000000000        0.0000000000000000        0.0000000000000000        325.00000000000000        0.0000000000000000     
   325.00000000000000        0.0000000000000000        0.0000000000000000       -325.00000000000000        0.0000000000000000     
   102.00807128054109        8.1135765296044831       -65.014343378228162       -78.185367156342096        0.0000000000000000     
   60.000049619406809       -50.763117174799397        10.767230830976109       -30.119406190384034        0.0000000000000000     
   265.30244044819801        229.49681921461584       -64.487673042213927        84.206406819039259        80.419002445756163     
   222.68943865185423       -186.84727856942095        118.73478558946593        24.098366527686760        0.0000000000000000     

 PASSED   1.0000000000000001E-005
 MU_R    =    325.00000000000000     
 ALPHA_S =   0.11799999999999999     
 BORN                    1.0402146463977251E-011
 SINGLE POLE (MadFKS)   -9.0338270548454651E-013
 DOUBLE POLE (MadFKS)   -1.1070131250622556E-012
 SINGLE POLE (MadLoop)  -9.0338270548590704E-013
 DOUBLE POLE (MadLoop)  -1.1070131250622546E-012
 FINITE PART (MadLoop)   2.6052929284235448E-012
   325.00000000000000        0.0000000000000000        0.0000000000000000        325.00000000000000        0.0000000000000000     
   325.00000000000000        0.0000000000000000        0.0000000000000000       -325.00000000000000        0.0000000000000000     
   165.18102184287363        143.87330419410088        41.969693313178624       -69.453489188991441        0.0000000000000000     
   62.200148640487200       -16.598715743133255       -58.234211137267579        14.216813278562228        0.0000000000000000     
   159.70141218309038        101.92139087072479        69.093293265001805       -62.253289131388023        80.419002445756163     
   262.91741733354883       -229.19597932169236       -52.828775440912821        117.48996504181726        0.0000000000000000     

 PASSED   1.0000000000000001E-005
 MU_R    =    325.00000000000000     
 ALPHA_S =   0.11799999999999999     
 BORN                    2.9223097845638936E-011
 SINGLE POLE (MadFKS)   -7.5282730167672001E-012
 DOUBLE POLE (MadFKS)   -3.1099689840102188E-012
 SINGLE POLE (MadLoop)  -7.5282730167686025E-012
 DOUBLE POLE (MadLoop)  -3.1099689840085011E-012
 FINITE PART (MadLoop)  -1.2830091010025215E-013
   325.00000000000000        0.0000000000000000        0.0000000000000000        325.00000000000000        0.0000000000000000     
   325.00000000000000        0.0000000000000000        0.0000000000000000       -325.00000000000000        0.0000000000000000     
   134.78725224628542        2.6063815450787389       -134.74140927688782       -2.3585523999799975        0.0000000000000000     
   241.69400631672687        124.52541415360552        181.46695778940369        99.895731390093985        0.0000000000000000     
   224.08637652488216       -139.23927254258589       -66.992073243523564       -140.96799386394983        80.419002445756163     
   49.432364912105527        12.107476843901637        20.266524731007717        43.430814873835835        0.0000000000000000     

 PASSED   1.0000000000000001E-005
 MU_R    =    325.00000000000000     
 ALPHA_S =   0.11799999999999999     
 BORN                    9.5994393730853061E-012
 SINGLE POLE (MadFKS)   -1.5515122463937811E-013
 DOUBLE POLE (MadFKS)   -1.0215877478792691E-012
 SINGLE POLE (MadLoop)  -1.5515122463940464E-013
 DOUBLE POLE (MadLoop)  -1.0215877478792711E-012
 FINITE PART (MadLoop)   1.2741581790538543E-012
   325.00000000000000        0.0000000000000000        0.0000000000000000        325.00000000000000        0.0000000000000000     
   325.00000000000000        0.0000000000000000        0.0000000000000000       -325.00000000000000        0.0000000000000000     
   191.12528939130161        83.208705873773624       -129.64335393510609        113.12731010758380        0.0000000000000000     
   97.857223631904972        53.907223662491710        77.168126797755534        26.741870923184965        0.0000000000000000     
   142.31376434951198       -23.770865135114491        108.29222551964592        38.648821866756009        80.419002445756163     
   218.70372262728139       -113.34506440115085       -55.816998382295353       -178.51800289752472        0.0000000000000000     

 PASSED   1.0000000000000001E-005
 MU_R    =    325.00000000000000     
 ALPHA_S =   0.11799999999999999     
 BORN                    2.4229915850674097E-013
 SINGLE POLE (MadFKS)   -3.8653340311900938E-014
 DOUBLE POLE (MadFKS)   -2.5785865406469700E-014
 SINGLE POLE (MadLoop)  -3.8653340311873757E-014
 DOUBLE POLE (MadLoop)  -2.5785865406471262E-014
 FINITE PART (MadLoop)   4.1150943878268407E-014
   325.00000000000000        0.0000000000000000        0.0000000000000000        325.00000000000000        0.0000000000000000     
   325.00000000000000        0.0000000000000000        0.0000000000000000       -325.00000000000000        0.0000000000000000     
   235.68739987635342        66.303139102576566       -33.984615927298520       -223.60118534098720        0.0000000000000000     
   73.702435731633940       -6.3069770859329806        68.043660910955225       -27.610347383691106        0.0000000000000000     
   211.99655279543057       -13.628400261306409       -112.28183879537379        160.25722394270582        80.419002445756163     
   128.61361159658216       -46.367761755337192        78.222793811717011        90.954308781972429        0.0000000000000000     

 PASSED   1.0000000000000001E-005
 MU_R    =    325.00000000000000     
 ALPHA_S =   0.11799999999999999     
 BORN                    5.7440498060381316E-011
 SINGLE POLE (MadFKS)   -5.2979227086166775E-012
 DOUBLE POLE (MadFKS)   -6.1129100117133485E-012
 SINGLE POLE (MadLoop)  -5.2979227086168019E-012
 DOUBLE POLE (MadLoop)  -6.1129100117134091E-012
 FINITE PART (MadLoop)  -3.3629447379538113E-012
   325.00000000000000        0.0000000000000000        0.0000000000000000        325.00000000000000        0.0000000000000000     
   325.00000000000000        0.0000000000000000        0.0000000000000000       -325.00000000000000        0.0000000000000000     
   72.606166756533440        14.157762802444001       -64.285434654170217       -30.636515709716150        0.0000000000000000     
   180.22317689435633        176.46143150089486       -23.051860348793138       -28.466970632808120        0.0000000000000000     
   279.23438059144854       -165.00443659243624        202.44560471808759        57.392825205419875        80.419002445756163     
   117.93627575766166       -25.614757710902648       -115.10830971512424        1.7106611371043912        0.0000000000000000     

 PASSED   1.0000000000000001E-005
 MU_R    =    325.00000000000000     
 ALPHA_S =   0.11799999999999999     
 BORN                    4.2231330875173786E-012
 SINGLE POLE (MadFKS)   -5.7711271758803329E-014
 DOUBLE POLE (MadFKS)   -4.4943260248797901E-013
 SINGLE POLE (MadLoop)  -5.7711271758980816E-014
 DOUBLE POLE (MadLoop)  -4.4943260248798088E-013
 FINITE PART (MadLoop)   4.2601421424211409E-013
   325.00000000000000        0.0000000000000000        0.0000000000000000        325.00000000000000        0.0000000000000000     
   325.00000000000000        0.0000000000000000        0.0000000000000000       -325.00000000000000        0.0000000000000000     
   86.052796841482476       -60.548408105472852       -14.459386791452076       -59.412963684281436        0.0000000000000000     
   261.52030930523318        133.77525105231220        119.80441944635596        190.11563708994930        0.0000000000000000     
Thanks for using LHAPDF 6.2.1. Please make sure to cite the paper:
  Eur.Phys.J. C75 (2015) 3, 132  (http://arxiv.org/abs/1412.7420)
   108.08927158162005       -37.656862229542014       -38.368456676948576        48.227553700442826        80.419002445756163     
   194.33762227166426       -35.569980717297341       -66.976575977955306       -178.93022710611066        0.0000000000000000     

 PASSED   1.0000000000000001E-005
 MU_R    =    325.00000000000000     
 ALPHA_S =   0.11799999999999999     
 BORN                    9.2418391321384795E-012
 SINGLE POLE (MadFKS)   -1.5989871905252627E-012
 DOUBLE POLE (MadFKS)   -9.8353135618891397E-013
 SINGLE POLE (MadLoop)  -1.5989871905254969E-012
 DOUBLE POLE (MadLoop)  -9.8353135618892225E-013
 FINITE PART (MadLoop)   7.7433442614510748E-013
   325.00000000000000        0.0000000000000000        0.0000000000000000        325.00000000000000        0.0000000000000000     
   325.00000000000000        0.0000000000000000        0.0000000000000000       -325.00000000000000        0.0000000000000000     
   122.44772889717997        58.116497851043498        36.117052537794571        101.54544551868945        0.0000000000000000     
   271.85126705462250        85.612328580335515        14.289255865034233       -257.62270428104716        0.0000000000000000     
   182.02431760202063       -92.716974956478396       -77.106316001488906        110.10819602422448        80.419002445756163     
   73.676686446176845       -51.011851474900595        26.700007598660090        45.969062738133289        0.0000000000000000     

 NUMBER OF POINTS PASSING THE CHECK          20
 NUMBER OF POINTS FAILING THE CHECK           0
 TOLERANCE    1.0000000000000001E-005
