==== LHAPDF6 USING DEFAULT-TYPE LHAGLUE INTERFACE ====
LHAPDF 6.2.1 loading /cvmfs/cms.cern.ch/slc7_amd64_gcc700/external/lhapdf/6.2.1-pafccj3/share/LHAPDF/NNPDF31_nnlo_as_0118_nf_4_mc_hessian/NNPDF31_nnlo_as_0118_nf_4_mc_hessian_0000.dat
NNPDF31_nnlo_as_0118_nf_4_mc_hessian PDF set, member #0, version 1; LHAPDF ID = 325500
 A PDF is used, so alpha_s(MZ) is going to be modified
 Old value of alpha_s from param_card:   0.11799999999999999     
 New value of alpha_s from PDF lhapdf :  0.11266013434007299     
 *****************************************************
 *               MadGraph/MadEvent                   *
 *        --------------------------------           *
 *          http://madgraph.hep.uiuc.edu             *
 *          http://madgraph.phys.ucl.ac.be           *
 *          http://madgraph.roma2.infn.it            *
 *        --------------------------------           *
 *                                                   *
 *          PARAMETER AND COUPLING VALUES            *
 *                                                   *
 *****************************************************

  External Params
  ---------------------------------
  
 MU_R =    91.188000000000002     
 aEWM1 =    132.50700000000001     
 mdl_Gf =    1.1663900000000000E-005
 aS =   0.11799999999999999     
 mdl_ymb =    4.7000000000000002     
 mdl_ymt =    173.00000000000000     
 mdl_ymtau =    1.7769999999999999     
 mdl_MT =    173.00000000000000     
 mdl_MB =    4.7000000000000002     
 mdl_MZ =    91.188000000000002     
 mdl_MH =    125.00000000000000     
 mdl_MTA =    1.7769999999999999     
 mdl_WT =    1.4915000000000000     
 mdl_WZ =    2.4414039999999999     
 mdl_WW =    2.0476000000000001     
 mdl_WH =    6.3823389999999999E-003
  Internal Params
  ---------------------------------
  
 mdl_conjg__CKM3x3 =    1.0000000000000000     
 mdl_CKM22 =    1.0000000000000000     
 mdl_lhv =    1.0000000000000000     
 mdl_CKM3x3 =    1.0000000000000000     
 mdl_conjg__CKM22 =    1.0000000000000000     
 mdl_conjg__CKM33 =    1.0000000000000000     
 mdl_Ncol =    3.0000000000000000     
 mdl_CA =    3.0000000000000000     
 mdl_TF =   0.50000000000000000     
 mdl_CF =    1.3333333333333333     
 mdl_complexi =                (0.0000000000000000,1.0000000000000000)
 mdl_MZ__exp__2 =    8315.2513440000002     
 mdl_MZ__exp__4 =    69143404.913893804     
 mdl_sqrt__2 =    1.4142135623730951     
 mdl_MH__exp__2 =    15625.000000000000     
 mdl_Ncol__exp__2 =    9.0000000000000000     
 mdl_MB__exp__2 =    22.090000000000003     
 mdl_MT__exp__2 =    29929.000000000000     
 mdl_aEW =    7.5467711139788835E-003
 mdl_MW =    80.419002445756163     
 mdl_sqrt__aEW =    8.6872153846781555E-002
 mdl_ee =   0.30795376724436879     
 mdl_MW__exp__2 =    6467.2159543705357     
 mdl_sw2 =   0.22224648578577766     
 mdl_cw =   0.88190334743339216     
 mdl_sqrt__sw2 =   0.47143025548407230     
 mdl_sw =   0.47143025548407230     
 mdl_g1 =   0.34919219678733299     
 mdl_gw =   0.65323293034757990     
 mdl_v =    246.21845810181637     
 mdl_v__exp__2 =    60623.529110035903     
 mdl_lam =   0.12886910601690263     
 mdl_yb =    2.6995554250465490E-002
 mdl_yt =   0.99366614581500623     
 mdl_ytau =    1.0206617000654717E-002
 mdl_muH =    88.388347648318430     
 mdl_AxialZUp =  -0.18517701861793787     
 mdl_AxialZDown =   0.18517701861793787     
 mdl_VectorZUp =    7.5430507588273299E-002
 mdl_VectorZDown =  -0.13030376310310560     
 mdl_VectorAUp =   0.20530251149624587     
 mdl_VectorADown =  -0.10265125574812294     
 mdl_VectorWmDxU =   0.23095271737156670     
 mdl_AxialWmDxU =  -0.23095271737156670     
 mdl_VectorWpUxD =   0.23095271737156670     
 mdl_AxialWpUxD =  -0.23095271737156670     
 mdl_I1x33 =          (2.69955542504654901E-002,0.0000000000000000)
 mdl_I2x33 =               (0.99366614581500623,0.0000000000000000)
 mdl_I3x33 =               (0.99366614581500623,0.0000000000000000)
 mdl_I4x33 =          (2.69955542504654901E-002,0.0000000000000000)
 mdl_Vector_tbGp =              (-0.96667059156454072,0.0000000000000000)
 mdl_Axial_tbGp =              (-1.0206617000654716,-0.0000000000000000)
 mdl_Vector_tbGm =               (0.96667059156454072,0.0000000000000000)
 mdl_Axial_tbGm =              (-1.0206617000654716,-0.0000000000000000)
 mdl_gw__exp__2 =   0.42671326129048615     
 mdl_cw__exp__2 =   0.77775351421422245     
 mdl_ee__exp__2 =    9.4835522759998875E-002
 mdl_sw__exp__2 =   0.22224648578577769     
 mdl_yb__exp__2 =    7.2875994928982540E-004
 mdl_yt__exp__2 =   0.98737240933884918     
  Internal Params evaluated point by point
  ----------------------------------------
  
 mdl_sqrt__aS =   0.34351128074635334     
 mdl_G__exp__4 =    2.1987899468922913     
 mdl_G__exp__2 =    1.4828317324943823     
 mdl_R2MixedFactor_FIN_ =   -2.5040377713124864E-002
 mdl_G_UVg_1EPS_ =   -5.1645779033320030E-002
 mdl_G_UVq_1EPS_ =    3.1300472141406080E-003
 mdl_GWcft_UV_b_1EPS_ =   -3.1300472141406080E-003
 mdl_GWcft_UV_t_1EPS_ =   -3.1300472141406080E-003
 mdl_bWcft_UV_1EPS_ =   -1.8780283284843650E-002
 mdl_tWcft_UV_1EPS_ =   -1.8780283284843650E-002
 mdl_G__exp__3 =    1.8056676068262196     
 mdl_MU_R__exp__2 =    8315.2513440000002     
 mdl_G_UVb_FIN_ =    1.8563438626678915E-002
 mdl_G_UVt_FIN_ =   -4.0087659331150384E-003
 mdl_GWcft_UV_b_FIN_ =   -1.8563438626678915E-002
 mdl_GWcft_UV_t_FIN_ =    4.0087659331150384E-003
 mdl_bWcft_UV_FIN_ =  -0.13642100947319838     
 mdl_tWcft_UV_FIN_ =   -9.8778211443463623E-004
  Couplings of loop_sm
  ---------------------------------
  
      UV_GQQb =   0.00000E+00   0.22605E-01
      UV_GQQt =   0.00000E+00  -0.48815E-02
   UVWfct_G_2 =   0.40088E-02   0.00000E+00
   UVWfct_G_1 =  -0.18563E-01   0.00000E+00
       R2_DDA =   0.00000E+00   0.25704E-02
       R2_UUA =  -0.00000E+00  -0.51409E-02
    R2_UUZ_V2 =  -0.00000E+00  -0.72127E-02
    R2_UUZ_V5 =   0.00000E+00   0.68702E-03
      R2_sxcW =  -0.00000E+00  -0.11566E-01
      R2_GGHb =   0.00000E+00  -0.33698E-02
      R2_GGHt =   0.00000E+00  -0.45657E+01
     R2_GGZup =  -0.46369E-02   0.00000E+00
    R2_GGWWcs =   0.00000E+00   0.13356E-02
         GC_4 =  -0.12177E+01   0.00000E+00
         GC_5 =   0.00000E+00   0.12177E+01
       R2_GQQ =  -0.00000E+00  -0.30492E-01
       R2_QQq =   0.00000E+00   0.12520E-01
 UV_GQQg_1eps =   0.00000E+00  -0.62890E-01
 UV_GQQq_1eps =   0.00000E+00   0.38115E-02
 UVWfct_G_2_1eps -0.31300E-02   0.00000E+00
         GC_1 =  -0.00000E+00  -0.10265E+00
         GC_2 =   0.00000E+00   0.20530E+00
         GC_7 =   0.00000E+00   0.57609E+00
        GC_22 =   0.00000E+00   0.28804E+00
        GC_23 =  -0.00000E+00  -0.27437E-01
        GC_24 =   0.00000E+00   0.82310E-01
        GC_25 =   0.00000E+00   0.30795E+00
        GC_28 =   0.00000E+00   0.37035E+00
        GC_31 =   0.00000E+00   0.52532E+02
        GC_33 =  -0.00000E+00  -0.19089E-01
        GC_37 =  -0.00000E+00  -0.70263E+00
        GC_38 =  -0.00000E+00  -0.72172E-02
        GC_47 =   0.00000E+00   0.46191E+00

 Collider parameters:
 --------------------

 Running at P P   machine @    13000.000000000000       GeV
 PDF set = lhapdf 
 alpha_s(Mz)= 0.1127 running at 3 loops.
 alpha_s(Mz)= 0.1127 running at 3 loops.
 Renormalization scale set on event-by-event basis
 Factorization   scale set on event-by-event basis


 ===============================================================
 INFO: MadFKS read these parameters from FKS_params.dat
 ===============================================================
  > IRPoleCheckThreshold      =    1.0000000000000001E-005
  > PrecisionVirtualAtRunTime =    1.0000000000000000E-003
  > NHelForMCoverHels         =            4
  > VirtualFraction           =    1.0000000000000000     
  > MinVirtualFraction        =    5.0000000000000001E-003
 ===============================================================
  Insert the number of points to test
 Insert the relative tolerance
  A negative number will mean use the default one:    1.0000000000000001E-005
Using random seed offsets:     1 ,     20 ,      0
  with seed                   32
 Ranmar initialization seeds       10730        9426
  ========================================================================================== 
 {                                                                                          }
 {       [32m                                                                            [0m       }
 {       [32m                               ,,                                           [0m       }
 {       [32m`7MMM.     ,MMF'             `7MM  `7MMF'                                   [0m       }
 {       [32m  MMMb    dPMM                 MM    MM                                     [0m       }
 {       [32m  M YM   ,M MM   ,6"Yb.   ,M""bMM    MM         ,pW"Wq.   ,pW"Wq.`7MMpdMAo. [0m       }
 {       [32m  M  Mb  M' MM  8)   MM ,AP    MM    MM        6W'   `Wb 6W'   `Wb MM   `Wb [0m       }
 {       [32m  M  YM.P'  MM   ,pm9MM 8MI    MM    MM      , 8M     M8 8M     M8 MM    M8 [0m       }
 {       [32m  M  `YM'   MM  8M   MM `Mb    MM    MM     ,M YA.   ,A9 YA.   ,A9 MM   ,AP [0m       }
 {       [32m.JML. `'  .JMML.`Moo9^Yo.`Wbmd"MML..JMMmmmmMMM  `Ybmd9'   `Ybmd9'  MMbmmd'  [0m       }
 {       [32m                                                                   MM       [0m       }
 {       [32m                                                                 .JMML.     [0m       }
 {       [32m[0mv2.6.5 (2018-02-03), Ref: arXiv:1103.0621v2, arXiv:1405.0301[32m                [0m       }
 {       [32m                                                                            [0m       }
 {                                                                                          }
  ========================================================================================== 
 ===============================================================
 INFO: MadLoop read these parameters from ./MadLoop5_resources/MadLoopParams.dat                                                                                                                                                                                                                                                                                                                                                                                                                                                                                          
 ===============================================================
  > MLReductionLib            = 6|7|1
  > CTModeRun                 =           -1
  > MLStabThres               =    1.0000000000000000E-003
  > NRotations_DP             =            0
  > NRotations_QP             =            0
  > CTStabThres               =    1.0000000000000000E-002
  > CTLoopLibrary             =            2
  > CTModeInit                =            1
  > CheckCycle                =            3
  > MaxAttempts               =           10
  > UseLoopFilter             =  F
  > HelicityFilterLevel       =            2
  > ImprovePSPoint            =            2
  > DoubleCheckHelicityFilter =  T
  > LoopInitStartOver         =  F
  > HelInitStartOver          =  F
  > ZeroThres                 =    1.0000000000000001E-009
  > OSThres                   =    1.0000000000000000E-008
  > WriteOutFilters           =  T
  > UseQPIntegrandForNinja    =  T
  > UseQPIntegrandForCutTools =  T
  > IREGIMODE                 =            2
  > IREGIRECY                 =  T
  > COLLIERMode               =            1
  > COLLIERRequiredAccuracy   =    1.0000000000000000E-008
  > COLLIERCanOutput          =  F
  > COLLIERComputeUVpoles     =  T
  > COLLIERComputeIRpoles     =  T
  > COLLIERGlobalCache        =           -1
  > COLLIERUseCacheForPoles   =  F
  > COLLIERUseInternalStabilityTest =  T
 ===============================================================
  
------------------------------------------------------------------------
|              You are using CutTools - Version 1.9.3                  |
|              Authors: G. Ossola, C. Papadopoulos, R. Pittau          |
|              Published in JHEP 0803:042,2008                         |
|              http://www.ugr.es/~pittau/CutTools                      |
|                                                                      |
|              Compiler with  34  significant digits detetected        |
 ---------------------------------------------------------------------- 
   
########################################################################
#                                                                      #

  +----------------------------------------------------------------+
  |                                                                |
  |  Ninja - version 1.1.0                                         |
  |                                                                |
  |  Author: Tiziano Peraro                                        |
  |                                                                |
  |  Based on:                                                     |
  |                                                                |
  |      P. Mastrolia, E. Mirabella and T. Peraro,                 |
  |      "Integrand reduction of one-loop scattering amplitudes    |
  |      through Laurent series expansion,"                        |
  |      JHEP 1206 (2012) 095  [arXiv:1203.0291 [hep-ph]].         |
  |                                                                |
  |      T. Peraro,                                                |
  |      "Ninja: Automated Integrand Reduction via Laurent         |
  |      Expansion for One-Loop Amplitudes,"                       |
  |      Comput.Phys.Commun. 185 (2014) [arXiv:1403.1229 [hep-ph]] |
  |                                                                |
  +----------------------------------------------------------------+


#                      You are using OneLOop-3.6                       #
#                                                                      #
# for the evaluation of 1-loop scalar 1-, 2-, 3- and 4-point functions #
#                                                                      #
# author: Andreas van Hameren <hamerenREMOVETHIS@ifj.edu.pl>           #
#   date: 18-02-2015                                                   #
#                                                                      #
# Please cite                                                          #
#    A. van Hameren,                                                   #
#      Comput.Phys.Commun. 182 (2011) 2427-2438, arXiv:1007.4716       #
#    A. van Hameren, C.G. Papadopoulos and R. Pittau,                  #
#      JHEP 0909:106,2009, arXiv:0903.4665                             #
# in publications with results obtained with the help of this program. #
#                                                                      #
########################################################################
########################################################################
#                                                                      #
#                      You are using OneLOop-3.6                       #
#                                                                      #
# for the evaluation of 1-loop scalar 1-, 2-, 3- and 4-point functions #
#                                                                      #
# author: Andreas van Hameren <hamerenREMOVETHIS@ifj.edu.pl>           #
#   date: 18-02-2015                                                   #
#                                                                      #
# Please cite                                                          #
#    A. van Hameren,                                                   #
#      Comput.Phys.Commun. 182 (2011) 2427-2438, arXiv:1007.4716       #
#    A. van Hameren, C.G. Papadopoulos and R. Pittau,                  #
#      JHEP 0909:106,2009, arXiv:0903.4665                             #
# in publications with results obtained with the help of this program. #
#                                                                      #
########################################################################
 PASSED   1.0000000000000001E-005
 MU_R    =    325.00000000000000     
 ALPHA_S =   0.11799999999999999     
 BORN                    8.7862419286163561E-011
 SINGLE POLE (MadFKS)   -1.8096291573951897E-011
 DOUBLE POLE (MadFKS)   -9.3504597042865492E-012
 SINGLE POLE (MadLoop)  -1.8096291573950938E-011
 DOUBLE POLE (MadLoop)  -9.3504597042855347E-012
 FINITE PART (MadLoop)   8.4049379027718713E-012
   325.00000000000000        0.0000000000000000        0.0000000000000000        325.00000000000000        0.0000000000000000     
   325.00000000000000        0.0000000000000000        0.0000000000000000       -325.00000000000000        0.0000000000000000     
   41.715121963679287        20.118865524297071       -34.053692406344418        13.136626467779664        1.7769999999999999     
   154.54373069755425       -145.19400855401767        51.799146255528022       -10.923050175312865        0.0000000000000000     
   278.88929966314379        230.83922582472584        12.688537268281449        133.65731687738202        80.419002445756163     
   174.85184767562265       -105.76408279500519       -30.433991117465052       -135.87089316984884        0.0000000000000000     

 PASSED   1.0000000000000001E-005
 MU_R    =    325.00000000000000     
 ALPHA_S =   0.11799999999999999     
 BORN                    2.6768567365335124E-011
 SINGLE POLE (MadFKS)   -7.0605851450278023E-012
 DOUBLE POLE (MadFKS)   -2.8487539100856817E-012
 SINGLE POLE (MadLoop)  -7.0605851450276812E-012
 DOUBLE POLE (MadLoop)  -2.8487539100856684E-012
 FINITE PART (MadLoop)   2.0796383281204400E-012
   325.00000000000000        0.0000000000000000        0.0000000000000000        325.00000000000000        0.0000000000000000     
   325.00000000000000        0.0000000000000000        0.0000000000000000       -325.00000000000000        0.0000000000000000     
   243.58361269735616        61.356676982326917        206.43342165942028        113.79990886361021        1.7769999999999999     
   76.803792822432243      -0.34727118078364155       -21.468381853367628       -73.741511886020376        0.0000000000000000     
   262.08078289566618       -117.77255824318206       -218.42695093163661       -25.266824897471011        80.419002445756163     
   67.531811584545480        56.763152441638752        33.461911125583967       -14.791572080118826        0.0000000000000000     

 PASSED   1.0000000000000001E-005
 MU_R    =    325.00000000000000     
 ALPHA_S =   0.11799999999999999     
 BORN                    1.1390834484885611E-009
 SINGLE POLE (MadFKS)   -1.5764843196329238E-010
 DOUBLE POLE (MadFKS)   -1.2122308913692012E-010
 SINGLE POLE (MadLoop)  -1.5764843196330649E-010
 DOUBLE POLE (MadLoop)  -1.2122308913691981E-010
 FINITE PART (MadLoop)   1.8390146068778134E-010
   325.00000000000000        0.0000000000000000        0.0000000000000000        325.00000000000000        0.0000000000000000     
   325.00000000000000        0.0000000000000000        0.0000000000000000       -325.00000000000000        0.0000000000000000     
   165.40504132692749       -21.399182684790432        158.73693613831756       -41.235058544947648        1.7769999999999999     
   141.58170769072709        36.073407578907187        132.73251822756339        33.558424027925803        0.0000000000000000     
   136.53640158727191       -24.072821373930722       -91.238362300232978        57.192949914307590        80.419002445756163     
   206.47684939507349        9.3985964798139676       -200.23109206564797       -49.516315397285744        0.0000000000000000     

 PASSED   1.0000000000000001E-005
 MU_R    =    325.00000000000000     
 ALPHA_S =   0.11799999999999999     
 BORN                    5.1106481688522714E-011
 SINGLE POLE (MadFKS)   -6.1924744077654976E-012
 DOUBLE POLE (MadFKS)   -5.4388338215454102E-012
 SINGLE POLE (MadLoop)  -6.1924744077654329E-012
 DOUBLE POLE (MadLoop)  -5.4388338215453779E-012
 FINITE PART (MadLoop)   5.8106624000243356E-012
   325.00000000000000        0.0000000000000000        0.0000000000000000        325.00000000000000        0.0000000000000000     
   325.00000000000000        0.0000000000000000        0.0000000000000000       -325.00000000000000        0.0000000000000000     
   53.416090448477668        35.737032325549819        12.583694721772885        37.611648960285962        1.7769999999999999     
   243.54618279481625        223.87844153472730        5.9785463869030533       -95.694532513657379        0.0000000000000000     
   117.78199805609674       -32.656979679714802       -73.752475088312693        29.991285538675395        80.419002445756163     
   235.25572870060927       -226.95849418056230        55.190233979636673        28.091598014695872        0.0000000000000000     

 PASSED   1.0000000000000001E-005
 MU_R    =    325.00000000000000     
 ALPHA_S =   0.11799999999999999     
 BORN                    7.1492689556741548E-011
 SINGLE POLE (MadFKS)   -1.3391062854405554E-011
 DOUBLE POLE (MadFKS)   -7.6083667884689399E-012
 SINGLE POLE (MadLoop)  -1.3391062854414882E-011
 DOUBLE POLE (MadLoop)  -7.6083667884679770E-012
 FINITE PART (MadLoop)   1.1539761048595049E-011
   325.00000000000000        0.0000000000000000        0.0000000000000000        325.00000000000000        0.0000000000000000     
   325.00000000000000        0.0000000000000000        0.0000000000000000       -325.00000000000000        0.0000000000000000     
   121.48220052359133        79.444854396498243       -34.299975850860129       -85.245493028098949        1.7769999999999999     
   278.13620562644587       -114.10500138680139        243.90833863047206        69.631313970925390        0.0000000000000000     
   118.02075123465900       -4.2467510908839872       -85.702266932175490       -9.9382249663076649        80.419002445756163     
   132.36084261530374        38.906898081187116       -123.90609584743642        25.552404023481241        0.0000000000000000     

 PASSED   1.0000000000000001E-005
 MU_R    =    325.00000000000000     
 ALPHA_S =   0.11799999999999999     
 BORN                    4.2746237269856012E-010
 SINGLE POLE (MadFKS)   -1.6859668987087318E-010
 DOUBLE POLE (MadFKS)   -4.5491231899712121E-011
 SINGLE POLE (MadLoop)  -1.6859668987083157E-010
 DOUBLE POLE (MadLoop)  -4.5491231899695836E-011
 FINITE PART (MadLoop)  -2.3069796654973854E-010
   325.00000000000000        0.0000000000000000        0.0000000000000000        325.00000000000000        0.0000000000000000     
   325.00000000000000        0.0000000000000000        0.0000000000000000       -325.00000000000000        0.0000000000000000     
   67.166036627718668        7.0959475559039102       -66.706381341333625        2.8328367239367829        1.7769999999999999     
   301.69639618321224       -129.37486445597455        240.09102001180796       -128.99287587547448        0.0000000000000000     
   229.57536152372961        101.64123678365995       -172.27344959842065        78.921151872796514        80.419002445756163     
   51.562205665339420        20.637680116410685       -1.1111890720537172        47.238887278741188        0.0000000000000000     

 PASSED   1.0000000000000001E-005
 MU_R    =    325.00000000000000     
 ALPHA_S =   0.11799999999999999     
 BORN                    7.9604015307592138E-010
 SINGLE POLE (MadFKS)   -9.2453103714342982E-011
 DOUBLE POLE (MadFKS)   -8.4715870958297929E-011
 SINGLE POLE (MadLoop)  -9.2453103714052448E-011
 DOUBLE POLE (MadLoop)  -8.4715870958294039E-011
 FINITE PART (MadLoop)   1.1386053058238682E-010
   325.00000000000000        0.0000000000000000        0.0000000000000000        325.00000000000000        0.0000000000000000     
   325.00000000000000        0.0000000000000000        0.0000000000000000       -325.00000000000000        0.0000000000000000     
   89.437391523838201        63.097983850681317        46.212760689951565        43.346446878386153        1.7769999999999999     
   207.03952798378839        205.53720270460806       -19.493867635386184        15.485915430765319        0.0000000000000000     
   92.330534302817242       -24.572856271026204       -17.716638924191848        33.763990436357993        80.419002445756163     
   261.19254618955608       -244.06233028426317       -9.0022541303735348       -92.596352745509463        0.0000000000000000     

 PASSED   1.0000000000000001E-005
 MU_R    =    325.00000000000000     
 ALPHA_S =   0.11799999999999999     
 BORN                    1.0636024595224342E-010
 SINGLE POLE (MadFKS)   -2.9317753821640458E-011
 DOUBLE POLE (MadFKS)   -1.1319028112296401E-011
 SINGLE POLE (MadLoop)  -2.9317753438315107E-011
 DOUBLE POLE (MadLoop)  -1.1319028112294635E-011
 FINITE PART (MadLoop)  -2.9730077791726003E-013
   325.00000000000000        0.0000000000000000        0.0000000000000000        325.00000000000000        0.0000000000000000     
   325.00000000000000        0.0000000000000000        0.0000000000000000       -325.00000000000000        0.0000000000000000     
   250.83833447677947        242.91547469292470        62.520119600914299       0.13825296776677751        1.7769999999999999     
   159.57657127799649       -136.07739316614544       -79.119459502101265       -26.224726844013521        0.0000000000000000     
   180.28724577847433       -158.76298746946856       -12.036809977040718        26.185951412226050        80.419002445756163     
   59.297848466749734        51.924905942689307        28.636149878227645       -9.9477535979289031E-002   0.0000000000000000     

 PASSED   1.0000000000000001E-005
 MU_R    =    325.00000000000000     
 ALPHA_S =   0.11799999999999999     
 BORN                    1.3919355292384711E-009
 SINGLE POLE (MadFKS)   -2.4418832725341421E-010
 DOUBLE POLE (MadFKS)   -1.4813201346891111E-010
 SINGLE POLE (MadLoop)  -2.4418832725342967E-010
 DOUBLE POLE (MadLoop)  -1.4813201346891148E-010
 FINITE PART (MadLoop)   2.5099335100215232E-011
   325.00000000000000        0.0000000000000000        0.0000000000000000        325.00000000000000        0.0000000000000000     
   325.00000000000000        0.0000000000000000        0.0000000000000000       -325.00000000000000        0.0000000000000000     
   36.102396390665128       -5.4957222712415055       -17.765941805021132       -30.893262123749448        1.7769999999999999     
   193.90185483656171       -22.950814531323569       -190.09000630997164        30.610111441854936        0.0000000000000000     
   199.16111250479142       -14.999852337497346        70.245618461935351        167.44697756761434        80.419002445756163     
   220.83463626798175        43.446389140062550        137.61032965305765       -167.16382688571986        0.0000000000000000     

 PASSED   1.0000000000000001E-005
 MU_R    =    325.00000000000000     
 ALPHA_S =   0.11799999999999999     
 BORN                    7.5165573661947932E-011
 SINGLE POLE (MadFKS)   -1.4289824539447489E-011
 DOUBLE POLE (MadFKS)   -7.9992410109552668E-012
 SINGLE POLE (MadLoop)  -1.4289824539445633E-011
 DOUBLE POLE (MadLoop)  -7.9992410109552474E-012
 FINITE PART (MadLoop)   1.2160384601715076E-011
   325.00000000000000        0.0000000000000000        0.0000000000000000        325.00000000000000        0.0000000000000000     
   325.00000000000000        0.0000000000000000        0.0000000000000000       -325.00000000000000        0.0000000000000000     
   178.17779441763267       -120.10247180581150       -89.932007908890682       -96.082250775789220        1.7769999999999999     
   246.12405468844500        218.39822457719254        99.071500266259164        55.354346105825186        0.0000000000000000     
   98.848853048192140        24.643489580709936        21.411776973427685        47.308709797437764        80.419002445756163     
   126.84929784573021       -122.93924235209096       -30.551269330796053       -6.5808051274737149        0.0000000000000000     

 PASSED   1.0000000000000001E-005
 MU_R    =    325.00000000000000     
 ALPHA_S =   0.11799999999999999     
 BORN                    5.5654094608262573E-011
 SINGLE POLE (MadFKS)   -9.4321293200772500E-012
 DOUBLE POLE (MadFKS)   -5.9227980886597434E-012
 SINGLE POLE (MadLoop)  -9.4321293199878482E-012
 DOUBLE POLE (MadLoop)  -5.9227980886596707E-012
 FINITE PART (MadLoop)   1.0412524832260523E-011
   325.00000000000000        0.0000000000000000        0.0000000000000000        325.00000000000000        0.0000000000000000     
   325.00000000000000        0.0000000000000000        0.0000000000000000       -325.00000000000000        0.0000000000000000     
   128.07608129863047        62.016323734603041       -86.734890115451961       -70.932075247512557        1.7769999999999999     
   74.827749596762615        50.629016390587786       -20.282016114960999       -51.230212095499517        0.0000000000000000     
   289.19614498209535       -223.86627551806004        3.2149046219545738        164.44071695318766        80.419002445756163     
   157.90002412251161        111.22093539286918        103.80200160845840       -42.278429610175579        0.0000000000000000     

 PASSED   1.0000000000000001E-005
 MU_R    =    325.00000000000000     
 ALPHA_S =   0.11799999999999999     
 BORN                    9.5093620513986937E-011
 SINGLE POLE (MadFKS)   -1.2700496035043456E-011
 DOUBLE POLE (MadFKS)   -1.0120015747059866E-011
 SINGLE POLE (MadLoop)  -1.2700496035043194E-011
 DOUBLE POLE (MadLoop)  -1.0120015747059868E-011
 FINITE PART (MadLoop)   1.4632549590201287E-011
   325.00000000000000        0.0000000000000000        0.0000000000000000        325.00000000000000        0.0000000000000000     
   325.00000000000000        0.0000000000000000        0.0000000000000000       -325.00000000000000        0.0000000000000000     
   194.17973091942881       -124.89424297526362        4.9354152570107610       -148.59232792717953        1.7769999999999999     
   104.22577071681452       -32.799725411263900        26.425457382005362        95.335641271307864        0.0000000000000000     
   140.05150758065497       -22.951700857390072        74.249443558849862        84.305684151175612        80.419002445756163     
   211.54299078310171        180.64566924391764       -105.61031619786597       -31.048997495303897        0.0000000000000000     

 PASSED   1.0000000000000001E-005
 MU_R    =    325.00000000000000     
 ALPHA_S =   0.11799999999999999     
 BORN                    1.8218024865191425E-010
 SINGLE POLE (MadFKS)   -2.6589260671545438E-011
 DOUBLE POLE (MadFKS)   -1.9387914511988495E-011
 SINGLE POLE (MadLoop)  -2.6589260671538045E-011
 DOUBLE POLE (MadLoop)  -1.9387914511988372E-011
 FINITE PART (MadLoop)   3.0956280643378224E-011
   325.00000000000000        0.0000000000000000        0.0000000000000000        325.00000000000000        0.0000000000000000     
   325.00000000000000        0.0000000000000000        0.0000000000000000       -325.00000000000000        0.0000000000000000     
   87.185701738320546        71.167446700210604        49.864609281848033        6.8486589887882703        1.7769999999999999     
   109.85135854551147       -93.263590783856188       -40.128169107069112        41.939881407920097        0.0000000000000000     
   251.53642610361098        81.195194766194874       -187.63605396410171       -122.48840476660324        80.419002445756163     
   201.42651361255696       -59.099050682549304        177.89961378932276        73.699864369894868        0.0000000000000000     

 PASSED   1.0000000000000001E-005
 MU_R    =    325.00000000000000     
 ALPHA_S =   0.11799999999999999     
 BORN                    2.1423443879615608E-009
 SINGLE POLE (MadFKS)   -5.6086762396954308E-010
 DOUBLE POLE (MadFKS)   -2.2799172883114086E-010
 SINGLE POLE (MadLoop)  -5.6086762396950627E-010
 DOUBLE POLE (MadLoop)  -2.2799172883113363E-010
 FINITE PART (MadLoop)   2.5911022294331825E-010
   325.00000000000000        0.0000000000000000        0.0000000000000000        325.00000000000000        0.0000000000000000     
   325.00000000000000        0.0000000000000000        0.0000000000000000       -325.00000000000000        0.0000000000000000     
   83.555930786077468       -32.386617711864147       -75.359351592844078        15.827538065644838        1.7769999999999999     
   114.10662844353510        11.416409772373786        30.513663323224069       -109.35677662247159        0.0000000000000000     
   188.10582818697100        48.953357145008560       -16.085833853376144       -162.05369917718809        80.419002445756163     
   264.23161258341645       -27.983149205518192        60.931522122996085        255.58293773401471        0.0000000000000000     

 PASSED   1.0000000000000001E-005
 MU_R    =    325.00000000000000     
 ALPHA_S =   0.11799999999999999     
 BORN                    2.4263877757478792E-010
 SINGLE POLE (MadFKS)   -4.8426526825793972E-011
 DOUBLE POLE (MadFKS)   -2.5822008212875215E-011
 SINGLE POLE (MadLoop)  -4.8426526825816229E-011
 DOUBLE POLE (MadLoop)  -2.5822008212879232E-011
 FINITE PART (MadLoop)   3.4372777251710440E-011
   325.00000000000000        0.0000000000000000        0.0000000000000000        325.00000000000000        0.0000000000000000     
   325.00000000000000        0.0000000000000000        0.0000000000000000       -325.00000000000000        0.0000000000000000     
   219.87353565729103       -44.893444118405213        214.57866575938931        16.786566937464215        1.7769999999999999     
   102.76266737220462        13.919151643757335        85.286848090517864       -55.610939263362525        0.0000000000000000     
   209.70097608749728        27.700916013155961       -183.44582236352204        55.565933152263362        80.419002445756163     
   117.66282088300713        3.2733764614918872       -116.41969148638513       -16.741560826365141        0.0000000000000000     

 PASSED   1.0000000000000001E-005
 MU_R    =    325.00000000000000     
 ALPHA_S =   0.11799999999999999     
 BORN                    1.4831681578340432E-010
 SINGLE POLE (MadFKS)   -2.8236069364235247E-011
 DOUBLE POLE (MadFKS)   -1.5784113625803714E-011
 SINGLE POLE (MadLoop)  -2.8236069364234549E-011
 DOUBLE POLE (MadLoop)  -1.5784113625803756E-011
 FINITE PART (MadLoop)   2.7572085669692749E-011
   325.00000000000000        0.0000000000000000        0.0000000000000000        325.00000000000000        0.0000000000000000     
   325.00000000000000        0.0000000000000000        0.0000000000000000       -325.00000000000000        0.0000000000000000     
   150.36333134181052       -21.696183307468221       -144.30072594150826       -36.229129244981252        1.7769999999999999     
   129.82471759885379        58.773803701913067        39.444815752236543        108.83107923889771        0.0000000000000000     
   239.16689764106039        55.363544848701807        191.03389362380656       -105.70959446328825        80.419002445756163     
   130.64505341827538       -92.441165243146628       -86.177983434534809        33.107644469371778        0.0000000000000000     

 PASSED   1.0000000000000001E-005
 MU_R    =    325.00000000000000     
 ALPHA_S =   0.11799999999999999     
 BORN                    1.2066002079644425E-010
 SINGLE POLE (MadFKS)   -1.5306670005954938E-011
 DOUBLE POLE (MadFKS)   -1.2840833106369978E-011
 SINGLE POLE (MadLoop)  -1.5306670005803874E-011
 DOUBLE POLE (MadLoop)  -1.2840833106369892E-011
 FINITE PART (MadLoop)   1.2284374354912434E-011
   325.00000000000000        0.0000000000000000        0.0000000000000000        325.00000000000000        0.0000000000000000     
   325.00000000000000        0.0000000000000000        0.0000000000000000       -325.00000000000000        0.0000000000000000     
   38.569950067167966       -22.261774694159929        28.248317946942553        13.817714710426349        1.7769999999999999     
   163.09093157380559       -127.97013016798576        86.588066827456601       -52.199659285137152        0.0000000000000000     
   212.27608310103739        116.64753951618913        104.68070312674068        118.44501433179140        80.419002445756163     
   236.06303525798913        33.584365345956662       -219.51708790113989       -80.063069757080598        0.0000000000000000     

 PASSED   1.0000000000000001E-005
 MU_R    =    325.00000000000000     
 ALPHA_S =   0.11799999999999999     
 BORN                    1.7606428151282571E-010
 SINGLE POLE (MadFKS)   -3.9397818558377747E-011
 DOUBLE POLE (MadFKS)   -1.8737043471202189E-011
 SINGLE POLE (MadLoop)  -3.9397818558444697E-011
 DOUBLE POLE (MadLoop)  -1.8737043471202179E-011
 FINITE PART (MadLoop)   1.0740208208141816E-011
   325.00000000000000        0.0000000000000000        0.0000000000000000        325.00000000000000        0.0000000000000000     
   325.00000000000000        0.0000000000000000        0.0000000000000000       -325.00000000000000        0.0000000000000000     
   157.20402767474690       -131.81145728096729        78.124685403889345       -35.103017650533161        1.7769999999999999     
   117.28553956739333       0.17088894965878051        112.22568095098885        34.077340325622998        0.0000000000000000     
   261.98790497512067        203.10759265197211       -129.33903671583772        64.723765244476297        80.419002445756163     
   113.52252778273909       -71.467024320663626       -61.011329639040497       -63.698087919566163        0.0000000000000000     

 PASSED   1.0000000000000001E-005
 MU_R    =    325.00000000000000     
 ALPHA_S =   0.11799999999999999     
 BORN                    6.1333830799339016E-011
 SINGLE POLE (MadFKS)   -1.3792159738289508E-011
 DOUBLE POLE (MadFKS)   -6.5272447316854448E-012
 SINGLE POLE (MadLoop)  -1.3792159738289255E-011
 DOUBLE POLE (MadLoop)  -6.5272447316856726E-012
 FINITE PART (MadLoop)   1.2929434890249737E-011
   325.00000000000000        0.0000000000000000        0.0000000000000000        325.00000000000000        0.0000000000000000     
   325.00000000000000        0.0000000000000000        0.0000000000000000       -325.00000000000000        0.0000000000000000     
   230.83103744204550        57.175542370109014        53.111152839035704        217.23253190156265        1.7769999999999999     
   115.83799866931604       -51.445723962280603       -80.975163247571516       -64.921509214885276        0.0000000000000000     
Thanks for using LHAPDF 6.2.1. Please make sure to cite the paper:
  Eur.Phys.J. C75 (2015) 3, 132  (http://arxiv.org/abs/1412.7420)
   206.92920753132336       -33.875272121745326       -60.831535681295044       -177.49498917012832        80.419002445756163     
   96.401756357315023        28.145453713916936        88.695546089830842        25.183966483450963        0.0000000000000000     

 PASSED   1.0000000000000001E-005
 MU_R    =    325.00000000000000     
 ALPHA_S =   0.11799999999999999     
 BORN                    8.4030222829980714E-011
 SINGLE POLE (MadFKS)   -1.8268936294617263E-011
 DOUBLE POLE (MadFKS)   -8.9426312056682524E-012
 SINGLE POLE (MadLoop)  -1.8268936294618604E-011
 DOUBLE POLE (MadLoop)  -8.9426312056685788E-012
 FINITE PART (MadLoop)   1.4532107614803698E-011
   325.00000000000000        0.0000000000000000        0.0000000000000000        325.00000000000000        0.0000000000000000     
   325.00000000000000        0.0000000000000000        0.0000000000000000       -325.00000000000000        0.0000000000000000     
   182.90356859972761       -158.36812449988736       -91.435038964455501       -3.1190494500626311        1.7769999999999999     
   186.09885208950030        120.26265165470303       -41.981025103543239       -135.67339789827977        0.0000000000000000     
   94.766699883390274       -8.7098953391438165        45.703430573055279       -18.677409066920788        80.419002445756163     
   186.23087942738186        46.815368184328136        87.712633494943375        157.46985641526319        0.0000000000000000     

 NUMBER OF POINTS PASSING THE CHECK          20
 NUMBER OF POINTS FAILING THE CHECK           0
 TOLERANCE    1.0000000000000001E-005
