==== LHAPDF6 USING DEFAULT-TYPE LHAGLUE INTERFACE ====
LHAPDF 6.2.1 loading /cvmfs/cms.cern.ch/slc7_amd64_gcc700/external/lhapdf/6.2.1-pafccj3/share/LHAPDF/NNPDF31_nnlo_as_0118_nf_4_mc_hessian/NNPDF31_nnlo_as_0118_nf_4_mc_hessian_0000.dat
NNPDF31_nnlo_as_0118_nf_4_mc_hessian PDF set, member #0, version 1; LHAPDF ID = 325500
 A PDF is used, so alpha_s(MZ) is going to be modified
 Old value of alpha_s from param_card:   0.11799999999999999     
 New value of alpha_s from PDF lhapdf :  0.11266013434007299     
 *****************************************************
 *               MadGraph/MadEvent                   *
 *        --------------------------------           *
 *          http://madgraph.hep.uiuc.edu             *
 *          http://madgraph.phys.ucl.ac.be           *
 *          http://madgraph.roma2.infn.it            *
 *        --------------------------------           *
 *                                                   *
 *          PARAMETER AND COUPLING VALUES            *
 *                                                   *
 *****************************************************

  External Params
  ---------------------------------
  
 MU_R =    91.188000000000002     
 aEWM1 =    132.50700000000001     
 mdl_Gf =    1.1663900000000000E-005
 aS =   0.11799999999999999     
 mdl_ymb =    4.7000000000000002     
 mdl_ymt =    173.00000000000000     
 mdl_ymtau =    1.7769999999999999     
 mdl_MT =    173.00000000000000     
 mdl_MB =    4.7000000000000002     
 mdl_MZ =    91.188000000000002     
 mdl_MH =    125.00000000000000     
 mdl_MTA =    1.7769999999999999     
 mdl_WT =    1.4915000000000000     
 mdl_WZ =    2.4414039999999999     
 mdl_WW =    2.0476000000000001     
 mdl_WH =    6.3823389999999999E-003
  Internal Params
  ---------------------------------
  
 mdl_conjg__CKM3x3 =    1.0000000000000000     
 mdl_CKM22 =    1.0000000000000000     
 mdl_lhv =    1.0000000000000000     
 mdl_CKM3x3 =    1.0000000000000000     
 mdl_conjg__CKM22 =    1.0000000000000000     
 mdl_conjg__CKM33 =    1.0000000000000000     
 mdl_Ncol =    3.0000000000000000     
 mdl_CA =    3.0000000000000000     
 mdl_TF =   0.50000000000000000     
 mdl_CF =    1.3333333333333333     
 mdl_complexi =                (0.0000000000000000,1.0000000000000000)
 mdl_MZ__exp__2 =    8315.2513440000002     
 mdl_MZ__exp__4 =    69143404.913893804     
 mdl_sqrt__2 =    1.4142135623730951     
 mdl_MH__exp__2 =    15625.000000000000     
 mdl_Ncol__exp__2 =    9.0000000000000000     
 mdl_MB__exp__2 =    22.090000000000003     
 mdl_MT__exp__2 =    29929.000000000000     
 mdl_aEW =    7.5467711139788835E-003
 mdl_MW =    80.419002445756163     
 mdl_sqrt__aEW =    8.6872153846781555E-002
 mdl_ee =   0.30795376724436879     
 mdl_MW__exp__2 =    6467.2159543705357     
 mdl_sw2 =   0.22224648578577766     
 mdl_cw =   0.88190334743339216     
 mdl_sqrt__sw2 =   0.47143025548407230     
 mdl_sw =   0.47143025548407230     
 mdl_g1 =   0.34919219678733299     
 mdl_gw =   0.65323293034757990     
 mdl_v =    246.21845810181637     
 mdl_v__exp__2 =    60623.529110035903     
 mdl_lam =   0.12886910601690263     
 mdl_yb =    2.6995554250465490E-002
 mdl_yt =   0.99366614581500623     
 mdl_ytau =    1.0206617000654717E-002
 mdl_muH =    88.388347648318430     
 mdl_AxialZUp =  -0.18517701861793787     
 mdl_AxialZDown =   0.18517701861793787     
 mdl_VectorZUp =    7.5430507588273299E-002
 mdl_VectorZDown =  -0.13030376310310560     
 mdl_VectorAUp =   0.20530251149624587     
 mdl_VectorADown =  -0.10265125574812294     
 mdl_VectorWmDxU =   0.23095271737156670     
 mdl_AxialWmDxU =  -0.23095271737156670     
 mdl_VectorWpUxD =   0.23095271737156670     
 mdl_AxialWpUxD =  -0.23095271737156670     
 mdl_I1x33 =          (2.69955542504654901E-002,0.0000000000000000)
 mdl_I2x33 =               (0.99366614581500623,0.0000000000000000)
 mdl_I3x33 =               (0.99366614581500623,0.0000000000000000)
 mdl_I4x33 =          (2.69955542504654901E-002,0.0000000000000000)
 mdl_Vector_tbGp =              (-0.96667059156454072,0.0000000000000000)
 mdl_Axial_tbGp =              (-1.0206617000654716,-0.0000000000000000)
 mdl_Vector_tbGm =               (0.96667059156454072,0.0000000000000000)
 mdl_Axial_tbGm =              (-1.0206617000654716,-0.0000000000000000)
 mdl_gw__exp__2 =   0.42671326129048615     
 mdl_cw__exp__2 =   0.77775351421422245     
 mdl_ee__exp__2 =    9.4835522759998875E-002
 mdl_sw__exp__2 =   0.22224648578577769     
 mdl_yb__exp__2 =    7.2875994928982540E-004
 mdl_yt__exp__2 =   0.98737240933884918     
  Internal Params evaluated point by point
  ----------------------------------------
  
 mdl_sqrt__aS =   0.34351128074635334     
 mdl_G__exp__4 =    2.1987899468922913     
 mdl_G__exp__2 =    1.4828317324943823     
 mdl_R2MixedFactor_FIN_ =   -2.5040377713124864E-002
 mdl_G_UVg_1EPS_ =   -5.1645779033320030E-002
 mdl_G_UVq_1EPS_ =    3.1300472141406080E-003
 mdl_GWcft_UV_b_1EPS_ =   -3.1300472141406080E-003
 mdl_GWcft_UV_t_1EPS_ =   -3.1300472141406080E-003
 mdl_bWcft_UV_1EPS_ =   -1.8780283284843650E-002
 mdl_tWcft_UV_1EPS_ =   -1.8780283284843650E-002
 mdl_G__exp__3 =    1.8056676068262196     
 mdl_MU_R__exp__2 =    8315.2513440000002     
 mdl_G_UVb_FIN_ =    1.8563438626678915E-002
 mdl_G_UVt_FIN_ =   -4.0087659331150384E-003
 mdl_GWcft_UV_b_FIN_ =   -1.8563438626678915E-002
 mdl_GWcft_UV_t_FIN_ =    4.0087659331150384E-003
 mdl_bWcft_UV_FIN_ =  -0.13642100947319838     
 mdl_tWcft_UV_FIN_ =   -9.8778211443463623E-004
  Couplings of loop_sm
  ---------------------------------
  
      UV_GQQb =   0.00000E+00   0.22605E-01
      UV_GQQt =   0.00000E+00  -0.48815E-02
   UVWfct_G_2 =   0.40088E-02   0.00000E+00
   UVWfct_G_1 =  -0.18563E-01   0.00000E+00
       R2_DDA =   0.00000E+00   0.25704E-02
       R2_UUA =  -0.00000E+00  -0.51409E-02
    R2_UUZ_V2 =  -0.00000E+00  -0.72127E-02
    R2_UUZ_V5 =   0.00000E+00   0.68702E-03
      R2_sxcW =  -0.00000E+00  -0.11566E-01
      R2_GGHb =   0.00000E+00  -0.33698E-02
      R2_GGHt =   0.00000E+00  -0.45657E+01
     R2_GGZup =  -0.46369E-02   0.00000E+00
    R2_GGWWcs =   0.00000E+00   0.13356E-02
         GC_4 =  -0.12177E+01   0.00000E+00
         GC_5 =   0.00000E+00   0.12177E+01
       R2_GQQ =  -0.00000E+00  -0.30492E-01
       R2_QQq =   0.00000E+00   0.12520E-01
 UV_GQQg_1eps =   0.00000E+00  -0.62890E-01
 UV_GQQq_1eps =   0.00000E+00   0.38115E-02
 UVWfct_G_2_1eps -0.31300E-02   0.00000E+00
         GC_1 =  -0.00000E+00  -0.10265E+00
         GC_2 =   0.00000E+00   0.20530E+00
         GC_7 =   0.00000E+00   0.57609E+00
        GC_22 =   0.00000E+00   0.28804E+00
        GC_23 =  -0.00000E+00  -0.27437E-01
        GC_24 =   0.00000E+00   0.82310E-01
        GC_25 =   0.00000E+00   0.30795E+00
        GC_28 =   0.00000E+00   0.37035E+00
        GC_31 =   0.00000E+00   0.52532E+02
        GC_33 =  -0.00000E+00  -0.19089E-01
        GC_37 =  -0.00000E+00  -0.70263E+00
        GC_38 =  -0.00000E+00  -0.72172E-02
        GC_47 =   0.00000E+00   0.46191E+00

 Collider parameters:
 --------------------

 Running at P P   machine @    13000.000000000000       GeV
 PDF set = lhapdf 
 alpha_s(Mz)= 0.1127 running at 3 loops.
 alpha_s(Mz)= 0.1127 running at 3 loops.
 Renormalization scale set on event-by-event basis
 Factorization   scale set on event-by-event basis


 ===============================================================
 INFO: MadFKS read these parameters from FKS_params.dat
 ===============================================================
  > IRPoleCheckThreshold      =    1.0000000000000001E-005
  > PrecisionVirtualAtRunTime =    1.0000000000000000E-003
  > NHelForMCoverHels         =            4
  > VirtualFraction           =    1.0000000000000000     
  > MinVirtualFraction        =    5.0000000000000001E-003
 ===============================================================
  Insert the number of points to test
 Insert the relative tolerance
  A negative number will mean use the default one:    1.0000000000000001E-005
Using random seed offsets:     1 ,     24 ,      0
  with seed                   32
 Ranmar initialization seeds       10730        9430
  ========================================================================================== 
 {                                                                                          }
 {       [32m                                                                            [0m       }
 {       [32m                               ,,                                           [0m       }
 {       [32m`7MMM.     ,MMF'             `7MM  `7MMF'                                   [0m       }
 {       [32m  MMMb    dPMM                 MM    MM                                     [0m       }
 {       [32m  M YM   ,M MM   ,6"Yb.   ,M""bMM    MM         ,pW"Wq.   ,pW"Wq.`7MMpdMAo. [0m       }
 {       [32m  M  Mb  M' MM  8)   MM ,AP    MM    MM        6W'   `Wb 6W'   `Wb MM   `Wb [0m       }
 {       [32m  M  YM.P'  MM   ,pm9MM 8MI    MM    MM      , 8M     M8 8M     M8 MM    M8 [0m       }
 {       [32m  M  `YM'   MM  8M   MM `Mb    MM    MM     ,M YA.   ,A9 YA.   ,A9 MM   ,AP [0m       }
 {       [32m.JML. `'  .JMML.`Moo9^Yo.`Wbmd"MML..JMMmmmmMMM  `Ybmd9'   `Ybmd9'  MMbmmd'  [0m       }
 {       [32m                                                                   MM       [0m       }
 {       [32m                                                                 .JMML.     [0m       }
 {       [32m[0mv2.6.5 (2018-02-03), Ref: arXiv:1103.0621v2, arXiv:1405.0301[32m                [0m       }
 {       [32m                                                                            [0m       }
 {                                                                                          }
  ========================================================================================== 
 ===============================================================
 INFO: MadLoop read these parameters from ./MadLoop5_resources/MadLoopParams.dat                                                                                                                                                                                                                                                                                                                                                                                                                                                                                          
 ===============================================================
  > MLReductionLib            = 6|7|1
  > CTModeRun                 =           -1
  > MLStabThres               =    1.0000000000000000E-003
  > NRotations_DP             =            0
  > NRotations_QP             =            0
  > CTStabThres               =    1.0000000000000000E-002
  > CTLoopLibrary             =            2
  > CTModeInit                =            1
  > CheckCycle                =            3
  > MaxAttempts               =           10
  > UseLoopFilter             =  F
  > HelicityFilterLevel       =            2
  > ImprovePSPoint            =            2
  > DoubleCheckHelicityFilter =  T
  > LoopInitStartOver         =  F
  > HelInitStartOver          =  F
  > ZeroThres                 =    1.0000000000000001E-009
  > OSThres                   =    1.0000000000000000E-008
  > WriteOutFilters           =  T
  > UseQPIntegrandForNinja    =  T
  > UseQPIntegrandForCutTools =  T
  > IREGIMODE                 =            2
  > IREGIRECY                 =  T
  > COLLIERMode               =            1
  > COLLIERRequiredAccuracy   =    1.0000000000000000E-008
  > COLLIERCanOutput          =  F
  > COLLIERComputeUVpoles     =  T
  > COLLIERComputeIRpoles     =  T
  > COLLIERGlobalCache        =           -1
  > COLLIERUseCacheForPoles   =  F
  > COLLIERUseInternalStabilityTest =  T
 ===============================================================
  
------------------------------------------------------------------------
|              You are using CutTools - Version 1.9.3                  |
|              Authors: G. Ossola, C. Papadopoulos, R. Pittau          |
|              Published in JHEP 0803:042,2008                         |
|              http://www.ugr.es/~pittau/CutTools                      |
|                                                                      |
|              Compiler with  34  significant digits detetected        |
 ---------------------------------------------------------------------- 
   
########################################################################
#                                                                      #

  +----------------------------------------------------------------+
  |                                                                |
  |  Ninja - version 1.1.0                                         |
  |                                                                |
  |  Author: Tiziano Peraro                                        |
  |                                                                |
  |  Based on:                                                     |
  |                                                                |
  |      P. Mastrolia, E. Mirabella and T. Peraro,                 |
  |      "Integrand reduction of one-loop scattering amplitudes    |
  |      through Laurent series expansion,"                        |
  |      JHEP 1206 (2012) 095  [arXiv:1203.0291 [hep-ph]].         |
  |                                                                |
  |      T. Peraro,                                                |
  |      "Ninja: Automated Integrand Reduction via Laurent         |
  |      Expansion for One-Loop Amplitudes,"                       |
  |      Comput.Phys.Commun. 185 (2014) [arXiv:1403.1229 [hep-ph]] |
  |                                                                |
  +----------------------------------------------------------------+


#                      You are using OneLOop-3.6                       #
#                                                                      #
# for the evaluation of 1-loop scalar 1-, 2-, 3- and 4-point functions #
#                                                                      #
# author: Andreas van Hameren <hamerenREMOVETHIS@ifj.edu.pl>           #
#   date: 18-02-2015                                                   #
#                                                                      #
# Please cite                                                          #
#    A. van Hameren,                                                   #
#      Comput.Phys.Commun. 182 (2011) 2427-2438, arXiv:1007.4716       #
#    A. van Hameren, C.G. Papadopoulos and R. Pittau,                  #
#      JHEP 0909:106,2009, arXiv:0903.4665                             #
# in publications with results obtained with the help of this program. #
#                                                                      #
########################################################################
########################################################################
#                                                                      #
#                      You are using OneLOop-3.6                       #
#                                                                      #
# for the evaluation of 1-loop scalar 1-, 2-, 3- and 4-point functions #
#                                                                      #
# author: Andreas van Hameren <hamerenREMOVETHIS@ifj.edu.pl>           #
#   date: 18-02-2015                                                   #
#                                                                      #
# Please cite                                                          #
#    A. van Hameren,                                                   #
#      Comput.Phys.Commun. 182 (2011) 2427-2438, arXiv:1007.4716       #
#    A. van Hameren, C.G. Papadopoulos and R. Pittau,                  #
#      JHEP 0909:106,2009, arXiv:0903.4665                             #
# in publications with results obtained with the help of this program. #
#                                                                      #
########################################################################
 PASSED   1.0000000000000001E-005
 MU_R    =    325.00000000000000     
 ALPHA_S =   0.11799999999999999     
 BORN                    5.1342002260270059E-010
 SINGLE POLE (MadFKS)   -1.6168127819023849E-010
 DOUBLE POLE (MadFKS)   -5.4638982988674094E-011
 SINGLE POLE (MadLoop)  -1.6168127819020985E-010
 DOUBLE POLE (MadLoop)  -5.4638982988674423E-011
 FINITE PART (MadLoop)  -7.1123073271393531E-011
   325.00000000000000        0.0000000000000000        0.0000000000000000        325.00000000000000        0.0000000000000000     
   325.00000000000000        0.0000000000000000        0.0000000000000000       -325.00000000000000        0.0000000000000000     
   193.22965027926264       -75.593980363505537       -157.00353865673435       -83.486400090741753        1.7769999999999999     
   178.89868783953835        171.66150134187899        45.405135501350181       -21.804658627566329        0.0000000000000000     
   201.12504309552713       -137.73861962264587        115.47489073339453        40.959605471314603        80.419002445756163     
   76.746618785671899        41.671098644272398       -3.8764875780105306        64.331453246993377        0.0000000000000000     

 PASSED   1.0000000000000001E-005
 MU_R    =    325.00000000000000     
 ALPHA_S =   0.11799999999999999     
 BORN                    5.1876620409557596E-012
 SINGLE POLE (MadFKS)   -1.0358712214942975E-012
 DOUBLE POLE (MadFKS)   -5.5207932205268290E-013
 SINGLE POLE (MadLoop)  -1.0358712214938728E-012
 DOUBLE POLE (MadLoop)  -5.5207932205268542E-013
 FINITE PART (MadLoop)   1.0251938706933845E-012
   325.00000000000000        0.0000000000000000        0.0000000000000000        325.00000000000000        0.0000000000000000     
   325.00000000000000        0.0000000000000000        0.0000000000000000       -325.00000000000000        0.0000000000000000     
   140.40570610057685       -35.426218818726682        27.305071096555039        133.07900168404234        1.7769999999999999     
   147.89723589757574        111.05896293382510       -87.642525455021172       -43.107851605854627        0.0000000000000000     
   208.88920019203766       -189.29410023238435        35.396977271518487        9.0708114163119209        80.419002445756163     
   152.80785780980969        113.66135611728593        24.940477086947638       -99.041961494499674        0.0000000000000000     

 PASSED   1.0000000000000001E-005
 MU_R    =    325.00000000000000     
 ALPHA_S =   0.11799999999999999     
 BORN                    9.0491263200556416E-011
 SINGLE POLE (MadFKS)   -1.5693728098026340E-011
 DOUBLE POLE (MadFKS)   -9.6302254936888487E-012
 SINGLE POLE (MadLoop)  -1.5693728098105019E-011
 DOUBLE POLE (MadLoop)  -9.6302254936888487E-012
 FINITE PART (MadLoop)   1.7287978903692934E-011
   325.00000000000000        0.0000000000000000        0.0000000000000000        325.00000000000000        0.0000000000000000     
   325.00000000000000        0.0000000000000000        0.0000000000000000       -325.00000000000000        0.0000000000000000     
   152.31850742953299        117.59592452593965        91.697792816304712       -30.991665074149331        1.7769999999999999     
   169.41239063161728       -153.90987492700745       -70.221775346099932       -9.0117016547633515        0.0000000000000000     
   170.92898341384017        101.96387711735044        109.93098624387190       -16.372154505923024        80.419002445756163     
   157.34011852500956       -65.649926716282636       -131.40700371407667        56.375521234835702        0.0000000000000000     

 PASSED   1.0000000000000001E-005
 MU_R    =    325.00000000000000     
 ALPHA_S =   0.11799999999999999     
 BORN                    3.9232469944520497E-007
 SINGLE POLE (MadFKS)   -2.5316695167745360E-007
 DOUBLE POLE (MadFKS)   -4.1751824306258519E-008
 SINGLE POLE (MadLoop)  -2.5316695167860779E-007
 DOUBLE POLE (MadLoop)  -4.1751824306263158E-008
 FINITE PART (MadLoop)  -9.4984772998388935E-007
   325.00000000000000        0.0000000000000000        0.0000000000000000        325.00000000000000        0.0000000000000000     
   325.00000000000000        0.0000000000000000        0.0000000000000000       -325.00000000000000        0.0000000000000000     
   240.61600483947660       -111.31584048287043       -208.99434161691778       -42.697223394667930        1.7769999999999999     
   185.36248329897469        93.302596750473199        95.175591192626882       -128.82345475694771        0.0000000000000000     
   221.12462186178763        19.842740309168185        115.09405872575933        169.67175882333078        80.419002445756163     
   2.8968899997611071       -1.8294965767720301       -1.2753083014683311        1.8489193282837717        0.0000000000000000     

 PASSED   1.0000000000000001E-005
 MU_R    =    325.00000000000000     
 ALPHA_S =   0.11799999999999999     
 BORN                    2.9868671396022785E-011
 SINGLE POLE (MadFKS)   -7.1177551264354033E-012
 DOUBLE POLE (MadFKS)   -3.1786719575688813E-012
 SINGLE POLE (MadLoop)  -7.1177551264453650E-012
 DOUBLE POLE (MadLoop)  -3.1786719575689249E-012
 FINITE PART (MadLoop)   1.7444435766097660E-012
   325.00000000000000        0.0000000000000000        0.0000000000000000        325.00000000000000        0.0000000000000000     
   325.00000000000000        0.0000000000000000        0.0000000000000000       -325.00000000000000        0.0000000000000000     
   165.92653803499886        72.690299110304082       -142.83566202252692        42.924962028182527        1.7769999999999999     
   178.48598368600915       -125.82110222063044       -52.168451307778220        115.34621492054245        0.0000000000000000     
   208.78261682162423        98.310579668554638        125.85792893249788       -107.78579119053555        80.419002445756163     
   96.804861457367807       -45.179776558228276        69.146184397807204       -50.485385758189416        0.0000000000000000     

 PASSED   1.0000000000000001E-005
 MU_R    =    325.00000000000000     
 ALPHA_S =   0.11799999999999999     
 BORN                    2.2606052670062215E-009
 SINGLE POLE (MadFKS)   -8.0284954380445995E-010
 DOUBLE POLE (MadFKS)   -2.4057724142098992E-010
 SINGLE POLE (MadLoop)  -8.0284954380427921E-010
 DOUBLE POLE (MadLoop)  -2.4057724142094401E-010
 FINITE PART (MadLoop)  -8.3079212867575038E-010
   325.00000000000000        0.0000000000000000        0.0000000000000000        325.00000000000000        0.0000000000000000     
   325.00000000000000        0.0000000000000000        0.0000000000000000       -325.00000000000000        0.0000000000000000     
   160.55201889926116       -82.295334668186428        129.47979018014772       -47.289056560528493        1.7769999999999999     
   113.71895879256604        4.6988679680596208        73.299620666304023        86.816403051843011        0.0000000000000000     
   260.88779003040793        64.201907639135541       -228.81994646078331        71.517621533157069        80.419002445756163     
   114.84123227776486        13.394559060991428        26.040535614331759       -111.04496802447146        0.0000000000000000     

 PASSED   1.0000000000000001E-005
 MU_R    =    325.00000000000000     
 ALPHA_S =   0.11799999999999999     
 BORN                    2.5793319780986277E-010
 SINGLE POLE (MadFKS)   -2.9102170199495517E-011
 DOUBLE POLE (MadFKS)   -2.7449664966130738E-011
 SINGLE POLE (MadLoop)  -2.9102170199508255E-011
 DOUBLE POLE (MadLoop)  -2.7449664966129436E-011
 FINITE PART (MadLoop)   4.1405058829994842E-011
   325.00000000000000        0.0000000000000000        0.0000000000000000        325.00000000000000        0.0000000000000000     
   325.00000000000000        0.0000000000000000        0.0000000000000000       -325.00000000000000        0.0000000000000000     
   198.46118599628286        47.692880324215523       -167.06177228230050        95.913700931243440        1.7769999999999999     
   99.415362458214588        7.1407987037809795       -94.004512472461386       -31.552732391745678        0.0000000000000000     
   85.612159070660610        4.4665362086890044        16.641481502988711        23.776815893885249        80.419002445756163     
   266.51129247484192       -59.300215236685467        244.42480325177317       -88.137784433382947        0.0000000000000000     

 PASSED   1.0000000000000001E-005
 MU_R    =    325.00000000000000     
 ALPHA_S =   0.11799999999999999     
 BORN                    4.5709792365090658E-011
 SINGLE POLE (MadFKS)   -6.7281625630824686E-012
 DOUBLE POLE (MadFKS)   -4.8645094805441194E-012
 SINGLE POLE (MadLoop)  -6.7281625630824492E-012
 DOUBLE POLE (MadLoop)  -4.8645094805441243E-012
 FINITE PART (MadLoop)   8.8498985151586858E-012
   325.00000000000000        0.0000000000000000        0.0000000000000000        325.00000000000000        0.0000000000000000     
   325.00000000000000        0.0000000000000000        0.0000000000000000       -325.00000000000000        0.0000000000000000     
   190.04796650283421       -168.80690648503833       -82.624303304242289       -28.151814671570595        1.7769999999999999     
   91.483230724179947       -12.272045029907467        42.075831817012045        80.300702309655975        0.0000000000000000     
   164.50201584547216        23.198734671593616        137.75020063541066        32.869411272405408        80.419002445756163     
   203.96678692751362        157.88021684335169       -97.201729148179965       -85.018298910490785        0.0000000000000000     

 PASSED   1.0000000000000001E-005
 MU_R    =    325.00000000000000     
 ALPHA_S =   0.11799999999999999     
 BORN                    1.2041558860080144E-010
 SINGLE POLE (MadFKS)   -1.8657609258056967E-011
 DOUBLE POLE (MadFKS)   -1.2814820239727365E-011
 SINGLE POLE (MadLoop)  -1.8657609258057170E-011
 DOUBLE POLE (MadLoop)  -1.2814820239727390E-011
 FINITE PART (MadLoop)   2.2043939103413869E-011
   325.00000000000000        0.0000000000000000        0.0000000000000000        325.00000000000000        0.0000000000000000     
   325.00000000000000        0.0000000000000000        0.0000000000000000       -325.00000000000000        0.0000000000000000     
   113.52161946167773        40.146024209901555       -105.89999193365233       -7.5821372179835036        1.7769999999999999     
   124.11798538900200       -41.788044993737650        68.396381610134512       -94.767972307455906        0.0000000000000000     
   236.91924145335767       -14.570621292621846        209.82210559976238        73.660654445185415        80.419002445756163     
   175.44115369596264        16.212642076457939       -172.31849527624465        28.689455080253996        0.0000000000000000     

 PASSED   1.0000000000000001E-005
 MU_R    =    325.00000000000000     
 ALPHA_S =   0.11799999999999999     
 BORN                    1.5060981700802368E-010
 SINGLE POLE (MadFKS)   -3.9086587287445617E-011
 DOUBLE POLE (MadFKS)   -1.6028138497038503E-011
 SINGLE POLE (MadLoop)  -3.9086587287450935E-011
 DOUBLE POLE (MadLoop)  -1.6028138497038457E-011
 FINITE PART (MadLoop)   5.5730353280616784E-013
   325.00000000000000        0.0000000000000000        0.0000000000000000        325.00000000000000        0.0000000000000000     
   325.00000000000000        0.0000000000000000        0.0000000000000000       -325.00000000000000        0.0000000000000000     
   297.30969460782171        273.78754211512199        103.48266279939253       -52.169119805721692        1.7769999999999999     
   133.40553215523562       -91.900389607685312       -92.950429958572215        26.675306373007324        0.0000000000000000     
   140.16662132770057       -113.87409103907139       -3.0833692915122315       -14.235519094501093        80.419002445756163     
   79.118151909242130       -68.013061468365308       -7.4488635493081032        39.729332527215476        0.0000000000000000     

 PASSED   1.0000000000000001E-005
 MU_R    =    325.00000000000000     
 ALPHA_S =   0.11799999999999999     
 BORN                    6.0566419508042856E-010
 SINGLE POLE (MadFKS)   -1.2847675178415279E-010
 DOUBLE POLE (MadFKS)   -6.4455755901551118E-011
 SINGLE POLE (MadLoop)  -1.2847675178415445E-010
 DOUBLE POLE (MadLoop)  -6.4455755901551647E-011
 FINITE PART (MadLoop)   5.3034545877260599E-011
   325.00000000000000        0.0000000000000000        0.0000000000000000        325.00000000000000        0.0000000000000000     
   325.00000000000000        0.0000000000000000        0.0000000000000000       -325.00000000000000        0.0000000000000000     
   82.447739604565612        52.322358409531368       -30.798069456840441        55.752325199030068        1.7769999999999999     
   192.12042291577836       -5.3498822986487493        142.12770633353196        129.15630357476726        0.0000000000000000     
   124.87908032365353       -84.182984846932527       -14.003016110388780        42.950079745959350        80.419002445756163     
   250.55275715600249        37.210508736050279       -97.326620766302511       -227.85870851975656        0.0000000000000000     

 PASSED   1.0000000000000001E-005
 MU_R    =    325.00000000000000     
 ALPHA_S =   0.11799999999999999     
 BORN                    1.1311754180917312E-008
 SINGLE POLE (MadFKS)   -5.1595954183594470E-009
 DOUBLE POLE (MadFKS)   -1.2038150384748025E-009
 SINGLE POLE (MadLoop)  -5.1595954183585032E-009
 DOUBLE POLE (MadLoop)  -1.2038150384755203E-009
 FINITE PART (MadLoop)  -9.7710640144800406E-009
   325.00000000000000        0.0000000000000000        0.0000000000000000        325.00000000000000        0.0000000000000000     
   325.00000000000000        0.0000000000000000        0.0000000000000000       -325.00000000000000        0.0000000000000000     
   51.066246115565221       -26.449675401682288        19.688917178216396        38.953369235926907        1.7769999999999999     
   272.96291203764343        72.820149444145017        65.483951941726886        254.78977456149278        0.0000000000000000     
   284.92039874444947       -57.711713556956177       -81.401686360616111       -254.47110099634747        80.419002445756163     
   41.050443102341873        11.341239514493470       -3.7711827593271807       -39.272042801072288        0.0000000000000000     

 PASSED   1.0000000000000001E-005
 MU_R    =    325.00000000000000     
 ALPHA_S =   0.11799999999999999     
 BORN                    9.1243864608704332E-012
 SINGLE POLE (MadFKS)   -1.9828920338940546E-012
 DOUBLE POLE (MadFKS)   -9.7103185436805244E-013
 SINGLE POLE (MadLoop)  -1.9828920338921001E-012
 DOUBLE POLE (MadLoop)  -9.7103185436805022E-013
 FINITE PART (MadLoop)   1.4959283804584642E-012
   325.00000000000000        0.0000000000000000        0.0000000000000000        325.00000000000000        0.0000000000000000     
   325.00000000000000        0.0000000000000000        0.0000000000000000       -325.00000000000000        0.0000000000000000     
   167.24766091902362       -57.798323816658716       -85.750671477388934        131.43362758079175        1.7769999999999999     
   199.18562093489851        2.0094448154159421        116.27587570584168       -161.71207267113525        0.0000000000000000     
   173.20426411134088        34.037761176654712       -127.62360515868706        78.013763993036306        80.419002445756163     
   110.36245403473693        21.751117824588036        97.098400930234320       -47.735318902692818        0.0000000000000000     

 PASSED   1.0000000000000001E-005
 MU_R    =    325.00000000000000     
 ALPHA_S =   0.11799999999999999     
 BORN                    1.2425415431477075E-010
 SINGLE POLE (MadFKS)   -5.1383818812800667E-011
 DOUBLE POLE (MadFKS)   -1.3223326564983743E-011
 SINGLE POLE (MadLoop)  -5.1383818812812862E-011
 DOUBLE POLE (MadLoop)  -1.3223326564981590E-011
 FINITE PART (MadLoop)  -7.7984023987959295E-011
   325.00000000000000        0.0000000000000000        0.0000000000000000        325.00000000000000        0.0000000000000000     
   325.00000000000000        0.0000000000000000        0.0000000000000000       -325.00000000000000        0.0000000000000000     
   149.58398587214680        69.649421257928182       -72.523992486664483        110.73138549042230        1.7769999999999999     
   270.73093991286891       -98.594778956431057       -86.260199055798282       -236.92507137804554        0.0000000000000000     
   191.65803867064682        16.599333564893225        146.46454972667428        92.402303170822449        80.419002445756163     
   38.027035544337444        12.346024133609779        12.319641815788607        33.791382716800740        0.0000000000000000     

 PASSED   1.0000000000000001E-005
 MU_R    =    325.00000000000000     
 ALPHA_S =   0.11799999999999999     
 BORN                    1.3455292980896518E-009
 SINGLE POLE (MadFKS)   -4.5890766684602203E-010
 DOUBLE POLE (MadFKS)   -1.4319338785502281E-010
 SINGLE POLE (MadLoop)  -4.5890766684597106E-010
 DOUBLE POLE (MadLoop)  -1.4319338785501345E-010
 FINITE PART (MadLoop)  -3.4670396549111598E-010
   325.00000000000000        0.0000000000000000        0.0000000000000000        325.00000000000000        0.0000000000000000     
   325.00000000000000        0.0000000000000000        0.0000000000000000       -325.00000000000000        0.0000000000000000     
   109.12680063429467       -63.218478187375702       -59.487770268756208       -66.106959480837403        1.7769999999999999     
   283.66374443138716        151.70013486403653        239.68434283171214        1.8986280306313894        0.0000000000000000     
   185.87903590764498       -73.076702494943717       -150.80602946574211        1.0663324192061010        80.419002445756163     
   71.330419026673155       -15.404954181717109       -29.390543097213751        63.141999030999905        0.0000000000000000     

 PASSED   1.0000000000000001E-005
 MU_R    =    325.00000000000000     
 ALPHA_S =   0.11799999999999999     
 BORN                    8.4266135290912200E-009
 SINGLE POLE (MadFKS)   -2.5875895362767515E-009
 DOUBLE POLE (MadFKS)   -8.9677373884663199E-010
 SINGLE POLE (MadLoop)  -2.5875895362762250E-009
 DOUBLE POLE (MadLoop)  -8.9677373884663323E-010
 FINITE PART (MadLoop)   3.3562815012961741E-011
   325.00000000000000        0.0000000000000000        0.0000000000000000        325.00000000000000        0.0000000000000000     
   325.00000000000000        0.0000000000000000        0.0000000000000000       -325.00000000000000        0.0000000000000000     
   253.02513768946923        162.51260093399955        98.693487512878406       -166.93655271984855        1.7769999999999999     
   152.98674054314665       -111.07082711932334       -100.30145525850453       -31.746373305807293        0.0000000000000000     
   187.11433900274918       -24.128259097489540       -33.985117128795920        163.72965166008157        80.419002445756163     
   56.873782764635003       -27.313514717186614        35.593084874422061        34.953274365574238        0.0000000000000000     

 PASSED   1.0000000000000001E-005
 MU_R    =    325.00000000000000     
 ALPHA_S =   0.11799999999999999     
 BORN                    5.2889713921820667E-010
 SINGLE POLE (MadFKS)   -6.1653120586854834E-011
 DOUBLE POLE (MadFKS)   -5.6286082584014096E-011
 SINGLE POLE (MadLoop)  -6.1653120586854446E-011
 DOUBLE POLE (MadLoop)  -5.6286082584013760E-011
 FINITE PART (MadLoop)   9.7150279458434166E-011
   325.00000000000000        0.0000000000000000        0.0000000000000000        325.00000000000000        0.0000000000000000     
   325.00000000000000        0.0000000000000000        0.0000000000000000       -325.00000000000000        0.0000000000000000     
   231.52559317904422        223.19730630957577       -38.685840120358478       -47.825838186484425        1.7769999999999999     
   76.779015465252499        27.327175881224417        53.104274563007998       -48.251204102144136        0.0000000000000000     
   80.861303690678184       -7.4739449176129700       -3.3483470600713865        2.0647516846701528        80.419002445756163     
   260.83408766502515       -243.05053727318725       -11.070087382578178        94.012290603958448        0.0000000000000000     

 PASSED   1.0000000000000001E-005
 MU_R    =    325.00000000000000     
 ALPHA_S =   0.11799999999999999     
 BORN                    3.6455073404488930E-011
 SINGLE POLE (MadFKS)   -1.2989936579360263E-011
 DOUBLE POLE (MadFKS)   -3.8796074323344061E-012
 SINGLE POLE (MadLoop)  -1.2989936579353670E-011
 DOUBLE POLE (MadLoop)  -3.8796074323344796E-012
 FINITE PART (MadLoop)  -1.2893003645631337E-011
   325.00000000000000        0.0000000000000000        0.0000000000000000        325.00000000000000        0.0000000000000000     
   325.00000000000000        0.0000000000000000        0.0000000000000000       -325.00000000000000        0.0000000000000000     
   244.52035932992931       -133.02564574293416        155.79896762373511        133.48373556314448        1.7769999999999999     
   162.37804229276591        12.309834350821461       -158.08960878480792        34.968159679242440        0.0000000000000000     
   213.62823500053315        109.45607399316130       -24.411053716292319       -163.07444667248262        80.419002445756163     
   29.473363376771541        11.259737398951380        26.701694877365131       -5.3774485699043133        0.0000000000000000     

 PASSED   1.0000000000000001E-005
 MU_R    =    325.00000000000000     
 ALPHA_S =   0.11799999999999999     
 BORN                    6.8915347434044714E-011
 SINGLE POLE (MadFKS)   -1.1267088985466899E-011
 DOUBLE POLE (MadFKS)   -7.3340819024137676E-012
 SINGLE POLE (MadLoop)  -1.1267088985466653E-011
 DOUBLE POLE (MadLoop)  -7.3340819024137806E-012
 FINITE PART (MadLoop)   1.2397027793012240E-011
   325.00000000000000        0.0000000000000000        0.0000000000000000        325.00000000000000        0.0000000000000000     
   325.00000000000000        0.0000000000000000        0.0000000000000000       -325.00000000000000        0.0000000000000000     
   181.42844541785797       -70.746479035923585        55.966601869190811       -157.40329811339973        1.7769999999999999     
   124.85480606284642        51.534440942879911        21.154896381048804        111.73806134349613        0.0000000000000000     
Thanks for using LHAPDF 6.2.1. Please make sure to cite the paper:
  Eur.Phys.J. C75 (2015) 3, 132  (http://arxiv.org/abs/1412.7420)
   176.06793415112102        156.48916619999497        5.9109647470505138       -2.9837626685843608        80.419002445756163     
   167.64881436817458       -137.27712810695127       -83.032462997290153        48.648999438487941        0.0000000000000000     

 PASSED   1.0000000000000001E-005
 MU_R    =    325.00000000000000     
 ALPHA_S =   0.11799999999999999     
 BORN                    2.0061125696443668E-010
 SINGLE POLE (MadFKS)   -4.2291056686466481E-011
 DOUBLE POLE (MadFKS)   -2.1349372003550545E-011
 SINGLE POLE (MadLoop)  -4.2291056686496447E-011
 DOUBLE POLE (MadLoop)  -2.1349372003548746E-011
 FINITE PART (MadLoop)   4.5141952469621221E-011
   325.00000000000000        0.0000000000000000        0.0000000000000000        325.00000000000000        0.0000000000000000     
   325.00000000000000        0.0000000000000000        0.0000000000000000       -325.00000000000000        0.0000000000000000     
   30.546212698066910       -12.446081962125604       -5.1872881878082229        27.351425305534278        1.7769999999999999     
   119.77075466023449        73.702460758719795        26.899317147469183        90.495346217312871        0.0000000000000000     
   301.02566162776179        23.610359929120133        40.825940278666415       -286.22548193415861        80.419002445756163     
   198.65737101393680       -84.866738725714299       -62.537969238327378        168.37871041131149        0.0000000000000000     

 NUMBER OF POINTS PASSING THE CHECK          20
 NUMBER OF POINTS FAILING THE CHECK           0
 TOLERANCE    1.0000000000000001E-005
