==== LHAPDF6 USING DEFAULT-TYPE LHAGLUE INTERFACE ====
LHAPDF 6.2.1 loading /cvmfs/cms.cern.ch/slc7_amd64_gcc700/external/lhapdf/6.2.1-pafccj3/share/LHAPDF/NNPDF31_nnlo_as_0118_nf_4_mc_hessian/NNPDF31_nnlo_as_0118_nf_4_mc_hessian_0000.dat
NNPDF31_nnlo_as_0118_nf_4_mc_hessian PDF set, member #0, version 1; LHAPDF ID = 325500
 A PDF is used, so alpha_s(MZ) is going to be modified
 Old value of alpha_s from param_card:   0.11799999999999999     
 New value of alpha_s from PDF lhapdf :  0.11266013434007299     
 *****************************************************
 *               MadGraph/MadEvent                   *
 *        --------------------------------           *
 *          http://madgraph.hep.uiuc.edu             *
 *          http://madgraph.phys.ucl.ac.be           *
 *          http://madgraph.roma2.infn.it            *
 *        --------------------------------           *
 *                                                   *
 *          PARAMETER AND COUPLING VALUES            *
 *                                                   *
 *****************************************************

  External Params
  ---------------------------------
  
 MU_R =    91.188000000000002     
 aEWM1 =    132.50700000000001     
 mdl_Gf =    1.1663900000000000E-005
 aS =   0.11799999999999999     
 mdl_ymb =    4.7000000000000002     
 mdl_ymt =    173.00000000000000     
 mdl_ymtau =    1.7769999999999999     
 mdl_MT =    173.00000000000000     
 mdl_MB =    4.7000000000000002     
 mdl_MZ =    91.188000000000002     
 mdl_MH =    125.00000000000000     
 mdl_MTA =    1.7769999999999999     
 mdl_WT =    1.4915000000000000     
 mdl_WZ =    2.4414039999999999     
 mdl_WW =    2.0476000000000001     
 mdl_WH =    6.3823389999999999E-003
  Internal Params
  ---------------------------------
  
 mdl_conjg__CKM3x3 =    1.0000000000000000     
 mdl_CKM22 =    1.0000000000000000     
 mdl_lhv =    1.0000000000000000     
 mdl_CKM3x3 =    1.0000000000000000     
 mdl_conjg__CKM22 =    1.0000000000000000     
 mdl_conjg__CKM33 =    1.0000000000000000     
 mdl_Ncol =    3.0000000000000000     
 mdl_CA =    3.0000000000000000     
 mdl_TF =   0.50000000000000000     
 mdl_CF =    1.3333333333333333     
 mdl_complexi =                (0.0000000000000000,1.0000000000000000)
 mdl_MZ__exp__2 =    8315.2513440000002     
 mdl_MZ__exp__4 =    69143404.913893804     
 mdl_sqrt__2 =    1.4142135623730951     
 mdl_MH__exp__2 =    15625.000000000000     
 mdl_Ncol__exp__2 =    9.0000000000000000     
 mdl_MB__exp__2 =    22.090000000000003     
 mdl_MT__exp__2 =    29929.000000000000     
 mdl_aEW =    7.5467711139788835E-003
 mdl_MW =    80.419002445756163     
 mdl_sqrt__aEW =    8.6872153846781555E-002
 mdl_ee =   0.30795376724436879     
 mdl_MW__exp__2 =    6467.2159543705357     
 mdl_sw2 =   0.22224648578577766     
 mdl_cw =   0.88190334743339216     
 mdl_sqrt__sw2 =   0.47143025548407230     
 mdl_sw =   0.47143025548407230     
 mdl_g1 =   0.34919219678733299     
 mdl_gw =   0.65323293034757990     
 mdl_v =    246.21845810181637     
 mdl_v__exp__2 =    60623.529110035903     
 mdl_lam =   0.12886910601690263     
 mdl_yb =    2.6995554250465490E-002
 mdl_yt =   0.99366614581500623     
 mdl_ytau =    1.0206617000654717E-002
 mdl_muH =    88.388347648318430     
 mdl_AxialZUp =  -0.18517701861793787     
 mdl_AxialZDown =   0.18517701861793787     
 mdl_VectorZUp =    7.5430507588273299E-002
 mdl_VectorZDown =  -0.13030376310310560     
 mdl_VectorAUp =   0.20530251149624587     
 mdl_VectorADown =  -0.10265125574812294     
 mdl_VectorWmDxU =   0.23095271737156670     
 mdl_AxialWmDxU =  -0.23095271737156670     
 mdl_VectorWpUxD =   0.23095271737156670     
 mdl_AxialWpUxD =  -0.23095271737156670     
 mdl_I1x33 =          (2.69955542504654901E-002,0.0000000000000000)
 mdl_I2x33 =               (0.99366614581500623,0.0000000000000000)
 mdl_I3x33 =               (0.99366614581500623,0.0000000000000000)
 mdl_I4x33 =          (2.69955542504654901E-002,0.0000000000000000)
 mdl_Vector_tbGp =              (-0.96667059156454072,0.0000000000000000)
 mdl_Axial_tbGp =              (-1.0206617000654716,-0.0000000000000000)
 mdl_Vector_tbGm =               (0.96667059156454072,0.0000000000000000)
 mdl_Axial_tbGm =              (-1.0206617000654716,-0.0000000000000000)
 mdl_gw__exp__2 =   0.42671326129048615     
 mdl_cw__exp__2 =   0.77775351421422245     
 mdl_ee__exp__2 =    9.4835522759998875E-002
 mdl_sw__exp__2 =   0.22224648578577769     
 mdl_yb__exp__2 =    7.2875994928982540E-004
 mdl_yt__exp__2 =   0.98737240933884918     
  Internal Params evaluated point by point
  ----------------------------------------
  
 mdl_sqrt__aS =   0.34351128074635334     
 mdl_G__exp__4 =    2.1987899468922913     
 mdl_G__exp__2 =    1.4828317324943823     
 mdl_R2MixedFactor_FIN_ =   -2.5040377713124864E-002
 mdl_G_UVg_1EPS_ =   -5.1645779033320030E-002
 mdl_G_UVq_1EPS_ =    3.1300472141406080E-003
 mdl_GWcft_UV_b_1EPS_ =   -3.1300472141406080E-003
 mdl_GWcft_UV_t_1EPS_ =   -3.1300472141406080E-003
 mdl_bWcft_UV_1EPS_ =   -1.8780283284843650E-002
 mdl_tWcft_UV_1EPS_ =   -1.8780283284843650E-002
 mdl_G__exp__3 =    1.8056676068262196     
 mdl_MU_R__exp__2 =    8315.2513440000002     
 mdl_G_UVb_FIN_ =    1.8563438626678915E-002
 mdl_G_UVt_FIN_ =   -4.0087659331150384E-003
 mdl_GWcft_UV_b_FIN_ =   -1.8563438626678915E-002
 mdl_GWcft_UV_t_FIN_ =    4.0087659331150384E-003
 mdl_bWcft_UV_FIN_ =  -0.13642100947319838     
 mdl_tWcft_UV_FIN_ =   -9.8778211443463623E-004
  Couplings of loop_sm
  ---------------------------------
  
      UV_GQQb =   0.00000E+00   0.22605E-01
      UV_GQQt =   0.00000E+00  -0.48815E-02
   UVWfct_G_2 =   0.40088E-02   0.00000E+00
   UVWfct_G_1 =  -0.18563E-01   0.00000E+00
       R2_DDA =   0.00000E+00   0.25704E-02
       R2_UUA =  -0.00000E+00  -0.51409E-02
    R2_UUZ_V2 =  -0.00000E+00  -0.72127E-02
    R2_UUZ_V5 =   0.00000E+00   0.68702E-03
      R2_sxcW =  -0.00000E+00  -0.11566E-01
      R2_GGHb =   0.00000E+00  -0.33698E-02
      R2_GGHt =   0.00000E+00  -0.45657E+01
     R2_GGZup =  -0.46369E-02   0.00000E+00
    R2_GGWWcs =   0.00000E+00   0.13356E-02
         GC_4 =  -0.12177E+01   0.00000E+00
         GC_5 =   0.00000E+00   0.12177E+01
       R2_GQQ =  -0.00000E+00  -0.30492E-01
       R2_QQq =   0.00000E+00   0.12520E-01
 UV_GQQg_1eps =   0.00000E+00  -0.62890E-01
 UV_GQQq_1eps =   0.00000E+00   0.38115E-02
 UVWfct_G_2_1eps -0.31300E-02   0.00000E+00
         GC_1 =  -0.00000E+00  -0.10265E+00
         GC_2 =   0.00000E+00   0.20530E+00
         GC_7 =   0.00000E+00   0.57609E+00
        GC_22 =   0.00000E+00   0.28804E+00
        GC_23 =  -0.00000E+00  -0.27437E-01
        GC_24 =   0.00000E+00   0.82310E-01
        GC_25 =   0.00000E+00   0.30795E+00
        GC_28 =   0.00000E+00   0.37035E+00
        GC_31 =   0.00000E+00   0.52532E+02
        GC_33 =  -0.00000E+00  -0.19089E-01
        GC_37 =  -0.00000E+00  -0.70263E+00
        GC_38 =  -0.00000E+00  -0.72172E-02
        GC_47 =   0.00000E+00   0.46191E+00

 Collider parameters:
 --------------------

 Running at P P   machine @    13000.000000000000       GeV
 PDF set = lhapdf 
 alpha_s(Mz)= 0.1127 running at 3 loops.
 alpha_s(Mz)= 0.1127 running at 3 loops.
 Renormalization scale set on event-by-event basis
 Factorization   scale set on event-by-event basis


 ===============================================================
 INFO: MadFKS read these parameters from FKS_params.dat
 ===============================================================
  > IRPoleCheckThreshold      =    1.0000000000000001E-005
  > PrecisionVirtualAtRunTime =    1.0000000000000000E-003
  > NHelForMCoverHels         =            4
  > VirtualFraction           =    1.0000000000000000     
  > MinVirtualFraction        =    5.0000000000000001E-003
 ===============================================================
  Insert the number of points to test
 Insert the relative tolerance
  A negative number will mean use the default one:    1.0000000000000001E-005
Using random seed offsets:     1 ,      5 ,      0
  with seed                   32
 Ranmar initialization seeds       10730        9411
  ========================================================================================== 
 {                                                                                          }
 {       [32m                                                                            [0m       }
 {       [32m                               ,,                                           [0m       }
 {       [32m`7MMM.     ,MMF'             `7MM  `7MMF'                                   [0m       }
 {       [32m  MMMb    dPMM                 MM    MM                                     [0m       }
 {       [32m  M YM   ,M MM   ,6"Yb.   ,M""bMM    MM         ,pW"Wq.   ,pW"Wq.`7MMpdMAo. [0m       }
 {       [32m  M  Mb  M' MM  8)   MM ,AP    MM    MM        6W'   `Wb 6W'   `Wb MM   `Wb [0m       }
 {       [32m  M  YM.P'  MM   ,pm9MM 8MI    MM    MM      , 8M     M8 8M     M8 MM    M8 [0m       }
 {       [32m  M  `YM'   MM  8M   MM `Mb    MM    MM     ,M YA.   ,A9 YA.   ,A9 MM   ,AP [0m       }
 {       [32m.JML. `'  .JMML.`Moo9^Yo.`Wbmd"MML..JMMmmmmMMM  `Ybmd9'   `Ybmd9'  MMbmmd'  [0m       }
 {       [32m                                                                   MM       [0m       }
 {       [32m                                                                 .JMML.     [0m       }
 {       [32m[0mv2.6.5 (2018-02-03), Ref: arXiv:1103.0621v2, arXiv:1405.0301[32m                [0m       }
 {       [32m                                                                            [0m       }
 {                                                                                          }
  ========================================================================================== 
 ===============================================================
 INFO: MadLoop read these parameters from ./MadLoop5_resources/MadLoopParams.dat                                                                                                                                                                                                                                                                                                                                                                                                                                                                                          
 ===============================================================
  > MLReductionLib            = 6|7|1
  > CTModeRun                 =           -1
  > MLStabThres               =    1.0000000000000000E-003
  > NRotations_DP             =            0
  > NRotations_QP             =            0
  > CTStabThres               =    1.0000000000000000E-002
  > CTLoopLibrary             =            2
  > CTModeInit                =            1
  > CheckCycle                =            3
  > MaxAttempts               =           10
  > UseLoopFilter             =  F
  > HelicityFilterLevel       =            2
  > ImprovePSPoint            =            2
  > DoubleCheckHelicityFilter =  T
  > LoopInitStartOver         =  F
  > HelInitStartOver          =  F
  > ZeroThres                 =    1.0000000000000001E-009
  > OSThres                   =    1.0000000000000000E-008
  > WriteOutFilters           =  T
  > UseQPIntegrandForNinja    =  T
  > UseQPIntegrandForCutTools =  T
  > IREGIMODE                 =            2
  > IREGIRECY                 =  T
  > COLLIERMode               =            1
  > COLLIERRequiredAccuracy   =    1.0000000000000000E-008
  > COLLIERCanOutput          =  F
  > COLLIERComputeUVpoles     =  T
  > COLLIERComputeIRpoles     =  T
  > COLLIERGlobalCache        =           -1
  > COLLIERUseCacheForPoles   =  F
  > COLLIERUseInternalStabilityTest =  T
 ===============================================================
  
------------------------------------------------------------------------
|              You are using CutTools - Version 1.9.3                  |
|              Authors: G. Ossola, C. Papadopoulos, R. Pittau          |
|              Published in JHEP 0803:042,2008                         |
|              http://www.ugr.es/~pittau/CutTools                      |
|                                                                      |
|              Compiler with  34  significant digits detetected        |
 ---------------------------------------------------------------------- 
   
########################################################################
#                                                                      #

  +----------------------------------------------------------------+
  |                                                                |
  |  Ninja - version 1.1.0                                         |
  |                                                                |
  |  Author: Tiziano Peraro                                        |
  |                                                                |
  |  Based on:                                                     |
  |                                                                |
  |      P. Mastrolia, E. Mirabella and T. Peraro,                 |
  |      "Integrand reduction of one-loop scattering amplitudes    |
  |      through Laurent series expansion,"                        |
  |      JHEP 1206 (2012) 095  [arXiv:1203.0291 [hep-ph]].         |
  |                                                                |
  |      T. Peraro,                                                |
  |      "Ninja: Automated Integrand Reduction via Laurent         |
  |      Expansion for One-Loop Amplitudes,"                       |
  |      Comput.Phys.Commun. 185 (2014) [arXiv:1403.1229 [hep-ph]] |
  |                                                                |
  +----------------------------------------------------------------+


#                      You are using OneLOop-3.6                       #
#                                                                      #
# for the evaluation of 1-loop scalar 1-, 2-, 3- and 4-point functions #
#                                                                      #
# author: Andreas van Hameren <hamerenREMOVETHIS@ifj.edu.pl>           #
#   date: 18-02-2015                                                   #
#                                                                      #
# Please cite                                                          #
#    A. van Hameren,                                                   #
#      Comput.Phys.Commun. 182 (2011) 2427-2438, arXiv:1007.4716       #
#    A. van Hameren, C.G. Papadopoulos and R. Pittau,                  #
#      JHEP 0909:106,2009, arXiv:0903.4665                             #
# in publications with results obtained with the help of this program. #
#                                                                      #
########################################################################
########################################################################
#                                                                      #
#                      You are using OneLOop-3.6                       #
#                                                                      #
# for the evaluation of 1-loop scalar 1-, 2-, 3- and 4-point functions #
#                                                                      #
# author: Andreas van Hameren <hamerenREMOVETHIS@ifj.edu.pl>           #
#   date: 18-02-2015                                                   #
#                                                                      #
# Please cite                                                          #
#    A. van Hameren,                                                   #
#      Comput.Phys.Commun. 182 (2011) 2427-2438, arXiv:1007.4716       #
#    A. van Hameren, C.G. Papadopoulos and R. Pittau,                  #
#      JHEP 0909:106,2009, arXiv:0903.4665                             #
# in publications with results obtained with the help of this program. #
#                                                                      #
########################################################################
 PASSED   1.0000000000000001E-005
 MU_R    =    325.00000000000000     
 ALPHA_S =   0.11799999999999999     
 BORN                    8.5334264247124357E-008
 SINGLE POLE (MadFKS)   -4.8593292058303906E-010
 DOUBLE POLE (MadFKS)   -4.2736044172392020E-009
 SINGLE POLE (MadLoop)  -4.8593292058312901E-010
 DOUBLE POLE (MadLoop)  -4.2736044172392037E-009
 FINITE PART (MadLoop)   1.3104587774143681E-008
   325.00000000000000        0.0000000000000000        0.0000000000000000        325.00000000000000        0.0000000000000000     
   325.00000000000000        0.0000000000000000        0.0000000000000000       -325.00000000000000        0.0000000000000000     
   304.88555078053764        8.2104239274257687        280.91939679250856       -118.20355544321340        0.0000000000000000     
   218.02957799589916       -43.143722543322959       -200.98457300287461        72.668545472073404        0.0000000000000000     
   127.08487122356317        34.933298615897186       -79.934823789633967        45.535009971139978        80.419002445756163     

 PASSED   1.0000000000000001E-005
 MU_R    =    325.00000000000000     
 ALPHA_S =   0.11799999999999999     
 BORN                    2.3339709117868485E-008
 SINGLE POLE (MadFKS)   -1.3290714014197039E-010
 DOUBLE POLE (MadFKS)   -1.1688702640517823E-009
 SINGLE POLE (MadLoop)  -1.3290714014195576E-010
 DOUBLE POLE (MadLoop)  -1.1688702640517852E-009
 FINITE PART (MadLoop)   2.6298385690170035E-009
   325.00000000000000        0.0000000000000000        0.0000000000000000        325.00000000000000        0.0000000000000000     
   325.00000000000000        0.0000000000000000        0.0000000000000000       -325.00000000000000        0.0000000000000000     
   258.58597539152493        25.529796985870274        96.177858449363328       -238.67290520530565        0.0000000000000000     
   266.76852352727377       -89.881919693127770       -153.79988447245228        198.57563091542744        0.0000000000000000     
   124.64550108120125        64.352122707257564        57.622026023088900        40.097274289878236        80.419002445756163     

 PASSED   1.0000000000000001E-005
 MU_R    =    325.00000000000000     
 ALPHA_S =   0.11799999999999999     
 BORN                    4.3452566844317716E-008
 SINGLE POLE (MadFKS)   -2.4743909026204095E-010
 DOUBLE POLE (MadFKS)   -2.1761373727730436E-009
 SINGLE POLE (MadLoop)  -2.4743909026209606E-010
 DOUBLE POLE (MadLoop)  -2.1761373727730477E-009
 FINITE PART (MadLoop)   3.0162490369782907E-009
   325.00000000000000        0.0000000000000000        0.0000000000000000        325.00000000000000        0.0000000000000000     
   325.00000000000000        0.0000000000000000        0.0000000000000000       -325.00000000000000        0.0000000000000000     
   86.676955409808329        30.856129313146322        48.010408187734711        65.236451379358442        0.0000000000000000     
   273.52165437830905        228.10851579541631       -146.30673237432737       -37.080190093990261        0.0000000000000000     
   289.80139021188268       -258.96464510856259        98.296324186592670       -28.156261285368021        80.419002445756163     

 PASSED   1.0000000000000001E-005
 MU_R    =    325.00000000000000     
 ALPHA_S =   0.11799999999999999     
 BORN                    1.3704985572934569E-008
 SINGLE POLE (MadFKS)   -7.8042550958409141E-011
 DOUBLE POLE (MadFKS)   -6.8635603059841719E-010
 SINGLE POLE (MadLoop)  -7.8042550958468595E-011
 DOUBLE POLE (MadLoop)  -6.8635603059841595E-010
 FINITE PART (MadLoop)   1.4921339488795947E-009
   325.00000000000000        0.0000000000000000        0.0000000000000000        325.00000000000000        0.0000000000000000     
   325.00000000000000        0.0000000000000000        0.0000000000000000       -325.00000000000000        0.0000000000000000     
   153.31880272366581       -115.82256591652141       -87.776363470326331        48.857942128752924        0.0000000000000000     
   249.49491920453994       -32.150800946683610        243.64471567994411        43.026657186049334        0.0000000000000000     
   247.18627807179425        147.97336686320500       -155.86835220961771       -91.884599314802131        80.419002445756163     

 PASSED   1.0000000000000001E-005
 MU_R    =    325.00000000000000     
 ALPHA_S =   0.11799999999999999     
 BORN                    5.2498151857921453E-008
 SINGLE POLE (MadFKS)   -2.9894885111629051E-010
 DOUBLE POLE (MadFKS)   -2.6291471035266821E-009
 SINGLE POLE (MadLoop)  -2.9894885111627184E-010
 DOUBLE POLE (MadLoop)  -2.6291471035264493E-009
 FINITE PART (MadLoop)   7.2292140131102140E-009
   325.00000000000000        0.0000000000000000        0.0000000000000000        325.00000000000000        0.0000000000000000     
   325.00000000000000        0.0000000000000000        0.0000000000000000       -325.00000000000000        0.0000000000000000     
   267.47922477760704       -62.710750513471673       -258.41204893786158        28.908656513283582        0.0000000000000000     
   252.21972239366056       -35.480995829268672        249.71052958660763      -0.73397062242969646        0.0000000000000000     
   130.30105282873242        98.191746342740345        8.7015193512539621       -28.174685890853887        80.419002445756163     

 PASSED   1.0000000000000001E-005
 MU_R    =    325.00000000000000     
 ALPHA_S =   0.11799999999999999     
 BORN                    2.7425920885295988E-008
 SINGLE POLE (MadFKS)   -1.5617592713844018E-010
 DOUBLE POLE (MadFKS)   -1.3735108361961830E-009
 SINGLE POLE (MadLoop)  -1.5617592713843718E-010
 DOUBLE POLE (MadLoop)  -1.3735108361961915E-009
 FINITE PART (MadLoop)   2.6112934700355600E-009
   325.00000000000000        0.0000000000000000        0.0000000000000000        325.00000000000000        0.0000000000000000     
   325.00000000000000        0.0000000000000000        0.0000000000000000       -325.00000000000000        0.0000000000000000     
   252.05151145595912       -109.11909442352918       -185.56576076856084        131.10429470390216        0.0000000000000000     
   168.05768459691831       -74.311834772053686        148.74267671877848       -24.428522006482503        0.0000000000000000     
   229.89080394712263        183.43092919558288        36.823084049782331       -106.67577269741970        80.419002445756163     

 PASSED   1.0000000000000001E-005
 MU_R    =    325.00000000000000     
 ALPHA_S =   0.11799999999999999     
 BORN                    2.0996554443622112E-007
 SINGLE POLE (MadFKS)   -1.1956412952038670E-009
 DOUBLE POLE (MadFKS)   -1.0515233078849759E-008
 SINGLE POLE (MadLoop)  -1.1956412952116779E-009
 DOUBLE POLE (MadLoop)  -1.0515233078849764E-008
 FINITE PART (MadLoop)   3.1627758336008778E-008
   325.00000000000000        0.0000000000000000        0.0000000000000000        325.00000000000000        0.0000000000000000     
   325.00000000000000        0.0000000000000000        0.0000000000000000       -325.00000000000000        0.0000000000000000     
   294.70596912841148        80.513419016108031        279.35180822178620       -48.288350991426597        0.0000000000000000     
   269.23907357609079       -76.493872832197155       -256.60183167793741        28.175630228457610        0.0000000000000000     
   86.054957295497857       -4.0195461839108964       -22.749976543848803        20.112720762968948        80.419002445756163     

 PASSED   1.0000000000000001E-005
 MU_R    =    325.00000000000000     
 ALPHA_S =   0.11799999999999999     
 BORN                    1.6359208091101697E-007
 SINGLE POLE (MadFKS)   -9.3156926309383099E-010
 DOUBLE POLE (MadFKS)   -8.1928149937758976E-009
 SINGLE POLE (MadLoop)  -9.3156926309384588E-010
 DOUBLE POLE (MadLoop)  -8.1928149937758827E-009
 FINITE PART (MadLoop)   2.1959322908475594E-008
   325.00000000000000        0.0000000000000000        0.0000000000000000        325.00000000000000        0.0000000000000000     
   325.00000000000000        0.0000000000000000        0.0000000000000000       -325.00000000000000        0.0000000000000000     
   151.55068351995007       -138.38783334071681       -4.1522667967466242       -61.637455650559517        0.0000000000000000     
   297.91868350701861        295.36711387221675       -26.111868497186521       -28.844069562697236        0.0000000000000000     
   200.53063297303129       -156.97928053149988        30.264135293933144        90.481525213256788        80.419002445756163     

 PASSED   1.0000000000000001E-005
 MU_R    =    325.00000000000000     
 ALPHA_S =   0.11799999999999999     
 BORN                    1.8884572626374025E-008
 SINGLE POLE (MadFKS)   -1.0753752447810865E-010
 DOUBLE POLE (MadFKS)   -9.4575366303068795E-010
 SINGLE POLE (MadLoop)  -1.0753752447811310E-010
 DOUBLE POLE (MadLoop)  -9.4575366303068816E-010
 FINITE PART (MadLoop)   2.4955015383868859E-009
   325.00000000000000        0.0000000000000000        0.0000000000000000        325.00000000000000        0.0000000000000000     
   325.00000000000000        0.0000000000000000        0.0000000000000000       -325.00000000000000        0.0000000000000000     
   162.86005356220463       -122.57140300032719        49.447084919980583        95.155840628580265        0.0000000000000000     
   290.65242564412989        215.34722808620052       -191.57944332387427       -37.439561751186076        0.0000000000000000     
   196.48752079366545       -92.775825085873350        142.13235840389365       -57.716278877394174        80.419002445756163     

 PASSED   1.0000000000000001E-005
 MU_R    =    325.00000000000000     
 ALPHA_S =   0.11799999999999999     
 BORN                    1.3314155269036145E-007
 SINGLE POLE (MadFKS)   -7.5816981748885306E-010
 DOUBLE POLE (MadFKS)   -6.6678295373571341E-009
 SINGLE POLE (MadLoop)  -7.5816981748888119E-010
 DOUBLE POLE (MadLoop)  -6.6678295373571167E-009
 FINITE PART (MadLoop)   2.0304963352593525E-008
   325.00000000000000        0.0000000000000000        0.0000000000000000        325.00000000000000        0.0000000000000000     
   325.00000000000000        0.0000000000000000        0.0000000000000000       -325.00000000000000        0.0000000000000000     
   96.297968674090313        81.689726860119194        2.5955287537026597        50.924949943656529        0.0000000000000000     
   305.54582225410394       -211.10052487132648        173.47452795437451       -136.75308423210754        0.0000000000000000     
   248.15620907180573        129.41079801120756       -176.07005670807740        85.828134288450755        80.419002445756163     

 PASSED   1.0000000000000001E-005
 MU_R    =    325.00000000000000     
 ALPHA_S =   0.11799999999999999     
 BORN                    1.5419109227734617E-007
 SINGLE POLE (MadFKS)   -8.7803566901609383E-010
 DOUBLE POLE (MadFKS)   -7.7220063812480769E-009
 SINGLE POLE (MadLoop)  -8.7803566901506544E-010
 DOUBLE POLE (MadLoop)  -7.7220063812480901E-009
 FINITE PART (MadLoop)   4.7558369111043111E-008
   325.00000000000000        0.0000000000000000        0.0000000000000000        325.00000000000000        0.0000000000000000     
   325.00000000000000        0.0000000000000000        0.0000000000000000       -325.00000000000000        0.0000000000000000     
   286.66325605900573        112.84305200881703       -125.71457847621764       -231.59903442422504        0.0000000000000000     
   137.42358816237532       -59.860552908974370        120.65026475574274        27.303303888416330        0.0000000000000000     
   225.91315577861889       -52.982499099842670        5.0643137204748836        204.29573053580873        80.419002445756163     

 PASSED   1.0000000000000001E-005
 MU_R    =    325.00000000000000     
 ALPHA_S =   0.11799999999999999     
 BORN                    6.4078558264036117E-008
 SINGLE POLE (MadFKS)   -3.6489306187511893E-010
 DOUBLE POLE (MadFKS)   -3.2091026044878866E-009
 SINGLE POLE (MadLoop)  -3.6489306187514359E-010
 DOUBLE POLE (MadLoop)  -3.2091026044878870E-009
 FINITE PART (MadLoop)   1.0051120007168850E-008
   325.00000000000000        0.0000000000000000        0.0000000000000000        325.00000000000000        0.0000000000000000     
   325.00000000000000        0.0000000000000000        0.0000000000000000       -325.00000000000000        0.0000000000000000     
   291.63176643974265       -186.50716367055452        117.73922901911575        190.79213570352894        0.0000000000000000     
   64.460849723293663       -25.409954127250565       -57.658261470414409       -13.603685622264162        0.0000000000000000     
   293.90738383696367        211.91711779780510       -60.080967548701331       -177.18845008126479        80.419002445756163     

 PASSED   1.0000000000000001E-005
 MU_R    =    325.00000000000000     
 ALPHA_S =   0.11799999999999999     
 BORN                    1.1197064943855624E-008
 SINGLE POLE (MadFKS)   -6.3761286490603265E-011
 DOUBLE POLE (MadFKS)   -5.6075747094506826E-010
 SINGLE POLE (MadLoop)  -6.3761286490602502E-011
 DOUBLE POLE (MadLoop)  -5.6075747094506847E-010
 FINITE PART (MadLoop)   1.7533906245982844E-009
   325.00000000000000        0.0000000000000000        0.0000000000000000        325.00000000000000        0.0000000000000000     
   325.00000000000000        0.0000000000000000        0.0000000000000000       -325.00000000000000        0.0000000000000000     
   302.04699215198605        243.57432281887270        51.576571933273861       -171.00816342795261        0.0000000000000000     
   132.42710426455605       -58.975981317992328        4.5370913283638314        118.48285265705543        0.0000000000000000     
   215.52590358345790       -184.59834150088034       -56.113663261637683        52.525310770897185        80.419002445756163     

 PASSED   1.0000000000000001E-005
 MU_R    =    325.00000000000000     
 ALPHA_S =   0.11799999999999999     
 BORN                    1.2688378860513697E-008
 SINGLE POLE (MadFKS)   -7.2253520336191364E-011
 DOUBLE POLE (MadFKS)   -6.3544359846898375E-010
 SINGLE POLE (MadLoop)  -7.2253520336214331E-011
 DOUBLE POLE (MadLoop)  -6.3544359846913947E-010
 FINITE PART (MadLoop)   1.3883966903983169E-009
   325.00000000000000        0.0000000000000000        0.0000000000000000        325.00000000000000        0.0000000000000000     
   325.00000000000000        0.0000000000000000        0.0000000000000000       -325.00000000000000        0.0000000000000000     
   253.16676030764373       -136.00530671763553        28.498845773314283       -211.62178729728822        0.0000000000000000     
   249.27201462381774        96.766103516388341        88.835425777165838        211.85165945033839        0.0000000000000000     
   147.56122506853850        39.239203201247214       -117.33427155048068      -0.22987215305026695        80.419002445756163     

 PASSED   1.0000000000000001E-005
 MU_R    =    325.00000000000000     
 ALPHA_S =   0.11799999999999999     
 BORN                    4.5918010266462938E-008
 SINGLE POLE (MadFKS)   -2.6147846979177384E-010
 DOUBLE POLE (MadFKS)   -2.2996086418147547E-009
 SINGLE POLE (MadLoop)  -2.6147846979183992E-010
 DOUBLE POLE (MadLoop)  -2.2996086418147584E-009
 FINITE PART (MadLoop)   3.4846095421030869E-009
   325.00000000000000        0.0000000000000000        0.0000000000000000        325.00000000000000        0.0000000000000000     
   325.00000000000000        0.0000000000000000        0.0000000000000000       -325.00000000000000        0.0000000000000000     
   158.61877170072620       -97.590695332137173       -49.679717413808355        114.75145575599996        0.0000000000000000     
   186.04923924403244       -35.134706910423304       -182.49447709597837        8.6969893105208467        0.0000000000000000     
   305.33198905524142        132.72540224256042        232.17419450978670       -123.44844506652076        80.419002445756163     

 PASSED   1.0000000000000001E-005
 MU_R    =    325.00000000000000     
 ALPHA_S =   0.11799999999999999     
 BORN                    1.2452367841790747E-008
 SINGLE POLE (MadFKS)   -7.0909564017710775E-011
 DOUBLE POLE (MadFKS)   -6.2362398836241964E-010
 SINGLE POLE (MadLoop)  -7.0909564017711951E-011
 DOUBLE POLE (MadLoop)  -6.2362398836241622E-010
 FINITE PART (MadLoop)   1.5363362511223184E-009
   325.00000000000000        0.0000000000000000        0.0000000000000000        325.00000000000000        0.0000000000000000     
   325.00000000000000        0.0000000000000000        0.0000000000000000       -325.00000000000000        0.0000000000000000     
   296.72037085533526       -235.96994517252563       -140.55258792903132       -112.27703898061702        0.0000000000000000     
   93.920638860757037        6.6727274786284987        58.888521755246799        72.860847630881494        0.0000000000000000     
   259.35899028390770        229.29721769389698        81.664066173784519        39.416191349735492        80.419002445756163     

 PASSED   1.0000000000000001E-005
 MU_R    =    325.00000000000000     
 ALPHA_S =   0.11799999999999999     
 BORN                    4.4340490593588430E-008
 SINGLE POLE (MadFKS)   -2.5249534034569768E-010
 DOUBLE POLE (MadFKS)   -2.2206052648974289E-009
 SINGLE POLE (MadLoop)  -2.5249534034561936E-010
 DOUBLE POLE (MadLoop)  -2.2206052648974757E-009
 FINITE PART (MadLoop)   4.5484862957289521E-009
   325.00000000000000        0.0000000000000000        0.0000000000000000        325.00000000000000        0.0000000000000000     
   325.00000000000000        0.0000000000000000        0.0000000000000000       -325.00000000000000        0.0000000000000000     
   130.23855622810564       -94.309179672778939       -82.854169611275566       -34.684964117826468        0.0000000000000000     
   213.26419254556140        32.763274586587016       -206.31257964147719        42.933706364036880        0.0000000000000000     
   306.49725122633293        61.545905086191979        289.16674925275277       -8.2487422462104103        80.419002445756163     

 PASSED   1.0000000000000001E-005
 MU_R    =    325.00000000000000     
 ALPHA_S =   0.11799999999999999     
 BORN                    2.1055242742037285E-007
 SINGLE POLE (MadFKS)   -1.1989832794003214E-009
 DOUBLE POLE (MadFKS)   -1.0544624622042892E-008
 SINGLE POLE (MadLoop)  -1.1989832794005617E-009
Thanks for using LHAPDF 6.2.1. Please make sure to cite the paper:
  Eur.Phys.J. C75 (2015) 3, 132  (http://arxiv.org/abs/1412.7420)
 DOUBLE POLE (MadLoop)  -1.0544624622044571E-008
 FINITE PART (MadLoop)   3.1483756969050857E-008
   325.00000000000000        0.0000000000000000        0.0000000000000000        325.00000000000000        0.0000000000000000     
   325.00000000000000        0.0000000000000000        0.0000000000000000       -325.00000000000000        0.0000000000000000     
   283.66964295348663       -34.923924261420694        276.36673455306283       -53.574377084741023        0.0000000000000000     
   282.72865472556964        24.703961183635947       -279.65909455323043        33.406546341025084        0.0000000000000000     
   83.601702320943772        10.219963077784733        3.2923600001675770        20.167830743715928        80.419002445756163     

 PASSED   1.0000000000000001E-005
 MU_R    =    325.00000000000000     
 ALPHA_S =   0.11799999999999999     
 BORN                    1.3241209302499195E-007
 SINGLE POLE (MadFKS)   -7.5401593547243566E-010
 DOUBLE POLE (MadFKS)   -6.6312976462624495E-009
 SINGLE POLE (MadLoop)  -7.5401593547243246E-010
 DOUBLE POLE (MadLoop)  -6.6312976462624495E-009
 FINITE PART (MadLoop)   1.6678024673140997E-008
   325.00000000000000        0.0000000000000000        0.0000000000000000        325.00000000000000        0.0000000000000000     
   325.00000000000000        0.0000000000000000        0.0000000000000000       -325.00000000000000        0.0000000000000000     
   148.91618924700637        16.133991175194005        116.56680352138822       -91.257361705316967        0.0000000000000000     
   284.11390212083967        11.294211792182972       -283.28110604546055       -18.573236551121592        0.0000000000000000     
   216.96990863215402       -27.428202967376958        166.71430252407231        109.83059825643852        80.419002445756163     

 PASSED   1.0000000000000001E-005
 MU_R    =    325.00000000000000     
 ALPHA_S =   0.11799999999999999     
 BORN                    6.0330507470891454E-009
 SINGLE POLE (MadFKS)   -3.4354992047142299E-011
 DOUBLE POLE (MadFKS)   -3.0213973893912472E-010
 SINGLE POLE (MadLoop)  -3.4354992047138886E-011
 DOUBLE POLE (MadLoop)  -3.0213973893912498E-010
 FINITE PART (MadLoop)   7.8334080717784276E-010
   325.00000000000000        0.0000000000000000        0.0000000000000000        325.00000000000000        0.0000000000000000     
   325.00000000000000        0.0000000000000000        0.0000000000000000       -325.00000000000000        0.0000000000000000     
   226.72556025375147        174.56537561832937        86.218511472994876        116.17993624972475        0.0000000000000000     
   219.86122858939501       -212.88545785921801       -15.848104006494456        52.607787145143071        0.0000000000000000     
   203.41321115685358        38.320082240888652       -70.370407466500382       -168.78772339486781        80.419002445756163     

 NUMBER OF POINTS PASSING THE CHECK          20
 NUMBER OF POINTS FAILING THE CHECK           0
 TOLERANCE    1.0000000000000001E-005
