==== LHAPDF6 USING DEFAULT-TYPE LHAGLUE INTERFACE ====
LHAPDF 6.2.1 loading /cvmfs/cms.cern.ch/slc7_amd64_gcc700/external/lhapdf/6.2.1-pafccj3/share/LHAPDF/NNPDF31_nnlo_as_0118_nf_4_mc_hessian/NNPDF31_nnlo_as_0118_nf_4_mc_hessian_0000.dat
NNPDF31_nnlo_as_0118_nf_4_mc_hessian PDF set, member #0, version 1; LHAPDF ID = 325500
 A PDF is used, so alpha_s(MZ) is going to be modified
 Old value of alpha_s from param_card:   0.11799999999999999     
 New value of alpha_s from PDF lhapdf :  0.11266013434007299     
 *****************************************************
 *               MadGraph/MadEvent                   *
 *        --------------------------------           *
 *          http://madgraph.hep.uiuc.edu             *
 *          http://madgraph.phys.ucl.ac.be           *
 *          http://madgraph.roma2.infn.it            *
 *        --------------------------------           *
 *                                                   *
 *          PARAMETER AND COUPLING VALUES            *
 *                                                   *
 *****************************************************

  External Params
  ---------------------------------
  
 MU_R =    91.188000000000002     
 aEWM1 =    132.50700000000001     
 mdl_Gf =    1.1663900000000000E-005
 aS =   0.11799999999999999     
 mdl_ymb =    4.7000000000000002     
 mdl_ymt =    173.00000000000000     
 mdl_ymtau =    1.7769999999999999     
 mdl_MT =    173.00000000000000     
 mdl_MB =    4.7000000000000002     
 mdl_MZ =    91.188000000000002     
 mdl_MH =    125.00000000000000     
 mdl_MTA =    1.7769999999999999     
 mdl_WT =    1.4915000000000000     
 mdl_WZ =    2.4414039999999999     
 mdl_WW =    2.0476000000000001     
 mdl_WH =    6.3823389999999999E-003
  Internal Params
  ---------------------------------
  
 mdl_conjg__CKM3x3 =    1.0000000000000000     
 mdl_CKM22 =    1.0000000000000000     
 mdl_lhv =    1.0000000000000000     
 mdl_CKM3x3 =    1.0000000000000000     
 mdl_conjg__CKM22 =    1.0000000000000000     
 mdl_conjg__CKM33 =    1.0000000000000000     
 mdl_Ncol =    3.0000000000000000     
 mdl_CA =    3.0000000000000000     
 mdl_TF =   0.50000000000000000     
 mdl_CF =    1.3333333333333333     
 mdl_complexi =                (0.0000000000000000,1.0000000000000000)
 mdl_MZ__exp__2 =    8315.2513440000002     
 mdl_MZ__exp__4 =    69143404.913893804     
 mdl_sqrt__2 =    1.4142135623730951     
 mdl_MH__exp__2 =    15625.000000000000     
 mdl_Ncol__exp__2 =    9.0000000000000000     
 mdl_MB__exp__2 =    22.090000000000003     
 mdl_MT__exp__2 =    29929.000000000000     
 mdl_aEW =    7.5467711139788835E-003
 mdl_MW =    80.419002445756163     
 mdl_sqrt__aEW =    8.6872153846781555E-002
 mdl_ee =   0.30795376724436879     
 mdl_MW__exp__2 =    6467.2159543705357     
 mdl_sw2 =   0.22224648578577766     
 mdl_cw =   0.88190334743339216     
 mdl_sqrt__sw2 =   0.47143025548407230     
 mdl_sw =   0.47143025548407230     
 mdl_g1 =   0.34919219678733299     
 mdl_gw =   0.65323293034757990     
 mdl_v =    246.21845810181637     
 mdl_v__exp__2 =    60623.529110035903     
 mdl_lam =   0.12886910601690263     
 mdl_yb =    2.6995554250465490E-002
 mdl_yt =   0.99366614581500623     
 mdl_ytau =    1.0206617000654717E-002
 mdl_muH =    88.388347648318430     
 mdl_AxialZUp =  -0.18517701861793787     
 mdl_AxialZDown =   0.18517701861793787     
 mdl_VectorZUp =    7.5430507588273299E-002
 mdl_VectorZDown =  -0.13030376310310560     
 mdl_VectorAUp =   0.20530251149624587     
 mdl_VectorADown =  -0.10265125574812294     
 mdl_VectorWmDxU =   0.23095271737156670     
 mdl_AxialWmDxU =  -0.23095271737156670     
 mdl_VectorWpUxD =   0.23095271737156670     
 mdl_AxialWpUxD =  -0.23095271737156670     
 mdl_I1x33 =          (2.69955542504654901E-002,0.0000000000000000)
 mdl_I2x33 =               (0.99366614581500623,0.0000000000000000)
 mdl_I3x33 =               (0.99366614581500623,0.0000000000000000)
 mdl_I4x33 =          (2.69955542504654901E-002,0.0000000000000000)
 mdl_Vector_tbGp =              (-0.96667059156454072,0.0000000000000000)
 mdl_Axial_tbGp =              (-1.0206617000654716,-0.0000000000000000)
 mdl_Vector_tbGm =               (0.96667059156454072,0.0000000000000000)
 mdl_Axial_tbGm =              (-1.0206617000654716,-0.0000000000000000)
 mdl_gw__exp__2 =   0.42671326129048615     
 mdl_cw__exp__2 =   0.77775351421422245     
 mdl_ee__exp__2 =    9.4835522759998875E-002
 mdl_sw__exp__2 =   0.22224648578577769     
 mdl_yb__exp__2 =    7.2875994928982540E-004
 mdl_yt__exp__2 =   0.98737240933884918     
  Internal Params evaluated point by point
  ----------------------------------------
  
 mdl_sqrt__aS =   0.34351128074635334     
 mdl_G__exp__4 =    2.1987899468922913     
 mdl_G__exp__2 =    1.4828317324943823     
 mdl_R2MixedFactor_FIN_ =   -2.5040377713124864E-002
 mdl_G_UVg_1EPS_ =   -5.1645779033320030E-002
 mdl_G_UVq_1EPS_ =    3.1300472141406080E-003
 mdl_GWcft_UV_b_1EPS_ =   -3.1300472141406080E-003
 mdl_GWcft_UV_t_1EPS_ =   -3.1300472141406080E-003
 mdl_bWcft_UV_1EPS_ =   -1.8780283284843650E-002
 mdl_tWcft_UV_1EPS_ =   -1.8780283284843650E-002
 mdl_G__exp__3 =    1.8056676068262196     
 mdl_MU_R__exp__2 =    8315.2513440000002     
 mdl_G_UVb_FIN_ =    1.8563438626678915E-002
 mdl_G_UVt_FIN_ =   -4.0087659331150384E-003
 mdl_GWcft_UV_b_FIN_ =   -1.8563438626678915E-002
 mdl_GWcft_UV_t_FIN_ =    4.0087659331150384E-003
 mdl_bWcft_UV_FIN_ =  -0.13642100947319838     
 mdl_tWcft_UV_FIN_ =   -9.8778211443463623E-004
  Couplings of loop_sm
  ---------------------------------
  
      UV_GQQb =   0.00000E+00   0.22605E-01
      UV_GQQt =   0.00000E+00  -0.48815E-02
   UVWfct_G_2 =   0.40088E-02   0.00000E+00
   UVWfct_G_1 =  -0.18563E-01   0.00000E+00
       R2_DDA =   0.00000E+00   0.25704E-02
       R2_UUA =  -0.00000E+00  -0.51409E-02
    R2_UUZ_V2 =  -0.00000E+00  -0.72127E-02
    R2_UUZ_V5 =   0.00000E+00   0.68702E-03
      R2_sxcW =  -0.00000E+00  -0.11566E-01
      R2_GGHb =   0.00000E+00  -0.33698E-02
      R2_GGHt =   0.00000E+00  -0.45657E+01
     R2_GGZup =  -0.46369E-02   0.00000E+00
    R2_GGWWcs =   0.00000E+00   0.13356E-02
         GC_4 =  -0.12177E+01   0.00000E+00
         GC_5 =   0.00000E+00   0.12177E+01
       R2_GQQ =  -0.00000E+00  -0.30492E-01
       R2_QQq =   0.00000E+00   0.12520E-01
 UV_GQQg_1eps =   0.00000E+00  -0.62890E-01
 UV_GQQq_1eps =   0.00000E+00   0.38115E-02
 UVWfct_G_2_1eps -0.31300E-02   0.00000E+00
         GC_1 =  -0.00000E+00  -0.10265E+00
         GC_2 =   0.00000E+00   0.20530E+00
         GC_7 =   0.00000E+00   0.57609E+00
        GC_22 =   0.00000E+00   0.28804E+00
        GC_23 =  -0.00000E+00  -0.27437E-01
        GC_24 =   0.00000E+00   0.82310E-01
        GC_25 =   0.00000E+00   0.30795E+00
        GC_28 =   0.00000E+00   0.37035E+00
        GC_31 =   0.00000E+00   0.52532E+02
        GC_33 =  -0.00000E+00  -0.19089E-01
        GC_37 =  -0.00000E+00  -0.70263E+00
        GC_38 =  -0.00000E+00  -0.72172E-02
        GC_47 =   0.00000E+00   0.46191E+00

 Collider parameters:
 --------------------

 Running at P P   machine @    13000.000000000000       GeV
 PDF set = lhapdf 
 alpha_s(Mz)= 0.1127 running at 3 loops.
 alpha_s(Mz)= 0.1127 running at 3 loops.
 Renormalization scale set on event-by-event basis
 Factorization   scale set on event-by-event basis


 ===============================================================
 INFO: MadFKS read these parameters from FKS_params.dat
 ===============================================================
  > IRPoleCheckThreshold      =    1.0000000000000001E-005
  > PrecisionVirtualAtRunTime =    1.0000000000000000E-003
  > NHelForMCoverHels         =            4
  > VirtualFraction           =    1.0000000000000000     
  > MinVirtualFraction        =    5.0000000000000001E-003
 ===============================================================
  Insert the number of points to test
 Insert the relative tolerance
  A negative number will mean use the default one:    1.0000000000000001E-005
Using random seed offsets:     1 ,     34 ,      0
  with seed                   32
 Ranmar initialization seeds       10730        9440
  ========================================================================================== 
 {                                                                                          }
 {       [32m                                                                            [0m       }
 {       [32m                               ,,                                           [0m       }
 {       [32m`7MMM.     ,MMF'             `7MM  `7MMF'                                   [0m       }
 {       [32m  MMMb    dPMM                 MM    MM                                     [0m       }
 {       [32m  M YM   ,M MM   ,6"Yb.   ,M""bMM    MM         ,pW"Wq.   ,pW"Wq.`7MMpdMAo. [0m       }
 {       [32m  M  Mb  M' MM  8)   MM ,AP    MM    MM        6W'   `Wb 6W'   `Wb MM   `Wb [0m       }
 {       [32m  M  YM.P'  MM   ,pm9MM 8MI    MM    MM      , 8M     M8 8M     M8 MM    M8 [0m       }
 {       [32m  M  `YM'   MM  8M   MM `Mb    MM    MM     ,M YA.   ,A9 YA.   ,A9 MM   ,AP [0m       }
 {       [32m.JML. `'  .JMML.`Moo9^Yo.`Wbmd"MML..JMMmmmmMMM  `Ybmd9'   `Ybmd9'  MMbmmd'  [0m       }
 {       [32m                                                                   MM       [0m       }
 {       [32m                                                                 .JMML.     [0m       }
 {       [32m[0mv2.6.5 (2018-02-03), Ref: arXiv:1103.0621v2, arXiv:1405.0301[32m                [0m       }
 {       [32m                                                                            [0m       }
 {                                                                                          }
  ========================================================================================== 
 ===============================================================
 INFO: MadLoop read these parameters from ./MadLoop5_resources/MadLoopParams.dat                                                                                                                                                                                                                                                                                                                                                                                                                                                                                          
 ===============================================================
  > MLReductionLib            = 6|7|1
  > CTModeRun                 =           -1
  > MLStabThres               =    1.0000000000000000E-003
  > NRotations_DP             =            0
  > NRotations_QP             =            0
  > CTStabThres               =    1.0000000000000000E-002
  > CTLoopLibrary             =            2
  > CTModeInit                =            1
  > CheckCycle                =            3
  > MaxAttempts               =           10
  > UseLoopFilter             =  F
  > HelicityFilterLevel       =            2
  > ImprovePSPoint            =            2
  > DoubleCheckHelicityFilter =  T
  > LoopInitStartOver         =  F
  > HelInitStartOver          =  F
  > ZeroThres                 =    1.0000000000000001E-009
  > OSThres                   =    1.0000000000000000E-008
  > WriteOutFilters           =  T
  > UseQPIntegrandForNinja    =  T
  > UseQPIntegrandForCutTools =  T
  > IREGIMODE                 =            2
  > IREGIRECY                 =  T
  > COLLIERMode               =            1
  > COLLIERRequiredAccuracy   =    1.0000000000000000E-008
  > COLLIERCanOutput          =  F
  > COLLIERComputeUVpoles     =  T
  > COLLIERComputeIRpoles     =  T
  > COLLIERGlobalCache        =           -1
  > COLLIERUseCacheForPoles   =  F
  > COLLIERUseInternalStabilityTest =  T
 ===============================================================
  
------------------------------------------------------------------------
|              You are using CutTools - Version 1.9.3                  |
|              Authors: G. Ossola, C. Papadopoulos, R. Pittau          |
|              Published in JHEP 0803:042,2008                         |
|              http://www.ugr.es/~pittau/CutTools                      |
|                                                                      |
|              Compiler with  34  significant digits detetected        |
 ---------------------------------------------------------------------- 
   
########################################################################
#                                                                      #

  +----------------------------------------------------------------+
  |                                                                |
  |  Ninja - version 1.1.0                                         |
  |                                                                |
  |  Author: Tiziano Peraro                                        |
  |                                                                |
  |  Based on:                                                     |
  |                                                                |
  |      P. Mastrolia, E. Mirabella and T. Peraro,                 |
  |      "Integrand reduction of one-loop scattering amplitudes    |
  |      through Laurent series expansion,"                        |
  |      JHEP 1206 (2012) 095  [arXiv:1203.0291 [hep-ph]].         |
  |                                                                |
  |      T. Peraro,                                                |
  |      "Ninja: Automated Integrand Reduction via Laurent         |
  |      Expansion for One-Loop Amplitudes,"                       |
  |      Comput.Phys.Commun. 185 (2014) [arXiv:1403.1229 [hep-ph]] |
  |                                                                |
  +----------------------------------------------------------------+


#                      You are using OneLOop-3.6                       #
#                                                                      #
# for the evaluation of 1-loop scalar 1-, 2-, 3- and 4-point functions #
#                                                                      #
# author: Andreas van Hameren <hamerenREMOVETHIS@ifj.edu.pl>           #
#   date: 18-02-2015                                                   #
#                                                                      #
# Please cite                                                          #
#    A. van Hameren,                                                   #
#      Comput.Phys.Commun. 182 (2011) 2427-2438, arXiv:1007.4716       #
#    A. van Hameren, C.G. Papadopoulos and R. Pittau,                  #
#      JHEP 0909:106,2009, arXiv:0903.4665                             #
# in publications with results obtained with the help of this program. #
#                                                                      #
########################################################################
########################################################################
#                                                                      #
#                      You are using OneLOop-3.6                       #
#                                                                      #
# for the evaluation of 1-loop scalar 1-, 2-, 3- and 4-point functions #
#                                                                      #
# author: Andreas van Hameren <hamerenREMOVETHIS@ifj.edu.pl>           #
#   date: 18-02-2015                                                   #
#                                                                      #
# Please cite                                                          #
#    A. van Hameren,                                                   #
#      Comput.Phys.Commun. 182 (2011) 2427-2438, arXiv:1007.4716       #
#    A. van Hameren, C.G. Papadopoulos and R. Pittau,                  #
#      JHEP 0909:106,2009, arXiv:0903.4665                             #
# in publications with results obtained with the help of this program. #
#                                                                      #
########################################################################
 PASSED   1.0000000000000001E-005
 MU_R    =    325.00000000000000     
 ALPHA_S =   0.11799999999999999     
 BORN                    5.4301957612419904E-008
 SINGLE POLE (MadFKS)   -3.0922055857379603E-010
 DOUBLE POLE (MadFKS)   -2.7194830583541813E-009
 SINGLE POLE (MadLoop)  -3.0922055857382307E-010
 DOUBLE POLE (MadLoop)  -2.7194830583541717E-009
 FINITE PART (MadLoop)   4.5796618313452392E-009
   325.00000000000000        0.0000000000000000        0.0000000000000000        325.00000000000000        0.0000000000000000     
   325.00000000000000        0.0000000000000000        0.0000000000000000       -325.00000000000000        0.0000000000000000     
   294.00460814841728       -30.893057929187375        123.15272975920996        265.16895747455692        1.7769999999999999     
   102.01824058307007       -61.143127293118013       -64.193136677336184       -50.482478148438531        0.0000000000000000     
   253.97715126851267        92.036185222305377       -58.959593081873741       -214.68647932611827        80.419002445756163     

 PASSED   1.0000000000000001E-005
 MU_R    =    325.00000000000000     
 ALPHA_S =   0.11799999999999999     
 BORN                    2.0895520791323481E-008
 SINGLE POLE (MadFKS)   -1.1898879699514930E-010
 DOUBLE POLE (MadFKS)   -1.0464634662543875E-009
 SINGLE POLE (MadLoop)  -1.1898879699512684E-010
 DOUBLE POLE (MadLoop)  -1.0464634662539952E-009
 FINITE PART (MadLoop)   2.1883764317158198E-009
   325.00000000000000        0.0000000000000000        0.0000000000000000        325.00000000000000        0.0000000000000000     
   325.00000000000000        0.0000000000000000        0.0000000000000000       -325.00000000000000        0.0000000000000000     
   151.47609551614161        138.08851289509067       -23.203968154783258        57.749357157543074        1.7769999999999999     
   262.33338021822993       -113.84617676865420        236.34249187336701      -0.27739316902485411        0.0000000000000000     
   236.19052426562845       -24.242336126436420       -213.13852371858371       -57.471963988518162        80.419002445756163     

 PASSED   1.0000000000000001E-005
 MU_R    =    325.00000000000000     
 ALPHA_S =   0.11799999999999999     
 BORN                    3.2881580121666782E-008
 SINGLE POLE (MadFKS)   -1.8724298384567437E-010
 DOUBLE POLE (MadFKS)   -1.6467343721018291E-009
 SINGLE POLE (MadLoop)  -1.8724298385061757E-010
 DOUBLE POLE (MadLoop)  -1.6467343721017290E-009
 FINITE PART (MadLoop)   3.8481817134490617E-009
   325.00000000000000        0.0000000000000000        0.0000000000000000        325.00000000000000        0.0000000000000000     
   325.00000000000000        0.0000000000000000        0.0000000000000000       -325.00000000000000        0.0000000000000000     
   311.43844373624563        48.912738338112838        21.647854395283687       -306.80557513872299        1.7769999999999999     
   171.47269438700593       -57.637317398427257       -15.823593518368288        160.71850687340881        0.0000000000000000     
   167.08886187674838        8.7245790603144151       -5.8242608769154254        146.08706826531400        80.419002445756163     

 PASSED   1.0000000000000001E-005
 MU_R    =    325.00000000000000     
 ALPHA_S =   0.11799999999999999     
 BORN                    1.5750445635770696E-008
 SINGLE POLE (MadFKS)   -8.9690350245592817E-011
 DOUBLE POLE (MadFKS)   -7.8879421573947474E-010
 SINGLE POLE (MadLoop)  -8.9690350172508812E-011
 DOUBLE POLE (MadLoop)  -7.8879421579406752E-010
 FINITE PART (MadLoop)   2.0717574482790912E-009
   325.00000000000000        0.0000000000000000        0.0000000000000000        325.00000000000000        0.0000000000000000     
   325.00000000000000        0.0000000000000000        0.0000000000000000       -325.00000000000000        0.0000000000000000     
   270.30775834487775       -65.390408034768427        229.81408461807155        126.38317744319126        1.7769999999999999     
   231.20266026518229        60.102469626359131       -223.24644521942983       -1.8406399425149840        0.0000000000000000     
   148.48958138993996        5.2879384084092909       -6.5676393986417390       -124.54253750067626        80.419002445756163     

 PASSED   1.0000000000000001E-005
 MU_R    =    325.00000000000000     
 ALPHA_S =   0.11799999999999999     
 BORN                    8.5816106350802487E-009
 SINGLE POLE (MadFKS)   -4.8867675323649857E-011
 DOUBLE POLE (MadFKS)   -4.2977354337875762E-010
 SINGLE POLE (MadLoop)  -4.8867675323633501E-011
 DOUBLE POLE (MadLoop)  -4.2977354337875529E-010
 FINITE PART (MadLoop)   6.9574954269301265E-010
   325.00000000000000        0.0000000000000000        0.0000000000000000        325.00000000000000        0.0000000000000000     
   325.00000000000000        0.0000000000000000        0.0000000000000000       -325.00000000000000        0.0000000000000000     
   280.00875144959070       -227.17056081559360        129.02752189786213        100.73320232666121        1.7769999999999999     
   158.42815889277776        97.800222790306876       -116.03324194578013        45.506974365185044        0.0000000000000000     
   211.56308965763151        129.37033802528671       -12.994279952082103       -146.24017669184627        80.419002445756163     

 PASSED   1.0000000000000001E-005
 MU_R    =    325.00000000000000     
 ALPHA_S =   0.11799999999999999     
 BORN                    1.4402630030626273E-007
 SINGLE POLE (MadFKS)   -8.2015262410786008E-010
 DOUBLE POLE (MadFKS)   -7.2129459205855409E-009
 SINGLE POLE (MadLoop)  -8.2015262410783806E-010
 DOUBLE POLE (MadLoop)  -7.2129459205855268E-009
 FINITE PART (MadLoop)   2.2100615352413537E-008
   325.00000000000000        0.0000000000000000        0.0000000000000000        325.00000000000000        0.0000000000000000     
   325.00000000000000        0.0000000000000000        0.0000000000000000       -325.00000000000000        0.0000000000000000     
   283.04498345744690        186.71415148670266       -211.13383696373091       -25.915891939111358        1.7769999999999999     
   188.48554461685379       -53.640626315956347        172.78781675898745       -52.856921189249036        0.0000000000000000     
   178.46947192569928       -133.07352517074614        38.346020204743517        78.772813128360568        80.419002445756163     

 PASSED   1.0000000000000001E-005
 MU_R    =    325.00000000000000     
 ALPHA_S =   0.11799999999999999     
 BORN                    6.3797956469503361E-008
 SINGLE POLE (MadFKS)   -3.6329518497605496E-010
 DOUBLE POLE (MadFKS)   -3.1950498546437250E-009
 SINGLE POLE (MadLoop)  -3.6329518497419272E-010
 DOUBLE POLE (MadLoop)  -3.1950498546458185E-009
 FINITE PART (MadLoop)   5.3101955140338077E-009
   325.00000000000000        0.0000000000000000        0.0000000000000000        325.00000000000000        0.0000000000000000     
   325.00000000000000        0.0000000000000000        0.0000000000000000       -325.00000000000000        0.0000000000000000     
   121.71225715202019       -67.685491111711428       -16.771240384561789        99.740240630194805        1.7769999999999999     
   200.49404406407274       -98.441069800929213        39.091061947884292        170.23250675884904        0.0000000000000000     
   327.79369878391333        166.12656091264063       -22.319821563322499       -269.97274738904389        80.419002445756163     

 PASSED   1.0000000000000001E-005
 MU_R    =    325.00000000000000     
 ALPHA_S =   0.11799999999999999     
 BORN                    1.2640056236969165E-007
 SINGLE POLE (MadFKS)   -7.1978348881953314E-010
 DOUBLE POLE (MadFKS)   -6.3302356497769533E-009
 SINGLE POLE (MadLoop)  -7.1978348881954772E-010
 DOUBLE POLE (MadLoop)  -6.3302356497769533E-009
 FINITE PART (MadLoop)   1.8973301752788297E-008
   325.00000000000000        0.0000000000000000        0.0000000000000000        325.00000000000000        0.0000000000000000     
   325.00000000000000        0.0000000000000000        0.0000000000000000       -325.00000000000000        0.0000000000000000     
   313.25551416604355       -307.81858980582007       -45.515982759003336        36.081442735437356        1.7769999999999999     
   71.586532454315403        55.548983729236006        31.943660270242415       -31.914645603878512        0.0000000000000000     
   265.15795337964107        252.26960607658395        13.572322488760999       -4.1667971315588606        80.419002445756163     

 PASSED   1.0000000000000001E-005
 MU_R    =    325.00000000000000     
 ALPHA_S =   0.11799999999999999     
 BORN                    2.0811383732765483E-008
 SINGLE POLE (MadFKS)   -1.1850968151961175E-010
 DOUBLE POLE (MadFKS)   -1.0422498188024602E-009
 SINGLE POLE (MadLoop)  -1.1850968151961532E-010
 DOUBLE POLE (MadLoop)  -1.0422498188024627E-009
 FINITE PART (MadLoop)   2.3847824214524201E-009
   325.00000000000000        0.0000000000000000        0.0000000000000000        325.00000000000000        0.0000000000000000     
   325.00000000000000        0.0000000000000000        0.0000000000000000       -325.00000000000000        0.0000000000000000     
   262.35569347407943        62.203411258393828       -56.862404084767192       -248.44467150410944        1.7769999999999999     
   254.28164306342433       -144.93640144865321        88.247799755192659        189.38035635333696        0.0000000000000000     
   133.36266346249624        82.732990190259400       -31.385395670425492        59.064315150772501        80.419002445756163     

 PASSED   1.0000000000000001E-005
 MU_R    =    325.00000000000000     
 ALPHA_S =   0.11799999999999999     
 BORN                    2.5167177746822273E-007
 SINGLE POLE (MadFKS)   -1.4331359499309226E-009
 DOUBLE POLE (MadFKS)   -1.2603912735075610E-008
 SINGLE POLE (MadLoop)  -1.4331359499310347E-009
 DOUBLE POLE (MadLoop)  -1.2603912735075620E-008
 FINITE PART (MadLoop)   4.1129646548452653E-008
   325.00000000000000        0.0000000000000000        0.0000000000000000        325.00000000000000        0.0000000000000000     
   325.00000000000000        0.0000000000000000        0.0000000000000000       -325.00000000000000        0.0000000000000000     
   250.72381883993549       -244.94056978816681        52.898474184049292       -8.0712022356269308        1.7769999999999999     
   269.65560384433752        262.65969403047671        23.879231287305398       -56.158811682566544        0.0000000000000000     
   129.62057731572693       -17.719124242309832       -76.777705471354693        64.230013918193237        80.419002445756163     

 PASSED   1.0000000000000001E-005
 MU_R    =    325.00000000000000     
 ALPHA_S =   0.11799999999999999     
 BORN                    6.8455464080390113E-008
 SINGLE POLE (MadFKS)   -3.8981719575290591E-010
 DOUBLE POLE (MadFKS)   -3.4283013542004408E-009
 SINGLE POLE (MadLoop)  -3.8981719575288947E-010
 DOUBLE POLE (MadLoop)  -3.4283013542004429E-009
 FINITE PART (MadLoop)   1.1814574001559434E-008
   325.00000000000000        0.0000000000000000        0.0000000000000000        325.00000000000000        0.0000000000000000     
   325.00000000000000        0.0000000000000000        0.0000000000000000       -325.00000000000000        0.0000000000000000     
   268.51315276592925       -125.42580883903123       -163.85872284471500       -171.79883848289819        1.7769999999999999     
   227.41723872683556        50.582594576321213        209.10909979331382        73.711505070076853        0.0000000000000000     
   154.06960850723516        74.843214262710092       -45.250376948598799        98.087333412821280        80.419002445756163     

 PASSED   1.0000000000000001E-005
 MU_R    =    325.00000000000000     
 ALPHA_S =   0.11799999999999999     
 BORN                    5.9654849162553188E-007
 SINGLE POLE (MadFKS)   -3.3970240836144665E-009
 DOUBLE POLE (MadFKS)   -2.9875599108996448E-008
 SINGLE POLE (MadLoop)  -3.3970240836145364E-009
 DOUBLE POLE (MadLoop)  -2.9875599108996342E-008
 FINITE PART (MadLoop)   9.9169007395932348E-008
   325.00000000000000        0.0000000000000000        0.0000000000000000        325.00000000000000        0.0000000000000000     
   325.00000000000000        0.0000000000000000        0.0000000000000000       -325.00000000000000        0.0000000000000000     
   185.17251175435368        121.75637389964074       -90.355380662316961        106.28730865251400        1.7769999999999999     
   312.39321709359933       -208.81774600883165        125.75425264989649       -195.37282046985362        0.0000000000000000     
   152.43427115204705        87.061372109190899       -35.398871987579561        89.085511817339167        80.419002445756163     

 PASSED   1.0000000000000001E-005
 MU_R    =    325.00000000000000     
 ALPHA_S =   0.11799999999999999     
 BORN                    8.6036775322323095E-007
 SINGLE POLE (MadFKS)   -4.8993334481503110E-009
 DOUBLE POLE (MadFKS)   -4.3087867025804610E-008
 SINGLE POLE (MadLoop)  -4.8993334481544345E-009
 DOUBLE POLE (MadLoop)  -4.3087867025804517E-008
 FINITE PART (MadLoop)   2.7039807995014121E-007
   325.00000000000000        0.0000000000000000        0.0000000000000000        325.00000000000000        0.0000000000000000     
   325.00000000000000        0.0000000000000000        0.0000000000000000       -325.00000000000000        0.0000000000000000     
   235.03443642532253       -188.52331974915214       -96.630882004145377       -101.78142822061815        1.7769999999999999     
   189.26597067359836        139.63616068280604        76.450592058486663       -102.36531277093732        0.0000000000000000     
   225.69959290107911        48.887159066346108        20.180289945658718        204.14674099155550        80.419002445756163     

 PASSED   1.0000000000000001E-005
 MU_R    =    325.00000000000000     
 ALPHA_S =   0.11799999999999999     
 BORN                    1.5599462648216335E-007
 SINGLE POLE (MadFKS)   -8.8830583014363923E-010
 DOUBLE POLE (MadFKS)   -7.8123287366624013E-009
 SINGLE POLE (MadLoop)  -8.8830583014366849E-010
 DOUBLE POLE (MadLoop)  -7.8123287366623930E-009
 FINITE PART (MadLoop)   1.9987064590202925E-008
   325.00000000000000        0.0000000000000000        0.0000000000000000        325.00000000000000        0.0000000000000000     
   325.00000000000000        0.0000000000000000        0.0000000000000000       -325.00000000000000        0.0000000000000000     
   282.13238430909621       -228.84618794947008        58.121903279590811        154.42406278520602        1.7769999999999999     
   211.72602040750573        111.60462366925283       -119.52166562520475       -134.48749807852300        0.0000000000000000     
   156.14159528339806        117.24156428021722        61.399762345613951       -19.936564706682983        80.419002445756163     

 PASSED   1.0000000000000001E-005
 MU_R    =    325.00000000000000     
 ALPHA_S =   0.11799999999999999     
 BORN                    5.4078707607502393E-008
 SINGLE POLE (MadFKS)   -3.0794926939275152E-010
 DOUBLE POLE (MadFKS)   -2.7083025294589984E-009
 SINGLE POLE (MadLoop)  -3.0794926939275504E-010
 DOUBLE POLE (MadLoop)  -2.7083025294590162E-009
 FINITE PART (MadLoop)   7.0191141161988217E-009
   325.00000000000000        0.0000000000000000        0.0000000000000000        325.00000000000000        0.0000000000000000     
   325.00000000000000        0.0000000000000000        0.0000000000000000       -325.00000000000000        0.0000000000000000     
   280.92570154991563       -229.80175776961292        156.81374801781197       -38.944738038849977        1.7769999999999999     
   172.56723163401952        56.022355330907622       -163.15169943819538       -4.7400535266623613        0.0000000000000000     
   196.50706681606488        173.77940243870529        6.3379514203833898        43.684791565512171        80.419002445756163     

 PASSED   1.0000000000000001E-005
 MU_R    =    325.00000000000000     
 ALPHA_S =   0.11799999999999999     
 BORN                    8.2091572177653388E-007
 SINGLE POLE (MadFKS)   -4.6746752638562658E-009
 DOUBLE POLE (MadFKS)   -4.1112079487853860E-008
 SINGLE POLE (MadLoop)  -4.6746752638561500E-009
 DOUBLE POLE (MadLoop)  -4.1112079487853854E-008
 FINITE PART (MadLoop)   1.6488228410497820E-007
   325.00000000000000        0.0000000000000000        0.0000000000000000        325.00000000000000        0.0000000000000000     
   325.00000000000000        0.0000000000000000        0.0000000000000000       -325.00000000000000        0.0000000000000000     
   211.00464162515470        67.263921272961568       -49.601926714549975        193.73955409143792        1.7769999999999999     
   297.71979871255996       -4.4891805597343719        70.912539177879637       -289.11647754961149        0.0000000000000000     
   141.27555966228530       -62.774740713227118       -21.310612463329676        95.376923458173479        80.419002445756163     

 PASSED   1.0000000000000001E-005
 MU_R    =    325.00000000000000     
 ALPHA_S =   0.11799999999999999     
 BORN                    1.2051907288976181E-007
 SINGLE POLE (MadFKS)   -6.8629155699617905E-010
 DOUBLE POLE (MadFKS)   -6.0356862135905257E-009
 SINGLE POLE (MadLoop)  -6.8629155699617657E-010
 DOUBLE POLE (MadLoop)  -6.0356862135905207E-009
 FINITE PART (MadLoop)   1.6470177353253140E-008
   325.00000000000000        0.0000000000000000        0.0000000000000000        325.00000000000000        0.0000000000000000     
   325.00000000000000        0.0000000000000000        0.0000000000000000       -325.00000000000000        0.0000000000000000     
   123.12956795730931       -89.952507122522789       -48.121036043720643       -68.924923857811223        1.7769999999999999     
   284.25980223375342        137.34437449192305        246.37625657088961       -35.197985162650937        0.0000000000000000     
   242.61062980893726       -47.391867369400252       -198.25522052716900        104.12290902046217        80.419002445756163     

 PASSED   1.0000000000000001E-005
 MU_R    =    325.00000000000000     
 ALPHA_S =   0.11799999999999999     
 BORN                    4.6529064633439646E-008
 SINGLE POLE (MadFKS)   -2.6495809706458250E-010
 DOUBLE POLE (MadFKS)   -2.3302107061194571E-009
 SINGLE POLE (MadLoop)  -2.6495809706454021E-010
Thanks for using LHAPDF 6.2.1. Please make sure to cite the paper:
  Eur.Phys.J. C75 (2015) 3, 132  (http://arxiv.org/abs/1412.7420)
 DOUBLE POLE (MadLoop)  -2.3302107061194625E-009
 FINITE PART (MadLoop)   4.5796222867596531E-009
   325.00000000000000        0.0000000000000000        0.0000000000000000        325.00000000000000        0.0000000000000000     
   325.00000000000000        0.0000000000000000        0.0000000000000000       -325.00000000000000        0.0000000000000000     
   188.62873823903749       -75.363440520976994        132.43367204522357        111.17246737439385        1.7769999999999999     
   208.11937846600350       -161.19387123117451       -102.30118779868384       -82.853355668684628        0.0000000000000000     
   253.25188329495896        236.55731175215149       -30.132484246539782       -28.319111705709130        80.419002445756163     

 PASSED   1.0000000000000001E-005
 MU_R    =    325.00000000000000     
 ALPHA_S =   0.11799999999999999     
 BORN                    1.5266423445811094E-008
 SINGLE POLE (MadFKS)   -8.6934103168650612E-011
 DOUBLE POLE (MadFKS)   -7.6455401882323015E-010
 SINGLE POLE (MadLoop)  -8.6934103168404202E-011
 DOUBLE POLE (MadLoop)  -7.6455401882321422E-010
 FINITE PART (MadLoop)   2.0102143567630336E-009
   325.00000000000000        0.0000000000000000        0.0000000000000000        325.00000000000000        0.0000000000000000     
   325.00000000000000        0.0000000000000000        0.0000000000000000       -325.00000000000000        0.0000000000000000     
   216.63001958350623       -155.92466722379413       -105.04048909961779        107.60762731615468        1.7769999999999999     
   250.61550933289760        249.77773034923922        20.247415370457556       -3.0432072861708193        0.0000000000000000     
   182.75447108359620       -93.853063125445047        84.793073729160227       -104.56442002998386        80.419002445756163     

 PASSED   1.0000000000000001E-005
 MU_R    =    325.00000000000000     
 ALPHA_S =   0.11799999999999999     
 BORN                    1.5587008921455560E-008
 SINGLE POLE (MadFKS)   -8.8759665712030667E-011
 DOUBLE POLE (MadFKS)   -7.8060918162218858E-010
 SINGLE POLE (MadLoop)  -8.8759665712022343E-011
 DOUBLE POLE (MadLoop)  -7.8060918162218744E-010
 FINITE PART (MadLoop)   3.5533746325644173E-009
   325.00000000000000        0.0000000000000000        0.0000000000000000        325.00000000000000        0.0000000000000000     
   325.00000000000000        0.0000000000000000        0.0000000000000000       -325.00000000000000        0.0000000000000000     
   285.20117262148557       -247.63504354578566        48.594919508699597       -132.86071707502663        1.7769999999999999     
   78.802635983485928       -2.9588314560340017        41.745956885949269        66.771070367615337        0.0000000000000000     
   285.99619139502852        250.59387500181964       -90.340876394648873        66.089646707411291        80.419002445756163     

 NUMBER OF POINTS PASSING THE CHECK          20
 NUMBER OF POINTS FAILING THE CHECK           0
 TOLERANCE    1.0000000000000001E-005
