==== LHAPDF6 USING DEFAULT-TYPE LHAGLUE INTERFACE ====
LHAPDF 6.2.1 loading /cvmfs/cms.cern.ch/slc7_amd64_gcc700/external/lhapdf/6.2.1-pafccj3/share/LHAPDF/NNPDF31_nnlo_as_0118_nf_4_mc_hessian/NNPDF31_nnlo_as_0118_nf_4_mc_hessian_0000.dat
NNPDF31_nnlo_as_0118_nf_4_mc_hessian PDF set, member #0, version 1; LHAPDF ID = 325500
 A PDF is used, so alpha_s(MZ) is going to be modified
 Old value of alpha_s from param_card:   0.11799999999999999     
 New value of alpha_s from PDF lhapdf :  0.11266013434007299     
 *****************************************************
 *               MadGraph/MadEvent                   *
 *        --------------------------------           *
 *          http://madgraph.hep.uiuc.edu             *
 *          http://madgraph.phys.ucl.ac.be           *
 *          http://madgraph.roma2.infn.it            *
 *        --------------------------------           *
 *                                                   *
 *          PARAMETER AND COUPLING VALUES            *
 *                                                   *
 *****************************************************

  External Params
  ---------------------------------
  
 MU_R =    91.188000000000002     
 aEWM1 =    132.50700000000001     
 mdl_Gf =    1.1663900000000000E-005
 aS =   0.11799999999999999     
 mdl_ymb =    4.7000000000000002     
 mdl_ymt =    173.00000000000000     
 mdl_ymtau =    1.7769999999999999     
 mdl_MT =    173.00000000000000     
 mdl_MB =    4.7000000000000002     
 mdl_MZ =    91.188000000000002     
 mdl_MH =    125.00000000000000     
 mdl_MTA =    1.7769999999999999     
 mdl_WT =    1.4915000000000000     
 mdl_WZ =    2.4414039999999999     
 mdl_WW =    2.0476000000000001     
 mdl_WH =    6.3823389999999999E-003
  Internal Params
  ---------------------------------
  
 mdl_conjg__CKM3x3 =    1.0000000000000000     
 mdl_CKM22 =    1.0000000000000000     
 mdl_lhv =    1.0000000000000000     
 mdl_CKM3x3 =    1.0000000000000000     
 mdl_conjg__CKM22 =    1.0000000000000000     
 mdl_conjg__CKM33 =    1.0000000000000000     
 mdl_Ncol =    3.0000000000000000     
 mdl_CA =    3.0000000000000000     
 mdl_TF =   0.50000000000000000     
 mdl_CF =    1.3333333333333333     
 mdl_complexi =                (0.0000000000000000,1.0000000000000000)
 mdl_MZ__exp__2 =    8315.2513440000002     
 mdl_MZ__exp__4 =    69143404.913893804     
 mdl_sqrt__2 =    1.4142135623730951     
 mdl_MH__exp__2 =    15625.000000000000     
 mdl_Ncol__exp__2 =    9.0000000000000000     
 mdl_MB__exp__2 =    22.090000000000003     
 mdl_MT__exp__2 =    29929.000000000000     
 mdl_aEW =    7.5467711139788835E-003
 mdl_MW =    80.419002445756163     
 mdl_sqrt__aEW =    8.6872153846781555E-002
 mdl_ee =   0.30795376724436879     
 mdl_MW__exp__2 =    6467.2159543705357     
 mdl_sw2 =   0.22224648578577766     
 mdl_cw =   0.88190334743339216     
 mdl_sqrt__sw2 =   0.47143025548407230     
 mdl_sw =   0.47143025548407230     
 mdl_g1 =   0.34919219678733299     
 mdl_gw =   0.65323293034757990     
 mdl_v =    246.21845810181637     
 mdl_v__exp__2 =    60623.529110035903     
 mdl_lam =   0.12886910601690263     
 mdl_yb =    2.6995554250465490E-002
 mdl_yt =   0.99366614581500623     
 mdl_ytau =    1.0206617000654717E-002
 mdl_muH =    88.388347648318430     
 mdl_AxialZUp =  -0.18517701861793787     
 mdl_AxialZDown =   0.18517701861793787     
 mdl_VectorZUp =    7.5430507588273299E-002
 mdl_VectorZDown =  -0.13030376310310560     
 mdl_VectorAUp =   0.20530251149624587     
 mdl_VectorADown =  -0.10265125574812294     
 mdl_VectorWmDxU =   0.23095271737156670     
 mdl_AxialWmDxU =  -0.23095271737156670     
 mdl_VectorWpUxD =   0.23095271737156670     
 mdl_AxialWpUxD =  -0.23095271737156670     
 mdl_I1x33 =          (2.69955542504654901E-002,0.0000000000000000)
 mdl_I2x33 =               (0.99366614581500623,0.0000000000000000)
 mdl_I3x33 =               (0.99366614581500623,0.0000000000000000)
 mdl_I4x33 =          (2.69955542504654901E-002,0.0000000000000000)
 mdl_Vector_tbGp =              (-0.96667059156454072,0.0000000000000000)
 mdl_Axial_tbGp =              (-1.0206617000654716,-0.0000000000000000)
 mdl_Vector_tbGm =               (0.96667059156454072,0.0000000000000000)
 mdl_Axial_tbGm =              (-1.0206617000654716,-0.0000000000000000)
 mdl_gw__exp__2 =   0.42671326129048615     
 mdl_cw__exp__2 =   0.77775351421422245     
 mdl_ee__exp__2 =    9.4835522759998875E-002
 mdl_sw__exp__2 =   0.22224648578577769     
 mdl_yb__exp__2 =    7.2875994928982540E-004
 mdl_yt__exp__2 =   0.98737240933884918     
  Internal Params evaluated point by point
  ----------------------------------------
  
 mdl_sqrt__aS =   0.34351128074635334     
 mdl_G__exp__4 =    2.1987899468922913     
 mdl_G__exp__2 =    1.4828317324943823     
 mdl_R2MixedFactor_FIN_ =   -2.5040377713124864E-002
 mdl_G_UVg_1EPS_ =   -5.1645779033320030E-002
 mdl_G_UVq_1EPS_ =    3.1300472141406080E-003
 mdl_GWcft_UV_b_1EPS_ =   -3.1300472141406080E-003
 mdl_GWcft_UV_t_1EPS_ =   -3.1300472141406080E-003
 mdl_bWcft_UV_1EPS_ =   -1.8780283284843650E-002
 mdl_tWcft_UV_1EPS_ =   -1.8780283284843650E-002
 mdl_G__exp__3 =    1.8056676068262196     
 mdl_MU_R__exp__2 =    8315.2513440000002     
 mdl_G_UVb_FIN_ =    1.8563438626678915E-002
 mdl_G_UVt_FIN_ =   -4.0087659331150384E-003
 mdl_GWcft_UV_b_FIN_ =   -1.8563438626678915E-002
 mdl_GWcft_UV_t_FIN_ =    4.0087659331150384E-003
 mdl_bWcft_UV_FIN_ =  -0.13642100947319838     
 mdl_tWcft_UV_FIN_ =   -9.8778211443463623E-004
  Couplings of loop_sm
  ---------------------------------
  
      UV_GQQb =   0.00000E+00   0.22605E-01
      UV_GQQt =   0.00000E+00  -0.48815E-02
   UVWfct_G_2 =   0.40088E-02   0.00000E+00
   UVWfct_G_1 =  -0.18563E-01   0.00000E+00
       R2_DDA =   0.00000E+00   0.25704E-02
       R2_UUA =  -0.00000E+00  -0.51409E-02
    R2_UUZ_V2 =  -0.00000E+00  -0.72127E-02
    R2_UUZ_V5 =   0.00000E+00   0.68702E-03
      R2_sxcW =  -0.00000E+00  -0.11566E-01
      R2_GGHb =   0.00000E+00  -0.33698E-02
      R2_GGHt =   0.00000E+00  -0.45657E+01
     R2_GGZup =  -0.46369E-02   0.00000E+00
    R2_GGWWcs =   0.00000E+00   0.13356E-02
         GC_4 =  -0.12177E+01   0.00000E+00
         GC_5 =   0.00000E+00   0.12177E+01
       R2_GQQ =  -0.00000E+00  -0.30492E-01
       R2_QQq =   0.00000E+00   0.12520E-01
 UV_GQQg_1eps =   0.00000E+00  -0.62890E-01
 UV_GQQq_1eps =   0.00000E+00   0.38115E-02
 UVWfct_G_2_1eps -0.31300E-02   0.00000E+00
         GC_1 =  -0.00000E+00  -0.10265E+00
         GC_2 =   0.00000E+00   0.20530E+00
         GC_7 =   0.00000E+00   0.57609E+00
        GC_22 =   0.00000E+00   0.28804E+00
        GC_23 =  -0.00000E+00  -0.27437E-01
        GC_24 =   0.00000E+00   0.82310E-01
        GC_25 =   0.00000E+00   0.30795E+00
        GC_28 =   0.00000E+00   0.37035E+00
        GC_31 =   0.00000E+00   0.52532E+02
        GC_33 =  -0.00000E+00  -0.19089E-01
        GC_37 =  -0.00000E+00  -0.70263E+00
        GC_38 =  -0.00000E+00  -0.72172E-02
        GC_47 =   0.00000E+00   0.46191E+00

 Collider parameters:
 --------------------

 Running at P P   machine @    13000.000000000000       GeV
 PDF set = lhapdf 
 alpha_s(Mz)= 0.1127 running at 3 loops.
 alpha_s(Mz)= 0.1127 running at 3 loops.
 Renormalization scale set on event-by-event basis
 Factorization   scale set on event-by-event basis


 ===============================================================
 INFO: MadFKS read these parameters from FKS_params.dat
 ===============================================================
  > IRPoleCheckThreshold      =    1.0000000000000001E-005
  > PrecisionVirtualAtRunTime =    1.0000000000000000E-003
  > NHelForMCoverHels         =            4
  > VirtualFraction           =    1.0000000000000000     
  > MinVirtualFraction        =    5.0000000000000001E-003
 ===============================================================
  Insert the number of points to test
 Insert the relative tolerance
  A negative number will mean use the default one:    1.0000000000000001E-005
Using random seed offsets:     1 ,     23 ,      0
  with seed                   32
 Ranmar initialization seeds       10730        9429
  ========================================================================================== 
 {                                                                                          }
 {       [32m                                                                            [0m       }
 {       [32m                               ,,                                           [0m       }
 {       [32m`7MMM.     ,MMF'             `7MM  `7MMF'                                   [0m       }
 {       [32m  MMMb    dPMM                 MM    MM                                     [0m       }
 {       [32m  M YM   ,M MM   ,6"Yb.   ,M""bMM    MM         ,pW"Wq.   ,pW"Wq.`7MMpdMAo. [0m       }
 {       [32m  M  Mb  M' MM  8)   MM ,AP    MM    MM        6W'   `Wb 6W'   `Wb MM   `Wb [0m       }
 {       [32m  M  YM.P'  MM   ,pm9MM 8MI    MM    MM      , 8M     M8 8M     M8 MM    M8 [0m       }
 {       [32m  M  `YM'   MM  8M   MM `Mb    MM    MM     ,M YA.   ,A9 YA.   ,A9 MM   ,AP [0m       }
 {       [32m.JML. `'  .JMML.`Moo9^Yo.`Wbmd"MML..JMMmmmmMMM  `Ybmd9'   `Ybmd9'  MMbmmd'  [0m       }
 {       [32m                                                                   MM       [0m       }
 {       [32m                                                                 .JMML.     [0m       }
 {       [32m[0mv2.6.5 (2018-02-03), Ref: arXiv:1103.0621v2, arXiv:1405.0301[32m                [0m       }
 {       [32m                                                                            [0m       }
 {                                                                                          }
  ========================================================================================== 
 ===============================================================
 INFO: MadLoop read these parameters from ./MadLoop5_resources/MadLoopParams.dat                                                                                                                                                                                                                                                                                                                                                                                                                                                                                          
 ===============================================================
  > MLReductionLib            = 6|7|1
  > CTModeRun                 =           -1
  > MLStabThres               =    1.0000000000000000E-003
  > NRotations_DP             =            0
  > NRotations_QP             =            0
  > CTStabThres               =    1.0000000000000000E-002
  > CTLoopLibrary             =            2
  > CTModeInit                =            1
  > CheckCycle                =            3
  > MaxAttempts               =           10
  > UseLoopFilter             =  F
  > HelicityFilterLevel       =            2
  > ImprovePSPoint            =            2
  > DoubleCheckHelicityFilter =  T
  > LoopInitStartOver         =  F
  > HelInitStartOver          =  F
  > ZeroThres                 =    1.0000000000000001E-009
  > OSThres                   =    1.0000000000000000E-008
  > WriteOutFilters           =  T
  > UseQPIntegrandForNinja    =  T
  > UseQPIntegrandForCutTools =  T
  > IREGIMODE                 =            2
  > IREGIRECY                 =  T
  > COLLIERMode               =            1
  > COLLIERRequiredAccuracy   =    1.0000000000000000E-008
  > COLLIERCanOutput          =  F
  > COLLIERComputeUVpoles     =  T
  > COLLIERComputeIRpoles     =  T
  > COLLIERGlobalCache        =           -1
  > COLLIERUseCacheForPoles   =  F
  > COLLIERUseInternalStabilityTest =  T
 ===============================================================
  
------------------------------------------------------------------------
|              You are using CutTools - Version 1.9.3                  |
|              Authors: G. Ossola, C. Papadopoulos, R. Pittau          |
|              Published in JHEP 0803:042,2008                         |
|              http://www.ugr.es/~pittau/CutTools                      |
|                                                                      |
|              Compiler with  34  significant digits detetected        |
 ---------------------------------------------------------------------- 
   
########################################################################
#                                                                      #

  +----------------------------------------------------------------+
  |                                                                |
  |  Ninja - version 1.1.0                                         |
  |                                                                |
  |  Author: Tiziano Peraro                                        |
  |                                                                |
  |  Based on:                                                     |
  |                                                                |
  |      P. Mastrolia, E. Mirabella and T. Peraro,                 |
  |      "Integrand reduction of one-loop scattering amplitudes    |
  |      through Laurent series expansion,"                        |
  |      JHEP 1206 (2012) 095  [arXiv:1203.0291 [hep-ph]].         |
  |                                                                |
  |      T. Peraro,                                                |
  |      "Ninja: Automated Integrand Reduction via Laurent         |
  |      Expansion for One-Loop Amplitudes,"                       |
  |      Comput.Phys.Commun. 185 (2014) [arXiv:1403.1229 [hep-ph]] |
  |                                                                |
  +----------------------------------------------------------------+


#                      You are using OneLOop-3.6                       #
#                                                                      #
# for the evaluation of 1-loop scalar 1-, 2-, 3- and 4-point functions #
#                                                                      #
# author: Andreas van Hameren <hamerenREMOVETHIS@ifj.edu.pl>           #
#   date: 18-02-2015                                                   #
#                                                                      #
# Please cite                                                          #
#    A. van Hameren,                                                   #
#      Comput.Phys.Commun. 182 (2011) 2427-2438, arXiv:1007.4716       #
#    A. van Hameren, C.G. Papadopoulos and R. Pittau,                  #
#      JHEP 0909:106,2009, arXiv:0903.4665                             #
# in publications with results obtained with the help of this program. #
#                                                                      #
########################################################################
########################################################################
#                                                                      #
#                      You are using OneLOop-3.6                       #
#                                                                      #
# for the evaluation of 1-loop scalar 1-, 2-, 3- and 4-point functions #
#                                                                      #
# author: Andreas van Hameren <hamerenREMOVETHIS@ifj.edu.pl>           #
#   date: 18-02-2015                                                   #
#                                                                      #
# Please cite                                                          #
#    A. van Hameren,                                                   #
#      Comput.Phys.Commun. 182 (2011) 2427-2438, arXiv:1007.4716       #
#    A. van Hameren, C.G. Papadopoulos and R. Pittau,                  #
#      JHEP 0909:106,2009, arXiv:0903.4665                             #
# in publications with results obtained with the help of this program. #
#                                                                      #
########################################################################
 PASSED   1.0000000000000001E-005
 MU_R    =    325.00000000000000     
 ALPHA_S =   0.11799999999999999     
 BORN                    3.5561148836516607E-010
 SINGLE POLE (MadFKS)   -1.1206979386893801E-010
 DOUBLE POLE (MadFKS)   -3.7844745448108632E-011
 SINGLE POLE (MadLoop)  -1.1206979386907119E-010
 DOUBLE POLE (MadLoop)  -3.7844745448109136E-011
 FINITE PART (MadLoop)  -5.5207671015515881E-011
   325.00000000000000        0.0000000000000000        0.0000000000000000        325.00000000000000        0.0000000000000000     
   325.00000000000000        0.0000000000000000        0.0000000000000000       -325.00000000000000        0.0000000000000000     
   95.333021369504252       -88.764240865692429       -11.542749065021942        32.803345119021500        0.0000000000000000     
   271.05997584284677        230.25804936735554        121.86368791032240       -74.859754036202219        0.0000000000000000     
   202.66360372696880       -99.732042052489817       -110.68100607141609        111.39369373663341        80.419002445756163     
   80.943399060680136       -41.761766449173308       0.36006722611559561       -69.337284819452648        0.0000000000000000     

 PASSED   1.0000000000000001E-005
 MU_R    =    325.00000000000000     
 ALPHA_S =   0.11799999999999999     
 BORN                    3.0766597847518630E-007
 SINGLE POLE (MadFKS)   -3.1203935441989304E-008
 DOUBLE POLE (MadFKS)   -3.2742307319611443E-008
 SINGLE POLE (MadLoop)  -3.1203935442024886E-008
 DOUBLE POLE (MadLoop)  -3.2742307319573485E-008
 FINITE PART (MadLoop)   4.1684117392622150E-008
   325.00000000000000        0.0000000000000000        0.0000000000000000        325.00000000000000        0.0000000000000000     
   325.00000000000000        0.0000000000000000        0.0000000000000000       -325.00000000000000        0.0000000000000000     
   187.92303130334358        162.49398545033236       -84.394243150844005        42.289267074528780        0.0000000000000000     
   102.86877295205613        73.924278895278007       -64.415747905202338       -31.109433622106618        0.0000000000000000     
   80.507314791872972       -1.1822316381121516        8.0795400985454541E-002   3.5787680958981647        80.419002445756163     
   278.70088095272786       -235.23603270749820        148.72919565506089       -14.758601548320364        0.0000000000000000     

 PASSED   1.0000000000000001E-005
 MU_R    =    325.00000000000000     
 ALPHA_S =   0.11799999999999999     
 BORN                    3.0261960688863743E-011
 SINGLE POLE (MadFKS)   -6.1358460077513242E-012
 DOUBLE POLE (MadFKS)   -3.2205264354527593E-012
 SINGLE POLE (MadLoop)  -6.1358460077462448E-012
 DOUBLE POLE (MadLoop)  -3.2205264354527443E-012
 FINITE PART (MadLoop)   6.0539424123278512E-012
   325.00000000000000        0.0000000000000000        0.0000000000000000        325.00000000000000        0.0000000000000000     
   325.00000000000000        0.0000000000000000        0.0000000000000000       -325.00000000000000        0.0000000000000000     
   214.92674861240380        157.39702482726190        98.011892984755661        108.68924821789199        0.0000000000000000     
   154.76174131827904       -41.188045120978913       -44.470968714082012       -142.39759287505274        0.0000000000000000     
   149.28696722657872       -61.678510222886061        45.693412269385242        99.635616529453969        80.419002445756163     
   131.02454284273844       -54.530469483396956       -99.234336540058905       -65.927271872293190        0.0000000000000000     

 PASSED   1.0000000000000001E-005
 MU_R    =    325.00000000000000     
 ALPHA_S =   0.11799999999999999     
 BORN                    1.2997426077948810E-011
 SINGLE POLE (MadFKS)   -2.1679179961706667E-012
 DOUBLE POLE (MadFKS)   -1.3832069477335936E-012
 SINGLE POLE (MadLoop)  -2.1679179961711877E-012
 DOUBLE POLE (MadLoop)  -1.3832069477336146E-012
 FINITE PART (MadLoop)   2.6173623216914704E-012
   325.00000000000000        0.0000000000000000        0.0000000000000000        325.00000000000000        0.0000000000000000     
   325.00000000000000        0.0000000000000000        0.0000000000000000       -325.00000000000000        0.0000000000000000     
   259.50197163253665       -171.55699542323939       -163.90681985131712        105.09055623010258        0.0000000000000000     
   95.210558498718200       -23.224229131313205        76.047221702843942       -52.368938333449179        0.0000000000000000     
   130.42324629600455        97.059509723514878       -33.481818178665570        1.1944219101417333        80.419002445756163     
   164.86422357274060        97.721714831037701        121.34141632713875       -53.916039806795133        0.0000000000000000     

 PASSED   1.0000000000000001E-005
 MU_R    =    325.00000000000000     
 ALPHA_S =   0.11799999999999999     
 BORN                    1.7778151943613636E-011
 SINGLE POLE (MadFKS)   -2.6502878122196629E-012
 DOUBLE POLE (MadFKS)   -1.8919794687649939E-012
 SINGLE POLE (MadLoop)  -2.6502878122204367E-012
 DOUBLE POLE (MadLoop)  -1.8919794687649984E-012
 FINITE PART (MadLoop)   3.3412462594808828E-012
   325.00000000000000        0.0000000000000000        0.0000000000000000        325.00000000000000        0.0000000000000000     
   325.00000000000000        0.0000000000000000        0.0000000000000000       -325.00000000000000        0.0000000000000000     
   159.74970539038375       -105.99791132728366        106.51952708025929        54.203334926604136        0.0000000000000000     
   216.93988167044839        198.41808542767353        66.513729147687371       -57.176039293332217        0.0000000000000000     
   88.669786755847412       -26.509570942306652       -3.0316345082610212       -26.137462953011525        80.419002445756163     
   184.64062618332036       -65.910603158083262       -170.00162171968560        29.110167319739613        0.0000000000000000     

 PASSED   1.0000000000000001E-005
 MU_R    =    325.00000000000000     
 ALPHA_S =   0.11799999999999999     
 BORN                    1.1482102662488368E-011
 SINGLE POLE (MadFKS)   -2.6354061753159703E-012
 DOUBLE POLE (MadFKS)   -1.2219437973407380E-012
 SINGLE POLE (MadLoop)  -2.6354061753153878E-012
 DOUBLE POLE (MadLoop)  -1.2219437973407873E-012
 FINITE PART (MadLoop)   3.0813001996163545E-012
   325.00000000000000        0.0000000000000000        0.0000000000000000        325.00000000000000        0.0000000000000000     
   325.00000000000000        0.0000000000000000        0.0000000000000000       -325.00000000000000        0.0000000000000000     
   163.83000541867796        43.311422894374807       -7.3896718857033967        157.82833735350039        0.0000000000000000     
   91.344539760156664        64.326582585126943       -64.811668235047762        2.3158966954056206        0.0000000000000000     
   297.39811963624209       -196.29763471097604        61.608805945679087       -199.12312584334845        80.419002445756163     
   97.427335184923351        88.659629231474355        10.592534175072146        38.978891794442390        0.0000000000000000     

 PASSED   1.0000000000000001E-005
 MU_R    =    325.00000000000000     
 ALPHA_S =   0.11799999999999999     
 BORN                    1.7160290874934403E-010
 SINGLE POLE (MadFKS)   -2.9885446184889253E-011
 DOUBLE POLE (MadFKS)   -1.8262257019956515E-011
 SINGLE POLE (MadLoop)  -2.9885446184900918E-011
 DOUBLE POLE (MadLoop)  -1.8262257019956476E-011
 FINITE PART (MadLoop)   2.5989664540763243E-011
   325.00000000000000        0.0000000000000000        0.0000000000000000        325.00000000000000        0.0000000000000000     
   325.00000000000000        0.0000000000000000        0.0000000000000000       -325.00000000000000        0.0000000000000000     
   116.60964443766231       -77.244279681566340       -65.130978845027400       -58.215857178629435        0.0000000000000000     
   275.09356276192597        232.55906152431021       -51.455347464170963        137.64119439078974        0.0000000000000000     
   95.881024793223233       -48.723853688665663        16.888716198151322       -8.1677602763520802        80.419002445756163     
   162.41576800718843       -106.59092815407820        99.697610111047084       -71.257576935808217        0.0000000000000000     

 PASSED   1.0000000000000001E-005
 MU_R    =    325.00000000000000     
 ALPHA_S =   0.11799999999999999     
 BORN                    1.5140444653600030E-010
 SINGLE POLE (MadFKS)   -3.0245645346973179E-011
 DOUBLE POLE (MadFKS)   -1.6112704247009285E-011
 SINGLE POLE (MadLoop)  -3.0245645346973857E-011
 DOUBLE POLE (MadLoop)  -1.6112704247009185E-011
 FINITE PART (MadLoop)   1.4085131844988488E-011
   325.00000000000000        0.0000000000000000        0.0000000000000000        325.00000000000000        0.0000000000000000     
   325.00000000000000        0.0000000000000000        0.0000000000000000       -325.00000000000000        0.0000000000000000     
   37.021552673415826        15.516062399314569        33.582536273032161        1.4354189080398552        0.0000000000000000     
   285.87726444255230        180.40279378977542       -206.70406163572378        80.337246786877827        0.0000000000000000     
   179.94694917868316       -145.50606991983096        68.343266086920693        8.4184417443289554        80.419002445756163     
   147.15423370534867       -50.412786269259001        104.77825927577081       -90.191107439246650        0.0000000000000000     

 PASSED   1.0000000000000001E-005
 MU_R    =    325.00000000000000     
 ALPHA_S =   0.11799999999999999     
 BORN                    2.3561929081303872E-009
 SINGLE POLE (MadFKS)   -2.3886860370579462E-010
 DOUBLE POLE (MadFKS)   -2.5074983163442680E-010
 SINGLE POLE (MadLoop)  -2.3886860370576552E-010
 DOUBLE POLE (MadLoop)  -2.5074983163442675E-010
 FINITE PART (MadLoop)   3.2480228217925238E-010
   325.00000000000000        0.0000000000000000        0.0000000000000000        325.00000000000000        0.0000000000000000     
   325.00000000000000        0.0000000000000000        0.0000000000000000       -325.00000000000000        0.0000000000000000     
   39.299024040442163       -6.2880667881614905        29.299314404026966        25.424863461832949        0.0000000000000000     
   110.26213754943815       -80.076379750498518        24.374250126881233       -71.773311988352589        0.0000000000000000     
   221.83714215489658       -191.64848303501768       -68.623859725785380        36.140372325053725        80.419002445756163     
   278.60169625522309        278.01292957367770        14.950295194877175        10.208076201465921        0.0000000000000000     

 PASSED   1.0000000000000001E-005
 MU_R    =    325.00000000000000     
 ALPHA_S =   0.11799999999999999     
 BORN                    1.6587368864624742E-010
 SINGLE POLE (MadFKS)   -5.1186439406328228E-011
 DOUBLE POLE (MadFKS)   -1.7652544219578053E-011
 SINGLE POLE (MadLoop)  -5.1186439406332106E-011
 DOUBLE POLE (MadLoop)  -1.7652544219577969E-011
 FINITE PART (MadLoop)  -3.2151765683193249E-011
   325.00000000000000        0.0000000000000000        0.0000000000000000        325.00000000000000        0.0000000000000000     
   325.00000000000000        0.0000000000000000        0.0000000000000000       -325.00000000000000        0.0000000000000000     
   291.15904319385999       -128.86363536492547        259.59092838489738       -27.933882908872327        0.0000000000000000     
   49.858737284319190        29.622348874806764       -31.289502856423127        25.087390093907423        0.0000000000000000     
   258.89959308789969        136.19704731546796       -203.93302798907084       -20.578331916522004        80.419002445756163     
   50.082626433921163       -36.955760825349245       -24.368397539403414        23.424824731486872        0.0000000000000000     

 PASSED   1.0000000000000001E-005
 MU_R    =    325.00000000000000     
 ALPHA_S =   0.11799999999999999     
 BORN                    1.1682452737360688E-010
 SINGLE POLE (MadFKS)   -1.7280365057438176E-011
 DOUBLE POLE (MadFKS)   -1.2432653739267748E-011
 SINGLE POLE (MadLoop)  -1.7280365057438790E-011
 DOUBLE POLE (MadLoop)  -1.2432653739267776E-011
 FINITE PART (MadLoop)   2.1125639155756111E-011
   325.00000000000000        0.0000000000000000        0.0000000000000000        325.00000000000000        0.0000000000000000     
   325.00000000000000        0.0000000000000000        0.0000000000000000       -325.00000000000000        0.0000000000000000     
   143.66219670593458       -63.009515150873632        95.193854049030065       -87.216729554130978        0.0000000000000000     
   175.33400803954376        140.83117216197996        78.369533984469996        69.042099227576699        0.0000000000000000     
   144.41593906457913        78.864083951442282       -76.687831534524378        47.834927182613846        80.419002445756163     
   186.58785618994258       -156.68574096254864       -96.875556498975683       -29.660296856059553        0.0000000000000000     

 PASSED   1.0000000000000001E-005
 MU_R    =    325.00000000000000     
 ALPHA_S =   0.11799999999999999     
 BORN                    9.2873098391757808E-011
 SINGLE POLE (MadFKS)   -1.3293964474276802E-011
 DOUBLE POLE (MadFKS)   -9.8837042182507547E-012
 SINGLE POLE (MadLoop)  -1.3293964474279088E-011
 DOUBLE POLE (MadLoop)  -9.8837042182505317E-012
 FINITE PART (MadLoop)   1.8477292341891426E-011
   325.00000000000000        0.0000000000000000        0.0000000000000000        325.00000000000000        0.0000000000000000     
   325.00000000000000        0.0000000000000000        0.0000000000000000       -325.00000000000000        0.0000000000000000     
   180.10406530584208        117.80865919122591       -131.72811516368910       -34.731798609896707        0.0000000000000000     
   145.22835340513285       -111.03015496955720        17.955976732365944        91.875797791306383        0.0000000000000000     
   122.06872091953939        64.978672489888694       -64.520873255868267        6.9559836338124006        80.419002445756163     
   202.59886036948572       -71.757176711557506        178.29301168719132       -64.099982815222063        0.0000000000000000     

 PASSED   1.0000000000000001E-005
 MU_R    =    325.00000000000000     
 ALPHA_S =   0.11799999999999999     
 BORN                    5.7132927749432086E-012
 SINGLE POLE (MadFKS)   -1.4060903712972937E-012
 DOUBLE POLE (MadFKS)   -6.0801778854854231E-013
 SINGLE POLE (MadLoop)  -1.4060903712997723E-012
 DOUBLE POLE (MadLoop)  -6.0801778854853908E-013
 FINITE PART (MadLoop)   6.9137066937411675E-013
   325.00000000000000        0.0000000000000000        0.0000000000000000        325.00000000000000        0.0000000000000000     
   325.00000000000000        0.0000000000000000        0.0000000000000000       -325.00000000000000        0.0000000000000000     
   151.39428779639150       -43.225687428432373        8.1976283926109286        144.86051640268556        0.0000000000000000     
   219.81675643759530        20.127023044531555       -200.60902404639842       -87.580413479621924        0.0000000000000000     
   189.58250898635481        59.472043467497976        124.46576241103666       -102.20402043183131        80.419002445756163     
   89.206446779658393       -36.373379083597150        67.945633242750816        44.923917508767651        0.0000000000000000     

 PASSED   1.0000000000000001E-005
 MU_R    =    325.00000000000000     
 ALPHA_S =   0.11799999999999999     
 BORN                    5.8328330083421203E-011
 SINGLE POLE (MadFKS)   -1.4705907336895228E-011
 DOUBLE POLE (MadFKS)   -6.2073945208249364E-012
 SINGLE POLE (MadLoop)  -1.4705907336900711E-011
 DOUBLE POLE (MadLoop)  -6.2073945208249574E-012
 FINITE PART (MadLoop)   1.9028134264640996E-012
   325.00000000000000        0.0000000000000000        0.0000000000000000        325.00000000000000        0.0000000000000000     
   325.00000000000000        0.0000000000000000        0.0000000000000000       -325.00000000000000        0.0000000000000000     
   233.22110305135433        185.50695458292142       -58.985296334518871        128.45227723240012        0.0000000000000000     
   206.16828311676494       -178.45446164427085        42.847098270197108       -93.933445866699174        0.0000000000000000     
   121.50360427866399       -8.3084504874272831        89.190750855691945        16.489072461223927        80.419002445756163     
   89.107009553216770        1.2559575487767063       -73.052552791370175       -51.007903826924775        0.0000000000000000     

 PASSED   1.0000000000000001E-005
 MU_R    =    325.00000000000000     
 ALPHA_S =   0.11799999999999999     
 BORN                    3.7142548859699761E-010
 SINGLE POLE (MadFKS)   -6.6797522359293637E-011
 DOUBLE POLE (MadFKS)   -3.9527696738690782E-011
 SINGLE POLE (MadLoop)  -6.6797522359281061E-011
 DOUBLE POLE (MadLoop)  -3.9527696738690659E-011
 FINITE PART (MadLoop)   2.7577180753117617E-011
   325.00000000000000        0.0000000000000000        0.0000000000000000        325.00000000000000        0.0000000000000000     
   325.00000000000000        0.0000000000000000        0.0000000000000000       -325.00000000000000        0.0000000000000000     
   185.58054148802560        150.36688054550322        53.262846970497797        94.831470233253754        0.0000000000000000     
   17.278360047416932        10.011309478604010        5.5528118451564294       -12.941471673039262        0.0000000000000000     
   262.08569161320634       -44.954153085730717       -135.84545958401401       -204.32040775398539        80.419002445756163     
   185.05540685135117       -115.42403693837650        77.029800768359792        122.43040919377090        0.0000000000000000     

 PASSED   1.0000000000000001E-005
 MU_R    =    325.00000000000000     
 ALPHA_S =   0.11799999999999999     
 BORN                    6.1249572701251170E-010
 SINGLE POLE (MadFKS)   -1.6527167481079048E-010
 DOUBLE POLE (MadFKS)   -6.5182778496290314E-011
 SINGLE POLE (MadLoop)  -1.6527167481078373E-010
 DOUBLE POLE (MadLoop)  -6.5182778496291477E-011
 FINITE PART (MadLoop)   5.5397141131598698E-011
   325.00000000000000        0.0000000000000000        0.0000000000000000        325.00000000000000        0.0000000000000000     
   325.00000000000000        0.0000000000000000        0.0000000000000000       -325.00000000000000        0.0000000000000000     
   36.205594100743618       -30.040906004584880        10.685633595402393        17.152441379474368        0.0000000000000000     
   113.34997401868462        113.12134946881845        7.1381651652516611       0.90747036508923229        0.0000000000000000     
   276.70458905967581       -98.583929632882686       -78.305232235188342       -232.91138459733057        80.419002445756163     
   223.73984282089600        15.503486168649101        60.481433474534271        214.85147285276696        0.0000000000000000     

 PASSED   1.0000000000000001E-005
 MU_R    =    325.00000000000000     
 ALPHA_S =   0.11799999999999999     
 BORN                    6.7077763833882182E-011
 SINGLE POLE (MadFKS)   -8.8557517790937087E-012
 DOUBLE POLE (MadFKS)   -7.1385233058468345E-012
 SINGLE POLE (MadLoop)  -8.8557517791175531E-012
 DOUBLE POLE (MadLoop)  -7.1385233058468596E-012
 FINITE PART (MadLoop)   7.7590131946269158E-012
   325.00000000000000        0.0000000000000000        0.0000000000000000        325.00000000000000        0.0000000000000000     
   325.00000000000000        0.0000000000000000        0.0000000000000000       -325.00000000000000        0.0000000000000000     
   199.31429331355105        145.07995117624662       -134.51150502293714       -24.179543052806014        0.0000000000000000     
   132.50083665202959        17.351089959963112       -40.235490961152429        125.04605814580532        0.0000000000000000     
   93.436920868404741       0.92667012703941476        39.430605062734031       -26.600956634308062        80.419002445756163     
   224.74794916601465       -163.35771126324914        135.31639092135555       -74.265558458691260        0.0000000000000000     

 PASSED   1.0000000000000001E-005
 MU_R    =    325.00000000000000     
 ALPHA_S =   0.11799999999999999     
 BORN                    7.9548366386131748E-011
 SINGLE POLE (MadFKS)   -1.4158975690106522E-011
 DOUBLE POLE (MadFKS)   -8.4656648482758350E-012
 SINGLE POLE (MadLoop)  -1.4158975690106385E-011
 DOUBLE POLE (MadLoop)  -8.4656648482758237E-012
 FINITE PART (MadLoop)   1.4107491075251948E-011
   325.00000000000000        0.0000000000000000        0.0000000000000000        325.00000000000000        0.0000000000000000     
   325.00000000000000        0.0000000000000000        0.0000000000000000       -325.00000000000000        0.0000000000000000     
   163.14089313451032       -82.665470511810611       -11.891291756651439       -140.14267079710194        0.0000000000000000     
   150.34076241645903        77.021077270010267       -75.976822783848220        104.39167064378752        0.0000000000000000     
   193.44284995295277        146.42322356520859        96.814491514562775        11.836979221898835        80.419002445756163     
   143.07549449607785       -140.77883032340824       -8.9463769740630905        23.914020931415600        0.0000000000000000     

 PASSED   1.0000000000000001E-005
 MU_R    =    325.00000000000000     
 ALPHA_S =   0.11799999999999999     
 BORN                    2.3507655127780045E-011
 SINGLE POLE (MadFKS)   -4.9256744265007125E-012
 DOUBLE POLE (MadFKS)   -2.5017223950853279E-012
 SINGLE POLE (MadLoop)  -4.9256744264944610E-012
 DOUBLE POLE (MadLoop)  -2.5017223950853405E-012
 FINITE PART (MadLoop)   3.9254386089618136E-012
   325.00000000000000        0.0000000000000000        0.0000000000000000        325.00000000000000        0.0000000000000000     
   325.00000000000000        0.0000000000000000        0.0000000000000000       -325.00000000000000        0.0000000000000000     
   180.91362092268085       -167.09546791387876        57.116311490775736        39.326451653894374        0.0000000000000000     
   219.47884466477529        121.03712637332633       -169.50050387745006       -69.213846013370343        0.0000000000000000     
Thanks for using LHAPDF 6.2.1. Please make sure to cite the paper:
  Eur.Phys.J. C75 (2015) 3, 132  (http://arxiv.org/abs/1412.7420)
   115.27812990522686       -40.422903018664442        50.022858936164170       -51.822135960148273        80.419002445756163     
   134.32940450731695        86.481244559216847        62.361333450510159        81.709530319624236        0.0000000000000000     

 PASSED   1.0000000000000001E-005
 MU_R    =    325.00000000000000     
 ALPHA_S =   0.11799999999999999     
 BORN                    5.3674288385727471E-011
 SINGLE POLE (MadFKS)   -1.2088883030400991E-011
 DOUBLE POLE (MadFKS)   -5.7121039323126798E-012
 SINGLE POLE (MadLoop)  -1.2088883030400634E-011
 DOUBLE POLE (MadLoop)  -5.7121039323126685E-012
 FINITE PART (MadLoop)   1.1542101936065230E-011
   325.00000000000000        0.0000000000000000        0.0000000000000000        325.00000000000000        0.0000000000000000     
   325.00000000000000        0.0000000000000000        0.0000000000000000       -325.00000000000000        0.0000000000000000     
   106.11371242671713        92.858077152140780       -38.351862769645273        34.155996467463694        0.0000000000000000     
   252.35383838661770       -99.218939356027462        140.50607168382280       -184.65130825830764        0.0000000000000000     
   105.53759046382582        61.586866890715463       -27.625296116593827       -10.717643752032647        80.419002445756163     
   185.99485872283938       -55.226004686828766       -74.528912797583686        161.21295554287661        0.0000000000000000     

 NUMBER OF POINTS PASSING THE CHECK          20
 NUMBER OF POINTS FAILING THE CHECK           0
 TOLERANCE    1.0000000000000001E-005
