==== LHAPDF6 USING DEFAULT-TYPE LHAGLUE INTERFACE ====
LHAPDF 6.2.1 loading /cvmfs/cms.cern.ch/slc7_amd64_gcc700/external/lhapdf/6.2.1-pafccj3/share/LHAPDF/NNPDF31_nnlo_as_0118_nf_4_mc_hessian/NNPDF31_nnlo_as_0118_nf_4_mc_hessian_0000.dat
NNPDF31_nnlo_as_0118_nf_4_mc_hessian PDF set, member #0, version 1; LHAPDF ID = 325500
 A PDF is used, so alpha_s(MZ) is going to be modified
 Old value of alpha_s from param_card:   0.11799999999999999     
 New value of alpha_s from PDF lhapdf :  0.11266013434007299     
 *****************************************************
 *               MadGraph/MadEvent                   *
 *        --------------------------------           *
 *          http://madgraph.hep.uiuc.edu             *
 *          http://madgraph.phys.ucl.ac.be           *
 *          http://madgraph.roma2.infn.it            *
 *        --------------------------------           *
 *                                                   *
 *          PARAMETER AND COUPLING VALUES            *
 *                                                   *
 *****************************************************

  External Params
  ---------------------------------
  
 MU_R =    91.188000000000002     
 aEWM1 =    132.50700000000001     
 mdl_Gf =    1.1663900000000000E-005
 aS =   0.11799999999999999     
 mdl_ymb =    4.7000000000000002     
 mdl_ymt =    173.00000000000000     
 mdl_ymtau =    1.7769999999999999     
 mdl_MT =    173.00000000000000     
 mdl_MB =    4.7000000000000002     
 mdl_MZ =    91.188000000000002     
 mdl_MH =    125.00000000000000     
 mdl_MTA =    1.7769999999999999     
 mdl_WT =    1.4915000000000000     
 mdl_WZ =    2.4414039999999999     
 mdl_WW =    2.0476000000000001     
 mdl_WH =    6.3823389999999999E-003
  Internal Params
  ---------------------------------
  
 mdl_conjg__CKM3x3 =    1.0000000000000000     
 mdl_CKM22 =    1.0000000000000000     
 mdl_lhv =    1.0000000000000000     
 mdl_CKM3x3 =    1.0000000000000000     
 mdl_conjg__CKM22 =    1.0000000000000000     
 mdl_conjg__CKM33 =    1.0000000000000000     
 mdl_Ncol =    3.0000000000000000     
 mdl_CA =    3.0000000000000000     
 mdl_TF =   0.50000000000000000     
 mdl_CF =    1.3333333333333333     
 mdl_complexi =                (0.0000000000000000,1.0000000000000000)
 mdl_MZ__exp__2 =    8315.2513440000002     
 mdl_MZ__exp__4 =    69143404.913893804     
 mdl_sqrt__2 =    1.4142135623730951     
 mdl_MH__exp__2 =    15625.000000000000     
 mdl_Ncol__exp__2 =    9.0000000000000000     
 mdl_MB__exp__2 =    22.090000000000003     
 mdl_MT__exp__2 =    29929.000000000000     
 mdl_aEW =    7.5467711139788835E-003
 mdl_MW =    80.419002445756163     
 mdl_sqrt__aEW =    8.6872153846781555E-002
 mdl_ee =   0.30795376724436879     
 mdl_MW__exp__2 =    6467.2159543705357     
 mdl_sw2 =   0.22224648578577766     
 mdl_cw =   0.88190334743339216     
 mdl_sqrt__sw2 =   0.47143025548407230     
 mdl_sw =   0.47143025548407230     
 mdl_g1 =   0.34919219678733299     
 mdl_gw =   0.65323293034757990     
 mdl_v =    246.21845810181637     
 mdl_v__exp__2 =    60623.529110035903     
 mdl_lam =   0.12886910601690263     
 mdl_yb =    2.6995554250465490E-002
 mdl_yt =   0.99366614581500623     
 mdl_ytau =    1.0206617000654717E-002
 mdl_muH =    88.388347648318430     
 mdl_AxialZUp =  -0.18517701861793787     
 mdl_AxialZDown =   0.18517701861793787     
 mdl_VectorZUp =    7.5430507588273299E-002
 mdl_VectorZDown =  -0.13030376310310560     
 mdl_VectorAUp =   0.20530251149624587     
 mdl_VectorADown =  -0.10265125574812294     
 mdl_VectorWmDxU =   0.23095271737156670     
 mdl_AxialWmDxU =  -0.23095271737156670     
 mdl_VectorWpUxD =   0.23095271737156670     
 mdl_AxialWpUxD =  -0.23095271737156670     
 mdl_I1x33 =          (2.69955542504654901E-002,0.0000000000000000)
 mdl_I2x33 =               (0.99366614581500623,0.0000000000000000)
 mdl_I3x33 =               (0.99366614581500623,0.0000000000000000)
 mdl_I4x33 =          (2.69955542504654901E-002,0.0000000000000000)
 mdl_Vector_tbGp =              (-0.96667059156454072,0.0000000000000000)
 mdl_Axial_tbGp =              (-1.0206617000654716,-0.0000000000000000)
 mdl_Vector_tbGm =               (0.96667059156454072,0.0000000000000000)
 mdl_Axial_tbGm =              (-1.0206617000654716,-0.0000000000000000)
 mdl_gw__exp__2 =   0.42671326129048615     
 mdl_cw__exp__2 =   0.77775351421422245     
 mdl_ee__exp__2 =    9.4835522759998875E-002
 mdl_sw__exp__2 =   0.22224648578577769     
 mdl_yb__exp__2 =    7.2875994928982540E-004
 mdl_yt__exp__2 =   0.98737240933884918     
  Internal Params evaluated point by point
  ----------------------------------------
  
 mdl_sqrt__aS =   0.34351128074635334     
 mdl_G__exp__4 =    2.1987899468922913     
 mdl_G__exp__2 =    1.4828317324943823     
 mdl_R2MixedFactor_FIN_ =   -2.5040377713124864E-002
 mdl_G_UVg_1EPS_ =   -5.1645779033320030E-002
 mdl_G_UVq_1EPS_ =    3.1300472141406080E-003
 mdl_GWcft_UV_b_1EPS_ =   -3.1300472141406080E-003
 mdl_GWcft_UV_t_1EPS_ =   -3.1300472141406080E-003
 mdl_bWcft_UV_1EPS_ =   -1.8780283284843650E-002
 mdl_tWcft_UV_1EPS_ =   -1.8780283284843650E-002
 mdl_G__exp__3 =    1.8056676068262196     
 mdl_MU_R__exp__2 =    8315.2513440000002     
 mdl_G_UVb_FIN_ =    1.8563438626678915E-002
 mdl_G_UVt_FIN_ =   -4.0087659331150384E-003
 mdl_GWcft_UV_b_FIN_ =   -1.8563438626678915E-002
 mdl_GWcft_UV_t_FIN_ =    4.0087659331150384E-003
 mdl_bWcft_UV_FIN_ =  -0.13642100947319838     
 mdl_tWcft_UV_FIN_ =   -9.8778211443463623E-004
  Couplings of loop_sm
  ---------------------------------
  
      UV_GQQb =   0.00000E+00   0.22605E-01
      UV_GQQt =   0.00000E+00  -0.48815E-02
   UVWfct_G_2 =   0.40088E-02   0.00000E+00
   UVWfct_G_1 =  -0.18563E-01   0.00000E+00
       R2_DDA =   0.00000E+00   0.25704E-02
       R2_UUA =  -0.00000E+00  -0.51409E-02
    R2_UUZ_V2 =  -0.00000E+00  -0.72127E-02
    R2_UUZ_V5 =   0.00000E+00   0.68702E-03
      R2_sxcW =  -0.00000E+00  -0.11566E-01
      R2_GGHb =   0.00000E+00  -0.33698E-02
      R2_GGHt =   0.00000E+00  -0.45657E+01
     R2_GGZup =  -0.46369E-02   0.00000E+00
    R2_GGWWcs =   0.00000E+00   0.13356E-02
         GC_4 =  -0.12177E+01   0.00000E+00
         GC_5 =   0.00000E+00   0.12177E+01
       R2_GQQ =  -0.00000E+00  -0.30492E-01
       R2_QQq =   0.00000E+00   0.12520E-01
 UV_GQQg_1eps =   0.00000E+00  -0.62890E-01
 UV_GQQq_1eps =   0.00000E+00   0.38115E-02
 UVWfct_G_2_1eps -0.31300E-02   0.00000E+00
         GC_1 =  -0.00000E+00  -0.10265E+00
         GC_2 =   0.00000E+00   0.20530E+00
         GC_7 =   0.00000E+00   0.57609E+00
        GC_22 =   0.00000E+00   0.28804E+00
        GC_23 =  -0.00000E+00  -0.27437E-01
        GC_24 =   0.00000E+00   0.82310E-01
        GC_25 =   0.00000E+00   0.30795E+00
        GC_28 =   0.00000E+00   0.37035E+00
        GC_31 =   0.00000E+00   0.52532E+02
        GC_33 =  -0.00000E+00  -0.19089E-01
        GC_37 =  -0.00000E+00  -0.70263E+00
        GC_38 =  -0.00000E+00  -0.72172E-02
        GC_47 =   0.00000E+00   0.46191E+00

 Collider parameters:
 --------------------

 Running at P P   machine @    13000.000000000000       GeV
 PDF set = lhapdf 
 alpha_s(Mz)= 0.1127 running at 3 loops.
 alpha_s(Mz)= 0.1127 running at 3 loops.
 Renormalization scale set on event-by-event basis
 Factorization   scale set on event-by-event basis


 ===============================================================
 INFO: MadFKS read these parameters from FKS_params.dat
 ===============================================================
  > IRPoleCheckThreshold      =    1.0000000000000001E-005
  > PrecisionVirtualAtRunTime =    1.0000000000000000E-003
  > NHelForMCoverHels         =            4
  > VirtualFraction           =    1.0000000000000000     
  > MinVirtualFraction        =    5.0000000000000001E-003
 ===============================================================
  Insert the number of points to test
 Insert the relative tolerance
  A negative number will mean use the default one:    1.0000000000000001E-005
Using random seed offsets:     1 ,      8 ,      0
  with seed                   32
 Ranmar initialization seeds       10730        9414
  ========================================================================================== 
 {                                                                                          }
 {       [32m                                                                            [0m       }
 {       [32m                               ,,                                           [0m       }
 {       [32m`7MMM.     ,MMF'             `7MM  `7MMF'                                   [0m       }
 {       [32m  MMMb    dPMM                 MM    MM                                     [0m       }
 {       [32m  M YM   ,M MM   ,6"Yb.   ,M""bMM    MM         ,pW"Wq.   ,pW"Wq.`7MMpdMAo. [0m       }
 {       [32m  M  Mb  M' MM  8)   MM ,AP    MM    MM        6W'   `Wb 6W'   `Wb MM   `Wb [0m       }
 {       [32m  M  YM.P'  MM   ,pm9MM 8MI    MM    MM      , 8M     M8 8M     M8 MM    M8 [0m       }
 {       [32m  M  `YM'   MM  8M   MM `Mb    MM    MM     ,M YA.   ,A9 YA.   ,A9 MM   ,AP [0m       }
 {       [32m.JML. `'  .JMML.`Moo9^Yo.`Wbmd"MML..JMMmmmmMMM  `Ybmd9'   `Ybmd9'  MMbmmd'  [0m       }
 {       [32m                                                                   MM       [0m       }
 {       [32m                                                                 .JMML.     [0m       }
 {       [32m[0mv2.6.5 (2018-02-03), Ref: arXiv:1103.0621v2, arXiv:1405.0301[32m                [0m       }
 {       [32m                                                                            [0m       }
 {                                                                                          }
  ========================================================================================== 
 ===============================================================
 INFO: MadLoop read these parameters from ./MadLoop5_resources/MadLoopParams.dat                                                                                                                                                                                                                                                                                                                                                                                                                                                                                          
 ===============================================================
  > MLReductionLib            = 6|7|1
  > CTModeRun                 =           -1
  > MLStabThres               =    1.0000000000000000E-003
  > NRotations_DP             =            0
  > NRotations_QP             =            0
  > CTStabThres               =    1.0000000000000000E-002
  > CTLoopLibrary             =            2
  > CTModeInit                =            1
  > CheckCycle                =            3
  > MaxAttempts               =           10
  > UseLoopFilter             =  F
  > HelicityFilterLevel       =            2
  > ImprovePSPoint            =            2
  > DoubleCheckHelicityFilter =  T
  > LoopInitStartOver         =  F
  > HelInitStartOver          =  F
  > ZeroThres                 =    1.0000000000000001E-009
  > OSThres                   =    1.0000000000000000E-008
  > WriteOutFilters           =  T
  > UseQPIntegrandForNinja    =  T
  > UseQPIntegrandForCutTools =  T
  > IREGIMODE                 =            2
  > IREGIRECY                 =  T
  > COLLIERMode               =            1
  > COLLIERRequiredAccuracy   =    1.0000000000000000E-008
  > COLLIERCanOutput          =  F
  > COLLIERComputeUVpoles     =  T
  > COLLIERComputeIRpoles     =  T
  > COLLIERGlobalCache        =           -1
  > COLLIERUseCacheForPoles   =  F
  > COLLIERUseInternalStabilityTest =  T
 ===============================================================
  
------------------------------------------------------------------------
|              You are using CutTools - Version 1.9.3                  |
|              Authors: G. Ossola, C. Papadopoulos, R. Pittau          |
|              Published in JHEP 0803:042,2008                         |
|              http://www.ugr.es/~pittau/CutTools                      |
|                                                                      |
|              Compiler with  34  significant digits detetected        |
 ---------------------------------------------------------------------- 
   
########################################################################
#                                                                      #

  +----------------------------------------------------------------+
  |                                                                |
  |  Ninja - version 1.1.0                                         |
  |                                                                |
  |  Author: Tiziano Peraro                                        |
  |                                                                |
  |  Based on:                                                     |
  |                                                                |
  |      P. Mastrolia, E. Mirabella and T. Peraro,                 |
  |      "Integrand reduction of one-loop scattering amplitudes    |
  |      through Laurent series expansion,"                        |
  |      JHEP 1206 (2012) 095  [arXiv:1203.0291 [hep-ph]].         |
  |                                                                |
  |      T. Peraro,                                                |
  |      "Ninja: Automated Integrand Reduction via Laurent         |
  |      Expansion for One-Loop Amplitudes,"                       |
  |      Comput.Phys.Commun. 185 (2014) [arXiv:1403.1229 [hep-ph]] |
  |                                                                |
  +----------------------------------------------------------------+


#                      You are using OneLOop-3.6                       #
#                                                                      #
# for the evaluation of 1-loop scalar 1-, 2-, 3- and 4-point functions #
#                                                                      #
# author: Andreas van Hameren <hamerenREMOVETHIS@ifj.edu.pl>           #
#   date: 18-02-2015                                                   #
#                                                                      #
# Please cite                                                          #
#    A. van Hameren,                                                   #
#      Comput.Phys.Commun. 182 (2011) 2427-2438, arXiv:1007.4716       #
#    A. van Hameren, C.G. Papadopoulos and R. Pittau,                  #
#      JHEP 0909:106,2009, arXiv:0903.4665                             #
# in publications with results obtained with the help of this program. #
#                                                                      #
########################################################################
########################################################################
#                                                                      #
#                      You are using OneLOop-3.6                       #
#                                                                      #
# for the evaluation of 1-loop scalar 1-, 2-, 3- and 4-point functions #
#                                                                      #
# author: Andreas van Hameren <hamerenREMOVETHIS@ifj.edu.pl>           #
#   date: 18-02-2015                                                   #
#                                                                      #
# Please cite                                                          #
#    A. van Hameren,                                                   #
#      Comput.Phys.Commun. 182 (2011) 2427-2438, arXiv:1007.4716       #
#    A. van Hameren, C.G. Papadopoulos and R. Pittau,                  #
#      JHEP 0909:106,2009, arXiv:0903.4665                             #
# in publications with results obtained with the help of this program. #
#                                                                      #
########################################################################
 PASSED   1.0000000000000001E-005
 MU_R    =    325.00000000000000     
 ALPHA_S =   0.11799999999999999     
 BORN                    2.2280996659549890E-009
 SINGLE POLE (MadFKS)   -1.2687833985327753E-011
 DOUBLE POLE (MadFKS)   -1.1158491443600054E-010
 SINGLE POLE (MadLoop)  -1.2687833985328374E-011
 DOUBLE POLE (MadLoop)  -1.1158491443600025E-010
 FINITE PART (MadLoop)   3.4633382750709568E-010
   325.00000000000000        0.0000000000000000        0.0000000000000000        325.00000000000000        0.0000000000000000     
   325.00000000000000        0.0000000000000000        0.0000000000000000       -325.00000000000000        0.0000000000000000     
   248.29718738623362        25.645998514998109       0.56323149109275217       -246.96214500479721        1.7769999999999999     
   213.03063481315976       -158.31173994046631       -19.303050299050053        141.23327021304985        0.0000000000000000     
   188.67217780060665        132.66574142546813        18.739818807957466        105.72887479174722        80.419002445756163     

 PASSED   1.0000000000000001E-005
 MU_R    =    325.00000000000000     
 ALPHA_S =   0.11799999999999999     
 BORN                    6.2678687701692765E-008
 SINGLE POLE (MadFKS)   -3.5692154894535751E-010
 DOUBLE POLE (MadFKS)   -3.1389960292267626E-009
 SINGLE POLE (MadLoop)  -3.5692154894541526E-010
 DOUBLE POLE (MadLoop)  -3.1389960292267205E-009
 FINITE PART (MadLoop)   9.3390136796722461E-009
   325.00000000000000        0.0000000000000000        0.0000000000000000        325.00000000000000        0.0000000000000000     
   325.00000000000000        0.0000000000000000        0.0000000000000000       -325.00000000000000        0.0000000000000000     
   303.76542413722325       -30.727903340947666       -281.04501418406346        111.08452246292494        1.7769999999999999     
   157.87963130694251       -31.553354607816665        123.53902081768408       -93.104640754462338        0.0000000000000000     
   188.35494455583418        62.281257948764399        157.50599336637981       -17.979881708462855        80.419002445756163     

 PASSED   1.0000000000000001E-005
 MU_R    =    325.00000000000000     
 ALPHA_S =   0.11799999999999999     
 BORN                    6.4574373319837892E-006
 SINGLE POLE (MadFKS)   -3.6771646300548909E-008
 DOUBLE POLE (MadFKS)   -3.2339333970341473E-007
 SINGLE POLE (MadLoop)  -3.6771646300546698E-008
 DOUBLE POLE (MadLoop)  -3.2339333970342129E-007
 FINITE PART (MadLoop)   3.6027608836451623E-006
   325.00000000000000        0.0000000000000000        0.0000000000000000        325.00000000000000        0.0000000000000000     
   325.00000000000000        0.0000000000000000        0.0000000000000000       -325.00000000000000        0.0000000000000000     
   105.50618850985815        37.590450365279075       -71.199988741567239        68.160969252306771        1.7769999999999999     
   236.14095022302553       -53.283692367985232        36.724457159113541        227.10066214398321        0.0000000000000000     
   308.35286126711634        15.693242002706084        34.475531582453371       -295.26163139629017        80.419002445756163     

 PASSED   1.0000000000000001E-005
 MU_R    =    325.00000000000000     
 ALPHA_S =   0.11799999999999999     
 BORN                    3.8654567944603588E-008
 SINGLE POLE (MadFKS)   -2.2011705685772973E-010
 DOUBLE POLE (MadFKS)   -1.9358499633410453E-009
 SINGLE POLE (MadLoop)  -2.2011705685770936E-010
 DOUBLE POLE (MadLoop)  -1.9358499633410701E-009
 FINITE PART (MadLoop)   4.3146500257554175E-009
   325.00000000000000        0.0000000000000000        0.0000000000000000        325.00000000000000        0.0000000000000000     
   325.00000000000000        0.0000000000000000        0.0000000000000000       -325.00000000000000        0.0000000000000000     
   217.59460888560949        10.059358613813254        212.58795539965621        45.270593218488287        1.7769999999999999     
   212.20373856385001       -179.22648255096956       -97.542646937284900       -58.255700505186375        0.0000000000000000     
   220.20165255054042        169.16712393715633       -115.04530846237132        12.985107286698081        80.419002445756163     

 PASSED   1.0000000000000001E-005
 MU_R    =    325.00000000000000     
 ALPHA_S =   0.11799999999999999     
 BORN                    3.5185265375991456E-008
 SINGLE POLE (MadFKS)   -2.0036123726491315E-010
 DOUBLE POLE (MadFKS)   -1.7621046699027209E-009
 SINGLE POLE (MadLoop)  -2.0036123726491300E-010
 DOUBLE POLE (MadLoop)  -1.7621046699027362E-009
 FINITE PART (MadLoop)   4.6790478355381809E-009
   325.00000000000000        0.0000000000000000        0.0000000000000000        325.00000000000000        0.0000000000000000     
   325.00000000000000        0.0000000000000000        0.0000000000000000       -325.00000000000000        0.0000000000000000     
   267.80149024018630       -3.8220021586387705       -265.78327496054141       -32.544177614641526        1.7769999999999999     
   229.72464012711569        113.74592473278629        198.75294118142753        18.235768696389005        0.0000000000000000     
   152.47386963269796       -109.92392257414743        67.030333779113533        14.308408918251999        80.419002445756163     

 PASSED   1.0000000000000001E-005
 MU_R    =    325.00000000000000     
 ALPHA_S =   0.11799999999999999     
 BORN                    6.3293928748446661E-009
 SINGLE POLE (MadFKS)   -3.6042501711666276E-011
 DOUBLE POLE (MadFKS)   -3.1698077656174338E-010
 SINGLE POLE (MadLoop)  -3.6042501711662761E-011
 DOUBLE POLE (MadLoop)  -3.1698077656174395E-010
 FINITE PART (MadLoop)   8.6486951096673531E-010
   325.00000000000000        0.0000000000000000        0.0000000000000000        325.00000000000000        0.0000000000000000     
   325.00000000000000        0.0000000000000000        0.0000000000000000       -325.00000000000000        0.0000000000000000     
   188.42361357001846       -148.79797237624200       -29.495679841147993       -111.75629158669885        1.7769999999999999     
   212.43276909407152        59.462278534523143       -186.70431187557739        82.057411265071096        0.0000000000000000     
   249.14361733590999        89.335693841718850        216.19999171672541        29.698880321627762        80.419002445756163     

 PASSED   1.0000000000000001E-005
 MU_R    =    325.00000000000000     
 ALPHA_S =   0.11799999999999999     
 BORN                    1.0977644895381843E-007
 SINGLE POLE (MadFKS)   -6.2511806859765433E-010
 DOUBLE POLE (MadFKS)   -5.4976874916183686E-009
 SINGLE POLE (MadLoop)  -6.2511806859763055E-010
 DOUBLE POLE (MadLoop)  -5.4976874916183711E-009
 FINITE PART (MadLoop)   1.1040181527442403E-008
   325.00000000000000        0.0000000000000000        0.0000000000000000        325.00000000000000        0.0000000000000000     
   325.00000000000000        0.0000000000000000        0.0000000000000000       -325.00000000000000        0.0000000000000000     
   77.085610225812474       -54.137986872095183        12.185086364522602        53.475560984545645        1.7769999999999999     
   283.36362939779843        25.253368705534164       -282.14924150586478        7.0013821621436696        0.0000000000000000     
   289.55076037638906        28.884618166561019        269.96415514134219       -60.476943146689337        80.419002445756163     

 PASSED   1.0000000000000001E-005
 MU_R    =    325.00000000000000     
 ALPHA_S =   0.11799999999999999     
 BORN                    2.1090048311746591E-007
 SINGLE POLE (MadFKS)   -1.2009652701388078E-009
 DOUBLE POLE (MadFKS)   -1.0562055514283722E-008
 SINGLE POLE (MadLoop)  -1.2009652701387116E-009
 DOUBLE POLE (MadLoop)  -1.0562055514283662E-008
 FINITE PART (MadLoop)   1.8207510148290941E-008
   325.00000000000000        0.0000000000000000        0.0000000000000000        325.00000000000000        0.0000000000000000     
   325.00000000000000        0.0000000000000000        0.0000000000000000       -325.00000000000000        0.0000000000000000     
   107.32029879003234       -10.419667340774458       -51.544064991641505        93.536777259144699        1.7769999999999999     
   236.08562833272180        67.701706984360243       -226.00708762476475       -8.5848191612738063        0.0000000000000000     
   306.59407287724576       -57.282039643585740        277.55115261640628       -84.951958097870900        80.419002445756163     

 PASSED   1.0000000000000001E-005
 MU_R    =    325.00000000000000     
 ALPHA_S =   0.11799999999999999     
 BORN                    1.8864219160201293E-007
 SINGLE POLE (MadFKS)   -1.0742162239178284E-009
 DOUBLE POLE (MadFKS)   -9.4473434606921495E-009
 SINGLE POLE (MadLoop)  -1.0742162239177654E-009
 DOUBLE POLE (MadLoop)  -9.4473434606922123E-009
 FINITE PART (MadLoop)   2.4199998363124508E-008
   325.00000000000000        0.0000000000000000        0.0000000000000000        325.00000000000000        0.0000000000000000     
   325.00000000000000        0.0000000000000000        0.0000000000000000       -325.00000000000000        0.0000000000000000     
   42.770212481763487        10.595912129652129       -33.347830802895366        24.531248920863181        1.7769999999999999     
   296.19168086958382       -132.52832964353632       -189.26158632307991       -185.32621401387036        0.0000000000000000     
   311.03810664865267        121.93241751388418        222.60941712597531        160.79496509300722        80.419002445756163     

 PASSED   1.0000000000000001E-005
 MU_R    =    325.00000000000000     
 ALPHA_S =   0.11799999999999999     
 BORN                    2.6928791897189314E-008
 SINGLE POLE (MadFKS)   -1.5334504386747760E-010
 DOUBLE POLE (MadFKS)   -1.3486142409275135E-009
 SINGLE POLE (MadLoop)  -1.5334504386748600E-010
 DOUBLE POLE (MadLoop)  -1.3486142409275193E-009
 FINITE PART (MadLoop)   1.8701996137927597E-009
   325.00000000000000        0.0000000000000000        0.0000000000000000        325.00000000000000        0.0000000000000000     
   325.00000000000000        0.0000000000000000        0.0000000000000000       -325.00000000000000        0.0000000000000000     
   282.94224965247400        130.83949535838448        247.78400502292078       -39.208063183066670        1.7769999999999999     
   76.700601848179247       -71.584718088233444        18.189927929474763       -20.681803161754910        0.0000000000000000     
   290.35714849934675       -59.254777270151081       -265.97393295239550        59.889866344821556        80.419002445756163     

 PASSED   1.0000000000000001E-005
 MU_R    =    325.00000000000000     
 ALPHA_S =   0.11799999999999999     
 BORN                    4.0269510390238798E-008
 SINGLE POLE (MadFKS)   -2.2931328894697003E-010
 DOUBLE POLE (MadFKS)   -2.0167275009883716E-009
 SINGLE POLE (MadLoop)  -2.2931328894735713E-010
 DOUBLE POLE (MadLoop)  -2.0167275009883712E-009
 FINITE PART (MadLoop)   4.2534810075175932E-009
   325.00000000000000        0.0000000000000000        0.0000000000000000        325.00000000000000        0.0000000000000000     
   325.00000000000000        0.0000000000000000        0.0000000000000000       -325.00000000000000        0.0000000000000000     
   208.76541460147823        116.41898027316705       -129.58128297034287        115.04413388192808        1.7769999999999999     
   207.71329167875936        20.000507959150141       -15.871833083333872       -206.13800264865313        0.0000000000000000     
   233.52129371976238       -136.41948823231721        145.45311605367675        91.093868766725052        80.419002445756163     

 PASSED   1.0000000000000001E-005
 MU_R    =    325.00000000000000     
 ALPHA_S =   0.11799999999999999     
 BORN                    2.6391876078512480E-009
 SINGLE POLE (MadFKS)   -1.5028759591056517E-011
 DOUBLE POLE (MadFKS)   -1.3217250911278744E-010
 SINGLE POLE (MadLoop)  -1.5028759591055415E-011
 DOUBLE POLE (MadLoop)  -1.3217250911278746E-010
 FINITE PART (MadLoop)   3.2155785267312846E-010
   325.00000000000000        0.0000000000000000        0.0000000000000000        325.00000000000000        0.0000000000000000     
   325.00000000000000        0.0000000000000000        0.0000000000000000       -325.00000000000000        0.0000000000000000     
   190.76725532794489       -15.275224196634239       -48.825683381359660       -183.77080329705015        1.7769999999999999     
   279.78089645494441        5.5034280738855879       -89.068567550607170        265.16759337266456        0.0000000000000000     
   179.45184821711075        9.7717961227485741        137.89425093196689       -81.396790075614391        80.419002445756163     

 PASSED   1.0000000000000001E-005
 MU_R    =    325.00000000000000     
 ALPHA_S =   0.11799999999999999     
 BORN                    2.9237550642722081E-009
 SINGLE POLE (MadFKS)   -1.6649218810123340E-011
 DOUBLE POLE (MadFKS)   -1.4642386230007553E-010
 SINGLE POLE (MadLoop)  -1.6649218810081345E-011
 DOUBLE POLE (MadLoop)  -1.4642386230007260E-010
 FINITE PART (MadLoop)   3.0770399164228177E-010
   325.00000000000000        0.0000000000000000        0.0000000000000000        325.00000000000000        0.0000000000000000     
   325.00000000000000        0.0000000000000000        0.0000000000000000       -325.00000000000000        0.0000000000000000     
   165.15343561526612       -7.1688924564605880       -134.86965156149813       -95.033066009435132        1.7769999999999999     
   212.27522235022553        97.600177975808677        116.13899880000196       -148.48133970523469        0.0000000000000000     
   272.57134203450840       -90.431285519348151        18.730652761496156        243.51440571466989        80.419002445756163     

 PASSED   1.0000000000000001E-005
 MU_R    =    325.00000000000000     
 ALPHA_S =   0.11799999999999999     
 BORN                    8.8629486786890480E-009
 SINGLE POLE (MadFKS)   -5.0469744766777030E-011
 DOUBLE POLE (MadFKS)   -4.4386316513282943E-010
 SINGLE POLE (MadLoop)  -5.0469744866457296E-011
 DOUBLE POLE (MadLoop)  -4.4386316511118506E-010
 FINITE PART (MadLoop)   1.3009665187495520E-009
   325.00000000000000        0.0000000000000000        0.0000000000000000        325.00000000000000        0.0000000000000000     
   325.00000000000000        0.0000000000000000        0.0000000000000000       -325.00000000000000        0.0000000000000000     
   248.76877922276228        139.08793463839655       -205.61905708912238       -16.065415861064242        1.7769999999999999     
   249.26395803186821       -124.43220282474331        185.59533934446148       -110.46953284733823        0.0000000000000000     
   151.96726274536951       -14.655731813653182        20.023717744660914        126.53494870840254        80.419002445756163     

 PASSED   1.0000000000000001E-005
 MU_R    =    325.00000000000000     
 ALPHA_S =   0.11799999999999999     
 BORN                    5.9997155616989069E-007
 SINGLE POLE (MadFKS)   -3.4165166024292531E-009
 DOUBLE POLE (MadFKS)   -3.0047028767250748E-008
 SINGLE POLE (MadLoop)  -3.4165166024294773E-009
 DOUBLE POLE (MadLoop)  -3.0047028767250927E-008
 FINITE PART (MadLoop)   6.1570389864403789E-008
   325.00000000000000        0.0000000000000000        0.0000000000000000        325.00000000000000        0.0000000000000000     
   325.00000000000000        0.0000000000000000        0.0000000000000000       -325.00000000000000        0.0000000000000000     
   258.74107615891404       -120.04601600083944        165.41348823550368        158.65408508753245        1.7769999999999999     
   82.074983781622038        23.878404829998839        77.295667564024555       -13.838515865511564        0.0000000000000000     
   309.18394005946385        96.167611170840587       -242.70915579952813       -144.81556922202091        80.419002445756163     

 PASSED   1.0000000000000001E-005
 MU_R    =    325.00000000000000     
 ALPHA_S =   0.11799999999999999     
 BORN                    1.1961779722269262E-007
 SINGLE POLE (MadFKS)   -6.8115927489339734E-010
 DOUBLE POLE (MadFKS)   -5.9905496473364040E-009
 SINGLE POLE (MadLoop)  -6.8115927522086522E-010
 DOUBLE POLE (MadLoop)  -5.9905496473037635E-009
 FINITE PART (MadLoop)   1.7867453938489668E-008
   325.00000000000000        0.0000000000000000        0.0000000000000000        325.00000000000000        0.0000000000000000     
   325.00000000000000        0.0000000000000000        0.0000000000000000       -325.00000000000000        0.0000000000000000     
   283.64846085788139       -17.469870827525487        275.88264643475759       -63.536293781344007        1.7769999999999999     
   285.80347101675358        17.636090852968582       -277.05031702584415        67.939047539168371        0.0000000000000000     
   80.548068125366726      -0.16622002544317002        1.1676705910866032       -4.4027537578243887        80.419002445756163     

 PASSED   1.0000000000000001E-005
 MU_R    =    325.00000000000000     
 ALPHA_S =   0.11799999999999999     
 BORN                    2.8959520949797201E-009
 SINGLE POLE (MadFKS)   -1.6490895794294017E-011
 DOUBLE POLE (MadFKS)   -1.4503146859481489E-010
 SINGLE POLE (MadLoop)  -1.6490895794289994E-011
 DOUBLE POLE (MadLoop)  -1.4503146859481504E-010
 FINITE PART (MadLoop)   5.3939179299281064E-010
   325.00000000000000        0.0000000000000000        0.0000000000000000        325.00000000000000        0.0000000000000000     
   325.00000000000000        0.0000000000000000        0.0000000000000000       -325.00000000000000        0.0000000000000000     
   198.04463429640967        106.47254482078800        4.7496755188114896       -166.91182470529145        1.7769999999999999     
   222.23320161967322       -145.46629702664791        163.52043657863979        38.577443572849909        0.0000000000000000     
   229.72216408391714        38.993752205859749       -168.27011209745146        128.33438113244156        80.419002445756163     

 PASSED   1.0000000000000001E-005
 MU_R    =    325.00000000000000     
 ALPHA_S =   0.11799999999999999     
 BORN                    4.4415491308396860E-008
 SINGLE POLE (MadFKS)   -2.5292242923799828E-010
 DOUBLE POLE (MadFKS)   -2.2243613573525437E-009
 SINGLE POLE (MadLoop)  -2.5292242923770918E-010
Thanks for using LHAPDF 6.2.1. Please make sure to cite the paper:
  Eur.Phys.J. C75 (2015) 3, 132  (http://arxiv.org/abs/1412.7420)
 DOUBLE POLE (MadLoop)  -2.2243613573525599E-009
 FINITE PART (MadLoop)   5.5480305666740546E-009
   325.00000000000000        0.0000000000000000        0.0000000000000000        325.00000000000000        0.0000000000000000     
   325.00000000000000        0.0000000000000000        0.0000000000000000       -325.00000000000000        0.0000000000000000     
   305.70263624135367       -13.532693116382012       -268.18247321499024       -146.10260556616473        1.7769999999999999     
   233.89356181031093        22.437230450129320        195.83147303602519        125.90791521815459        0.0000000000000000     
   110.40380194833541       -8.9045373337478875        72.351000178965165        20.194690348010024        80.419002445756163     

 PASSED   1.0000000000000001E-005
 MU_R    =    325.00000000000000     
 ALPHA_S =   0.11799999999999999     
 BORN                    1.3010452137429663E-007
 SINGLE POLE (MadFKS)   -7.4087555110784398E-010
 DOUBLE POLE (MadFKS)   -6.5157327147954308E-009
 SINGLE POLE (MadLoop)  -7.4087555110817331E-010
 DOUBLE POLE (MadLoop)  -6.5157327147954415E-009
 FINITE PART (MadLoop)   1.9842830977684087E-008
   325.00000000000000        0.0000000000000000        0.0000000000000000        325.00000000000000        0.0000000000000000     
   325.00000000000000        0.0000000000000000        0.0000000000000000       -325.00000000000000        0.0000000000000000     
   126.44947691263251       -3.6429877940246698        98.519653955105895        79.163873749186635        1.7769999999999999     
   286.82288835226490        146.27758716089076       -246.64084398007176        6.2073229271348502        0.0000000000000000     
   236.72763473510258       -142.63459936686610        148.12119002496587       -85.371196676321475        80.419002445756163     

 PASSED   1.0000000000000001E-005
 MU_R    =    325.00000000000000     
 ALPHA_S =   0.11799999999999999     
 BORN                    2.2301770469822858E-008
 SINGLE POLE (MadFKS)   -1.2699663557407291E-010
 DOUBLE POLE (MadFKS)   -1.1168895124715571E-009
 SINGLE POLE (MadLoop)  -1.2699663557438313E-010
 DOUBLE POLE (MadLoop)  -1.1168895124715561E-009
 FINITE PART (MadLoop)   5.0261851901964598E-009
   325.00000000000000        0.0000000000000000        0.0000000000000000        325.00000000000000        0.0000000000000000     
   325.00000000000000        0.0000000000000000        0.0000000000000000       -325.00000000000000        0.0000000000000000     
   115.91014353750739       -91.922246447762504        7.4163379942922800       -70.194744708110406        1.7769999999999999     
   312.84403693746384        224.22644934083792        75.752762287529663        204.58594738920581        0.0000000000000000     
   221.24581952502885       -132.30420289307543       -83.169100281821926       -134.39120268109548        80.419002445756163     

 NUMBER OF POINTS PASSING THE CHECK          20
 NUMBER OF POINTS FAILING THE CHECK           0
 TOLERANCE    1.0000000000000001E-005
