==== LHAPDF6 USING DEFAULT-TYPE LHAGLUE INTERFACE ====
LHAPDF 6.2.1 loading /cvmfs/cms.cern.ch/slc7_amd64_gcc700/external/lhapdf/6.2.1-pafccj3/share/LHAPDF/NNPDF31_nnlo_as_0118_nf_4_mc_hessian/NNPDF31_nnlo_as_0118_nf_4_mc_hessian_0000.dat
NNPDF31_nnlo_as_0118_nf_4_mc_hessian PDF set, member #0, version 1; LHAPDF ID = 325500
 A PDF is used, so alpha_s(MZ) is going to be modified
 Old value of alpha_s from param_card:   0.11799999999999999     
 New value of alpha_s from PDF lhapdf :  0.11266013434007299     
 *****************************************************
 *               MadGraph/MadEvent                   *
 *        --------------------------------           *
 *          http://madgraph.hep.uiuc.edu             *
 *          http://madgraph.phys.ucl.ac.be           *
 *          http://madgraph.roma2.infn.it            *
 *        --------------------------------           *
 *                                                   *
 *          PARAMETER AND COUPLING VALUES            *
 *                                                   *
 *****************************************************

  External Params
  ---------------------------------
  
 MU_R =    91.188000000000002     
 aEWM1 =    132.50700000000001     
 mdl_Gf =    1.1663900000000000E-005
 aS =   0.11799999999999999     
 mdl_ymb =    4.7000000000000002     
 mdl_ymt =    173.00000000000000     
 mdl_ymtau =    1.7769999999999999     
 mdl_MT =    173.00000000000000     
 mdl_MB =    4.7000000000000002     
 mdl_MZ =    91.188000000000002     
 mdl_MH =    125.00000000000000     
 mdl_MTA =    1.7769999999999999     
 mdl_WT =    1.4915000000000000     
 mdl_WZ =    2.4414039999999999     
 mdl_WW =    2.0476000000000001     
 mdl_WH =    6.3823389999999999E-003
  Internal Params
  ---------------------------------
  
 mdl_conjg__CKM3x3 =    1.0000000000000000     
 mdl_CKM22 =    1.0000000000000000     
 mdl_lhv =    1.0000000000000000     
 mdl_CKM3x3 =    1.0000000000000000     
 mdl_conjg__CKM22 =    1.0000000000000000     
 mdl_conjg__CKM33 =    1.0000000000000000     
 mdl_Ncol =    3.0000000000000000     
 mdl_CA =    3.0000000000000000     
 mdl_TF =   0.50000000000000000     
 mdl_CF =    1.3333333333333333     
 mdl_complexi =                (0.0000000000000000,1.0000000000000000)
 mdl_MZ__exp__2 =    8315.2513440000002     
 mdl_MZ__exp__4 =    69143404.913893804     
 mdl_sqrt__2 =    1.4142135623730951     
 mdl_MH__exp__2 =    15625.000000000000     
 mdl_Ncol__exp__2 =    9.0000000000000000     
 mdl_MB__exp__2 =    22.090000000000003     
 mdl_MT__exp__2 =    29929.000000000000     
 mdl_aEW =    7.5467711139788835E-003
 mdl_MW =    80.419002445756163     
 mdl_sqrt__aEW =    8.6872153846781555E-002
 mdl_ee =   0.30795376724436879     
 mdl_MW__exp__2 =    6467.2159543705357     
 mdl_sw2 =   0.22224648578577766     
 mdl_cw =   0.88190334743339216     
 mdl_sqrt__sw2 =   0.47143025548407230     
 mdl_sw =   0.47143025548407230     
 mdl_g1 =   0.34919219678733299     
 mdl_gw =   0.65323293034757990     
 mdl_v =    246.21845810181637     
 mdl_v__exp__2 =    60623.529110035903     
 mdl_lam =   0.12886910601690263     
 mdl_yb =    2.6995554250465490E-002
 mdl_yt =   0.99366614581500623     
 mdl_ytau =    1.0206617000654717E-002
 mdl_muH =    88.388347648318430     
 mdl_AxialZUp =  -0.18517701861793787     
 mdl_AxialZDown =   0.18517701861793787     
 mdl_VectorZUp =    7.5430507588273299E-002
 mdl_VectorZDown =  -0.13030376310310560     
 mdl_VectorAUp =   0.20530251149624587     
 mdl_VectorADown =  -0.10265125574812294     
 mdl_VectorWmDxU =   0.23095271737156670     
 mdl_AxialWmDxU =  -0.23095271737156670     
 mdl_VectorWpUxD =   0.23095271737156670     
 mdl_AxialWpUxD =  -0.23095271737156670     
 mdl_I1x33 =          (2.69955542504654901E-002,0.0000000000000000)
 mdl_I2x33 =               (0.99366614581500623,0.0000000000000000)
 mdl_I3x33 =               (0.99366614581500623,0.0000000000000000)
 mdl_I4x33 =          (2.69955542504654901E-002,0.0000000000000000)
 mdl_Vector_tbGp =              (-0.96667059156454072,0.0000000000000000)
 mdl_Axial_tbGp =              (-1.0206617000654716,-0.0000000000000000)
 mdl_Vector_tbGm =               (0.96667059156454072,0.0000000000000000)
 mdl_Axial_tbGm =              (-1.0206617000654716,-0.0000000000000000)
 mdl_gw__exp__2 =   0.42671326129048615     
 mdl_cw__exp__2 =   0.77775351421422245     
 mdl_ee__exp__2 =    9.4835522759998875E-002
 mdl_sw__exp__2 =   0.22224648578577769     
 mdl_yb__exp__2 =    7.2875994928982540E-004
 mdl_yt__exp__2 =   0.98737240933884918     
  Internal Params evaluated point by point
  ----------------------------------------
  
 mdl_sqrt__aS =   0.34351128074635334     
 mdl_G__exp__4 =    2.1987899468922913     
 mdl_G__exp__2 =    1.4828317324943823     
 mdl_R2MixedFactor_FIN_ =   -2.5040377713124864E-002
 mdl_G_UVg_1EPS_ =   -5.1645779033320030E-002
 mdl_G_UVq_1EPS_ =    3.1300472141406080E-003
 mdl_GWcft_UV_b_1EPS_ =   -3.1300472141406080E-003
 mdl_GWcft_UV_t_1EPS_ =   -3.1300472141406080E-003
 mdl_bWcft_UV_1EPS_ =   -1.8780283284843650E-002
 mdl_tWcft_UV_1EPS_ =   -1.8780283284843650E-002
 mdl_G__exp__3 =    1.8056676068262196     
 mdl_MU_R__exp__2 =    8315.2513440000002     
 mdl_G_UVb_FIN_ =    1.8563438626678915E-002
 mdl_G_UVt_FIN_ =   -4.0087659331150384E-003
 mdl_GWcft_UV_b_FIN_ =   -1.8563438626678915E-002
 mdl_GWcft_UV_t_FIN_ =    4.0087659331150384E-003
 mdl_bWcft_UV_FIN_ =  -0.13642100947319838     
 mdl_tWcft_UV_FIN_ =   -9.8778211443463623E-004
  Couplings of loop_sm
  ---------------------------------
  
      UV_GQQb =   0.00000E+00   0.22605E-01
      UV_GQQt =   0.00000E+00  -0.48815E-02
   UVWfct_G_2 =   0.40088E-02   0.00000E+00
   UVWfct_G_1 =  -0.18563E-01   0.00000E+00
       R2_DDA =   0.00000E+00   0.25704E-02
       R2_UUA =  -0.00000E+00  -0.51409E-02
    R2_UUZ_V2 =  -0.00000E+00  -0.72127E-02
    R2_UUZ_V5 =   0.00000E+00   0.68702E-03
      R2_sxcW =  -0.00000E+00  -0.11566E-01
      R2_GGHb =   0.00000E+00  -0.33698E-02
      R2_GGHt =   0.00000E+00  -0.45657E+01
     R2_GGZup =  -0.46369E-02   0.00000E+00
    R2_GGWWcs =   0.00000E+00   0.13356E-02
         GC_4 =  -0.12177E+01   0.00000E+00
         GC_5 =   0.00000E+00   0.12177E+01
       R2_GQQ =  -0.00000E+00  -0.30492E-01
       R2_QQq =   0.00000E+00   0.12520E-01
 UV_GQQg_1eps =   0.00000E+00  -0.62890E-01
 UV_GQQq_1eps =   0.00000E+00   0.38115E-02
 UVWfct_G_2_1eps -0.31300E-02   0.00000E+00
         GC_1 =  -0.00000E+00  -0.10265E+00
         GC_2 =   0.00000E+00   0.20530E+00
         GC_7 =   0.00000E+00   0.57609E+00
        GC_22 =   0.00000E+00   0.28804E+00
        GC_23 =  -0.00000E+00  -0.27437E-01
        GC_24 =   0.00000E+00   0.82310E-01
        GC_25 =   0.00000E+00   0.30795E+00
        GC_28 =   0.00000E+00   0.37035E+00
        GC_31 =   0.00000E+00   0.52532E+02
        GC_33 =  -0.00000E+00  -0.19089E-01
        GC_37 =  -0.00000E+00  -0.70263E+00
        GC_38 =  -0.00000E+00  -0.72172E-02
        GC_47 =   0.00000E+00   0.46191E+00

 Collider parameters:
 --------------------

 Running at P P   machine @    13000.000000000000       GeV
 PDF set = lhapdf 
 alpha_s(Mz)= 0.1127 running at 3 loops.
 alpha_s(Mz)= 0.1127 running at 3 loops.
 Renormalization scale set on event-by-event basis
 Factorization   scale set on event-by-event basis


 ===============================================================
 INFO: MadFKS read these parameters from FKS_params.dat
 ===============================================================
  > IRPoleCheckThreshold      =    1.0000000000000001E-005
  > PrecisionVirtualAtRunTime =    1.0000000000000000E-003
  > NHelForMCoverHels         =            4
  > VirtualFraction           =    1.0000000000000000     
  > MinVirtualFraction        =    5.0000000000000001E-003
 ===============================================================
  Insert the number of points to test
 Insert the relative tolerance
  A negative number will mean use the default one:    1.0000000000000001E-005
Using random seed offsets:     1 ,     37 ,      0
  with seed                   32
 Ranmar initialization seeds       10730        9443
  ========================================================================================== 
 {                                                                                          }
 {       [32m                                                                            [0m       }
 {       [32m                               ,,                                           [0m       }
 {       [32m`7MMM.     ,MMF'             `7MM  `7MMF'                                   [0m       }
 {       [32m  MMMb    dPMM                 MM    MM                                     [0m       }
 {       [32m  M YM   ,M MM   ,6"Yb.   ,M""bMM    MM         ,pW"Wq.   ,pW"Wq.`7MMpdMAo. [0m       }
 {       [32m  M  Mb  M' MM  8)   MM ,AP    MM    MM        6W'   `Wb 6W'   `Wb MM   `Wb [0m       }
 {       [32m  M  YM.P'  MM   ,pm9MM 8MI    MM    MM      , 8M     M8 8M     M8 MM    M8 [0m       }
 {       [32m  M  `YM'   MM  8M   MM `Mb    MM    MM     ,M YA.   ,A9 YA.   ,A9 MM   ,AP [0m       }
 {       [32m.JML. `'  .JMML.`Moo9^Yo.`Wbmd"MML..JMMmmmmMMM  `Ybmd9'   `Ybmd9'  MMbmmd'  [0m       }
 {       [32m                                                                   MM       [0m       }
 {       [32m                                                                 .JMML.     [0m       }
 {       [32m[0mv2.6.5 (2018-02-03), Ref: arXiv:1103.0621v2, arXiv:1405.0301[32m                [0m       }
 {       [32m                                                                            [0m       }
 {                                                                                          }
  ========================================================================================== 
 ===============================================================
 INFO: MadLoop read these parameters from ./MadLoop5_resources/MadLoopParams.dat                                                                                                                                                                                                                                                                                                                                                                                                                                                                                          
 ===============================================================
  > MLReductionLib            = 6|7|1
  > CTModeRun                 =           -1
  > MLStabThres               =    1.0000000000000000E-003
  > NRotations_DP             =            0
  > NRotations_QP             =            0
  > CTStabThres               =    1.0000000000000000E-002
  > CTLoopLibrary             =            2
  > CTModeInit                =            1
  > CheckCycle                =            3
  > MaxAttempts               =           10
  > UseLoopFilter             =  F
  > HelicityFilterLevel       =            2
  > ImprovePSPoint            =            2
  > DoubleCheckHelicityFilter =  T
  > LoopInitStartOver         =  F
  > HelInitStartOver          =  F
  > ZeroThres                 =    1.0000000000000001E-009
  > OSThres                   =    1.0000000000000000E-008
  > WriteOutFilters           =  T
  > UseQPIntegrandForNinja    =  T
  > UseQPIntegrandForCutTools =  T
  > IREGIMODE                 =            2
  > IREGIRECY                 =  T
  > COLLIERMode               =            1
  > COLLIERRequiredAccuracy   =    1.0000000000000000E-008
  > COLLIERCanOutput          =  F
  > COLLIERComputeUVpoles     =  T
  > COLLIERComputeIRpoles     =  T
  > COLLIERGlobalCache        =           -1
  > COLLIERUseCacheForPoles   =  F
  > COLLIERUseInternalStabilityTest =  T
 ===============================================================
  
------------------------------------------------------------------------
|              You are using CutTools - Version 1.9.3                  |
|              Authors: G. Ossola, C. Papadopoulos, R. Pittau          |
|              Published in JHEP 0803:042,2008                         |
|              http://www.ugr.es/~pittau/CutTools                      |
|                                                                      |
|              Compiler with  34  significant digits detetected        |
 ---------------------------------------------------------------------- 
   
########################################################################
#                                                                      #

  +----------------------------------------------------------------+
  |                                                                |
  |  Ninja - version 1.1.0                                         |
  |                                                                |
  |  Author: Tiziano Peraro                                        |
  |                                                                |
  |  Based on:                                                     |
  |                                                                |
  |      P. Mastrolia, E. Mirabella and T. Peraro,                 |
  |      "Integrand reduction of one-loop scattering amplitudes    |
  |      through Laurent series expansion,"                        |
  |      JHEP 1206 (2012) 095  [arXiv:1203.0291 [hep-ph]].         |
  |                                                                |
  |      T. Peraro,                                                |
  |      "Ninja: Automated Integrand Reduction via Laurent         |
  |      Expansion for One-Loop Amplitudes,"                       |
  |      Comput.Phys.Commun. 185 (2014) [arXiv:1403.1229 [hep-ph]] |
  |                                                                |
  +----------------------------------------------------------------+


#                      You are using OneLOop-3.6                       #
#                                                                      #
# for the evaluation of 1-loop scalar 1-, 2-, 3- and 4-point functions #
#                                                                      #
# author: Andreas van Hameren <hamerenREMOVETHIS@ifj.edu.pl>           #
#   date: 18-02-2015                                                   #
#                                                                      #
# Please cite                                                          #
#    A. van Hameren,                                                   #
#      Comput.Phys.Commun. 182 (2011) 2427-2438, arXiv:1007.4716       #
#    A. van Hameren, C.G. Papadopoulos and R. Pittau,                  #
#      JHEP 0909:106,2009, arXiv:0903.4665                             #
# in publications with results obtained with the help of this program. #
#                                                                      #
########################################################################
########################################################################
#                                                                      #
#                      You are using OneLOop-3.6                       #
#                                                                      #
# for the evaluation of 1-loop scalar 1-, 2-, 3- and 4-point functions #
#                                                                      #
# author: Andreas van Hameren <hamerenREMOVETHIS@ifj.edu.pl>           #
#   date: 18-02-2015                                                   #
#                                                                      #
# Please cite                                                          #
#    A. van Hameren,                                                   #
#      Comput.Phys.Commun. 182 (2011) 2427-2438, arXiv:1007.4716       #
#    A. van Hameren, C.G. Papadopoulos and R. Pittau,                  #
#      JHEP 0909:106,2009, arXiv:0903.4665                             #
# in publications with results obtained with the help of this program. #
#                                                                      #
########################################################################
 PASSED   1.0000000000000001E-005
 MU_R    =    325.00000000000000     
 ALPHA_S =   0.11799999999999999     
 BORN                    4.6151569787848331E-007
 SINGLE POLE (MadFKS)   -2.6280846614619859E-009
 DOUBLE POLE (MadFKS)   -2.3113054790827286E-008
 SINGLE POLE (MadLoop)  -2.6280846614553903E-009
 DOUBLE POLE (MadLoop)  -2.3113054790827441E-008
 FINITE PART (MadLoop)   6.7963920561582910E-008
   325.00000000000000        0.0000000000000000        0.0000000000000000        325.00000000000000        0.0000000000000000     
   325.00000000000000        0.0000000000000000        0.0000000000000000       -325.00000000000000        0.0000000000000000     
   287.09909966775467        237.52116399789045       -99.791999396303723       -126.69311954329034        0.0000000000000000     
   268.48845276183590       -194.52237008994450        119.19890985733959        141.55817422479376        0.0000000000000000     
   94.412447570409370       -42.998793907946023       -19.406910461035874       -14.865054681503372        80.419002445756163     

 PASSED   1.0000000000000001E-005
 MU_R    =    325.00000000000000     
 ALPHA_S =   0.11799999999999999     
 BORN                    9.9371040703932392E-008
 SINGLE POLE (MadFKS)   -5.6586484288185869E-010
 DOUBLE POLE (MadFKS)   -4.9765767859455450E-009
 SINGLE POLE (MadLoop)  -5.6586484288187678E-010
 DOUBLE POLE (MadLoop)  -4.9765767859455450E-009
 FINITE PART (MadLoop)   1.0640165098098172E-008
   325.00000000000000        0.0000000000000000        0.0000000000000000        325.00000000000000        0.0000000000000000     
   325.00000000000000        0.0000000000000000        0.0000000000000000       -325.00000000000000        0.0000000000000000     
   289.88507077004459        43.619276816586634       -76.417185690230042       -276.20848407776441        0.0000000000000000     
   146.98965648142735       -61.574134812114863       -48.409714748720624        124.38281453888639        0.0000000000000000     
   213.12527274852803        17.954857995528226        124.82690043895067        151.82566953887803        80.419002445756163     

 PASSED   1.0000000000000001E-005
 MU_R    =    325.00000000000000     
 ALPHA_S =   0.11799999999999999     
 BORN                    1.0967404417143372E-007
 SINGLE POLE (MadFKS)   -6.2453492822109976E-010
 DOUBLE POLE (MadFKS)   -5.4925589827572820E-009
 SINGLE POLE (MadLoop)  -6.2453492822145255E-010
 DOUBLE POLE (MadLoop)  -5.4925589827571306E-009
 FINITE PART (MadLoop)   1.4649527009104891E-008
   325.00000000000000        0.0000000000000000        0.0000000000000000        325.00000000000000        0.0000000000000000     
   325.00000000000000        0.0000000000000000        0.0000000000000000       -325.00000000000000        0.0000000000000000     
   225.57565875663369       -4.0038933341863219       -224.09559552336748       -25.485500361676309        0.0000000000000000     
   307.72125840357825        1.2376172157532619        307.49517201440415        11.728613086852944        0.0000000000000000     
   116.70308283978804        2.7662761184330549       -83.399576491036697        13.756887274823359        80.419002445756163     

 PASSED   1.0000000000000001E-005
 MU_R    =    325.00000000000000     
 ALPHA_S =   0.11799999999999999     
 BORN                    3.7987446199138656E-009
 SINGLE POLE (MadFKS)   -2.1631815590020378E-011
 DOUBLE POLE (MadFKS)   -1.9024400023668831E-010
 SINGLE POLE (MadLoop)  -2.1631815590018717E-011
 DOUBLE POLE (MadLoop)  -1.9024400023668914E-010
 FINITE PART (MadLoop)   6.8142785131705965E-010
   325.00000000000000        0.0000000000000000        0.0000000000000000        325.00000000000000        0.0000000000000000     
   325.00000000000000        0.0000000000000000        0.0000000000000000       -325.00000000000000        0.0000000000000000     
   227.10809674485671        13.141789416161021       -226.47198426415866       -10.762031474918990        0.0000000000000000     
   187.65699023099404        51.550004887582752        94.039215709037350       -153.99470408905228        0.0000000000000000     
   235.23491302414925       -64.691794303743791        132.43276855512130        164.75673556397126        80.419002445756163     

 PASSED   1.0000000000000001E-005
 MU_R    =    325.00000000000000     
 ALPHA_S =   0.11799999999999999     
 BORN                    4.9535527914362857E-009
 SINGLE POLE (MadFKS)   -2.8207829486102548E-011
 DOUBLE POLE (MadFKS)   -2.4807766583893725E-010
 SINGLE POLE (MadLoop)  -2.8207829486097397E-011
 DOUBLE POLE (MadLoop)  -2.4807766583894010E-010
 FINITE PART (MadLoop)   8.6688057015422448E-010
   325.00000000000000        0.0000000000000000        0.0000000000000000        325.00000000000000        0.0000000000000000     
   325.00000000000000        0.0000000000000000        0.0000000000000000       -325.00000000000000        0.0000000000000000     
   170.44340934845667        32.457478431244603        165.39057235826598       -25.365852227276140        0.0000000000000000     
   203.74226961666346        107.36201104711822       -49.411500482492087       -165.96028028578488        0.0000000000000000     
   275.81432103487987       -139.81948947836278       -115.97907187577377        191.32613251306094        80.419002445756163     

 PASSED   1.0000000000000001E-005
 MU_R    =    325.00000000000000     
 ALPHA_S =   0.11799999999999999     
 BORN                    3.4407698570229571E-008
 SINGLE POLE (MadFKS)   -1.9593341085537031E-010
 DOUBLE POLE (MadFKS)   -1.7231635368757898E-009
 SINGLE POLE (MadLoop)  -1.9593341085561599E-010
 DOUBLE POLE (MadLoop)  -1.7231635368757969E-009
 FINITE PART (MadLoop)   1.0110280512933997E-008
   325.00000000000000        0.0000000000000000        0.0000000000000000        325.00000000000000        0.0000000000000000     
   325.00000000000000        0.0000000000000000        0.0000000000000000       -325.00000000000000        0.0000000000000000     
   314.30525105219147       -17.668667596838514       -3.4314847666084294        313.78947390986542        0.0000000000000000     
   61.753850888385529        28.845594756191524        15.267269819453603       -52.424996280081245        0.0000000000000000     
   273.94089805942292       -11.176927159353012       -11.835785052845178       -261.36447762978418        80.419002445756163     

 PASSED   1.0000000000000001E-005
 MU_R    =    325.00000000000000     
 ALPHA_S =   0.11799999999999999     
 BORN                    1.1220454881376137E-007
 SINGLE POLE (MadFKS)   -6.3894479654591467E-010
 DOUBLE POLE (MadFKS)   -5.6192885668546825E-009
 SINGLE POLE (MadLoop)  -6.3894479654573238E-010
 DOUBLE POLE (MadLoop)  -5.6192885668545932E-009
 FINITE PART (MadLoop)   1.9185157974242119E-008
   325.00000000000000        0.0000000000000000        0.0000000000000000        325.00000000000000        0.0000000000000000     
   325.00000000000000        0.0000000000000000        0.0000000000000000       -325.00000000000000        0.0000000000000000     
   306.53011003268472       -242.82683570216901        169.44984572158685       -79.262765561466836        0.0000000000000000     
   26.383708907354372        4.8857789577103228       -6.4568925805513038       -25.110511701031257        0.0000000000000000     
   317.08618105996095        237.94105674445871       -162.99295314103537        104.37327726249812        80.419002445756163     

 PASSED   1.0000000000000001E-005
 MU_R    =    325.00000000000000     
 ALPHA_S =   0.11799999999999999     
 BORN                    2.2056454980401820E-008
 SINGLE POLE (MadFKS)   -1.2559969527944896E-010
 DOUBLE POLE (MadFKS)   -1.1046039274435915E-009
 SINGLE POLE (MadLoop)  -1.2559969527951332E-010
 DOUBLE POLE (MadLoop)  -1.1046039274435508E-009
 FINITE PART (MadLoop)   1.9716354123549737E-009
   325.00000000000000        0.0000000000000000        0.0000000000000000        325.00000000000000        0.0000000000000000     
   325.00000000000000        0.0000000000000000        0.0000000000000000       -325.00000000000000        0.0000000000000000     
   142.96291281408631        30.056687316905155        11.820792885586847       -139.26686197146074        0.0000000000000000     
   199.01957816769115        180.57787294421624       -49.992103113996642       -67.091086764396238        0.0000000000000000     
   308.01750901822254       -210.63456026112135        38.171310228409943        206.35794873585675        80.419002445756163     

 PASSED   1.0000000000000001E-005
 MU_R    =    325.00000000000000     
 ALPHA_S =   0.11799999999999999     
 BORN                    5.2652934098810626E-007
 SINGLE POLE (MadFKS)   -2.9983025305996648E-009
 DOUBLE POLE (MadFKS)   -2.6368987150769799E-008
 SINGLE POLE (MadLoop)  -2.9983025306009122E-009
 DOUBLE POLE (MadLoop)  -2.6368987150769686E-008
 FINITE PART (MadLoop)   3.4155867130098813E-008
   325.00000000000000        0.0000000000000000        0.0000000000000000        325.00000000000000        0.0000000000000000     
   325.00000000000000        0.0000000000000000        0.0000000000000000       -325.00000000000000        0.0000000000000000     
   94.125625298118806       -68.945746103157035        50.306128717976804       -39.691445494605269        0.0000000000000000     
   239.90163047934260       -196.73697483189136        83.996165097817780        108.59097241254894        0.0000000000000000     
   315.97274422253861        265.68272093504845       -134.30229381579471       -68.899526917943675        80.419002445756163     

 PASSED   1.0000000000000001E-005
 MU_R    =    325.00000000000000     
 ALPHA_S =   0.11799999999999999     
 BORN                    9.5949743792920621E-009
 SINGLE POLE (MadFKS)   -5.4638238979203209E-011
 DOUBLE POLE (MadFKS)   -4.8052356521045808E-010
 SINGLE POLE (MadLoop)  -5.4638238979202175E-011
 DOUBLE POLE (MadLoop)  -4.8052356521045684E-010
 FINITE PART (MadLoop)   1.1234391646607070E-009
   325.00000000000000        0.0000000000000000        0.0000000000000000        325.00000000000000        0.0000000000000000     
   325.00000000000000        0.0000000000000000        0.0000000000000000       -325.00000000000000        0.0000000000000000     
   294.42881290657010       -26.664941370346696       -32.979392879553956        291.35831276382709        0.0000000000000000     
   97.925398015458939       -31.484680986496059       -58.539554347395168       -71.911188395638391        0.0000000000000000     
   257.64578907797096        58.149622356842741        91.518947226949152       -219.44712436818867        80.419002445756163     

 PASSED   1.0000000000000001E-005
 MU_R    =    325.00000000000000     
 ALPHA_S =   0.11799999999999999     
 BORN                    4.2749857453284889E-007
 SINGLE POLE (MadFKS)   -2.4343753672761628E-009
 DOUBLE POLE (MadFKS)   -2.1409451556249999E-008
 SINGLE POLE (MadLoop)  -2.4343753672759733E-009
 DOUBLE POLE (MadLoop)  -2.1409451556250068E-008
 FINITE PART (MadLoop)   9.0590404604772209E-008
   325.00000000000000        0.0000000000000000        0.0000000000000000        325.00000000000000        0.0000000000000000     
   325.00000000000000        0.0000000000000000        0.0000000000000000       -325.00000000000000        0.0000000000000000     
   159.83046144062385       -17.737034129779026       -45.018987030388871       -152.33011793916353        0.0000000000000000     
   305.58188488312641        129.62137492058559        33.843962528086301        274.65100351686107        0.0000000000000000     
   184.58765367624974       -111.88434079080659        11.175024502302600       -122.32088557769754        80.419002445756163     

 PASSED   1.0000000000000001E-005
 MU_R    =    325.00000000000000     
 ALPHA_S =   0.11799999999999999     
 BORN                    1.6989656158077775E-007
 SINGLE POLE (MadFKS)   -9.6746990314322319E-010
 DOUBLE POLE (MadFKS)   -8.5085481482877074E-009
 SINGLE POLE (MadLoop)  -9.6746990314322030E-010
 DOUBLE POLE (MadLoop)  -8.5085481482876859E-009
 FINITE PART (MadLoop)   2.1862583893397434E-008
   325.00000000000000        0.0000000000000000        0.0000000000000000        325.00000000000000        0.0000000000000000     
   325.00000000000000        0.0000000000000000        0.0000000000000000       -325.00000000000000        0.0000000000000000     
   129.71809326845803        30.425303781730229        49.943158080902748       -115.78758815995681        0.0000000000000000     
   269.20535963398822        69.060064877476719        139.50293366165232        219.63871378829435        0.0000000000000000     
   251.07654709755380       -99.485368659206983       -189.44609174255504       -103.85112562833753        80.419002445756163     

 PASSED   1.0000000000000001E-005
 MU_R    =    325.00000000000000     
 ALPHA_S =   0.11799999999999999     
 BORN                    7.7253332993709352E-008
 SINGLE POLE (MadFKS)   -4.3991634611969372E-010
 DOUBLE POLE (MadFKS)   -3.8689052755205867E-009
 SINGLE POLE (MadLoop)  -4.3991634611968519E-010
 DOUBLE POLE (MadLoop)  -3.8689052755206802E-009
 FINITE PART (MadLoop)   7.2787606117827461E-009
   325.00000000000000        0.0000000000000000        0.0000000000000000        325.00000000000000        0.0000000000000000     
   325.00000000000000        0.0000000000000000        0.0000000000000000       -325.00000000000000        0.0000000000000000     
   89.949249117827875       -85.027325682440377        24.699717406807281        15.847563351415852        0.0000000000000000     
   251.96086542861104       -159.28906960363844       -194.25523986568260       -19.395148802419460        0.0000000000000000     
   308.08988545356107        244.31639528607886        169.55552245887529        3.5475854510035258        80.419002445756163     

 PASSED   1.0000000000000001E-005
 MU_R    =    325.00000000000000     
 ALPHA_S =   0.11799999999999999     
 BORN                    1.6167244025701521E-008
 SINGLE POLE (MadFKS)   -9.2063793793741308E-011
 DOUBLE POLE (MadFKS)   -8.0966779396765508E-010
 SINGLE POLE (MadLoop)  -9.2063793793736319E-011
 DOUBLE POLE (MadLoop)  -8.0966779396765477E-010
 FINITE PART (MadLoop)   2.0528110710652445E-009
   325.00000000000000        0.0000000000000000        0.0000000000000000        325.00000000000000        0.0000000000000000     
   325.00000000000000        0.0000000000000000        0.0000000000000000       -325.00000000000000        0.0000000000000000     
   201.76007388210886        118.42653293131620       -149.55921304863691        65.683525354949779        0.0000000000000000     
   250.07268636430456        42.045871541837407        231.06619972214861       -85.888907885193774        0.0000000000000000     
   198.16723975358656       -160.47240447315363       -81.506986673511690        20.205382530244055        80.419002445756163     

 PASSED   1.0000000000000001E-005
 MU_R    =    325.00000000000000     
 ALPHA_S =   0.11799999999999999     
 BORN                    3.1936241727769315E-004
 SINGLE POLE (MadFKS)   -1.8185978811839009E-006
 DOUBLE POLE (MadFKS)   -1.5993911112020063E-005
 SINGLE POLE (MadLoop)  -1.8185978811835526E-006
 DOUBLE POLE (MadLoop)  -1.5993911112020493E-005
 FINITE PART (MadLoop)   2.1823457249032621E-005
   325.00000000000000        0.0000000000000000        0.0000000000000000        325.00000000000000        0.0000000000000000     
   325.00000000000000        0.0000000000000000        0.0000000000000000       -325.00000000000000        0.0000000000000000     
   25.588344754142806        3.3005761163824578       -18.857779455949224       -16.978036946231821        0.0000000000000000     
   299.31408343695097       -114.62060627883127       -275.79770217884413        19.663789890171458        0.0000000000000000     
   325.09757180890620        111.32003016244873        294.65548163479326       -2.6857529439396424        80.419002445756163     

 PASSED   1.0000000000000001E-005
 MU_R    =    325.00000000000000     
 ALPHA_S =   0.11799999999999999     
 BORN                    6.7470423725417128E-008
 SINGLE POLE (MadFKS)   -3.8420791862598243E-010
 DOUBLE POLE (MadFKS)   -3.3789697890980527E-009
 SINGLE POLE (MadLoop)  -3.8420791862599355E-010
 DOUBLE POLE (MadLoop)  -3.3789697890981118E-009
 FINITE PART (MadLoop)   8.4876057177886643E-009
   325.00000000000000        0.0000000000000000        0.0000000000000000        325.00000000000000        0.0000000000000000     
   325.00000000000000        0.0000000000000000        0.0000000000000000       -325.00000000000000        0.0000000000000000     
   194.88216873712429      -0.78253677378636233       -149.19502975765147       -125.37659440061427        0.0000000000000000     
   229.18759398000319        184.12828500256586        44.559742057951233        128.98898125066921        0.0000000000000000     
   225.93023728287250       -183.34574822877954        104.63528769970026       -3.6123868500549530        80.419002445756163     

 PASSED   1.0000000000000001E-005
 MU_R    =    325.00000000000000     
 ALPHA_S =   0.11799999999999999     
 BORN                    6.8406152527272920E-008
 SINGLE POLE (MadFKS)   -3.8953639287452922E-010
 DOUBLE POLE (MadFKS)   -3.4258317943690901E-009
 SINGLE POLE (MadLoop)  -3.8953639287230566E-010
 DOUBLE POLE (MadLoop)  -3.4258317943694317E-009
 FINITE PART (MadLoop)   8.8071800139067873E-009
   325.00000000000000        0.0000000000000000        0.0000000000000000        325.00000000000000        0.0000000000000000     
   325.00000000000000        0.0000000000000000        0.0000000000000000       -325.00000000000000        0.0000000000000000     
   264.81971896510652       -217.47421805300579       -31.425393478368772        147.80694394960403        0.0000000000000000     
   291.51011300643171        244.18924552537547        70.987820915493543       -142.51486812413754        0.0000000000000000     
   93.670168028461717       -26.715027472369695       -39.562427437124761       -5.2920758254665001        80.419002445756163     

 PASSED   1.0000000000000001E-005
 MU_R    =    325.00000000000000     
 ALPHA_S =   0.11799999999999999     
 BORN                    4.0485526117379937E-008
 SINGLE POLE (MadFKS)   -2.3054338279154313E-010
 DOUBLE POLE (MadFKS)   -2.0275457317875504E-009
 SINGLE POLE (MadLoop)  -2.3054338279145718E-010
Thanks for using LHAPDF 6.2.1. Please make sure to cite the paper:
  Eur.Phys.J. C75 (2015) 3, 132  (http://arxiv.org/abs/1412.7420)
 DOUBLE POLE (MadLoop)  -2.0275457317875554E-009
 FINITE PART (MadLoop)   6.7590902058792459E-009
   325.00000000000000        0.0000000000000000        0.0000000000000000        325.00000000000000        0.0000000000000000     
   325.00000000000000        0.0000000000000000        0.0000000000000000       -325.00000000000000        0.0000000000000000     
   250.92964143844159        226.07468694701743       -46.858111339782958       -98.286511159474159        0.0000000000000000     
   86.461047370458303        4.6463963976273011       -29.534699947713698       -81.127216221877546        0.0000000000000000     
   312.60931119110006       -230.72108334464471        76.392811287496642        179.41372738135166        80.419002445756163     

 PASSED   1.0000000000000001E-005
 MU_R    =    325.00000000000000     
 ALPHA_S =   0.11799999999999999     
 BORN                    3.4394346754898058E-008
 SINGLE POLE (MadFKS)   -1.9585737941974104E-010
 DOUBLE POLE (MadFKS)   -1.7224948678776757E-009
 SINGLE POLE (MadLoop)  -1.9585737941977940E-010
 DOUBLE POLE (MadLoop)  -1.7224948678776747E-009
 FINITE PART (MadLoop)   4.0833427074948942E-009
   325.00000000000000        0.0000000000000000        0.0000000000000000        325.00000000000000        0.0000000000000000     
   325.00000000000000        0.0000000000000000        0.0000000000000000       -325.00000000000000        0.0000000000000000     
   217.63181099521603        90.410042972384744        162.50824097818409       -113.05176204272793        0.0000000000000000     
   193.77598286634472       -184.00236219853912        32.207234159665497        51.526268145092430        0.0000000000000000     
   238.59220613843920        93.592319226154444       -194.71547513784969        61.525493897635485        80.419002445756163     

 PASSED   1.0000000000000001E-005
 MU_R    =    325.00000000000000     
 ALPHA_S =   0.11799999999999999     
 BORN                    7.3508781210631004E-009
 SINGLE POLE (MadFKS)   -4.1859312970388300E-011
 DOUBLE POLE (MadFKS)   -3.6813752934913127E-010
 SINGLE POLE (MadLoop)  -4.1859312970637966E-011
 DOUBLE POLE (MadLoop)  -3.6813752934912171E-010
 FINITE PART (MadLoop)   5.3786114903993365E-010
   325.00000000000000        0.0000000000000000        0.0000000000000000        325.00000000000000        0.0000000000000000     
   325.00000000000000        0.0000000000000000        0.0000000000000000       -325.00000000000000        0.0000000000000000     
   238.07570460554615       -61.744499965800323       -48.336727246168785       -224.79150038764828        0.0000000000000000     
   114.98824970714121        38.544798122587345        92.320100398583662       -56.688580603118645        0.0000000000000000     
   296.93604568731263        23.199701843212981       -43.983373152414870        281.48008099076696        80.419002445756163     

 NUMBER OF POINTS PASSING THE CHECK          20
 NUMBER OF POINTS FAILING THE CHECK           0
 TOLERANCE    1.0000000000000001E-005
