==== LHAPDF6 USING DEFAULT-TYPE LHAGLUE INTERFACE ====
LHAPDF 6.2.1 loading /cvmfs/cms.cern.ch/slc7_amd64_gcc700/external/lhapdf/6.2.1-pafccj3/share/LHAPDF/NNPDF31_nnlo_as_0118_nf_4_mc_hessian/NNPDF31_nnlo_as_0118_nf_4_mc_hessian_0000.dat
NNPDF31_nnlo_as_0118_nf_4_mc_hessian PDF set, member #0, version 1; LHAPDF ID = 325500
 A PDF is used, so alpha_s(MZ) is going to be modified
 Old value of alpha_s from param_card:   0.11799999999999999     
 New value of alpha_s from PDF lhapdf :  0.11266013434007299     
 *****************************************************
 *               MadGraph/MadEvent                   *
 *        --------------------------------           *
 *          http://madgraph.hep.uiuc.edu             *
 *          http://madgraph.phys.ucl.ac.be           *
 *          http://madgraph.roma2.infn.it            *
 *        --------------------------------           *
 *                                                   *
 *          PARAMETER AND COUPLING VALUES            *
 *                                                   *
 *****************************************************

  External Params
  ---------------------------------
  
 MU_R =    91.188000000000002     
 aEWM1 =    132.50700000000001     
 mdl_Gf =    1.1663900000000000E-005
 aS =   0.11799999999999999     
 mdl_ymb =    4.7000000000000002     
 mdl_ymt =    173.00000000000000     
 mdl_ymtau =    1.7769999999999999     
 mdl_MT =    173.00000000000000     
 mdl_MB =    4.7000000000000002     
 mdl_MZ =    91.188000000000002     
 mdl_MH =    125.00000000000000     
 mdl_MTA =    1.7769999999999999     
 mdl_WT =    1.4915000000000000     
 mdl_WZ =    2.4414039999999999     
 mdl_WW =    2.0476000000000001     
 mdl_WH =    6.3823389999999999E-003
  Internal Params
  ---------------------------------
  
 mdl_conjg__CKM3x3 =    1.0000000000000000     
 mdl_CKM22 =    1.0000000000000000     
 mdl_lhv =    1.0000000000000000     
 mdl_CKM3x3 =    1.0000000000000000     
 mdl_conjg__CKM22 =    1.0000000000000000     
 mdl_conjg__CKM33 =    1.0000000000000000     
 mdl_Ncol =    3.0000000000000000     
 mdl_CA =    3.0000000000000000     
 mdl_TF =   0.50000000000000000     
 mdl_CF =    1.3333333333333333     
 mdl_complexi =                (0.0000000000000000,1.0000000000000000)
 mdl_MZ__exp__2 =    8315.2513440000002     
 mdl_MZ__exp__4 =    69143404.913893804     
 mdl_sqrt__2 =    1.4142135623730951     
 mdl_MH__exp__2 =    15625.000000000000     
 mdl_Ncol__exp__2 =    9.0000000000000000     
 mdl_MB__exp__2 =    22.090000000000003     
 mdl_MT__exp__2 =    29929.000000000000     
 mdl_aEW =    7.5467711139788835E-003
 mdl_MW =    80.419002445756163     
 mdl_sqrt__aEW =    8.6872153846781555E-002
 mdl_ee =   0.30795376724436879     
 mdl_MW__exp__2 =    6467.2159543705357     
 mdl_sw2 =   0.22224648578577766     
 mdl_cw =   0.88190334743339216     
 mdl_sqrt__sw2 =   0.47143025548407230     
 mdl_sw =   0.47143025548407230     
 mdl_g1 =   0.34919219678733299     
 mdl_gw =   0.65323293034757990     
 mdl_v =    246.21845810181637     
 mdl_v__exp__2 =    60623.529110035903     
 mdl_lam =   0.12886910601690263     
 mdl_yb =    2.6995554250465490E-002
 mdl_yt =   0.99366614581500623     
 mdl_ytau =    1.0206617000654717E-002
 mdl_muH =    88.388347648318430     
 mdl_AxialZUp =  -0.18517701861793787     
 mdl_AxialZDown =   0.18517701861793787     
 mdl_VectorZUp =    7.5430507588273299E-002
 mdl_VectorZDown =  -0.13030376310310560     
 mdl_VectorAUp =   0.20530251149624587     
 mdl_VectorADown =  -0.10265125574812294     
 mdl_VectorWmDxU =   0.23095271737156670     
 mdl_AxialWmDxU =  -0.23095271737156670     
 mdl_VectorWpUxD =   0.23095271737156670     
 mdl_AxialWpUxD =  -0.23095271737156670     
 mdl_I1x33 =          (2.69955542504654901E-002,0.0000000000000000)
 mdl_I2x33 =               (0.99366614581500623,0.0000000000000000)
 mdl_I3x33 =               (0.99366614581500623,0.0000000000000000)
 mdl_I4x33 =          (2.69955542504654901E-002,0.0000000000000000)
 mdl_Vector_tbGp =              (-0.96667059156454072,0.0000000000000000)
 mdl_Axial_tbGp =              (-1.0206617000654716,-0.0000000000000000)
 mdl_Vector_tbGm =               (0.96667059156454072,0.0000000000000000)
 mdl_Axial_tbGm =              (-1.0206617000654716,-0.0000000000000000)
 mdl_gw__exp__2 =   0.42671326129048615     
 mdl_cw__exp__2 =   0.77775351421422245     
 mdl_ee__exp__2 =    9.4835522759998875E-002
 mdl_sw__exp__2 =   0.22224648578577769     
 mdl_yb__exp__2 =    7.2875994928982540E-004
 mdl_yt__exp__2 =   0.98737240933884918     
  Internal Params evaluated point by point
  ----------------------------------------
  
 mdl_sqrt__aS =   0.34351128074635334     
 mdl_G__exp__4 =    2.1987899468922913     
 mdl_G__exp__2 =    1.4828317324943823     
 mdl_R2MixedFactor_FIN_ =   -2.5040377713124864E-002
 mdl_G_UVg_1EPS_ =   -5.1645779033320030E-002
 mdl_G_UVq_1EPS_ =    3.1300472141406080E-003
 mdl_GWcft_UV_b_1EPS_ =   -3.1300472141406080E-003
 mdl_GWcft_UV_t_1EPS_ =   -3.1300472141406080E-003
 mdl_bWcft_UV_1EPS_ =   -1.8780283284843650E-002
 mdl_tWcft_UV_1EPS_ =   -1.8780283284843650E-002
 mdl_G__exp__3 =    1.8056676068262196     
 mdl_MU_R__exp__2 =    8315.2513440000002     
 mdl_G_UVb_FIN_ =    1.8563438626678915E-002
 mdl_G_UVt_FIN_ =   -4.0087659331150384E-003
 mdl_GWcft_UV_b_FIN_ =   -1.8563438626678915E-002
 mdl_GWcft_UV_t_FIN_ =    4.0087659331150384E-003
 mdl_bWcft_UV_FIN_ =  -0.13642100947319838     
 mdl_tWcft_UV_FIN_ =   -9.8778211443463623E-004
  Couplings of loop_sm
  ---------------------------------
  
      UV_GQQb =   0.00000E+00   0.22605E-01
      UV_GQQt =   0.00000E+00  -0.48815E-02
   UVWfct_G_2 =   0.40088E-02   0.00000E+00
   UVWfct_G_1 =  -0.18563E-01   0.00000E+00
       R2_DDA =   0.00000E+00   0.25704E-02
       R2_UUA =  -0.00000E+00  -0.51409E-02
    R2_UUZ_V2 =  -0.00000E+00  -0.72127E-02
    R2_UUZ_V5 =   0.00000E+00   0.68702E-03
      R2_sxcW =  -0.00000E+00  -0.11566E-01
      R2_GGHb =   0.00000E+00  -0.33698E-02
      R2_GGHt =   0.00000E+00  -0.45657E+01
     R2_GGZup =  -0.46369E-02   0.00000E+00
    R2_GGWWcs =   0.00000E+00   0.13356E-02
         GC_4 =  -0.12177E+01   0.00000E+00
         GC_5 =   0.00000E+00   0.12177E+01
       R2_GQQ =  -0.00000E+00  -0.30492E-01
       R2_QQq =   0.00000E+00   0.12520E-01
 UV_GQQg_1eps =   0.00000E+00  -0.62890E-01
 UV_GQQq_1eps =   0.00000E+00   0.38115E-02
 UVWfct_G_2_1eps -0.31300E-02   0.00000E+00
         GC_1 =  -0.00000E+00  -0.10265E+00
         GC_2 =   0.00000E+00   0.20530E+00
         GC_7 =   0.00000E+00   0.57609E+00
        GC_22 =   0.00000E+00   0.28804E+00
        GC_23 =  -0.00000E+00  -0.27437E-01
        GC_24 =   0.00000E+00   0.82310E-01
        GC_25 =   0.00000E+00   0.30795E+00
        GC_28 =   0.00000E+00   0.37035E+00
        GC_31 =   0.00000E+00   0.52532E+02
        GC_33 =  -0.00000E+00  -0.19089E-01
        GC_37 =  -0.00000E+00  -0.70263E+00
        GC_38 =  -0.00000E+00  -0.72172E-02
        GC_47 =   0.00000E+00   0.46191E+00

 Collider parameters:
 --------------------

 Running at P P   machine @    13000.000000000000       GeV
 PDF set = lhapdf 
 alpha_s(Mz)= 0.1127 running at 3 loops.
 alpha_s(Mz)= 0.1127 running at 3 loops.
 Renormalization scale set on event-by-event basis
 Factorization   scale set on event-by-event basis


 ===============================================================
 INFO: MadFKS read these parameters from FKS_params.dat
 ===============================================================
  > IRPoleCheckThreshold      =    1.0000000000000001E-005
  > PrecisionVirtualAtRunTime =    1.0000000000000000E-003
  > NHelForMCoverHels         =            4
  > VirtualFraction           =    1.0000000000000000     
  > MinVirtualFraction        =    5.0000000000000001E-003
 ===============================================================
  Insert the number of points to test
 Insert the relative tolerance
  A negative number will mean use the default one:    1.0000000000000001E-005
Using random seed offsets:     1 ,     50 ,      0
  with seed                   32
 Ranmar initialization seeds       10730        9456
  ========================================================================================== 
 {                                                                                          }
 {       [32m                                                                            [0m       }
 {       [32m                               ,,                                           [0m       }
 {       [32m`7MMM.     ,MMF'             `7MM  `7MMF'                                   [0m       }
 {       [32m  MMMb    dPMM                 MM    MM                                     [0m       }
 {       [32m  M YM   ,M MM   ,6"Yb.   ,M""bMM    MM         ,pW"Wq.   ,pW"Wq.`7MMpdMAo. [0m       }
 {       [32m  M  Mb  M' MM  8)   MM ,AP    MM    MM        6W'   `Wb 6W'   `Wb MM   `Wb [0m       }
 {       [32m  M  YM.P'  MM   ,pm9MM 8MI    MM    MM      , 8M     M8 8M     M8 MM    M8 [0m       }
 {       [32m  M  `YM'   MM  8M   MM `Mb    MM    MM     ,M YA.   ,A9 YA.   ,A9 MM   ,AP [0m       }
 {       [32m.JML. `'  .JMML.`Moo9^Yo.`Wbmd"MML..JMMmmmmMMM  `Ybmd9'   `Ybmd9'  MMbmmd'  [0m       }
 {       [32m                                                                   MM       [0m       }
 {       [32m                                                                 .JMML.     [0m       }
 {       [32m[0mv2.6.5 (2018-02-03), Ref: arXiv:1103.0621v2, arXiv:1405.0301[32m                [0m       }
 {       [32m                                                                            [0m       }
 {                                                                                          }
  ========================================================================================== 
 ===============================================================
 INFO: MadLoop read these parameters from ./MadLoop5_resources/MadLoopParams.dat                                                                                                                                                                                                                                                                                                                                                                                                                                                                                          
 ===============================================================
  > MLReductionLib            = 6|7|1
  > CTModeRun                 =           -1
  > MLStabThres               =    1.0000000000000000E-003
  > NRotations_DP             =            0
  > NRotations_QP             =            0
  > CTStabThres               =    1.0000000000000000E-002
  > CTLoopLibrary             =            2
  > CTModeInit                =            1
  > CheckCycle                =            3
  > MaxAttempts               =           10
  > UseLoopFilter             =  F
  > HelicityFilterLevel       =            2
  > ImprovePSPoint            =            2
  > DoubleCheckHelicityFilter =  T
  > LoopInitStartOver         =  F
  > HelInitStartOver          =  F
  > ZeroThres                 =    1.0000000000000001E-009
  > OSThres                   =    1.0000000000000000E-008
  > WriteOutFilters           =  T
  > UseQPIntegrandForNinja    =  T
  > UseQPIntegrandForCutTools =  T
  > IREGIMODE                 =            2
  > IREGIRECY                 =  T
  > COLLIERMode               =            1
  > COLLIERRequiredAccuracy   =    1.0000000000000000E-008
  > COLLIERCanOutput          =  F
  > COLLIERComputeUVpoles     =  T
  > COLLIERComputeIRpoles     =  T
  > COLLIERGlobalCache        =           -1
  > COLLIERUseCacheForPoles   =  F
  > COLLIERUseInternalStabilityTest =  T
 ===============================================================
  
------------------------------------------------------------------------
|              You are using CutTools - Version 1.9.3                  |
|              Authors: G. Ossola, C. Papadopoulos, R. Pittau          |
|              Published in JHEP 0803:042,2008                         |
|              http://www.ugr.es/~pittau/CutTools                      |
|                                                                      |
|              Compiler with  34  significant digits detetected        |
 ---------------------------------------------------------------------- 
   
########################################################################
#                                                                      #

  +----------------------------------------------------------------+
  |                                                                |
  |  Ninja - version 1.1.0                                         |
  |                                                                |
  |  Author: Tiziano Peraro                                        |
  |                                                                |
  |  Based on:                                                     |
  |                                                                |
  |      P. Mastrolia, E. Mirabella and T. Peraro,                 |
  |      "Integrand reduction of one-loop scattering amplitudes    |
  |      through Laurent series expansion,"                        |
  |      JHEP 1206 (2012) 095  [arXiv:1203.0291 [hep-ph]].         |
  |                                                                |
  |      T. Peraro,                                                |
  |      "Ninja: Automated Integrand Reduction via Laurent         |
  |      Expansion for One-Loop Amplitudes,"                       |
  |      Comput.Phys.Commun. 185 (2014) [arXiv:1403.1229 [hep-ph]] |
  |                                                                |
  +----------------------------------------------------------------+


#                      You are using OneLOop-3.6                       #
#                                                                      #
# for the evaluation of 1-loop scalar 1-, 2-, 3- and 4-point functions #
#                                                                      #
# author: Andreas van Hameren <hamerenREMOVETHIS@ifj.edu.pl>           #
#   date: 18-02-2015                                                   #
#                                                                      #
# Please cite                                                          #
#    A. van Hameren,                                                   #
#      Comput.Phys.Commun. 182 (2011) 2427-2438, arXiv:1007.4716       #
#    A. van Hameren, C.G. Papadopoulos and R. Pittau,                  #
#      JHEP 0909:106,2009, arXiv:0903.4665                             #
# in publications with results obtained with the help of this program. #
#                                                                      #
########################################################################
########################################################################
#                                                                      #
#                      You are using OneLOop-3.6                       #
#                                                                      #
# for the evaluation of 1-loop scalar 1-, 2-, 3- and 4-point functions #
#                                                                      #
# author: Andreas van Hameren <hamerenREMOVETHIS@ifj.edu.pl>           #
#   date: 18-02-2015                                                   #
#                                                                      #
# Please cite                                                          #
#    A. van Hameren,                                                   #
#      Comput.Phys.Commun. 182 (2011) 2427-2438, arXiv:1007.4716       #
#    A. van Hameren, C.G. Papadopoulos and R. Pittau,                  #
#      JHEP 0909:106,2009, arXiv:0903.4665                             #
# in publications with results obtained with the help of this program. #
#                                                                      #
########################################################################
 PASSED   1.0000000000000001E-005
 MU_R    =    325.00000000000000     
 ALPHA_S =   0.11799999999999999     
 BORN                    3.5012166045722376E-012
 SINGLE POLE (MadFKS)   -2.8235556588419433E-013
 DOUBLE POLE (MadFKS)   -3.7260509149430180E-013
 SINGLE POLE (MadLoop)  -2.8235556588419146E-013
 DOUBLE POLE (MadLoop)  -3.7260509149430064E-013
 FINITE PART (MadLoop)   5.2260170583671907E-013
   325.00000000000000        0.0000000000000000        0.0000000000000000        325.00000000000000        0.0000000000000000     
   325.00000000000000        0.0000000000000000        0.0000000000000000       -325.00000000000000        0.0000000000000000     
   124.96619010003913        76.814222714060108       -14.069984309720750       -97.544870031581397        1.7769999999999999     
   170.67709608651049       -143.87985719297896        20.772775702398224        89.430138165328685        0.0000000000000000     
   215.37698389636731        192.86909423558907        52.104317481079313        2.5849229195261656        80.419002445756163     
   138.97972991708301       -125.80345975667019       -58.807108873756818        5.5298089467265754        0.0000000000000000     

 PASSED   1.0000000000000001E-005
 MU_R    =    325.00000000000000     
 ALPHA_S =   0.11799999999999999     
 BORN                    1.3097666454952042E-011
 SINGLE POLE (MadFKS)   -6.9140153646699403E-013
 DOUBLE POLE (MadFKS)   -1.3938746895682281E-012
 SINGLE POLE (MadLoop)  -6.9140153647160340E-013
 DOUBLE POLE (MadLoop)  -1.3938746895671642E-012
 FINITE PART (MadLoop)   3.6674742685231681E-012
   325.00000000000000        0.0000000000000000        0.0000000000000000        325.00000000000000        0.0000000000000000     
   325.00000000000000        0.0000000000000000        0.0000000000000000       -325.00000000000000        0.0000000000000000     
   201.02564297252573       -156.41052010765847        79.587842438888075       -98.028954595526912        1.7769999999999999     
   73.630493393727974       -53.712686964034930        26.953608947605634       -42.542916933456318        0.0000000000000000     
   145.58741225002493        7.7255344846050908       0.43798883771372865        121.11400800069906        80.419002445756163     
   229.75645138372136        202.39767258708835       -106.97944022420747        19.457863528284186        0.0000000000000000     

 PASSED   1.0000000000000001E-005
 MU_R    =    325.00000000000000     
 ALPHA_S =   0.11799999999999999     
 BORN                    3.9019422722048557E-012
 SINGLE POLE (MadFKS)   -5.9178039580687795E-013
 DOUBLE POLE (MadFKS)   -4.1525096032097758E-013
 SINGLE POLE (MadLoop)  -5.9178039580688471E-013
 DOUBLE POLE (MadLoop)  -4.1525096032097879E-013
 FINITE PART (MadLoop)   3.2141175025667306E-013
   325.00000000000000        0.0000000000000000        0.0000000000000000        325.00000000000000        0.0000000000000000     
   325.00000000000000        0.0000000000000000        0.0000000000000000       -325.00000000000000        0.0000000000000000     
   65.156310919594461        41.111882428347592       -25.203463137205411       -43.781111140994533        1.7769999999999999     
   248.57956129895555       -153.52835214282848        146.24787268506586        129.73975149884313        0.0000000000000000     
   157.06248015742662       -6.2948715400780655       -125.85242249556283        48.196981888119886        80.419002445756163     
   179.20164762402331        118.71134125455897        4.8080129477023901       -134.15562224596852        0.0000000000000000     

 PASSED   1.0000000000000001E-005
 MU_R    =    325.00000000000000     
 ALPHA_S =   0.11799999999999999     
 BORN                    2.8110872602826260E-011
 SINGLE POLE (MadFKS)   -2.1225949529578405E-012
 DOUBLE POLE (MadFKS)   -2.9916041882362880E-012
 SINGLE POLE (MadLoop)  -2.1225949529576281E-012
 DOUBLE POLE (MadLoop)  -2.9916041882363247E-012
 FINITE PART (MadLoop)   2.5914174889533657E-012
   325.00000000000000        0.0000000000000000        0.0000000000000000        325.00000000000000        0.0000000000000000     
   325.00000000000000        0.0000000000000000        0.0000000000000000       -325.00000000000000        0.0000000000000000     
   106.08001841399786       -70.319235029947734        78.829637978808051       -9.5344605850127842        1.7769999999999999     
   200.34855720487809       -79.785866311870521        132.27006321426538        127.58679511702951        0.0000000000000000     
   119.47667407826093        57.534203169988459       -13.871307581318140       -65.611447065366605        80.419002445756163     
   224.09475030286313        92.570898171829811       -197.22839361175525       -52.440887466650111        0.0000000000000000     

 PASSED   1.0000000000000001E-005
 MU_R    =    325.00000000000000     
 ALPHA_S =   0.11799999999999999     
 BORN                    9.3588824486521007E-013
 SINGLE POLE (MadFKS)   -1.1635431299665725E-013
 DOUBLE POLE (MadFKS)   -9.9598729381967998E-014
 SINGLE POLE (MadLoop)  -1.1635431299666218E-013
 DOUBLE POLE (MadLoop)  -9.9598729381968288E-014
 FINITE PART (MadLoop)   3.0282180807803977E-014
   325.00000000000000        0.0000000000000000        0.0000000000000000        325.00000000000000        0.0000000000000000     
   325.00000000000000        0.0000000000000000        0.0000000000000000       -325.00000000000000        0.0000000000000000     
   222.53784856485174        218.37419621714483        39.459754952424845       -16.600436153408275        1.7769999999999999     
   152.24178221355524       -52.546014436280501        6.2789662842237373E-002   142.88622283439375        0.0000000000000000     
   168.82559654146786       -112.05826500449867        43.499966219588408       -87.095144963931048        80.419002445756163     
   106.39477268012514       -53.769916776365633       -83.022510834855481       -39.190641717054433        0.0000000000000000     

 PASSED   1.0000000000000001E-005
 MU_R    =    325.00000000000000     
 ALPHA_S =   0.11799999999999999     
 BORN                    3.3678877330868579E-011
 SINGLE POLE (MadFKS)   -6.7295600005752842E-012
 DOUBLE POLE (MadFKS)   -3.5841601896055281E-012
 SINGLE POLE (MadLoop)  -6.7295600005744570E-012
 DOUBLE POLE (MadLoop)  -3.5841601896056032E-012
 FINITE PART (MadLoop)   9.4211063051838730E-013
   325.00000000000000        0.0000000000000000        0.0000000000000000        325.00000000000000        0.0000000000000000     
   325.00000000000000        0.0000000000000000        0.0000000000000000       -325.00000000000000        0.0000000000000000     
   53.703664221599347        1.2632829467782705        8.2667939968190236        53.018770780138091        1.7769999999999999     
   231.99682253133588        72.219166944574653       -154.89004601492312        156.89484132999024        0.0000000000000000     
   168.90488240043490        11.627798723900543        144.10837399737989       -34.047234616073496        80.419002445756163     
   195.39463084662989       -85.110248615253468        2.5148780207242032       -175.86637749405483        0.0000000000000000     

 PASSED   1.0000000000000001E-005
 MU_R    =    325.00000000000000     
 ALPHA_S =   0.11799999999999999     
 BORN                    2.0437694000840056E-012
 SINGLE POLE (MadFKS)   -2.5376596055858992E-013
 DOUBLE POLE (MadFKS)   -2.1750122038067798E-013
 SINGLE POLE (MadLoop)  -2.5376596055860703E-013
 DOUBLE POLE (MadLoop)  -2.1750122038066534E-013
 FINITE PART (MadLoop)   1.9995211072858189E-013
   325.00000000000000        0.0000000000000000        0.0000000000000000        325.00000000000000        0.0000000000000000     
   325.00000000000000        0.0000000000000000        0.0000000000000000       -325.00000000000000        0.0000000000000000     
   190.14687420718977       -168.71033045657595       -87.610128192346124        3.7370947430418817        1.7769999999999999     
   290.53012771940621        262.77582293333177        119.54490283441150        32.644114334377150        0.0000000000000000     
   138.19858214495463       -97.080448879384008       -8.0110791201844513       -56.061048948558700        80.419002445756163     
   31.124415928449341        3.0149564026282065       -23.923695521880894        19.679839871139670        0.0000000000000000     

 PASSED   1.0000000000000001E-005
 MU_R    =    325.00000000000000     
 ALPHA_S =   0.11799999999999999     
 BORN                    6.2166376585243562E-011
 SINGLE POLE (MadFKS)   -8.7016224297241367E-012
 DOUBLE POLE (MadFKS)   -6.6158455906911564E-012
 SINGLE POLE (MadLoop)  -8.7016224297239946E-012
 DOUBLE POLE (MadLoop)  -6.6158455906910821E-012
 FINITE PART (MadLoop)   1.8988992719128517E-013
   325.00000000000000        0.0000000000000000        0.0000000000000000        325.00000000000000        0.0000000000000000     
   325.00000000000000        0.0000000000000000        0.0000000000000000       -325.00000000000000        0.0000000000000000     
   37.446446548992455       -27.330938660417729        5.7897259935923300        24.871218205109169        1.7769999999999999     
   159.39715361438061       -33.109530659933412        86.959730317294415        129.41876549785508        0.0000000000000000     
   214.90551796532796       -62.179847367426241       -187.45034331136480        26.705824671604407        80.419002445756163     
   238.25088187129907        122.62031668777738        94.700887000477962       -180.99580837456870        0.0000000000000000     

 PASSED   1.0000000000000001E-005
 MU_R    =    325.00000000000000     
 ALPHA_S =   0.11799999999999999     
 BORN                    5.6801709333140053E-009
 SINGLE POLE (MadFKS)   -1.6975324880609066E-009
 DOUBLE POLE (MadFKS)   -6.0449290899250672E-010
 SINGLE POLE (MadLoop)  -1.6975324880610524E-009
 DOUBLE POLE (MadLoop)  -6.0449290899249710E-010
 FINITE PART (MadLoop)   1.3281229719613043E-009
   325.00000000000000        0.0000000000000000        0.0000000000000000        325.00000000000000        0.0000000000000000     
   325.00000000000000        0.0000000000000000        0.0000000000000000       -325.00000000000000        0.0000000000000000     
   70.907921162673446       -66.443267084337435        6.7981825777472267       -23.745579112982906        1.7769999999999999     
   85.587915695453972        62.525759675020694        37.848972698107957       -44.533986525479271        0.0000000000000000     
   285.71714684727590        25.168414760380792       -13.785998799283774        272.66017161245401        80.419002445756163     
   207.78701629459675       -21.250907351064011       -30.861156476571374       -204.38060597399181        0.0000000000000000     

 PASSED   1.0000000000000001E-005
 MU_R    =    325.00000000000000     
 ALPHA_S =   0.11799999999999999     
 BORN                    4.9113098131644986E-012
 SINGLE POLE (MadFKS)   -1.6712004232175498E-014
 DOUBLE POLE (MadFKS)   -5.2266947434821695E-013
 SINGLE POLE (MadLoop)  -1.6712004232038037E-014
 DOUBLE POLE (MadLoop)  -5.2266947434821917E-013
 FINITE PART (MadLoop)   4.5004574257446089E-013
   325.00000000000000        0.0000000000000000        0.0000000000000000        325.00000000000000        0.0000000000000000     
   325.00000000000000        0.0000000000000000        0.0000000000000000       -325.00000000000000        0.0000000000000000     
   183.72369277943508        11.578460853257333        8.3773359634042244       -183.15839332648147        1.7769999999999999     
   103.70196058197959        67.145858629733823       -39.972035307528721        68.174531100667906        0.0000000000000000     
   151.82897370625750       -49.791465738618513        79.560041923330090       -88.180672321562824        80.419002445756163     
   210.74537293232774       -28.932853744372654       -47.965342579205569        203.16453454737641        0.0000000000000000     

 PASSED   1.0000000000000001E-005
 MU_R    =    325.00000000000000     
 ALPHA_S =   0.11799999999999999     
 BORN                    3.4285622062690449E-012
 SINGLE POLE (MadFKS)   -8.1009501833082209E-013
 DOUBLE POLE (MadFKS)   -3.6487309379616682E-013
 SINGLE POLE (MadLoop)  -8.1009501833063569E-013
 DOUBLE POLE (MadLoop)  -3.6487309379617985E-013
 FINITE PART (MadLoop)  -1.9127377159174724E-013
   325.00000000000000        0.0000000000000000        0.0000000000000000        325.00000000000000        0.0000000000000000     
   325.00000000000000        0.0000000000000000        0.0000000000000000       -325.00000000000000        0.0000000000000000     
   195.03268126244726        157.52535450829183        23.971356670603573       -112.45321595146601        1.7769999999999999     
   267.34111147899768       -105.46194933967593       -107.76810692124221        220.76023704216581        0.0000000000000000     
   148.00956400837543       -29.276752824268325        92.863479744295205       -77.193658790255682        80.419002445756163     
   39.616643250179600       -22.786652344347551       -9.0667294936565810       -31.113362300444134        0.0000000000000000     

 PASSED   1.0000000000000001E-005
 MU_R    =    325.00000000000000     
 ALPHA_S =   0.11799999999999999     
 BORN                    1.8801885886618550E-010
 SINGLE POLE (MadFKS)   -1.0150793542976364E-011
 DOUBLE POLE (MadFKS)   -2.0009268783600002E-011
 SINGLE POLE (MadLoop)  -1.0150793542975355E-011
 DOUBLE POLE (MadLoop)  -2.0009268783599304E-011
 FINITE PART (MadLoop)   3.9381766577248284E-011
   325.00000000000000        0.0000000000000000        0.0000000000000000        325.00000000000000        0.0000000000000000     
   325.00000000000000        0.0000000000000000        0.0000000000000000       -325.00000000000000        0.0000000000000000     
   166.57083785106283        89.247283484428138       -138.43848509399874       -24.746606412473714        1.7769999999999999     
   127.99190918540641        5.5611423448074300       -20.158601839305231       -126.27206058598428        0.0000000000000000     
   147.02277016571102        25.847820559547372       -8.4916412357439945        120.03441670735026        80.419002445756163     
   208.41448279781974       -120.65624638878295        167.08872816904801        30.984250291107621        0.0000000000000000     

 PASSED   1.0000000000000001E-005
 MU_R    =    325.00000000000000     
 ALPHA_S =   0.11799999999999999     
 BORN                    1.4414777255648773E-011
 SINGLE POLE (MadFKS)   -9.6402203730665373E-013
 DOUBLE POLE (MadFKS)   -1.5340437353110286E-012
 SINGLE POLE (MadLoop)  -9.6402203730663233E-013
 DOUBLE POLE (MadLoop)  -1.5340437353110268E-012
 FINITE PART (MadLoop)   1.1885322065187128E-012
   325.00000000000000        0.0000000000000000        0.0000000000000000        325.00000000000000        0.0000000000000000     
   325.00000000000000        0.0000000000000000        0.0000000000000000       -325.00000000000000        0.0000000000000000     
   216.98971231299592        205.01885588510891       -42.251871710888466        57.126400106818522        1.7769999999999999     
   121.30008078862873       -1.5094140852739339       -90.239436116865448       -81.044897666399706        0.0000000000000000     
   126.24543874323537       -93.980470218986412       -17.082965559888546        18.615540663631766        80.419002445756163     
   185.46476815514001       -109.52897158084858        149.57427338764245        5.3029568959493814        0.0000000000000000     

 PASSED   1.0000000000000001E-005
 MU_R    =    325.00000000000000     
 ALPHA_S =   0.11799999999999999     
 BORN                    4.3932816159782058E-010
 SINGLE POLE (MadFKS)   -7.4708350069119752E-011
 DOUBLE POLE (MadFKS)   -4.6754008202294289E-011
 SINGLE POLE (MadLoop)  -7.4708350069120954E-011
 DOUBLE POLE (MadLoop)  -4.6754008202294677E-011
 FINITE PART (MadLoop)   4.7610720415525896E-011
   325.00000000000000        0.0000000000000000        0.0000000000000000        325.00000000000000        0.0000000000000000     
   325.00000000000000        0.0000000000000000        0.0000000000000000       -325.00000000000000        0.0000000000000000     
   125.96901525730544       -91.382604501736722       -65.573860247777404       -56.695004388211949        1.7769999999999999     
   99.371551726903348       -95.823255832398033        10.461108427701282        24.148998835465186        0.0000000000000000     
   237.38019179480474        119.27760945638896       -26.131598727490552        187.00837128984966        80.419002445756163     
   187.27924122098648        67.928250877745782        81.244350547566654       -154.46236573710291        0.0000000000000000     

 PASSED   1.0000000000000001E-005
 MU_R    =    325.00000000000000     
 ALPHA_S =   0.11799999999999999     
 BORN                    1.5830354809827813E-011
 SINGLE POLE (MadFKS)   -6.5981844004103706E-013
 DOUBLE POLE (MadFKS)   -1.6846917710262035E-012
 SINGLE POLE (MadLoop)  -6.5981844003757718E-013
 DOUBLE POLE (MadLoop)  -1.6846917710261908E-012
 FINITE PART (MadLoop)   1.4568286287494716E-012
   325.00000000000000        0.0000000000000000        0.0000000000000000        325.00000000000000        0.0000000000000000     
   325.00000000000000        0.0000000000000000        0.0000000000000000       -325.00000000000000        0.0000000000000000     
   240.67065605669458       -147.17694056948298        190.39291363290869       -2.9484844816349121        1.7769999999999999     
   133.11844094826861        76.137613570770654       -1.1700025106057566       -109.18889235801805        0.0000000000000000     
   95.190736054442922        19.780382598762255       -43.336635473839500        18.020343122988074        80.419002445756163     
   181.02016694059381        51.258944399950082       -145.88627564846342        94.117033716664864        0.0000000000000000     

 PASSED   1.0000000000000001E-005
 MU_R    =    325.00000000000000     
 ALPHA_S =   0.11799999999999999     
 BORN                    4.5171561349122047E-011
 SINGLE POLE (MadFKS)   -3.8758833664407451E-012
 DOUBLE POLE (MadFKS)   -4.8072300718128355E-012
 SINGLE POLE (MadLoop)  -3.8758833664406733E-012
 DOUBLE POLE (MadLoop)  -4.8072300718128072E-012
 FINITE PART (MadLoop)   5.5663714880864722E-012
   325.00000000000000        0.0000000000000000        0.0000000000000000        325.00000000000000        0.0000000000000000     
   325.00000000000000        0.0000000000000000        0.0000000000000000       -325.00000000000000        0.0000000000000000     
   192.10085414555570        171.08075627382340       -84.583373559801146        21.831357824740412        1.7769999999999999     
   114.56021224731853       -56.929839709601964       -87.683701263728778       -46.846601941687005        0.0000000000000000     
   136.49564487460231       -62.479563439601307       -17.457565594559636        89.192951914776089        80.419002445756163     
   206.84328873252343       -51.671353124620168        189.72464041808942       -64.177707797829370        0.0000000000000000     

 PASSED   1.0000000000000001E-005
 MU_R    =    325.00000000000000     
 ALPHA_S =   0.11799999999999999     
 BORN                    1.8407543374176366E-011
 SINGLE POLE (MadFKS)   -2.2680561393563089E-012
 DOUBLE POLE (MadFKS)   -1.9589603151554470E-012
 SINGLE POLE (MadLoop)  -2.2680561393562528E-012
 DOUBLE POLE (MadLoop)  -1.9589603151555092E-012
 FINITE PART (MadLoop)   5.8672123260657343E-013
   325.00000000000000        0.0000000000000000        0.0000000000000000        325.00000000000000        0.0000000000000000     
   325.00000000000000        0.0000000000000000        0.0000000000000000       -325.00000000000000        0.0000000000000000     
   109.63890475893028        19.803504669709532       -41.517758569744572        99.506927567275355        1.7769999999999999     
   123.62513872890271        57.383616943500030       -54.924098550155712        94.729292358144875        0.0000000000000000     
   159.79308975485404        106.39791806713146        86.770607584242526       -14.729571258990617        80.419002445756163     
   256.94286675731297       -183.58503968034103        9.6712495356577755       -179.50664866642958        0.0000000000000000     

 PASSED   1.0000000000000001E-005
 MU_R    =    325.00000000000000     
 ALPHA_S =   0.11799999999999999     
 BORN                    2.4614416250145956E-011
 SINGLE POLE (MadFKS)   -8.8826763881381692E-013
 DOUBLE POLE (MadFKS)   -2.6195056903898665E-012
 SINGLE POLE (MadLoop)  -8.8826763881425051E-013
 DOUBLE POLE (MadLoop)  -2.6195056903898370E-012
 FINITE PART (MadLoop)   4.0401273158946007E-012
   325.00000000000000        0.0000000000000000        0.0000000000000000        325.00000000000000        0.0000000000000000     
   325.00000000000000        0.0000000000000000        0.0000000000000000       -325.00000000000000        0.0000000000000000     
   164.40509616006474       -41.626286901570566       -150.08236002036807        52.615733045400901        1.7769999999999999     
   197.94885777205411        41.766164924048830       -7.6575428882527818       -193.34089013375481        0.0000000000000000     
   92.079674790851371       -31.011055660632589       -2.0858975528911170        32.332862747217476        80.419002445756163     
   195.56637127702976        30.871177638154375        159.82580046151199        108.39229434113641        0.0000000000000000     

 PASSED   1.0000000000000001E-005
 MU_R    =    325.00000000000000     
 ALPHA_S =   0.11799999999999999     
 BORN                    4.0310637144044171E-012
 SINGLE POLE (MadFKS)   -2.7170100626929498E-013
 DOUBLE POLE (MadFKS)   -4.2899227147602452E-013
 SINGLE POLE (MadLoop)  -2.7170100626927357E-013
 DOUBLE POLE (MadLoop)  -4.2899227147602598E-013
 FINITE PART (MadLoop)   5.0011381864749499E-013
   325.00000000000000        0.0000000000000000        0.0000000000000000        325.00000000000000        0.0000000000000000     
   325.00000000000000        0.0000000000000000        0.0000000000000000       -325.00000000000000        0.0000000000000000     
   86.842894198656708       -31.623015863485090        73.344545972634094       -34.045454726953189        1.7769999999999999     
   291.56940863873660       -50.089513012942319       -281.91667677191532       -55.015889504290406        0.0000000000000000     
Thanks for using LHAPDF 6.2.1. Please make sure to cite the paper:
  Eur.Phys.J. C75 (2015) 3, 132  (http://arxiv.org/abs/1412.7420)
   180.33833458753989        68.943099527262191        143.55773094821888        26.319686168526978        80.419002445756163     
   91.249362575066741        12.769429349165229        65.014399851062379        62.741658062716631        0.0000000000000000     

 PASSED   1.0000000000000001E-005
 MU_R    =    325.00000000000000     
 ALPHA_S =   0.11799999999999999     
 BORN                    8.3357764548643893E-012
 SINGLE POLE (MadFKS)   -1.1779303621951896E-012
 DOUBLE POLE (MadFKS)   -8.8710671158840331E-013
 SINGLE POLE (MadLoop)  -1.1779303621951894E-012
 DOUBLE POLE (MadLoop)  -8.8710671158839987E-013
 FINITE PART (MadLoop)   1.3997480565106756E-012
   325.00000000000000        0.0000000000000000        0.0000000000000000        325.00000000000000        0.0000000000000000     
   325.00000000000000        0.0000000000000000        0.0000000000000000       -325.00000000000000        0.0000000000000000     
   182.95642684552922       -160.63050652055395       -64.347821516534424        59.389347833681306        1.7769999999999999     
   166.43910386911469        153.30093697986990        64.131645030602058       -9.3771063509358701        0.0000000000000000     
   148.98826142136681        15.606922581122804       -114.47701727365732        48.802895105358296        80.419002445756163     
   151.61620786398936       -8.2773530404387472        114.69319375958970       -98.815136588103698        0.0000000000000000     

 NUMBER OF POINTS PASSING THE CHECK          20
 NUMBER OF POINTS FAILING THE CHECK           0
 TOLERANCE    1.0000000000000001E-005
