==== LHAPDF6 USING DEFAULT-TYPE LHAGLUE INTERFACE ====
LHAPDF 6.2.1 loading /cvmfs/cms.cern.ch/slc7_amd64_gcc700/external/lhapdf/6.2.1-pafccj3/share/LHAPDF/NNPDF31_nnlo_as_0118_nf_4_mc_hessian/NNPDF31_nnlo_as_0118_nf_4_mc_hessian_0000.dat
NNPDF31_nnlo_as_0118_nf_4_mc_hessian PDF set, member #0, version 1; LHAPDF ID = 325500
 A PDF is used, so alpha_s(MZ) is going to be modified
 Old value of alpha_s from param_card:   0.11799999999999999     
 New value of alpha_s from PDF lhapdf :  0.11266013434007299     
 *****************************************************
 *               MadGraph/MadEvent                   *
 *        --------------------------------           *
 *          http://madgraph.hep.uiuc.edu             *
 *          http://madgraph.phys.ucl.ac.be           *
 *          http://madgraph.roma2.infn.it            *
 *        --------------------------------           *
 *                                                   *
 *          PARAMETER AND COUPLING VALUES            *
 *                                                   *
 *****************************************************

  External Params
  ---------------------------------
  
 MU_R =    91.188000000000002     
 aEWM1 =    132.50700000000001     
 mdl_Gf =    1.1663900000000000E-005
 aS =   0.11799999999999999     
 mdl_ymb =    4.7000000000000002     
 mdl_ymt =    173.00000000000000     
 mdl_ymtau =    1.7769999999999999     
 mdl_MT =    173.00000000000000     
 mdl_MB =    4.7000000000000002     
 mdl_MZ =    91.188000000000002     
 mdl_MH =    125.00000000000000     
 mdl_MTA =    1.7769999999999999     
 mdl_WT =    1.4915000000000000     
 mdl_WZ =    2.4414039999999999     
 mdl_WW =    2.0476000000000001     
 mdl_WH =    6.3823389999999999E-003
  Internal Params
  ---------------------------------
  
 mdl_conjg__CKM3x3 =    1.0000000000000000     
 mdl_CKM22 =    1.0000000000000000     
 mdl_lhv =    1.0000000000000000     
 mdl_CKM3x3 =    1.0000000000000000     
 mdl_conjg__CKM22 =    1.0000000000000000     
 mdl_conjg__CKM33 =    1.0000000000000000     
 mdl_Ncol =    3.0000000000000000     
 mdl_CA =    3.0000000000000000     
 mdl_TF =   0.50000000000000000     
 mdl_CF =    1.3333333333333333     
 mdl_complexi =                (0.0000000000000000,1.0000000000000000)
 mdl_MZ__exp__2 =    8315.2513440000002     
 mdl_MZ__exp__4 =    69143404.913893804     
 mdl_sqrt__2 =    1.4142135623730951     
 mdl_MH__exp__2 =    15625.000000000000     
 mdl_Ncol__exp__2 =    9.0000000000000000     
 mdl_MB__exp__2 =    22.090000000000003     
 mdl_MT__exp__2 =    29929.000000000000     
 mdl_aEW =    7.5467711139788835E-003
 mdl_MW =    80.419002445756163     
 mdl_sqrt__aEW =    8.6872153846781555E-002
 mdl_ee =   0.30795376724436879     
 mdl_MW__exp__2 =    6467.2159543705357     
 mdl_sw2 =   0.22224648578577766     
 mdl_cw =   0.88190334743339216     
 mdl_sqrt__sw2 =   0.47143025548407230     
 mdl_sw =   0.47143025548407230     
 mdl_g1 =   0.34919219678733299     
 mdl_gw =   0.65323293034757990     
 mdl_v =    246.21845810181637     
 mdl_v__exp__2 =    60623.529110035903     
 mdl_lam =   0.12886910601690263     
 mdl_yb =    2.6995554250465490E-002
 mdl_yt =   0.99366614581500623     
 mdl_ytau =    1.0206617000654717E-002
 mdl_muH =    88.388347648318430     
 mdl_AxialZUp =  -0.18517701861793787     
 mdl_AxialZDown =   0.18517701861793787     
 mdl_VectorZUp =    7.5430507588273299E-002
 mdl_VectorZDown =  -0.13030376310310560     
 mdl_VectorAUp =   0.20530251149624587     
 mdl_VectorADown =  -0.10265125574812294     
 mdl_VectorWmDxU =   0.23095271737156670     
 mdl_AxialWmDxU =  -0.23095271737156670     
 mdl_VectorWpUxD =   0.23095271737156670     
 mdl_AxialWpUxD =  -0.23095271737156670     
 mdl_I1x33 =          (2.69955542504654901E-002,0.0000000000000000)
 mdl_I2x33 =               (0.99366614581500623,0.0000000000000000)
 mdl_I3x33 =               (0.99366614581500623,0.0000000000000000)
 mdl_I4x33 =          (2.69955542504654901E-002,0.0000000000000000)
 mdl_Vector_tbGp =              (-0.96667059156454072,0.0000000000000000)
 mdl_Axial_tbGp =              (-1.0206617000654716,-0.0000000000000000)
 mdl_Vector_tbGm =               (0.96667059156454072,0.0000000000000000)
 mdl_Axial_tbGm =              (-1.0206617000654716,-0.0000000000000000)
 mdl_gw__exp__2 =   0.42671326129048615     
 mdl_cw__exp__2 =   0.77775351421422245     
 mdl_ee__exp__2 =    9.4835522759998875E-002
 mdl_sw__exp__2 =   0.22224648578577769     
 mdl_yb__exp__2 =    7.2875994928982540E-004
 mdl_yt__exp__2 =   0.98737240933884918     
  Internal Params evaluated point by point
  ----------------------------------------
  
 mdl_sqrt__aS =   0.34351128074635334     
 mdl_G__exp__4 =    2.1987899468922913     
 mdl_G__exp__2 =    1.4828317324943823     
 mdl_R2MixedFactor_FIN_ =   -2.5040377713124864E-002
 mdl_G_UVg_1EPS_ =   -5.1645779033320030E-002
 mdl_G_UVq_1EPS_ =    3.1300472141406080E-003
 mdl_GWcft_UV_b_1EPS_ =   -3.1300472141406080E-003
 mdl_GWcft_UV_t_1EPS_ =   -3.1300472141406080E-003
 mdl_bWcft_UV_1EPS_ =   -1.8780283284843650E-002
 mdl_tWcft_UV_1EPS_ =   -1.8780283284843650E-002
 mdl_G__exp__3 =    1.8056676068262196     
 mdl_MU_R__exp__2 =    8315.2513440000002     
 mdl_G_UVb_FIN_ =    1.8563438626678915E-002
 mdl_G_UVt_FIN_ =   -4.0087659331150384E-003
 mdl_GWcft_UV_b_FIN_ =   -1.8563438626678915E-002
 mdl_GWcft_UV_t_FIN_ =    4.0087659331150384E-003
 mdl_bWcft_UV_FIN_ =  -0.13642100947319838     
 mdl_tWcft_UV_FIN_ =   -9.8778211443463623E-004
  Couplings of loop_sm
  ---------------------------------
  
      UV_GQQb =   0.00000E+00   0.22605E-01
      UV_GQQt =   0.00000E+00  -0.48815E-02
   UVWfct_G_2 =   0.40088E-02   0.00000E+00
   UVWfct_G_1 =  -0.18563E-01   0.00000E+00
       R2_DDA =   0.00000E+00   0.25704E-02
       R2_UUA =  -0.00000E+00  -0.51409E-02
    R2_UUZ_V2 =  -0.00000E+00  -0.72127E-02
    R2_UUZ_V5 =   0.00000E+00   0.68702E-03
      R2_sxcW =  -0.00000E+00  -0.11566E-01
      R2_GGHb =   0.00000E+00  -0.33698E-02
      R2_GGHt =   0.00000E+00  -0.45657E+01
     R2_GGZup =  -0.46369E-02   0.00000E+00
    R2_GGWWcs =   0.00000E+00   0.13356E-02
         GC_4 =  -0.12177E+01   0.00000E+00
         GC_5 =   0.00000E+00   0.12177E+01
       R2_GQQ =  -0.00000E+00  -0.30492E-01
       R2_QQq =   0.00000E+00   0.12520E-01
 UV_GQQg_1eps =   0.00000E+00  -0.62890E-01
 UV_GQQq_1eps =   0.00000E+00   0.38115E-02
 UVWfct_G_2_1eps -0.31300E-02   0.00000E+00
         GC_1 =  -0.00000E+00  -0.10265E+00
         GC_2 =   0.00000E+00   0.20530E+00
         GC_7 =   0.00000E+00   0.57609E+00
        GC_22 =   0.00000E+00   0.28804E+00
        GC_23 =  -0.00000E+00  -0.27437E-01
        GC_24 =   0.00000E+00   0.82310E-01
        GC_25 =   0.00000E+00   0.30795E+00
        GC_28 =   0.00000E+00   0.37035E+00
        GC_31 =   0.00000E+00   0.52532E+02
        GC_33 =  -0.00000E+00  -0.19089E-01
        GC_37 =  -0.00000E+00  -0.70263E+00
        GC_38 =  -0.00000E+00  -0.72172E-02
        GC_47 =   0.00000E+00   0.46191E+00

 Collider parameters:
 --------------------

 Running at P P   machine @    13000.000000000000       GeV
 PDF set = lhapdf 
 alpha_s(Mz)= 0.1127 running at 3 loops.
 alpha_s(Mz)= 0.1127 running at 3 loops.
 Renormalization scale set on event-by-event basis
 Factorization   scale set on event-by-event basis


 ===============================================================
 INFO: MadFKS read these parameters from FKS_params.dat
 ===============================================================
  > IRPoleCheckThreshold      =    1.0000000000000001E-005
  > PrecisionVirtualAtRunTime =    1.0000000000000000E-003
  > NHelForMCoverHels         =            4
  > VirtualFraction           =    1.0000000000000000     
  > MinVirtualFraction        =    5.0000000000000001E-003
 ===============================================================
  Insert the number of points to test
 Insert the relative tolerance
  A negative number will mean use the default one:    1.0000000000000001E-005
Using random seed offsets:     1 ,     51 ,      0
  with seed                   32
 Ranmar initialization seeds       10730        9457
  ========================================================================================== 
 {                                                                                          }
 {       [32m                                                                            [0m       }
 {       [32m                               ,,                                           [0m       }
 {       [32m`7MMM.     ,MMF'             `7MM  `7MMF'                                   [0m       }
 {       [32m  MMMb    dPMM                 MM    MM                                     [0m       }
 {       [32m  M YM   ,M MM   ,6"Yb.   ,M""bMM    MM         ,pW"Wq.   ,pW"Wq.`7MMpdMAo. [0m       }
 {       [32m  M  Mb  M' MM  8)   MM ,AP    MM    MM        6W'   `Wb 6W'   `Wb MM   `Wb [0m       }
 {       [32m  M  YM.P'  MM   ,pm9MM 8MI    MM    MM      , 8M     M8 8M     M8 MM    M8 [0m       }
 {       [32m  M  `YM'   MM  8M   MM `Mb    MM    MM     ,M YA.   ,A9 YA.   ,A9 MM   ,AP [0m       }
 {       [32m.JML. `'  .JMML.`Moo9^Yo.`Wbmd"MML..JMMmmmmMMM  `Ybmd9'   `Ybmd9'  MMbmmd'  [0m       }
 {       [32m                                                                   MM       [0m       }
 {       [32m                                                                 .JMML.     [0m       }
 {       [32m[0mv2.6.5 (2018-02-03), Ref: arXiv:1103.0621v2, arXiv:1405.0301[32m                [0m       }
 {       [32m                                                                            [0m       }
 {                                                                                          }
  ========================================================================================== 
 ===============================================================
 INFO: MadLoop read these parameters from ./MadLoop5_resources/MadLoopParams.dat                                                                                                                                                                                                                                                                                                                                                                                                                                                                                          
 ===============================================================
  > MLReductionLib            = 6|7|1
  > CTModeRun                 =           -1
  > MLStabThres               =    1.0000000000000000E-003
  > NRotations_DP             =            0
  > NRotations_QP             =            0
  > CTStabThres               =    1.0000000000000000E-002
  > CTLoopLibrary             =            2
  > CTModeInit                =            1
  > CheckCycle                =            3
  > MaxAttempts               =           10
  > UseLoopFilter             =  F
  > HelicityFilterLevel       =            2
  > ImprovePSPoint            =            2
  > DoubleCheckHelicityFilter =  T
  > LoopInitStartOver         =  F
  > HelInitStartOver          =  F
  > ZeroThres                 =    1.0000000000000001E-009
  > OSThres                   =    1.0000000000000000E-008
  > WriteOutFilters           =  T
  > UseQPIntegrandForNinja    =  T
  > UseQPIntegrandForCutTools =  T
  > IREGIMODE                 =            2
  > IREGIRECY                 =  T
  > COLLIERMode               =            1
  > COLLIERRequiredAccuracy   =    1.0000000000000000E-008
  > COLLIERCanOutput          =  F
  > COLLIERComputeUVpoles     =  T
  > COLLIERComputeIRpoles     =  T
  > COLLIERGlobalCache        =           -1
  > COLLIERUseCacheForPoles   =  F
  > COLLIERUseInternalStabilityTest =  T
 ===============================================================
  
------------------------------------------------------------------------
|              You are using CutTools - Version 1.9.3                  |
|              Authors: G. Ossola, C. Papadopoulos, R. Pittau          |
|              Published in JHEP 0803:042,2008                         |
|              http://www.ugr.es/~pittau/CutTools                      |
|                                                                      |
|              Compiler with  34  significant digits detetected        |
 ---------------------------------------------------------------------- 
   
########################################################################
#                                                                      #

  +----------------------------------------------------------------+
  |                                                                |
  |  Ninja - version 1.1.0                                         |
  |                                                                |
  |  Author: Tiziano Peraro                                        |
  |                                                                |
  |  Based on:                                                     |
  |                                                                |
  |      P. Mastrolia, E. Mirabella and T. Peraro,                 |
  |      "Integrand reduction of one-loop scattering amplitudes    |
  |      through Laurent series expansion,"                        |
  |      JHEP 1206 (2012) 095  [arXiv:1203.0291 [hep-ph]].         |
  |                                                                |
  |      T. Peraro,                                                |
  |      "Ninja: Automated Integrand Reduction via Laurent         |
  |      Expansion for One-Loop Amplitudes,"                       |
  |      Comput.Phys.Commun. 185 (2014) [arXiv:1403.1229 [hep-ph]] |
  |                                                                |
  +----------------------------------------------------------------+


#                      You are using OneLOop-3.6                       #
#                                                                      #
# for the evaluation of 1-loop scalar 1-, 2-, 3- and 4-point functions #
#                                                                      #
# author: Andreas van Hameren <hamerenREMOVETHIS@ifj.edu.pl>           #
#   date: 18-02-2015                                                   #
#                                                                      #
# Please cite                                                          #
#    A. van Hameren,                                                   #
#      Comput.Phys.Commun. 182 (2011) 2427-2438, arXiv:1007.4716       #
#    A. van Hameren, C.G. Papadopoulos and R. Pittau,                  #
#      JHEP 0909:106,2009, arXiv:0903.4665                             #
# in publications with results obtained with the help of this program. #
#                                                                      #
########################################################################
########################################################################
#                                                                      #
#                      You are using OneLOop-3.6                       #
#                                                                      #
# for the evaluation of 1-loop scalar 1-, 2-, 3- and 4-point functions #
#                                                                      #
# author: Andreas van Hameren <hamerenREMOVETHIS@ifj.edu.pl>           #
#   date: 18-02-2015                                                   #
#                                                                      #
# Please cite                                                          #
#    A. van Hameren,                                                   #
#      Comput.Phys.Commun. 182 (2011) 2427-2438, arXiv:1007.4716       #
#    A. van Hameren, C.G. Papadopoulos and R. Pittau,                  #
#      JHEP 0909:106,2009, arXiv:0903.4665                             #
# in publications with results obtained with the help of this program. #
#                                                                      #
########################################################################
 PASSED   1.0000000000000001E-005
 MU_R    =    325.00000000000000     
 ALPHA_S =   0.11799999999999999     
 BORN                    1.4534856172075160E-011
 SINGLE POLE (MadFKS)   -2.8082052134742425E-012
 DOUBLE POLE (MadFKS)   -1.5468227263575014E-012
 SINGLE POLE (MadLoop)  -2.8082052134740757E-012
 DOUBLE POLE (MadLoop)  -1.5468227263575044E-012
 FINITE PART (MadLoop)   2.2998883350818272E-012
   325.00000000000000        0.0000000000000000        0.0000000000000000        325.00000000000000        0.0000000000000000     
   325.00000000000000        0.0000000000000000        0.0000000000000000       -325.00000000000000        0.0000000000000000     
   206.47353128052347        161.59350981730006        33.465432135807859       -124.09239121049720        0.0000000000000000     
   181.79897382263175       -130.50781633083906        67.253361632282207        107.21735917600002        0.0000000000000000     
   136.52121519701245       -110.03208907995905       -6.0746286025264142       -5.1830979674105304        80.419002445756163     
   125.20627969983228        78.946395593498067       -94.644165165563606        22.058130001907656        0.0000000000000000     

 PASSED   1.0000000000000001E-005
 MU_R    =    325.00000000000000     
 ALPHA_S =   0.11799999999999999     
 BORN                    8.6929134512128618E-011
 SINGLE POLE (MadFKS)   -1.4846551987414462E-011
 DOUBLE POLE (MadFKS)   -9.2511380404496406E-012
 SINGLE POLE (MadLoop)  -1.4846551987440496E-011
 DOUBLE POLE (MadLoop)  -9.2511380404493821E-012
 FINITE PART (MadLoop)   8.6476199168364340E-012
   325.00000000000000        0.0000000000000000        0.0000000000000000        325.00000000000000        0.0000000000000000     
   325.00000000000000        0.0000000000000000        0.0000000000000000       -325.00000000000000        0.0000000000000000     
   42.180471987100958       -24.087860566953736       -29.833777776116168        17.575918012067572        0.0000000000000000     
   237.26287456637849       -2.2272101132759325       -32.937102104359788        234.95501375280188        0.0000000000000000     
   146.24890255030201       -66.552042096145058       -55.500591939879378       -86.093179346293923        80.419002445756163     
   224.30775089621864        92.867112776374725        118.27147182035534       -166.43775241857554        0.0000000000000000     

 PASSED   1.0000000000000001E-005
 MU_R    =    325.00000000000000     
 ALPHA_S =   0.11799999999999999     
 BORN                    1.2170800845877268E-008
 SINGLE POLE (MadFKS)   -2.6841576354938681E-009
 DOUBLE POLE (MadFKS)   -1.2952361635709422E-009
 SINGLE POLE (MadLoop)  -2.6841576354937539E-009
 DOUBLE POLE (MadLoop)  -1.2952361635709358E-009
 FINITE PART (MadLoop)   5.7024971989551754E-010
   325.00000000000000        0.0000000000000000        0.0000000000000000        325.00000000000000        0.0000000000000000     
   325.00000000000000        0.0000000000000000        0.0000000000000000       -325.00000000000000        0.0000000000000000     
   84.159139765817230        16.586581274029015        56.680071765648002       -59.958448882566849        0.0000000000000000     
   108.14002396464811        76.152998625699837        19.081288039460759       -74.369953812974529        0.0000000000000000     
   190.70998918430016       -12.013783556980533       -128.99729730268947       -114.53580363167197        80.419002445756163     
   266.99084708523446       -80.725796342748311        53.235937497580707        248.86420632721337        0.0000000000000000     

 PASSED   1.0000000000000001E-005
 MU_R    =    325.00000000000000     
 ALPHA_S =   0.11799999999999999     
 BORN                    3.5916317799884289E-011
 SINGLE POLE (MadFKS)   -6.3715946580305499E-012
 DOUBLE POLE (MadFKS)   -3.8222721960383631E-012
 SINGLE POLE (MadLoop)  -6.3715946580303205E-012
 DOUBLE POLE (MadLoop)  -3.8222721960383534E-012
 FINITE PART (MadLoop)   6.2885287024407779E-012
   325.00000000000000        0.0000000000000000        0.0000000000000000        325.00000000000000        0.0000000000000000     
   325.00000000000000        0.0000000000000000        0.0000000000000000       -325.00000000000000        0.0000000000000000     
   144.51837074882965       -115.78793373888492       -18.754639103082376        84.421427354013090        0.0000000000000000     
   135.61219685892181        118.07659995121729       -35.924676643962520        56.196103858629712        0.0000000000000000     
   175.15949570629900       -144.04372889266949        58.424051041711010       -7.1880044716958835        80.419002445756163     
   194.70993668594951        141.75506268033718       -3.7447352946659298       -133.42952674094681        0.0000000000000000     

 PASSED   1.0000000000000001E-005
 MU_R    =    325.00000000000000     
 ALPHA_S =   0.11799999999999999     
 BORN                    4.6830525928965872E-009
 SINGLE POLE (MadFKS)   -1.9178276328322364E-009
 DOUBLE POLE (MadFKS)   -4.9837797455037705E-010
 SINGLE POLE (MadLoop)  -1.9178276328322649E-009
 DOUBLE POLE (MadLoop)  -4.9837797455036392E-010
 FINITE PART (MadLoop)  -2.5514210030716597E-009
   325.00000000000000        0.0000000000000000        0.0000000000000000        325.00000000000000        0.0000000000000000     
   325.00000000000000        0.0000000000000000        0.0000000000000000       -325.00000000000000        0.0000000000000000     
   250.27115527465762        122.72152889614824        183.18054642728958       -118.40593278422860        0.0000000000000000     
   198.29684919062586       -33.826727567812881       -194.49775638238285       -18.655177919335451        0.0000000000000000     
   183.35531920995405       -90.720601008305721       -6.6639289577691896        137.39476602749912        80.419002445756163     
   18.076676324762449        1.8257996799703526        17.981138912862473      -0.33365532393503933        0.0000000000000000     

 PASSED   1.0000000000000001E-005
 MU_R    =    325.00000000000000     
 ALPHA_S =   0.11799999999999999     
 BORN                    2.9298143100928620E-010
 SINGLE POLE (MadFKS)   -4.2368412739619518E-011
 DOUBLE POLE (MadFKS)   -3.1179554205468533E-011
 SINGLE POLE (MadLoop)  -4.2368412739619104E-011
 DOUBLE POLE (MadLoop)  -3.1179554205468307E-011
 FINITE PART (MadLoop)   6.1642821213467088E-011
   325.00000000000000        0.0000000000000000        0.0000000000000000        325.00000000000000        0.0000000000000000     
   325.00000000000000        0.0000000000000000        0.0000000000000000       -325.00000000000000        0.0000000000000000     
   37.824353201311666        13.974607991366243        24.664756750147674        25.040802723580249        0.0000000000000000     
   245.42145374294805        200.26121193568318       -84.195241606322952       -114.18536789889632        0.0000000000000000     
   174.26843405360867       -41.438802408974468        137.80787920821339        56.516238694475071        80.419002445756163     
   192.48575900213160       -172.79701751807482       -78.277394352038115        32.628326480840990        0.0000000000000000     

 PASSED   1.0000000000000001E-005
 MU_R    =    325.00000000000000     
 ALPHA_S =   0.11799999999999999     
 BORN                    3.3889854711207781E-010
 SINGLE POLE (MadFKS)   -3.8615517049972328E-011
 DOUBLE POLE (MadFKS)   -3.6066127410991594E-011
 SINGLE POLE (MadLoop)  -3.8615517049967275E-011
 DOUBLE POLE (MadLoop)  -3.6066127410991439E-011
 FINITE PART (MadLoop)   5.0208187475228375E-011
   325.00000000000000        0.0000000000000000        0.0000000000000000        325.00000000000000        0.0000000000000000     
   325.00000000000000        0.0000000000000000        0.0000000000000000       -325.00000000000000        0.0000000000000000     
   182.67917955442621       -161.65221896932911        82.845016089219669        19.415098612865307        0.0000000000000000     
   130.51665319013395      -0.40555608220806300        119.50335017241264       -52.472674620106872        0.0000000000000000     
   87.741304733118838        18.991258102562867        1.4932473900414873        29.469016437836196        80.419002445756163     
   249.06286252232104        143.06651694897428       -203.84161365167378        3.5885595694053198        0.0000000000000000     

 PASSED   1.0000000000000001E-005
 MU_R    =    325.00000000000000     
 ALPHA_S =   0.11799999999999999     
 BORN                    1.2093407801497789E-010
 SINGLE POLE (MadFKS)   -2.9874582078912848E-011
 DOUBLE POLE (MadFKS)   -1.2869998715505112E-011
 SINGLE POLE (MadLoop)  -2.9874582078904272E-011
 DOUBLE POLE (MadLoop)  -1.2869998715505432E-011
 FINITE PART (MadLoop)   1.2416479645556118E-012
   325.00000000000000        0.0000000000000000        0.0000000000000000        325.00000000000000        0.0000000000000000     
   325.00000000000000        0.0000000000000000        0.0000000000000000       -325.00000000000000        0.0000000000000000     
   79.681076212009700        69.154201231359323        39.315550822183795        4.5888802452279780        0.0000000000000000     
   243.52286447923080       -47.258842966275012        238.86426672016742        3.7214741562345255        0.0000000000000000     
   239.55998734825181       -59.666452856649542       -211.72363573200826       -50.346678737024540        80.419002445756163     
   87.236071960507758        37.771094591565230       -66.456181810342940        42.036324335562057        0.0000000000000000     

 PASSED   1.0000000000000001E-005
 MU_R    =    325.00000000000000     
 ALPHA_S =   0.11799999999999999     
 BORN                    6.4793097453032592E-011
 SINGLE POLE (MadFKS)   -2.0666386268366416E-011
 DOUBLE POLE (MadFKS)   -6.8953854420657898E-012
 SINGLE POLE (MadLoop)  -2.0666386268378497E-011
 DOUBLE POLE (MadLoop)  -6.8953854420657162E-012
 FINITE PART (MadLoop)  -1.2424116005598493E-011
   325.00000000000000        0.0000000000000000        0.0000000000000000        325.00000000000000        0.0000000000000000     
   325.00000000000000        0.0000000000000000        0.0000000000000000       -325.00000000000000        0.0000000000000000     
   138.68777630434414        54.922261690425614       -109.08213153915095       -65.718589804769721        0.0000000000000000     
   283.25773075968038       -2.9303858969444274        133.39693286593231        249.86318891661588        0.0000000000000000     
   177.10033419097053       -13.330999246915358       -35.949957756519787       -153.05945711574338        80.419002445756163     
   50.954158745004932       -38.660876546565831        11.635156429738402       -31.085141996102838        0.0000000000000000     

 PASSED   1.0000000000000001E-005
 MU_R    =    325.00000000000000     
 ALPHA_S =   0.11799999999999999     
 BORN                    6.5474260529275197E-011
 SINGLE POLE (MadFKS)   -1.3117901315434235E-011
 DOUBLE POLE (MadFKS)   -6.9678759100975226E-012
 SINGLE POLE (MadLoop)  -1.3117901316868157E-011
 DOUBLE POLE (MadLoop)  -6.9678759101008540E-012
 FINITE PART (MadLoop)   1.3767356727998623E-011
   325.00000000000000        0.0000000000000000        0.0000000000000000        325.00000000000000        0.0000000000000000     
   325.00000000000000        0.0000000000000000        0.0000000000000000       -325.00000000000000        0.0000000000000000     
   50.326596754087007        50.247533542592961        2.7884173259406944       0.42005065274165010        0.0000000000000000     
   152.46766585501121        21.882649160016715        109.51870075037162        103.79399300039238        0.0000000000000000     
   309.32287514216353       -177.60045288515877       -159.80811198654061       -179.25644091671501        80.419002445756163     
   137.88286224873826        105.47027018254899        47.500993910228281        75.042397263580995        0.0000000000000000     

 PASSED   1.0000000000000001E-005
 MU_R    =    325.00000000000000     
 ALPHA_S =   0.11799999999999999     
 BORN                    2.1079239871551831E-011
 SINGLE POLE (MadFKS)   -3.9716964121477940E-012
 DOUBLE POLE (MadFKS)   -2.2432865452291832E-012
 SINGLE POLE (MadLoop)  -3.9716964121465904E-012
 DOUBLE POLE (MadLoop)  -2.2432865452291864E-012
 FINITE PART (MadLoop)   3.9647783375632157E-012
   325.00000000000000        0.0000000000000000        0.0000000000000000        325.00000000000000        0.0000000000000000     
   325.00000000000000        0.0000000000000000        0.0000000000000000       -325.00000000000000        0.0000000000000000     
   217.75885444297961        32.127736000176618        178.84439545566065       -120.00587269763500        0.0000000000000000     
   119.68596120684312       -8.2131346426658549       -97.940141085355805        68.300823520130393        0.0000000000000000     
   183.75329997011875        99.124251998366361       -118.30292343536586        58.964907088438856        80.419002445756163     
   128.80188438005848       -123.03885335587719        37.398669065060993       -7.2598579109342349        0.0000000000000000     

 PASSED   1.0000000000000001E-005
 MU_R    =    325.00000000000000     
 ALPHA_S =   0.11799999999999999     
 BORN                    7.6535358174058185E-011
 SINGLE POLE (MadFKS)   -2.8450525408934296E-011
 DOUBLE POLE (MadFKS)   -8.1450156776227909E-012
 SINGLE POLE (MadLoop)  -2.8450525408935724E-011
 DOUBLE POLE (MadLoop)  -8.1450156776230623E-012
 FINITE PART (MadLoop)  -3.2858948022244551E-011
   325.00000000000000        0.0000000000000000        0.0000000000000000        325.00000000000000        0.0000000000000000     
   325.00000000000000        0.0000000000000000        0.0000000000000000       -325.00000000000000        0.0000000000000000     
   153.88404261640315       -93.442656905994980        4.9737423538266876       -122.16394856631499        0.0000000000000000     
   255.30937708858585       -61.665256931979208       -82.476506641415440        233.61913442418057        0.0000000000000000     
   191.58683405945959        132.50631097153820        88.818820341791067       -69.221338735703711        80.419002445756163     
   49.219746235551412        22.601602866435911       -11.316056054202377       -42.233847122161912        0.0000000000000000     

 PASSED   1.0000000000000001E-005
 MU_R    =    325.00000000000000     
 ALPHA_S =   0.11799999999999999     
 BORN                    1.3817479702349239E-010
 SINGLE POLE (MadFKS)   -1.8742747268042569E-011
 DOUBLE POLE (MadFKS)   -1.4704783708586096E-011
 SINGLE POLE (MadLoop)  -1.8742747268042369E-011
 DOUBLE POLE (MadLoop)  -1.4704783708586122E-011
 FINITE PART (MadLoop)   2.3582288945666057E-011
   325.00000000000000        0.0000000000000000        0.0000000000000000        325.00000000000000        0.0000000000000000     
   325.00000000000000        0.0000000000000000        0.0000000000000000       -325.00000000000000        0.0000000000000000     
   250.55421765010962       -196.47399263749401       -52.993719481897585        146.17473069862103        0.0000000000000000     
   78.228532341085213        25.292361848852028       -18.949558907025903       -71.560561216190180        0.0000000000000000     
   105.38531862032447        18.173314731032388       -65.105203288822779       -8.3601771957700581        80.419002445756163     
   215.83193138848068        153.00831605760959        137.04848167774628       -66.253992286660761        0.0000000000000000     

 PASSED   1.0000000000000001E-005
 MU_R    =    325.00000000000000     
 ALPHA_S =   0.11799999999999999     
 BORN                    2.6837421483335731E-010
 SINGLE POLE (MadFKS)   -8.9318144774534919E-011
 DOUBLE POLE (MadFKS)   -2.8560814758534985E-011
 SINGLE POLE (MadLoop)  -8.9318144774525096E-011
 DOUBLE POLE (MadLoop)  -2.8560814758534458E-011
 FINITE PART (MadLoop)  -7.0215397960513665E-011
   325.00000000000000        0.0000000000000000        0.0000000000000000        325.00000000000000        0.0000000000000000     
   325.00000000000000        0.0000000000000000        0.0000000000000000       -325.00000000000000        0.0000000000000000     
   150.19197941465856        85.459413325585487        6.0759254375161555        123.35883626484855        0.0000000000000000     
   235.41441799213413       -47.466826516657555       -208.71085303967808       -98.013409299252160        0.0000000000000000     
   209.93413252398477       -57.630419737765081        172.81728208363850       -66.468381793907440        80.419002445756163     
   54.459470069222476        19.637832928837110        29.817645518523420        41.122954828310917        0.0000000000000000     

 PASSED   1.0000000000000001E-005
 MU_R    =    325.00000000000000     
 ALPHA_S =   0.11799999999999999     
 BORN                    1.4248428771382010E-011
 SINGLE POLE (MadFKS)   -3.6427117185388831E-012
 DOUBLE POLE (MadFKS)   -1.5163406625793350E-012
 SINGLE POLE (MadLoop)  -3.6427117185389186E-012
 DOUBLE POLE (MadLoop)  -1.5163406625793338E-012
 FINITE PART (MadLoop)   6.1058471428816516E-013
   325.00000000000000        0.0000000000000000        0.0000000000000000        325.00000000000000        0.0000000000000000     
   325.00000000000000        0.0000000000000000        0.0000000000000000       -325.00000000000000        0.0000000000000000     
   242.25950811948607       -25.823647503958032       -222.22407773171747       -92.947661509982410        0.0000000000000000     
   160.17015316581819       -9.4779966686824686        65.320012890119315        145.93814258220766        0.0000000000000000     
   160.42800818317497        32.841120679272834        86.139500610437707       -103.78524501278670        80.419002445756163     
   87.142330531520727        2.4605234933676599        70.764564231160477        50.794763940561502        0.0000000000000000     

 PASSED   1.0000000000000001E-005
 MU_R    =    325.00000000000000     
 ALPHA_S =   0.11799999999999999     
 BORN                    9.4852054878568365E-011
 SINGLE POLE (MadFKS)   -1.7625512443088134E-011
 DOUBLE POLE (MadFKS)   -1.0094307944357951E-011
 SINGLE POLE (MadLoop)  -1.7625512443088868E-011
 DOUBLE POLE (MadLoop)  -1.0094307944357928E-011
 FINITE PART (MadLoop)   1.7764066944931938E-011
   325.00000000000000        0.0000000000000000        0.0000000000000000        325.00000000000000        0.0000000000000000     
   325.00000000000000        0.0000000000000000        0.0000000000000000       -325.00000000000000        0.0000000000000000     
   106.39696373283171        6.0676928196414250       -87.690905566587176        59.948328386401812        0.0000000000000000     
   278.41270928442037       -125.78387084890691        216.86367247537248       -121.08758022956374        0.0000000000000000     
   115.35895205133941       -3.1244378154451544       -81.978299555083851       -10.500864459988300        80.419002445756163     
   149.83137493140836        122.84061584471054       -47.194467353701462        71.640116303150236        0.0000000000000000     

 PASSED   1.0000000000000001E-005
 MU_R    =    325.00000000000000     
 ALPHA_S =   0.11799999999999999     
 BORN                    4.3299474279712649E-009
 SINGLE POLE (MadFKS)   -7.0383336034076906E-010
 DOUBLE POLE (MadFKS)   -4.6079995606608951E-010
 SINGLE POLE (MadLoop)  -7.0383336031211294E-010
 DOUBLE POLE (MadLoop)  -4.6079995606584653E-010
 FINITE PART (MadLoop)   3.9291551840847692E-010
   325.00000000000000        0.0000000000000000        0.0000000000000000        325.00000000000000        0.0000000000000000     
   325.00000000000000        0.0000000000000000        0.0000000000000000       -325.00000000000000        0.0000000000000000     
   165.29944455848562        42.458990973031099       -145.32689066721650        66.341806622180812        0.0000000000000000     
   108.25942090140444        76.116695459614206       -76.949754479635729       -2.2552542516452019        0.0000000000000000     
   193.33915405015989       -55.679834978810902        73.221917024374818       -149.83697600548683        80.419002445756163     
   183.10198048995008       -62.895851453834432        149.05472812247740        85.750423634951247        0.0000000000000000     

 PASSED   1.0000000000000001E-005
 MU_R    =    325.00000000000000     
 ALPHA_S =   0.11799999999999999     
 BORN                    5.0843087893953787E-008
 SINGLE POLE (MadFKS)   -5.3577115250906037E-009
 DOUBLE POLE (MadFKS)   -5.4108030311063880E-009
 SINGLE POLE (MadLoop)  -5.3577115250813832E-009
 DOUBLE POLE (MadLoop)  -5.4108030311063342E-009
 FINITE PART (MadLoop)   8.4981847548301586E-009
   325.00000000000000        0.0000000000000000        0.0000000000000000        325.00000000000000        0.0000000000000000     
   325.00000000000000        0.0000000000000000        0.0000000000000000       -325.00000000000000        0.0000000000000000     
   20.817017432675257       -10.390968753751350        5.8089596056928015        17.077235474464182        0.0000000000000000     
   111.48475073903801       -56.703733181385623       -90.532787643675135       -31.895934726934644        0.0000000000000000     
   224.02069151117195       -113.97021111463745       -113.82058275897361        133.31811650959426        80.419002445756163     
   293.67754031711485        181.06491304977436        198.54441079695584       -118.49941725712378        0.0000000000000000     

 PASSED   1.0000000000000001E-005
 MU_R    =    325.00000000000000     
 ALPHA_S =   0.11799999999999999     
 BORN                    2.4634050082247778E-011
 SINGLE POLE (MadFKS)   -4.2659635238312258E-012
 DOUBLE POLE (MadFKS)   -2.6215951543199557E-012
 SINGLE POLE (MadLoop)  -4.2659635238485651E-012
 DOUBLE POLE (MadLoop)  -2.6215951543199642E-012
 FINITE PART (MadLoop)   3.8455801066676359E-012
   325.00000000000000        0.0000000000000000        0.0000000000000000        325.00000000000000        0.0000000000000000     
   325.00000000000000        0.0000000000000000        0.0000000000000000       -325.00000000000000        0.0000000000000000     
   169.44460909426610       -6.8076604296036054       -154.96396655733307       -68.200442662798139        0.0000000000000000     
   133.72832622474581        59.741865404965822        117.99010270119830        19.811875665056871        0.0000000000000000     
Thanks for using LHAPDF 6.2.1. Please make sure to cite the paper:
  Eur.Phys.J. C75 (2015) 3, 132  (http://arxiv.org/abs/1412.7420)
   164.77758537875198        76.870634385294892        106.44446830229295       -58.693418931988006        80.419002445756163     
   182.04947930223611       -129.80483936065713       -69.470604446158177        107.08198592972924        0.0000000000000000     

 PASSED   1.0000000000000001E-005
 MU_R    =    325.00000000000000     
 ALPHA_S =   0.11799999999999999     
 BORN                    3.2908379643488536E-010
 SINGLE POLE (MadFKS)   -1.0748760837040583E-010
 DOUBLE POLE (MadFKS)   -3.5021625888494154E-011
 SINGLE POLE (MadLoop)  -1.0748760837031234E-010
 DOUBLE POLE (MadLoop)  -3.5021625888484609E-011
 FINITE PART (MadLoop)  -7.3556827197251065E-011
   325.00000000000000        0.0000000000000000        0.0000000000000000        325.00000000000000        0.0000000000000000     
   325.00000000000000        0.0000000000000000        0.0000000000000000       -325.00000000000000        0.0000000000000000     
   27.536813309073199       -13.886298294656124       -21.645129633280334        9.8455660095837452        0.0000000000000000     
   295.39408229116287        164.11375821227983       -133.08535885684694        206.42825745528140        0.0000000000000000     
   254.62816073067765       -113.25016661748079        147.29229506963611       -154.42688838718905        80.419002445756163     
   72.440943669086209       -36.977293300142975        7.4381934204913245       -61.846935077676100        0.0000000000000000     

 NUMBER OF POINTS PASSING THE CHECK          20
 NUMBER OF POINTS FAILING THE CHECK           0
 TOLERANCE    1.0000000000000001E-005
