==== LHAPDF6 USING DEFAULT-TYPE LHAGLUE INTERFACE ====
LHAPDF 6.2.1 loading /cvmfs/cms.cern.ch/slc7_amd64_gcc700/external/lhapdf/6.2.1-pafccj3/share/LHAPDF/NNPDF31_nnlo_as_0118_nf_4_mc_hessian/NNPDF31_nnlo_as_0118_nf_4_mc_hessian_0000.dat
NNPDF31_nnlo_as_0118_nf_4_mc_hessian PDF set, member #0, version 1; LHAPDF ID = 325500
 A PDF is used, so alpha_s(MZ) is going to be modified
 Old value of alpha_s from param_card:   0.11799999999999999     
 New value of alpha_s from PDF lhapdf :  0.11266013434007299     
 *****************************************************
 *               MadGraph/MadEvent                   *
 *        --------------------------------           *
 *          http://madgraph.hep.uiuc.edu             *
 *          http://madgraph.phys.ucl.ac.be           *
 *          http://madgraph.roma2.infn.it            *
 *        --------------------------------           *
 *                                                   *
 *          PARAMETER AND COUPLING VALUES            *
 *                                                   *
 *****************************************************

  External Params
  ---------------------------------
  
 MU_R =    91.188000000000002     
 aEWM1 =    132.50700000000001     
 mdl_Gf =    1.1663900000000000E-005
 aS =   0.11799999999999999     
 mdl_ymb =    4.7000000000000002     
 mdl_ymt =    173.00000000000000     
 mdl_ymtau =    1.7769999999999999     
 mdl_MT =    173.00000000000000     
 mdl_MB =    4.7000000000000002     
 mdl_MZ =    91.188000000000002     
 mdl_MH =    125.00000000000000     
 mdl_MTA =    1.7769999999999999     
 mdl_WT =    1.4915000000000000     
 mdl_WZ =    2.4414039999999999     
 mdl_WW =    2.0476000000000001     
 mdl_WH =    6.3823389999999999E-003
  Internal Params
  ---------------------------------
  
 mdl_conjg__CKM3x3 =    1.0000000000000000     
 mdl_CKM22 =    1.0000000000000000     
 mdl_lhv =    1.0000000000000000     
 mdl_CKM3x3 =    1.0000000000000000     
 mdl_conjg__CKM22 =    1.0000000000000000     
 mdl_conjg__CKM33 =    1.0000000000000000     
 mdl_Ncol =    3.0000000000000000     
 mdl_CA =    3.0000000000000000     
 mdl_TF =   0.50000000000000000     
 mdl_CF =    1.3333333333333333     
 mdl_complexi =                (0.0000000000000000,1.0000000000000000)
 mdl_MZ__exp__2 =    8315.2513440000002     
 mdl_MZ__exp__4 =    69143404.913893804     
 mdl_sqrt__2 =    1.4142135623730951     
 mdl_MH__exp__2 =    15625.000000000000     
 mdl_Ncol__exp__2 =    9.0000000000000000     
 mdl_MB__exp__2 =    22.090000000000003     
 mdl_MT__exp__2 =    29929.000000000000     
 mdl_aEW =    7.5467711139788835E-003
 mdl_MW =    80.419002445756163     
 mdl_sqrt__aEW =    8.6872153846781555E-002
 mdl_ee =   0.30795376724436879     
 mdl_MW__exp__2 =    6467.2159543705357     
 mdl_sw2 =   0.22224648578577766     
 mdl_cw =   0.88190334743339216     
 mdl_sqrt__sw2 =   0.47143025548407230     
 mdl_sw =   0.47143025548407230     
 mdl_g1 =   0.34919219678733299     
 mdl_gw =   0.65323293034757990     
 mdl_v =    246.21845810181637     
 mdl_v__exp__2 =    60623.529110035903     
 mdl_lam =   0.12886910601690263     
 mdl_yb =    2.6995554250465490E-002
 mdl_yt =   0.99366614581500623     
 mdl_ytau =    1.0206617000654717E-002
 mdl_muH =    88.388347648318430     
 mdl_AxialZUp =  -0.18517701861793787     
 mdl_AxialZDown =   0.18517701861793787     
 mdl_VectorZUp =    7.5430507588273299E-002
 mdl_VectorZDown =  -0.13030376310310560     
 mdl_VectorAUp =   0.20530251149624587     
 mdl_VectorADown =  -0.10265125574812294     
 mdl_VectorWmDxU =   0.23095271737156670     
 mdl_AxialWmDxU =  -0.23095271737156670     
 mdl_VectorWpUxD =   0.23095271737156670     
 mdl_AxialWpUxD =  -0.23095271737156670     
 mdl_I1x33 =          (2.69955542504654901E-002,0.0000000000000000)
 mdl_I2x33 =               (0.99366614581500623,0.0000000000000000)
 mdl_I3x33 =               (0.99366614581500623,0.0000000000000000)
 mdl_I4x33 =          (2.69955542504654901E-002,0.0000000000000000)
 mdl_Vector_tbGp =              (-0.96667059156454072,0.0000000000000000)
 mdl_Axial_tbGp =              (-1.0206617000654716,-0.0000000000000000)
 mdl_Vector_tbGm =               (0.96667059156454072,0.0000000000000000)
 mdl_Axial_tbGm =              (-1.0206617000654716,-0.0000000000000000)
 mdl_gw__exp__2 =   0.42671326129048615     
 mdl_cw__exp__2 =   0.77775351421422245     
 mdl_ee__exp__2 =    9.4835522759998875E-002
 mdl_sw__exp__2 =   0.22224648578577769     
 mdl_yb__exp__2 =    7.2875994928982540E-004
 mdl_yt__exp__2 =   0.98737240933884918     
  Internal Params evaluated point by point
  ----------------------------------------
  
 mdl_sqrt__aS =   0.34351128074635334     
 mdl_G__exp__4 =    2.1987899468922913     
 mdl_G__exp__2 =    1.4828317324943823     
 mdl_R2MixedFactor_FIN_ =   -2.5040377713124864E-002
 mdl_G_UVg_1EPS_ =   -5.1645779033320030E-002
 mdl_G_UVq_1EPS_ =    3.1300472141406080E-003
 mdl_GWcft_UV_b_1EPS_ =   -3.1300472141406080E-003
 mdl_GWcft_UV_t_1EPS_ =   -3.1300472141406080E-003
 mdl_bWcft_UV_1EPS_ =   -1.8780283284843650E-002
 mdl_tWcft_UV_1EPS_ =   -1.8780283284843650E-002
 mdl_G__exp__3 =    1.8056676068262196     
 mdl_MU_R__exp__2 =    8315.2513440000002     
 mdl_G_UVb_FIN_ =    1.8563438626678915E-002
 mdl_G_UVt_FIN_ =   -4.0087659331150384E-003
 mdl_GWcft_UV_b_FIN_ =   -1.8563438626678915E-002
 mdl_GWcft_UV_t_FIN_ =    4.0087659331150384E-003
 mdl_bWcft_UV_FIN_ =  -0.13642100947319838     
 mdl_tWcft_UV_FIN_ =   -9.8778211443463623E-004
  Couplings of loop_sm
  ---------------------------------
  
      UV_GQQb =   0.00000E+00   0.22605E-01
      UV_GQQt =   0.00000E+00  -0.48815E-02
   UVWfct_G_2 =   0.40088E-02   0.00000E+00
   UVWfct_G_1 =  -0.18563E-01   0.00000E+00
       R2_DDA =   0.00000E+00   0.25704E-02
       R2_UUA =  -0.00000E+00  -0.51409E-02
    R2_UUZ_V2 =  -0.00000E+00  -0.72127E-02
    R2_UUZ_V5 =   0.00000E+00   0.68702E-03
      R2_sxcW =  -0.00000E+00  -0.11566E-01
      R2_GGHb =   0.00000E+00  -0.33698E-02
      R2_GGHt =   0.00000E+00  -0.45657E+01
     R2_GGZup =  -0.46369E-02   0.00000E+00
    R2_GGWWcs =   0.00000E+00   0.13356E-02
         GC_4 =  -0.12177E+01   0.00000E+00
         GC_5 =   0.00000E+00   0.12177E+01
       R2_GQQ =  -0.00000E+00  -0.30492E-01
       R2_QQq =   0.00000E+00   0.12520E-01
 UV_GQQg_1eps =   0.00000E+00  -0.62890E-01
 UV_GQQq_1eps =   0.00000E+00   0.38115E-02
 UVWfct_G_2_1eps -0.31300E-02   0.00000E+00
         GC_1 =  -0.00000E+00  -0.10265E+00
         GC_2 =   0.00000E+00   0.20530E+00
         GC_7 =   0.00000E+00   0.57609E+00
        GC_22 =   0.00000E+00   0.28804E+00
        GC_23 =  -0.00000E+00  -0.27437E-01
        GC_24 =   0.00000E+00   0.82310E-01
        GC_25 =   0.00000E+00   0.30795E+00
        GC_28 =   0.00000E+00   0.37035E+00
        GC_31 =   0.00000E+00   0.52532E+02
        GC_33 =  -0.00000E+00  -0.19089E-01
        GC_37 =  -0.00000E+00  -0.70263E+00
        GC_38 =  -0.00000E+00  -0.72172E-02
        GC_47 =   0.00000E+00   0.46191E+00

 Collider parameters:
 --------------------

 Running at P P   machine @    13000.000000000000       GeV
 PDF set = lhapdf 
 alpha_s(Mz)= 0.1127 running at 3 loops.
 alpha_s(Mz)= 0.1127 running at 3 loops.
 Renormalization scale set on event-by-event basis
 Factorization   scale set on event-by-event basis


 ===============================================================
 INFO: MadFKS read these parameters from FKS_params.dat
 ===============================================================
  > IRPoleCheckThreshold      =    1.0000000000000001E-005
  > PrecisionVirtualAtRunTime =    1.0000000000000000E-003
  > NHelForMCoverHels         =            4
  > VirtualFraction           =    1.0000000000000000     
  > MinVirtualFraction        =    5.0000000000000001E-003
 ===============================================================
  Insert the number of points to test
 Insert the relative tolerance
  A negative number will mean use the default one:    1.0000000000000001E-005
Using random seed offsets:     1 ,     60 ,      0
  with seed                   32
 Ranmar initialization seeds       10730        9466
  ========================================================================================== 
 {                                                                                          }
 {       [32m                                                                            [0m       }
 {       [32m                               ,,                                           [0m       }
 {       [32m`7MMM.     ,MMF'             `7MM  `7MMF'                                   [0m       }
 {       [32m  MMMb    dPMM                 MM    MM                                     [0m       }
 {       [32m  M YM   ,M MM   ,6"Yb.   ,M""bMM    MM         ,pW"Wq.   ,pW"Wq.`7MMpdMAo. [0m       }
 {       [32m  M  Mb  M' MM  8)   MM ,AP    MM    MM        6W'   `Wb 6W'   `Wb MM   `Wb [0m       }
 {       [32m  M  YM.P'  MM   ,pm9MM 8MI    MM    MM      , 8M     M8 8M     M8 MM    M8 [0m       }
 {       [32m  M  `YM'   MM  8M   MM `Mb    MM    MM     ,M YA.   ,A9 YA.   ,A9 MM   ,AP [0m       }
 {       [32m.JML. `'  .JMML.`Moo9^Yo.`Wbmd"MML..JMMmmmmMMM  `Ybmd9'   `Ybmd9'  MMbmmd'  [0m       }
 {       [32m                                                                   MM       [0m       }
 {       [32m                                                                 .JMML.     [0m       }
 {       [32m[0mv2.6.5 (2018-02-03), Ref: arXiv:1103.0621v2, arXiv:1405.0301[32m                [0m       }
 {       [32m                                                                            [0m       }
 {                                                                                          }
  ========================================================================================== 
 ===============================================================
 INFO: MadLoop read these parameters from ./MadLoop5_resources/MadLoopParams.dat                                                                                                                                                                                                                                                                                                                                                                                                                                                                                          
 ===============================================================
  > MLReductionLib            = 6|7|1
  > CTModeRun                 =           -1
  > MLStabThres               =    1.0000000000000000E-003
  > NRotations_DP             =            0
  > NRotations_QP             =            0
  > CTStabThres               =    1.0000000000000000E-002
  > CTLoopLibrary             =            2
  > CTModeInit                =            1
  > CheckCycle                =            3
  > MaxAttempts               =           10
  > UseLoopFilter             =  F
  > HelicityFilterLevel       =            2
  > ImprovePSPoint            =            2
  > DoubleCheckHelicityFilter =  T
  > LoopInitStartOver         =  F
  > HelInitStartOver          =  F
  > ZeroThres                 =    1.0000000000000001E-009
  > OSThres                   =    1.0000000000000000E-008
  > WriteOutFilters           =  T
  > UseQPIntegrandForNinja    =  T
  > UseQPIntegrandForCutTools =  T
  > IREGIMODE                 =            2
  > IREGIRECY                 =  T
  > COLLIERMode               =            1
  > COLLIERRequiredAccuracy   =    1.0000000000000000E-008
  > COLLIERCanOutput          =  F
  > COLLIERComputeUVpoles     =  T
  > COLLIERComputeIRpoles     =  T
  > COLLIERGlobalCache        =           -1
  > COLLIERUseCacheForPoles   =  F
  > COLLIERUseInternalStabilityTest =  T
 ===============================================================
  
------------------------------------------------------------------------
|              You are using CutTools - Version 1.9.3                  |
|              Authors: G. Ossola, C. Papadopoulos, R. Pittau          |
|              Published in JHEP 0803:042,2008                         |
|              http://www.ugr.es/~pittau/CutTools                      |
|                                                                      |
|              Compiler with  34  significant digits detetected        |
 ---------------------------------------------------------------------- 
   
########################################################################
#                                                                      #

  +----------------------------------------------------------------+
  |                                                                |
  |  Ninja - version 1.1.0                                         |
  |                                                                |
  |  Author: Tiziano Peraro                                        |
  |                                                                |
  |  Based on:                                                     |
  |                                                                |
  |      P. Mastrolia, E. Mirabella and T. Peraro,                 |
  |      "Integrand reduction of one-loop scattering amplitudes    |
  |      through Laurent series expansion,"                        |
  |      JHEP 1206 (2012) 095  [arXiv:1203.0291 [hep-ph]].         |
  |                                                                |
  |      T. Peraro,                                                |
  |      "Ninja: Automated Integrand Reduction via Laurent         |
  |      Expansion for One-Loop Amplitudes,"                       |
  |      Comput.Phys.Commun. 185 (2014) [arXiv:1403.1229 [hep-ph]] |
  |                                                                |
  +----------------------------------------------------------------+


#                      You are using OneLOop-3.6                       #
#                                                                      #
# for the evaluation of 1-loop scalar 1-, 2-, 3- and 4-point functions #
#                                                                      #
# author: Andreas van Hameren <hamerenREMOVETHIS@ifj.edu.pl>           #
#   date: 18-02-2015                                                   #
#                                                                      #
# Please cite                                                          #
#    A. van Hameren,                                                   #
#      Comput.Phys.Commun. 182 (2011) 2427-2438, arXiv:1007.4716       #
#    A. van Hameren, C.G. Papadopoulos and R. Pittau,                  #
#      JHEP 0909:106,2009, arXiv:0903.4665                             #
# in publications with results obtained with the help of this program. #
#                                                                      #
########################################################################
########################################################################
#                                                                      #
#                      You are using OneLOop-3.6                       #
#                                                                      #
# for the evaluation of 1-loop scalar 1-, 2-, 3- and 4-point functions #
#                                                                      #
# author: Andreas van Hameren <hamerenREMOVETHIS@ifj.edu.pl>           #
#   date: 18-02-2015                                                   #
#                                                                      #
# Please cite                                                          #
#    A. van Hameren,                                                   #
#      Comput.Phys.Commun. 182 (2011) 2427-2438, arXiv:1007.4716       #
#    A. van Hameren, C.G. Papadopoulos and R. Pittau,                  #
#      JHEP 0909:106,2009, arXiv:0903.4665                             #
# in publications with results obtained with the help of this program. #
#                                                                      #
########################################################################
 PASSED   1.0000000000000001E-005
 MU_R    =    325.00000000000000     
 ALPHA_S =   0.11799999999999999     
 BORN                    5.0804731910953322E-010
 SINGLE POLE (MadFKS)   -9.8005498461195576E-011
 DOUBLE POLE (MadFKS)   -5.4067211258233567E-011
 SINGLE POLE (MadLoop)  -9.8005498461179847E-011
 DOUBLE POLE (MadLoop)  -5.4067211258233586E-011
 FINITE PART (MadLoop)   1.0979699502109479E-010
   325.00000000000000        0.0000000000000000        0.0000000000000000        325.00000000000000        0.0000000000000000     
   325.00000000000000        0.0000000000000000        0.0000000000000000       -325.00000000000000        0.0000000000000000     
   149.59855357922888        72.755059625386636        126.51023546332834       -32.839475116345426        1.7769999999999999     
   189.73576282926183       -163.31803584320173       0.26729786178110571        96.575397573987004        0.0000000000000000     
   167.87032490564926       -11.588167716906995       -57.236708211442512       -135.28822429036728        80.419002445756163     
   142.79535868586001        102.15114393472210       -69.540825113666983        71.552301832725689        0.0000000000000000     

 PASSED   1.0000000000000001E-005
 MU_R    =    325.00000000000000     
 ALPHA_S =   0.11799999999999999     
 BORN                    4.7324619567650625E-010
 SINGLE POLE (MadFKS)   -8.2065040896267306E-011
 DOUBLE POLE (MadFKS)   -5.0363619836916240E-011
 SINGLE POLE (MadLoop)  -8.2065040896265161E-011
 DOUBLE POLE (MadLoop)  -5.0363619836916176E-011
 FINITE PART (MadLoop)   1.1380925902767742E-010
   325.00000000000000        0.0000000000000000        0.0000000000000000        325.00000000000000        0.0000000000000000     
   325.00000000000000        0.0000000000000000        0.0000000000000000       -325.00000000000000        0.0000000000000000     
   142.23632286847152        48.727854081733923        46.038219729545418       -125.43561047353106        1.7769999999999999     
   170.33231445851135        45.079997221539699       -129.13082293579939        101.51907095330600        0.0000000000000000     
   143.72327029362876        46.483505935858439        39.464013038721568       -102.32808910712424        80.419002445756163     
   193.70809237938835       -140.29135723913211        43.628590167532423        126.24462862734926        0.0000000000000000     

 PASSED   1.0000000000000001E-005
 MU_R    =    325.00000000000000     
 ALPHA_S =   0.11799999999999999     
 BORN                    1.1708070613680746E-010
 SINGLE POLE (MadFKS)   -1.9566494602920292E-011
 DOUBLE POLE (MadFKS)   -1.2459916694486400E-011
 SINGLE POLE (MadLoop)  -1.9566494602919847E-011
 DOUBLE POLE (MadLoop)  -1.2459916694486407E-011
 FINITE PART (MadLoop)   2.0984392988981248E-011
   325.00000000000000        0.0000000000000000        0.0000000000000000        325.00000000000000        0.0000000000000000     
   325.00000000000000        0.0000000000000000        0.0000000000000000       -325.00000000000000        0.0000000000000000     
   162.02837288881537        58.957107030905789       -140.18848006964163       -55.868465866774983        1.7769999999999999     
   124.79401898804281       -15.571613433341460       -3.7667060316090191        123.76139929696174        0.0000000000000000     
   206.27644730308404       -174.22121083770489        60.192436756465511       -45.897679779857832        80.419002445756163     
   156.90116082005773        130.83571724014058        83.762749344785064       -21.995253650328916        0.0000000000000000     

 PASSED   1.0000000000000001E-005
 MU_R    =    325.00000000000000     
 ALPHA_S =   0.11799999999999999     
 BORN                    4.6970315241541690E-011
 SINGLE POLE (MadFKS)   -8.5364621395890161E-012
 DOUBLE POLE (MadFKS)   -4.9986563485491861E-012
 SINGLE POLE (MadLoop)  -8.5364621396119639E-012
 DOUBLE POLE (MadLoop)  -4.9986563485491950E-012
 FINITE PART (MadLoop)   7.0965791090137705E-012
   325.00000000000000        0.0000000000000000        0.0000000000000000        325.00000000000000        0.0000000000000000     
   325.00000000000000        0.0000000000000000        0.0000000000000000       -325.00000000000000        0.0000000000000000     
   167.02863981349358       -115.03009443176974       -61.484318628725006       -104.32240759647622        1.7769999999999999     
   161.42021228225587        156.36834385046282        16.922706916117594        36.318699940156911        0.0000000000000000     
   163.82690738836237       -129.04863550906086       -59.958284278678164       -11.112760668317028        80.419002445756163     
   157.72424051588814        87.710386090367777        104.51989599128558        79.116468324636344        0.0000000000000000     

 PASSED   1.0000000000000001E-005
 MU_R    =    325.00000000000000     
 ALPHA_S =   0.11799999999999999     
 BORN                    1.5119975378551285E-010
 SINGLE POLE (MadFKS)   -2.7551746626826060E-011
 DOUBLE POLE (MadFKS)   -1.6090920515913072E-011
 SINGLE POLE (MadLoop)  -2.7551746626826166E-011
 DOUBLE POLE (MadLoop)  -1.6090920515913376E-011
 FINITE PART (MadLoop)   2.6539128212056361E-011
   325.00000000000000        0.0000000000000000        0.0000000000000000        325.00000000000000        0.0000000000000000     
   325.00000000000000        0.0000000000000000        0.0000000000000000       -325.00000000000000        0.0000000000000000     
   232.33260040106458        57.824441050309375       -208.56098229038051       -84.462596238877524        1.7769999999999999     
   26.137953731934392       -7.5237015519101123       -20.997517932991169       -13.626840459337682        0.0000000000000000     
   220.85891258611113        79.562417364156389        189.61600945647726       -5.1994245183321617        80.419002445756163     
   170.67053328088991       -129.86315686255557        39.942490766894359        103.28886121654736        0.0000000000000000     

 PASSED   1.0000000000000001E-005
 MU_R    =    325.00000000000000     
 ALPHA_S =   0.11799999999999999     
 BORN                    1.4625351616069892E-008
 SINGLE POLE (MadFKS)   -2.7702738148846372E-009
 DOUBLE POLE (MadFKS)   -1.5564533967780178E-009
 SINGLE POLE (MadLoop)  -2.7702738148846682E-009
 DOUBLE POLE (MadLoop)  -1.5564533967780626E-009
 FINITE PART (MadLoop)   1.3603582472446381E-009
   325.00000000000000        0.0000000000000000        0.0000000000000000        325.00000000000000        0.0000000000000000     
   325.00000000000000        0.0000000000000000        0.0000000000000000       -325.00000000000000        0.0000000000000000     
   201.64540024901612       -66.508444648962168       -79.818407665323491        172.81017996846737        1.7769999999999999     
   111.18644751695453       -66.967463187263320        22.672074578438895        85.812365192976131        0.0000000000000000     
   124.13382053530395        30.112148310473611       -17.436990255048798       -87.927238904072752        80.419002445756163     
   213.03433169872534        103.36375952575187        74.583323341933237       -170.69530625737076        0.0000000000000000     

 PASSED   1.0000000000000001E-005
 MU_R    =    325.00000000000000     
 ALPHA_S =   0.11799999999999999     
 BORN                    1.6060336518487494E-010
 SINGLE POLE (MadFKS)   -4.4606340939457813E-011
 DOUBLE POLE (MadFKS)   -1.7091667936469833E-011
 SINGLE POLE (MadLoop)  -4.4606340939389849E-011
 DOUBLE POLE (MadLoop)  -1.7091667936469940E-011
 FINITE PART (MadLoop)   6.7715097365940271E-013
   325.00000000000000        0.0000000000000000        0.0000000000000000        325.00000000000000        0.0000000000000000     
   325.00000000000000        0.0000000000000000        0.0000000000000000       -325.00000000000000        0.0000000000000000     
   25.915791279590014       -14.090334969961743       -21.185619960746102       -4.5937431317372894        1.7769999999999999     
   294.14589889850669       -177.71897694585570        48.087075282984735       -229.40228478124959        0.0000000000000000     
   198.07633891032216        139.22072862015543       -1.9569174173057653        115.67531836325830        80.419002445756163     
   131.86197091158101        52.588583295662005       -24.944537904932712        118.32070954972860        0.0000000000000000     

 PASSED   1.0000000000000001E-005
 MU_R    =    325.00000000000000     
 ALPHA_S =   0.11799999999999999     
 BORN                    4.3208215335676305E-011
 SINGLE POLE (MadFKS)   -7.6878861678299775E-012
 DOUBLE POLE (MadFKS)   -4.5982876373403182E-012
 SINGLE POLE (MadLoop)  -7.6878861678361313E-012
 DOUBLE POLE (MadLoop)  -4.5982876373403029E-012
 FINITE PART (MadLoop)   5.1998473816695803E-012
   325.00000000000000        0.0000000000000000        0.0000000000000000        325.00000000000000        0.0000000000000000     
   325.00000000000000        0.0000000000000000        0.0000000000000000       -325.00000000000000        0.0000000000000000     
   142.52530835457770       -37.326148994856737       -137.12590138590906       -10.656057567560190        1.7769999999999999     
   82.958627715298505        80.495486602999250        14.127517885749066       -14.248641596296061        0.0000000000000000     
   280.51744053240577       -147.16645617831432        218.42625543074317        53.430549341189646        80.419002445756163     
   143.99862339771801        103.99711857017178       -95.427871930583166       -28.525850177333425        0.0000000000000000     

 PASSED   1.0000000000000001E-005
 MU_R    =    325.00000000000000     
 ALPHA_S =   0.11799999999999999     
 BORN                    9.3922959055739866E-010
 SINGLE POLE (MadFKS)   -1.1811827628118362E-010
 DOUBLE POLE (MadFKS)   -9.9954320754328736E-011
 SINGLE POLE (MadLoop)  -1.1811827628118967E-010
 DOUBLE POLE (MadLoop)  -9.9954320754329395E-011
 FINITE PART (MadLoop)   1.0807483847300790E-010
   325.00000000000000        0.0000000000000000        0.0000000000000000        325.00000000000000        0.0000000000000000     
   325.00000000000000        0.0000000000000000        0.0000000000000000       -325.00000000000000        0.0000000000000000     
   34.633473171200166       -31.046497863053052       -15.191028925529444       -1.2912573420554405        1.7769999999999999     
   156.80093018804601        75.444312349094488        99.680879404424644        94.648875974146094        0.0000000000000000     
   185.81706075390127       -71.882303048676491        138.06332322588602        61.904906114872837        80.419002445756163     
   272.74853588685249        27.484488562635093       -222.55317370478124       -155.26252474696358        0.0000000000000000     

 PASSED   1.0000000000000001E-005
 MU_R    =    325.00000000000000     
 ALPHA_S =   0.11799999999999999     
 BORN                    1.1390017589134662E-011
 SINGLE POLE (MadFKS)   -2.4939597623386746E-012
 DOUBLE POLE (MadFKS)   -1.2121439560120381E-012
 SINGLE POLE (MadLoop)  -2.4939597623381782E-012
 DOUBLE POLE (MadLoop)  -1.2121439560120557E-012
 FINITE PART (MadLoop)   1.6231064340609383E-012
   325.00000000000000        0.0000000000000000        0.0000000000000000        325.00000000000000        0.0000000000000000     
   325.00000000000000        0.0000000000000000        0.0000000000000000       -325.00000000000000        0.0000000000000000     
   93.077652437649320       -49.836403970767492       -78.349514034434875        6.1626410031899432        1.7769999999999999     
   265.84324518106666        27.995310626018554        155.37113394202223       -213.88946755023633        0.0000000000000000     
   133.26139688992134        63.948893881296094        11.543036104175975        84.075449660046559        80.419002445756163     
   157.81770549136269       -42.107800536547110       -88.564656011763276        123.65137688699987        0.0000000000000000     

 PASSED   1.0000000000000001E-005
 MU_R    =    325.00000000000000     
 ALPHA_S =   0.11799999999999999     
 BORN                    4.4474085392348517E-011
 SINGLE POLE (MadFKS)   -6.4893065912774535E-012
 DOUBLE POLE (MadFKS)   -4.7330035608482473E-012
 SINGLE POLE (MadLoop)  -6.4893065912800651E-012
 DOUBLE POLE (MadLoop)  -4.7330035608482376E-012
 FINITE PART (MadLoop)   1.0138050637236140E-011
   325.00000000000000        0.0000000000000000        0.0000000000000000        325.00000000000000        0.0000000000000000     
   325.00000000000000        0.0000000000000000        0.0000000000000000       -325.00000000000000        0.0000000000000000     
   136.63099317643037       -131.55468084304994       -25.836028450495547        26.281859705245640        1.7769999999999999     
   144.08118776691134        138.32936337267776       -39.021433587179317        10.084821170203726        0.0000000000000000     
   165.86202360016574        114.67792996009779       -78.020358602725835        42.482831143184896        80.419002445756163     
   203.42579545649258       -121.45261248972562        142.87782064040073       -78.849512018634258        0.0000000000000000     

 PASSED   1.0000000000000001E-005
 MU_R    =    325.00000000000000     
 ALPHA_S =   0.11799999999999999     
 BORN                    1.1694310803133187E-010
 SINGLE POLE (MadFKS)   -2.0411187883662971E-011
 DOUBLE POLE (MadFKS)   -1.2445273283218093E-011
 SINGLE POLE (MadLoop)  -2.0411187883737798E-011
 DOUBLE POLE (MadLoop)  -1.2445273283218090E-011
 FINITE PART (MadLoop)   1.8949316255785548E-011
   325.00000000000000        0.0000000000000000        0.0000000000000000        325.00000000000000        0.0000000000000000     
   325.00000000000000        0.0000000000000000        0.0000000000000000       -325.00000000000000        0.0000000000000000     
   247.51670612621851       -178.89996038658001        166.87575329381716       -37.531975952166164        1.7769999999999999     
   64.517921131290194        8.3002378801320678       -9.8044917600993919        63.226103308386357        0.0000000000000000     
   172.58307410265499        142.48107395821830       -14.363206004101006        53.014558277405733        80.419002445756163     
   165.38229863983628        28.118648548229615       -142.70805552961676       -78.708685633625933        0.0000000000000000     

 PASSED   1.0000000000000001E-005
 MU_R    =    325.00000000000000     
 ALPHA_S =   0.11799999999999999     
 BORN                    1.9183498373471922E-011
 SINGLE POLE (MadFKS)   -3.5136887423479043E-012
 DOUBLE POLE (MadFKS)   -2.0415386918061268E-012
 SINGLE POLE (MadLoop)  -3.5136887424579746E-012
 DOUBLE POLE (MadLoop)  -2.0415386918061305E-012
 FINITE PART (MadLoop)   2.8023698204198143E-012
   325.00000000000000        0.0000000000000000        0.0000000000000000        325.00000000000000        0.0000000000000000     
   325.00000000000000        0.0000000000000000        0.0000000000000000       -325.00000000000000        0.0000000000000000     
   140.36825215260561        53.260267307984790       -70.607337654830985        108.98640410141157        1.7769999999999999     
   251.19785525818219        10.090979548239661        182.79900831731817       -171.99725921151386        0.0000000000000000     
   120.76535419986777        59.862041960482657       -57.670948753891182        34.751293829100348        80.419002445756163     
   137.66853838934438       -123.21328881670689       -54.520721908595952        28.259561281001961        0.0000000000000000     

 PASSED   1.0000000000000001E-005
 MU_R    =    325.00000000000000     
 ALPHA_S =   0.11799999999999999     
 BORN                    1.7400780875702190E-010
 SINGLE POLE (MadFKS)   -3.2282777204775150E-011
 DOUBLE POLE (MadFKS)   -1.8518190339313358E-011
 SINGLE POLE (MadLoop)  -3.2282777204776249E-011
 DOUBLE POLE (MadLoop)  -1.8518190339312841E-011
 FINITE PART (MadLoop)   2.9203213739802403E-011
   325.00000000000000        0.0000000000000000        0.0000000000000000        325.00000000000000        0.0000000000000000     
   325.00000000000000        0.0000000000000000        0.0000000000000000       -325.00000000000000        0.0000000000000000     
   294.06733016889132       -284.99874120617073       -61.146930108761900       -38.848518541020965        1.7769999999999999     
   110.27936605693382        85.225972414758104        62.057666150876273        32.356116512716461        0.0000000000000000     
   110.23038572212033        69.180585234411012        17.906863210240786       -24.019010359942186        80.419002445756163     
   135.42291805205457        130.59218355700159       -18.817599252355151        30.511412388246690        0.0000000000000000     

 PASSED   1.0000000000000001E-005
 MU_R    =    325.00000000000000     
 ALPHA_S =   0.11799999999999999     
 BORN                    2.7693075337058107E-011
 SINGLE POLE (MadFKS)   -4.4017474333078131E-012
 DOUBLE POLE (MadFKS)   -2.9471415325313199E-012
 SINGLE POLE (MadLoop)  -4.4017474333028711E-012
 DOUBLE POLE (MadLoop)  -2.9471415325312892E-012
 FINITE PART (MadLoop)   4.2402270975451654E-012
   325.00000000000000        0.0000000000000000        0.0000000000000000        325.00000000000000        0.0000000000000000     
   325.00000000000000        0.0000000000000000        0.0000000000000000       -325.00000000000000        0.0000000000000000     
   174.07302911347995        99.677639006996955       -135.51330155699955        44.707662865049571        1.7769999999999999     
   163.23626268130963       -52.648451372621153        52.147999334893044       -145.44691192182205        0.0000000000000000     
   119.84611617428109        87.316322917097182       -15.895448433520709        4.3669301601045669        80.419002445756163     
   192.84459203092933       -134.34551055147298        99.260750655627206        96.372318896667949        0.0000000000000000     

 PASSED   1.0000000000000001E-005
 MU_R    =    325.00000000000000     
 ALPHA_S =   0.11799999999999999     
 BORN                    2.5857041748222804E-010
 SINGLE POLE (MadFKS)   -3.1134507785264667E-011
 DOUBLE POLE (MadFKS)   -2.7517478906580342E-011
 SINGLE POLE (MadLoop)  -3.1134507785263724E-011
 DOUBLE POLE (MadLoop)  -2.7517478906580371E-011
 FINITE PART (MadLoop)   4.2706145274641416E-011
   325.00000000000000        0.0000000000000000        0.0000000000000000        325.00000000000000        0.0000000000000000     
   325.00000000000000        0.0000000000000000        0.0000000000000000       -325.00000000000000        0.0000000000000000     
   76.589090101705295        36.425199655938897       -52.896855751309687       -41.687629763003493        1.7769999999999999     
   233.07444791032438       -177.33873586582556       -139.13090653727878        59.306507875008613        0.0000000000000000     
   102.97245996398888       -28.402155104418682        28.849393806653946       -49.971408015763345        80.419002445756163     
   237.36400202398150        169.31569131430530        163.17836848193448        32.352529903758239        0.0000000000000000     

 PASSED   1.0000000000000001E-005
 MU_R    =    325.00000000000000     
 ALPHA_S =   0.11799999999999999     
 BORN                    5.6035150189810983E-011
 SINGLE POLE (MadFKS)   -1.7429364004319301E-011
 DOUBLE POLE (MadFKS)   -5.9633506353493268E-012
 SINGLE POLE (MadLoop)  -1.7429364004312874E-011
 DOUBLE POLE (MadLoop)  -5.9633506353493922E-012
 FINITE PART (MadLoop)  -7.0998396889366366E-012
   325.00000000000000        0.0000000000000000        0.0000000000000000        325.00000000000000        0.0000000000000000     
   325.00000000000000        0.0000000000000000        0.0000000000000000       -325.00000000000000        0.0000000000000000     
   52.271314018105024       -15.192131761310964       -45.870446067706816       -19.855322970828510        1.7769999999999999     
   238.32533598709895       -90.034093329030966        195.05652014626571       -103.17839774009074        0.0000000000000000     
   286.01006684647200        147.96665835169483       -142.17188924902018        182.28429528280813        80.419002445756163     
   73.393283148323960       -42.740433261352912       -7.0141848295387863       -59.250574571888805        0.0000000000000000     

 PASSED   1.0000000000000001E-005
 MU_R    =    325.00000000000000     
 ALPHA_S =   0.11799999999999999     
 BORN                    1.2100017883232895E-008
 SINGLE POLE (MadFKS)   -4.3180636896324778E-009
 DOUBLE POLE (MadFKS)   -1.2877033270597987E-009
 SINGLE POLE (MadLoop)  -4.3180636895504918E-009
 DOUBLE POLE (MadLoop)  -1.2877033270598032E-009
 FINITE PART (MadLoop)  -3.2018794996349536E-009
   325.00000000000000        0.0000000000000000        0.0000000000000000        325.00000000000000        0.0000000000000000     
   325.00000000000000        0.0000000000000000        0.0000000000000000       -325.00000000000000        0.0000000000000000     
   202.12221258388752       -170.75267826193897        38.021666918212965       -101.23293338603546        1.7769999999999999     
   265.21390051253059        119.10415600148278       -24.534584125203498        235.69189046305408        0.0000000000000000     
   133.07119312640265        46.491098612645544        14.888920330875177       -94.114952514910939        80.419002445756163     
   49.592693777179207        5.1574236478106270       -28.376003123884651       -40.344004562107656        0.0000000000000000     

 PASSED   1.0000000000000001E-005
 MU_R    =    325.00000000000000     
 ALPHA_S =   0.11799999999999999     
 BORN                    2.8958222555471330E-011
 SINGLE POLE (MadFKS)   -5.3623257050355942E-012
 DOUBLE POLE (MadFKS)   -3.0817805304313698E-012
 SINGLE POLE (MadLoop)  -5.3623257050357703E-012
 DOUBLE POLE (MadLoop)  -3.0817805304313633E-012
 FINITE PART (MadLoop)   4.8189934464667770E-012
   325.00000000000000        0.0000000000000000        0.0000000000000000        325.00000000000000        0.0000000000000000     
   325.00000000000000        0.0000000000000000        0.0000000000000000       -325.00000000000000        0.0000000000000000     
   60.154826993149733        7.4685172446658870        53.526530691546228        26.354833406205842        1.7769999999999999     
   226.61135804891566        120.29127853446397       -148.04280275395450       -122.33578568052602        0.0000000000000000     
Thanks for using LHAPDF 6.2.1. Please make sure to cite the paper:
  Eur.Phys.J. C75 (2015) 3, 132  (http://arxiv.org/abs/1412.7420)
   215.01958165173883       -39.606208249511283        193.23784653995804        29.269223973556596        80.419002445756163     
   148.21423330619578       -88.153587529618548       -98.721574477549794        66.711728300763582        0.0000000000000000     

 PASSED   1.0000000000000001E-005
 MU_R    =    325.00000000000000     
 ALPHA_S =   0.11799999999999999     
 BORN                    3.1186873223450689E-011
 SINGLE POLE (MadFKS)   -5.2631344805141174E-012
 DOUBLE POLE (MadFKS)   -3.3189571121278174E-012
 SINGLE POLE (MadLoop)  -5.2631344805142499E-012
 DOUBLE POLE (MadLoop)  -3.3189571121278101E-012
 FINITE PART (MadLoop)   3.8114371920979244E-012
   325.00000000000000        0.0000000000000000        0.0000000000000000        325.00000000000000        0.0000000000000000     
   325.00000000000000        0.0000000000000000        0.0000000000000000       -325.00000000000000        0.0000000000000000     
   207.96797133634752        186.87848962157233        91.203533561301171       -2.4217670095117683        1.7769999999999999     
   152.72204614510815        40.849218587032126       -146.48579044075973        14.045565795767605        0.0000000000000000     
   127.10975809572621       -88.634164360859529       -8.7033923971141149        41.927443490123487        80.419002445756163     
   162.20022442281817       -139.09354384774494        63.985649276572680       -53.551242276379327        0.0000000000000000     

 NUMBER OF POINTS PASSING THE CHECK          20
 NUMBER OF POINTS FAILING THE CHECK           0
 TOLERANCE    1.0000000000000001E-005
