==== LHAPDF6 USING DEFAULT-TYPE LHAGLUE INTERFACE ====
LHAPDF 6.2.1 loading /cvmfs/cms.cern.ch/slc7_amd64_gcc700/external/lhapdf/6.2.1-pafccj3/share/LHAPDF/NNPDF31_nnlo_as_0118_nf_4_mc_hessian/NNPDF31_nnlo_as_0118_nf_4_mc_hessian_0000.dat
NNPDF31_nnlo_as_0118_nf_4_mc_hessian PDF set, member #0, version 1; LHAPDF ID = 325500
 A PDF is used, so alpha_s(MZ) is going to be modified
 Old value of alpha_s from param_card:   0.11799999999999999     
 New value of alpha_s from PDF lhapdf :  0.11266013434007299     
 *****************************************************
 *               MadGraph/MadEvent                   *
 *        --------------------------------           *
 *          http://madgraph.hep.uiuc.edu             *
 *          http://madgraph.phys.ucl.ac.be           *
 *          http://madgraph.roma2.infn.it            *
 *        --------------------------------           *
 *                                                   *
 *          PARAMETER AND COUPLING VALUES            *
 *                                                   *
 *****************************************************

  External Params
  ---------------------------------
  
 MU_R =    91.188000000000002     
 aEWM1 =    132.50700000000001     
 mdl_Gf =    1.1663900000000000E-005
 aS =   0.11799999999999999     
 mdl_ymb =    4.7000000000000002     
 mdl_ymt =    173.00000000000000     
 mdl_ymtau =    1.7769999999999999     
 mdl_MT =    173.00000000000000     
 mdl_MB =    4.7000000000000002     
 mdl_MZ =    91.188000000000002     
 mdl_MH =    125.00000000000000     
 mdl_MTA =    1.7769999999999999     
 mdl_WT =    1.4915000000000000     
 mdl_WZ =    2.4414039999999999     
 mdl_WW =    2.0476000000000001     
 mdl_WH =    6.3823389999999999E-003
  Internal Params
  ---------------------------------
  
 mdl_conjg__CKM3x3 =    1.0000000000000000     
 mdl_CKM22 =    1.0000000000000000     
 mdl_lhv =    1.0000000000000000     
 mdl_CKM3x3 =    1.0000000000000000     
 mdl_conjg__CKM22 =    1.0000000000000000     
 mdl_conjg__CKM33 =    1.0000000000000000     
 mdl_Ncol =    3.0000000000000000     
 mdl_CA =    3.0000000000000000     
 mdl_TF =   0.50000000000000000     
 mdl_CF =    1.3333333333333333     
 mdl_complexi =                (0.0000000000000000,1.0000000000000000)
 mdl_MZ__exp__2 =    8315.2513440000002     
 mdl_MZ__exp__4 =    69143404.913893804     
 mdl_sqrt__2 =    1.4142135623730951     
 mdl_MH__exp__2 =    15625.000000000000     
 mdl_Ncol__exp__2 =    9.0000000000000000     
 mdl_MB__exp__2 =    22.090000000000003     
 mdl_MT__exp__2 =    29929.000000000000     
 mdl_aEW =    7.5467711139788835E-003
 mdl_MW =    80.419002445756163     
 mdl_sqrt__aEW =    8.6872153846781555E-002
 mdl_ee =   0.30795376724436879     
 mdl_MW__exp__2 =    6467.2159543705357     
 mdl_sw2 =   0.22224648578577766     
 mdl_cw =   0.88190334743339216     
 mdl_sqrt__sw2 =   0.47143025548407230     
 mdl_sw =   0.47143025548407230     
 mdl_g1 =   0.34919219678733299     
 mdl_gw =   0.65323293034757990     
 mdl_v =    246.21845810181637     
 mdl_v__exp__2 =    60623.529110035903     
 mdl_lam =   0.12886910601690263     
 mdl_yb =    2.6995554250465490E-002
 mdl_yt =   0.99366614581500623     
 mdl_ytau =    1.0206617000654717E-002
 mdl_muH =    88.388347648318430     
 mdl_AxialZUp =  -0.18517701861793787     
 mdl_AxialZDown =   0.18517701861793787     
 mdl_VectorZUp =    7.5430507588273299E-002
 mdl_VectorZDown =  -0.13030376310310560     
 mdl_VectorAUp =   0.20530251149624587     
 mdl_VectorADown =  -0.10265125574812294     
 mdl_VectorWmDxU =   0.23095271737156670     
 mdl_AxialWmDxU =  -0.23095271737156670     
 mdl_VectorWpUxD =   0.23095271737156670     
 mdl_AxialWpUxD =  -0.23095271737156670     
 mdl_I1x33 =          (2.69955542504654901E-002,0.0000000000000000)
 mdl_I2x33 =               (0.99366614581500623,0.0000000000000000)
 mdl_I3x33 =               (0.99366614581500623,0.0000000000000000)
 mdl_I4x33 =          (2.69955542504654901E-002,0.0000000000000000)
 mdl_Vector_tbGp =              (-0.96667059156454072,0.0000000000000000)
 mdl_Axial_tbGp =              (-1.0206617000654716,-0.0000000000000000)
 mdl_Vector_tbGm =               (0.96667059156454072,0.0000000000000000)
 mdl_Axial_tbGm =              (-1.0206617000654716,-0.0000000000000000)
 mdl_gw__exp__2 =   0.42671326129048615     
 mdl_cw__exp__2 =   0.77775351421422245     
 mdl_ee__exp__2 =    9.4835522759998875E-002
 mdl_sw__exp__2 =   0.22224648578577769     
 mdl_yb__exp__2 =    7.2875994928982540E-004
 mdl_yt__exp__2 =   0.98737240933884918     
  Internal Params evaluated point by point
  ----------------------------------------
  
 mdl_sqrt__aS =   0.34351128074635334     
 mdl_G__exp__4 =    2.1987899468922913     
 mdl_G__exp__2 =    1.4828317324943823     
 mdl_R2MixedFactor_FIN_ =   -2.5040377713124864E-002
 mdl_G_UVg_1EPS_ =   -5.1645779033320030E-002
 mdl_G_UVq_1EPS_ =    3.1300472141406080E-003
 mdl_GWcft_UV_b_1EPS_ =   -3.1300472141406080E-003
 mdl_GWcft_UV_t_1EPS_ =   -3.1300472141406080E-003
 mdl_bWcft_UV_1EPS_ =   -1.8780283284843650E-002
 mdl_tWcft_UV_1EPS_ =   -1.8780283284843650E-002
 mdl_G__exp__3 =    1.8056676068262196     
 mdl_MU_R__exp__2 =    8315.2513440000002     
 mdl_G_UVb_FIN_ =    1.8563438626678915E-002
 mdl_G_UVt_FIN_ =   -4.0087659331150384E-003
 mdl_GWcft_UV_b_FIN_ =   -1.8563438626678915E-002
 mdl_GWcft_UV_t_FIN_ =    4.0087659331150384E-003
 mdl_bWcft_UV_FIN_ =  -0.13642100947319838     
 mdl_tWcft_UV_FIN_ =   -9.8778211443463623E-004
  Couplings of loop_sm
  ---------------------------------
  
      UV_GQQb =   0.00000E+00   0.22605E-01
      UV_GQQt =   0.00000E+00  -0.48815E-02
   UVWfct_G_2 =   0.40088E-02   0.00000E+00
   UVWfct_G_1 =  -0.18563E-01   0.00000E+00
       R2_DDA =   0.00000E+00   0.25704E-02
       R2_UUA =  -0.00000E+00  -0.51409E-02
    R2_UUZ_V2 =  -0.00000E+00  -0.72127E-02
    R2_UUZ_V5 =   0.00000E+00   0.68702E-03
      R2_sxcW =  -0.00000E+00  -0.11566E-01
      R2_GGHb =   0.00000E+00  -0.33698E-02
      R2_GGHt =   0.00000E+00  -0.45657E+01
     R2_GGZup =  -0.46369E-02   0.00000E+00
    R2_GGWWcs =   0.00000E+00   0.13356E-02
         GC_4 =  -0.12177E+01   0.00000E+00
         GC_5 =   0.00000E+00   0.12177E+01
       R2_GQQ =  -0.00000E+00  -0.30492E-01
       R2_QQq =   0.00000E+00   0.12520E-01
 UV_GQQg_1eps =   0.00000E+00  -0.62890E-01
 UV_GQQq_1eps =   0.00000E+00   0.38115E-02
 UVWfct_G_2_1eps -0.31300E-02   0.00000E+00
         GC_1 =  -0.00000E+00  -0.10265E+00
         GC_2 =   0.00000E+00   0.20530E+00
         GC_7 =   0.00000E+00   0.57609E+00
        GC_22 =   0.00000E+00   0.28804E+00
        GC_23 =  -0.00000E+00  -0.27437E-01
        GC_24 =   0.00000E+00   0.82310E-01
        GC_25 =   0.00000E+00   0.30795E+00
        GC_28 =   0.00000E+00   0.37035E+00
        GC_31 =   0.00000E+00   0.52532E+02
        GC_33 =  -0.00000E+00  -0.19089E-01
        GC_37 =  -0.00000E+00  -0.70263E+00
        GC_38 =  -0.00000E+00  -0.72172E-02
        GC_47 =   0.00000E+00   0.46191E+00

 Collider parameters:
 --------------------

 Running at P P   machine @    13000.000000000000       GeV
 PDF set = lhapdf 
 alpha_s(Mz)= 0.1127 running at 3 loops.
 alpha_s(Mz)= 0.1127 running at 3 loops.
 Renormalization scale set on event-by-event basis
 Factorization   scale set on event-by-event basis


 ===============================================================
 INFO: MadFKS read these parameters from FKS_params.dat
 ===============================================================
  > IRPoleCheckThreshold      =    1.0000000000000001E-005
  > PrecisionVirtualAtRunTime =    1.0000000000000000E-003
  > NHelForMCoverHels         =            4
  > VirtualFraction           =    1.0000000000000000     
  > MinVirtualFraction        =    5.0000000000000001E-003
 ===============================================================
  Insert the number of points to test
 Insert the relative tolerance
  A negative number will mean use the default one:    1.0000000000000001E-005
Using random seed offsets:     1 ,     40 ,      0
  with seed                   32
 Ranmar initialization seeds       10730        9446
  ========================================================================================== 
 {                                                                                          }
 {       [32m                                                                            [0m       }
 {       [32m                               ,,                                           [0m       }
 {       [32m`7MMM.     ,MMF'             `7MM  `7MMF'                                   [0m       }
 {       [32m  MMMb    dPMM                 MM    MM                                     [0m       }
 {       [32m  M YM   ,M MM   ,6"Yb.   ,M""bMM    MM         ,pW"Wq.   ,pW"Wq.`7MMpdMAo. [0m       }
 {       [32m  M  Mb  M' MM  8)   MM ,AP    MM    MM        6W'   `Wb 6W'   `Wb MM   `Wb [0m       }
 {       [32m  M  YM.P'  MM   ,pm9MM 8MI    MM    MM      , 8M     M8 8M     M8 MM    M8 [0m       }
 {       [32m  M  `YM'   MM  8M   MM `Mb    MM    MM     ,M YA.   ,A9 YA.   ,A9 MM   ,AP [0m       }
 {       [32m.JML. `'  .JMML.`Moo9^Yo.`Wbmd"MML..JMMmmmmMMM  `Ybmd9'   `Ybmd9'  MMbmmd'  [0m       }
 {       [32m                                                                   MM       [0m       }
 {       [32m                                                                 .JMML.     [0m       }
 {       [32m[0mv2.6.5 (2018-02-03), Ref: arXiv:1103.0621v2, arXiv:1405.0301[32m                [0m       }
 {       [32m                                                                            [0m       }
 {                                                                                          }
  ========================================================================================== 
 ===============================================================
 INFO: MadLoop read these parameters from ./MadLoop5_resources/MadLoopParams.dat                                                                                                                                                                                                                                                                                                                                                                                                                                                                                          
 ===============================================================
  > MLReductionLib            = 6|7|1
  > CTModeRun                 =           -1
  > MLStabThres               =    1.0000000000000000E-003
  > NRotations_DP             =            0
  > NRotations_QP             =            0
  > CTStabThres               =    1.0000000000000000E-002
  > CTLoopLibrary             =            2
  > CTModeInit                =            1
  > CheckCycle                =            3
  > MaxAttempts               =           10
  > UseLoopFilter             =  F
  > HelicityFilterLevel       =            2
  > ImprovePSPoint            =            2
  > DoubleCheckHelicityFilter =  T
  > LoopInitStartOver         =  F
  > HelInitStartOver          =  F
  > ZeroThres                 =    1.0000000000000001E-009
  > OSThres                   =    1.0000000000000000E-008
  > WriteOutFilters           =  T
  > UseQPIntegrandForNinja    =  T
  > UseQPIntegrandForCutTools =  T
  > IREGIMODE                 =            2
  > IREGIRECY                 =  T
  > COLLIERMode               =            1
  > COLLIERRequiredAccuracy   =    1.0000000000000000E-008
  > COLLIERCanOutput          =  F
  > COLLIERComputeUVpoles     =  T
  > COLLIERComputeIRpoles     =  T
  > COLLIERGlobalCache        =           -1
  > COLLIERUseCacheForPoles   =  F
  > COLLIERUseInternalStabilityTest =  T
 ===============================================================
  
------------------------------------------------------------------------
|              You are using CutTools - Version 1.9.3                  |
|              Authors: G. Ossola, C. Papadopoulos, R. Pittau          |
|              Published in JHEP 0803:042,2008                         |
|              http://www.ugr.es/~pittau/CutTools                      |
|                                                                      |
|              Compiler with  34  significant digits detetected        |
 ---------------------------------------------------------------------- 
   
########################################################################
#                                                                      #

  +----------------------------------------------------------------+
  |                                                                |
  |  Ninja - version 1.1.0                                         |
  |                                                                |
  |  Author: Tiziano Peraro                                        |
  |                                                                |
  |  Based on:                                                     |
  |                                                                |
  |      P. Mastrolia, E. Mirabella and T. Peraro,                 |
  |      "Integrand reduction of one-loop scattering amplitudes    |
  |      through Laurent series expansion,"                        |
  |      JHEP 1206 (2012) 095  [arXiv:1203.0291 [hep-ph]].         |
  |                                                                |
  |      T. Peraro,                                                |
  |      "Ninja: Automated Integrand Reduction via Laurent         |
  |      Expansion for One-Loop Amplitudes,"                       |
  |      Comput.Phys.Commun. 185 (2014) [arXiv:1403.1229 [hep-ph]] |
  |                                                                |
  +----------------------------------------------------------------+


#                      You are using OneLOop-3.6                       #
#                                                                      #
# for the evaluation of 1-loop scalar 1-, 2-, 3- and 4-point functions #
#                                                                      #
# author: Andreas van Hameren <hamerenREMOVETHIS@ifj.edu.pl>           #
#   date: 18-02-2015                                                   #
#                                                                      #
# Please cite                                                          #
#    A. van Hameren,                                                   #
#      Comput.Phys.Commun. 182 (2011) 2427-2438, arXiv:1007.4716       #
#    A. van Hameren, C.G. Papadopoulos and R. Pittau,                  #
#      JHEP 0909:106,2009, arXiv:0903.4665                             #
# in publications with results obtained with the help of this program. #
#                                                                      #
########################################################################
########################################################################
#                                                                      #
#                      You are using OneLOop-3.6                       #
#                                                                      #
# for the evaluation of 1-loop scalar 1-, 2-, 3- and 4-point functions #
#                                                                      #
# author: Andreas van Hameren <hamerenREMOVETHIS@ifj.edu.pl>           #
#   date: 18-02-2015                                                   #
#                                                                      #
# Please cite                                                          #
#    A. van Hameren,                                                   #
#      Comput.Phys.Commun. 182 (2011) 2427-2438, arXiv:1007.4716       #
#    A. van Hameren, C.G. Papadopoulos and R. Pittau,                  #
#      JHEP 0909:106,2009, arXiv:0903.4665                             #
# in publications with results obtained with the help of this program. #
#                                                                      #
########################################################################
 PASSED   1.0000000000000001E-005
 MU_R    =    325.00000000000000     
 ALPHA_S =   0.11799999999999999     
 BORN                    1.6744605796009241E-007
 SINGLE POLE (MadFKS)   -9.5351559777943662E-010
 DOUBLE POLE (MadFKS)   -8.3858250757890259E-009
 SINGLE POLE (MadLoop)  -9.5351559777937830E-010
 DOUBLE POLE (MadLoop)  -8.3858250757889879E-009
 FINITE PART (MadLoop)   2.6134512801172498E-008
   325.00000000000000        0.0000000000000000        0.0000000000000000        325.00000000000000        0.0000000000000000     
   325.00000000000000        0.0000000000000000        0.0000000000000000       -325.00000000000000        0.0000000000000000     
   38.795437374970319       -29.690832336356276       -13.550711182274643       -20.898826133163585        1.7769999999999999     
   304.28066479613778       -68.316793013846009        290.18915630953262        60.908064502532234        0.0000000000000000     
   306.92389782889194        98.007625350202275       -276.63844512725808       -40.009238369368695        80.419002445756163     

 PASSED   1.0000000000000001E-005
 MU_R    =    325.00000000000000     
 ALPHA_S =   0.11799999999999999     
 BORN                    9.2893513372728701E-008
 SINGLE POLE (MadFKS)   -5.2897879479814051E-010
 DOUBLE POLE (MadFKS)   -4.6521773239046846E-009
 SINGLE POLE (MadLoop)  -5.2897879479813141E-010
 DOUBLE POLE (MadLoop)  -4.6521773239047342E-009
 FINITE PART (MadLoop)   1.2990070226637391E-008
   325.00000000000000        0.0000000000000000        0.0000000000000000        325.00000000000000        0.0000000000000000     
   325.00000000000000        0.0000000000000000        0.0000000000000000       -325.00000000000000        0.0000000000000000     
   273.44527404575922       -227.87826452658965       -129.07971745804520       -78.607145134912514        1.7769999999999999     
   230.28575768149761        219.30398578794859        7.5173481769858181        69.862590023893631        0.0000000000000000     
   146.26896827274322        8.5742787386410360        121.56236928105940        8.7445551110188742        80.419002445756163     

 PASSED   1.0000000000000001E-005
 MU_R    =    325.00000000000000     
 ALPHA_S =   0.11799999999999999     
 BORN                    1.1924288896982962E-008
 SINGLE POLE (MadFKS)   -6.7902437323493959E-011
 DOUBLE POLE (MadFKS)   -5.9717739588174887E-010
 SINGLE POLE (MadLoop)  -6.7902437323462914E-011
 DOUBLE POLE (MadLoop)  -5.9717739588186912E-010
 FINITE PART (MadLoop)   1.4309905791653164E-009
   325.00000000000000        0.0000000000000000        0.0000000000000000        325.00000000000000        0.0000000000000000     
   325.00000000000000        0.0000000000000000        0.0000000000000000       -325.00000000000000        0.0000000000000000     
   290.56184720845437        47.610643190565114        146.12335234062277        246.58512096212957        1.7769999999999999     
   264.89497940379135       -69.993255860362993       -154.99452718740699       -203.09355181628237        0.0000000000000000     
   94.543173387754237        22.382612669797858        8.8711748467841876       -43.491569145847251        80.419002445756163     

 PASSED   1.0000000000000001E-005
 MU_R    =    325.00000000000000     
 ALPHA_S =   0.11799999999999999     
 BORN                    1.2511522759463560E-007
 SINGLE POLE (MadFKS)   -7.1246419584056224E-010
 DOUBLE POLE (MadFKS)   -6.2658651132665167E-009
 SINGLE POLE (MadLoop)  -7.1246419584058943E-010
 DOUBLE POLE (MadLoop)  -6.2658651132665142E-009
 FINITE PART (MadLoop)   1.5946516648983113E-008
   325.00000000000000        0.0000000000000000        0.0000000000000000        325.00000000000000        0.0000000000000000     
   325.00000000000000        0.0000000000000000        0.0000000000000000       -325.00000000000000        0.0000000000000000     
   273.49632568097201       -156.95401984231285        204.59835136536265       -91.115491031474761        1.7769999999999999     
   184.46687961187035      -0.22397769433806752       -183.52911945742113        18.575301314281461        0.0000000000000000     
   192.03679470715755        157.17799753665093       -21.069231907941433        72.540189717193343        80.419002445756163     

 PASSED   1.0000000000000001E-005
 MU_R    =    325.00000000000000     
 ALPHA_S =   0.11799999999999999     
 BORN                    8.0159541722265656E-008
 SINGLE POLE (MadFKS)   -4.5646564794763833E-010
 DOUBLE POLE (MadFKS)   -4.0144504040730473E-009
 SINGLE POLE (MadLoop)  -4.5646564794760441E-010
 DOUBLE POLE (MadLoop)  -4.0144504040730572E-009
 FINITE PART (MadLoop)   6.3722728657989347E-009
   325.00000000000000        0.0000000000000000        0.0000000000000000        325.00000000000000        0.0000000000000000     
   325.00000000000000        0.0000000000000000        0.0000000000000000       -325.00000000000000        0.0000000000000000     
   182.01561562449245       -49.121577332401714        164.53625440787695       -60.344164821184322        1.7769999999999999     
   165.46253007497597       -3.2648960254464625        116.64534234464642        117.30751647722997        0.0000000000000000     
   302.52185430053157        52.386473357848203       -281.18159675252343       -56.963351656045646        80.419002445756163     

 PASSED   1.0000000000000001E-005
 MU_R    =    325.00000000000000     
 ALPHA_S =   0.11799999999999999     
 BORN                    1.2043619752558956E-007
 SINGLE POLE (MadFKS)   -6.8581962619426765E-010
 DOUBLE POLE (MadFKS)   -6.0315357527465547E-009
 SINGLE POLE (MadLoop)  -6.8581962619428781E-010
 DOUBLE POLE (MadLoop)  -6.0315357527465316E-009
 FINITE PART (MadLoop)   1.2493208166555157E-008
   325.00000000000000        0.0000000000000000        0.0000000000000000        325.00000000000000        0.0000000000000000     
   325.00000000000000        0.0000000000000000        0.0000000000000000       -325.00000000000000        0.0000000000000000     
   112.91959864369839       -46.163211730078871        30.637509037952938       -98.376719560916413        1.7769999999999999     
   246.85058157866422       -154.84901353522585        162.60534781454149        102.54995609459891        0.0000000000000000     
   290.22981977763743        201.01222526530469       -193.24285685249444       -4.1732365336824975        80.419002445756163     

 PASSED   1.0000000000000001E-005
 MU_R    =    325.00000000000000     
 ALPHA_S =   0.11799999999999999     
 BORN                    2.5578662060859535E-007
 SINGLE POLE (MadFKS)   -1.4565677772582529E-009
 DOUBLE POLE (MadFKS)   -1.2809987188005993E-008
 SINGLE POLE (MadLoop)  -1.4565677772584690E-009
 DOUBLE POLE (MadLoop)  -1.2809987188006216E-008
 FINITE PART (MadLoop)   3.5098366575645211E-008
   325.00000000000000        0.0000000000000000        0.0000000000000000        325.00000000000000        0.0000000000000000     
   325.00000000000000        0.0000000000000000        0.0000000000000000       -325.00000000000000        0.0000000000000000     
   39.828636316819555        17.931035079935405        35.459277852633512        2.0688491944405127        1.7769999999999999     
   291.70135530478262        222.98737070918654       -6.9277542088319040        187.93168815416092        0.0000000000000000     
   318.47000837839772       -240.91840578912183       -28.531523643801641       -190.00053734860148        80.419002445756163     

 PASSED   1.0000000000000001E-005
 MU_R    =    325.00000000000000     
 ALPHA_S =   0.11799999999999999     
 BORN                    1.3709091147681815E-007
 SINGLE POLE (MadFKS)   -7.8065930007202681E-010
 DOUBLE POLE (MadFKS)   -6.8656164088321832E-009
 SINGLE POLE (MadLoop)  -7.8065930007211242E-010
 DOUBLE POLE (MadLoop)  -6.8656164088322212E-009
 FINITE PART (MadLoop)   1.3506602513059884E-008
   325.00000000000000        0.0000000000000000        0.0000000000000000        325.00000000000000        0.0000000000000000     
   325.00000000000000        0.0000000000000000        0.0000000000000000       -325.00000000000000        0.0000000000000000     
   90.224799081036650       -84.950575844093024       -30.177847745645469       -3.1707742605040723        1.7769999999999999     
   244.51845876676182       -155.58991552415361        4.0761421655700278        188.58536510001360        0.0000000000000000     
   315.25674215220147        240.54049136824662        26.101705580075468       -185.41459083950960        80.419002445756163     

 PASSED   1.0000000000000001E-005
 MU_R    =    325.00000000000000     
 ALPHA_S =   0.11799999999999999     
 BORN                    2.2607418257459403E-009
 SINGLE POLE (MadFKS)   -1.2873713598649354E-011
 DOUBLE POLE (MadFKS)   -1.1321965845707572E-010
 SINGLE POLE (MadLoop)  -1.2873713598661300E-011
 DOUBLE POLE (MadLoop)  -1.1321965845707454E-010
 FINITE PART (MadLoop)   3.7745533234798902E-010
   325.00000000000000        0.0000000000000000        0.0000000000000000        325.00000000000000        0.0000000000000000     
   325.00000000000000        0.0000000000000000        0.0000000000000000       -325.00000000000000        0.0000000000000000     
   244.18158223919991        3.1086988966569389        114.76875908215669        215.49931625355796        1.7769999999999999     
   134.30620427119922        132.00670832212865       -18.880006945877767       -15.997837398134298        0.0000000000000000     
   271.51221348960092       -135.11540721878555       -95.888752136278953       -199.50147885542376        80.419002445756163     

 PASSED   1.0000000000000001E-005
 MU_R    =    325.00000000000000     
 ALPHA_S =   0.11799999999999999     
 BORN                    5.9339295557007421E-009
 SINGLE POLE (MadFKS)   -3.3790549962266258E-011
 DOUBLE POLE (MadFKS)   -2.9717567479564360E-010
 SINGLE POLE (MadLoop)  -3.3790549962287002E-011
 DOUBLE POLE (MadLoop)  -2.9717567479563905E-010
 FINITE PART (MadLoop)   5.5969293042573888E-010
   325.00000000000000        0.0000000000000000        0.0000000000000000        325.00000000000000        0.0000000000000000     
   325.00000000000000        0.0000000000000000        0.0000000000000000       -325.00000000000000        0.0000000000000000     
   297.77554122705851       -241.50832989269148        7.9370393698744426        174.00530228286607        1.7769999999999999     
   60.176326479301693        28.773958860802825        52.838459227804577       -1.1605112890297673        0.0000000000000000     
   292.04813229363981        212.73437103188857       -60.775498597678954       -172.84479099383651        80.419002445756163     

 PASSED   1.0000000000000001E-005
 MU_R    =    325.00000000000000     
 ALPHA_S =   0.11799999999999999     
 BORN                    7.2806755246891566E-004
 SINGLE POLE (MadFKS)   -4.1459546792177089E-006
 DOUBLE POLE (MadFKS)   -3.6462173028984008E-005
 SINGLE POLE (MadLoop)  -4.1459546792180375E-006
 DOUBLE POLE (MadLoop)  -3.6462173028988711E-005
 FINITE PART (MadLoop)   1.0081860089280385E-004
   325.00000000000000        0.0000000000000000        0.0000000000000000        325.00000000000000        0.0000000000000000     
   325.00000000000000        0.0000000000000000        0.0000000000000000       -325.00000000000000        0.0000000000000000     
   168.55024674919656        103.74372808768526       -40.126685262324067       -126.62194107871608        1.7769999999999999     
   156.73814752676796        63.115044412778197        31.617539551330790       -139.94166374463305        0.0000000000000000     
   324.71160572403551       -166.85877250046343        8.5091457109932680        266.56360482334912        80.419002445756163     

 PASSED   1.0000000000000001E-005
 MU_R    =    325.00000000000000     
 ALPHA_S =   0.11799999999999999     
 BORN                    2.5096027390563372E-008
 SINGLE POLE (MadFKS)   -1.4290843183005944E-010
 DOUBLE POLE (MadFKS)   -1.2568280099172686E-009
 SINGLE POLE (MadLoop)  -1.4290843183005910E-010
 DOUBLE POLE (MadLoop)  -1.2568280099172676E-009
 FINITE PART (MadLoop)   3.5522853409898005E-009
   325.00000000000000        0.0000000000000000        0.0000000000000000        325.00000000000000        0.0000000000000000     
   325.00000000000000        0.0000000000000000        0.0000000000000000       -325.00000000000000        0.0000000000000000     
   246.95980778438954        240.02891164751742       -4.0537907930491475        57.928208028706329        1.7769999999999999     
   215.06348521201545       -145.22529840819442       -134.49246024672513       -84.105252574216237        0.0000000000000000     
   187.97670700359507       -94.803613239322900        138.54625103977429        26.177044545509890        80.419002445756163     

 PASSED   1.0000000000000001E-005
 MU_R    =    325.00000000000000     
 ALPHA_S =   0.11799999999999999     
 BORN                    6.6643186769691686E-007
 SINGLE POLE (MadFKS)   -3.7949724732112609E-009
 DOUBLE POLE (MadFKS)   -3.3375411374388114E-008
 SINGLE POLE (MadLoop)  -3.7949724732113106E-009
 DOUBLE POLE (MadLoop)  -3.3375411374388141E-008
 FINITE PART (MadLoop)   1.2389032890998031E-007
   325.00000000000000        0.0000000000000000        0.0000000000000000        325.00000000000000        0.0000000000000000     
   325.00000000000000        0.0000000000000000        0.0000000000000000       -325.00000000000000        0.0000000000000000     
   291.76134573986491        150.08813617696404        45.262344326122424       -246.06177416243605        1.7769999999999999     
   154.16992060393531       -107.00234866110151        57.296268751125055        95.057873883390840        0.0000000000000000     
   204.06873365619975       -43.085787515862506       -102.55861307724749        151.00390027904524        80.419002445756163     

 PASSED   1.0000000000000001E-005
 MU_R    =    325.00000000000000     
 ALPHA_S =   0.11799999999999999     
 BORN                    1.2069946963078366E-008
 SINGLE POLE (MadFKS)   -6.8731881979620201E-011
 DOUBLE POLE (MadFKS)   -6.0447206186573333E-010
 SINGLE POLE (MadLoop)  -6.8731881979567571E-011
 DOUBLE POLE (MadLoop)  -6.0447206186573519E-010
 FINITE PART (MadLoop)   1.8715331251507543E-009
   325.00000000000000        0.0000000000000000        0.0000000000000000        325.00000000000000        0.0000000000000000     
   325.00000000000000        0.0000000000000000        0.0000000000000000       -325.00000000000000        0.0000000000000000     
   201.34952580045021        9.8725776754826757        97.161673972550958        176.06991546530423        1.7769999999999999     
   307.63374969512455       -64.655226306374516       -121.18499914906688       -275.26790885243901        0.0000000000000000     
   141.01672450442524        54.782648630891842        24.023325176515936        99.197993387134801        80.419002445756163     

 PASSED   1.0000000000000001E-005
 MU_R    =    325.00000000000000     
 ALPHA_S =   0.11799999999999999     
 BORN                    2.5075380302538950E-008
 SINGLE POLE (MadFKS)   -1.4279085772458406E-010
 DOUBLE POLE (MadFKS)   -1.2557939881516530E-009
 SINGLE POLE (MadLoop)  -1.4279085772458918E-010
 DOUBLE POLE (MadLoop)  -1.2557939881516505E-009
 FINITE PART (MadLoop)   2.5260484629126714E-009
   325.00000000000000        0.0000000000000000        0.0000000000000000        325.00000000000000        0.0000000000000000     
   325.00000000000000        0.0000000000000000        0.0000000000000000       -325.00000000000000        0.0000000000000000     
   190.82775700834591        84.887770764975244       -169.58835080457956       -21.117120110758666        1.7769999999999999     
   219.55854780289479        125.12400494154211        149.28763881802010        101.30715767824810        0.0000000000000000     
   239.61369518875924       -210.01177570651728        20.300711986559435       -80.190037567489341        80.419002445756163     

 PASSED   1.0000000000000001E-005
 MU_R    =    325.00000000000000     
 ALPHA_S =   0.11799999999999999     
 BORN                    3.9841235424322483E-008
 SINGLE POLE (MadFKS)   -2.2687449244668373E-010
 DOUBLE POLE (MadFKS)   -1.9952791671651313E-009
 SINGLE POLE (MadLoop)  -2.2687449244667975E-010
 DOUBLE POLE (MadLoop)  -1.9952791671651346E-009
 FINITE PART (MadLoop)   5.1718677809989019E-009
   325.00000000000000        0.0000000000000000        0.0000000000000000        325.00000000000000        0.0000000000000000     
   325.00000000000000        0.0000000000000000        0.0000000000000000       -325.00000000000000        0.0000000000000000     
   179.75946932793647        21.493969988395168       -173.07147792176005       -43.526794830047031        1.7769999999999999     
   228.03285104224076       -213.67942521420412        50.816843337129072        61.300349328774594        0.0000000000000000     
   242.20767962982268        192.18545522580891        122.25463458463099       -17.773554498727595        80.419002445756163     

 PASSED   1.0000000000000001E-005
 MU_R    =    325.00000000000000     
 ALPHA_S =   0.11799999999999999     
 BORN                    2.4429945323596610E-006
 SINGLE POLE (MadFKS)   -1.3911545128461579E-008
 DOUBLE POLE (MadFKS)   -1.2234701168276953E-007
 SINGLE POLE (MadLoop)  -1.3911545128465649E-008
 DOUBLE POLE (MadLoop)  -1.2234701168276625E-007
 FINITE PART (MadLoop)   1.8182024958806837E-007
   325.00000000000000        0.0000000000000000        0.0000000000000000        325.00000000000000        0.0000000000000000     
   325.00000000000000        0.0000000000000000        0.0000000000000000       -325.00000000000000        0.0000000000000000     
   133.07980655332403       -7.4411444130832285       -114.92578933211865       -66.661604387257853        1.7769999999999999     
   194.13217165132659        8.4982216628373415       -193.37106199809088        14.923561249242546        0.0000000000000000     
   322.78802179534938       -1.0570772497541110        308.29685133020956        51.738043138015264        80.419002445756163     

 PASSED   1.0000000000000001E-005
 MU_R    =    325.00000000000000     
 ALPHA_S =   0.11799999999999999     
 BORN                    5.8319109594567325E-008
 SINGLE POLE (MadFKS)   -3.3209608708902313E-010
 DOUBLE POLE (MadFKS)   -2.9206650642821804E-009
 SINGLE POLE (MadLoop)  -3.3209608708904438E-010
Thanks for using LHAPDF 6.2.1. Please make sure to cite the paper:
  Eur.Phys.J. C75 (2015) 3, 132  (http://arxiv.org/abs/1412.7420)
 DOUBLE POLE (MadLoop)  -2.9206650642821593E-009
 FINITE PART (MadLoop)   4.3136256393413133E-009
   325.00000000000000        0.0000000000000000        0.0000000000000000        325.00000000000000        0.0000000000000000     
   325.00000000000000        0.0000000000000000        0.0000000000000000       -325.00000000000000        0.0000000000000000     
   248.74711572516739        247.71911500286166       -9.2522655197216839        20.533034299424596        1.7769999999999999     
   95.076268663883170        35.596107588629863        87.740377978634029        8.6046533777957475        0.0000000000000000     
   306.17661561094940       -283.31522259149153       -78.488112458912326       -29.137687677220345        80.419002445756163     

 PASSED   1.0000000000000001E-005
 MU_R    =    325.00000000000000     
 ALPHA_S =   0.11799999999999999     
 BORN                    1.5500276312431933E-007
 SINGLE POLE (MadFKS)   -8.8265769967050534E-010
 DOUBLE POLE (MadFKS)   -7.7626554704219577E-009
 SINGLE POLE (MadLoop)  -8.8265769967051196E-010
 DOUBLE POLE (MadLoop)  -7.7626554704219461E-009
 FINITE PART (MadLoop)   1.9717079389418864E-008
   325.00000000000000        0.0000000000000000        0.0000000000000000        325.00000000000000        0.0000000000000000     
   325.00000000000000        0.0000000000000000        0.0000000000000000       -325.00000000000000        0.0000000000000000     
   208.12208341808261       -58.276966928919819       -11.149923980488060       -199.47711196545399        1.7769999999999999     
   205.60602849518887       -150.62279320778728       -30.753726239574465        136.53139361417902        0.0000000000000000     
   236.27188808672855        208.89976013670707        41.903650220062403        62.945718351274941        80.419002445756163     

 PASSED   1.0000000000000001E-005
 MU_R    =    325.00000000000000     
 ALPHA_S =   0.11799999999999999     
 BORN                    3.5457638265895086E-008
 SINGLE POLE (MadFKS)   -2.0191225496039857E-010
 DOUBLE POLE (MadFKS)   -1.7757453099867256E-009
 SINGLE POLE (MadLoop)  -2.0191225496045249E-010
 DOUBLE POLE (MadLoop)  -1.7757453099869256E-009
 FINITE PART (MadLoop)   5.1248569530701829E-009
   325.00000000000000        0.0000000000000000        0.0000000000000000        325.00000000000000        0.0000000000000000     
   325.00000000000000        0.0000000000000000        0.0000000000000000       -325.00000000000000        0.0000000000000000     
   291.27558976882051        249.04241384032898        128.93585898792102        78.687558367275756        1.7769999999999999     
   262.81769638810584       -235.88472547042812       -111.62470917856571       -31.168287172892761        0.0000000000000000     
   95.906713843073661       -13.157688369900878       -17.311149809355346       -47.519271194382959        80.419002445756163     

 NUMBER OF POINTS PASSING THE CHECK          20
 NUMBER OF POINTS FAILING THE CHECK           0
 TOLERANCE    1.0000000000000001E-005
