==== LHAPDF6 USING DEFAULT-TYPE LHAGLUE INTERFACE ====
LHAPDF 6.2.1 loading /cvmfs/cms.cern.ch/slc7_amd64_gcc700/external/lhapdf/6.2.1-pafccj3/share/LHAPDF/NNPDF31_nnlo_as_0118_nf_4_mc_hessian/NNPDF31_nnlo_as_0118_nf_4_mc_hessian_0000.dat
NNPDF31_nnlo_as_0118_nf_4_mc_hessian PDF set, member #0, version 1; LHAPDF ID = 325500
 A PDF is used, so alpha_s(MZ) is going to be modified
 Old value of alpha_s from param_card:   0.11799999999999999     
 New value of alpha_s from PDF lhapdf :  0.11266013434007299     
 *****************************************************
 *               MadGraph/MadEvent                   *
 *        --------------------------------           *
 *          http://madgraph.hep.uiuc.edu             *
 *          http://madgraph.phys.ucl.ac.be           *
 *          http://madgraph.roma2.infn.it            *
 *        --------------------------------           *
 *                                                   *
 *          PARAMETER AND COUPLING VALUES            *
 *                                                   *
 *****************************************************

  External Params
  ---------------------------------
  
 MU_R =    91.188000000000002     
 aEWM1 =    132.50700000000001     
 mdl_Gf =    1.1663900000000000E-005
 aS =   0.11799999999999999     
 mdl_ymb =    4.7000000000000002     
 mdl_ymt =    173.00000000000000     
 mdl_ymtau =    1.7769999999999999     
 mdl_MT =    173.00000000000000     
 mdl_MB =    4.7000000000000002     
 mdl_MZ =    91.188000000000002     
 mdl_MH =    125.00000000000000     
 mdl_MTA =    1.7769999999999999     
 mdl_WT =    1.4915000000000000     
 mdl_WZ =    2.4414039999999999     
 mdl_WW =    2.0476000000000001     
 mdl_WH =    6.3823389999999999E-003
  Internal Params
  ---------------------------------
  
 mdl_conjg__CKM3x3 =    1.0000000000000000     
 mdl_CKM22 =    1.0000000000000000     
 mdl_lhv =    1.0000000000000000     
 mdl_CKM3x3 =    1.0000000000000000     
 mdl_conjg__CKM22 =    1.0000000000000000     
 mdl_conjg__CKM33 =    1.0000000000000000     
 mdl_Ncol =    3.0000000000000000     
 mdl_CA =    3.0000000000000000     
 mdl_TF =   0.50000000000000000     
 mdl_CF =    1.3333333333333333     
 mdl_complexi =                (0.0000000000000000,1.0000000000000000)
 mdl_MZ__exp__2 =    8315.2513440000002     
 mdl_MZ__exp__4 =    69143404.913893804     
 mdl_sqrt__2 =    1.4142135623730951     
 mdl_MH__exp__2 =    15625.000000000000     
 mdl_Ncol__exp__2 =    9.0000000000000000     
 mdl_MB__exp__2 =    22.090000000000003     
 mdl_MT__exp__2 =    29929.000000000000     
 mdl_aEW =    7.5467711139788835E-003
 mdl_MW =    80.419002445756163     
 mdl_sqrt__aEW =    8.6872153846781555E-002
 mdl_ee =   0.30795376724436879     
 mdl_MW__exp__2 =    6467.2159543705357     
 mdl_sw2 =   0.22224648578577766     
 mdl_cw =   0.88190334743339216     
 mdl_sqrt__sw2 =   0.47143025548407230     
 mdl_sw =   0.47143025548407230     
 mdl_g1 =   0.34919219678733299     
 mdl_gw =   0.65323293034757990     
 mdl_v =    246.21845810181637     
 mdl_v__exp__2 =    60623.529110035903     
 mdl_lam =   0.12886910601690263     
 mdl_yb =    2.6995554250465490E-002
 mdl_yt =   0.99366614581500623     
 mdl_ytau =    1.0206617000654717E-002
 mdl_muH =    88.388347648318430     
 mdl_AxialZUp =  -0.18517701861793787     
 mdl_AxialZDown =   0.18517701861793787     
 mdl_VectorZUp =    7.5430507588273299E-002
 mdl_VectorZDown =  -0.13030376310310560     
 mdl_VectorAUp =   0.20530251149624587     
 mdl_VectorADown =  -0.10265125574812294     
 mdl_VectorWmDxU =   0.23095271737156670     
 mdl_AxialWmDxU =  -0.23095271737156670     
 mdl_VectorWpUxD =   0.23095271737156670     
 mdl_AxialWpUxD =  -0.23095271737156670     
 mdl_I1x33 =          (2.69955542504654901E-002,0.0000000000000000)
 mdl_I2x33 =               (0.99366614581500623,0.0000000000000000)
 mdl_I3x33 =               (0.99366614581500623,0.0000000000000000)
 mdl_I4x33 =          (2.69955542504654901E-002,0.0000000000000000)
 mdl_Vector_tbGp =              (-0.96667059156454072,0.0000000000000000)
 mdl_Axial_tbGp =              (-1.0206617000654716,-0.0000000000000000)
 mdl_Vector_tbGm =               (0.96667059156454072,0.0000000000000000)
 mdl_Axial_tbGm =              (-1.0206617000654716,-0.0000000000000000)
 mdl_gw__exp__2 =   0.42671326129048615     
 mdl_cw__exp__2 =   0.77775351421422245     
 mdl_ee__exp__2 =    9.4835522759998875E-002
 mdl_sw__exp__2 =   0.22224648578577769     
 mdl_yb__exp__2 =    7.2875994928982540E-004
 mdl_yt__exp__2 =   0.98737240933884918     
  Internal Params evaluated point by point
  ----------------------------------------
  
 mdl_sqrt__aS =   0.34351128074635334     
 mdl_G__exp__4 =    2.1987899468922913     
 mdl_G__exp__2 =    1.4828317324943823     
 mdl_R2MixedFactor_FIN_ =   -2.5040377713124864E-002
 mdl_G_UVg_1EPS_ =   -5.1645779033320030E-002
 mdl_G_UVq_1EPS_ =    3.1300472141406080E-003
 mdl_GWcft_UV_b_1EPS_ =   -3.1300472141406080E-003
 mdl_GWcft_UV_t_1EPS_ =   -3.1300472141406080E-003
 mdl_bWcft_UV_1EPS_ =   -1.8780283284843650E-002
 mdl_tWcft_UV_1EPS_ =   -1.8780283284843650E-002
 mdl_G__exp__3 =    1.8056676068262196     
 mdl_MU_R__exp__2 =    8315.2513440000002     
 mdl_G_UVb_FIN_ =    1.8563438626678915E-002
 mdl_G_UVt_FIN_ =   -4.0087659331150384E-003
 mdl_GWcft_UV_b_FIN_ =   -1.8563438626678915E-002
 mdl_GWcft_UV_t_FIN_ =    4.0087659331150384E-003
 mdl_bWcft_UV_FIN_ =  -0.13642100947319838     
 mdl_tWcft_UV_FIN_ =   -9.8778211443463623E-004
  Couplings of loop_sm
  ---------------------------------
  
      UV_GQQb =   0.00000E+00   0.22605E-01
      UV_GQQt =   0.00000E+00  -0.48815E-02
   UVWfct_G_2 =   0.40088E-02   0.00000E+00
   UVWfct_G_1 =  -0.18563E-01   0.00000E+00
       R2_DDA =   0.00000E+00   0.25704E-02
       R2_UUA =  -0.00000E+00  -0.51409E-02
    R2_UUZ_V2 =  -0.00000E+00  -0.72127E-02
    R2_UUZ_V5 =   0.00000E+00   0.68702E-03
      R2_sxcW =  -0.00000E+00  -0.11566E-01
      R2_GGHb =   0.00000E+00  -0.33698E-02
      R2_GGHt =   0.00000E+00  -0.45657E+01
     R2_GGZup =  -0.46369E-02   0.00000E+00
    R2_GGWWcs =   0.00000E+00   0.13356E-02
         GC_4 =  -0.12177E+01   0.00000E+00
         GC_5 =   0.00000E+00   0.12177E+01
       R2_GQQ =  -0.00000E+00  -0.30492E-01
       R2_QQq =   0.00000E+00   0.12520E-01
 UV_GQQg_1eps =   0.00000E+00  -0.62890E-01
 UV_GQQq_1eps =   0.00000E+00   0.38115E-02
 UVWfct_G_2_1eps -0.31300E-02   0.00000E+00
         GC_1 =  -0.00000E+00  -0.10265E+00
         GC_2 =   0.00000E+00   0.20530E+00
         GC_7 =   0.00000E+00   0.57609E+00
        GC_22 =   0.00000E+00   0.28804E+00
        GC_23 =  -0.00000E+00  -0.27437E-01
        GC_24 =   0.00000E+00   0.82310E-01
        GC_25 =   0.00000E+00   0.30795E+00
        GC_28 =   0.00000E+00   0.37035E+00
        GC_31 =   0.00000E+00   0.52532E+02
        GC_33 =  -0.00000E+00  -0.19089E-01
        GC_37 =  -0.00000E+00  -0.70263E+00
        GC_38 =  -0.00000E+00  -0.72172E-02
        GC_47 =   0.00000E+00   0.46191E+00

 Collider parameters:
 --------------------

 Running at P P   machine @    13000.000000000000       GeV
 PDF set = lhapdf 
 alpha_s(Mz)= 0.1127 running at 3 loops.
 alpha_s(Mz)= 0.1127 running at 3 loops.
 Renormalization scale set on event-by-event basis
 Factorization   scale set on event-by-event basis


 ===============================================================
 INFO: MadFKS read these parameters from FKS_params.dat
 ===============================================================
  > IRPoleCheckThreshold      =    1.0000000000000001E-005
  > PrecisionVirtualAtRunTime =    1.0000000000000000E-003
  > NHelForMCoverHels         =            4
  > VirtualFraction           =    1.0000000000000000     
  > MinVirtualFraction        =    5.0000000000000001E-003
 ===============================================================
  Insert the number of points to test
 Insert the relative tolerance
  A negative number will mean use the default one:    1.0000000000000001E-005
Using random seed offsets:     1 ,      7 ,      0
  with seed                   32
 Ranmar initialization seeds       10730        9413
  ========================================================================================== 
 {                                                                                          }
 {       [32m                                                                            [0m       }
 {       [32m                               ,,                                           [0m       }
 {       [32m`7MMM.     ,MMF'             `7MM  `7MMF'                                   [0m       }
 {       [32m  MMMb    dPMM                 MM    MM                                     [0m       }
 {       [32m  M YM   ,M MM   ,6"Yb.   ,M""bMM    MM         ,pW"Wq.   ,pW"Wq.`7MMpdMAo. [0m       }
 {       [32m  M  Mb  M' MM  8)   MM ,AP    MM    MM        6W'   `Wb 6W'   `Wb MM   `Wb [0m       }
 {       [32m  M  YM.P'  MM   ,pm9MM 8MI    MM    MM      , 8M     M8 8M     M8 MM    M8 [0m       }
 {       [32m  M  `YM'   MM  8M   MM `Mb    MM    MM     ,M YA.   ,A9 YA.   ,A9 MM   ,AP [0m       }
 {       [32m.JML. `'  .JMML.`Moo9^Yo.`Wbmd"MML..JMMmmmmMMM  `Ybmd9'   `Ybmd9'  MMbmmd'  [0m       }
 {       [32m                                                                   MM       [0m       }
 {       [32m                                                                 .JMML.     [0m       }
 {       [32m[0mv2.6.5 (2018-02-03), Ref: arXiv:1103.0621v2, arXiv:1405.0301[32m                [0m       }
 {       [32m                                                                            [0m       }
 {                                                                                          }
  ========================================================================================== 
 ===============================================================
 INFO: MadLoop read these parameters from ./MadLoop5_resources/MadLoopParams.dat                                                                                                                                                                                                                                                                                                                                                                                                                                                                                          
 ===============================================================
  > MLReductionLib            = 6|7|1
  > CTModeRun                 =           -1
  > MLStabThres               =    1.0000000000000000E-003
  > NRotations_DP             =            0
  > NRotations_QP             =            0
  > CTStabThres               =    1.0000000000000000E-002
  > CTLoopLibrary             =            2
  > CTModeInit                =            1
  > CheckCycle                =            3
  > MaxAttempts               =           10
  > UseLoopFilter             =  F
  > HelicityFilterLevel       =            2
  > ImprovePSPoint            =            2
  > DoubleCheckHelicityFilter =  T
  > LoopInitStartOver         =  F
  > HelInitStartOver          =  F
  > ZeroThres                 =    1.0000000000000001E-009
  > OSThres                   =    1.0000000000000000E-008
  > WriteOutFilters           =  T
  > UseQPIntegrandForNinja    =  T
  > UseQPIntegrandForCutTools =  T
  > IREGIMODE                 =            2
  > IREGIRECY                 =  T
  > COLLIERMode               =            1
  > COLLIERRequiredAccuracy   =    1.0000000000000000E-008
  > COLLIERCanOutput          =  F
  > COLLIERComputeUVpoles     =  T
  > COLLIERComputeIRpoles     =  T
  > COLLIERGlobalCache        =           -1
  > COLLIERUseCacheForPoles   =  F
  > COLLIERUseInternalStabilityTest =  T
 ===============================================================
  
------------------------------------------------------------------------
|              You are using CutTools - Version 1.9.3                  |
|              Authors: G. Ossola, C. Papadopoulos, R. Pittau          |
|              Published in JHEP 0803:042,2008                         |
|              http://www.ugr.es/~pittau/CutTools                      |
|                                                                      |
|              Compiler with  34  significant digits detetected        |
 ---------------------------------------------------------------------- 
   
########################################################################
#                                                                      #

  +----------------------------------------------------------------+
  |                                                                |
  |  Ninja - version 1.1.0                                         |
  |                                                                |
  |  Author: Tiziano Peraro                                        |
  |                                                                |
  |  Based on:                                                     |
  |                                                                |
  |      P. Mastrolia, E. Mirabella and T. Peraro,                 |
  |      "Integrand reduction of one-loop scattering amplitudes    |
  |      through Laurent series expansion,"                        |
  |      JHEP 1206 (2012) 095  [arXiv:1203.0291 [hep-ph]].         |
  |                                                                |
  |      T. Peraro,                                                |
  |      "Ninja: Automated Integrand Reduction via Laurent         |
  |      Expansion for One-Loop Amplitudes,"                       |
  |      Comput.Phys.Commun. 185 (2014) [arXiv:1403.1229 [hep-ph]] |
  |                                                                |
  +----------------------------------------------------------------+


#                      You are using OneLOop-3.6                       #
#                                                                      #
# for the evaluation of 1-loop scalar 1-, 2-, 3- and 4-point functions #
#                                                                      #
# author: Andreas van Hameren <hamerenREMOVETHIS@ifj.edu.pl>           #
#   date: 18-02-2015                                                   #
#                                                                      #
# Please cite                                                          #
#    A. van Hameren,                                                   #
#      Comput.Phys.Commun. 182 (2011) 2427-2438, arXiv:1007.4716       #
#    A. van Hameren, C.G. Papadopoulos and R. Pittau,                  #
#      JHEP 0909:106,2009, arXiv:0903.4665                             #
# in publications with results obtained with the help of this program. #
#                                                                      #
########################################################################
########################################################################
#                                                                      #
#                      You are using OneLOop-3.6                       #
#                                                                      #
# for the evaluation of 1-loop scalar 1-, 2-, 3- and 4-point functions #
#                                                                      #
# author: Andreas van Hameren <hamerenREMOVETHIS@ifj.edu.pl>           #
#   date: 18-02-2015                                                   #
#                                                                      #
# Please cite                                                          #
#    A. van Hameren,                                                   #
#      Comput.Phys.Commun. 182 (2011) 2427-2438, arXiv:1007.4716       #
#    A. van Hameren, C.G. Papadopoulos and R. Pittau,                  #
#      JHEP 0909:106,2009, arXiv:0903.4665                             #
# in publications with results obtained with the help of this program. #
#                                                                      #
########################################################################
 PASSED   1.0000000000000001E-005
 MU_R    =    325.00000000000000     
 ALPHA_S =   0.11799999999999999     
 BORN                    4.7584066025999561E-007
 SINGLE POLE (MadFKS)   -2.7096576482183014E-009
 DOUBLE POLE (MadFKS)   -2.3830459728346029E-008
 SINGLE POLE (MadLoop)  -2.7096576482445780E-009
 DOUBLE POLE (MadLoop)  -2.3830459728346115E-008
 FINITE PART (MadLoop)   6.6224208206392189E-008
   325.00000000000000        0.0000000000000000        0.0000000000000000        325.00000000000000        0.0000000000000000     
   325.00000000000000        0.0000000000000000        0.0000000000000000       -325.00000000000000        0.0000000000000000     
   272.19220558073431       -193.82797592140270        73.522811422015096        176.39078414055442        0.0000000000000000     
   294.38139264342510        210.08349193367073       -79.339493048205895       -190.34330982330695        0.0000000000000000     
   83.426401775840546       -16.255516012268014        5.8166816261908272        13.952525682752428        80.419002445756163     

 PASSED   1.0000000000000001E-005
 MU_R    =    325.00000000000000     
 ALPHA_S =   0.11799999999999999     
 BORN                    2.9583090329874758E-008
 SINGLE POLE (MadFKS)   -1.6845985151096456E-010
 DOUBLE POLE (MadFKS)   -1.4815435115631112E-009
 SINGLE POLE (MadLoop)  -1.6845985151097501E-010
 DOUBLE POLE (MadLoop)  -1.4815435115631132E-009
 FINITE PART (MadLoop)   4.3986300067024871E-009
   325.00000000000000        0.0000000000000000        0.0000000000000000        325.00000000000000        0.0000000000000000     
   325.00000000000000        0.0000000000000000        0.0000000000000000       -325.00000000000000        0.0000000000000000     
   251.97878270955766        82.388130105342725        218.14336090292332       -95.493335094720422        0.0000000000000000     
   247.16089276022231        35.537008791050951       -199.98127862237641        140.83009662985540        0.0000000000000000     
   150.86032453022003       -117.92513889639351       -18.162082280546869       -45.336761535135047        80.419002445756163     

 PASSED   1.0000000000000001E-005
 MU_R    =    325.00000000000000     
 ALPHA_S =   0.11799999999999999     
 BORN                    5.1730470482572602E-008
 SINGLE POLE (MadFKS)   -2.9457731693723938E-010
 DOUBLE POLE (MadFKS)   -2.5907010403225494E-009
 SINGLE POLE (MadLoop)  -2.9457731693721984E-010
 DOUBLE POLE (MadLoop)  -2.5907010403225142E-009
 FINITE PART (MadLoop)   9.9282852889140770E-009
   325.00000000000000        0.0000000000000000        0.0000000000000000        325.00000000000000        0.0000000000000000     
   325.00000000000000        0.0000000000000000        0.0000000000000000       -325.00000000000000        0.0000000000000000     
   74.675067081325665       -46.222546254370748        58.623371621975657        1.7726141810292491        0.0000000000000000     
   306.87979897641134        299.62288377294152       -53.905424598363467       -38.672260578600898        0.0000000000000000     
   268.44513394226300       -253.40033751857072       -4.7179470236122416        36.899646397571651        80.419002445756163     

 PASSED   1.0000000000000001E-005
 MU_R    =    325.00000000000000     
 ALPHA_S =   0.11799999999999999     
 BORN                    1.1375169466365267E-007
 SINGLE POLE (MadFKS)   -6.4775496334160912E-010
 DOUBLE POLE (MadFKS)   -5.6967707997718258E-009
 SINGLE POLE (MadLoop)  -6.4775496334135714E-010
 DOUBLE POLE (MadLoop)  -5.6967707997718042E-009
 FINITE PART (MadLoop)   1.5829697146484862E-008
   325.00000000000000        0.0000000000000000        0.0000000000000000        325.00000000000000        0.0000000000000000     
   325.00000000000000        0.0000000000000000        0.0000000000000000       -325.00000000000000        0.0000000000000000     
   59.368902542887490        59.057716291722734       0.79159851396339409        6.0188127854212503        0.0000000000000000     
   280.61996975364912        81.105201177145304       -219.47601899355831       -154.91865882873179        0.0000000000000000     
   310.01112770346344       -140.16291746886807        218.68442047959491        148.89984604331048        80.419002445756163     

 PASSED   1.0000000000000001E-005
 MU_R    =    325.00000000000000     
 ALPHA_S =   0.11799999999999999     
 BORN                    1.4453514944055773E-006
 SINGLE POLE (MadFKS)   -8.2305024733277742E-009
 DOUBLE POLE (MadFKS)   -7.2384294696290281E-008
 SINGLE POLE (MadLoop)  -8.2305024733277676E-009
 DOUBLE POLE (MadLoop)  -7.2384294696290877E-008
 FINITE PART (MadLoop)   2.5413288583973946E-007
   325.00000000000000        0.0000000000000000        0.0000000000000000        325.00000000000000        0.0000000000000000     
   325.00000000000000        0.0000000000000000        0.0000000000000000       -325.00000000000000        0.0000000000000000     
   117.70577233037594       -70.831115882550208        77.038145178387481        53.876952866663906        0.0000000000000000     
   211.21576958604049      -0.67447841229063554        131.36318642282802        165.39455750881294        0.0000000000000000     
   321.07845808358360        71.505594294840847       -208.40133160121547       -219.27151037547682        80.419002445756163     

 PASSED   1.0000000000000001E-005
 MU_R    =    325.00000000000000     
 ALPHA_S =   0.11799999999999999     
 BORN                    2.7817111260812405E-008
 SINGLE POLE (MadFKS)   -1.5840354676293472E-010
 DOUBLE POLE (MadFKS)   -1.3931019457175233E-009
 SINGLE POLE (MadLoop)  -1.5840354676295496E-010
 DOUBLE POLE (MadLoop)  -1.3931019457175216E-009
 FINITE PART (MadLoop)   3.5173695394287762E-009
   325.00000000000000        0.0000000000000000        0.0000000000000000        325.00000000000000        0.0000000000000000     
   325.00000000000000        0.0000000000000000        0.0000000000000000       -325.00000000000000        0.0000000000000000     
   275.73314958989226        83.144589422979266       -243.60517330764887        98.854775151211030        0.0000000000000000     
   163.74102913033659       -74.755021621603035        52.766442052342811       -135.78848977786058        0.0000000000000000     
   210.52582127977115       -8.3895678013762272        190.83873125530607        36.933714626649532        80.419002445756163     

 PASSED   1.0000000000000001E-005
 MU_R    =    325.00000000000000     
 ALPHA_S =   0.11799999999999999     
 BORN                    2.1404248786588197E-008
 SINGLE POLE (MadFKS)   -1.2188573039818844E-010
 DOUBLE POLE (MadFKS)   -1.0719409485637260E-009
 SINGLE POLE (MadLoop)  -1.2188573039819514E-010
 DOUBLE POLE (MadLoop)  -1.0719409485637084E-009
 FINITE PART (MadLoop)   2.4085292609214587E-009
   325.00000000000000        0.0000000000000000        0.0000000000000000        325.00000000000000        0.0000000000000000     
   325.00000000000000        0.0000000000000000        0.0000000000000000       -325.00000000000000        0.0000000000000000     
   257.66465566454156        112.00527182297726        228.66751535853169       -39.459615841305151        0.0000000000000000     
   125.80987987185266        93.988800860447185       -83.243888701331471        8.0427719143056056        0.0000000000000000     
   266.52546446360577       -205.99407268342441       -145.42362665720023        31.416843926999547        80.419002445756163     

 PASSED   1.0000000000000001E-005
 MU_R    =    325.00000000000000     
 ALPHA_S =   0.11799999999999999     
 BORN                    6.8339412234575425E-008
 SINGLE POLE (MadFKS)   -3.8915634266097402E-010
 DOUBLE POLE (MadFKS)   -3.4224893900934307E-009
 SINGLE POLE (MadLoop)  -3.8915634266139211E-010
 DOUBLE POLE (MadLoop)  -3.4224893900934017E-009
 FINITE PART (MadLoop)   1.3466565120155276E-008
   325.00000000000000        0.0000000000000000        0.0000000000000000        325.00000000000000        0.0000000000000000     
   325.00000000000000        0.0000000000000000        0.0000000000000000       -325.00000000000000        0.0000000000000000     
   162.45162478137226       -86.463714587578707       -22.871095989582297        135.61515188967931        0.0000000000000000     
   157.70275747668035       -73.924864208546481       -28.591289421402291        136.33712750648019        0.0000000000000000     
   329.84561774194736        160.38857879612519        51.462385410984481       -271.95227939615944        80.419002445756163     

 PASSED   1.0000000000000001E-005
 MU_R    =    325.00000000000000     
 ALPHA_S =   0.11799999999999999     
 BORN                    9.2062090339292153E-009
 SINGLE POLE (MadFKS)   -5.2424428602323714E-011
 DOUBLE POLE (MadFKS)   -4.6105390303113985E-010
 SINGLE POLE (MadLoop)  -5.2424428602320089E-011
 DOUBLE POLE (MadLoop)  -4.6105390303113995E-010
 FINITE PART (MadLoop)   1.2846826172491747E-009
   325.00000000000000        0.0000000000000000        0.0000000000000000        325.00000000000000        0.0000000000000000     
   325.00000000000000        0.0000000000000000        0.0000000000000000       -325.00000000000000        0.0000000000000000     
   168.85823569351390       -146.18326824316281        21.547902424574762       -81.726640383505298        0.0000000000000000     
   209.40775935520267       -68.628349592140978       -164.49099130364672        109.92940048216833        0.0000000000000000     
   271.73400495128351        214.81161783530382        142.94308887907198       -28.202760098662957        80.419002445756163     

 PASSED   1.0000000000000001E-005
 MU_R    =    325.00000000000000     
 ALPHA_S =   0.11799999999999999     
 BORN                    7.9966990804080364E-008
 SINGLE POLE (MadFKS)   -4.5536917361976994E-010
 DOUBLE POLE (MadFKS)   -4.0048073086323104E-009
 SINGLE POLE (MadLoop)  -4.5536917361975536E-010
 DOUBLE POLE (MadLoop)  -4.0048073086323104E-009
 FINITE PART (MadLoop)   7.8219516214504939E-009
   325.00000000000000        0.0000000000000000        0.0000000000000000        325.00000000000000        0.0000000000000000     
   325.00000000000000        0.0000000000000000        0.0000000000000000       -325.00000000000000        0.0000000000000000     
   128.75071358558552       -111.93820618084405        12.872019505526634        62.296832661553886        0.0000000000000000     
   248.43591307385839        35.526812481024081       -243.88715787827527        31.261841305930016        0.0000000000000000     
   272.81337334055610        76.411393699820323        231.01513837274871       -93.558673967483955        80.419002445756163     

 PASSED   1.0000000000000001E-005
 MU_R    =    325.00000000000000     
 ALPHA_S =   0.11799999999999999     
 BORN                    2.9693628429077068E-008
 SINGLE POLE (MadFKS)   -1.6908930676970488E-010
 DOUBLE POLE (MadFKS)   -1.4870793430745447E-009
 SINGLE POLE (MadLoop)  -1.6908930678212500E-010
 DOUBLE POLE (MadLoop)  -1.4870793430744990E-009
 FINITE PART (MadLoop)   3.8480668585089925E-009
   325.00000000000000        0.0000000000000000        0.0000000000000000        325.00000000000000        0.0000000000000000     
   325.00000000000000        0.0000000000000000        0.0000000000000000       -325.00000000000000        0.0000000000000000     
   295.76883294615078        54.852164983096031       -217.41346276454254       -192.87775596923072        0.0000000000000000     
   266.54170099407980       -35.692700806834942        189.57027200089047        183.93917867447277        0.0000000000000000     
   87.689466059769416       -19.159464176261086        27.843190763652114        8.9385772947579127        80.419002445756163     

 PASSED   1.0000000000000001E-005
 MU_R    =    325.00000000000000     
 ALPHA_S =   0.11799999999999999     
 BORN                    7.8890278223727384E-009
 SINGLE POLE (MadFKS)   -4.4923787227891309E-011
 DOUBLE POLE (MadFKS)   -3.9508847292312863E-010
 SINGLE POLE (MadLoop)  -4.4923787228032583E-011
 DOUBLE POLE (MadLoop)  -3.9508847292312795E-010
 FINITE PART (MadLoop)   7.0713835409339476E-010
   325.00000000000000        0.0000000000000000        0.0000000000000000        325.00000000000000        0.0000000000000000     
   325.00000000000000        0.0000000000000000        0.0000000000000000       -325.00000000000000        0.0000000000000000     
   300.58032631365512       -165.30308540671555       -198.62417316405927       -153.53130090225028        0.0000000000000000     
   78.364704796101023        76.109858702866859       -3.3132034042150833        18.366792022887402        0.0000000000000000     
   271.05496889024386        89.193226703848694        201.93737656827435        135.16450887936287        80.419002445756163     

 PASSED   1.0000000000000001E-005
 MU_R    =    325.00000000000000     
 ALPHA_S =   0.11799999999999999     
 BORN                    1.4769809007770007E-007
 SINGLE POLE (MadFKS)   -8.4106149984661740E-010
 DOUBLE POLE (MadFKS)   -7.3968319261054994E-009
 SINGLE POLE (MadLoop)  -8.4106149984659910E-010
 DOUBLE POLE (MadLoop)  -7.3968319261055093E-009
 FINITE PART (MadLoop)   1.7950928706170865E-008
   325.00000000000000        0.0000000000000000        0.0000000000000000        325.00000000000000        0.0000000000000000     
   325.00000000000000        0.0000000000000000        0.0000000000000000       -325.00000000000000        0.0000000000000000     
   180.96776338870779       -37.682940767136465       -62.410231424171826        165.63299905101374        0.0000000000000000     
   207.04776624460274       -186.79574348992841       -13.685246654819929       -88.254414874958300        0.0000000000000000     
   261.98447036668944        224.47868425706488        76.095478078991761       -77.378584176055313        80.419002445756163     

 PASSED   1.0000000000000001E-005
 MU_R    =    325.00000000000000     
 ALPHA_S =   0.11799999999999999     
 BORN                    8.9686763485791007E-007
 SINGLE POLE (MadFKS)   -5.1071807207571474E-009
 DOUBLE POLE (MadFKS)   -4.4915808671038045E-008
 SINGLE POLE (MadLoop)  -5.1071807207560580E-009
 DOUBLE POLE (MadLoop)  -4.4915808671038104E-008
 FINITE PART (MadLoop)   1.5860925662784725E-007
   325.00000000000000        0.0000000000000000        0.0000000000000000        325.00000000000000        0.0000000000000000     
   325.00000000000000        0.0000000000000000        0.0000000000000000       -325.00000000000000        0.0000000000000000     
   298.72843423687959       -47.766415076435138        169.67631040182326        241.17835039818044        0.0000000000000000     
   243.36979436304742        9.0672925985677857       -162.48043121966217       -180.96063241466791        0.0000000000000000     
   107.90177140007302        38.699122477867334       -7.1958791821610717       -60.217717983512500        80.419002445756163     

 PASSED   1.0000000000000001E-005
 MU_R    =    325.00000000000000     
 ALPHA_S =   0.11799999999999999     
 BORN                    3.3028728396802815E-009
 SINGLE POLE (MadFKS)   -1.8808091444397547E-011
 DOUBLE POLE (MadFKS)   -1.6541036688803111E-010
 SINGLE POLE (MadLoop)  -1.8808091444374176E-011
 DOUBLE POLE (MadLoop)  -1.6541036688803424E-010
 FINITE PART (MadLoop)   5.3012595099617016E-010
   325.00000000000000        0.0000000000000000        0.0000000000000000        325.00000000000000        0.0000000000000000     
   325.00000000000000        0.0000000000000000        0.0000000000000000       -325.00000000000000        0.0000000000000000     
   275.32592026531620       -71.261721182047239       -229.26223500519924       -134.77743529440014        0.0000000000000000     
   128.05062899143971        88.830174310138318        80.929671377640986       -44.232928999115749        0.0000000000000000     
   246.62345074324406       -17.568453128091072        148.33256362755819        179.01036429351589        80.419002445756163     

 PASSED   1.0000000000000001E-005
 MU_R    =    325.00000000000000     
 ALPHA_S =   0.11799999999999999     
 BORN                    7.9839634765264438E-008
 SINGLE POLE (MadFKS)   -4.5464394920444551E-010
 DOUBLE POLE (MadFKS)   -3.9984292220003143E-009
 SINGLE POLE (MadLoop)  -4.5464394920445864E-010
 DOUBLE POLE (MadLoop)  -3.9984292220003887E-009
 FINITE PART (MadLoop)   1.1011808372076574E-008
   325.00000000000000        0.0000000000000000        0.0000000000000000        325.00000000000000        0.0000000000000000     
   325.00000000000000        0.0000000000000000        0.0000000000000000       -325.00000000000000        0.0000000000000000     
   133.36086885707030        108.48437667838313        8.6801060387562767        77.077345038416979        0.0000000000000000     
   254.18847692117598       -47.143034081840661       -247.25188992385776       -35.437537529379881        0.0000000000000000     
   262.45065422175378       -61.341342596542397        238.57178388510110       -41.639807509038135        80.419002445756163     

 PASSED   1.0000000000000001E-005
 MU_R    =    325.00000000000000     
 ALPHA_S =   0.11799999999999999     
 BORN                    4.6841337223357857E-008
 SINGLE POLE (MadFKS)   -2.6673632217703706E-010
 DOUBLE POLE (MadFKS)   -2.3458495533214722E-009
 SINGLE POLE (MadLoop)  -2.6673632218034754E-010
 DOUBLE POLE (MadLoop)  -2.3458495533214751E-009
 FINITE PART (MadLoop)   6.1808510091939029E-009
   325.00000000000000        0.0000000000000000        0.0000000000000000        325.00000000000000        0.0000000000000000     
   325.00000000000000        0.0000000000000000        0.0000000000000000       -325.00000000000000        0.0000000000000000     
   109.18740447692818        32.177717713066009       -100.70633768780053        27.289509499022579        0.0000000000000000     
   260.58416681375849       -199.49177763393189       -66.850336786758788       -153.74710118233611        0.0000000000000000     
   280.22842870931333        167.31405992086590        167.55667447455929        126.45759168331357        80.419002445756163     

 PASSED   1.0000000000000001E-005
 MU_R    =    325.00000000000000     
 ALPHA_S =   0.11799999999999999     
 BORN                    2.5248314129093949E-008
 SINGLE POLE (MadFKS)   -1.4377562322466635E-010
 DOUBLE POLE (MadFKS)   -1.2644546448242796E-009
 SINGLE POLE (MadLoop)  -1.4377562322468777E-010
Thanks for using LHAPDF 6.2.1. Please make sure to cite the paper:
  Eur.Phys.J. C75 (2015) 3, 132  (http://arxiv.org/abs/1412.7420)
 DOUBLE POLE (MadLoop)  -1.2644546448244814E-009
 FINITE PART (MadLoop)   4.6962610740522078E-009
   325.00000000000000        0.0000000000000000        0.0000000000000000        325.00000000000000        0.0000000000000000     
   325.00000000000000        0.0000000000000000        0.0000000000000000       -325.00000000000000        0.0000000000000000     
   124.08321591721734        74.025670530660008       -96.024038430112043       -26.386144440166309        0.0000000000000000     
   289.00237611567923       -286.42962874989371        28.604804029869797        25.733370574401281        0.0000000000000000     
   236.91440796710339        212.40395821923369        67.419234400242274       0.65277386576506025        80.419002445756163     

 PASSED   1.0000000000000001E-005
 MU_R    =    325.00000000000000     
 ALPHA_S =   0.11799999999999999     
 BORN                    1.7914334548933812E-007
 SINGLE POLE (MadFKS)   -1.0201253839202661E-009
 DOUBLE POLE (MadFKS)   -8.9716340716917007E-009
 SINGLE POLE (MadLoop)  -1.0201253839203030E-009
 DOUBLE POLE (MadLoop)  -8.9716340716918132E-009
 FINITE PART (MadLoop)   1.5609351328928219E-008
   325.00000000000000        0.0000000000000000        0.0000000000000000        325.00000000000000        0.0000000000000000     
   325.00000000000000        0.0000000000000000        0.0000000000000000       -325.00000000000000        0.0000000000000000     
   305.32740875401504       -268.77602169173548        143.91223459535433        16.539208982801203        0.0000000000000000     
   45.219118504877500        13.199486393076922       -21.572137009869191        37.485799206427011        0.0000000000000000     
   299.45347274110748        255.57653529865857       -122.34009758548514       -54.025008189228195        80.419002445756163     

 PASSED   1.0000000000000001E-005
 MU_R    =    325.00000000000000     
 ALPHA_S =   0.11799999999999999     
 BORN                    1.1672974391367335E-006
 SINGLE POLE (MadFKS)   -6.6471335845370408E-009
 DOUBLE POLE (MadFKS)   -5.8459137559094389E-008
 SINGLE POLE (MadLoop)  -6.6471335845366967E-009
 DOUBLE POLE (MadLoop)  -5.8459137559094342E-008
 FINITE PART (MadLoop)   3.2576492254246980E-007
   325.00000000000000        0.0000000000000000        0.0000000000000000        325.00000000000000        0.0000000000000000     
   325.00000000000000        0.0000000000000000        0.0000000000000000       -325.00000000000000        0.0000000000000000     
   232.60610530545310        82.632891937716082        193.89688966300886        98.394113514946753        0.0000000000000000     
   192.19152857952784       -73.683258306617404       -142.78222582989650        105.45898297497560        0.0000000000000000     
   225.20236611501912       -8.9496336310986599       -51.114663833112360       -203.85309648992236        80.419002445756163     

 NUMBER OF POINTS PASSING THE CHECK          20
 NUMBER OF POINTS FAILING THE CHECK           0
 TOLERANCE    1.0000000000000001E-005
