==== LHAPDF6 USING DEFAULT-TYPE LHAGLUE INTERFACE ====
LHAPDF 6.2.1 loading /cvmfs/cms.cern.ch/slc7_amd64_gcc700/external/lhapdf/6.2.1-pafccj3/share/LHAPDF/NNPDF31_nnlo_as_0118_nf_4_mc_hessian/NNPDF31_nnlo_as_0118_nf_4_mc_hessian_0000.dat
NNPDF31_nnlo_as_0118_nf_4_mc_hessian PDF set, member #0, version 1; LHAPDF ID = 325500
 A PDF is used, so alpha_s(MZ) is going to be modified
 Old value of alpha_s from param_card:   0.11799999999999999     
 New value of alpha_s from PDF lhapdf :  0.11266013434007299     
 *****************************************************
 *               MadGraph/MadEvent                   *
 *        --------------------------------           *
 *          http://madgraph.hep.uiuc.edu             *
 *          http://madgraph.phys.ucl.ac.be           *
 *          http://madgraph.roma2.infn.it            *
 *        --------------------------------           *
 *                                                   *
 *          PARAMETER AND COUPLING VALUES            *
 *                                                   *
 *****************************************************

  External Params
  ---------------------------------
  
 MU_R =    91.188000000000002     
 aEWM1 =    132.50700000000001     
 mdl_Gf =    1.1663900000000000E-005
 aS =   0.11799999999999999     
 mdl_ymb =    4.7000000000000002     
 mdl_ymt =    173.00000000000000     
 mdl_ymtau =    1.7769999999999999     
 mdl_MT =    173.00000000000000     
 mdl_MB =    4.7000000000000002     
 mdl_MZ =    91.188000000000002     
 mdl_MH =    125.00000000000000     
 mdl_MTA =    1.7769999999999999     
 mdl_WT =    1.4915000000000000     
 mdl_WZ =    2.4414039999999999     
 mdl_WW =    2.0476000000000001     
 mdl_WH =    6.3823389999999999E-003
  Internal Params
  ---------------------------------
  
 mdl_conjg__CKM3x3 =    1.0000000000000000     
 mdl_CKM22 =    1.0000000000000000     
 mdl_lhv =    1.0000000000000000     
 mdl_CKM3x3 =    1.0000000000000000     
 mdl_conjg__CKM22 =    1.0000000000000000     
 mdl_conjg__CKM33 =    1.0000000000000000     
 mdl_Ncol =    3.0000000000000000     
 mdl_CA =    3.0000000000000000     
 mdl_TF =   0.50000000000000000     
 mdl_CF =    1.3333333333333333     
 mdl_complexi =                (0.0000000000000000,1.0000000000000000)
 mdl_MZ__exp__2 =    8315.2513440000002     
 mdl_MZ__exp__4 =    69143404.913893804     
 mdl_sqrt__2 =    1.4142135623730951     
 mdl_MH__exp__2 =    15625.000000000000     
 mdl_Ncol__exp__2 =    9.0000000000000000     
 mdl_MB__exp__2 =    22.090000000000003     
 mdl_MT__exp__2 =    29929.000000000000     
 mdl_aEW =    7.5467711139788835E-003
 mdl_MW =    80.419002445756163     
 mdl_sqrt__aEW =    8.6872153846781555E-002
 mdl_ee =   0.30795376724436879     
 mdl_MW__exp__2 =    6467.2159543705357     
 mdl_sw2 =   0.22224648578577766     
 mdl_cw =   0.88190334743339216     
 mdl_sqrt__sw2 =   0.47143025548407230     
 mdl_sw =   0.47143025548407230     
 mdl_g1 =   0.34919219678733299     
 mdl_gw =   0.65323293034757990     
 mdl_v =    246.21845810181637     
 mdl_v__exp__2 =    60623.529110035903     
 mdl_lam =   0.12886910601690263     
 mdl_yb =    2.6995554250465490E-002
 mdl_yt =   0.99366614581500623     
 mdl_ytau =    1.0206617000654717E-002
 mdl_muH =    88.388347648318430     
 mdl_AxialZUp =  -0.18517701861793787     
 mdl_AxialZDown =   0.18517701861793787     
 mdl_VectorZUp =    7.5430507588273299E-002
 mdl_VectorZDown =  -0.13030376310310560     
 mdl_VectorAUp =   0.20530251149624587     
 mdl_VectorADown =  -0.10265125574812294     
 mdl_VectorWmDxU =   0.23095271737156670     
 mdl_AxialWmDxU =  -0.23095271737156670     
 mdl_VectorWpUxD =   0.23095271737156670     
 mdl_AxialWpUxD =  -0.23095271737156670     
 mdl_I1x33 =          (2.69955542504654901E-002,0.0000000000000000)
 mdl_I2x33 =               (0.99366614581500623,0.0000000000000000)
 mdl_I3x33 =               (0.99366614581500623,0.0000000000000000)
 mdl_I4x33 =          (2.69955542504654901E-002,0.0000000000000000)
 mdl_Vector_tbGp =              (-0.96667059156454072,0.0000000000000000)
 mdl_Axial_tbGp =              (-1.0206617000654716,-0.0000000000000000)
 mdl_Vector_tbGm =               (0.96667059156454072,0.0000000000000000)
 mdl_Axial_tbGm =              (-1.0206617000654716,-0.0000000000000000)
 mdl_gw__exp__2 =   0.42671326129048615     
 mdl_cw__exp__2 =   0.77775351421422245     
 mdl_ee__exp__2 =    9.4835522759998875E-002
 mdl_sw__exp__2 =   0.22224648578577769     
 mdl_yb__exp__2 =    7.2875994928982540E-004
 mdl_yt__exp__2 =   0.98737240933884918     
  Internal Params evaluated point by point
  ----------------------------------------
  
 mdl_sqrt__aS =   0.34351128074635334     
 mdl_G__exp__4 =    2.1987899468922913     
 mdl_G__exp__2 =    1.4828317324943823     
 mdl_R2MixedFactor_FIN_ =   -2.5040377713124864E-002
 mdl_G_UVg_1EPS_ =   -5.1645779033320030E-002
 mdl_G_UVq_1EPS_ =    3.1300472141406080E-003
 mdl_GWcft_UV_b_1EPS_ =   -3.1300472141406080E-003
 mdl_GWcft_UV_t_1EPS_ =   -3.1300472141406080E-003
 mdl_bWcft_UV_1EPS_ =   -1.8780283284843650E-002
 mdl_tWcft_UV_1EPS_ =   -1.8780283284843650E-002
 mdl_G__exp__3 =    1.8056676068262196     
 mdl_MU_R__exp__2 =    8315.2513440000002     
 mdl_G_UVb_FIN_ =    1.8563438626678915E-002
 mdl_G_UVt_FIN_ =   -4.0087659331150384E-003
 mdl_GWcft_UV_b_FIN_ =   -1.8563438626678915E-002
 mdl_GWcft_UV_t_FIN_ =    4.0087659331150384E-003
 mdl_bWcft_UV_FIN_ =  -0.13642100947319838     
 mdl_tWcft_UV_FIN_ =   -9.8778211443463623E-004
  Couplings of loop_sm
  ---------------------------------
  
      UV_GQQb =   0.00000E+00   0.22605E-01
      UV_GQQt =   0.00000E+00  -0.48815E-02
   UVWfct_G_2 =   0.40088E-02   0.00000E+00
   UVWfct_G_1 =  -0.18563E-01   0.00000E+00
       R2_DDA =   0.00000E+00   0.25704E-02
       R2_UUA =  -0.00000E+00  -0.51409E-02
    R2_UUZ_V2 =  -0.00000E+00  -0.72127E-02
    R2_UUZ_V5 =   0.00000E+00   0.68702E-03
      R2_sxcW =  -0.00000E+00  -0.11566E-01
      R2_GGHb =   0.00000E+00  -0.33698E-02
      R2_GGHt =   0.00000E+00  -0.45657E+01
     R2_GGZup =  -0.46369E-02   0.00000E+00
    R2_GGWWcs =   0.00000E+00   0.13356E-02
         GC_4 =  -0.12177E+01   0.00000E+00
         GC_5 =   0.00000E+00   0.12177E+01
       R2_GQQ =  -0.00000E+00  -0.30492E-01
       R2_QQq =   0.00000E+00   0.12520E-01
 UV_GQQg_1eps =   0.00000E+00  -0.62890E-01
 UV_GQQq_1eps =   0.00000E+00   0.38115E-02
 UVWfct_G_2_1eps -0.31300E-02   0.00000E+00
         GC_1 =  -0.00000E+00  -0.10265E+00
         GC_2 =   0.00000E+00   0.20530E+00
         GC_7 =   0.00000E+00   0.57609E+00
        GC_22 =   0.00000E+00   0.28804E+00
        GC_23 =  -0.00000E+00  -0.27437E-01
        GC_24 =   0.00000E+00   0.82310E-01
        GC_25 =   0.00000E+00   0.30795E+00
        GC_28 =   0.00000E+00   0.37035E+00
        GC_31 =   0.00000E+00   0.52532E+02
        GC_33 =  -0.00000E+00  -0.19089E-01
        GC_37 =  -0.00000E+00  -0.70263E+00
        GC_38 =  -0.00000E+00  -0.72172E-02
        GC_47 =   0.00000E+00   0.46191E+00

 Collider parameters:
 --------------------

 Running at P P   machine @    13000.000000000000       GeV
 PDF set = lhapdf 
 alpha_s(Mz)= 0.1127 running at 3 loops.
 alpha_s(Mz)= 0.1127 running at 3 loops.
 Renormalization scale set on event-by-event basis
 Factorization   scale set on event-by-event basis


 ===============================================================
 INFO: MadFKS read these parameters from FKS_params.dat
 ===============================================================
  > IRPoleCheckThreshold      =    1.0000000000000001E-005
  > PrecisionVirtualAtRunTime =    1.0000000000000000E-003
  > NHelForMCoverHels         =            4
  > VirtualFraction           =    1.0000000000000000     
  > MinVirtualFraction        =    5.0000000000000001E-003
 ===============================================================
  Insert the number of points to test
 Insert the relative tolerance
  A negative number will mean use the default one:    1.0000000000000001E-005
Using random seed offsets:     1 ,     36 ,      0
  with seed                   32
 Ranmar initialization seeds       10730        9442
  ========================================================================================== 
 {                                                                                          }
 {       [32m                                                                            [0m       }
 {       [32m                               ,,                                           [0m       }
 {       [32m`7MMM.     ,MMF'             `7MM  `7MMF'                                   [0m       }
 {       [32m  MMMb    dPMM                 MM    MM                                     [0m       }
 {       [32m  M YM   ,M MM   ,6"Yb.   ,M""bMM    MM         ,pW"Wq.   ,pW"Wq.`7MMpdMAo. [0m       }
 {       [32m  M  Mb  M' MM  8)   MM ,AP    MM    MM        6W'   `Wb 6W'   `Wb MM   `Wb [0m       }
 {       [32m  M  YM.P'  MM   ,pm9MM 8MI    MM    MM      , 8M     M8 8M     M8 MM    M8 [0m       }
 {       [32m  M  `YM'   MM  8M   MM `Mb    MM    MM     ,M YA.   ,A9 YA.   ,A9 MM   ,AP [0m       }
 {       [32m.JML. `'  .JMML.`Moo9^Yo.`Wbmd"MML..JMMmmmmMMM  `Ybmd9'   `Ybmd9'  MMbmmd'  [0m       }
 {       [32m                                                                   MM       [0m       }
 {       [32m                                                                 .JMML.     [0m       }
 {       [32m[0mv2.6.5 (2018-02-03), Ref: arXiv:1103.0621v2, arXiv:1405.0301[32m                [0m       }
 {       [32m                                                                            [0m       }
 {                                                                                          }
  ========================================================================================== 
 ===============================================================
 INFO: MadLoop read these parameters from ./MadLoop5_resources/MadLoopParams.dat                                                                                                                                                                                                                                                                                                                                                                                                                                                                                          
 ===============================================================
  > MLReductionLib            = 6|7|1
  > CTModeRun                 =           -1
  > MLStabThres               =    1.0000000000000000E-003
  > NRotations_DP             =            0
  > NRotations_QP             =            0
  > CTStabThres               =    1.0000000000000000E-002
  > CTLoopLibrary             =            2
  > CTModeInit                =            1
  > CheckCycle                =            3
  > MaxAttempts               =           10
  > UseLoopFilter             =  F
  > HelicityFilterLevel       =            2
  > ImprovePSPoint            =            2
  > DoubleCheckHelicityFilter =  T
  > LoopInitStartOver         =  F
  > HelInitStartOver          =  F
  > ZeroThres                 =    1.0000000000000001E-009
  > OSThres                   =    1.0000000000000000E-008
  > WriteOutFilters           =  T
  > UseQPIntegrandForNinja    =  T
  > UseQPIntegrandForCutTools =  T
  > IREGIMODE                 =            2
  > IREGIRECY                 =  T
  > COLLIERMode               =            1
  > COLLIERRequiredAccuracy   =    1.0000000000000000E-008
  > COLLIERCanOutput          =  F
  > COLLIERComputeUVpoles     =  T
  > COLLIERComputeIRpoles     =  T
  > COLLIERGlobalCache        =           -1
  > COLLIERUseCacheForPoles   =  F
  > COLLIERUseInternalStabilityTest =  T
 ===============================================================
  
------------------------------------------------------------------------
|              You are using CutTools - Version 1.9.3                  |
|              Authors: G. Ossola, C. Papadopoulos, R. Pittau          |
|              Published in JHEP 0803:042,2008                         |
|              http://www.ugr.es/~pittau/CutTools                      |
|                                                                      |
|              Compiler with  34  significant digits detetected        |
 ---------------------------------------------------------------------- 
   
########################################################################
#                                                                      #

  +----------------------------------------------------------------+
  |                                                                |
  |  Ninja - version 1.1.0                                         |
  |                                                                |
  |  Author: Tiziano Peraro                                        |
  |                                                                |
  |  Based on:                                                     |
  |                                                                |
  |      P. Mastrolia, E. Mirabella and T. Peraro,                 |
  |      "Integrand reduction of one-loop scattering amplitudes    |
  |      through Laurent series expansion,"                        |
  |      JHEP 1206 (2012) 095  [arXiv:1203.0291 [hep-ph]].         |
  |                                                                |
  |      T. Peraro,                                                |
  |      "Ninja: Automated Integrand Reduction via Laurent         |
  |      Expansion for One-Loop Amplitudes,"                       |
  |      Comput.Phys.Commun. 185 (2014) [arXiv:1403.1229 [hep-ph]] |
  |                                                                |
  +----------------------------------------------------------------+


#                      You are using OneLOop-3.6                       #
#                                                                      #
# for the evaluation of 1-loop scalar 1-, 2-, 3- and 4-point functions #
#                                                                      #
# author: Andreas van Hameren <hamerenREMOVETHIS@ifj.edu.pl>           #
#   date: 18-02-2015                                                   #
#                                                                      #
# Please cite                                                          #
#    A. van Hameren,                                                   #
#      Comput.Phys.Commun. 182 (2011) 2427-2438, arXiv:1007.4716       #
#    A. van Hameren, C.G. Papadopoulos and R. Pittau,                  #
#      JHEP 0909:106,2009, arXiv:0903.4665                             #
# in publications with results obtained with the help of this program. #
#                                                                      #
########################################################################
########################################################################
#                                                                      #
#                      You are using OneLOop-3.6                       #
#                                                                      #
# for the evaluation of 1-loop scalar 1-, 2-, 3- and 4-point functions #
#                                                                      #
# author: Andreas van Hameren <hamerenREMOVETHIS@ifj.edu.pl>           #
#   date: 18-02-2015                                                   #
#                                                                      #
# Please cite                                                          #
#    A. van Hameren,                                                   #
#      Comput.Phys.Commun. 182 (2011) 2427-2438, arXiv:1007.4716       #
#    A. van Hameren, C.G. Papadopoulos and R. Pittau,                  #
#      JHEP 0909:106,2009, arXiv:0903.4665                             #
# in publications with results obtained with the help of this program. #
#                                                                      #
########################################################################
 PASSED   1.0000000000000001E-005
 MU_R    =    325.00000000000000     
 ALPHA_S =   0.11799999999999999     
 BORN                    2.5986394778651906E-008
 SINGLE POLE (MadFKS)   -1.4797859712770348E-010
 DOUBLE POLE (MadFKS)   -1.3014182813196391E-009
 SINGLE POLE (MadLoop)  -1.4797859712769748E-010
 DOUBLE POLE (MadLoop)  -1.3014182813196418E-009
 FINITE PART (MadLoop)   3.8954737726764889E-009
   325.00000000000000        0.0000000000000000        0.0000000000000000        325.00000000000000        0.0000000000000000     
   325.00000000000000        0.0000000000000000        0.0000000000000000       -325.00000000000000        0.0000000000000000     
   172.97694195836769        64.661880449368738        132.82421974543107       -89.969064605771607        1.7769999999999999     
   308.96898345437575       -46.133608331039696       -267.09786001096137        148.29786275180558        0.0000000000000000     
   168.05407458725657       -18.528272118328918        134.27364026553033       -58.328798146033954        80.419002445756163     

 PASSED   1.0000000000000001E-005
 MU_R    =    325.00000000000000     
 ALPHA_S =   0.11799999999999999     
 BORN                    4.4837636583645667E-009
 SINGLE POLE (MadFKS)   -2.5532632043366096E-011
 DOUBLE POLE (MadFKS)   -2.2455027116366262E-010
 SINGLE POLE (MadLoop)  -2.5532632043368206E-011
 DOUBLE POLE (MadLoop)  -2.2455027116365949E-010
 FINITE PART (MadLoop)   4.6729137657880517E-010
   325.00000000000000        0.0000000000000000        0.0000000000000000        325.00000000000000        0.0000000000000000     
   325.00000000000000        0.0000000000000000        0.0000000000000000       -325.00000000000000        0.0000000000000000     
   279.91166951339449        55.148456245504271       -52.934725898734619       -269.26557070769246        1.7769999999999999     
   233.41126041694125        45.521379009623210        41.374530053250162        225.15942975003321        0.0000000000000000     
   136.67707006966424       -100.66983525512752        11.560195845484435        44.106140957659242        80.419002445756163     

 PASSED   1.0000000000000001E-005
 MU_R    =    325.00000000000000     
 ALPHA_S =   0.11799999999999999     
 BORN                    2.5453383338959144E-009
 SINGLE POLE (MadFKS)   -1.4494338251750481E-011
 DOUBLE POLE (MadFKS)   -1.2747246657689927E-010
 SINGLE POLE (MadLoop)  -1.4494338252671123E-011
 DOUBLE POLE (MadLoop)  -1.2747246657675043E-010
 FINITE PART (MadLoop)   4.4950269401259208E-010
   325.00000000000000        0.0000000000000000        0.0000000000000000        325.00000000000000        0.0000000000000000     
   325.00000000000000        0.0000000000000000        0.0000000000000000       -325.00000000000000        0.0000000000000000     
   236.85258484873904       -104.59587358957478       -4.7813802426084706       -212.44488897485479        1.7769999999999999     
   108.15029933113028        48.565423398948504       -70.117525675291148       -66.493755260692197        0.0000000000000000     
   304.99711582013066        56.030450190626269        74.898905917899640        278.93864423554697        80.419002445756163     

 PASSED   1.0000000000000001E-005
 MU_R    =    325.00000000000000     
 ALPHA_S =   0.11799999999999999     
 BORN                    6.4502010346255542E-008
 SINGLE POLE (MadFKS)   -3.6730439463641193E-010
 DOUBLE POLE (MadFKS)   -3.2303094046522536E-009
 SINGLE POLE (MadLoop)  -3.6730439463635589E-010
 DOUBLE POLE (MadLoop)  -3.2303094046524583E-009
 FINITE PART (MadLoop)   6.8399978760793550E-009
   325.00000000000000        0.0000000000000000        0.0000000000000000        325.00000000000000        0.0000000000000000     
   325.00000000000000        0.0000000000000000        0.0000000000000000       -325.00000000000000        0.0000000000000000     
   136.88116474665088       -35.196478944811453        90.747796537651794        96.225468701629040        1.7769999999999999     
   281.19605992237837        6.5251514739821221        21.586729787947156       -280.29031308836471        0.0000000000000000     
   231.92277533097078        28.671327470829251       -112.33452632559892        184.06484438673570        80.419002445756163     

 PASSED   1.0000000000000001E-005
 MU_R    =    325.00000000000000     
 ALPHA_S =   0.11799999999999999     
 BORN                    1.9668754496001354E-009
 SINGLE POLE (MadFKS)   -1.1200302013261685E-011
 DOUBLE POLE (MadFKS)   -9.8502608345319370E-011
 SINGLE POLE (MadLoop)  -1.1200302013262779E-011
 DOUBLE POLE (MadLoop)  -9.8502608345319383E-011
 FINITE PART (MadLoop)   2.1412150346640620E-010
   325.00000000000000        0.0000000000000000        0.0000000000000000        325.00000000000000        0.0000000000000000     
   325.00000000000000        0.0000000000000000        0.0000000000000000       -325.00000000000000        0.0000000000000000     
   269.37247560435583        49.438871711439738       -85.960045962801530       -250.44967827128883        1.7769999999999999     
   187.71365902843104        47.007603882584569       -40.790825671800242        177.09548696698315        0.0000000000000000     
   192.91386536721316       -96.446475594024307        126.75087163460179        73.354191304305729        80.419002445756163     

 PASSED   1.0000000000000001E-005
 MU_R    =    325.00000000000000     
 ALPHA_S =   0.11799999999999999     
 BORN                    2.8767433325503996E-007
 SINGLE POLE (MadFKS)   -1.6381512182559360E-009
 DOUBLE POLE (MadFKS)   -1.4406947926155116E-008
 SINGLE POLE (MadLoop)  -1.6381512182559032E-009
 DOUBLE POLE (MadLoop)  -1.4406947926155134E-008
 FINITE PART (MadLoop)   4.2229047549149882E-008
   325.00000000000000        0.0000000000000000        0.0000000000000000        325.00000000000000        0.0000000000000000     
   325.00000000000000        0.0000000000000000        0.0000000000000000       -325.00000000000000        0.0000000000000000     
   256.37453657444468       -220.70660025755129       -105.59976096332578        76.563910310296905        1.7769999999999999     
   145.47225084866588        73.249494240718889        72.029432628904672        102.99732130310051        0.0000000000000000     
   248.15321257688944        147.45710601683226        33.570328334421141       -179.56123161339747        80.419002445756163     

 PASSED   1.0000000000000001E-005
 MU_R    =    325.00000000000000     
 ALPHA_S =   0.11799999999999999     
 BORN                    4.0301371156254610E-007
 SINGLE POLE (MadFKS)   -2.2949471894134147E-009
 DOUBLE POLE (MadFKS)   -2.0183231122189026E-008
 SINGLE POLE (MadLoop)  -2.2949471894136141E-009
 DOUBLE POLE (MadLoop)  -2.0183231122188957E-008
 FINITE PART (MadLoop)   6.4878908946172349E-008
   325.00000000000000        0.0000000000000000        0.0000000000000000        325.00000000000000        0.0000000000000000     
   325.00000000000000        0.0000000000000000        0.0000000000000000       -325.00000000000000        0.0000000000000000     
   283.63549111089628        59.471652335517710       -251.99907953045005        115.78221181601504        1.7769999999999999     
   253.62207576967270        1.6754871110231428        244.80945255608947       -66.254675305567929        0.0000000000000000     
   112.74243311943101       -61.147139446540891        7.1896269743606522       -49.527536510447135        80.419002445756163     

 PASSED   1.0000000000000001E-005
 MU_R    =    325.00000000000000     
 ALPHA_S =   0.11799999999999999     
 BORN                    7.5742771688075111E-007
 SINGLE POLE (MadFKS)   -4.3131450870487838E-009
 DOUBLE POLE (MadFKS)   -3.7932552242167615E-008
 SINGLE POLE (MadLoop)  -4.3131450870485339E-009
 DOUBLE POLE (MadLoop)  -3.7932552242167662E-008
 FINITE PART (MadLoop)   7.8509100163448319E-008
   325.00000000000000        0.0000000000000000        0.0000000000000000        325.00000000000000        0.0000000000000000     
   325.00000000000000        0.0000000000000000        0.0000000000000000       -325.00000000000000        0.0000000000000000     
   264.37513847850715        51.745648241785062        121.45345111031934        229.04694544560189        1.7769999999999999     
   88.242979014003495        51.876914553129048        62.065242223832875       -35.263505064161748        0.0000000000000000     
   297.38188250748931       -103.62256279491409       -183.51869333415220       -193.78344038144010        80.419002445756163     

 PASSED   1.0000000000000001E-005
 MU_R    =    325.00000000000000     
 ALPHA_S =   0.11799999999999999     
 BORN                    5.1957479344473159E-007
 SINGLE POLE (MadFKS)   -2.9587001079514909E-009
 DOUBLE POLE (MadFKS)   -2.6020698156149824E-008
 SINGLE POLE (MadLoop)  -2.9587001079830247E-009
 DOUBLE POLE (MadLoop)  -2.6020698156130445E-008
 FINITE PART (MadLoop)   1.0489932902530058E-007
   325.00000000000000        0.0000000000000000        0.0000000000000000        325.00000000000000        0.0000000000000000     
   325.00000000000000        0.0000000000000000        0.0000000000000000       -325.00000000000000        0.0000000000000000     
   252.49885445538243        55.030997866245691       -245.87249957016331        16.456518503186466        1.7769999999999999     
   267.06569163737777       -40.352197585009520        249.90631264764630        85.103576297757130        0.0000000000000000     
   130.43545390723980       -14.678800281236178       -4.0338130774830390       -101.56009480094359        80.419002445756163     

 PASSED   1.0000000000000001E-005
 MU_R    =    325.00000000000000     
 ALPHA_S =   0.11799999999999999     
 BORN                    3.7110119081295001E-008
 SINGLE POLE (MadFKS)   -2.1132224795581732E-010
 DOUBLE POLE (MadFKS)   -1.8585027975493383E-009
 SINGLE POLE (MadLoop)  -2.1132224795578100E-010
 DOUBLE POLE (MadLoop)  -1.8585027975493310E-009
 FINITE PART (MadLoop)   3.9743573235446261E-009
   325.00000000000000        0.0000000000000000        0.0000000000000000        325.00000000000000        0.0000000000000000     
   325.00000000000000        0.0000000000000000        0.0000000000000000       -325.00000000000000        0.0000000000000000     
   267.03079046583832        214.17950307955701        150.47882084741735        52.778312447210425        1.7769999999999999     
   114.15299805303938       -66.811744132224476        58.619992072338817       -71.629563309755767        0.0000000000000000     
   268.81621148112231       -147.36775894733253       -209.09881291975617        18.851250862545349        80.419002445756163     

 PASSED   1.0000000000000001E-005
 MU_R    =    325.00000000000000     
 ALPHA_S =   0.11799999999999999     
 BORN                    8.2827255957698038E-007
 SINGLE POLE (MadFKS)   -4.7165685140081042E-009
 DOUBLE POLE (MadFKS)   -4.1480515482448613E-008
 SINGLE POLE (MadLoop)  -4.7165685140074657E-009
 DOUBLE POLE (MadLoop)  -4.1480515482447600E-008
 FINITE PART (MadLoop)   6.8255259593288979E-008
   325.00000000000000        0.0000000000000000        0.0000000000000000        325.00000000000000        0.0000000000000000     
   325.00000000000000        0.0000000000000000        0.0000000000000000       -325.00000000000000        0.0000000000000000     
   313.57490731238238        127.43509912086901       -203.18157697093619        201.99902737049749        1.7769999999999999     
   7.5516241841796559        1.0719537254721547       -3.5256564185127341E-002   7.4750719062906175        0.0000000000000000     
   328.87346850344397       -128.50705284634120        203.21683353512128       -209.47409927678811        80.419002445756163     

 PASSED   1.0000000000000001E-005
 MU_R    =    325.00000000000000     
 ALPHA_S =   0.11799999999999999     
 BORN                    5.2054293412715329E-008
 SINGLE POLE (MadFKS)   -2.9642131504965479E-010
 DOUBLE POLE (MadFKS)   -2.6069183372884391E-009
 SINGLE POLE (MadLoop)  -2.9642131504966833E-010
 DOUBLE POLE (MadLoop)  -2.6069183372884287E-009
 FINITE PART (MadLoop)   7.1147936555871756E-009
   325.00000000000000        0.0000000000000000        0.0000000000000000        325.00000000000000        0.0000000000000000     
   325.00000000000000        0.0000000000000000        0.0000000000000000       -325.00000000000000        0.0000000000000000     
   158.14203895774574        143.18810938331671        65.028395868358231       -16.559583893703053        1.7769999999999999     
   184.78361830670931        126.74414150770303       -24.940655566211952        132.13202446009288        0.0000000000000000     
   307.07434273554503       -269.93225089101975       -40.087740302146273       -115.57244056638979        80.419002445756163     

 PASSED   1.0000000000000001E-005
 MU_R    =    325.00000000000000     
 ALPHA_S =   0.11799999999999999     
 BORN                    1.5781502247129460E-007
 SINGLE POLE (MadFKS)   -8.9867201009984424E-010
 DOUBLE POLE (MadFKS)   -7.9034955429730110E-009
 SINGLE POLE (MadLoop)  -8.9867201009988539E-010
 DOUBLE POLE (MadLoop)  -7.9034955429730061E-009
 FINITE PART (MadLoop)   2.1667790798281375E-008
   325.00000000000000        0.0000000000000000        0.0000000000000000        325.00000000000000        0.0000000000000000     
   325.00000000000000        0.0000000000000000        0.0000000000000000       -325.00000000000000        0.0000000000000000     
   200.89671061689018        51.460785403174881        100.53564086697223        166.13459329363673        1.7769999999999999     
   193.45081703965067       -153.53879073391812        96.338384294120800       -67.586789129775809        0.0000000000000000     
   255.65247234345915        102.07800533074322       -196.87402516109310       -98.547804163860846        80.419002445756163     

 PASSED   1.0000000000000001E-005
 MU_R    =    325.00000000000000     
 ALPHA_S =   0.11799999999999999     
 BORN                    2.9662365100645816E-009
 SINGLE POLE (MadFKS)   -1.6891127886232407E-011
 DOUBLE POLE (MadFKS)   -1.4855136519695685E-010
 SINGLE POLE (MadLoop)  -1.6891127888608205E-011
 DOUBLE POLE (MadLoop)  -1.4855136519647013E-010
 FINITE PART (MadLoop)   4.5240137258669088E-010
   325.00000000000000        0.0000000000000000        0.0000000000000000        325.00000000000000        0.0000000000000000     
   325.00000000000000        0.0000000000000000        0.0000000000000000       -325.00000000000000        0.0000000000000000     
   288.39348651790158        150.34008100331550        71.082425288517911       -235.61153239171026        1.7769999999999999     
   145.31022155587280       -94.439110866221569       -100.82326708925495        45.066435857111067        0.0000000000000000     
   216.29629192622556       -55.900970137093978        29.740841800737044        190.54509653459917        80.419002445756163     

 PASSED   1.0000000000000001E-005
 MU_R    =    325.00000000000000     
 ALPHA_S =   0.11799999999999999     
 BORN                    1.1306167086292606E-007
 SINGLE POLE (MadFKS)   -6.4382564744819082E-010
 DOUBLE POLE (MadFKS)   -5.6622138865693455E-009
 SINGLE POLE (MadLoop)  -6.4382564744838759E-010
 DOUBLE POLE (MadLoop)  -5.6622138865695449E-009
 FINITE PART (MadLoop)   1.8727367117595954E-008
   325.00000000000000        0.0000000000000000        0.0000000000000000        325.00000000000000        0.0000000000000000     
   325.00000000000000        0.0000000000000000        0.0000000000000000       -325.00000000000000        0.0000000000000000     
   127.78021490126666        90.358961172814688       -90.211169781359345       -4.6721059130143976        1.7769999999999999     
   206.11422527602664        62.811811652619255       -136.43289049523543        141.15175014560620        0.0000000000000000     
   316.10555982270677       -153.17077282543383        226.64406027659490       -136.47964423259177        80.419002445756163     

 PASSED   1.0000000000000001E-005
 MU_R    =    325.00000000000000     
 ALPHA_S =   0.11799999999999999     
 BORN                    6.6144620290129246E-009
 SINGLE POLE (MadFKS)   -3.7665817830638240E-011
 DOUBLE POLE (MadFKS)   -3.3125725515121180E-010
 SINGLE POLE (MadLoop)  -3.7665817830723912E-011
 DOUBLE POLE (MadLoop)  -3.3125725515124400E-010
 FINITE PART (MadLoop)   3.3892505166433057E-010
   325.00000000000000        0.0000000000000000        0.0000000000000000        325.00000000000000        0.0000000000000000     
   325.00000000000000        0.0000000000000000        0.0000000000000000       -325.00000000000000        0.0000000000000000     
   118.04021238972874       -26.542004023472469       -102.28414837368800       -52.571941431714464        1.7769999999999999     
   241.94766935202409       -36.425271742290938        96.634387470998234       -218.80052431719986        0.0000000000000000     
   290.01211825824714        62.967275765763397        5.6497609026896685        271.37246574891441        80.419002445756163     

 PASSED   1.0000000000000001E-005
 MU_R    =    325.00000000000000     
 ALPHA_S =   0.11799999999999999     
 BORN                    7.1177520404522339E-008
 SINGLE POLE (MadFKS)   -4.0531784828969127E-010
 DOUBLE POLE (MadFKS)   -3.5646239912257831E-009
 SINGLE POLE (MadLoop)  -4.0531784828326123E-010
 DOUBLE POLE (MadLoop)  -3.5646239912257446E-009
 FINITE PART (MadLoop)   1.4446547481624795E-008
   325.00000000000000        0.0000000000000000        0.0000000000000000        325.00000000000000        0.0000000000000000     
   325.00000000000000        0.0000000000000000        0.0000000000000000       -325.00000000000000        0.0000000000000000     
   39.348186456102987       -29.639512337014494       -22.107874258342644       -13.336538253442026        1.7769999999999999     
   300.47822058454886        214.28308628753717       -152.01008067145051       -145.81788419464846        0.0000000000000000     
   310.17359295934818       -184.64357395052278        174.11795492979311        159.15442244809049        80.419002445756163     

 PASSED   1.0000000000000001E-005
 MU_R    =    325.00000000000000     
 ALPHA_S =   0.11799999999999999     
 BORN                    5.7054527925953919E-009
 SINGLE POLE (MadFKS)   -3.2489497193360735E-011
 DOUBLE POLE (MadFKS)   -2.8573338590198337E-010
 SINGLE POLE (MadLoop)  -3.2489497193350686E-011
Thanks for using LHAPDF 6.2.1. Please make sure to cite the paper:
  Eur.Phys.J. C75 (2015) 3, 132  (http://arxiv.org/abs/1412.7420)
 DOUBLE POLE (MadLoop)  -2.8573338590199019E-010
 FINITE PART (MadLoop)   1.7409548101699219E-009
   325.00000000000000        0.0000000000000000        0.0000000000000000        325.00000000000000        0.0000000000000000     
   325.00000000000000        0.0000000000000000        0.0000000000000000       -325.00000000000000        0.0000000000000000     
   163.52793427165199       -33.764510490583419       -22.711785444059871       -158.37411465081030        1.7769999999999999     
   172.28008743299173        104.98031524617478        6.5594174770862290       -136.44242734243022        0.0000000000000000     
   314.19197829535631       -71.215804755591350        16.152367966973632        294.81654199324043        80.419002445756163     

 PASSED   1.0000000000000001E-005
 MU_R    =    325.00000000000000     
 ALPHA_S =   0.11799999999999999     
 BORN                    4.5976729886956973E-007
 SINGLE POLE (MadFKS)   -2.6181284657387042E-009
 DOUBLE POLE (MadFKS)   -2.3025493647674384E-008
 SINGLE POLE (MadLoop)  -2.6181284657376317E-009
 DOUBLE POLE (MadLoop)  -2.3025493647674371E-008
 FINITE PART (MadLoop)   6.9628540794157174E-008
   325.00000000000000        0.0000000000000000        0.0000000000000000        325.00000000000000        0.0000000000000000     
   325.00000000000000        0.0000000000000000        0.0000000000000000       -325.00000000000000        0.0000000000000000     
   236.03068816329744        196.92247434832467       -4.4667299347293348        130.03428565598912        1.7769999999999999     
   291.23415930929218       -277.42393812465343       -13.324174891472957       -87.611417449211885        0.0000000000000000     
   122.73515252741032        80.501463776328777        17.790904826202283       -42.422868206777146        80.419002445756163     

 PASSED   1.0000000000000001E-005
 MU_R    =    325.00000000000000     
 ALPHA_S =   0.11799999999999999     
 BORN                    5.7852154321138642E-008
 SINGLE POLE (MadFKS)   -3.2943702695882819E-010
 DOUBLE POLE (MadFKS)   -2.8972795914386009E-009
 SINGLE POLE (MadLoop)  -3.2943702695884686E-010
 DOUBLE POLE (MadLoop)  -2.8972795914386873E-009
 FINITE PART (MadLoop)   6.8449350429867113E-009
   325.00000000000000        0.0000000000000000        0.0000000000000000        325.00000000000000        0.0000000000000000     
   325.00000000000000        0.0000000000000000        0.0000000000000000       -325.00000000000000        0.0000000000000000     
   278.39415332851803        151.06011253178244       -231.46132442941439       -33.266267806433952        1.7769999999999999     
   190.34260291069023       -150.23948962714388        78.130343061748860        86.914047957999756        0.0000000000000000     
   181.26324376079174      -0.82062290463867626        153.33098136766554       -53.647780151565783        80.419002445756163     

 NUMBER OF POINTS PASSING THE CHECK          20
 NUMBER OF POINTS FAILING THE CHECK           0
 TOLERANCE    1.0000000000000001E-005
