==== LHAPDF6 USING DEFAULT-TYPE LHAGLUE INTERFACE ====
LHAPDF 6.2.1 loading /cvmfs/cms.cern.ch/slc7_amd64_gcc700/external/lhapdf/6.2.1-pafccj3/share/LHAPDF/NNPDF31_nnlo_as_0118_nf_4_mc_hessian/NNPDF31_nnlo_as_0118_nf_4_mc_hessian_0000.dat
NNPDF31_nnlo_as_0118_nf_4_mc_hessian PDF set, member #0, version 1; LHAPDF ID = 325500
 A PDF is used, so alpha_s(MZ) is going to be modified
 Old value of alpha_s from param_card:   0.11799999999999999     
 New value of alpha_s from PDF lhapdf :  0.11266013434007299     
 *****************************************************
 *               MadGraph/MadEvent                   *
 *        --------------------------------           *
 *          http://madgraph.hep.uiuc.edu             *
 *          http://madgraph.phys.ucl.ac.be           *
 *          http://madgraph.roma2.infn.it            *
 *        --------------------------------           *
 *                                                   *
 *          PARAMETER AND COUPLING VALUES            *
 *                                                   *
 *****************************************************

  External Params
  ---------------------------------
  
 MU_R =    91.188000000000002     
 aEWM1 =    132.50700000000001     
 mdl_Gf =    1.1663900000000000E-005
 aS =   0.11799999999999999     
 mdl_ymb =    4.7000000000000002     
 mdl_ymt =    173.00000000000000     
 mdl_ymtau =    1.7769999999999999     
 mdl_MT =    173.00000000000000     
 mdl_MB =    4.7000000000000002     
 mdl_MZ =    91.188000000000002     
 mdl_MH =    125.00000000000000     
 mdl_MTA =    1.7769999999999999     
 mdl_WT =    1.4915000000000000     
 mdl_WZ =    2.4414039999999999     
 mdl_WW =    2.0476000000000001     
 mdl_WH =    6.3823389999999999E-003
  Internal Params
  ---------------------------------
  
 mdl_conjg__CKM3x3 =    1.0000000000000000     
 mdl_CKM22 =    1.0000000000000000     
 mdl_lhv =    1.0000000000000000     
 mdl_CKM3x3 =    1.0000000000000000     
 mdl_conjg__CKM22 =    1.0000000000000000     
 mdl_conjg__CKM33 =    1.0000000000000000     
 mdl_Ncol =    3.0000000000000000     
 mdl_CA =    3.0000000000000000     
 mdl_TF =   0.50000000000000000     
 mdl_CF =    1.3333333333333333     
 mdl_complexi =                (0.0000000000000000,1.0000000000000000)
 mdl_MZ__exp__2 =    8315.2513440000002     
 mdl_MZ__exp__4 =    69143404.913893804     
 mdl_sqrt__2 =    1.4142135623730951     
 mdl_MH__exp__2 =    15625.000000000000     
 mdl_Ncol__exp__2 =    9.0000000000000000     
 mdl_MB__exp__2 =    22.090000000000003     
 mdl_MT__exp__2 =    29929.000000000000     
 mdl_aEW =    7.5467711139788835E-003
 mdl_MW =    80.419002445756163     
 mdl_sqrt__aEW =    8.6872153846781555E-002
 mdl_ee =   0.30795376724436879     
 mdl_MW__exp__2 =    6467.2159543705357     
 mdl_sw2 =   0.22224648578577766     
 mdl_cw =   0.88190334743339216     
 mdl_sqrt__sw2 =   0.47143025548407230     
 mdl_sw =   0.47143025548407230     
 mdl_g1 =   0.34919219678733299     
 mdl_gw =   0.65323293034757990     
 mdl_v =    246.21845810181637     
 mdl_v__exp__2 =    60623.529110035903     
 mdl_lam =   0.12886910601690263     
 mdl_yb =    2.6995554250465490E-002
 mdl_yt =   0.99366614581500623     
 mdl_ytau =    1.0206617000654717E-002
 mdl_muH =    88.388347648318430     
 mdl_AxialZUp =  -0.18517701861793787     
 mdl_AxialZDown =   0.18517701861793787     
 mdl_VectorZUp =    7.5430507588273299E-002
 mdl_VectorZDown =  -0.13030376310310560     
 mdl_VectorAUp =   0.20530251149624587     
 mdl_VectorADown =  -0.10265125574812294     
 mdl_VectorWmDxU =   0.23095271737156670     
 mdl_AxialWmDxU =  -0.23095271737156670     
 mdl_VectorWpUxD =   0.23095271737156670     
 mdl_AxialWpUxD =  -0.23095271737156670     
 mdl_I1x33 =          (2.69955542504654901E-002,0.0000000000000000)
 mdl_I2x33 =               (0.99366614581500623,0.0000000000000000)
 mdl_I3x33 =               (0.99366614581500623,0.0000000000000000)
 mdl_I4x33 =          (2.69955542504654901E-002,0.0000000000000000)
 mdl_Vector_tbGp =              (-0.96667059156454072,0.0000000000000000)
 mdl_Axial_tbGp =              (-1.0206617000654716,-0.0000000000000000)
 mdl_Vector_tbGm =               (0.96667059156454072,0.0000000000000000)
 mdl_Axial_tbGm =              (-1.0206617000654716,-0.0000000000000000)
 mdl_gw__exp__2 =   0.42671326129048615     
 mdl_cw__exp__2 =   0.77775351421422245     
 mdl_ee__exp__2 =    9.4835522759998875E-002
 mdl_sw__exp__2 =   0.22224648578577769     
 mdl_yb__exp__2 =    7.2875994928982540E-004
 mdl_yt__exp__2 =   0.98737240933884918     
  Internal Params evaluated point by point
  ----------------------------------------
  
 mdl_sqrt__aS =   0.34351128074635334     
 mdl_G__exp__4 =    2.1987899468922913     
 mdl_G__exp__2 =    1.4828317324943823     
 mdl_R2MixedFactor_FIN_ =   -2.5040377713124864E-002
 mdl_G_UVg_1EPS_ =   -5.1645779033320030E-002
 mdl_G_UVq_1EPS_ =    3.1300472141406080E-003
 mdl_GWcft_UV_b_1EPS_ =   -3.1300472141406080E-003
 mdl_GWcft_UV_t_1EPS_ =   -3.1300472141406080E-003
 mdl_bWcft_UV_1EPS_ =   -1.8780283284843650E-002
 mdl_tWcft_UV_1EPS_ =   -1.8780283284843650E-002
 mdl_G__exp__3 =    1.8056676068262196     
 mdl_MU_R__exp__2 =    8315.2513440000002     
 mdl_G_UVb_FIN_ =    1.8563438626678915E-002
 mdl_G_UVt_FIN_ =   -4.0087659331150384E-003
 mdl_GWcft_UV_b_FIN_ =   -1.8563438626678915E-002
 mdl_GWcft_UV_t_FIN_ =    4.0087659331150384E-003
 mdl_bWcft_UV_FIN_ =  -0.13642100947319838     
 mdl_tWcft_UV_FIN_ =   -9.8778211443463623E-004
  Couplings of loop_sm
  ---------------------------------
  
      UV_GQQb =   0.00000E+00   0.22605E-01
      UV_GQQt =   0.00000E+00  -0.48815E-02
   UVWfct_G_2 =   0.40088E-02   0.00000E+00
   UVWfct_G_1 =  -0.18563E-01   0.00000E+00
       R2_DDA =   0.00000E+00   0.25704E-02
       R2_UUA =  -0.00000E+00  -0.51409E-02
    R2_UUZ_V2 =  -0.00000E+00  -0.72127E-02
    R2_UUZ_V5 =   0.00000E+00   0.68702E-03
      R2_sxcW =  -0.00000E+00  -0.11566E-01
      R2_GGHb =   0.00000E+00  -0.33698E-02
      R2_GGHt =   0.00000E+00  -0.45657E+01
     R2_GGZup =  -0.46369E-02   0.00000E+00
    R2_GGWWcs =   0.00000E+00   0.13356E-02
         GC_4 =  -0.12177E+01   0.00000E+00
         GC_5 =   0.00000E+00   0.12177E+01
       R2_GQQ =  -0.00000E+00  -0.30492E-01
       R2_QQq =   0.00000E+00   0.12520E-01
 UV_GQQg_1eps =   0.00000E+00  -0.62890E-01
 UV_GQQq_1eps =   0.00000E+00   0.38115E-02
 UVWfct_G_2_1eps -0.31300E-02   0.00000E+00
         GC_1 =  -0.00000E+00  -0.10265E+00
         GC_2 =   0.00000E+00   0.20530E+00
         GC_7 =   0.00000E+00   0.57609E+00
        GC_22 =   0.00000E+00   0.28804E+00
        GC_23 =  -0.00000E+00  -0.27437E-01
        GC_24 =   0.00000E+00   0.82310E-01
        GC_25 =   0.00000E+00   0.30795E+00
        GC_28 =   0.00000E+00   0.37035E+00
        GC_31 =   0.00000E+00   0.52532E+02
        GC_33 =  -0.00000E+00  -0.19089E-01
        GC_37 =  -0.00000E+00  -0.70263E+00
        GC_38 =  -0.00000E+00  -0.72172E-02
        GC_47 =   0.00000E+00   0.46191E+00

 Collider parameters:
 --------------------

 Running at P P   machine @    13000.000000000000       GeV
 PDF set = lhapdf 
 alpha_s(Mz)= 0.1127 running at 3 loops.
 alpha_s(Mz)= 0.1127 running at 3 loops.
 Renormalization scale set on event-by-event basis
 Factorization   scale set on event-by-event basis


 ===============================================================
 INFO: MadFKS read these parameters from FKS_params.dat
 ===============================================================
  > IRPoleCheckThreshold      =    1.0000000000000001E-005
  > PrecisionVirtualAtRunTime =    1.0000000000000000E-003
  > NHelForMCoverHels         =            4
  > VirtualFraction           =    1.0000000000000000     
  > MinVirtualFraction        =    5.0000000000000001E-003
 ===============================================================
  Insert the number of points to test
 Insert the relative tolerance
  A negative number will mean use the default one:    1.0000000000000001E-005
Using random seed offsets:     1 ,     48 ,      0
  with seed                   32
 Ranmar initialization seeds       10730        9454
  ========================================================================================== 
 {                                                                                          }
 {       [32m                                                                            [0m       }
 {       [32m                               ,,                                           [0m       }
 {       [32m`7MMM.     ,MMF'             `7MM  `7MMF'                                   [0m       }
 {       [32m  MMMb    dPMM                 MM    MM                                     [0m       }
 {       [32m  M YM   ,M MM   ,6"Yb.   ,M""bMM    MM         ,pW"Wq.   ,pW"Wq.`7MMpdMAo. [0m       }
 {       [32m  M  Mb  M' MM  8)   MM ,AP    MM    MM        6W'   `Wb 6W'   `Wb MM   `Wb [0m       }
 {       [32m  M  YM.P'  MM   ,pm9MM 8MI    MM    MM      , 8M     M8 8M     M8 MM    M8 [0m       }
 {       [32m  M  `YM'   MM  8M   MM `Mb    MM    MM     ,M YA.   ,A9 YA.   ,A9 MM   ,AP [0m       }
 {       [32m.JML. `'  .JMML.`Moo9^Yo.`Wbmd"MML..JMMmmmmMMM  `Ybmd9'   `Ybmd9'  MMbmmd'  [0m       }
 {       [32m                                                                   MM       [0m       }
 {       [32m                                                                 .JMML.     [0m       }
 {       [32m[0mv2.6.5 (2018-02-03), Ref: arXiv:1103.0621v2, arXiv:1405.0301[32m                [0m       }
 {       [32m                                                                            [0m       }
 {                                                                                          }
  ========================================================================================== 
 ===============================================================
 INFO: MadLoop read these parameters from ./MadLoop5_resources/MadLoopParams.dat                                                                                                                                                                                                                                                                                                                                                                                                                                                                                          
 ===============================================================
  > MLReductionLib            = 6|7|1
  > CTModeRun                 =           -1
  > MLStabThres               =    1.0000000000000000E-003
  > NRotations_DP             =            0
  > NRotations_QP             =            0
  > CTStabThres               =    1.0000000000000000E-002
  > CTLoopLibrary             =            2
  > CTModeInit                =            1
  > CheckCycle                =            3
  > MaxAttempts               =           10
  > UseLoopFilter             =  F
  > HelicityFilterLevel       =            2
  > ImprovePSPoint            =            2
  > DoubleCheckHelicityFilter =  T
  > LoopInitStartOver         =  F
  > HelInitStartOver          =  F
  > ZeroThres                 =    1.0000000000000001E-009
  > OSThres                   =    1.0000000000000000E-008
  > WriteOutFilters           =  T
  > UseQPIntegrandForNinja    =  T
  > UseQPIntegrandForCutTools =  T
  > IREGIMODE                 =            2
  > IREGIRECY                 =  T
  > COLLIERMode               =            1
  > COLLIERRequiredAccuracy   =    1.0000000000000000E-008
  > COLLIERCanOutput          =  F
  > COLLIERComputeUVpoles     =  T
  > COLLIERComputeIRpoles     =  T
  > COLLIERGlobalCache        =           -1
  > COLLIERUseCacheForPoles   =  F
  > COLLIERUseInternalStabilityTest =  T
 ===============================================================
  
------------------------------------------------------------------------
|              You are using CutTools - Version 1.9.3                  |
|              Authors: G. Ossola, C. Papadopoulos, R. Pittau          |
|              Published in JHEP 0803:042,2008                         |
|              http://www.ugr.es/~pittau/CutTools                      |
|                                                                      |
|              Compiler with  34  significant digits detetected        |
 ---------------------------------------------------------------------- 
   
########################################################################
#                                                                      #

  +----------------------------------------------------------------+
  |                                                                |
  |  Ninja - version 1.1.0                                         |
  |                                                                |
  |  Author: Tiziano Peraro                                        |
  |                                                                |
  |  Based on:                                                     |
  |                                                                |
  |      P. Mastrolia, E. Mirabella and T. Peraro,                 |
  |      "Integrand reduction of one-loop scattering amplitudes    |
  |      through Laurent series expansion,"                        |
  |      JHEP 1206 (2012) 095  [arXiv:1203.0291 [hep-ph]].         |
  |                                                                |
  |      T. Peraro,                                                |
  |      "Ninja: Automated Integrand Reduction via Laurent         |
  |      Expansion for One-Loop Amplitudes,"                       |
  |      Comput.Phys.Commun. 185 (2014) [arXiv:1403.1229 [hep-ph]] |
  |                                                                |
  +----------------------------------------------------------------+


#                      You are using OneLOop-3.6                       #
#                                                                      #
# for the evaluation of 1-loop scalar 1-, 2-, 3- and 4-point functions #
#                                                                      #
# author: Andreas van Hameren <hamerenREMOVETHIS@ifj.edu.pl>           #
#   date: 18-02-2015                                                   #
#                                                                      #
# Please cite                                                          #
#    A. van Hameren,                                                   #
#      Comput.Phys.Commun. 182 (2011) 2427-2438, arXiv:1007.4716       #
#    A. van Hameren, C.G. Papadopoulos and R. Pittau,                  #
#      JHEP 0909:106,2009, arXiv:0903.4665                             #
# in publications with results obtained with the help of this program. #
#                                                                      #
########################################################################
########################################################################
#                                                                      #
#                      You are using OneLOop-3.6                       #
#                                                                      #
# for the evaluation of 1-loop scalar 1-, 2-, 3- and 4-point functions #
#                                                                      #
# author: Andreas van Hameren <hamerenREMOVETHIS@ifj.edu.pl>           #
#   date: 18-02-2015                                                   #
#                                                                      #
# Please cite                                                          #
#    A. van Hameren,                                                   #
#      Comput.Phys.Commun. 182 (2011) 2427-2438, arXiv:1007.4716       #
#    A. van Hameren, C.G. Papadopoulos and R. Pittau,                  #
#      JHEP 0909:106,2009, arXiv:0903.4665                             #
# in publications with results obtained with the help of this program. #
#                                                                      #
########################################################################
 PASSED   1.0000000000000001E-005
 MU_R    =    325.00000000000000     
 ALPHA_S =   0.11799999999999999     
 BORN                    7.9649526037876004E-012
 SINGLE POLE (MadFKS)   -1.0023899014775906E-012
 DOUBLE POLE (MadFKS)   -8.4764304208041030E-013
 SINGLE POLE (MadLoop)  -1.0023899014775708E-012
 DOUBLE POLE (MadLoop)  -8.4764304208041172E-013
 FINITE PART (MadLoop)   1.9606729047147789E-012
   325.00000000000000        0.0000000000000000        0.0000000000000000        325.00000000000000        0.0000000000000000     
   325.00000000000000        0.0000000000000000        0.0000000000000000       -325.00000000000000        0.0000000000000000     
   224.64657199209861        204.59693080436179        78.536265575033696       -49.346483904774217        1.7769999999999999     
   119.79598187526230       -91.155255592255742       -66.260962738740574        40.635962746118452        0.0000000000000000     
   145.18437824820967       -5.4931358009033842       -88.487792579774592       -82.164613772476912        80.419002445756163     
   160.37306788442942       -107.94853941120266        76.212489743481484        90.875134931132678        0.0000000000000000     

 PASSED   1.0000000000000001E-005
 MU_R    =    325.00000000000000     
 ALPHA_S =   0.11799999999999999     
 BORN                    1.4111633339167932E-011
 SINGLE POLE (MadFKS)   -6.6741462640096479E-013
 DOUBLE POLE (MadFKS)   -1.5017826730880346E-012
 SINGLE POLE (MadLoop)  -6.6741462640032815E-013
 DOUBLE POLE (MadLoop)  -1.5017826730880258E-012
 FINITE PART (MadLoop)  -7.1004288062967674E-012
   325.00000000000000        0.0000000000000000        0.0000000000000000        325.00000000000000        0.0000000000000000     
   325.00000000000000        0.0000000000000000        0.0000000000000000       -325.00000000000000        0.0000000000000000     
   139.54686474349833       -57.906752922275771       -126.25940113489007       -13.249200798449506        1.7769999999999999     
   162.66060128490381       -139.46562320169940       -44.726738463047141        70.762490217531465        0.0000000000000000     
   259.29043277466997        173.24194151775092        173.17438030572899        27.607540256096620        80.419002445756163     
   88.502101196927867        24.130434606224316       -2.1882407077917709       -85.120829675178527        0.0000000000000000     

 PASSED   1.0000000000000001E-005
 MU_R    =    325.00000000000000     
 ALPHA_S =   0.11799999999999999     
 BORN                    1.2546437243816287E-012
 SINGLE POLE (MadFKS)   -1.6194902818445219E-013
 DOUBLE POLE (MadFKS)   -1.3352119920415027E-013
 SINGLE POLE (MadLoop)  -1.6194902818457770E-013
 DOUBLE POLE (MadLoop)  -1.3352119920415075E-013
 FINITE PART (MadLoop)   2.3948492217994098E-013
   325.00000000000000        0.0000000000000000        0.0000000000000000        325.00000000000000        0.0000000000000000     
   325.00000000000000        0.0000000000000000        0.0000000000000000       -325.00000000000000        0.0000000000000000     
   217.38007704852961       -84.905400234257058        172.93941795997517       -100.66762585533807        1.7769999999999999     
   157.99864761870782        57.391642681865640       -146.94756715065918        8.7283737385720652        0.0000000000000000     
   129.86272202404362        36.802795414419961        94.333043745250706        11.997571611141002        80.419002445756163     
   144.75855330871889       -9.2890378620285379       -120.32489455456667        79.941680505625001        0.0000000000000000     

 PASSED   1.0000000000000001E-005
 MU_R    =    325.00000000000000     
 ALPHA_S =   0.11799999999999999     
 BORN                    3.6569592095764454E-012
 SINGLE POLE (MadFKS)   -3.7399580412363300E-013
 DOUBLE POLE (MadFKS)   -3.8917946952946017E-013
 SINGLE POLE (MadLoop)  -3.7399580412364027E-013
 DOUBLE POLE (MadLoop)  -3.8917946952946062E-013
 FINITE PART (MadLoop)   8.3278117788145823E-015
   325.00000000000000        0.0000000000000000        0.0000000000000000        325.00000000000000        0.0000000000000000     
   325.00000000000000        0.0000000000000000        0.0000000000000000       -325.00000000000000        0.0000000000000000     
   178.50140502689982        127.80936201796067        123.80203513106635        14.050514066946031        1.7769999999999999     
   101.25936800079714       -45.724931309617297        40.501089416053588       -80.761079863783834        0.0000000000000000     
   266.40243737077782       -185.64937332147952       -162.83527097608035        59.346671298467534        80.419002445756163     
   103.83678960152530        103.56494261313674       -1.4678535710395590        7.3638944983695200        0.0000000000000000     

 PASSED   1.0000000000000001E-005
 MU_R    =    325.00000000000000     
 ALPHA_S =   0.11799999999999999     
 BORN                    6.8274989653411262E-012
 SINGLE POLE (MadFKS)   -2.1083174074375867E-013
 DOUBLE POLE (MadFKS)   -7.2659339994447185E-013
 SINGLE POLE (MadLoop)  -2.1083174074376056E-013
 DOUBLE POLE (MadLoop)  -7.2659339994447477E-013
 FINITE PART (MadLoop)  -3.9310391539407398E-013
   325.00000000000000        0.0000000000000000        0.0000000000000000        325.00000000000000        0.0000000000000000     
   325.00000000000000        0.0000000000000000        0.0000000000000000       -325.00000000000000        0.0000000000000000     
   87.475319213655993       -26.249800617786189        83.256219748081762        5.3031672910261074        1.7769999999999999     
   174.81898164581958       -149.99982686680781       -89.754705620890746        2.4126961094018382        0.0000000000000000     
   180.76321892644464        42.554435375312757        103.81048721752201        116.70744678823301        80.419002445756163     
   206.94248021407972        133.69519210928124       -97.312001344713025       -124.42331018866089        0.0000000000000000     

 PASSED   1.0000000000000001E-005
 MU_R    =    325.00000000000000     
 ALPHA_S =   0.11799999999999999     
 BORN                    3.1736406268590810E-010
 SINGLE POLE (MadFKS)   -5.9394998581057459E-011
 DOUBLE POLE (MadFKS)   -3.3774393009464645E-011
 SINGLE POLE (MadLoop)  -5.9394998581058325E-011
 DOUBLE POLE (MadLoop)  -3.3774393009464574E-011
 FINITE PART (MadLoop)  -1.2694200470039838E-010
   325.00000000000000        0.0000000000000000        0.0000000000000000        325.00000000000000        0.0000000000000000     
   325.00000000000000        0.0000000000000000        0.0000000000000000       -325.00000000000000        0.0000000000000000     
   40.699696144190185        26.937451933179677       -30.030152094440869       -5.0863725543645053        1.7769999999999999     
   276.15916382558260        205.35427174325525       -152.69354799975281        103.81804872414733        0.0000000000000000     
   311.91269271879537       -212.06328603263901        188.33314734383154       -101.89259174898280        80.419002445756163     
   21.228447311431779       -20.228437643795925       -5.6094472496375589        3.1609155791999428        0.0000000000000000     

 PASSED   1.0000000000000001E-005
 MU_R    =    325.00000000000000     
 ALPHA_S =   0.11799999999999999     
 BORN                    4.9399299362869861E-010
 SINGLE POLE (MadFKS)   -1.3751455941337826E-010
 DOUBLE POLE (MadFKS)   -5.2571527379424563E-011
 SINGLE POLE (MadLoop)  -1.3751455941327740E-010
 DOUBLE POLE (MadLoop)  -5.2571527379417616E-011
 FINITE PART (MadLoop)  -6.7106563548455993E-011
   325.00000000000000        0.0000000000000000        0.0000000000000000        325.00000000000000        0.0000000000000000     
   325.00000000000000        0.0000000000000000        0.0000000000000000       -325.00000000000000        0.0000000000000000     
   67.563220210451064        29.884124849605630       -60.566129700902593      -0.56036705161633948        1.7769999999999999     
   193.64177895527868       -2.9534507817919975       -127.23232859520580       -145.94639511028046        0.0000000000000000     
   240.53545780444594       -28.713756255818463        224.84847212409673        2.9623119289846511        80.419002445756163     
   148.25954302982430        1.7830821880048253       -37.050013827988387        143.54445023291220        0.0000000000000000     

 PASSED   1.0000000000000001E-005
 MU_R    =    325.00000000000000     
 ALPHA_S =   0.11799999999999999     
 BORN                    1.0971499682774317E-012
 SINGLE POLE (MadFKS)   -6.1756416105837209E-014
 DOUBLE POLE (MadFKS)   -1.1676046085784187E-013
 SINGLE POLE (MadLoop)  -6.1756416105855839E-014
 DOUBLE POLE (MadLoop)  -1.1676046085785990E-013
 FINITE PART (MadLoop)   1.7992513526399905E-014
   325.00000000000000        0.0000000000000000        0.0000000000000000        325.00000000000000        0.0000000000000000     
   325.00000000000000        0.0000000000000000        0.0000000000000000       -325.00000000000000        0.0000000000000000     
   284.94564616476219       -236.86108313232418       -158.39012855655034      -0.50794928443906728        1.7769999999999999     
   50.365669906061378        34.854514346177886        28.496615762183637       -22.578893349340309        0.0000000000000000     
   177.73312241113331        120.84168470493502        44.197537723684547        92.551130433274068        80.419002445756163     
   136.95556151804306        81.164884081211284        85.695975070682167       -69.464287799494699        0.0000000000000000     

 PASSED   1.0000000000000001E-005
 MU_R    =    325.00000000000000     
 ALPHA_S =   0.11799999999999999     
 BORN                    6.4219777219080329E-011
 SINGLE POLE (MadFKS)   -6.1739092666124995E-012
 DOUBLE POLE (MadFKS)   -6.8343717824286376E-012
 SINGLE POLE (MadLoop)  -6.1739092666119365E-012
 DOUBLE POLE (MadLoop)  -6.8343717824286473E-012
 FINITE PART (MadLoop)   1.2108259352893512E-011
   325.00000000000000        0.0000000000000000        0.0000000000000000        325.00000000000000        0.0000000000000000     
   325.00000000000000        0.0000000000000000        0.0000000000000000       -325.00000000000000        0.0000000000000000     
   109.23345237309871        98.910776960587370        24.748548399743299        39.152994029889108        1.7769999999999999     
   184.03640045771908        51.225510622592893       -141.74317029452590       -105.61352863031131        0.0000000000000000     
   111.99805442303695        44.361096738510838        32.138681014785099       -55.457610108635080        80.419002445756163     
   244.73209274614524       -194.49738432169113        84.855940879997434        121.91814470905729        0.0000000000000000     

 PASSED   1.0000000000000001E-005
 MU_R    =    325.00000000000000     
 ALPHA_S =   0.11799999999999999     
 BORN                    1.2821688230052771E-010
 SINGLE POLE (MadFKS)   -9.8051173180635019E-012
 DOUBLE POLE (MadFKS)   -1.3645046438519075E-011
 SINGLE POLE (MadLoop)  -9.8051173180602093E-012
 DOUBLE POLE (MadLoop)  -1.3645046438519086E-011
 FINITE PART (MadLoop)   8.8888792522615784E-012
   325.00000000000000        0.0000000000000000        0.0000000000000000        325.00000000000000        0.0000000000000000     
   325.00000000000000        0.0000000000000000        0.0000000000000000       -325.00000000000000        0.0000000000000000     
   107.61636798850574        52.858883824369514       -68.376927444956152        64.098823109839458        1.7769999999999999     
   48.871179455192639        30.114316526890804        23.282314380877946       -30.650513185423836        0.0000000000000000     
   259.68678305651264       -151.25127146837798       -169.27361187315543       -97.157122963193459        80.419002445756163     
   233.82566949978897        68.278071117117634        214.36822493723363        63.708813038777862        0.0000000000000000     

 PASSED   1.0000000000000001E-005
 MU_R    =    325.00000000000000     
 ALPHA_S =   0.11799999999999999     
 BORN                    3.1417780000116112E-013
 SINGLE POLE (MadFKS)   -4.6844288385941271E-014
 DOUBLE POLE (MadFKS)   -3.3435305819707620E-014
 SINGLE POLE (MadLoop)  -4.6844288385931205E-014
 DOUBLE POLE (MadLoop)  -3.3435305819706484E-014
 FINITE PART (MadLoop)   1.8510606315897792E-015
   325.00000000000000        0.0000000000000000        0.0000000000000000        325.00000000000000        0.0000000000000000     
   325.00000000000000        0.0000000000000000        0.0000000000000000       -325.00000000000000        0.0000000000000000     
   244.51498050613662        12.007181526794209        144.60271866963325       -196.80015068096341        1.7769999999999999     
   72.927026428388672        69.208031295703591       -21.786867300119006       -7.3438410322405376        0.0000000000000000     
   257.70486049241907       -144.16738499781957       -99.315069809818397        171.16325884548937        80.419002445756163     
   74.853132573055660        62.952172175321799       -23.500781559695820        32.980732867714579        0.0000000000000000     

 PASSED   1.0000000000000001E-005
 MU_R    =    325.00000000000000     
 ALPHA_S =   0.11799999999999999     
 BORN                    2.1833110866940030E-011
 SINGLE POLE (MadFKS)   -4.5107237780172336E-013
 DOUBLE POLE (MadFKS)   -2.3235147067330151E-012
 SINGLE POLE (MadLoop)  -4.5107237780192021E-013
 DOUBLE POLE (MadLoop)  -2.3235147067330252E-012
 FINITE PART (MadLoop)   2.7584404672713381E-012
   325.00000000000000        0.0000000000000000        0.0000000000000000        325.00000000000000        0.0000000000000000     
   325.00000000000000        0.0000000000000000        0.0000000000000000       -325.00000000000000        0.0000000000000000     
   118.02563532196885        55.290693787453975        63.982927088128143        82.316566290702696        1.7769999999999999     
   89.389567796303012        8.6862099912925732       -88.898640328226364       -3.4751020977326235        0.0000000000000000     
   181.08214788859820        131.38646370313563       -63.798120909186032        70.646480829685444        80.419002445756163     
   261.50264899312992       -195.36336748188216        88.713834149284239       -149.48794502265554        0.0000000000000000     

 PASSED   1.0000000000000001E-005
 MU_R    =    325.00000000000000     
 ALPHA_S =   0.11799999999999999     
 BORN                    1.1867986200222142E-011
 SINGLE POLE (MadFKS)   -1.8437322489967930E-012
 DOUBLE POLE (MadFKS)   -1.2630101428777929E-012
 SINGLE POLE (MadLoop)  -1.8437322489967995E-012
 DOUBLE POLE (MadLoop)  -1.2630101428777863E-012
 FINITE PART (MadLoop)   7.5064355250164696E-013
   325.00000000000000        0.0000000000000000        0.0000000000000000        325.00000000000000        0.0000000000000000     
   325.00000000000000        0.0000000000000000        0.0000000000000000       -325.00000000000000        0.0000000000000000     
   92.423392534929235       -12.600582272145854        40.840167282727840        81.928211388918427        1.7769999999999999     
   237.83331279501854        196.54844046313090       -73.643459579870608       -111.84827261818667        0.0000000000000000     
   247.04085899507820       -216.54783144811967        87.412066313601784       -5.3044713741200162        80.419002445756163     
   72.702435674974041        32.599973257134614       -54.608774016458973        35.224532603388241        0.0000000000000000     

 PASSED   1.0000000000000001E-005
 MU_R    =    325.00000000000000     
 ALPHA_S =   0.11799999999999999     
 BORN                    4.2632714826947789E-012
 SINGLE POLE (MadFKS)   -4.4317699499401509E-013
 DOUBLE POLE (MadFKS)   -4.5370419493615238E-013
 SINGLE POLE (MadLoop)  -4.4317699499376972E-013
 DOUBLE POLE (MadLoop)  -4.5370419493618697E-013
 FINITE PART (MadLoop)   5.7045347970180632E-013
   325.00000000000000        0.0000000000000000        0.0000000000000000        325.00000000000000        0.0000000000000000     
   325.00000000000000        0.0000000000000000        0.0000000000000000       -325.00000000000000        0.0000000000000000     
   132.25034945084673       -83.641986965301385        30.969781479299456        97.631387639897298        1.7769999999999999     
   248.37574647853984       -23.705629021289244       -7.6919024133006690       -247.12221516638519        0.0000000000000000     
   168.21171147456721        24.244073783805057        33.885144474435329        141.74620204134075        80.419002445756163     
   101.16219259604621        83.103542202785420       -57.163023540434111        7.7446254851471883        0.0000000000000000     

 PASSED   1.0000000000000001E-005
 MU_R    =    325.00000000000000     
 ALPHA_S =   0.11799999999999999     
 BORN                    1.3385561744015953E-011
 SINGLE POLE (MadFKS)   -1.0181105433711465E-012
 DOUBLE POLE (MadFKS)   -1.4245129683831840E-012
 SINGLE POLE (MadLoop)  -1.0181105433711659E-012
 DOUBLE POLE (MadLoop)  -1.4245129683831796E-012
 FINITE PART (MadLoop)   3.1474471403360035E-012
   325.00000000000000        0.0000000000000000        0.0000000000000000        325.00000000000000        0.0000000000000000     
   325.00000000000000        0.0000000000000000        0.0000000000000000       -325.00000000000000        0.0000000000000000     
   271.98289198243958        150.73763561683663       -217.25905489543447        63.625498636315946        1.7769999999999999     
   27.645307307239179        7.6418102451054120       -26.399624533084555       -2.9875703843850681        0.0000000000000000     
   204.26448991746773       -152.18336456772980        98.089079669941043       -49.754616722693655        80.419002445756163     
   146.10731079285344       -6.1960812942121848        145.56959975857788       -10.883311529237204        0.0000000000000000     

 PASSED   1.0000000000000001E-005
 MU_R    =    325.00000000000000     
 ALPHA_S =   0.11799999999999999     
 BORN                    4.2511111509501735E-011
 SINGLE POLE (MadFKS)   -4.7868749436005941E-012
 DOUBLE POLE (MadFKS)   -4.5241007291114460E-012
 SINGLE POLE (MadLoop)  -4.7868749436001628E-012
 DOUBLE POLE (MadLoop)  -4.5241007291114646E-012
 FINITE PART (MadLoop)   8.3303837058462739E-012
   325.00000000000000        0.0000000000000000        0.0000000000000000        325.00000000000000        0.0000000000000000     
   325.00000000000000        0.0000000000000000        0.0000000000000000       -325.00000000000000        0.0000000000000000     
   136.68076581241064        94.733290232535126       -78.552155000220353        59.444399909551372        1.7769999999999999     
   171.53431723692461       -20.691334655335293       -66.819155223724565       -156.62404398848412        0.0000000000000000     
   104.78837567288379        47.241020986187770        2.3167665402976523       -47.710651334594175        80.419002445756163     
   236.99654127778098       -121.28297656338765        143.05454368364747        144.89029541352699        0.0000000000000000     

 PASSED   1.0000000000000001E-005
 MU_R    =    325.00000000000000     
 ALPHA_S =   0.11799999999999999     
 BORN                    1.8518275388894293E-011
 SINGLE POLE (MadFKS)    4.3046757312959466E-015
 DOUBLE POLE (MadFKS)   -1.9707445939177038E-012
 SINGLE POLE (MadLoop)   4.3046759710158914E-015
 DOUBLE POLE (MadLoop)  -1.9707445941446748E-012
 FINITE PART (MadLoop)   4.2358776252189466E-012
   325.00000000000000        0.0000000000000000        0.0000000000000000        325.00000000000000        0.0000000000000000     
   325.00000000000000        0.0000000000000000        0.0000000000000000       -325.00000000000000        0.0000000000000000     
   238.21373412194811        84.674121296051041        98.889411589932237        199.48384108358459        1.7769999999999999     
   136.18061497473994       -80.871830538959230       -109.45592533413546        4.9302463857696122        0.0000000000000000     
   88.986913873787742       -26.780243808458764        18.914882647094196       -19.403624465973966        80.419002445756163     
   186.61873702952414        22.977953051366907       -8.3483689028909716       -185.01046300338021        0.0000000000000000     

 PASSED   1.0000000000000001E-005
 MU_R    =    325.00000000000000     
 ALPHA_S =   0.11799999999999999     
 BORN                    9.9796609286125720E-012
 SINGLE POLE (MadFKS)   -1.1551022607444369E-012
 DOUBLE POLE (MadFKS)   -1.0620515361808361E-012
 SINGLE POLE (MadLoop)  -1.1551022607443549E-012
 DOUBLE POLE (MadLoop)  -1.0620515361808470E-012
 FINITE PART (MadLoop)  -2.5536778387883874E-013
   325.00000000000000        0.0000000000000000        0.0000000000000000        325.00000000000000        0.0000000000000000     
   325.00000000000000        0.0000000000000000        0.0000000000000000       -325.00000000000000        0.0000000000000000     
   161.65391190964442       -41.921068434243352       -112.89941175530629       -107.82011108011523        1.7769999999999999     
   65.969635297530331        13.319122017943616        60.819317894461932       -21.808354839663608        0.0000000000000000     
   195.28091635425372        166.88965809750820       -60.828690039807931       -10.729996548193924        80.419002445756163     
   227.09553643857151       -138.28771168120849        112.90878390065230        140.35846246797277        0.0000000000000000     

 PASSED   1.0000000000000001E-005
 MU_R    =    325.00000000000000     
 ALPHA_S =   0.11799999999999999     
 BORN                    6.4976679013326042E-011
 SINGLE POLE (MadFKS)   -2.0609817014510882E-012
 DOUBLE POLE (MadFKS)   -6.9149224864121699E-012
 SINGLE POLE (MadLoop)  -2.0609817014511302E-012
 DOUBLE POLE (MadLoop)  -6.9149224864121497E-012
 FINITE PART (MadLoop)   3.9458066571802317E-012
   325.00000000000000        0.0000000000000000        0.0000000000000000        325.00000000000000        0.0000000000000000     
   325.00000000000000        0.0000000000000000        0.0000000000000000       -325.00000000000000        0.0000000000000000     
   53.317280154146381        5.2047748513041636       -19.677146669300711        49.247282683796790        1.7769999999999999     
   240.56249617695440       -207.92599522717992        55.223227693721839        107.64520518240148        0.0000000000000000     
Thanks for using LHAPDF 6.2.1. Please make sure to cite the paper:
  Eur.Phys.J. C75 (2015) 3, 132  (http://arxiv.org/abs/1412.7420)
   158.38856414979028        103.98742048175301        82.183752919514788       -32.437145939138176        80.419002445756163     
   197.73165951910894        98.733799894122740       -117.72983394393590       -124.45534192706006        0.0000000000000000     

 PASSED   1.0000000000000001E-005
 MU_R    =    325.00000000000000     
 ALPHA_S =   0.11799999999999999     
 BORN                    3.2976613689662902E-010
 SINGLE POLE (MadFKS)   -2.1444362652586580E-011
 DOUBLE POLE (MadFKS)   -3.5094241655780935E-011
 SINGLE POLE (MadLoop)  -2.1444362652592031E-011
 DOUBLE POLE (MadLoop)  -3.5094241655779876E-011
 FINITE PART (MadLoop)   2.2773537057938711E-011
   325.00000000000000        0.0000000000000000        0.0000000000000000        325.00000000000000        0.0000000000000000     
   325.00000000000000        0.0000000000000000        0.0000000000000000       -325.00000000000000        0.0000000000000000     
   81.024614852412782       -54.391286721163496       -60.002366893755685        1.7704177318198178        1.7769999999999999     
   24.762555983258881       -11.003045089296480       -6.1573665568886389        21.312062656417080        0.0000000000000000     
   324.54750543959278        208.65841561130441        231.85676376404484       -39.597651750274132        80.419002445756163     
   219.66532372473549       -143.26408380084445       -165.69703031340052        16.515171362037240        0.0000000000000000     

 NUMBER OF POINTS PASSING THE CHECK          20
 NUMBER OF POINTS FAILING THE CHECK           0
 TOLERANCE    1.0000000000000001E-005
