==== LHAPDF6 USING DEFAULT-TYPE LHAGLUE INTERFACE ====
LHAPDF 6.2.1 loading /cvmfs/cms.cern.ch/slc7_amd64_gcc700/external/lhapdf/6.2.1-pafccj3/share/LHAPDF/NNPDF31_nnlo_as_0118_nf_4_mc_hessian/NNPDF31_nnlo_as_0118_nf_4_mc_hessian_0000.dat
NNPDF31_nnlo_as_0118_nf_4_mc_hessian PDF set, member #0, version 1; LHAPDF ID = 325500
 A PDF is used, so alpha_s(MZ) is going to be modified
 Old value of alpha_s from param_card:   0.11799999999999999     
 New value of alpha_s from PDF lhapdf :  0.11266013434007299     
 *****************************************************
 *               MadGraph/MadEvent                   *
 *        --------------------------------           *
 *          http://madgraph.hep.uiuc.edu             *
 *          http://madgraph.phys.ucl.ac.be           *
 *          http://madgraph.roma2.infn.it            *
 *        --------------------------------           *
 *                                                   *
 *          PARAMETER AND COUPLING VALUES            *
 *                                                   *
 *****************************************************

  External Params
  ---------------------------------
  
 MU_R =    91.188000000000002     
 aEWM1 =    132.50700000000001     
 mdl_Gf =    1.1663900000000000E-005
 aS =   0.11799999999999999     
 mdl_ymb =    4.7000000000000002     
 mdl_ymt =    173.00000000000000     
 mdl_ymtau =    1.7769999999999999     
 mdl_MT =    173.00000000000000     
 mdl_MB =    4.7000000000000002     
 mdl_MZ =    91.188000000000002     
 mdl_MH =    125.00000000000000     
 mdl_MTA =    1.7769999999999999     
 mdl_WT =    1.4915000000000000     
 mdl_WZ =    2.4414039999999999     
 mdl_WW =    2.0476000000000001     
 mdl_WH =    6.3823389999999999E-003
  Internal Params
  ---------------------------------
  
 mdl_conjg__CKM3x3 =    1.0000000000000000     
 mdl_CKM22 =    1.0000000000000000     
 mdl_lhv =    1.0000000000000000     
 mdl_CKM3x3 =    1.0000000000000000     
 mdl_conjg__CKM22 =    1.0000000000000000     
 mdl_conjg__CKM33 =    1.0000000000000000     
 mdl_Ncol =    3.0000000000000000     
 mdl_CA =    3.0000000000000000     
 mdl_TF =   0.50000000000000000     
 mdl_CF =    1.3333333333333333     
 mdl_complexi =                (0.0000000000000000,1.0000000000000000)
 mdl_MZ__exp__2 =    8315.2513440000002     
 mdl_MZ__exp__4 =    69143404.913893804     
 mdl_sqrt__2 =    1.4142135623730951     
 mdl_MH__exp__2 =    15625.000000000000     
 mdl_Ncol__exp__2 =    9.0000000000000000     
 mdl_MB__exp__2 =    22.090000000000003     
 mdl_MT__exp__2 =    29929.000000000000     
 mdl_aEW =    7.5467711139788835E-003
 mdl_MW =    80.419002445756163     
 mdl_sqrt__aEW =    8.6872153846781555E-002
 mdl_ee =   0.30795376724436879     
 mdl_MW__exp__2 =    6467.2159543705357     
 mdl_sw2 =   0.22224648578577766     
 mdl_cw =   0.88190334743339216     
 mdl_sqrt__sw2 =   0.47143025548407230     
 mdl_sw =   0.47143025548407230     
 mdl_g1 =   0.34919219678733299     
 mdl_gw =   0.65323293034757990     
 mdl_v =    246.21845810181637     
 mdl_v__exp__2 =    60623.529110035903     
 mdl_lam =   0.12886910601690263     
 mdl_yb =    2.6995554250465490E-002
 mdl_yt =   0.99366614581500623     
 mdl_ytau =    1.0206617000654717E-002
 mdl_muH =    88.388347648318430     
 mdl_AxialZUp =  -0.18517701861793787     
 mdl_AxialZDown =   0.18517701861793787     
 mdl_VectorZUp =    7.5430507588273299E-002
 mdl_VectorZDown =  -0.13030376310310560     
 mdl_VectorAUp =   0.20530251149624587     
 mdl_VectorADown =  -0.10265125574812294     
 mdl_VectorWmDxU =   0.23095271737156670     
 mdl_AxialWmDxU =  -0.23095271737156670     
 mdl_VectorWpUxD =   0.23095271737156670     
 mdl_AxialWpUxD =  -0.23095271737156670     
 mdl_I1x33 =          (2.69955542504654901E-002,0.0000000000000000)
 mdl_I2x33 =               (0.99366614581500623,0.0000000000000000)
 mdl_I3x33 =               (0.99366614581500623,0.0000000000000000)
 mdl_I4x33 =          (2.69955542504654901E-002,0.0000000000000000)
 mdl_Vector_tbGp =              (-0.96667059156454072,0.0000000000000000)
 mdl_Axial_tbGp =              (-1.0206617000654716,-0.0000000000000000)
 mdl_Vector_tbGm =               (0.96667059156454072,0.0000000000000000)
 mdl_Axial_tbGm =              (-1.0206617000654716,-0.0000000000000000)
 mdl_gw__exp__2 =   0.42671326129048615     
 mdl_cw__exp__2 =   0.77775351421422245     
 mdl_ee__exp__2 =    9.4835522759998875E-002
 mdl_sw__exp__2 =   0.22224648578577769     
 mdl_yb__exp__2 =    7.2875994928982540E-004
 mdl_yt__exp__2 =   0.98737240933884918     
  Internal Params evaluated point by point
  ----------------------------------------
  
 mdl_sqrt__aS =   0.34351128074635334     
 mdl_G__exp__4 =    2.1987899468922913     
 mdl_G__exp__2 =    1.4828317324943823     
 mdl_R2MixedFactor_FIN_ =   -2.5040377713124864E-002
 mdl_G_UVg_1EPS_ =   -5.1645779033320030E-002
 mdl_G_UVq_1EPS_ =    3.1300472141406080E-003
 mdl_GWcft_UV_b_1EPS_ =   -3.1300472141406080E-003
 mdl_GWcft_UV_t_1EPS_ =   -3.1300472141406080E-003
 mdl_bWcft_UV_1EPS_ =   -1.8780283284843650E-002
 mdl_tWcft_UV_1EPS_ =   -1.8780283284843650E-002
 mdl_G__exp__3 =    1.8056676068262196     
 mdl_MU_R__exp__2 =    8315.2513440000002     
 mdl_G_UVb_FIN_ =    1.8563438626678915E-002
 mdl_G_UVt_FIN_ =   -4.0087659331150384E-003
 mdl_GWcft_UV_b_FIN_ =   -1.8563438626678915E-002
 mdl_GWcft_UV_t_FIN_ =    4.0087659331150384E-003
 mdl_bWcft_UV_FIN_ =  -0.13642100947319838     
 mdl_tWcft_UV_FIN_ =   -9.8778211443463623E-004
  Couplings of loop_sm
  ---------------------------------
  
      UV_GQQb =   0.00000E+00   0.22605E-01
      UV_GQQt =   0.00000E+00  -0.48815E-02
   UVWfct_G_2 =   0.40088E-02   0.00000E+00
   UVWfct_G_1 =  -0.18563E-01   0.00000E+00
       R2_DDA =   0.00000E+00   0.25704E-02
       R2_UUA =  -0.00000E+00  -0.51409E-02
    R2_UUZ_V2 =  -0.00000E+00  -0.72127E-02
    R2_UUZ_V5 =   0.00000E+00   0.68702E-03
      R2_sxcW =  -0.00000E+00  -0.11566E-01
      R2_GGHb =   0.00000E+00  -0.33698E-02
      R2_GGHt =   0.00000E+00  -0.45657E+01
     R2_GGZup =  -0.46369E-02   0.00000E+00
    R2_GGWWcs =   0.00000E+00   0.13356E-02
         GC_4 =  -0.12177E+01   0.00000E+00
         GC_5 =   0.00000E+00   0.12177E+01
       R2_GQQ =  -0.00000E+00  -0.30492E-01
       R2_QQq =   0.00000E+00   0.12520E-01
 UV_GQQg_1eps =   0.00000E+00  -0.62890E-01
 UV_GQQq_1eps =   0.00000E+00   0.38115E-02
 UVWfct_G_2_1eps -0.31300E-02   0.00000E+00
         GC_1 =  -0.00000E+00  -0.10265E+00
         GC_2 =   0.00000E+00   0.20530E+00
         GC_7 =   0.00000E+00   0.57609E+00
        GC_22 =   0.00000E+00   0.28804E+00
        GC_23 =  -0.00000E+00  -0.27437E-01
        GC_24 =   0.00000E+00   0.82310E-01
        GC_25 =   0.00000E+00   0.30795E+00
        GC_28 =   0.00000E+00   0.37035E+00
        GC_31 =   0.00000E+00   0.52532E+02
        GC_33 =  -0.00000E+00  -0.19089E-01
        GC_37 =  -0.00000E+00  -0.70263E+00
        GC_38 =  -0.00000E+00  -0.72172E-02
        GC_47 =   0.00000E+00   0.46191E+00

 Collider parameters:
 --------------------

 Running at P P   machine @    13000.000000000000       GeV
 PDF set = lhapdf 
 alpha_s(Mz)= 0.1127 running at 3 loops.
 alpha_s(Mz)= 0.1127 running at 3 loops.
 Renormalization scale set on event-by-event basis
 Factorization   scale set on event-by-event basis


 ===============================================================
 INFO: MadFKS read these parameters from FKS_params.dat
 ===============================================================
  > IRPoleCheckThreshold      =    1.0000000000000001E-005
  > PrecisionVirtualAtRunTime =    1.0000000000000000E-003
  > NHelForMCoverHels         =            4
  > VirtualFraction           =    1.0000000000000000     
  > MinVirtualFraction        =    5.0000000000000001E-003
 ===============================================================
  Insert the number of points to test
 Insert the relative tolerance
  A negative number will mean use the default one:    1.0000000000000001E-005
Using random seed offsets:     1 ,     32 ,      0
  with seed                   32
 Ranmar initialization seeds       10730        9438
  ========================================================================================== 
 {                                                                                          }
 {       [32m                                                                            [0m       }
 {       [32m                               ,,                                           [0m       }
 {       [32m`7MMM.     ,MMF'             `7MM  `7MMF'                                   [0m       }
 {       [32m  MMMb    dPMM                 MM    MM                                     [0m       }
 {       [32m  M YM   ,M MM   ,6"Yb.   ,M""bMM    MM         ,pW"Wq.   ,pW"Wq.`7MMpdMAo. [0m       }
 {       [32m  M  Mb  M' MM  8)   MM ,AP    MM    MM        6W'   `Wb 6W'   `Wb MM   `Wb [0m       }
 {       [32m  M  YM.P'  MM   ,pm9MM 8MI    MM    MM      , 8M     M8 8M     M8 MM    M8 [0m       }
 {       [32m  M  `YM'   MM  8M   MM `Mb    MM    MM     ,M YA.   ,A9 YA.   ,A9 MM   ,AP [0m       }
 {       [32m.JML. `'  .JMML.`Moo9^Yo.`Wbmd"MML..JMMmmmmMMM  `Ybmd9'   `Ybmd9'  MMbmmd'  [0m       }
 {       [32m                                                                   MM       [0m       }
 {       [32m                                                                 .JMML.     [0m       }
 {       [32m[0mv2.6.5 (2018-02-03), Ref: arXiv:1103.0621v2, arXiv:1405.0301[32m                [0m       }
 {       [32m                                                                            [0m       }
 {                                                                                          }
  ========================================================================================== 
 ===============================================================
 INFO: MadLoop read these parameters from ./MadLoop5_resources/MadLoopParams.dat                                                                                                                                                                                                                                                                                                                                                                                                                                                                                          
 ===============================================================
  > MLReductionLib            = 6|7|1
  > CTModeRun                 =           -1
  > MLStabThres               =    1.0000000000000000E-003
  > NRotations_DP             =            0
  > NRotations_QP             =            0
  > CTStabThres               =    1.0000000000000000E-002
  > CTLoopLibrary             =            2
  > CTModeInit                =            1
  > CheckCycle                =            3
  > MaxAttempts               =           10
  > UseLoopFilter             =  F
  > HelicityFilterLevel       =            2
  > ImprovePSPoint            =            2
  > DoubleCheckHelicityFilter =  T
  > LoopInitStartOver         =  F
  > HelInitStartOver          =  F
  > ZeroThres                 =    1.0000000000000001E-009
  > OSThres                   =    1.0000000000000000E-008
  > WriteOutFilters           =  T
  > UseQPIntegrandForNinja    =  T
  > UseQPIntegrandForCutTools =  T
  > IREGIMODE                 =            2
  > IREGIRECY                 =  T
  > COLLIERMode               =            1
  > COLLIERRequiredAccuracy   =    1.0000000000000000E-008
  > COLLIERCanOutput          =  F
  > COLLIERComputeUVpoles     =  T
  > COLLIERComputeIRpoles     =  T
  > COLLIERGlobalCache        =           -1
  > COLLIERUseCacheForPoles   =  F
  > COLLIERUseInternalStabilityTest =  T
 ===============================================================
  
------------------------------------------------------------------------
|              You are using CutTools - Version 1.9.3                  |
|              Authors: G. Ossola, C. Papadopoulos, R. Pittau          |
|              Published in JHEP 0803:042,2008                         |
|              http://www.ugr.es/~pittau/CutTools                      |
|                                                                      |
|              Compiler with  34  significant digits detetected        |
 ---------------------------------------------------------------------- 
   
########################################################################
#                                                                      #

  +----------------------------------------------------------------+
  |                                                                |
  |  Ninja - version 1.1.0                                         |
  |                                                                |
  |  Author: Tiziano Peraro                                        |
  |                                                                |
  |  Based on:                                                     |
  |                                                                |
  |      P. Mastrolia, E. Mirabella and T. Peraro,                 |
  |      "Integrand reduction of one-loop scattering amplitudes    |
  |      through Laurent series expansion,"                        |
  |      JHEP 1206 (2012) 095  [arXiv:1203.0291 [hep-ph]].         |
  |                                                                |
  |      T. Peraro,                                                |
  |      "Ninja: Automated Integrand Reduction via Laurent         |
  |      Expansion for One-Loop Amplitudes,"                       |
  |      Comput.Phys.Commun. 185 (2014) [arXiv:1403.1229 [hep-ph]] |
  |                                                                |
  +----------------------------------------------------------------+


#                      You are using OneLOop-3.6                       #
#                                                                      #
# for the evaluation of 1-loop scalar 1-, 2-, 3- and 4-point functions #
#                                                                      #
# author: Andreas van Hameren <hamerenREMOVETHIS@ifj.edu.pl>           #
#   date: 18-02-2015                                                   #
#                                                                      #
# Please cite                                                          #
#    A. van Hameren,                                                   #
#      Comput.Phys.Commun. 182 (2011) 2427-2438, arXiv:1007.4716       #
#    A. van Hameren, C.G. Papadopoulos and R. Pittau,                  #
#      JHEP 0909:106,2009, arXiv:0903.4665                             #
# in publications with results obtained with the help of this program. #
#                                                                      #
########################################################################
########################################################################
#                                                                      #
#                      You are using OneLOop-3.6                       #
#                                                                      #
# for the evaluation of 1-loop scalar 1-, 2-, 3- and 4-point functions #
#                                                                      #
# author: Andreas van Hameren <hamerenREMOVETHIS@ifj.edu.pl>           #
#   date: 18-02-2015                                                   #
#                                                                      #
# Please cite                                                          #
#    A. van Hameren,                                                   #
#      Comput.Phys.Commun. 182 (2011) 2427-2438, arXiv:1007.4716       #
#    A. van Hameren, C.G. Papadopoulos and R. Pittau,                  #
#      JHEP 0909:106,2009, arXiv:0903.4665                             #
# in publications with results obtained with the help of this program. #
#                                                                      #
########################################################################
 PASSED   1.0000000000000001E-005
 MU_R    =    325.00000000000000     
 ALPHA_S =   0.11799999999999999     
 BORN                    4.7991432478526110E-011
 SINGLE POLE (MadFKS)   -1.2278396151676836E-011
 DOUBLE POLE (MadFKS)   -5.1073252840889429E-012
 SINGLE POLE (MadLoop)  -1.2278396151677521E-011
 DOUBLE POLE (MadLoop)  -5.1073252840889187E-012
 FINITE PART (MadLoop)  -1.6935010608352475E-012
   325.00000000000000        0.0000000000000000        0.0000000000000000        325.00000000000000        0.0000000000000000     
   325.00000000000000        0.0000000000000000        0.0000000000000000       -325.00000000000000        0.0000000000000000     
   233.16420118780459       -202.11595640193281        114.67696843687716       -18.992631845177176        1.7769999999999999     
   90.339697484646180        53.990171397813583        72.387396736324064       -2.5272767537648382        0.0000000000000000     
   219.75986338718943        84.567849874787342       -156.12377720291340        101.49298774317424        80.419002445756163     
   106.73623794035983        63.557935129331852       -30.940587970287808       -79.973079144232244        0.0000000000000000     

 PASSED   1.0000000000000001E-005
 MU_R    =    325.00000000000000     
 ALPHA_S =   0.11799999999999999     
 BORN                    2.8407366380715990E-011
 SINGLE POLE (MadFKS)   -4.6861959533994103E-012
 DOUBLE POLE (MadFKS)   -3.0231575320350762E-012
 SINGLE POLE (MadLoop)  -4.6861959533999604E-012
 DOUBLE POLE (MadLoop)  -3.0231575320350851E-012
 FINITE PART (MadLoop)   5.8406140377341515E-012
   325.00000000000000        0.0000000000000000        0.0000000000000000        325.00000000000000        0.0000000000000000     
   325.00000000000000        0.0000000000000000        0.0000000000000000       -325.00000000000000        0.0000000000000000     
   184.81960868010779       -178.08158976595965        31.432921513634064       -38.131992541884735        1.7769999999999999     
   162.54081318066892        158.59198395246173        32.991597391796581       -13.403472572167207        0.0000000000000000     
   137.90030258092864       -107.83552634237090        29.723034377968119        6.1088446838250539        80.419002445756163     
   164.73927555829474        127.32513215586880       -94.147553283398736        45.426620430226876        0.0000000000000000     

 PASSED   1.0000000000000001E-005
 MU_R    =    325.00000000000000     
 ALPHA_S =   0.11799999999999999     
 BORN                    1.0678380512754420E-011
 SINGLE POLE (MadFKS)   -1.3829316442205098E-012
 DOUBLE POLE (MadFKS)   -1.1364103959663313E-012
 SINGLE POLE (MadLoop)  -1.3829316442220473E-012
 DOUBLE POLE (MadLoop)  -1.1364103959663374E-012
 FINITE PART (MadLoop)   1.7633899704027780E-012
   325.00000000000000        0.0000000000000000        0.0000000000000000        325.00000000000000        0.0000000000000000     
   325.00000000000000        0.0000000000000000        0.0000000000000000       -325.00000000000000        0.0000000000000000     
   81.263743883559570        25.549585000833606        28.953033241358860       -71.481318632092353        1.7769999999999999     
   240.75246871791495       -36.036800221298300       -236.99054550311348        22.328940093912820        0.0000000000000000     
   109.68221789604542       -7.4995316175214093       -8.1255304941193192        73.761139822619228        80.419002445756163     
   218.30156950248005        17.986746837986139        216.16304275587396       -24.608761284439691        0.0000000000000000     

 PASSED   1.0000000000000001E-005
 MU_R    =    325.00000000000000     
 ALPHA_S =   0.11799999999999999     
 BORN                    1.6821728365013148E-011
 SINGLE POLE (MadFKS)   -2.3909002491495371E-012
 DOUBLE POLE (MadFKS)   -1.7901953362019413E-012
 SINGLE POLE (MadLoop)  -2.3909002491604945E-012
 DOUBLE POLE (MadLoop)  -1.7901953362019710E-012
 FINITE PART (MadLoop)   1.0736351906954307E-012
   325.00000000000000        0.0000000000000000        0.0000000000000000        325.00000000000000        0.0000000000000000     
   325.00000000000000        0.0000000000000000        0.0000000000000000       -325.00000000000000        0.0000000000000000     
   167.67300455186665       -121.49339191440419       -115.43387745108792        5.0452338092997859        1.7769999999999999     
   82.020060879455784       -67.419864930053237       -45.854986658457761       -8.8978872793303427        0.0000000000000000     
   186.04629694357223        135.97210259315582       -25.265505518378507        94.969733069764928        80.419002445756163     
   214.26063762510535        52.941154251301597        186.55436962792433       -91.117079599734581        0.0000000000000000     

 PASSED   1.0000000000000001E-005
 MU_R    =    325.00000000000000     
 ALPHA_S =   0.11799999999999999     
 BORN                    1.8459344830028262E-010
 SINGLE POLE (MadFKS)   -2.1883415397281859E-011
 DOUBLE POLE (MadFKS)   -1.9644731092430871E-011
 SINGLE POLE (MadLoop)  -2.1883415397284037E-011
 DOUBLE POLE (MadLoop)  -1.9644731092430803E-011
 FINITE PART (MadLoop)   2.4857294272019366E-011
   325.00000000000000        0.0000000000000000        0.0000000000000000        325.00000000000000        0.0000000000000000     
   325.00000000000000        0.0000000000000000        0.0000000000000000       -325.00000000000000        0.0000000000000000     
   123.91663332991996        119.33892867977849        20.327991527565064        26.403922982008119        1.7769999999999999     
   187.24440859716938        52.398477357586003       -170.50370942875136       -56.950445060124274        0.0000000000000000     
   93.864267531521094        33.081373681381287        26.882896989725502       -22.939427404603038        80.419002445756163     
   244.97469054138966       -204.81877971874582        123.29282091146077        53.485949482719107        0.0000000000000000     

 PASSED   1.0000000000000001E-005
 MU_R    =    325.00000000000000     
 ALPHA_S =   0.11799999999999999     
 BORN                    4.1516729922308349E-011
 SINGLE POLE (MadFKS)   -3.9682299188918159E-012
 DOUBLE POLE (MadFKS)   -4.4182770443406750E-012
 SINGLE POLE (MadLoop)  -3.9682299188920421E-012
 DOUBLE POLE (MadLoop)  -4.4182770443406790E-012
 FINITE PART (MadLoop)   3.3151810237870222E-012
   325.00000000000000        0.0000000000000000        0.0000000000000000        325.00000000000000        0.0000000000000000     
   325.00000000000000        0.0000000000000000        0.0000000000000000       -325.00000000000000        0.0000000000000000     
   23.335990812657542       -6.7864118215695441       -20.679408513417769        8.2290592616460483        1.7769999999999999     
   152.71323692320260       -75.143765418929817       -132.30906286759699       -13.002274159750968        0.0000000000000000     
   175.78282685289562        44.104617326700350       -137.67488358782700        59.437323472445271        80.419002445756163     
   298.16794541124409        37.825559913798990        290.66335496884187       -54.664108574340347        0.0000000000000000     

 PASSED   1.0000000000000001E-005
 MU_R    =    325.00000000000000     
 ALPHA_S =   0.11799999999999999     
 BORN                    2.9872933966078338E-009
 SINGLE POLE (MadFKS)   -8.7533699612980542E-010
 DOUBLE POLE (MadFKS)   -3.1791255871168152E-010
 SINGLE POLE (MadLoop)  -8.7533699612977554E-010
 DOUBLE POLE (MadLoop)  -3.1791255871168116E-010
 FINITE PART (MadLoop)  -6.4287693605614752E-011
   325.00000000000000        0.0000000000000000        0.0000000000000000        325.00000000000000        0.0000000000000000     
   325.00000000000000        0.0000000000000000        0.0000000000000000       -325.00000000000000        0.0000000000000000     
   255.40350690220097       -42.614941857371299        122.05294313560506        220.26084402674076        1.7769999999999999     
   53.229273582342856       -44.814630636539484       -16.295459321482902       -23.652958641919064        0.0000000000000000     
   186.39605511852716        134.73864449943417       -87.183272051073331       -50.208048780071536        80.419002445756163     
   154.97116439692903       -47.309072005523340       -18.574211763048837       -146.39983660475019        0.0000000000000000     

 PASSED   1.0000000000000001E-005
 MU_R    =    325.00000000000000     
 ALPHA_S =   0.11799999999999999     
 BORN                    1.8773933673234587E-010
 SINGLE POLE (MadFKS)   -3.6711505576147548E-011
 DOUBLE POLE (MadFKS)   -1.9979521589405280E-011
 SINGLE POLE (MadLoop)  -3.6711505576144329E-011
 DOUBLE POLE (MadLoop)  -1.9979521589405490E-011
 FINITE PART (MadLoop)   1.9708832016524665E-011
   325.00000000000000        0.0000000000000000        0.0000000000000000        325.00000000000000        0.0000000000000000     
   325.00000000000000        0.0000000000000000        0.0000000000000000       -325.00000000000000        0.0000000000000000     
   140.88179723286407        46.587625484246459        105.03446996686566        81.497707532672337        1.7769999999999999     
   193.18182345063784       -87.414995125363831        168.28414033722058       -36.854899944357712        0.0000000000000000     
   193.12905245742601        53.205903580945645       -153.24028290408467       -67.217278049202946        80.419002445756163     
   122.80732685907211       -12.378533939828008       -120.07832740000158        22.574470460888222        0.0000000000000000     

 PASSED   1.0000000000000001E-005
 MU_R    =    325.00000000000000     
 ALPHA_S =   0.11799999999999999     
 BORN                    2.2634156018594579E-010
 SINGLE POLE (MadFKS)   -3.3646285940144942E-011
 DOUBLE POLE (MadFKS)   -2.4087632176744787E-011
 SINGLE POLE (MadLoop)  -3.3646285940133271E-011
 DOUBLE POLE (MadLoop)  -2.4087632176744871E-011
 FINITE PART (MadLoop)   3.5860354300146735E-011
   325.00000000000000        0.0000000000000000        0.0000000000000000        325.00000000000000        0.0000000000000000     
   325.00000000000000        0.0000000000000000        0.0000000000000000       -325.00000000000000        0.0000000000000000     
   119.76710309544032       -51.545962117885516        15.413360881151339       -106.98805237297634        1.7769999999999999     
   164.90328994483508       -38.533762873419434       -112.79993681797193       -113.94919221875584        0.0000000000000000     
   100.36119364788649       -46.110851774168673       -24.872695832437806        29.330727688649553        80.419002445756163     
   264.96841331183805        136.19057676547362        122.25927176925843        191.60651690308262        0.0000000000000000     

 PASSED   1.0000000000000001E-005
 MU_R    =    325.00000000000000     
 ALPHA_S =   0.11799999999999999     
 BORN                    6.7195608025705127E-010
 SINGLE POLE (MadFKS)   -9.5716010413622389E-011
 DOUBLE POLE (MadFKS)   -7.1510644739136494E-011
 SINGLE POLE (MadLoop)  -9.5716010413622609E-011
 DOUBLE POLE (MadLoop)  -7.1510644739136481E-011
 FINITE PART (MadLoop)   1.3527860576620888E-010
   325.00000000000000        0.0000000000000000        0.0000000000000000        325.00000000000000        0.0000000000000000     
   325.00000000000000        0.0000000000000000        0.0000000000000000       -325.00000000000000        0.0000000000000000     
   99.009147416981378       -1.6161047078637067        2.0941668333015446        98.957850694551098        1.7769999999999999     
   197.25478719322868        184.51597003113113        68.197861251304687       -14.572563084936588        0.0000000000000000     
   156.29322719601029        9.3568337332569591       -49.438597481647122       -124.21204311381817        80.419002445756163     
   197.44283819377964       -192.25669905652441       -20.853430602959115        39.826755504203653        0.0000000000000000     

 PASSED   1.0000000000000001E-005
 MU_R    =    325.00000000000000     
 ALPHA_S =   0.11799999999999999     
 BORN                    3.4791809655584548E-011
 SINGLE POLE (MadFKS)   -9.6717472957783169E-012
 DOUBLE POLE (MadFKS)   -3.7026002341706729E-012
 SINGLE POLE (MadLoop)  -9.6717472957786367E-012
 DOUBLE POLE (MadLoop)  -3.7026002341706462E-012
 FINITE PART (MadLoop)   2.4851204927885054E-012
   325.00000000000000        0.0000000000000000        0.0000000000000000        325.00000000000000        0.0000000000000000     
   325.00000000000000        0.0000000000000000        0.0000000000000000       -325.00000000000000        0.0000000000000000     
   69.390065201535180        8.0939713820685988       -44.296263623188921       -52.765064919551747        1.7769999999999999     
   288.56058788348980       -105.74937937144590       -46.774635490785421        264.37930160457614        0.0000000000000000     
   233.61711642468302        64.004557184507703        43.735996046844292       -205.18362615379155        80.419002445756163     
   58.432230490291943        33.650850804869620        47.334903067130149       -6.4306105312328343        0.0000000000000000     

 PASSED   1.0000000000000001E-005
 MU_R    =    325.00000000000000     
 ALPHA_S =   0.11799999999999999     
 BORN                    4.7864603278816727E-011
 SINGLE POLE (MadFKS)   -1.1223522079628923E-011
 DOUBLE POLE (MadFKS)   -5.0938279170593940E-012
 SINGLE POLE (MadLoop)  -1.1223522079620149E-011
 DOUBLE POLE (MadLoop)  -5.0938279170593423E-012
 FINITE PART (MadLoop)   1.6985731974685647E-012
   325.00000000000000        0.0000000000000000        0.0000000000000000        325.00000000000000        0.0000000000000000     
   325.00000000000000        0.0000000000000000        0.0000000000000000       -325.00000000000000        0.0000000000000000     
   127.37989115925296        83.241890680054610        96.401566997410200       -6.6777217667687530E-002   1.7769999999999999     
   177.81211503241633        57.264404754038061        22.508084858962622       -166.82722294772134        0.0000000000000000     
   248.15904737063516       -85.109252857033056       -53.857484112368240        212.06480924645240        80.419002445756163     
   96.648946437695528       -55.397042577059608       -65.052167744004592       -45.170809081063382        0.0000000000000000     

 PASSED   1.0000000000000001E-005
 MU_R    =    325.00000000000000     
 ALPHA_S =   0.11799999999999999     
 BORN                    1.3456576466399679E-009
 SINGLE POLE (MadFKS)   -4.7531147811867464E-010
 DOUBLE POLE (MadFKS)   -1.4320704691378288E-010
 SINGLE POLE (MadLoop)  -4.7531147816850183E-010
 DOUBLE POLE (MadLoop)  -1.4320704691378048E-010
 FINITE PART (MadLoop)  -4.1101032157701797E-010
   325.00000000000000        0.0000000000000000        0.0000000000000000        325.00000000000000        0.0000000000000000     
   325.00000000000000        0.0000000000000000        0.0000000000000000       -325.00000000000000        0.0000000000000000     
   275.60418322693084        193.07258497674223        192.70056836693681       -39.293459565706442        1.7769999999999999     
   256.09320394833588       -168.37506196326393       -191.85033264690702        20.664401289708522        0.0000000000000000     
   80.697271104308527        5.0895978835221358      -0.49735878186169385       -4.3222953320990669        80.419002445756163     
   37.605341720424768       -29.787120897000474      -0.35287693816810295        22.951353608096987        0.0000000000000000     

 PASSED   1.0000000000000001E-005
 MU_R    =    325.00000000000000     
 ALPHA_S =   0.11799999999999999     
 BORN                    1.1485344550785003E-009
 SINGLE POLE (MadFKS)   -1.8766533902270664E-010
 DOUBLE POLE (MadFKS)   -1.2222888042974070E-010
 SINGLE POLE (MadLoop)  -1.8766533901872431E-010
 DOUBLE POLE (MadLoop)  -1.2222888042973948E-010
 FINITE PART (MadLoop)   2.0559612017294677E-010
   325.00000000000000        0.0000000000000000        0.0000000000000000        325.00000000000000        0.0000000000000000     
   325.00000000000000        0.0000000000000000        0.0000000000000000       -325.00000000000000        0.0000000000000000     
   279.75736377085565        59.706651255902635       -240.44470210228937       -129.93262054528964        1.7769999999999999     
   14.560697267303523        8.5191740018804776       -8.1149535450779826        8.5781762745335435        0.0000000000000000     
   156.22076598545567        38.208627801824228        128.33023418888175        3.0271315201677482        80.419002445756163     
   199.46117297638523       -106.43445305960732        120.22942145848559        118.32731275058836        0.0000000000000000     

 PASSED   1.0000000000000001E-005
 MU_R    =    325.00000000000000     
 ALPHA_S =   0.11799999999999999     
 BORN                    2.8231061024634102E-011
 SINGLE POLE (MadFKS)   -6.7528451371175823E-012
 DOUBLE POLE (MadFKS)   -3.0043948330212417E-012
 SINGLE POLE (MadLoop)  -6.7528451370796217E-012
 DOUBLE POLE (MadLoop)  -3.0043948330209966E-012
 FINITE PART (MadLoop)   2.9103534674583944E-012
   325.00000000000000        0.0000000000000000        0.0000000000000000        325.00000000000000        0.0000000000000000     
   325.00000000000000        0.0000000000000000        0.0000000000000000       -325.00000000000000        0.0000000000000000     
   263.09930021954210        140.28615443123903        50.513342634036981       -216.76319138138675        1.7769999999999999     
   144.45240031602825       -70.079990863682653       -40.975456861484879        119.48348326275401        0.0000000000000000     
   89.670258930607204        10.892762719343047       -21.266527999778148       -31.664205176924096        80.419002445756163     
   152.77804053382243       -81.098926286899399        11.728642227226038        128.94391329555683        0.0000000000000000     

 PASSED   1.0000000000000001E-005
 MU_R    =    325.00000000000000     
 ALPHA_S =   0.11799999999999999     
 BORN                    6.8109601756814058E-011
 SINGLE POLE (MadFKS)   -8.3115145698866209E-012
 DOUBLE POLE (MadFKS)   -7.2483331539948315E-012
 SINGLE POLE (MadLoop)  -8.3115145698831651E-012
 DOUBLE POLE (MadLoop)  -7.2483331539948589E-012
 FINITE PART (MadLoop)   1.6624390345348149E-011
   325.00000000000000        0.0000000000000000        0.0000000000000000        325.00000000000000        0.0000000000000000     
   325.00000000000000        0.0000000000000000        0.0000000000000000       -325.00000000000000        0.0000000000000000     
   151.20039378197350        118.52877971517411       -79.761014073739233       -49.472319169252209        1.7769999999999999     
   145.80395333669500       -3.8281939663801308       -101.39587661345006        104.70441225351929        0.0000000000000000     
   120.21396732885476       -30.045821963544135       -34.620843301256286       -76.699594381048016        80.419002445756163     
   232.78168555247672       -84.654763785249841        215.77773398844562        21.467501296780881        0.0000000000000000     

 PASSED   1.0000000000000001E-005
 MU_R    =    325.00000000000000     
 ALPHA_S =   0.11799999999999999     
 BORN                    1.4833379461521285E-011
 SINGLE POLE (MadFKS)   -2.1999777419231242E-012
 DOUBLE POLE (MadFKS)   -1.5785920540340573E-012
 SINGLE POLE (MadLoop)  -2.1999777419223475E-012
 DOUBLE POLE (MadLoop)  -1.5785920540340666E-012
 FINITE PART (MadLoop)   3.1990378888515655E-012
   325.00000000000000        0.0000000000000000        0.0000000000000000        325.00000000000000        0.0000000000000000     
   325.00000000000000        0.0000000000000000        0.0000000000000000       -325.00000000000000        0.0000000000000000     
   113.33247966719651        10.120284062624632        78.876932848216754       -80.728573215839717        1.7769999999999999     
   168.91037224985089       -85.642755668947331       -68.682631310290759        128.36949953671567        0.0000000000000000     
   162.76673163885778       -79.330796015382063       -108.77650439314506        43.590020298221184        80.419002445756163     
   204.99041644409485        154.85326762170479        98.582202855219023       -91.230946619097125        0.0000000000000000     

 PASSED   1.0000000000000001E-005
 MU_R    =    325.00000000000000     
 ALPHA_S =   0.11799999999999999     
 BORN                    2.6583188248320530E-010
 SINGLE POLE (MadFKS)   -7.6390644678086662E-011
 DOUBLE POLE (MadFKS)   -2.8290255668674546E-011
 SINGLE POLE (MadLoop)  -7.6390644678084788E-011
 DOUBLE POLE (MadLoop)  -2.8290255668674834E-011
 FINITE PART (MadLoop)  -1.4216811873375843E-011
   325.00000000000000        0.0000000000000000        0.0000000000000000        325.00000000000000        0.0000000000000000     
   325.00000000000000        0.0000000000000000        0.0000000000000000       -325.00000000000000        0.0000000000000000     
   91.985628448898211        81.771823365002419       -16.735016058359342       -38.620023993105512        1.7769999999999999     
   193.51324158529263        125.89408567816305        146.19592866936620        14.993475267887376        0.0000000000000000     
   292.60699535868105       -257.60219491087145       -110.42726834955877       -24.465595443817072        80.419002445756163     
   71.894134607128223        49.936285867705962       -19.033644261448032        48.092144169035208        0.0000000000000000     

 PASSED   1.0000000000000001E-005
 MU_R    =    325.00000000000000     
 ALPHA_S =   0.11799999999999999     
 BORN                    2.4490860333545734E-011
 SINGLE POLE (MadFKS)   -3.5256892415386492E-012
 DOUBLE POLE (MadFKS)   -2.6063566714033326E-012
 SINGLE POLE (MadLoop)  -3.5256892415515844E-012
 DOUBLE POLE (MadLoop)  -2.6063566714033322E-012
 FINITE PART (MadLoop)   4.5003826178072891E-012
   325.00000000000000        0.0000000000000000        0.0000000000000000        325.00000000000000        0.0000000000000000     
   325.00000000000000        0.0000000000000000        0.0000000000000000       -325.00000000000000        0.0000000000000000     
   87.449236675137797       -23.826630952943333       -80.581929704256808       -24.146542788455701        1.7769999999999999     
   116.84800467105730        19.552309393469379        115.18453470421484       -1.9199890528340464        0.0000000000000000     
Thanks for using LHAPDF 6.2.1. Please make sure to cite the paper:
  Eur.Phys.J. C75 (2015) 3, 132  (http://arxiv.org/abs/1412.7420)
   230.31529129967726       -169.63316191242328        43.890249652974752        126.00061038375094        80.419002445756163     
   215.38746735412772        173.90748347189722       -78.492854652932806       -99.934078542461194        0.0000000000000000     

 PASSED   1.0000000000000001E-005
 MU_R    =    325.00000000000000     
 ALPHA_S =   0.11799999999999999     
 BORN                    3.9848687817846346E-011
 SINGLE POLE (MadFKS)   -6.6340013711379351E-012
 DOUBLE POLE (MadFKS)   -4.2407613259078975E-012
 SINGLE POLE (MadLoop)  -6.6340013711380595E-012
 DOUBLE POLE (MadLoop)  -4.2407613259079242E-012
 FINITE PART (MadLoop)   5.5237748942857503E-012
   325.00000000000000        0.0000000000000000        0.0000000000000000        325.00000000000000        0.0000000000000000     
   325.00000000000000        0.0000000000000000        0.0000000000000000       -325.00000000000000        0.0000000000000000     
   140.73977225545434        45.754723482908290        125.78914714539893       -43.452520122001452        1.7769999999999999     
   145.76376851092854        51.631230564373830        110.80341753288522        79.397071129539412        0.0000000000000000     
   206.84406095033310       -159.35559690288255       -93.171412791428892       -47.351147507000725        80.419002445756163     
   156.65239828328399        61.969642855600455       -143.42115188685526        11.406596499462756        0.0000000000000000     

 NUMBER OF POINTS PASSING THE CHECK          20
 NUMBER OF POINTS FAILING THE CHECK           0
 TOLERANCE    1.0000000000000001E-005
