==== LHAPDF6 USING DEFAULT-TYPE LHAGLUE INTERFACE ====
LHAPDF 6.2.1 loading /cvmfs/cms.cern.ch/slc7_amd64_gcc700/external/lhapdf/6.2.1-pafccj3/share/LHAPDF/NNPDF31_nnlo_as_0118_nf_4_mc_hessian/NNPDF31_nnlo_as_0118_nf_4_mc_hessian_0000.dat
NNPDF31_nnlo_as_0118_nf_4_mc_hessian PDF set, member #0, version 1; LHAPDF ID = 325500
 A PDF is used, so alpha_s(MZ) is going to be modified
 Old value of alpha_s from param_card:   0.11799999999999999     
 New value of alpha_s from PDF lhapdf :  0.11266013434007299     
 *****************************************************
 *               MadGraph/MadEvent                   *
 *        --------------------------------           *
 *          http://madgraph.hep.uiuc.edu             *
 *          http://madgraph.phys.ucl.ac.be           *
 *          http://madgraph.roma2.infn.it            *
 *        --------------------------------           *
 *                                                   *
 *          PARAMETER AND COUPLING VALUES            *
 *                                                   *
 *****************************************************

  External Params
  ---------------------------------
  
 MU_R =    91.188000000000002     
 aEWM1 =    132.50700000000001     
 mdl_Gf =    1.1663900000000000E-005
 aS =   0.11799999999999999     
 mdl_ymb =    4.7000000000000002     
 mdl_ymt =    173.00000000000000     
 mdl_ymtau =    1.7769999999999999     
 mdl_MT =    173.00000000000000     
 mdl_MB =    4.7000000000000002     
 mdl_MZ =    91.188000000000002     
 mdl_MH =    125.00000000000000     
 mdl_MTA =    1.7769999999999999     
 mdl_WT =    1.4915000000000000     
 mdl_WZ =    2.4414039999999999     
 mdl_WW =    2.0476000000000001     
 mdl_WH =    6.3823389999999999E-003
  Internal Params
  ---------------------------------
  
 mdl_conjg__CKM3x3 =    1.0000000000000000     
 mdl_CKM22 =    1.0000000000000000     
 mdl_lhv =    1.0000000000000000     
 mdl_CKM3x3 =    1.0000000000000000     
 mdl_conjg__CKM22 =    1.0000000000000000     
 mdl_conjg__CKM33 =    1.0000000000000000     
 mdl_Ncol =    3.0000000000000000     
 mdl_CA =    3.0000000000000000     
 mdl_TF =   0.50000000000000000     
 mdl_CF =    1.3333333333333333     
 mdl_complexi =                (0.0000000000000000,1.0000000000000000)
 mdl_MZ__exp__2 =    8315.2513440000002     
 mdl_MZ__exp__4 =    69143404.913893804     
 mdl_sqrt__2 =    1.4142135623730951     
 mdl_MH__exp__2 =    15625.000000000000     
 mdl_Ncol__exp__2 =    9.0000000000000000     
 mdl_MB__exp__2 =    22.090000000000003     
 mdl_MT__exp__2 =    29929.000000000000     
 mdl_aEW =    7.5467711139788835E-003
 mdl_MW =    80.419002445756163     
 mdl_sqrt__aEW =    8.6872153846781555E-002
 mdl_ee =   0.30795376724436879     
 mdl_MW__exp__2 =    6467.2159543705357     
 mdl_sw2 =   0.22224648578577766     
 mdl_cw =   0.88190334743339216     
 mdl_sqrt__sw2 =   0.47143025548407230     
 mdl_sw =   0.47143025548407230     
 mdl_g1 =   0.34919219678733299     
 mdl_gw =   0.65323293034757990     
 mdl_v =    246.21845810181637     
 mdl_v__exp__2 =    60623.529110035903     
 mdl_lam =   0.12886910601690263     
 mdl_yb =    2.6995554250465490E-002
 mdl_yt =   0.99366614581500623     
 mdl_ytau =    1.0206617000654717E-002
 mdl_muH =    88.388347648318430     
 mdl_AxialZUp =  -0.18517701861793787     
 mdl_AxialZDown =   0.18517701861793787     
 mdl_VectorZUp =    7.5430507588273299E-002
 mdl_VectorZDown =  -0.13030376310310560     
 mdl_VectorAUp =   0.20530251149624587     
 mdl_VectorADown =  -0.10265125574812294     
 mdl_VectorWmDxU =   0.23095271737156670     
 mdl_AxialWmDxU =  -0.23095271737156670     
 mdl_VectorWpUxD =   0.23095271737156670     
 mdl_AxialWpUxD =  -0.23095271737156670     
 mdl_I1x33 =          (2.69955542504654901E-002,0.0000000000000000)
 mdl_I2x33 =               (0.99366614581500623,0.0000000000000000)
 mdl_I3x33 =               (0.99366614581500623,0.0000000000000000)
 mdl_I4x33 =          (2.69955542504654901E-002,0.0000000000000000)
 mdl_Vector_tbGp =              (-0.96667059156454072,0.0000000000000000)
 mdl_Axial_tbGp =              (-1.0206617000654716,-0.0000000000000000)
 mdl_Vector_tbGm =               (0.96667059156454072,0.0000000000000000)
 mdl_Axial_tbGm =              (-1.0206617000654716,-0.0000000000000000)
 mdl_gw__exp__2 =   0.42671326129048615     
 mdl_cw__exp__2 =   0.77775351421422245     
 mdl_ee__exp__2 =    9.4835522759998875E-002
 mdl_sw__exp__2 =   0.22224648578577769     
 mdl_yb__exp__2 =    7.2875994928982540E-004
 mdl_yt__exp__2 =   0.98737240933884918     
  Internal Params evaluated point by point
  ----------------------------------------
  
 mdl_sqrt__aS =   0.34351128074635334     
 mdl_G__exp__4 =    2.1987899468922913     
 mdl_G__exp__2 =    1.4828317324943823     
 mdl_R2MixedFactor_FIN_ =   -2.5040377713124864E-002
 mdl_G_UVg_1EPS_ =   -5.1645779033320030E-002
 mdl_G_UVq_1EPS_ =    3.1300472141406080E-003
 mdl_GWcft_UV_b_1EPS_ =   -3.1300472141406080E-003
 mdl_GWcft_UV_t_1EPS_ =   -3.1300472141406080E-003
 mdl_bWcft_UV_1EPS_ =   -1.8780283284843650E-002
 mdl_tWcft_UV_1EPS_ =   -1.8780283284843650E-002
 mdl_G__exp__3 =    1.8056676068262196     
 mdl_MU_R__exp__2 =    8315.2513440000002     
 mdl_G_UVb_FIN_ =    1.8563438626678915E-002
 mdl_G_UVt_FIN_ =   -4.0087659331150384E-003
 mdl_GWcft_UV_b_FIN_ =   -1.8563438626678915E-002
 mdl_GWcft_UV_t_FIN_ =    4.0087659331150384E-003
 mdl_bWcft_UV_FIN_ =  -0.13642100947319838     
 mdl_tWcft_UV_FIN_ =   -9.8778211443463623E-004
  Couplings of loop_sm
  ---------------------------------
  
      UV_GQQb =   0.00000E+00   0.22605E-01
      UV_GQQt =   0.00000E+00  -0.48815E-02
   UVWfct_G_2 =   0.40088E-02   0.00000E+00
   UVWfct_G_1 =  -0.18563E-01   0.00000E+00
       R2_DDA =   0.00000E+00   0.25704E-02
       R2_UUA =  -0.00000E+00  -0.51409E-02
    R2_UUZ_V2 =  -0.00000E+00  -0.72127E-02
    R2_UUZ_V5 =   0.00000E+00   0.68702E-03
      R2_sxcW =  -0.00000E+00  -0.11566E-01
      R2_GGHb =   0.00000E+00  -0.33698E-02
      R2_GGHt =   0.00000E+00  -0.45657E+01
     R2_GGZup =  -0.46369E-02   0.00000E+00
    R2_GGWWcs =   0.00000E+00   0.13356E-02
         GC_4 =  -0.12177E+01   0.00000E+00
         GC_5 =   0.00000E+00   0.12177E+01
       R2_GQQ =  -0.00000E+00  -0.30492E-01
       R2_QQq =   0.00000E+00   0.12520E-01
 UV_GQQg_1eps =   0.00000E+00  -0.62890E-01
 UV_GQQq_1eps =   0.00000E+00   0.38115E-02
 UVWfct_G_2_1eps -0.31300E-02   0.00000E+00
         GC_1 =  -0.00000E+00  -0.10265E+00
         GC_2 =   0.00000E+00   0.20530E+00
         GC_7 =   0.00000E+00   0.57609E+00
        GC_22 =   0.00000E+00   0.28804E+00
        GC_23 =  -0.00000E+00  -0.27437E-01
        GC_24 =   0.00000E+00   0.82310E-01
        GC_25 =   0.00000E+00   0.30795E+00
        GC_28 =   0.00000E+00   0.37035E+00
        GC_31 =   0.00000E+00   0.52532E+02
        GC_33 =  -0.00000E+00  -0.19089E-01
        GC_37 =  -0.00000E+00  -0.70263E+00
        GC_38 =  -0.00000E+00  -0.72172E-02
        GC_47 =   0.00000E+00   0.46191E+00

 Collider parameters:
 --------------------

 Running at P P   machine @    13000.000000000000       GeV
 PDF set = lhapdf 
 alpha_s(Mz)= 0.1127 running at 3 loops.
 alpha_s(Mz)= 0.1127 running at 3 loops.
 Renormalization scale set on event-by-event basis
 Factorization   scale set on event-by-event basis


 ===============================================================
 INFO: MadFKS read these parameters from FKS_params.dat
 ===============================================================
  > IRPoleCheckThreshold      =    1.0000000000000001E-005
  > PrecisionVirtualAtRunTime =    1.0000000000000000E-003
  > NHelForMCoverHels         =            4
  > VirtualFraction           =    1.0000000000000000     
  > MinVirtualFraction        =    5.0000000000000001E-003
 ===============================================================
  Insert the number of points to test
 Insert the relative tolerance
  A negative number will mean use the default one:    1.0000000000000001E-005
Using random seed offsets:     1 ,     22 ,      0
  with seed                   32
 Ranmar initialization seeds       10730        9428
  ========================================================================================== 
 {                                                                                          }
 {       [32m                                                                            [0m       }
 {       [32m                               ,,                                           [0m       }
 {       [32m`7MMM.     ,MMF'             `7MM  `7MMF'                                   [0m       }
 {       [32m  MMMb    dPMM                 MM    MM                                     [0m       }
 {       [32m  M YM   ,M MM   ,6"Yb.   ,M""bMM    MM         ,pW"Wq.   ,pW"Wq.`7MMpdMAo. [0m       }
 {       [32m  M  Mb  M' MM  8)   MM ,AP    MM    MM        6W'   `Wb 6W'   `Wb MM   `Wb [0m       }
 {       [32m  M  YM.P'  MM   ,pm9MM 8MI    MM    MM      , 8M     M8 8M     M8 MM    M8 [0m       }
 {       [32m  M  `YM'   MM  8M   MM `Mb    MM    MM     ,M YA.   ,A9 YA.   ,A9 MM   ,AP [0m       }
 {       [32m.JML. `'  .JMML.`Moo9^Yo.`Wbmd"MML..JMMmmmmMMM  `Ybmd9'   `Ybmd9'  MMbmmd'  [0m       }
 {       [32m                                                                   MM       [0m       }
 {       [32m                                                                 .JMML.     [0m       }
 {       [32m[0mv2.6.5 (2018-02-03), Ref: arXiv:1103.0621v2, arXiv:1405.0301[32m                [0m       }
 {       [32m                                                                            [0m       }
 {                                                                                          }
  ========================================================================================== 
 ===============================================================
 INFO: MadLoop read these parameters from ./MadLoop5_resources/MadLoopParams.dat                                                                                                                                                                                                                                                                                                                                                                                                                                                                                          
 ===============================================================
  > MLReductionLib            = 6|7|1
  > CTModeRun                 =           -1
  > MLStabThres               =    1.0000000000000000E-003
  > NRotations_DP             =            0
  > NRotations_QP             =            0
  > CTStabThres               =    1.0000000000000000E-002
  > CTLoopLibrary             =            2
  > CTModeInit                =            1
  > CheckCycle                =            3
  > MaxAttempts               =           10
  > UseLoopFilter             =  F
  > HelicityFilterLevel       =            2
  > ImprovePSPoint            =            2
  > DoubleCheckHelicityFilter =  T
  > LoopInitStartOver         =  F
  > HelInitStartOver          =  F
  > ZeroThres                 =    1.0000000000000001E-009
  > OSThres                   =    1.0000000000000000E-008
  > WriteOutFilters           =  T
  > UseQPIntegrandForNinja    =  T
  > UseQPIntegrandForCutTools =  T
  > IREGIMODE                 =            2
  > IREGIRECY                 =  T
  > COLLIERMode               =            1
  > COLLIERRequiredAccuracy   =    1.0000000000000000E-008
  > COLLIERCanOutput          =  F
  > COLLIERComputeUVpoles     =  T
  > COLLIERComputeIRpoles     =  T
  > COLLIERGlobalCache        =           -1
  > COLLIERUseCacheForPoles   =  F
  > COLLIERUseInternalStabilityTest =  T
 ===============================================================
  
------------------------------------------------------------------------
|              You are using CutTools - Version 1.9.3                  |
|              Authors: G. Ossola, C. Papadopoulos, R. Pittau          |
|              Published in JHEP 0803:042,2008                         |
|              http://www.ugr.es/~pittau/CutTools                      |
|                                                                      |
|              Compiler with  34  significant digits detetected        |
 ---------------------------------------------------------------------- 
   
########################################################################
#                                                                      #

  +----------------------------------------------------------------+
  |                                                                |
  |  Ninja - version 1.1.0                                         |
  |                                                                |
  |  Author: Tiziano Peraro                                        |
  |                                                                |
  |  Based on:                                                     |
  |                                                                |
  |      P. Mastrolia, E. Mirabella and T. Peraro,                 |
  |      "Integrand reduction of one-loop scattering amplitudes    |
  |      through Laurent series expansion,"                        |
  |      JHEP 1206 (2012) 095  [arXiv:1203.0291 [hep-ph]].         |
  |                                                                |
  |      T. Peraro,                                                |
  |      "Ninja: Automated Integrand Reduction via Laurent         |
  |      Expansion for One-Loop Amplitudes,"                       |
  |      Comput.Phys.Commun. 185 (2014) [arXiv:1403.1229 [hep-ph]] |
  |                                                                |
  +----------------------------------------------------------------+


#                      You are using OneLOop-3.6                       #
#                                                                      #
# for the evaluation of 1-loop scalar 1-, 2-, 3- and 4-point functions #
#                                                                      #
# author: Andreas van Hameren <hamerenREMOVETHIS@ifj.edu.pl>           #
#   date: 18-02-2015                                                   #
#                                                                      #
# Please cite                                                          #
#    A. van Hameren,                                                   #
#      Comput.Phys.Commun. 182 (2011) 2427-2438, arXiv:1007.4716       #
#    A. van Hameren, C.G. Papadopoulos and R. Pittau,                  #
#      JHEP 0909:106,2009, arXiv:0903.4665                             #
# in publications with results obtained with the help of this program. #
#                                                                      #
########################################################################
########################################################################
#                                                                      #
#                      You are using OneLOop-3.6                       #
#                                                                      #
# for the evaluation of 1-loop scalar 1-, 2-, 3- and 4-point functions #
#                                                                      #
# author: Andreas van Hameren <hamerenREMOVETHIS@ifj.edu.pl>           #
#   date: 18-02-2015                                                   #
#                                                                      #
# Please cite                                                          #
#    A. van Hameren,                                                   #
#      Comput.Phys.Commun. 182 (2011) 2427-2438, arXiv:1007.4716       #
#    A. van Hameren, C.G. Papadopoulos and R. Pittau,                  #
#      JHEP 0909:106,2009, arXiv:0903.4665                             #
# in publications with results obtained with the help of this program. #
#                                                                      #
########################################################################
 PASSED   1.0000000000000001E-005
 MU_R    =    325.00000000000000     
 ALPHA_S =   0.11799999999999999     
 BORN                    1.3223917732794206E-011
 SINGLE POLE (MadFKS)   -1.4732937566037781E-012
 DOUBLE POLE (MadFKS)   -1.4073105532249410E-012
 SINGLE POLE (MadLoop)  -1.4732937566037902E-012
 DOUBLE POLE (MadLoop)  -1.4073105532249404E-012
 FINITE PART (MadLoop)   2.5491882130417901E-012
   325.00000000000000        0.0000000000000000        0.0000000000000000        325.00000000000000        0.0000000000000000     
   325.00000000000000        0.0000000000000000        0.0000000000000000       -325.00000000000000        0.0000000000000000     
   100.68392713791690        13.594824517811242        8.8866812590409481        99.349399079428224        1.7769999999999999     
   227.81970796301647       -127.37955923530617       -133.74124172663616       -133.37746243946438        0.0000000000000000     
   160.08930264005699        86.968926586511088       -16.927180848621820        106.35433805123945        80.419002445756163     
   161.40706225900962        26.815808130983822        141.78174131621705       -72.326274691203309        0.0000000000000000     

 PASSED   1.0000000000000001E-005
 MU_R    =    325.00000000000000     
 ALPHA_S =   0.11799999999999999     
 BORN                    5.3824036161223534E-012
 SINGLE POLE (MadFKS)   -7.2502297219567393E-013
 DOUBLE POLE (MadFKS)   -5.7280403309681971E-013
 SINGLE POLE (MadLoop)  -7.2502297219567897E-013
 DOUBLE POLE (MadLoop)  -5.7280403309680668E-013
 FINITE PART (MadLoop)   4.2094344970366128E-013
   325.00000000000000        0.0000000000000000        0.0000000000000000        325.00000000000000        0.0000000000000000     
   325.00000000000000        0.0000000000000000        0.0000000000000000       -325.00000000000000        0.0000000000000000     
   145.37952233917795        102.76023816623741       -101.85928967822704        14.038032085471704        1.7769999999999999     
   148.59229335962797        16.710188516121708        107.03125869194270        101.70913876563829        0.0000000000000000     
   171.13776967055085       -81.949235067848804        126.63018338720182        8.3689772707347210        80.419002445756163     
   184.89041463064322       -37.521191614510329       -131.80215240091746       -124.11614812184470        0.0000000000000000     

 PASSED   1.0000000000000001E-005
 MU_R    =    325.00000000000000     
 ALPHA_S =   0.11799999999999999     
 BORN                    6.6849165371125849E-011
 SINGLE POLE (MadFKS)   -8.7587470424207197E-012
 DOUBLE POLE (MadFKS)   -7.1141954904755867E-012
 SINGLE POLE (MadLoop)  -8.7587470424206906E-012
 DOUBLE POLE (MadLoop)  -7.1141954904755205E-012
 FINITE PART (MadLoop)   1.3213477543143231E-011
   325.00000000000000        0.0000000000000000        0.0000000000000000        325.00000000000000        0.0000000000000000     
   325.00000000000000        0.0000000000000000        0.0000000000000000       -325.00000000000000        0.0000000000000000     
   47.690660619178864        2.5012786794880868       -15.520579043857788        44.989961240310038        1.7769999999999999     
   228.19144714749370        1.8129718218754027       -96.628900725973509       -206.71455011423481        0.0000000000000000     
   256.20419645076737       -90.708011187909591        55.674894946871419        218.73668440296376        80.419002445756163     
   117.91369578256014        86.393760686546102        56.474584822959891       -57.012095529038902        0.0000000000000000     

 PASSED   1.0000000000000001E-005
 MU_R    =    325.00000000000000     
 ALPHA_S =   0.11799999999999999     
 BORN                    9.8744998184630748E-011
 SINGLE POLE (MadFKS)   -1.2452434197360865E-011
 DOUBLE POLE (MadFKS)   -1.0508601220256178E-011
 SINGLE POLE (MadLoop)  -1.2452434197360065E-011
 DOUBLE POLE (MadLoop)  -1.0508601220254747E-011
 FINITE PART (MadLoop)   1.7992804267154565E-011
   325.00000000000000        0.0000000000000000        0.0000000000000000        325.00000000000000        0.0000000000000000     
   325.00000000000000        0.0000000000000000        0.0000000000000000       -325.00000000000000        0.0000000000000000     
   185.04054805788579        91.092816591149600        65.625380556518735       -147.07907699216102        1.7769999999999999     
   111.29984069240412       -35.855209714800544       -69.452878681257033       -79.236078381939095        0.0000000000000000     
   280.55559318066230       -118.80088156470548        37.961489769143910        238.09557061091834        80.419002445756163     
   73.104018069047797        63.563274688356429       -34.133991644405647       -11.780415236818193        0.0000000000000000     

 PASSED   1.0000000000000001E-005
 MU_R    =    325.00000000000000     
 ALPHA_S =   0.11799999999999999     
 BORN                    2.5767163509635254E-011
 SINGLE POLE (MadFKS)   -1.1765220223176246E-012
 DOUBLE POLE (MadFKS)   -2.7421829042277383E-012
 SINGLE POLE (MadLoop)  -1.1765220223173350E-012
 DOUBLE POLE (MadLoop)  -2.7421829042277330E-012
 FINITE PART (MadLoop)   3.2976509911587248E-013
   325.00000000000000        0.0000000000000000        0.0000000000000000        325.00000000000000        0.0000000000000000     
   325.00000000000000        0.0000000000000000        0.0000000000000000       -325.00000000000000        0.0000000000000000     
   71.217619571371813        32.644592951183640       -2.7071857235925925       -63.212287610259331        1.7769999999999999     
   132.29400050235867        59.165722075648631       -110.88241194490335        41.306302442435218        0.0000000000000000     
   258.60374808188089        26.470788089516862        238.32696633274267       -53.928073061976875        80.419002445756163     
   187.88463184438871       -118.28110311634910       -124.73736866424680        75.834058229800974        0.0000000000000000     

 PASSED   1.0000000000000001E-005
 MU_R    =    325.00000000000000     
 ALPHA_S =   0.11799999999999999     
 BORN                    5.6837788780174553E-011
 SINGLE POLE (MadFKS)   -5.3622133363390390E-013
 DOUBLE POLE (MadFKS)   -6.0487687225961214E-012
 SINGLE POLE (MadLoop)  -5.3622133363501745E-013
 DOUBLE POLE (MadLoop)  -6.0487687225961295E-012
 FINITE PART (MadLoop)   6.7382907880805031E-012
   325.00000000000000        0.0000000000000000        0.0000000000000000        325.00000000000000        0.0000000000000000     
   325.00000000000000        0.0000000000000000        0.0000000000000000       -325.00000000000000        0.0000000000000000     
   81.840034360531334        4.3402609800922001        79.856462896175742       -17.284124608129133        1.7769999999999999     
   76.466196531340870        58.586530725247663       -47.311490119400077        13.278574179149098        0.0000000000000000     
   233.57014180212067        88.574138029443858        11.572396642211979       -200.27105855661861        80.419002445756163     
   258.12362730600711       -151.50092973478371       -44.117369418987671        204.27660898559861        0.0000000000000000     

 PASSED   1.0000000000000001E-005
 MU_R    =    325.00000000000000     
 ALPHA_S =   0.11799999999999999     
 BORN                    1.1199092178860375E-011
 SINGLE POLE (MadFKS)   -3.7159392448778166E-013
 DOUBLE POLE (MadFKS)   -1.1918253673617570E-012
 SINGLE POLE (MadLoop)  -3.7159392448765176E-013
 DOUBLE POLE (MadLoop)  -1.1918253673617542E-012
 FINITE PART (MadLoop)  -1.4648741650231218E-012
   325.00000000000000        0.0000000000000000        0.0000000000000000        325.00000000000000        0.0000000000000000     
   325.00000000000000        0.0000000000000000        0.0000000000000000       -325.00000000000000        0.0000000000000000     
   73.492900081972493       -49.620379467161612       -15.194818448188459        52.009461325034579        1.7769999999999999     
   243.66502249297449       -168.12952075174837       -96.794865222348278       -147.43087025747559        0.0000000000000000     
   175.98232326020897        133.48574805929618        75.356225663251507       -31.710510316444903        80.419002445756163     
   156.85975416484413        84.264152159613801        36.633458007285221        127.13191924888594        0.0000000000000000     

 PASSED   1.0000000000000001E-005
 MU_R    =    325.00000000000000     
 ALPHA_S =   0.11799999999999999     
 BORN                    2.0114415860666500E-009
 SINGLE POLE (MadFKS)   -2.4292201675471716E-010
 DOUBLE POLE (MadFKS)   -2.1406084251773247E-010
 SINGLE POLE (MadLoop)  -2.4292201675470910E-010
 DOUBLE POLE (MadLoop)  -2.1406084251772869E-010
 FINITE PART (MadLoop)   5.2131052700377089E-010
   325.00000000000000        0.0000000000000000        0.0000000000000000        325.00000000000000        0.0000000000000000     
   325.00000000000000        0.0000000000000000        0.0000000000000000       -325.00000000000000        0.0000000000000000     
   91.598598270880515        43.735594936107830       -50.876114739417453       -62.337502041680189        1.7769999999999999     
   144.49588271873873        116.48994630222998       -77.844604190642457       -35.346430252194850        0.0000000000000000     
   230.65760681350656       -72.019384084345759        8.0354967275719336        203.67708446218572        80.419002445756163     
   183.24791219687415       -88.206157153992010        120.68522220248798       -105.99315216831066        0.0000000000000000     

 PASSED   1.0000000000000001E-005
 MU_R    =    325.00000000000000     
 ALPHA_S =   0.11799999999999999     
 BORN                    9.4214482135803271E-012
 SINGLE POLE (MadFKS)   -1.1266911822272787E-012
 DOUBLE POLE (MadFKS)   -1.0026456429589618E-012
 SINGLE POLE (MadLoop)  -1.1266911822272915E-012
 DOUBLE POLE (MadLoop)  -1.0026456429589680E-012
 FINITE PART (MadLoop)  -1.5987187532754139E-012
   325.00000000000000        0.0000000000000000        0.0000000000000000        325.00000000000000        0.0000000000000000     
   325.00000000000000        0.0000000000000000        0.0000000000000000       -325.00000000000000        0.0000000000000000     
   79.058436850021579       -63.070661679672256        13.400586729288625        45.712083946895142        1.7769999999999999     
   158.83558527232316        92.630281325437622        86.301167366146530        95.919146376581551        0.0000000000000000     
   242.34707360253046       -161.84659949940922       -153.56400893114551       -49.886486354649897        80.419002445756163     
   169.75890427512473        132.28697985364386        53.862254835710367       -91.744743968826825        0.0000000000000000     

 PASSED   1.0000000000000001E-005
 MU_R    =    325.00000000000000     
 ALPHA_S =   0.11799999999999999     
 BORN                    1.3984311597042022E-009
 SINGLE POLE (MadFKS)   -6.5439671554269126E-011
 DOUBLE POLE (MadFKS)   -1.4882328889038496E-010
 SINGLE POLE (MadLoop)  -6.5439671554273624E-011
 DOUBLE POLE (MadLoop)  -1.4882328889038406E-010
 FINITE PART (MadLoop)   9.7010442163867872E-011
   325.00000000000000        0.0000000000000000        0.0000000000000000        325.00000000000000        0.0000000000000000     
   325.00000000000000        0.0000000000000000        0.0000000000000000       -325.00000000000000        0.0000000000000000     
   89.604283859191156       -57.708645164427544       -40.701089631527609        55.126250852121778        1.7769999999999999     
   65.830422652069956       -49.658034362735968       -39.449625351652251       -17.647980887166035        0.0000000000000000     
   307.46620876959196        273.69973208933192        33.887042265167935       -109.58274773668747        80.419002445756163     
   187.09908471914690       -166.33305256216852        46.263672718011861        72.104477771731680        0.0000000000000000     

 PASSED   1.0000000000000001E-005
 MU_R    =    325.00000000000000     
 ALPHA_S =   0.11799999999999999     
 BORN                    6.3532989643580676E-012
 SINGLE POLE (MadFKS)   -5.0323623480281104E-013
 DOUBLE POLE (MadFKS)   -6.7612827461570693E-013
 SINGLE POLE (MadLoop)  -5.0323623480293423E-013
 DOUBLE POLE (MadLoop)  -6.7612827461570582E-013
 FINITE PART (MadLoop)   1.5909870662195634E-012
   325.00000000000000        0.0000000000000000        0.0000000000000000        325.00000000000000        0.0000000000000000     
   325.00000000000000        0.0000000000000000        0.0000000000000000       -325.00000000000000        0.0000000000000000     
   223.15359945992708        137.87127897856652        161.91191020911998        67.604844413471781        1.7769999999999999     
   158.15927298613460        31.622197996465932       -99.502382891819039       -118.80095969403946        0.0000000000000000     
   105.20951196113013       -24.592486150139525        12.507094675195034        61.972636384694461        80.419002445756163     
   163.47761559280812       -144.90099082489303       -74.916621992495905       -10.776521104126868        0.0000000000000000     

 PASSED   1.0000000000000001E-005
 MU_R    =    325.00000000000000     
 ALPHA_S =   0.11799999999999999     
 BORN                    1.2280092144277447E-012
 SINGLE POLE (MadFKS)   -1.8621105843598903E-013
 DOUBLE POLE (MadFKS)   -1.3068671189899100E-013
 SINGLE POLE (MadLoop)  -1.8621105843598325E-013
 DOUBLE POLE (MadLoop)  -1.3068671189899047E-013
 FINITE PART (MadLoop)  -1.5209669496667937E-013
   325.00000000000000        0.0000000000000000        0.0000000000000000        325.00000000000000        0.0000000000000000     
   325.00000000000000        0.0000000000000000        0.0000000000000000       -325.00000000000000        0.0000000000000000     
   149.89469596079485       -31.916673869579054      -0.20462077662373584        146.44639363132106        1.7769999999999999     
   206.53507411215708       -42.577543789308081       -194.51109655966454       -54.857295946306053        0.0000000000000000     
   179.49275502524290       -6.8832301238367872        159.06532222521173       -20.031913553956670        80.419002445756163     
   114.07747490180526        81.377447782723905        35.650395111076534       -71.557184131058307        0.0000000000000000     

 PASSED   1.0000000000000001E-005
 MU_R    =    325.00000000000000     
 ALPHA_S =   0.11799999999999999     
 BORN                    1.4785383401006167E-011
 SINGLE POLE (MadFKS)   -5.4458338566106150E-013
 DOUBLE POLE (MadFKS)   -1.5734842362268849E-012
 SINGLE POLE (MadLoop)  -5.4458338566272192E-013
 DOUBLE POLE (MadLoop)  -1.5734842362268833E-012
 FINITE PART (MadLoop)   2.5503652736827539E-012
   325.00000000000000        0.0000000000000000        0.0000000000000000        325.00000000000000        0.0000000000000000     
   325.00000000000000        0.0000000000000000        0.0000000000000000       -325.00000000000000        0.0000000000000000     
   218.74450670585392       -186.18407815778025       -82.955940618742375       -79.371294821141916        1.7769999999999999     
   113.70482068303066        52.156275869872402        90.850338330946812       -44.212273851255631        0.0000000000000000     
   104.98830877548066       -53.716428130012332       -30.999891129742984        26.624821578039477        80.419002445756163     
   212.56236383563473        187.74423041792016        23.105493417538543        96.958747094358088        0.0000000000000000     

 PASSED   1.0000000000000001E-005
 MU_R    =    325.00000000000000     
 ALPHA_S =   0.11799999999999999     
 BORN                    3.9808530195062590E-012
 SINGLE POLE (MadFKS)   -2.9599891904872063E-013
 DOUBLE POLE (MadFKS)   -4.2364876872269901E-013
 SINGLE POLE (MadLoop)  -2.9599891902540614E-013
 DOUBLE POLE (MadLoop)  -4.2364876872270437E-013
 FINITE PART (MadLoop)   7.2359767300405735E-013
   325.00000000000000        0.0000000000000000        0.0000000000000000        325.00000000000000        0.0000000000000000     
   325.00000000000000        0.0000000000000000        0.0000000000000000       -325.00000000000000        0.0000000000000000     
   190.92303333584707        94.586836505242204       -135.45020625589507       -95.681863037500648        1.7769999999999999     
   215.29153550401020       -204.50390879167236        65.004025487679613       -17.408998219281440        0.0000000000000000     
   172.95349924650199        90.532220121287452        109.43221595070489        57.220662170830153        80.419002445756163     
   70.831931913640801        19.384852165142735       -38.986035182489410        55.870199085951960        0.0000000000000000     

 PASSED   1.0000000000000001E-005
 MU_R    =    325.00000000000000     
 ALPHA_S =   0.11799999999999999     
 BORN                    2.0898265664173616E-012
 SINGLE POLE (MadFKS)   -1.0712299013160019E-013
 DOUBLE POLE (MadFKS)   -2.2240269795655764E-013
 SINGLE POLE (MadLoop)  -1.0712299013159793E-013
 DOUBLE POLE (MadLoop)  -2.2240269795655754E-013
 FINITE PART (MadLoop)   2.0498066697618543E-013
   325.00000000000000        0.0000000000000000        0.0000000000000000        325.00000000000000        0.0000000000000000     
   325.00000000000000        0.0000000000000000        0.0000000000000000       -325.00000000000000        0.0000000000000000     
   222.40654814364248        148.26288492700078        160.96732487031099        39.612525864794989        1.7769999999999999     
   96.900317877921964       -21.167734785563646       -48.581201553550166       -81.126231667098281        0.0000000000000000     
   149.51491442980944       -110.49175572906171        57.853475353669744       -18.221991877794220        80.419002445756163     
   181.17821954862617       -16.603394412375490       -170.23959867043061        59.735697680097623        0.0000000000000000     

 PASSED   1.0000000000000001E-005
 MU_R    =    325.00000000000000     
 ALPHA_S =   0.11799999999999999     
 BORN                    2.4328562501934912E-012
 SINGLE POLE (MadFKS)   -4.5806242962510482E-013
 DOUBLE POLE (MadFKS)   -2.5890846756297192E-013
 SINGLE POLE (MadLoop)  -4.5806242962513976E-013
 DOUBLE POLE (MadLoop)  -2.5890846756297359E-013
 FINITE PART (MadLoop)  -1.4841642723920895E-014
   325.00000000000000        0.0000000000000000        0.0000000000000000        325.00000000000000        0.0000000000000000     
   325.00000000000000        0.0000000000000000        0.0000000000000000       -325.00000000000000        0.0000000000000000     
   146.53980417032801       -74.887641768752047       -114.99815408148572        51.361679737368604        1.7769999999999999     
   274.43484646765540        75.212763774253659        259.97194470933897        45.520468859715642        0.0000000000000000     
   157.31341806085615        43.603636878414193       -119.29170199272144       -46.352003562675598        80.419002445756163     
   71.711931301160405       -43.928758883915854       -25.682088635131930       -50.530145034408577        0.0000000000000000     

 PASSED   1.0000000000000001E-005
 MU_R    =    325.00000000000000     
 ALPHA_S =   0.11799999999999999     
 BORN                    2.0404071701400527E-011
 SINGLE POLE (MadFKS)   -5.0498879394656875E-013
 DOUBLE POLE (MadFKS)   -2.1714340647271940E-012
 SINGLE POLE (MadLoop)  -5.0498879406700078E-013
 DOUBLE POLE (MadLoop)  -2.1714340647271996E-012
 FINITE PART (MadLoop)   2.9604622969695881E-012
   325.00000000000000        0.0000000000000000        0.0000000000000000        325.00000000000000        0.0000000000000000     
   325.00000000000000        0.0000000000000000        0.0000000000000000       -325.00000000000000        0.0000000000000000     
   249.16196422680960       -87.999904973661799       -10.182874284371723       -232.87518649331679        1.7769999999999999     
   90.766936630585462       -14.730703698410354        37.977353263249761        81.113277538074414        0.0000000000000000     
   95.422914408726513       -51.111866255971947        1.2794443354763523        4.9251182634188853        80.419002445756163     
   214.64818473387842        153.84247492804408       -29.073923314354360        146.83679069182338        0.0000000000000000     

 PASSED   1.0000000000000001E-005
 MU_R    =    325.00000000000000     
 ALPHA_S =   0.11799999999999999     
 BORN                    1.1479611917512059E-011
 SINGLE POLE (MadFKS)   -4.2817934463544446E-013
 DOUBLE POLE (MadFKS)   -1.2216787282620142E-012
 SINGLE POLE (MadLoop)  -4.2817934463570760E-013
 DOUBLE POLE (MadLoop)  -1.2216787282626711E-012
 FINITE PART (MadLoop)  -6.3350248173422694E-012
   325.00000000000000        0.0000000000000000        0.0000000000000000        325.00000000000000        0.0000000000000000     
   325.00000000000000        0.0000000000000000        0.0000000000000000       -325.00000000000000        0.0000000000000000     
   261.72655555000097        167.12427235317963       -190.96672416623261       -64.022027480438197        1.7769999999999999     
   42.798821877659144       -18.782395447215826       -14.176210050947454       -35.749067735696521        0.0000000000000000     
   248.11574156939201       -137.95924734502128        189.85246091291651        4.1826328387222027        80.419002445756163     
   97.358881002947882       -10.382629560942513        15.290473304263603        95.588462377412512        0.0000000000000000     

 PASSED   1.0000000000000001E-005
 MU_R    =    325.00000000000000     
 ALPHA_S =   0.11799999999999999     
 BORN                    1.5831786908181161E-011
 SINGLE POLE (MadFKS)   -2.6335857055529845E-012
 DOUBLE POLE (MadFKS)   -1.6848441772318867E-012
 SINGLE POLE (MadLoop)  -2.6335857055528039E-012
 DOUBLE POLE (MadLoop)  -1.6848441772319036E-012
 FINITE PART (MadLoop)   1.6081495492515919E-012
   325.00000000000000        0.0000000000000000        0.0000000000000000        325.00000000000000        0.0000000000000000     
   325.00000000000000        0.0000000000000000        0.0000000000000000       -325.00000000000000        0.0000000000000000     
   102.77279983657884        6.6556590570712277       -12.726841433553924       -101.74881014975408        1.7769999999999999     
   273.95434309227744        72.737586908495985        88.052568435048286        249.01198915281438        0.0000000000000000     
Thanks for using LHAPDF 6.2.1. Please make sure to cite the paper:
  Eur.Phys.J. C75 (2015) 3, 132  (http://arxiv.org/abs/1412.7420)
   172.52226204333442       -27.163029685561380       -127.78877302262708       -78.923470867994794        80.419002445756163     
   100.75059502780925       -52.230216280005813        52.463046021132698       -68.339708135065578        0.0000000000000000     

 PASSED   1.0000000000000001E-005
 MU_R    =    325.00000000000000     
 ALPHA_S =   0.11799999999999999     
 BORN                    2.9220460005075332E-012
 SINGLE POLE (MadFKS)   -3.9997156807392344E-013
 DOUBLE POLE (MadFKS)   -3.1096882607829654E-013
 SINGLE POLE (MadLoop)  -3.9997156807395843E-013
 DOUBLE POLE (MadLoop)  -3.1096882607829558E-013
 FINITE PART (MadLoop)  -1.5925047185764049E-013
   325.00000000000000        0.0000000000000000        0.0000000000000000        325.00000000000000        0.0000000000000000     
   325.00000000000000        0.0000000000000000        0.0000000000000000       -325.00000000000000        0.0000000000000000     
   163.87816651148307       -61.109398030669006        38.226252845594686        147.16416274310569        1.7769999999999999     
   104.74380649953743        62.126127407723587        59.547082924532404        59.713936468053191        0.0000000000000000     
   190.13582613530224       -136.82578992996130       -73.665024278680647       -74.408224235274105        80.419002445756163     
   191.24220085367730        135.80906055290671       -24.108311491446436       -132.46987497588478        0.0000000000000000     

 NUMBER OF POINTS PASSING THE CHECK          20
 NUMBER OF POINTS FAILING THE CHECK           0
 TOLERANCE    1.0000000000000001E-005
