==== LHAPDF6 USING DEFAULT-TYPE LHAGLUE INTERFACE ====
LHAPDF 6.2.1 loading /cvmfs/cms.cern.ch/slc7_amd64_gcc700/external/lhapdf/6.2.1-pafccj3/share/LHAPDF/NNPDF31_nnlo_as_0118_nf_4_mc_hessian/NNPDF31_nnlo_as_0118_nf_4_mc_hessian_0000.dat
NNPDF31_nnlo_as_0118_nf_4_mc_hessian PDF set, member #0, version 1; LHAPDF ID = 325500
 A PDF is used, so alpha_s(MZ) is going to be modified
 Old value of alpha_s from param_card:   0.11799999999999999     
 New value of alpha_s from PDF lhapdf :  0.11266013434007299     
 *****************************************************
 *               MadGraph/MadEvent                   *
 *        --------------------------------           *
 *          http://madgraph.hep.uiuc.edu             *
 *          http://madgraph.phys.ucl.ac.be           *
 *          http://madgraph.roma2.infn.it            *
 *        --------------------------------           *
 *                                                   *
 *          PARAMETER AND COUPLING VALUES            *
 *                                                   *
 *****************************************************

  External Params
  ---------------------------------
  
 MU_R =    91.188000000000002     
 aEWM1 =    132.50700000000001     
 mdl_Gf =    1.1663900000000000E-005
 aS =   0.11799999999999999     
 mdl_ymb =    4.7000000000000002     
 mdl_ymt =    173.00000000000000     
 mdl_ymtau =    1.7769999999999999     
 mdl_MT =    173.00000000000000     
 mdl_MB =    4.7000000000000002     
 mdl_MZ =    91.188000000000002     
 mdl_MH =    125.00000000000000     
 mdl_MTA =    1.7769999999999999     
 mdl_WT =    1.4915000000000000     
 mdl_WZ =    2.4414039999999999     
 mdl_WW =    2.0476000000000001     
 mdl_WH =    6.3823389999999999E-003
  Internal Params
  ---------------------------------
  
 mdl_conjg__CKM3x3 =    1.0000000000000000     
 mdl_CKM22 =    1.0000000000000000     
 mdl_lhv =    1.0000000000000000     
 mdl_CKM3x3 =    1.0000000000000000     
 mdl_conjg__CKM22 =    1.0000000000000000     
 mdl_conjg__CKM33 =    1.0000000000000000     
 mdl_Ncol =    3.0000000000000000     
 mdl_CA =    3.0000000000000000     
 mdl_TF =   0.50000000000000000     
 mdl_CF =    1.3333333333333333     
 mdl_complexi =                (0.0000000000000000,1.0000000000000000)
 mdl_MZ__exp__2 =    8315.2513440000002     
 mdl_MZ__exp__4 =    69143404.913893804     
 mdl_sqrt__2 =    1.4142135623730951     
 mdl_MH__exp__2 =    15625.000000000000     
 mdl_Ncol__exp__2 =    9.0000000000000000     
 mdl_MB__exp__2 =    22.090000000000003     
 mdl_MT__exp__2 =    29929.000000000000     
 mdl_aEW =    7.5467711139788835E-003
 mdl_MW =    80.419002445756163     
 mdl_sqrt__aEW =    8.6872153846781555E-002
 mdl_ee =   0.30795376724436879     
 mdl_MW__exp__2 =    6467.2159543705357     
 mdl_sw2 =   0.22224648578577766     
 mdl_cw =   0.88190334743339216     
 mdl_sqrt__sw2 =   0.47143025548407230     
 mdl_sw =   0.47143025548407230     
 mdl_g1 =   0.34919219678733299     
 mdl_gw =   0.65323293034757990     
 mdl_v =    246.21845810181637     
 mdl_v__exp__2 =    60623.529110035903     
 mdl_lam =   0.12886910601690263     
 mdl_yb =    2.6995554250465490E-002
 mdl_yt =   0.99366614581500623     
 mdl_ytau =    1.0206617000654717E-002
 mdl_muH =    88.388347648318430     
 mdl_AxialZUp =  -0.18517701861793787     
 mdl_AxialZDown =   0.18517701861793787     
 mdl_VectorZUp =    7.5430507588273299E-002
 mdl_VectorZDown =  -0.13030376310310560     
 mdl_VectorAUp =   0.20530251149624587     
 mdl_VectorADown =  -0.10265125574812294     
 mdl_VectorWmDxU =   0.23095271737156670     
 mdl_AxialWmDxU =  -0.23095271737156670     
 mdl_VectorWpUxD =   0.23095271737156670     
 mdl_AxialWpUxD =  -0.23095271737156670     
 mdl_I1x33 =          (2.69955542504654901E-002,0.0000000000000000)
 mdl_I2x33 =               (0.99366614581500623,0.0000000000000000)
 mdl_I3x33 =               (0.99366614581500623,0.0000000000000000)
 mdl_I4x33 =          (2.69955542504654901E-002,0.0000000000000000)
 mdl_Vector_tbGp =              (-0.96667059156454072,0.0000000000000000)
 mdl_Axial_tbGp =              (-1.0206617000654716,-0.0000000000000000)
 mdl_Vector_tbGm =               (0.96667059156454072,0.0000000000000000)
 mdl_Axial_tbGm =              (-1.0206617000654716,-0.0000000000000000)
 mdl_gw__exp__2 =   0.42671326129048615     
 mdl_cw__exp__2 =   0.77775351421422245     
 mdl_ee__exp__2 =    9.4835522759998875E-002
 mdl_sw__exp__2 =   0.22224648578577769     
 mdl_yb__exp__2 =    7.2875994928982540E-004
 mdl_yt__exp__2 =   0.98737240933884918     
  Internal Params evaluated point by point
  ----------------------------------------
  
 mdl_sqrt__aS =   0.34351128074635334     
 mdl_G__exp__4 =    2.1987899468922913     
 mdl_G__exp__2 =    1.4828317324943823     
 mdl_R2MixedFactor_FIN_ =   -2.5040377713124864E-002
 mdl_G_UVg_1EPS_ =   -5.1645779033320030E-002
 mdl_G_UVq_1EPS_ =    3.1300472141406080E-003
 mdl_GWcft_UV_b_1EPS_ =   -3.1300472141406080E-003
 mdl_GWcft_UV_t_1EPS_ =   -3.1300472141406080E-003
 mdl_bWcft_UV_1EPS_ =   -1.8780283284843650E-002
 mdl_tWcft_UV_1EPS_ =   -1.8780283284843650E-002
 mdl_G__exp__3 =    1.8056676068262196     
 mdl_MU_R__exp__2 =    8315.2513440000002     
 mdl_G_UVb_FIN_ =    1.8563438626678915E-002
 mdl_G_UVt_FIN_ =   -4.0087659331150384E-003
 mdl_GWcft_UV_b_FIN_ =   -1.8563438626678915E-002
 mdl_GWcft_UV_t_FIN_ =    4.0087659331150384E-003
 mdl_bWcft_UV_FIN_ =  -0.13642100947319838     
 mdl_tWcft_UV_FIN_ =   -9.8778211443463623E-004
  Couplings of loop_sm
  ---------------------------------
  
      UV_GQQb =   0.00000E+00   0.22605E-01
      UV_GQQt =   0.00000E+00  -0.48815E-02
   UVWfct_G_2 =   0.40088E-02   0.00000E+00
   UVWfct_G_1 =  -0.18563E-01   0.00000E+00
       R2_DDA =   0.00000E+00   0.25704E-02
       R2_UUA =  -0.00000E+00  -0.51409E-02
    R2_UUZ_V2 =  -0.00000E+00  -0.72127E-02
    R2_UUZ_V5 =   0.00000E+00   0.68702E-03
      R2_sxcW =  -0.00000E+00  -0.11566E-01
      R2_GGHb =   0.00000E+00  -0.33698E-02
      R2_GGHt =   0.00000E+00  -0.45657E+01
     R2_GGZup =  -0.46369E-02   0.00000E+00
    R2_GGWWcs =   0.00000E+00   0.13356E-02
         GC_4 =  -0.12177E+01   0.00000E+00
         GC_5 =   0.00000E+00   0.12177E+01
       R2_GQQ =  -0.00000E+00  -0.30492E-01
       R2_QQq =   0.00000E+00   0.12520E-01
 UV_GQQg_1eps =   0.00000E+00  -0.62890E-01
 UV_GQQq_1eps =   0.00000E+00   0.38115E-02
 UVWfct_G_2_1eps -0.31300E-02   0.00000E+00
         GC_1 =  -0.00000E+00  -0.10265E+00
         GC_2 =   0.00000E+00   0.20530E+00
         GC_7 =   0.00000E+00   0.57609E+00
        GC_22 =   0.00000E+00   0.28804E+00
        GC_23 =  -0.00000E+00  -0.27437E-01
        GC_24 =   0.00000E+00   0.82310E-01
        GC_25 =   0.00000E+00   0.30795E+00
        GC_28 =   0.00000E+00   0.37035E+00
        GC_31 =   0.00000E+00   0.52532E+02
        GC_33 =  -0.00000E+00  -0.19089E-01
        GC_37 =  -0.00000E+00  -0.70263E+00
        GC_38 =  -0.00000E+00  -0.72172E-02
        GC_47 =   0.00000E+00   0.46191E+00

 Collider parameters:
 --------------------

 Running at P P   machine @    13000.000000000000       GeV
 PDF set = lhapdf 
 alpha_s(Mz)= 0.1127 running at 3 loops.
 alpha_s(Mz)= 0.1127 running at 3 loops.
 Renormalization scale set on event-by-event basis
 Factorization   scale set on event-by-event basis


 ===============================================================
 INFO: MadFKS read these parameters from FKS_params.dat
 ===============================================================
  > IRPoleCheckThreshold      =    1.0000000000000001E-005
  > PrecisionVirtualAtRunTime =    1.0000000000000000E-003
  > NHelForMCoverHels         =            4
  > VirtualFraction           =    1.0000000000000000     
  > MinVirtualFraction        =    5.0000000000000001E-003
 ===============================================================
  Insert the number of points to test
 Insert the relative tolerance
  A negative number will mean use the default one:    1.0000000000000001E-005
Using random seed offsets:     1 ,     58 ,      0
  with seed                   32
 Ranmar initialization seeds       10730        9464
  ========================================================================================== 
 {                                                                                          }
 {       [32m                                                                            [0m       }
 {       [32m                               ,,                                           [0m       }
 {       [32m`7MMM.     ,MMF'             `7MM  `7MMF'                                   [0m       }
 {       [32m  MMMb    dPMM                 MM    MM                                     [0m       }
 {       [32m  M YM   ,M MM   ,6"Yb.   ,M""bMM    MM         ,pW"Wq.   ,pW"Wq.`7MMpdMAo. [0m       }
 {       [32m  M  Mb  M' MM  8)   MM ,AP    MM    MM        6W'   `Wb 6W'   `Wb MM   `Wb [0m       }
 {       [32m  M  YM.P'  MM   ,pm9MM 8MI    MM    MM      , 8M     M8 8M     M8 MM    M8 [0m       }
 {       [32m  M  `YM'   MM  8M   MM `Mb    MM    MM     ,M YA.   ,A9 YA.   ,A9 MM   ,AP [0m       }
 {       [32m.JML. `'  .JMML.`Moo9^Yo.`Wbmd"MML..JMMmmmmMMM  `Ybmd9'   `Ybmd9'  MMbmmd'  [0m       }
 {       [32m                                                                   MM       [0m       }
 {       [32m                                                                 .JMML.     [0m       }
 {       [32m[0mv2.6.5 (2018-02-03), Ref: arXiv:1103.0621v2, arXiv:1405.0301[32m                [0m       }
 {       [32m                                                                            [0m       }
 {                                                                                          }
  ========================================================================================== 
 ===============================================================
 INFO: MadLoop read these parameters from ./MadLoop5_resources/MadLoopParams.dat                                                                                                                                                                                                                                                                                                                                                                                                                                                                                          
 ===============================================================
  > MLReductionLib            = 6|7|1
  > CTModeRun                 =           -1
  > MLStabThres               =    1.0000000000000000E-003
  > NRotations_DP             =            0
  > NRotations_QP             =            0
  > CTStabThres               =    1.0000000000000000E-002
  > CTLoopLibrary             =            2
  > CTModeInit                =            1
  > CheckCycle                =            3
  > MaxAttempts               =           10
  > UseLoopFilter             =  F
  > HelicityFilterLevel       =            2
  > ImprovePSPoint            =            2
  > DoubleCheckHelicityFilter =  T
  > LoopInitStartOver         =  F
  > HelInitStartOver          =  F
  > ZeroThres                 =    1.0000000000000001E-009
  > OSThres                   =    1.0000000000000000E-008
  > WriteOutFilters           =  T
  > UseQPIntegrandForNinja    =  T
  > UseQPIntegrandForCutTools =  T
  > IREGIMODE                 =            2
  > IREGIRECY                 =  T
  > COLLIERMode               =            1
  > COLLIERRequiredAccuracy   =    1.0000000000000000E-008
  > COLLIERCanOutput          =  F
  > COLLIERComputeUVpoles     =  T
  > COLLIERComputeIRpoles     =  T
  > COLLIERGlobalCache        =           -1
  > COLLIERUseCacheForPoles   =  F
  > COLLIERUseInternalStabilityTest =  T
 ===============================================================
  
------------------------------------------------------------------------
|              You are using CutTools - Version 1.9.3                  |
|              Authors: G. Ossola, C. Papadopoulos, R. Pittau          |
|              Published in JHEP 0803:042,2008                         |
|              http://www.ugr.es/~pittau/CutTools                      |
|                                                                      |
|              Compiler with  34  significant digits detetected        |
 ---------------------------------------------------------------------- 
   
########################################################################
#                                                                      #

  +----------------------------------------------------------------+
  |                                                                |
  |  Ninja - version 1.1.0                                         |
  |                                                                |
  |  Author: Tiziano Peraro                                        |
  |                                                                |
  |  Based on:                                                     |
  |                                                                |
  |      P. Mastrolia, E. Mirabella and T. Peraro,                 |
  |      "Integrand reduction of one-loop scattering amplitudes    |
  |      through Laurent series expansion,"                        |
  |      JHEP 1206 (2012) 095  [arXiv:1203.0291 [hep-ph]].         |
  |                                                                |
  |      T. Peraro,                                                |
  |      "Ninja: Automated Integrand Reduction via Laurent         |
  |      Expansion for One-Loop Amplitudes,"                       |
  |      Comput.Phys.Commun. 185 (2014) [arXiv:1403.1229 [hep-ph]] |
  |                                                                |
  +----------------------------------------------------------------+


#                      You are using OneLOop-3.6                       #
#                                                                      #
# for the evaluation of 1-loop scalar 1-, 2-, 3- and 4-point functions #
#                                                                      #
# author: Andreas van Hameren <hamerenREMOVETHIS@ifj.edu.pl>           #
#   date: 18-02-2015                                                   #
#                                                                      #
# Please cite                                                          #
#    A. van Hameren,                                                   #
#      Comput.Phys.Commun. 182 (2011) 2427-2438, arXiv:1007.4716       #
#    A. van Hameren, C.G. Papadopoulos and R. Pittau,                  #
#      JHEP 0909:106,2009, arXiv:0903.4665                             #
# in publications with results obtained with the help of this program. #
#                                                                      #
########################################################################
########################################################################
#                                                                      #
#                      You are using OneLOop-3.6                       #
#                                                                      #
# for the evaluation of 1-loop scalar 1-, 2-, 3- and 4-point functions #
#                                                                      #
# author: Andreas van Hameren <hamerenREMOVETHIS@ifj.edu.pl>           #
#   date: 18-02-2015                                                   #
#                                                                      #
# Please cite                                                          #
#    A. van Hameren,                                                   #
#      Comput.Phys.Commun. 182 (2011) 2427-2438, arXiv:1007.4716       #
#    A. van Hameren, C.G. Papadopoulos and R. Pittau,                  #
#      JHEP 0909:106,2009, arXiv:0903.4665                             #
# in publications with results obtained with the help of this program. #
#                                                                      #
########################################################################
 PASSED   1.0000000000000001E-005
 MU_R    =    325.00000000000000     
 ALPHA_S =   0.11799999999999999     
 BORN                    4.7337598780498666E-011
 SINGLE POLE (MadFKS)   -1.4983319534737750E-011
 DOUBLE POLE (MadFKS)   -5.0377432523581939E-012
 SINGLE POLE (MadLoop)  -1.4983319534723649E-011
 DOUBLE POLE (MadLoop)  -5.0377432523576527E-012
 FINITE PART (MadLoop)  -1.1883979494928548E-011
   325.00000000000000        0.0000000000000000        0.0000000000000000        325.00000000000000        0.0000000000000000     
   325.00000000000000        0.0000000000000000        0.0000000000000000       -325.00000000000000        0.0000000000000000     
   220.48555554279062        80.598443028105962        200.66576422169695        42.986794772121080        1.7769999999999999     
   258.68414050117462       -72.209164947464956       -246.77400955558338       -28.388540862152460        0.0000000000000000     
   101.00318514933335       -9.7764486606533758        28.760376537016928        53.025364204073078        80.419002445756163     
   69.827118806701378        1.3871705800123597        17.347868796869491       -67.623618114041648        0.0000000000000000     

 PASSED   1.0000000000000001E-005
 MU_R    =    325.00000000000000     
 ALPHA_S =   0.11799999999999999     
 BORN                    1.4467174219945414E-011
 SINGLE POLE (MadFKS)   -1.6392407493435539E-013
 DOUBLE POLE (MadFKS)   -1.5396199043633169E-012
 SINGLE POLE (MadLoop)  -1.6392407493395263E-013
 DOUBLE POLE (MadLoop)  -1.5396199043633145E-012
 FINITE PART (MadLoop)   1.1241424194274501E-012
   325.00000000000000        0.0000000000000000        0.0000000000000000        325.00000000000000        0.0000000000000000     
   325.00000000000000        0.0000000000000000        0.0000000000000000       -325.00000000000000        0.0000000000000000     
   237.68925039245431       -77.624222074555860       -139.98231466113171       -175.70558827925419        1.7769999999999999     
   77.418044077343254       -47.794308145353092        60.141828722236596       -9.6030253365103206        0.0000000000000000     
   120.77349230479851        89.465820346121532       -8.6539337105566965       -6.3243110498680597        80.419002445756163     
   214.11921322540391        35.952709873787441        88.494419649451757        191.63292466563254        0.0000000000000000     

 PASSED   1.0000000000000001E-005
 MU_R    =    325.00000000000000     
 ALPHA_S =   0.11799999999999999     
 BORN                    2.1688729145488548E-012
 SINGLE POLE (MadFKS)   -1.0499918831978661E-013
 DOUBLE POLE (MadFKS)   -2.3081493721629454E-013
 SINGLE POLE (MadLoop)  -1.0499918832007778E-013
 DOUBLE POLE (MadLoop)  -2.3081493721629409E-013
 FINITE PART (MadLoop)  -2.7787535165946574E-013
   325.00000000000000        0.0000000000000000        0.0000000000000000        325.00000000000000        0.0000000000000000     
   325.00000000000000        0.0000000000000000        0.0000000000000000       -325.00000000000000        0.0000000000000000     
   208.18160097389566       -39.354058064338588        27.321102765391263       -202.58636852613236        1.7769999999999999     
   109.19439989197042        92.809784535636169       -55.268624630062149        15.973102194553075        0.0000000000000000     
   188.07233072235996       -19.182068851616105        137.26322522328576        98.462382993931271        80.419002445756163     
   144.55166841177399       -34.273657619681472       -109.31570335861493        88.150883337648111        0.0000000000000000     

 PASSED   1.0000000000000001E-005
 MU_R    =    325.00000000000000     
 ALPHA_S =   0.11799999999999999     
 BORN                    2.3864982828377704E-011
 SINGLE POLE (MadFKS)   -5.0434760470603881E-013
 DOUBLE POLE (MadFKS)   -2.5397497825942206E-012
 SINGLE POLE (MadLoop)  -5.0434760470615382E-013
 DOUBLE POLE (MadLoop)  -2.5397497825942356E-012
 FINITE PART (MadLoop)   2.8218844072753380E-012
   325.00000000000000        0.0000000000000000        0.0000000000000000        325.00000000000000        0.0000000000000000     
   325.00000000000000        0.0000000000000000        0.0000000000000000       -325.00000000000000        0.0000000000000000     
   111.97547276335555        40.140169016553287        103.92455871610881       -11.126621165545751        1.7769999999999999     
   137.75336841271564        64.142032574737016        5.4626309933391823       -121.78649280138312        0.0000000000000000     
   146.39339420759617        97.042774101664250       -72.443003042463488       -17.277766582897385        80.419002445756163     
   253.87776461633257       -201.32497569295461       -36.944186666984436        150.19088054982618        0.0000000000000000     

 PASSED   1.0000000000000001E-005
 MU_R    =    325.00000000000000     
 ALPHA_S =   0.11799999999999999     
 BORN                    6.2301232241730778E-012
 SINGLE POLE (MadFKS)   -5.8957048871517008E-013
 DOUBLE POLE (MadFKS)   -6.6301971461357195E-013
 SINGLE POLE (MadLoop)  -5.8957048871517564E-013
 DOUBLE POLE (MadLoop)  -6.6301971461357205E-013
 FINITE PART (MadLoop)   3.1595826400608168E-013
   325.00000000000000        0.0000000000000000        0.0000000000000000        325.00000000000000        0.0000000000000000     
   325.00000000000000        0.0000000000000000        0.0000000000000000       -325.00000000000000        0.0000000000000000     
   225.90794478410058       -167.25310753838016       -123.11294459687809       -88.886684486582183        1.7769999999999999     
   115.88009532492545       -28.428825233213189        90.952883526873080        65.936115797947110        0.0000000000000000     
   171.12591054239172        88.066372133000044        114.15056695804302        45.064658736990388        80.419002445756163     
   137.08604934858229        107.61556063859344       -81.990505888037973       -22.114090048355340        0.0000000000000000     

 PASSED   1.0000000000000001E-005
 MU_R    =    325.00000000000000     
 ALPHA_S =   0.11799999999999999     
 BORN                    2.0118667392107954E-012
 SINGLE POLE (MadFKS)   -8.6445457291933873E-014
 DOUBLE POLE (MadFKS)   -2.1410608799782257E-013
 SINGLE POLE (MadLoop)  -8.6445457292090635E-014
 DOUBLE POLE (MadLoop)  -2.1410608799776042E-013
 FINITE PART (MadLoop)  -7.1009321002875664E-014
   325.00000000000000        0.0000000000000000        0.0000000000000000        325.00000000000000        0.0000000000000000     
   325.00000000000000        0.0000000000000000        0.0000000000000000       -325.00000000000000        0.0000000000000000     
   152.68554025316161        28.906572503831793       -149.87624936365614        3.3520763958633761        1.7769999999999999     
   179.98141264446929       -54.221305798579053        129.97168841420884       -112.07461401118233        0.0000000000000000     
   142.69964866231155       -107.59889789395163       -45.363411139112415        16.143477810169760        80.419002445756163     
   174.63339844005759        132.91363118869884        65.267972088559731        92.579059805149200        0.0000000000000000     

 PASSED   1.0000000000000001E-005
 MU_R    =    325.00000000000000     
 ALPHA_S =   0.11799999999999999     
 BORN                    3.5446301408494559E-010
 SINGLE POLE (MadFKS)   -3.6303165492573135E-011
 DOUBLE POLE (MadFKS)   -3.7722522971583880E-011
 SINGLE POLE (MadLoop)  -3.6303165492572695E-011
 DOUBLE POLE (MadLoop)  -3.7722522971583492E-011
 FINITE PART (MadLoop)   8.4160593769305910E-011
   325.00000000000000        0.0000000000000000        0.0000000000000000        325.00000000000000        0.0000000000000000     
   325.00000000000000        0.0000000000000000        0.0000000000000000       -325.00000000000000        0.0000000000000000     
   32.728914272257505       -28.503539425296562       -5.3789785169366358       -15.054531901911790        1.7769999999999999     
   121.44585442214513        7.1948192316308610        31.742426417621001        117.00319866427137        0.0000000000000000     
   252.26102062829267        180.45691621053984       -153.67701792198363        31.417863206238096        80.419002445756163     
   243.56421067730474       -159.14819601687418        127.31357002129930       -133.36652996859755        0.0000000000000000     

 PASSED   1.0000000000000001E-005
 MU_R    =    325.00000000000000     
 ALPHA_S =   0.11799999999999999     
 BORN                    2.0168833894252832E-011
 SINGLE POLE (MadFKS)   -5.8612589200640121E-013
 DOUBLE POLE (MadFKS)   -2.1463996796678053E-012
 SINGLE POLE (MadLoop)  -5.8612589200593522E-013
 DOUBLE POLE (MadLoop)  -2.1463996796677790E-012
 FINITE PART (MadLoop)   4.7330079676038325E-013
   325.00000000000000        0.0000000000000000        0.0000000000000000        325.00000000000000        0.0000000000000000     
   325.00000000000000        0.0000000000000000        0.0000000000000000       -325.00000000000000        0.0000000000000000     
   157.69669871272492        64.061276061263527       -63.534746896066459       -129.32354736144265        1.7769999999999999     
   197.49240833383791        64.065546333042420        179.73541407005803       -50.931699869658623        0.0000000000000000     
   97.795583616221180       -14.034027682328773       -28.723020902783311        45.549910622268811        80.419002445756163     
   197.01530933721594       -114.09279471197718       -87.477646271208215        134.70533660883260        0.0000000000000000     

 PASSED   1.0000000000000001E-005
 MU_R    =    325.00000000000000     
 ALPHA_S =   0.11799999999999999     
 BORN                    9.3643666567076805E-011
 SINGLE POLE (MadFKS)   -5.4545959326073522E-012
 DOUBLE POLE (MadFKS)   -9.9657093204464850E-012
 SINGLE POLE (MadLoop)  -5.4545959326073570E-012
 DOUBLE POLE (MadLoop)  -9.9657093204463638E-012
 FINITE PART (MadLoop)  -1.1441628124051180E-011
   325.00000000000000        0.0000000000000000        0.0000000000000000        325.00000000000000        0.0000000000000000     
   325.00000000000000        0.0000000000000000        0.0000000000000000       -325.00000000000000        0.0000000000000000     
   79.045020887605702       -31.165841184449253        7.2020804519553412       -72.261870848679763        1.7769999999999999     
   237.38913663758441       -6.1240787927290210        200.76987847421759       -126.52096170171203        0.0000000000000000     
   187.50160991320647       -28.104981166923679       -91.457672017795574        139.76853017888510        80.419002445756163     
   146.06423256160338        65.394901144101922       -116.51428690837739        59.014302371506716        0.0000000000000000     

 PASSED   1.0000000000000001E-005
 MU_R    =    325.00000000000000     
 ALPHA_S =   0.11799999999999999     
 BORN                    1.7831908863322076E-011
 SINGLE POLE (MadFKS)    1.9271508568338751E-013
 DOUBLE POLE (MadFKS)   -1.8977003664553165E-012
 SINGLE POLE (MadLoop)   1.9271508568625290E-013
 DOUBLE POLE (MadLoop)  -1.8977003664552886E-012
 FINITE PART (MadLoop)   1.1716090052671489E-011
   325.00000000000000        0.0000000000000000        0.0000000000000000        325.00000000000000        0.0000000000000000     
   325.00000000000000        0.0000000000000000        0.0000000000000000       -325.00000000000000        0.0000000000000000     
   38.695695867301247        27.340695217313005       -15.624670248994761        22.417743291840299        1.7769999999999999     
   81.301284767768664        73.566586382217324       -33.843106089523005       -7.2457189547247580        0.0000000000000000     
   282.45116279978532       -58.549092870751878        52.683905705286300       -259.05183499876790        80.419002445756163     
   247.55185656514485       -42.358188728778480       -3.2161293667685267        243.87981066165241        0.0000000000000000     

 PASSED   1.0000000000000001E-005
 MU_R    =    325.00000000000000     
 ALPHA_S =   0.11799999999999999     
 BORN                    3.6929346672075143E-012
 SINGLE POLE (MadFKS)   -1.4511354877824058E-013
 DOUBLE POLE (MadFKS)   -3.9300803548126924E-013
 SINGLE POLE (MadLoop)  -1.4511354878456291E-013
 DOUBLE POLE (MadLoop)  -3.9300803548126893E-013
 FINITE PART (MadLoop)  -7.6469001071475365E-014
   325.00000000000000        0.0000000000000000        0.0000000000000000        325.00000000000000        0.0000000000000000     
   325.00000000000000        0.0000000000000000        0.0000000000000000       -325.00000000000000        0.0000000000000000     
   243.75049359653158       -98.381415333899582       -40.780769636635583       -219.24682744408238        1.7769999999999999     
   176.00766762770598        69.414813130248675        103.91647626715405        123.94211851528000        0.0000000000000000     
   97.099416715075222       -37.470820674021034       -35.717180955667622       -16.772040860692748        80.419002445756163     
   133.14242206068721        66.437422877671935       -27.418525674850887        112.07674978949514        0.0000000000000000     

 PASSED   1.0000000000000001E-005
 MU_R    =    325.00000000000000     
 ALPHA_S =   0.11799999999999999     
 BORN                    3.7717354227134505E-009
 SINGLE POLE (MadFKS)   -9.6031892492571579E-010
 DOUBLE POLE (MadFKS)   -4.0139413837954928E-010
 SINGLE POLE (MadLoop)  -9.6031892492572096E-010
 DOUBLE POLE (MadLoop)  -4.0139413837954262E-010
 FINITE PART (MadLoop)   3.2836472555423629E-010
   325.00000000000000        0.0000000000000000        0.0000000000000000        325.00000000000000        0.0000000000000000     
   325.00000000000000        0.0000000000000000        0.0000000000000000       -325.00000000000000        0.0000000000000000     
   161.40672879562618       -9.9794115045056007       -37.931589780311057        156.55855203171365        1.7769999999999999     
   80.204935393813628        64.001584432830597       0.57293745984660738        48.335293464301827        0.0000000000000000     
   118.16129364611768        12.584137644150351        36.292013076673555        77.584822151946355        80.419002445756163     
   290.22704216444248       -66.606310572475294        1.0666392437909116       -282.47866764796174        0.0000000000000000     

 PASSED   1.0000000000000001E-005
 MU_R    =    325.00000000000000     
 ALPHA_S =   0.11799999999999999     
 BORN                    8.6626884457993765E-012
 SINGLE POLE (MadFKS)   -5.0236662803956218E-013
 DOUBLE POLE (MadFKS)   -9.2189721044924068E-013
 SINGLE POLE (MadLoop)  -5.0236662803951492E-013
 DOUBLE POLE (MadLoop)  -9.2189721044924311E-013
 FINITE PART (MadLoop)   1.8220585068926813E-013
   325.00000000000000        0.0000000000000000        0.0000000000000000        325.00000000000000        0.0000000000000000     
   325.00000000000000        0.0000000000000000        0.0000000000000000       -325.00000000000000        0.0000000000000000     
   267.86619680899275        142.27784516654643        94.325577340433099       -206.41909286224526        1.7769999999999999     
   120.77034706368160        15.120600313766047       -62.400848087302066        102.28870091079899        0.0000000000000000     
   108.65256405755966       -16.688174835243132       -52.171160960008287        48.351199640389858        80.419002445756163     
   152.71089206976606       -140.71027064506933        20.246431706877253        55.779192311056413        0.0000000000000000     

 PASSED   1.0000000000000001E-005
 MU_R    =    325.00000000000000     
 ALPHA_S =   0.11799999999999999     
 BORN                    4.5181137075616925E-011
 SINGLE POLE (MadFKS)   -1.4717506545361335E-012
 DOUBLE POLE (MadFKS)   -4.8082491359981495E-012
 SINGLE POLE (MadLoop)  -1.4717506545363874E-012
 DOUBLE POLE (MadLoop)  -4.8082491359981512E-012
 FINITE PART (MadLoop)  -5.7137536892026944E-012
   325.00000000000000        0.0000000000000000        0.0000000000000000        325.00000000000000        0.0000000000000000     
   325.00000000000000        0.0000000000000000        0.0000000000000000       -325.00000000000000        0.0000000000000000     
   185.90309740024867        185.34739023669454       -8.0388388494171803        11.769702477375006        1.7769999999999999     
   21.768675575844945       -7.7187330734648958       -5.0053786406064749       -19.729231630531082        0.0000000000000000     
   279.73128481686018       -227.85956538827321       -72.705696697483731       -120.73224871475551        80.419002445756163     
   162.59694220704617        50.230908225043592        85.749914187507329        128.69177786791158        0.0000000000000000     

 PASSED   1.0000000000000001E-005
 MU_R    =    325.00000000000000     
 ALPHA_S =   0.11799999999999999     
 BORN                    1.6379092802752000E-011
 SINGLE POLE (MadFKS)   -1.9338406663745711E-012
 DOUBLE POLE (MadFKS)   -1.7430893491117490E-012
 SINGLE POLE (MadLoop)  -1.9338406663745977E-012
 DOUBLE POLE (MadLoop)  -1.7430893491117421E-012
 FINITE PART (MadLoop)  -3.7458471106905600E-012
   325.00000000000000        0.0000000000000000        0.0000000000000000        325.00000000000000        0.0000000000000000     
   325.00000000000000        0.0000000000000000        0.0000000000000000       -325.00000000000000        0.0000000000000000     
   52.361478969879855        33.396079732624997       -14.232800750067707        37.692121089349641        1.7769999999999999     
   293.01480514178388       -239.31725728093792       -142.24321726081681       -91.388147716752570        0.0000000000000000     
   251.38353125697344        209.80042083649602        104.75845951699721        41.664282176824223        80.419002445756163     
   53.240184631362816       -3.8792432881830954        51.717558493887303        12.031744450578726        0.0000000000000000     

 PASSED   1.0000000000000001E-005
 MU_R    =    325.00000000000000     
 ALPHA_S =   0.11799999999999999     
 BORN                    5.9999167199119851E-011
 SINGLE POLE (MadFKS)   -6.4546258171954620E-012
 DOUBLE POLE (MadFKS)   -6.3852076888402958E-012
 SINGLE POLE (MadLoop)  -6.4546258171950920E-012
 DOUBLE POLE (MadLoop)  -6.3852076888397756E-012
 FINITE PART (MadLoop)   2.6508093899521625E-012
   325.00000000000000        0.0000000000000000        0.0000000000000000        325.00000000000000        0.0000000000000000     
   325.00000000000000        0.0000000000000000        0.0000000000000000       -325.00000000000000        0.0000000000000000     
   280.17393058720660       -178.63780582796272       -215.82494864573206       -1.5490392903431420        1.7769999999999999     
   42.422861381703740       -2.0087174921976158E-002  -9.1740475348244406        41.419024809203748        0.0000000000000000     
   180.16388144212542        66.270763264527929        146.33717339596063        13.617115727610656        80.419002445756163     
   147.23932658896425        112.38712973835679        78.661822784595898       -53.487101246471305        0.0000000000000000     

 PASSED   1.0000000000000001E-005
 MU_R    =    325.00000000000000     
 ALPHA_S =   0.11799999999999999     
 BORN                    1.9496388586870503E-009
 SINGLE POLE (MadFKS)   -1.1563205686269303E-010
 DOUBLE POLE (MadFKS)   -2.0748369705926501E-010
 SINGLE POLE (MadLoop)  -1.1563205686269841E-010
 DOUBLE POLE (MadLoop)  -2.0748369705927881E-010
 FINITE PART (MadLoop)  -5.2331604791550632E-011
   325.00000000000000        0.0000000000000000        0.0000000000000000        325.00000000000000        0.0000000000000000     
   325.00000000000000        0.0000000000000000        0.0000000000000000       -325.00000000000000        0.0000000000000000     
   241.10241399113102        188.82284795263578       -2.1018862729122336       -149.89573198894703        1.7769999999999999     
   60.941265579515303        34.244211474018925       -41.302329070277260       -28.901374436628711        0.0000000000000000     
   177.68976428535862       -72.495030555833253       -25.187688266259340        138.62354519318257        80.419002445756163     
   170.26655614399513       -150.57202887082144        68.591903609448977        40.173561232393105        0.0000000000000000     

 PASSED   1.0000000000000001E-005
 MU_R    =    325.00000000000000     
 ALPHA_S =   0.11799999999999999     
 BORN                    3.1680886152967058E-012
 SINGLE POLE (MadFKS)   -3.0809149973082906E-013
 DOUBLE POLE (MadFKS)   -3.3715307611164107E-013
 SINGLE POLE (MadLoop)  -3.0809149973082865E-013
 DOUBLE POLE (MadLoop)  -3.3715307611164051E-013
 FINITE PART (MadLoop)   3.3642284873426389E-013
   325.00000000000000        0.0000000000000000        0.0000000000000000        325.00000000000000        0.0000000000000000     
   325.00000000000000        0.0000000000000000        0.0000000000000000       -325.00000000000000        0.0000000000000000     
   205.83173346933793        21.273196574143892       -203.31398036189822       -23.967087242968578        1.7769999999999999     
   125.76055357989603       -34.782285265543003        117.93660890495126        26.398214872011042        0.0000000000000000     
   199.82872299223615       -70.044062967301571        168.75967874562286        8.8488785190107340        80.419002445756163     
   118.57898995852990        83.553151658700742       -83.382307288675904       -11.280006148053289        0.0000000000000000     

 PASSED   1.0000000000000001E-005
 MU_R    =    325.00000000000000     
 ALPHA_S =   0.11799999999999999     
 BORN                    2.1509555764793259E-012
 SINGLE POLE (MadFKS)   -1.2077794176372750E-013
 DOUBLE POLE (MadFKS)   -2.2890814533657686E-013
 SINGLE POLE (MadLoop)  -1.2077794176377230E-013
 DOUBLE POLE (MadLoop)  -2.2890814533657656E-013
 FINITE PART (MadLoop)   3.9117583018653489E-013
   325.00000000000000        0.0000000000000000        0.0000000000000000        325.00000000000000        0.0000000000000000     
   325.00000000000000        0.0000000000000000        0.0000000000000000       -325.00000000000000        0.0000000000000000     
   224.21135420133223        143.61775304284055        168.27507435026993       -36.400741573930347        1.7769999999999999     
   160.93728737082267       -56.992488946458501       -145.89444085932550        36.979437479649924        0.0000000000000000     
Thanks for using LHAPDF 6.2.1. Please make sure to cite the paper:
  Eur.Phys.J. C75 (2015) 3, 132  (http://arxiv.org/abs/1412.7420)
   140.44853285865537       -50.981402152729672        69.987487062273985       -75.902718772307068        80.419002445756163     
   124.40282556918966       -35.643861943652368       -92.368120553218390        75.324022866587484        0.0000000000000000     

 PASSED   1.0000000000000001E-005
 MU_R    =    325.00000000000000     
 ALPHA_S =   0.11799999999999999     
 BORN                    4.7921773309846687E-011
 SINGLE POLE (MadFKS)   -5.9134477536729989E-012
 DOUBLE POLE (MadFKS)   -5.0999120435355550E-012
 SINGLE POLE (MadLoop)  -5.9134477536730110E-012
 DOUBLE POLE (MadLoop)  -5.0999120435355688E-012
 FINITE PART (MadLoop)   1.2782855971062851E-011
   325.00000000000000        0.0000000000000000        0.0000000000000000        325.00000000000000        0.0000000000000000     
   325.00000000000000        0.0000000000000000        0.0000000000000000       -325.00000000000000        0.0000000000000000     
   198.08225853197339        29.394750871898683        99.442241739570818        168.76199985516675        1.7769999999999999     
   107.12709398916273        27.519665522124143       -93.981697569386057        43.431817807798119        0.0000000000000000     
   202.77982805903198       -12.643783927368240       -120.35881088393745       -141.44374883282271        80.419002445756163     
   142.01081941983190       -44.270632466654590        114.89826671375266       -70.750068830142155        0.0000000000000000     

 NUMBER OF POINTS PASSING THE CHECK          20
 NUMBER OF POINTS FAILING THE CHECK           0
 TOLERANCE    1.0000000000000001E-005
