==== LHAPDF6 USING DEFAULT-TYPE LHAGLUE INTERFACE ====
LHAPDF 6.2.1 loading /cvmfs/cms.cern.ch/slc7_amd64_gcc700/external/lhapdf/6.2.1-pafccj3/share/LHAPDF/NNPDF31_nnlo_as_0118_nf_4_mc_hessian/NNPDF31_nnlo_as_0118_nf_4_mc_hessian_0000.dat
NNPDF31_nnlo_as_0118_nf_4_mc_hessian PDF set, member #0, version 1; LHAPDF ID = 325500
 A PDF is used, so alpha_s(MZ) is going to be modified
 Old value of alpha_s from param_card:   0.11799999999999999     
 New value of alpha_s from PDF lhapdf :  0.11266013434007299     
 *****************************************************
 *               MadGraph/MadEvent                   *
 *        --------------------------------           *
 *          http://madgraph.hep.uiuc.edu             *
 *          http://madgraph.phys.ucl.ac.be           *
 *          http://madgraph.roma2.infn.it            *
 *        --------------------------------           *
 *                                                   *
 *          PARAMETER AND COUPLING VALUES            *
 *                                                   *
 *****************************************************

  External Params
  ---------------------------------
  
 MU_R =    91.188000000000002     
 aEWM1 =    132.50700000000001     
 mdl_Gf =    1.1663900000000000E-005
 aS =   0.11799999999999999     
 mdl_ymb =    4.7000000000000002     
 mdl_ymt =    173.00000000000000     
 mdl_ymtau =    1.7769999999999999     
 mdl_MT =    173.00000000000000     
 mdl_MB =    4.7000000000000002     
 mdl_MZ =    91.188000000000002     
 mdl_MH =    125.00000000000000     
 mdl_MTA =    1.7769999999999999     
 mdl_WT =    1.4915000000000000     
 mdl_WZ =    2.4414039999999999     
 mdl_WW =    2.0476000000000001     
 mdl_WH =    6.3823389999999999E-003
  Internal Params
  ---------------------------------
  
 mdl_conjg__CKM3x3 =    1.0000000000000000     
 mdl_CKM22 =    1.0000000000000000     
 mdl_lhv =    1.0000000000000000     
 mdl_CKM3x3 =    1.0000000000000000     
 mdl_conjg__CKM22 =    1.0000000000000000     
 mdl_conjg__CKM33 =    1.0000000000000000     
 mdl_Ncol =    3.0000000000000000     
 mdl_CA =    3.0000000000000000     
 mdl_TF =   0.50000000000000000     
 mdl_CF =    1.3333333333333333     
 mdl_complexi =                (0.0000000000000000,1.0000000000000000)
 mdl_MZ__exp__2 =    8315.2513440000002     
 mdl_MZ__exp__4 =    69143404.913893804     
 mdl_sqrt__2 =    1.4142135623730951     
 mdl_MH__exp__2 =    15625.000000000000     
 mdl_Ncol__exp__2 =    9.0000000000000000     
 mdl_MB__exp__2 =    22.090000000000003     
 mdl_MT__exp__2 =    29929.000000000000     
 mdl_aEW =    7.5467711139788835E-003
 mdl_MW =    80.419002445756163     
 mdl_sqrt__aEW =    8.6872153846781555E-002
 mdl_ee =   0.30795376724436879     
 mdl_MW__exp__2 =    6467.2159543705357     
 mdl_sw2 =   0.22224648578577766     
 mdl_cw =   0.88190334743339216     
 mdl_sqrt__sw2 =   0.47143025548407230     
 mdl_sw =   0.47143025548407230     
 mdl_g1 =   0.34919219678733299     
 mdl_gw =   0.65323293034757990     
 mdl_v =    246.21845810181637     
 mdl_v__exp__2 =    60623.529110035903     
 mdl_lam =   0.12886910601690263     
 mdl_yb =    2.6995554250465490E-002
 mdl_yt =   0.99366614581500623     
 mdl_ytau =    1.0206617000654717E-002
 mdl_muH =    88.388347648318430     
 mdl_AxialZUp =  -0.18517701861793787     
 mdl_AxialZDown =   0.18517701861793787     
 mdl_VectorZUp =    7.5430507588273299E-002
 mdl_VectorZDown =  -0.13030376310310560     
 mdl_VectorAUp =   0.20530251149624587     
 mdl_VectorADown =  -0.10265125574812294     
 mdl_VectorWmDxU =   0.23095271737156670     
 mdl_AxialWmDxU =  -0.23095271737156670     
 mdl_VectorWpUxD =   0.23095271737156670     
 mdl_AxialWpUxD =  -0.23095271737156670     
 mdl_I1x33 =          (2.69955542504654901E-002,0.0000000000000000)
 mdl_I2x33 =               (0.99366614581500623,0.0000000000000000)
 mdl_I3x33 =               (0.99366614581500623,0.0000000000000000)
 mdl_I4x33 =          (2.69955542504654901E-002,0.0000000000000000)
 mdl_Vector_tbGp =              (-0.96667059156454072,0.0000000000000000)
 mdl_Axial_tbGp =              (-1.0206617000654716,-0.0000000000000000)
 mdl_Vector_tbGm =               (0.96667059156454072,0.0000000000000000)
 mdl_Axial_tbGm =              (-1.0206617000654716,-0.0000000000000000)
 mdl_gw__exp__2 =   0.42671326129048615     
 mdl_cw__exp__2 =   0.77775351421422245     
 mdl_ee__exp__2 =    9.4835522759998875E-002
 mdl_sw__exp__2 =   0.22224648578577769     
 mdl_yb__exp__2 =    7.2875994928982540E-004
 mdl_yt__exp__2 =   0.98737240933884918     
  Internal Params evaluated point by point
  ----------------------------------------
  
 mdl_sqrt__aS =   0.34351128074635334     
 mdl_G__exp__4 =    2.1987899468922913     
 mdl_G__exp__2 =    1.4828317324943823     
 mdl_R2MixedFactor_FIN_ =   -2.5040377713124864E-002
 mdl_G_UVg_1EPS_ =   -5.1645779033320030E-002
 mdl_G_UVq_1EPS_ =    3.1300472141406080E-003
 mdl_GWcft_UV_b_1EPS_ =   -3.1300472141406080E-003
 mdl_GWcft_UV_t_1EPS_ =   -3.1300472141406080E-003
 mdl_bWcft_UV_1EPS_ =   -1.8780283284843650E-002
 mdl_tWcft_UV_1EPS_ =   -1.8780283284843650E-002
 mdl_G__exp__3 =    1.8056676068262196     
 mdl_MU_R__exp__2 =    8315.2513440000002     
 mdl_G_UVb_FIN_ =    1.8563438626678915E-002
 mdl_G_UVt_FIN_ =   -4.0087659331150384E-003
 mdl_GWcft_UV_b_FIN_ =   -1.8563438626678915E-002
 mdl_GWcft_UV_t_FIN_ =    4.0087659331150384E-003
 mdl_bWcft_UV_FIN_ =  -0.13642100947319838     
 mdl_tWcft_UV_FIN_ =   -9.8778211443463623E-004
  Couplings of loop_sm
  ---------------------------------
  
      UV_GQQb =   0.00000E+00   0.22605E-01
      UV_GQQt =   0.00000E+00  -0.48815E-02
   UVWfct_G_2 =   0.40088E-02   0.00000E+00
   UVWfct_G_1 =  -0.18563E-01   0.00000E+00
       R2_DDA =   0.00000E+00   0.25704E-02
       R2_UUA =  -0.00000E+00  -0.51409E-02
    R2_UUZ_V2 =  -0.00000E+00  -0.72127E-02
    R2_UUZ_V5 =   0.00000E+00   0.68702E-03
      R2_sxcW =  -0.00000E+00  -0.11566E-01
      R2_GGHb =   0.00000E+00  -0.33698E-02
      R2_GGHt =   0.00000E+00  -0.45657E+01
     R2_GGZup =  -0.46369E-02   0.00000E+00
    R2_GGWWcs =   0.00000E+00   0.13356E-02
         GC_4 =  -0.12177E+01   0.00000E+00
         GC_5 =   0.00000E+00   0.12177E+01
       R2_GQQ =  -0.00000E+00  -0.30492E-01
       R2_QQq =   0.00000E+00   0.12520E-01
 UV_GQQg_1eps =   0.00000E+00  -0.62890E-01
 UV_GQQq_1eps =   0.00000E+00   0.38115E-02
 UVWfct_G_2_1eps -0.31300E-02   0.00000E+00
         GC_1 =  -0.00000E+00  -0.10265E+00
         GC_2 =   0.00000E+00   0.20530E+00
         GC_7 =   0.00000E+00   0.57609E+00
        GC_22 =   0.00000E+00   0.28804E+00
        GC_23 =  -0.00000E+00  -0.27437E-01
        GC_24 =   0.00000E+00   0.82310E-01
        GC_25 =   0.00000E+00   0.30795E+00
        GC_28 =   0.00000E+00   0.37035E+00
        GC_31 =   0.00000E+00   0.52532E+02
        GC_33 =  -0.00000E+00  -0.19089E-01
        GC_37 =  -0.00000E+00  -0.70263E+00
        GC_38 =  -0.00000E+00  -0.72172E-02
        GC_47 =   0.00000E+00   0.46191E+00

 Collider parameters:
 --------------------

 Running at P P   machine @    13000.000000000000       GeV
 PDF set = lhapdf 
 alpha_s(Mz)= 0.1127 running at 3 loops.
 alpha_s(Mz)= 0.1127 running at 3 loops.
 Renormalization scale set on event-by-event basis
 Factorization   scale set on event-by-event basis


 ===============================================================
 INFO: MadFKS read these parameters from FKS_params.dat
 ===============================================================
  > IRPoleCheckThreshold      =    1.0000000000000001E-005
  > PrecisionVirtualAtRunTime =    1.0000000000000000E-003
  > NHelForMCoverHels         =            4
  > VirtualFraction           =    1.0000000000000000     
  > MinVirtualFraction        =    5.0000000000000001E-003
 ===============================================================
  Insert the number of points to test
 Insert the relative tolerance
  A negative number will mean use the default one:    1.0000000000000001E-005
Using random seed offsets:     1 ,     62 ,      0
  with seed                   32
 Ranmar initialization seeds       10730        9468
  ========================================================================================== 
 {                                                                                          }
 {       [32m                                                                            [0m       }
 {       [32m                               ,,                                           [0m       }
 {       [32m`7MMM.     ,MMF'             `7MM  `7MMF'                                   [0m       }
 {       [32m  MMMb    dPMM                 MM    MM                                     [0m       }
 {       [32m  M YM   ,M MM   ,6"Yb.   ,M""bMM    MM         ,pW"Wq.   ,pW"Wq.`7MMpdMAo. [0m       }
 {       [32m  M  Mb  M' MM  8)   MM ,AP    MM    MM        6W'   `Wb 6W'   `Wb MM   `Wb [0m       }
 {       [32m  M  YM.P'  MM   ,pm9MM 8MI    MM    MM      , 8M     M8 8M     M8 MM    M8 [0m       }
 {       [32m  M  `YM'   MM  8M   MM `Mb    MM    MM     ,M YA.   ,A9 YA.   ,A9 MM   ,AP [0m       }
 {       [32m.JML. `'  .JMML.`Moo9^Yo.`Wbmd"MML..JMMmmmmMMM  `Ybmd9'   `Ybmd9'  MMbmmd'  [0m       }
 {       [32m                                                                   MM       [0m       }
 {       [32m                                                                 .JMML.     [0m       }
 {       [32m[0mv2.6.5 (2018-02-03), Ref: arXiv:1103.0621v2, arXiv:1405.0301[32m                [0m       }
 {       [32m                                                                            [0m       }
 {                                                                                          }
  ========================================================================================== 
 ===============================================================
 INFO: MadLoop read these parameters from ./MadLoop5_resources/MadLoopParams.dat                                                                                                                                                                                                                                                                                                                                                                                                                                                                                          
 ===============================================================
  > MLReductionLib            = 6|7|1
  > CTModeRun                 =           -1
  > MLStabThres               =    1.0000000000000000E-003
  > NRotations_DP             =            0
  > NRotations_QP             =            0
  > CTStabThres               =    1.0000000000000000E-002
  > CTLoopLibrary             =            2
  > CTModeInit                =            1
  > CheckCycle                =            3
  > MaxAttempts               =           10
  > UseLoopFilter             =  F
  > HelicityFilterLevel       =            2
  > ImprovePSPoint            =            2
  > DoubleCheckHelicityFilter =  T
  > LoopInitStartOver         =  F
  > HelInitStartOver          =  F
  > ZeroThres                 =    1.0000000000000001E-009
  > OSThres                   =    1.0000000000000000E-008
  > WriteOutFilters           =  T
  > UseQPIntegrandForNinja    =  T
  > UseQPIntegrandForCutTools =  T
  > IREGIMODE                 =            2
  > IREGIRECY                 =  T
  > COLLIERMode               =            1
  > COLLIERRequiredAccuracy   =    1.0000000000000000E-008
  > COLLIERCanOutput          =  F
  > COLLIERComputeUVpoles     =  T
  > COLLIERComputeIRpoles     =  T
  > COLLIERGlobalCache        =           -1
  > COLLIERUseCacheForPoles   =  F
  > COLLIERUseInternalStabilityTest =  T
 ===============================================================
  
------------------------------------------------------------------------
|              You are using CutTools - Version 1.9.3                  |
|              Authors: G. Ossola, C. Papadopoulos, R. Pittau          |
|              Published in JHEP 0803:042,2008                         |
|              http://www.ugr.es/~pittau/CutTools                      |
|                                                                      |
|              Compiler with  34  significant digits detetected        |
 ---------------------------------------------------------------------- 
   
########################################################################
#                                                                      #

  +----------------------------------------------------------------+
  |                                                                |
  |  Ninja - version 1.1.0                                         |
  |                                                                |
  |  Author: Tiziano Peraro                                        |
  |                                                                |
  |  Based on:                                                     |
  |                                                                |
  |      P. Mastrolia, E. Mirabella and T. Peraro,                 |
  |      "Integrand reduction of one-loop scattering amplitudes    |
  |      through Laurent series expansion,"                        |
  |      JHEP 1206 (2012) 095  [arXiv:1203.0291 [hep-ph]].         |
  |                                                                |
  |      T. Peraro,                                                |
  |      "Ninja: Automated Integrand Reduction via Laurent         |
  |      Expansion for One-Loop Amplitudes,"                       |
  |      Comput.Phys.Commun. 185 (2014) [arXiv:1403.1229 [hep-ph]] |
  |                                                                |
  +----------------------------------------------------------------+


#                      You are using OneLOop-3.6                       #
#                                                                      #
# for the evaluation of 1-loop scalar 1-, 2-, 3- and 4-point functions #
#                                                                      #
# author: Andreas van Hameren <hamerenREMOVETHIS@ifj.edu.pl>           #
#   date: 18-02-2015                                                   #
#                                                                      #
# Please cite                                                          #
#    A. van Hameren,                                                   #
#      Comput.Phys.Commun. 182 (2011) 2427-2438, arXiv:1007.4716       #
#    A. van Hameren, C.G. Papadopoulos and R. Pittau,                  #
#      JHEP 0909:106,2009, arXiv:0903.4665                             #
# in publications with results obtained with the help of this program. #
#                                                                      #
########################################################################
########################################################################
#                                                                      #
#                      You are using OneLOop-3.6                       #
#                                                                      #
# for the evaluation of 1-loop scalar 1-, 2-, 3- and 4-point functions #
#                                                                      #
# author: Andreas van Hameren <hamerenREMOVETHIS@ifj.edu.pl>           #
#   date: 18-02-2015                                                   #
#                                                                      #
# Please cite                                                          #
#    A. van Hameren,                                                   #
#      Comput.Phys.Commun. 182 (2011) 2427-2438, arXiv:1007.4716       #
#    A. van Hameren, C.G. Papadopoulos and R. Pittau,                  #
#      JHEP 0909:106,2009, arXiv:0903.4665                             #
# in publications with results obtained with the help of this program. #
#                                                                      #
########################################################################
 PASSED   1.0000000000000001E-005
 MU_R    =    325.00000000000000     
 ALPHA_S =   0.11799999999999999     
 BORN                    5.1990345955586796E-012
 SINGLE POLE (MadFKS)   -3.8279605634452789E-013
 DOUBLE POLE (MadFKS)   -5.5328960756966896E-013
 SINGLE POLE (MadLoop)  -3.8279605634453557E-013
 DOUBLE POLE (MadLoop)  -5.5328960756966805E-013
 FINITE PART (MadLoop)   1.0197702238371716E-012
   325.00000000000000        0.0000000000000000        0.0000000000000000        325.00000000000000        0.0000000000000000     
   325.00000000000000        0.0000000000000000        0.0000000000000000       -325.00000000000000        0.0000000000000000     
   132.82346417965675        82.443799478623333        15.011481293269835        103.03683935658604        1.7769999999999999     
   136.76797577825420        74.041806314118446        75.240980668971289       -86.960249218796434        0.0000000000000000     
   269.67020557005691       -160.46437014387584       -192.86664060834516       -57.519115714750342        80.419002445756163     
   110.73835447203216        3.9787643511340240        102.61417864610398        41.442525576960755        0.0000000000000000     

 PASSED   1.0000000000000001E-005
 MU_R    =    325.00000000000000     
 ALPHA_S =   0.11799999999999999     
 BORN                    8.4345722866215530E-013
 SINGLE POLE (MadFKS)   -6.1355395454513197E-014
 DOUBLE POLE (MadFKS)   -8.9762072259905050E-014
 SINGLE POLE (MadLoop)  -6.1355395454509183E-014
 DOUBLE POLE (MadLoop)  -8.9762072259905100E-014
 FINITE PART (MadLoop)   1.2245818048954357E-013
   325.00000000000000        0.0000000000000000        0.0000000000000000        325.00000000000000        0.0000000000000000     
   325.00000000000000        0.0000000000000000        0.0000000000000000       -325.00000000000000        0.0000000000000000     
   149.30646219288019        10.638360479747858        50.869405672209702        139.95853234588117        1.7769999999999999     
   172.26758573973424        15.902961764741274       -131.83487233713663       -109.73961608989141        0.0000000000000000     
   208.82211770900898        33.680154923500062        177.11942091782649       -68.072158685967281        80.419002445756163     
   119.60383435837662       -60.221477167989264       -96.153954252899467        37.853242429977620        0.0000000000000000     

 PASSED   1.0000000000000001E-005
 MU_R    =    325.00000000000000     
 ALPHA_S =   0.11799999999999999     
 BORN                    3.3231313333118821E-012
 SINGLE POLE (MadFKS)   -1.1057138837949966E-013
 DOUBLE POLE (MadFKS)   -3.5365297104991153E-013
 SINGLE POLE (MadLoop)  -1.1057138647341518E-013
 DOUBLE POLE (MadLoop)  -3.5365297105544194E-013
 FINITE PART (MadLoop)   6.5722491972916981E-013
   325.00000000000000        0.0000000000000000        0.0000000000000000        325.00000000000000        0.0000000000000000     
   325.00000000000000        0.0000000000000000        0.0000000000000000       -325.00000000000000        0.0000000000000000     
   209.53567988044631        39.319137052418384        204.66858950865651        21.605956214688291        1.7769999999999999     
   222.48935322060558       -69.135989214786775       -157.04879165366884       -141.62416577667372        0.0000000000000000     
   80.608579180087730       -1.1427991869301521        4.2347161339578818       -3.3598024264955888        80.419002445756163     
   137.36638771886535        30.959651349298525       -51.854513988945513        123.37801198848103        0.0000000000000000     

 PASSED   1.0000000000000001E-005
 MU_R    =    325.00000000000000     
 ALPHA_S =   0.11799999999999999     
 BORN                    6.6456507051641807E-012
 SINGLE POLE (MadFKS)   -2.9661309107089609E-013
 DOUBLE POLE (MadFKS)   -7.0724081617892423E-013
 SINGLE POLE (MadLoop)  -2.9661309107093805E-013
 DOUBLE POLE (MadLoop)  -7.0724081617893201E-013
 FINITE PART (MadLoop)   2.0493796542091507E-012
   325.00000000000000        0.0000000000000000        0.0000000000000000        325.00000000000000        0.0000000000000000     
   325.00000000000000        0.0000000000000000        0.0000000000000000       -325.00000000000000        0.0000000000000000     
   92.064853923932461       -4.3967403188329399        91.877996231209607       -3.4470396199600799        1.7769999999999999     
   113.91724073931610       -87.706250002829762       -66.726220052674279       -28.850701994622419        0.0000000000000000     
   256.97554097159127        226.49964320815153        77.324891129207003       -47.832891839273692        80.419002445756163     
   187.04236436516015       -134.39665288648885       -102.47666730774232        80.130633453856305        0.0000000000000000     

 PASSED   1.0000000000000001E-005
 MU_R    =    325.00000000000000     
 ALPHA_S =   0.11799999999999999     
 BORN                    8.6539514366755039E-011
 SINGLE POLE (MadFKS)   -1.0395456490630443E-011
 DOUBLE POLE (MadFKS)   -9.2096740391292528E-012
 SINGLE POLE (MadLoop)  -1.0395456490630834E-011
 DOUBLE POLE (MadLoop)  -9.2096740391291477E-012
 FINITE PART (MadLoop)   2.7924222087686450E-011
   325.00000000000000        0.0000000000000000        0.0000000000000000        325.00000000000000        0.0000000000000000     
   325.00000000000000        0.0000000000000000        0.0000000000000000       -325.00000000000000        0.0000000000000000     
   80.915474601208359        59.808571477563156        48.888226302175454        24.021498866209299        1.7769999999999999     
   228.09912976032439       -152.50111467338931        75.514765195095961       -151.88858830840650        0.0000000000000000     
   206.89776522958294        26.807965957500976       -23.827633940072541        187.22458739349509        80.419002445756163     
   134.08763040888434        65.884577238325221       -100.57535755719886       -59.357497951297887        0.0000000000000000     

 PASSED   1.0000000000000001E-005
 MU_R    =    325.00000000000000     
 ALPHA_S =   0.11799999999999999     
 BORN                    1.1813918051146840E-011
 SINGLE POLE (MadFKS)   -9.0281403613147065E-013
 DOUBLE POLE (MadFKS)   -1.2572561236586386E-012
 SINGLE POLE (MadLoop)  -9.0281403613151326E-013
 DOUBLE POLE (MadLoop)  -1.2572561236586394E-012
 FINITE PART (MadLoop)  -5.2768226445819129E-013
   325.00000000000000        0.0000000000000000        0.0000000000000000        325.00000000000000        0.0000000000000000     
   325.00000000000000        0.0000000000000000        0.0000000000000000       -325.00000000000000        0.0000000000000000     
   96.595900326865006        66.696319413400616       -50.429395305047862        48.333086978078441        1.7769999999999999     
   219.96269252115738        180.89720547176580        103.25087590683394        70.703916285694831        0.0000000000000000     
   168.83324255895582       -94.376498455075904        7.1664798294380425       -114.36418121428582        80.419002445756163     
   164.60816459302174       -153.21702643009050       -59.987960431224110       -4.6728220494874275        0.0000000000000000     

 PASSED   1.0000000000000001E-005
 MU_R    =    325.00000000000000     
 ALPHA_S =   0.11799999999999999     
 BORN                    2.6835400175798245E-012
 SINGLE POLE (MadFKS)   -9.2413815633383144E-014
 DOUBLE POLE (MadFKS)   -2.8558663650605932E-013
 SINGLE POLE (MadLoop)  -9.2413815633380670E-014
 DOUBLE POLE (MadLoop)  -2.8558663650605917E-013
 FINITE PART (MadLoop)  -1.9566698699094631E-013
   325.00000000000000        0.0000000000000000        0.0000000000000000        325.00000000000000        0.0000000000000000     
   325.00000000000000        0.0000000000000000        0.0000000000000000       -325.00000000000000        0.0000000000000000     
   94.119965987981431        44.419241362958317        71.309228531030627        42.394990171331415        1.7769999999999999     
   240.72251140392376        13.842005481462028       -209.58348378931339       -117.60310244036080        0.0000000000000000     
   143.62016708181721        54.033753283314319        95.013605647729520       -47.035143097201527        80.419002445756163     
   171.53735552627748       -112.29500012773468        43.260649610553259        122.24325536623088        0.0000000000000000     

 PASSED   1.0000000000000001E-005
 MU_R    =    325.00000000000000     
 ALPHA_S =   0.11799999999999999     
 BORN                    4.3088466658037619E-011
 SINGLE POLE (MadFKS)   -2.3115155605844756E-012
 DOUBLE POLE (MadFKS)   -4.5855437908357581E-012
 SINGLE POLE (MadLoop)  -2.3115155605845814E-012
 DOUBLE POLE (MadLoop)  -4.5855437908357888E-012
 FINITE PART (MadLoop)   6.2600514183016346E-012
   325.00000000000000        0.0000000000000000        0.0000000000000000        325.00000000000000        0.0000000000000000     
   325.00000000000000        0.0000000000000000        0.0000000000000000       -325.00000000000000        0.0000000000000000     
   181.51371421547759        30.430121185012865       -159.13805818963598       -81.811716028913153        1.7769999999999999     
   120.91467453241167       -109.23212375681069       -51.794939102031783       -2.4466181297150769        0.0000000000000000     
   121.77546227603064        62.803368731444593       -13.478115827244769        65.085517036434425        80.419002445756163     
   225.79614897608008        15.998633840353071        224.41111311891254        19.172817122193798        0.0000000000000000     

 PASSED   1.0000000000000001E-005
 MU_R    =    325.00000000000000     
 ALPHA_S =   0.11799999999999999     
 BORN                    8.9079979909987995E-010
 SINGLE POLE (MadFKS)   -2.4821881417182702E-010
 DOUBLE POLE (MadFKS)   -9.4800344604006136E-011
 SINGLE POLE (MadLoop)  -2.4821881417179068E-010
 DOUBLE POLE (MadLoop)  -9.4800344604027074E-011
 FINITE PART (MadLoop)  -1.9232011519675815E-010
   325.00000000000000        0.0000000000000000        0.0000000000000000        325.00000000000000        0.0000000000000000     
   325.00000000000000        0.0000000000000000        0.0000000000000000       -325.00000000000000        0.0000000000000000     
   129.95229961495082        35.383108412396247       -124.33313661311999        13.181396937874368        1.7769999999999999     
   86.653057604457246        34.175936759074233       -67.271393814559431       -42.606540731296192        0.0000000000000000     
   297.26308870991267       -93.692124592585117        217.32026087008450        160.90934702394682        80.419002445756163     
   136.13155407067919        24.133079421114576       -25.715730442405171       -131.48420323052497        0.0000000000000000     

 PASSED   1.0000000000000001E-005
 MU_R    =    325.00000000000000     
 ALPHA_S =   0.11799999999999999     
 BORN                    1.5099644704651270E-012
 SINGLE POLE (MadFKS)   -6.1855686297242759E-014
 DOUBLE POLE (MadFKS)   -1.6069284286384275E-013
 SINGLE POLE (MadLoop)  -6.1855686297151996E-014
 DOUBLE POLE (MadLoop)  -1.6069284286382571E-013
 FINITE PART (MadLoop)   1.3549081407673481E-013
   325.00000000000000        0.0000000000000000        0.0000000000000000        325.00000000000000        0.0000000000000000     
   325.00000000000000        0.0000000000000000        0.0000000000000000       -325.00000000000000        0.0000000000000000     
   161.20576092767456        154.20543808772175        2.1391372508056925       -46.906786111037292        1.7769999999999999     
   175.21169494767426       -94.664590756322283        128.05613566084764        73.071057355052901        0.0000000000000000     
   157.96714852645809       -3.4630444557660947       -31.165997816412375       -132.29925155651600        80.419002445756163     
   155.61539559819306       -56.077802875633282       -99.029275095240962        106.13498031250045        0.0000000000000000     

 PASSED   1.0000000000000001E-005
 MU_R    =    325.00000000000000     
 ALPHA_S =   0.11799999999999999     
 BORN                    1.9371664995978430E-011
 SINGLE POLE (MadFKS)   -1.7394276107045338E-012
 DOUBLE POLE (MadFKS)   -2.0615636858335324E-012
 SINGLE POLE (MadLoop)  -1.7394276107563350E-012
 DOUBLE POLE (MadLoop)  -2.0615636858202341E-012
 FINITE PART (MadLoop)   4.2692056259807709E-012
   325.00000000000000        0.0000000000000000        0.0000000000000000        325.00000000000000        0.0000000000000000     
   325.00000000000000        0.0000000000000000        0.0000000000000000       -325.00000000000000        0.0000000000000000     
   226.89699499151598        57.544997958680881       -197.33795896021934       -96.048903015756650        1.7769999999999999     
   216.59556761936992        52.288530926931081        206.68726705354635        38.208939841305153        0.0000000000000000     
   95.078539136094648      -0.28224943491938354        9.3856850404228744        49.845179320189182        80.419002445756163     
   111.42889825301948       -109.55127945069260       -18.734993133749860        7.9947838542622716        0.0000000000000000     

 PASSED   1.0000000000000001E-005
 MU_R    =    325.00000000000000     
 ALPHA_S =   0.11799999999999999     
 BORN                    2.3821431549562366E-011
 SINGLE POLE (MadFKS)   -4.1936844841964904E-012
 DOUBLE POLE (MadFKS)   -2.5351149855906613E-012
 SINGLE POLE (MadLoop)  -4.1936844841963506E-012
 DOUBLE POLE (MadLoop)  -2.5351149855904731E-012
 FINITE PART (MadLoop)   2.6083388343111476E-012
   325.00000000000000        0.0000000000000000        0.0000000000000000        325.00000000000000        0.0000000000000000     
   325.00000000000000        0.0000000000000000        0.0000000000000000       -325.00000000000000        0.0000000000000000     
   236.47060730224453        184.86280507704410       -147.34654538394426        5.4707633248361285        1.7769999999999999     
   249.73993819608862       -179.68578903946275        173.43761702942845       -1.5642719089471020        0.0000000000000000     
   97.223692924702760       -37.265125745437281        15.750695585580257        36.721335804862683        80.419002445756163     
   66.565761576964107        32.088109707855892       -41.841767231064495       -40.627827220751712        0.0000000000000000     

 PASSED   1.0000000000000001E-005
 MU_R    =    325.00000000000000     
 ALPHA_S =   0.11799999999999999     
 BORN                    2.8157151799439960E-011
 SINGLE POLE (MadFKS)   -4.2140039138874790E-012
 DOUBLE POLE (MadFKS)   -2.9965292946310230E-012
 SINGLE POLE (MadLoop)  -4.2140039138912449E-012
 DOUBLE POLE (MadLoop)  -2.9965292946309936E-012
 FINITE PART (MadLoop)  -6.9336003336232356E-012
   325.00000000000000        0.0000000000000000        0.0000000000000000        325.00000000000000        0.0000000000000000     
   325.00000000000000        0.0000000000000000        0.0000000000000000       -325.00000000000000        0.0000000000000000     
   34.608573326180817        26.488291402202556        2.6011701977060766        22.049942196482103        1.7769999999999999     
   296.97239466059563        23.388360510469791       -285.22905195148934        79.309367075620116        0.0000000000000000     
   246.44257932212057       -35.836977596150540        219.07865851979417       -70.618562478356580        80.419002445756163     
   71.976452691102935       -14.039674316521831        63.549223233989188       -30.740746793745640        0.0000000000000000     

 PASSED   1.0000000000000001E-005
 MU_R    =    325.00000000000000     
 ALPHA_S =   0.11799999999999999     
 BORN                    1.3275399241883625E-011
 SINGLE POLE (MadFKS)    2.0740808521574862E-013
 DOUBLE POLE (MadFKS)   -1.4127892980645142E-012
 SINGLE POLE (MadLoop)   2.0740808519264560E-013
 DOUBLE POLE (MadLoop)  -1.4127892980468594E-012
 FINITE PART (MadLoop)  -6.9885847773391762E-011
   325.00000000000000        0.0000000000000000        0.0000000000000000        325.00000000000000        0.0000000000000000     
   325.00000000000000        0.0000000000000000        0.0000000000000000       -325.00000000000000        0.0000000000000000     
   91.798431437185883        55.476717651605341        72.973588005410605        4.5807791420643804        1.7769999999999999     
   203.50602030996180        88.686603864340583       -23.688884159349797       -181.62660423157456        0.0000000000000000     
   166.94040758417606       -136.79457251484558       -50.770472522847555       -10.558777404970934        80.419002445756163     
   187.75514066867626       -7.3687490011003858        1.4857686767867306        187.60460249448110        0.0000000000000000     

 PASSED   1.0000000000000001E-005
 MU_R    =    325.00000000000000     
 ALPHA_S =   0.11799999999999999     
 BORN                    7.2757528446669230E-012
 SINGLE POLE (MadFKS)   -1.8512427961931760E-012
 DOUBLE POLE (MadFKS)   -7.7429729735566049E-013
 SINGLE POLE (MadLoop)  -1.8512427961929696E-012
 DOUBLE POLE (MadLoop)  -7.7429729735563252E-013
 FINITE PART (MadLoop)  -4.9512428931227494E-013
   325.00000000000000        0.0000000000000000        0.0000000000000000        325.00000000000000        0.0000000000000000     
   325.00000000000000        0.0000000000000000        0.0000000000000000       -325.00000000000000        0.0000000000000000     
   177.05397238479878        22.137060481471611        170.32985872670125        42.925996640948775        1.7769999999999999     
   196.25990878193238       -168.01086287309479       -74.268476737738993        69.097721487661914        0.0000000000000000     
   197.97289337738067        162.40450339699242       -68.919937898570154       -40.010873450534753        80.419002445756163     
   78.713225455888178       -16.530701005369281       -27.141444090392124       -72.012844678075908        0.0000000000000000     

 PASSED   1.0000000000000001E-005
 MU_R    =    325.00000000000000     
 ALPHA_S =   0.11799999999999999     
 BORN                    3.4081694408921595E-012
 SINGLE POLE (MadFKS)   -6.3761366425133981E-013
 DOUBLE POLE (MadFKS)   -3.6270286296864436E-013
 SINGLE POLE (MadLoop)  -6.3761366425256746E-013
 DOUBLE POLE (MadLoop)  -3.6270286296825718E-013
 FINITE PART (MadLoop)  -2.2468834888684899E-013
   325.00000000000000        0.0000000000000000        0.0000000000000000        325.00000000000000        0.0000000000000000     
   325.00000000000000        0.0000000000000000        0.0000000000000000       -325.00000000000000        0.0000000000000000     
   155.63474329376348       -91.805937765361506        60.032681547731215        110.39367068961394        1.7769999999999999     
   153.70532838002146        93.076228487670846       -23.518053655588584        120.03768081387602        0.0000000000000000     
   166.66094785873051        38.111535916046037       -115.62410061615769       -80.543365795231935        80.419002445756163     
   173.99898046748459       -39.381826638355378        79.109472724014964       -149.88798570825801        0.0000000000000000     

 PASSED   1.0000000000000001E-005
 MU_R    =    325.00000000000000     
 ALPHA_S =   0.11799999999999999     
 BORN                    7.7493407501694553E-013
 SINGLE POLE (MadFKS)   -1.5007917336960841E-013
 DOUBLE POLE (MadFKS)   -8.2469728250080266E-014
 SINGLE POLE (MadLoop)  -1.5007917337201756E-013
 DOUBLE POLE (MadLoop)  -8.2469728250074914E-014
 FINITE PART (MadLoop)   2.8845370439071169E-014
   325.00000000000000        0.0000000000000000        0.0000000000000000        325.00000000000000        0.0000000000000000     
   325.00000000000000        0.0000000000000000        0.0000000000000000       -325.00000000000000        0.0000000000000000     
   234.66110043195064       -59.341651428646784       -3.2290083726336758        227.00400048806296        1.7769999999999999     
   187.51717380392577       -13.448025130369988       -4.9841888372900227       -186.96790888582694        0.0000000000000000     
   127.62609472809787        60.821361095451863        67.210262720563122        40.059290067404042        80.419002445756163     
   100.19563103602570        11.968315463564918       -58.997065510639430       -80.095381669640020        0.0000000000000000     

 PASSED   1.0000000000000001E-005
 MU_R    =    325.00000000000000     
 ALPHA_S =   0.11799999999999999     
 BORN                    3.3436764660669144E-012
 SINGLE POLE (MadFKS)   -5.1632657433535697E-013
 DOUBLE POLE (MadFKS)   -3.5583941705840883E-013
 SINGLE POLE (MadLoop)  -5.1632657433854503E-013
 DOUBLE POLE (MadLoop)  -3.5583941705840847E-013
 FINITE PART (MadLoop)   6.4912890398662872E-013
   325.00000000000000        0.0000000000000000        0.0000000000000000        325.00000000000000        0.0000000000000000     
   325.00000000000000        0.0000000000000000        0.0000000000000000       -325.00000000000000        0.0000000000000000     
   260.15332099713959        237.34119612160052        102.25009115810676        29.844064377486379        1.7769999999999999     
   181.32526809057399       -166.47849520317806        10.595044545725557        71.073965093260753        0.0000000000000000     
   99.761058671805912       -21.025656539317318       -44.629430428561150       -32.422038487144036        80.419002445756163     
   108.76035224048049       -49.837044379105180       -68.215705275271148       -68.495990983603093        0.0000000000000000     

 PASSED   1.0000000000000001E-005
 MU_R    =    325.00000000000000     
 ALPHA_S =   0.11799999999999999     
 BORN                    6.1673219722535786E-012
 SINGLE POLE (MadFKS)   -1.0607799410028944E-012
 DOUBLE POLE (MadFKS)   -6.5633630457065614E-013
 SINGLE POLE (MadLoop)  -1.0607799410026505E-012
 DOUBLE POLE (MadLoop)  -6.5633630457056456E-013
 FINITE PART (MadLoop)   2.2754205121595422E-013
   325.00000000000000        0.0000000000000000        0.0000000000000000        325.00000000000000        0.0000000000000000     
   325.00000000000000        0.0000000000000000        0.0000000000000000       -325.00000000000000        0.0000000000000000     
   240.18974726216948        196.60736692618636       -79.051972578555677        113.06761633047756        1.7769999999999999     
   186.32337984209477       -181.62786085354736        18.268305092269728       -37.336189770807088        0.0000000000000000     
Thanks for using LHAPDF 6.2.1. Please make sure to cite the paper:
  Eur.Phys.J. C75 (2015) 3, 132  (http://arxiv.org/abs/1412.7420)
   119.08944953587348       -81.786531000202871        32.020844593244163      -0.84255259477697120        80.419002445756163     
   104.39742335986227        66.807024927563759        28.762822893041790       -74.888873964893506        0.0000000000000000     

 PASSED   1.0000000000000001E-005
 MU_R    =    325.00000000000000     
 ALPHA_S =   0.11799999999999999     
 BORN                    5.8346601025486345E-013
 SINGLE POLE (MadFKS)   -4.4962970151847318E-014
 DOUBLE POLE (MadFKS)   -6.2093389438095007E-014
 SINGLE POLE (MadLoop)  -4.4962970151849521E-014
 DOUBLE POLE (MadLoop)  -6.2093389438094591E-014
 FINITE PART (MadLoop)   3.5461196226039630E-014
   325.00000000000000        0.0000000000000000        0.0000000000000000        325.00000000000000        0.0000000000000000     
   325.00000000000000        0.0000000000000000        0.0000000000000000       -325.00000000000000        0.0000000000000000     
   167.95680074798059       -51.477908468352304       -86.969577235587749        134.13667195694075        1.7769999999999999     
   109.14195911314474        5.9637117346143214        108.96116156012265        1.9663806525259002        0.0000000000000000     
   219.45710090286246       -51.895813224874161       -140.52143922448121       -138.76149635373653        80.419002445756163     
   153.44413923601221        97.410009958612164        118.52985489994634        2.6584437442698525        0.0000000000000000     

 NUMBER OF POINTS PASSING THE CHECK          20
 NUMBER OF POINTS FAILING THE CHECK           0
 TOLERANCE    1.0000000000000001E-005
