==== LHAPDF6 USING DEFAULT-TYPE LHAGLUE INTERFACE ====
LHAPDF 6.2.1 loading /cvmfs/cms.cern.ch/slc7_amd64_gcc700/external/lhapdf/6.2.1-pafccj3/share/LHAPDF/NNPDF31_nnlo_as_0118_nf_4_mc_hessian/NNPDF31_nnlo_as_0118_nf_4_mc_hessian_0000.dat
NNPDF31_nnlo_as_0118_nf_4_mc_hessian PDF set, member #0, version 1; LHAPDF ID = 325500
 A PDF is used, so alpha_s(MZ) is going to be modified
 Old value of alpha_s from param_card:   0.11799999999999999     
 New value of alpha_s from PDF lhapdf :  0.11266013434007299     
 *****************************************************
 *               MadGraph/MadEvent                   *
 *        --------------------------------           *
 *          http://madgraph.hep.uiuc.edu             *
 *          http://madgraph.phys.ucl.ac.be           *
 *          http://madgraph.roma2.infn.it            *
 *        --------------------------------           *
 *                                                   *
 *          PARAMETER AND COUPLING VALUES            *
 *                                                   *
 *****************************************************

  External Params
  ---------------------------------
  
 MU_R =    91.188000000000002     
 aEWM1 =    132.50700000000001     
 mdl_Gf =    1.1663900000000000E-005
 aS =   0.11799999999999999     
 mdl_ymb =    4.7000000000000002     
 mdl_ymt =    173.00000000000000     
 mdl_ymtau =    1.7769999999999999     
 mdl_MT =    173.00000000000000     
 mdl_MB =    4.7000000000000002     
 mdl_MZ =    91.188000000000002     
 mdl_MH =    125.00000000000000     
 mdl_MTA =    1.7769999999999999     
 mdl_WT =    1.4915000000000000     
 mdl_WZ =    2.4414039999999999     
 mdl_WW =    2.0476000000000001     
 mdl_WH =    6.3823389999999999E-003
  Internal Params
  ---------------------------------
  
 mdl_conjg__CKM3x3 =    1.0000000000000000     
 mdl_CKM22 =    1.0000000000000000     
 mdl_lhv =    1.0000000000000000     
 mdl_CKM3x3 =    1.0000000000000000     
 mdl_conjg__CKM22 =    1.0000000000000000     
 mdl_conjg__CKM33 =    1.0000000000000000     
 mdl_Ncol =    3.0000000000000000     
 mdl_CA =    3.0000000000000000     
 mdl_TF =   0.50000000000000000     
 mdl_CF =    1.3333333333333333     
 mdl_complexi =                (0.0000000000000000,1.0000000000000000)
 mdl_MZ__exp__2 =    8315.2513440000002     
 mdl_MZ__exp__4 =    69143404.913893804     
 mdl_sqrt__2 =    1.4142135623730951     
 mdl_MH__exp__2 =    15625.000000000000     
 mdl_Ncol__exp__2 =    9.0000000000000000     
 mdl_MB__exp__2 =    22.090000000000003     
 mdl_MT__exp__2 =    29929.000000000000     
 mdl_aEW =    7.5467711139788835E-003
 mdl_MW =    80.419002445756163     
 mdl_sqrt__aEW =    8.6872153846781555E-002
 mdl_ee =   0.30795376724436879     
 mdl_MW__exp__2 =    6467.2159543705357     
 mdl_sw2 =   0.22224648578577766     
 mdl_cw =   0.88190334743339216     
 mdl_sqrt__sw2 =   0.47143025548407230     
 mdl_sw =   0.47143025548407230     
 mdl_g1 =   0.34919219678733299     
 mdl_gw =   0.65323293034757990     
 mdl_v =    246.21845810181637     
 mdl_v__exp__2 =    60623.529110035903     
 mdl_lam =   0.12886910601690263     
 mdl_yb =    2.6995554250465490E-002
 mdl_yt =   0.99366614581500623     
 mdl_ytau =    1.0206617000654717E-002
 mdl_muH =    88.388347648318430     
 mdl_AxialZUp =  -0.18517701861793787     
 mdl_AxialZDown =   0.18517701861793787     
 mdl_VectorZUp =    7.5430507588273299E-002
 mdl_VectorZDown =  -0.13030376310310560     
 mdl_VectorAUp =   0.20530251149624587     
 mdl_VectorADown =  -0.10265125574812294     
 mdl_VectorWmDxU =   0.23095271737156670     
 mdl_AxialWmDxU =  -0.23095271737156670     
 mdl_VectorWpUxD =   0.23095271737156670     
 mdl_AxialWpUxD =  -0.23095271737156670     
 mdl_I1x33 =          (2.69955542504654901E-002,0.0000000000000000)
 mdl_I2x33 =               (0.99366614581500623,0.0000000000000000)
 mdl_I3x33 =               (0.99366614581500623,0.0000000000000000)
 mdl_I4x33 =          (2.69955542504654901E-002,0.0000000000000000)
 mdl_Vector_tbGp =              (-0.96667059156454072,0.0000000000000000)
 mdl_Axial_tbGp =              (-1.0206617000654716,-0.0000000000000000)
 mdl_Vector_tbGm =               (0.96667059156454072,0.0000000000000000)
 mdl_Axial_tbGm =              (-1.0206617000654716,-0.0000000000000000)
 mdl_gw__exp__2 =   0.42671326129048615     
 mdl_cw__exp__2 =   0.77775351421422245     
 mdl_ee__exp__2 =    9.4835522759998875E-002
 mdl_sw__exp__2 =   0.22224648578577769     
 mdl_yb__exp__2 =    7.2875994928982540E-004
 mdl_yt__exp__2 =   0.98737240933884918     
  Internal Params evaluated point by point
  ----------------------------------------
  
 mdl_sqrt__aS =   0.34351128074635334     
 mdl_G__exp__4 =    2.1987899468922913     
 mdl_G__exp__2 =    1.4828317324943823     
 mdl_R2MixedFactor_FIN_ =   -2.5040377713124864E-002
 mdl_G_UVg_1EPS_ =   -5.1645779033320030E-002
 mdl_G_UVq_1EPS_ =    3.1300472141406080E-003
 mdl_GWcft_UV_b_1EPS_ =   -3.1300472141406080E-003
 mdl_GWcft_UV_t_1EPS_ =   -3.1300472141406080E-003
 mdl_bWcft_UV_1EPS_ =   -1.8780283284843650E-002
 mdl_tWcft_UV_1EPS_ =   -1.8780283284843650E-002
 mdl_G__exp__3 =    1.8056676068262196     
 mdl_MU_R__exp__2 =    8315.2513440000002     
 mdl_G_UVb_FIN_ =    1.8563438626678915E-002
 mdl_G_UVt_FIN_ =   -4.0087659331150384E-003
 mdl_GWcft_UV_b_FIN_ =   -1.8563438626678915E-002
 mdl_GWcft_UV_t_FIN_ =    4.0087659331150384E-003
 mdl_bWcft_UV_FIN_ =  -0.13642100947319838     
 mdl_tWcft_UV_FIN_ =   -9.8778211443463623E-004
  Couplings of loop_sm
  ---------------------------------
  
      UV_GQQb =   0.00000E+00   0.22605E-01
      UV_GQQt =   0.00000E+00  -0.48815E-02
   UVWfct_G_2 =   0.40088E-02   0.00000E+00
   UVWfct_G_1 =  -0.18563E-01   0.00000E+00
       R2_DDA =   0.00000E+00   0.25704E-02
       R2_UUA =  -0.00000E+00  -0.51409E-02
    R2_UUZ_V2 =  -0.00000E+00  -0.72127E-02
    R2_UUZ_V5 =   0.00000E+00   0.68702E-03
      R2_sxcW =  -0.00000E+00  -0.11566E-01
      R2_GGHb =   0.00000E+00  -0.33698E-02
      R2_GGHt =   0.00000E+00  -0.45657E+01
     R2_GGZup =  -0.46369E-02   0.00000E+00
    R2_GGWWcs =   0.00000E+00   0.13356E-02
         GC_4 =  -0.12177E+01   0.00000E+00
         GC_5 =   0.00000E+00   0.12177E+01
       R2_GQQ =  -0.00000E+00  -0.30492E-01
       R2_QQq =   0.00000E+00   0.12520E-01
 UV_GQQg_1eps =   0.00000E+00  -0.62890E-01
 UV_GQQq_1eps =   0.00000E+00   0.38115E-02
 UVWfct_G_2_1eps -0.31300E-02   0.00000E+00
         GC_1 =  -0.00000E+00  -0.10265E+00
         GC_2 =   0.00000E+00   0.20530E+00
         GC_7 =   0.00000E+00   0.57609E+00
        GC_22 =   0.00000E+00   0.28804E+00
        GC_23 =  -0.00000E+00  -0.27437E-01
        GC_24 =   0.00000E+00   0.82310E-01
        GC_25 =   0.00000E+00   0.30795E+00
        GC_28 =   0.00000E+00   0.37035E+00
        GC_31 =   0.00000E+00   0.52532E+02
        GC_33 =  -0.00000E+00  -0.19089E-01
        GC_37 =  -0.00000E+00  -0.70263E+00
        GC_38 =  -0.00000E+00  -0.72172E-02
        GC_47 =   0.00000E+00   0.46191E+00

 Collider parameters:
 --------------------

 Running at P P   machine @    13000.000000000000       GeV
 PDF set = lhapdf 
 alpha_s(Mz)= 0.1127 running at 3 loops.
 alpha_s(Mz)= 0.1127 running at 3 loops.
 Renormalization scale set on event-by-event basis
 Factorization   scale set on event-by-event basis


 ===============================================================
 INFO: MadFKS read these parameters from FKS_params.dat
 ===============================================================
  > IRPoleCheckThreshold      =    1.0000000000000001E-005
  > PrecisionVirtualAtRunTime =    1.0000000000000000E-003
  > NHelForMCoverHels         =            4
  > VirtualFraction           =    1.0000000000000000     
  > MinVirtualFraction        =    5.0000000000000001E-003
 ===============================================================
  Insert the number of points to test
 Insert the relative tolerance
  A negative number will mean use the default one:    1.0000000000000001E-005
Using random seed offsets:     1 ,     17 ,      0
  with seed                   32
 Ranmar initialization seeds       10730        9423
  ========================================================================================== 
 {                                                                                          }
 {       [32m                                                                            [0m       }
 {       [32m                               ,,                                           [0m       }
 {       [32m`7MMM.     ,MMF'             `7MM  `7MMF'                                   [0m       }
 {       [32m  MMMb    dPMM                 MM    MM                                     [0m       }
 {       [32m  M YM   ,M MM   ,6"Yb.   ,M""bMM    MM         ,pW"Wq.   ,pW"Wq.`7MMpdMAo. [0m       }
 {       [32m  M  Mb  M' MM  8)   MM ,AP    MM    MM        6W'   `Wb 6W'   `Wb MM   `Wb [0m       }
 {       [32m  M  YM.P'  MM   ,pm9MM 8MI    MM    MM      , 8M     M8 8M     M8 MM    M8 [0m       }
 {       [32m  M  `YM'   MM  8M   MM `Mb    MM    MM     ,M YA.   ,A9 YA.   ,A9 MM   ,AP [0m       }
 {       [32m.JML. `'  .JMML.`Moo9^Yo.`Wbmd"MML..JMMmmmmMMM  `Ybmd9'   `Ybmd9'  MMbmmd'  [0m       }
 {       [32m                                                                   MM       [0m       }
 {       [32m                                                                 .JMML.     [0m       }
 {       [32m[0mv2.6.5 (2018-02-03), Ref: arXiv:1103.0621v2, arXiv:1405.0301[32m                [0m       }
 {       [32m                                                                            [0m       }
 {                                                                                          }
  ========================================================================================== 
 ===============================================================
 INFO: MadLoop read these parameters from ./MadLoop5_resources/MadLoopParams.dat                                                                                                                                                                                                                                                                                                                                                                                                                                                                                          
 ===============================================================
  > MLReductionLib            = 6|7|1
  > CTModeRun                 =           -1
  > MLStabThres               =    1.0000000000000000E-003
  > NRotations_DP             =            0
  > NRotations_QP             =            0
  > CTStabThres               =    1.0000000000000000E-002
  > CTLoopLibrary             =            2
  > CTModeInit                =            1
  > CheckCycle                =            3
  > MaxAttempts               =           10
  > UseLoopFilter             =  F
  > HelicityFilterLevel       =            2
  > ImprovePSPoint            =            2
  > DoubleCheckHelicityFilter =  T
  > LoopInitStartOver         =  F
  > HelInitStartOver          =  F
  > ZeroThres                 =    1.0000000000000001E-009
  > OSThres                   =    1.0000000000000000E-008
  > WriteOutFilters           =  T
  > UseQPIntegrandForNinja    =  T
  > UseQPIntegrandForCutTools =  T
  > IREGIMODE                 =            2
  > IREGIRECY                 =  T
  > COLLIERMode               =            1
  > COLLIERRequiredAccuracy   =    1.0000000000000000E-008
  > COLLIERCanOutput          =  F
  > COLLIERComputeUVpoles     =  T
  > COLLIERComputeIRpoles     =  T
  > COLLIERGlobalCache        =           -1
  > COLLIERUseCacheForPoles   =  F
  > COLLIERUseInternalStabilityTest =  T
 ===============================================================
  
------------------------------------------------------------------------
|              You are using CutTools - Version 1.9.3                  |
|              Authors: G. Ossola, C. Papadopoulos, R. Pittau          |
|              Published in JHEP 0803:042,2008                         |
|              http://www.ugr.es/~pittau/CutTools                      |
|                                                                      |
|              Compiler with  34  significant digits detetected        |
 ---------------------------------------------------------------------- 
   
########################################################################
#                                                                      #

  +----------------------------------------------------------------+
  |                                                                |
  |  Ninja - version 1.1.0                                         |
  |                                                                |
  |  Author: Tiziano Peraro                                        |
  |                                                                |
  |  Based on:                                                     |
  |                                                                |
  |      P. Mastrolia, E. Mirabella and T. Peraro,                 |
  |      "Integrand reduction of one-loop scattering amplitudes    |
  |      through Laurent series expansion,"                        |
  |      JHEP 1206 (2012) 095  [arXiv:1203.0291 [hep-ph]].         |
  |                                                                |
  |      T. Peraro,                                                |
  |      "Ninja: Automated Integrand Reduction via Laurent         |
  |      Expansion for One-Loop Amplitudes,"                       |
  |      Comput.Phys.Commun. 185 (2014) [arXiv:1403.1229 [hep-ph]] |
  |                                                                |
  +----------------------------------------------------------------+


#                      You are using OneLOop-3.6                       #
#                                                                      #
# for the evaluation of 1-loop scalar 1-, 2-, 3- and 4-point functions #
#                                                                      #
# author: Andreas van Hameren <hamerenREMOVETHIS@ifj.edu.pl>           #
#   date: 18-02-2015                                                   #
#                                                                      #
# Please cite                                                          #
#    A. van Hameren,                                                   #
#      Comput.Phys.Commun. 182 (2011) 2427-2438, arXiv:1007.4716       #
#    A. van Hameren, C.G. Papadopoulos and R. Pittau,                  #
#      JHEP 0909:106,2009, arXiv:0903.4665                             #
# in publications with results obtained with the help of this program. #
#                                                                      #
########################################################################
########################################################################
#                                                                      #
#                      You are using OneLOop-3.6                       #
#                                                                      #
# for the evaluation of 1-loop scalar 1-, 2-, 3- and 4-point functions #
#                                                                      #
# author: Andreas van Hameren <hamerenREMOVETHIS@ifj.edu.pl>           #
#   date: 18-02-2015                                                   #
#                                                                      #
# Please cite                                                          #
#    A. van Hameren,                                                   #
#      Comput.Phys.Commun. 182 (2011) 2427-2438, arXiv:1007.4716       #
#    A. van Hameren, C.G. Papadopoulos and R. Pittau,                  #
#      JHEP 0909:106,2009, arXiv:0903.4665                             #
# in publications with results obtained with the help of this program. #
#                                                                      #
########################################################################
 PASSED   1.0000000000000001E-005
 MU_R    =    325.00000000000000     
 ALPHA_S =   0.11799999999999999     
 BORN                    6.8031858644058260E-012
 SINGLE POLE (MadFKS)   -3.4214305682841810E-013
 DOUBLE POLE (MadFKS)   -7.2400596071358356E-013
 SINGLE POLE (MadLoop)  -3.4214305682839993E-013
 DOUBLE POLE (MadLoop)  -7.2400596071358064E-013
 FINITE PART (MadLoop)   1.5365431029205782E-013
   325.00000000000000        0.0000000000000000        0.0000000000000000        325.00000000000000        0.0000000000000000     
   325.00000000000000        0.0000000000000000        0.0000000000000000       -325.00000000000000        0.0000000000000000     
   209.20073689181726        28.287146261122857       -109.49583720009554       -175.99842984621020        0.0000000000000000     
   162.14582691427506        57.357469147509249       -89.896821130800561        122.14725322037914        0.0000000000000000     
   143.36973232080254       -55.953714537990763        99.521756837602524       -32.438648811659618        80.419002445756163     
   135.28370387310511       -29.690900870641283        99.870901493293587        86.289825437490578        0.0000000000000000     

 PASSED   1.0000000000000001E-005
 MU_R    =    325.00000000000000     
 ALPHA_S =   0.11799999999999999     
 BORN                    4.1321554578502563E-010
 SINGLE POLE (MadFKS)   -7.7092789663734480E-012
 DOUBLE POLE (MadFKS)   -4.3975061709416355E-011
 SINGLE POLE (MadLoop)  -7.7092789674370778E-012
 DOUBLE POLE (MadLoop)  -4.3975061709432155E-011
 FINITE PART (MadLoop)   7.7432778058499414E-011
   325.00000000000000        0.0000000000000000        0.0000000000000000        325.00000000000000        0.0000000000000000     
   325.00000000000000        0.0000000000000000        0.0000000000000000       -325.00000000000000        0.0000000000000000     
   200.03933181220052       -116.18054924991529       -160.33109599873109       -28.491295226881842        0.0000000000000000     
   53.434583385129102       -22.959415529131888       -30.624448115433292       -37.286232281206793        0.0000000000000000     
   119.00560650081752      -0.15729541310449091        6.2394351458486979       -87.499503606995688        80.419002445756163     
   277.52047830185285        139.29726019215173        184.71610896831572        153.27703111508436        0.0000000000000000     

 PASSED   1.0000000000000001E-005
 MU_R    =    325.00000000000000     
 ALPHA_S =   0.11799999999999999     
 BORN                    9.2477792840544769E-013
 SINGLE POLE (MadFKS)   -9.5595204145468687E-014
 DOUBLE POLE (MadFKS)   -9.8416351669142610E-014
 SINGLE POLE (MadLoop)  -9.5595204145480968E-014
 DOUBLE POLE (MadLoop)  -9.8416351669145702E-014
 FINITE PART (MadLoop)   7.8099534420467215E-014
   325.00000000000000        0.0000000000000000        0.0000000000000000        325.00000000000000        0.0000000000000000     
   325.00000000000000        0.0000000000000000        0.0000000000000000       -325.00000000000000        0.0000000000000000     
   232.14777030721712       -114.53819156574274        191.93934551330562        62.712658812918725        0.0000000000000000     
   161.66565135133231        6.9771910420052032       -133.21987198082087       -91.321231602665037        0.0000000000000000     
   163.74870786856397        136.74849253141105        28.989144872913233        28.388424475085667        80.419002445756163     
   92.437870472886644       -29.187492007673498       -87.708618405397999       0.22014831466063978        0.0000000000000000     

 PASSED   1.0000000000000001E-005
 MU_R    =    325.00000000000000     
 ALPHA_S =   0.11799999999999999     
 BORN                    1.2353629614761094E-011
 SINGLE POLE (MadFKS)   -7.7350680241801379E-013
 DOUBLE POLE (MadFKS)   -1.3146930946470678E-012
 SINGLE POLE (MadLoop)  -7.7350680241901728E-013
 DOUBLE POLE (MadLoop)  -1.3146930946470781E-012
 FINITE PART (MadLoop)   1.1772966285754526E-012
   325.00000000000000        0.0000000000000000        0.0000000000000000        325.00000000000000        0.0000000000000000     
   325.00000000000000        0.0000000000000000        0.0000000000000000       -325.00000000000000        0.0000000000000000     
   145.23582838229009        59.664728707485530        131.74650757539939       -13.282459705844666        0.0000000000000000     
   215.06052181083913        127.15624189667430       -173.43040225071738        2.0527453371563160        0.0000000000000000     
   84.852049257545730        6.8368311942903910       -25.015177295484168        7.7558334774995021        80.419002445756163     
   204.85160054932507       -193.65780179845024        66.699071970802109        3.4738808911889509        0.0000000000000000     

 PASSED   1.0000000000000001E-005
 MU_R    =    325.00000000000000     
 ALPHA_S =   0.11799999999999999     
 BORN                    1.9441811133376510E-009
 SINGLE POLE (MadFKS)   -6.0870724929200951E-010
 DOUBLE POLE (MadFKS)   -2.0690287503796820E-010
 SINGLE POLE (MadLoop)  -6.0870724929201757E-010
 DOUBLE POLE (MadLoop)  -2.0690287503796419E-010
 FINITE PART (MadLoop)  -6.1418987602030918E-010
   325.00000000000000        0.0000000000000000        0.0000000000000000        325.00000000000000        0.0000000000000000     
   325.00000000000000        0.0000000000000000        0.0000000000000000       -325.00000000000000        0.0000000000000000     
   23.798204586525394       -19.915761724731826       -12.601775798216318        3.3033654350245047        0.0000000000000000     
   243.95655414820465       -56.783424351769327       -200.37038693572617        127.05176531626859        0.0000000000000000     
   243.50458655317993        52.594031010520219        223.66680613277447        5.8562321071565275        80.419002445756163     
   138.74065471208999        24.105155065980920       -10.694643398831960       -136.21136285844960        0.0000000000000000     

 PASSED   1.0000000000000001E-005
 MU_R    =    325.00000000000000     
 ALPHA_S =   0.11799999999999999     
 BORN                    4.7433807979607166E-012
 SINGLE POLE (MadFKS)   -3.0316540812313983E-013
 DOUBLE POLE (MadFKS)   -5.0479819897700982E-013
 SINGLE POLE (MadLoop)  -3.0316540812314493E-013
 DOUBLE POLE (MadLoop)  -5.0479819897700982E-013
 FINITE PART (MadLoop)   3.4643592504854795E-013
   325.00000000000000        0.0000000000000000        0.0000000000000000        325.00000000000000        0.0000000000000000     
   325.00000000000000        0.0000000000000000        0.0000000000000000       -325.00000000000000        0.0000000000000000     
   156.52670415878509       -50.664970080299682        107.46075677127972        101.91101842155261        0.0000000000000000     
   130.05561208563154        111.98341448732432       -12.344316237646376       -64.975341256151779        0.0000000000000000     
   208.34842707261242       -177.48877094311018       0.77764235820146166       -73.749458104640098        80.419002445756163     
   155.06925668297089        116.17032653608553       -95.894082891834799        36.813780939239237        0.0000000000000000     

 PASSED   1.0000000000000001E-005
 MU_R    =    325.00000000000000     
 ALPHA_S =   0.11799999999999999     
 BORN                    4.2423482160207070E-012
 SINGLE POLE (MadFKS)   -4.0412620024125693E-013
 DOUBLE POLE (MadFKS)   -4.5147750730897979E-013
 SINGLE POLE (MadLoop)  -4.0412620024140395E-013
 DOUBLE POLE (MadLoop)  -4.5147750730897938E-013
 FINITE PART (MadLoop)   1.2990618872706965E-013
   325.00000000000000        0.0000000000000000        0.0000000000000000        325.00000000000000        0.0000000000000000     
   325.00000000000000        0.0000000000000000        0.0000000000000000       -325.00000000000000        0.0000000000000000     
   179.08615176524131        31.016687679982915       -141.66454640057205       -105.07602548900307        0.0000000000000000     
   242.82550062278619       -154.43320268573339        171.65214924995936        75.167475139209046        0.0000000000000000     
   100.69144466909046       -2.6465305557063803       -40.491399416503924        44.999928049818315        80.419002445756163     
   127.39690294288202        126.06304556145685        10.503796567116570       -15.091377700024310        0.0000000000000000     

 PASSED   1.0000000000000001E-005
 MU_R    =    325.00000000000000     
 ALPHA_S =   0.11799999999999999     
 BORN                    2.4383950503100829E-010
 SINGLE POLE (MadFKS)   -4.2607047741079386E-013
 DOUBLE POLE (MadFKS)   -2.5949791556270897E-011
 SINGLE POLE (MadLoop)  -4.2607047741391032E-013
 DOUBLE POLE (MadLoop)  -2.5949791556270639E-011
 FINITE PART (MadLoop)  -3.0991678599780417E-011
   325.00000000000000        0.0000000000000000        0.0000000000000000        325.00000000000000        0.0000000000000000     
   325.00000000000000        0.0000000000000000        0.0000000000000000       -325.00000000000000        0.0000000000000000     
   91.101103938354569        6.4439990192688681        89.912070516685091       -13.179741682946736        0.0000000000000000     
   31.980550122630476        9.2095456497590806        12.127119868422611        28.122461107947032        0.0000000000000000     
   295.05026511159878        36.971344863404603       -156.13461232946636       -234.18485322448311        80.419002445756163     
   231.86808082741618       -52.624889532432618        54.095421944358769        219.24213379948279        0.0000000000000000     

 PASSED   1.0000000000000001E-005
 MU_R    =    325.00000000000000     
 ALPHA_S =   0.11799999999999999     
 BORN                    6.9164438946792816E-011
 SINGLE POLE (MadFKS)   -1.9056409797188376E-011
 DOUBLE POLE (MadFKS)   -7.3605906210622392E-012
 SINGLE POLE (MadLoop)  -1.9056409797202309E-011
 DOUBLE POLE (MadLoop)  -7.3605906210623345E-012
 FINITE PART (MadLoop)  -3.3555417479285814E-011
   325.00000000000000        0.0000000000000000        0.0000000000000000        325.00000000000000        0.0000000000000000     
   325.00000000000000        0.0000000000000000        0.0000000000000000       -325.00000000000000        0.0000000000000000     
   62.363828124530130        6.3698961617668566        57.235562329804587        23.932444213353993        0.0000000000000000     
   154.11068805164078       -11.246991837317402        113.07655297489704       -104.10236555274224        0.0000000000000000     
   291.51327008576760       -32.048424193240486       -174.03870432938083        217.24686092969827        80.419002445756163     
   142.01221373806149        36.925519868791064        3.7265890246790980       -137.07693959031005        0.0000000000000000     

 PASSED   1.0000000000000001E-005
 MU_R    =    325.00000000000000     
 ALPHA_S =   0.11799999999999999     
 BORN                    2.3325017910318569E-011
 SINGLE POLE (MadFKS)   -3.2806697751260686E-012
 DOUBLE POLE (MadFKS)   -2.4822858492190623E-012
 SINGLE POLE (MadLoop)  -3.2806697751261502E-012
 DOUBLE POLE (MadLoop)  -2.4822858492190643E-012
 FINITE PART (MadLoop)  -1.0995802168349346E-013
   325.00000000000000        0.0000000000000000        0.0000000000000000        325.00000000000000        0.0000000000000000     
   325.00000000000000        0.0000000000000000        0.0000000000000000       -325.00000000000000        0.0000000000000000     
   180.99548492197928        107.77222851743059       -139.02547666754791        42.619586575778030        0.0000000000000000     
   198.38464468204964        56.182168633018101        173.19484786273944        78.762782118947186        0.0000000000000000     
   103.12910063459857       -57.566907191861240        28.114850436882346       -8.0001140370617136        80.419002445756163     
   167.49076976137255       -106.38748995858742       -62.284221632073887       -113.38225465766355        0.0000000000000000     

 PASSED   1.0000000000000001E-005
 MU_R    =    325.00000000000000     
 ALPHA_S =   0.11799999999999999     
 BORN                    4.4550568013016917E-011
 SINGLE POLE (MadFKS)   -9.0503632520509605E-012
 DOUBLE POLE (MadFKS)   -4.7411429641158600E-012
 SINGLE POLE (MadLoop)  -9.0503632520514710E-012
 DOUBLE POLE (MadLoop)  -4.7411429641158374E-012
 FINITE PART (MadLoop)   2.0012682386703077E-012
   325.00000000000000        0.0000000000000000        0.0000000000000000        325.00000000000000        0.0000000000000000     
   325.00000000000000        0.0000000000000000        0.0000000000000000       -325.00000000000000        0.0000000000000000     
   265.41348461777415       -130.77617291927427        177.63759722806461        147.60350424220073        0.0000000000000000     
   53.934333255566827        41.076192003513306        27.231487743524177        21.911294564387216        0.0000000000000000     
   185.17952314183913        88.331443453306733       -135.17359333270960       -41.831753485204437        80.419002445756163     
   145.47265898481984        1.3685374624542614       -69.695491638879147       -127.68304532138349        0.0000000000000000     

 PASSED   1.0000000000000001E-005
 MU_R    =    325.00000000000000     
 ALPHA_S =   0.11799999999999999     
 BORN                    3.1398966577220522E-012
 SINGLE POLE (MadFKS)   -4.1549451926515693E-013
 DOUBLE POLE (MadFKS)   -3.3415284273053874E-013
 SINGLE POLE (MadLoop)  -4.1549451926529966E-013
 DOUBLE POLE (MadLoop)  -3.3415284273055434E-013
 FINITE PART (MadLoop)   2.2472257251747563E-013
   325.00000000000000        0.0000000000000000        0.0000000000000000        325.00000000000000        0.0000000000000000     
   325.00000000000000        0.0000000000000000        0.0000000000000000       -325.00000000000000        0.0000000000000000     
   262.31200113411415        258.66899509303647       -6.2488346160653441        43.114834830754596        0.0000000000000000     
   60.063968435672919       -13.937550057308639       -39.941166285855346        42.639514987475870        0.0000000000000000     
   286.13894333717525       -257.97904451755255        7.7060409354927426       -93.785438436123016        80.419002445756163     
   41.485087093037606        13.247599481824704        38.483959966427946        8.0310886178926264        0.0000000000000000     

 PASSED   1.0000000000000001E-005
 MU_R    =    325.00000000000000     
 ALPHA_S =   0.11799999999999999     
 BORN                    4.2600527812838566E-012
 SINGLE POLE (MadFKS)   -9.8571379475819126E-014
 DOUBLE POLE (MadFKS)   -4.5336165556508243E-013
 SINGLE POLE (MadLoop)  -9.8571379475783886E-014
 DOUBLE POLE (MadLoop)  -4.5336165556508258E-013
 FINITE PART (MadLoop)  -9.0169537613349284E-014
   325.00000000000000        0.0000000000000000        0.0000000000000000        325.00000000000000        0.0000000000000000     
   325.00000000000000        0.0000000000000000        0.0000000000000000       -325.00000000000000        0.0000000000000000     
   166.19131444254984        151.69484073254566        60.162861874095618       -31.442937877821848        0.0000000000000000     
   161.62359529653202       -63.104407363282149       -55.481313682484299       -138.06463761576279        0.0000000000000000     
   125.39318381883525       -18.123346402895322        93.421961479101384        14.146237040698622        80.419002445756163     
   196.79190644208290       -70.467086966368186       -98.103509670712725        155.36133845288600        0.0000000000000000     

 PASSED   1.0000000000000001E-005
 MU_R    =    325.00000000000000     
 ALPHA_S =   0.11799999999999999     
 BORN                    1.1442500743213219E-012
 SINGLE POLE (MadFKS)   -1.4739387642860618E-013
 DOUBLE POLE (MadFKS)   -1.2177292975192767E-013
 SINGLE POLE (MadLoop)  -1.4739387642860716E-013
 DOUBLE POLE (MadLoop)  -1.2177292975192769E-013
 FINITE PART (MadLoop)   8.9188886853092038E-015
   325.00000000000000        0.0000000000000000        0.0000000000000000        325.00000000000000        0.0000000000000000     
   325.00000000000000        0.0000000000000000        0.0000000000000000       -325.00000000000000        0.0000000000000000     
   190.20587109382495       -87.652661857399977       -41.243712103607500        163.68946355763947        0.0000000000000000     
   108.32141669557151       -18.952459913042844       -11.999860411698696       -105.97328403083435        0.0000000000000000     
   201.62114874616043        66.583522657215127        170.40303727550466        26.707883951932612        80.419002445756163     
   149.85156346444310        40.021599113227673       -117.15946476019843       -84.424063478737736        0.0000000000000000     

 PASSED   1.0000000000000001E-005
 MU_R    =    325.00000000000000     
 ALPHA_S =   0.11799999999999999     
 BORN                    9.8780309665469466E-012
 SINGLE POLE (MadFKS)   -4.0885553448984061E-013
 DOUBLE POLE (MadFKS)   -1.0512359124731877E-012
 SINGLE POLE (MadLoop)  -4.0885553448982123E-013
 DOUBLE POLE (MadLoop)  -1.0512359124731955E-012
 FINITE PART (MadLoop)   4.8256893273694538E-012
   325.00000000000000        0.0000000000000000        0.0000000000000000        325.00000000000000        0.0000000000000000     
   325.00000000000000        0.0000000000000000        0.0000000000000000       -325.00000000000000        0.0000000000000000     
   120.57809226457489       -118.03762186109789       -5.5926154701316166       -23.977464664639847        0.0000000000000000     
   118.31436842970678       -51.993252446022041       -34.775651997413071        100.42731453722855        0.0000000000000000     
   259.92317397492224        153.09566441182545       -66.099481412200490       -182.44291301710513        80.419002445756163     
   151.18436533079608        16.935209895294445        106.46774887974519        105.99306314451647        0.0000000000000000     

 PASSED   1.0000000000000001E-005
 MU_R    =    325.00000000000000     
 ALPHA_S =   0.11799999999999999     
 BORN                    2.6235243402241093E-010
 SINGLE POLE (MadFKS)   -6.3555583468075518E-011
 DOUBLE POLE (MadFKS)   -2.7919967177985069E-011
 SINGLE POLE (MadLoop)  -6.3555583468068991E-011
 DOUBLE POLE (MadLoop)  -2.7919967177984167E-011
 FINITE PART (MadLoop)   1.2075494586639673E-011
   325.00000000000000        0.0000000000000000        0.0000000000000000        325.00000000000000        0.0000000000000000     
   325.00000000000000        0.0000000000000000        0.0000000000000000       -325.00000000000000        0.0000000000000000     
   143.39456061991976       -37.175514658540841       -130.32663768036741       -46.850278933883459        0.0000000000000000     
   257.14198896983658        58.842066616337782        26.922403236284307        248.86702853464709        0.0000000000000000     
   170.30629278534929       -3.8593190097930417        72.908217477101161       -131.17360591601849        80.419002445756163     
   79.157157624894353       -17.807232948003804        30.496016966981948       -70.843143684745172        0.0000000000000000     

 PASSED   1.0000000000000001E-005
 MU_R    =    325.00000000000000     
 ALPHA_S =   0.11799999999999999     
 BORN                    5.2201209164670882E-010
 SINGLE POLE (MadFKS)   -7.6714715938672953E-011
 DOUBLE POLE (MadFKS)   -5.5553364769020757E-011
 SINGLE POLE (MadLoop)  -7.6714715938671648E-011
 DOUBLE POLE (MadLoop)  -5.5553364769020776E-011
 FINITE PART (MadLoop)   3.0362055080829675E-011
   325.00000000000000        0.0000000000000000        0.0000000000000000        325.00000000000000        0.0000000000000000     
   325.00000000000000        0.0000000000000000        0.0000000000000000       -325.00000000000000        0.0000000000000000     
   132.53083983954070        114.52341321354820       -57.375890819720347        34.012034445713581        0.0000000000000000     
   111.29025222488508        32.284232654653998       -2.8679588110640748        106.46606677452095        0.0000000000000000     
   123.15817837027616        10.852600416753958        18.376495228012974        90.803339324296360        80.419002445756163     
   283.02072956529810       -157.66024628495609        41.867354402771475       -231.28144054453088        0.0000000000000000     

 PASSED   1.0000000000000001E-005
 MU_R    =    325.00000000000000     
 ALPHA_S =   0.11799999999999999     
 BORN                    1.3434065471862673E-010
 SINGLE POLE (MadFKS)   -3.7510027617059713E-012
 DOUBLE POLE (MadFKS)   -1.4296748129627340E-011
 SINGLE POLE (MadLoop)  -3.7510027617062282E-012
 DOUBLE POLE (MadLoop)  -1.4296748129627451E-011
 FINITE PART (MadLoop)   1.0324243731021519E-011
   325.00000000000000        0.0000000000000000        0.0000000000000000        325.00000000000000        0.0000000000000000     
   325.00000000000000        0.0000000000000000        0.0000000000000000       -325.00000000000000        0.0000000000000000     
   200.15498663550960       -9.8531565631368103       -182.73337841271382       -81.076793194349193        0.0000000000000000     
   75.625852064911072       -47.587038152668995       -21.373351562028851       -54.753293448030661        0.0000000000000000     
   118.44541577590137       -81.330462029184190        22.524902556905200        20.978209525051415        80.419002445756163     
   255.77374552367797        138.77065674499005        181.58182741783742        114.85187711732841        0.0000000000000000     

 PASSED   1.0000000000000001E-005
 MU_R    =    325.00000000000000     
 ALPHA_S =   0.11799999999999999     
 BORN                    2.4805810601947769E-011
 SINGLE POLE (MadFKS)   -2.0299063973892662E-012
 DOUBLE POLE (MadFKS)   -2.6398741845502898E-012
 SINGLE POLE (MadLoop)  -2.0299063973893696E-012
 DOUBLE POLE (MadLoop)  -2.6398741845502559E-012
 FINITE PART (MadLoop)  -4.1608200950078108E-012
   325.00000000000000        0.0000000000000000        0.0000000000000000        325.00000000000000        0.0000000000000000     
   325.00000000000000        0.0000000000000000        0.0000000000000000       -325.00000000000000        0.0000000000000000     
   92.706638660166291        68.074645660194435       -28.870789499215189        55.918163270958914        0.0000000000000000     
   255.69235601112374        177.96793283516689       -28.581593748465291       -181.35348991319262        0.0000000000000000     
Thanks for using LHAPDF 6.2.1. Please make sure to cite the paper:
  Eur.Phys.J. C75 (2015) 3, 132  (http://arxiv.org/abs/1412.7420)
   199.97656788953395       -149.85964048766158        44.988107410859627        95.087171032713968        80.419002445756163     
   101.62443743917605       -96.182938007699818        12.464275836820832        30.348155609519750        0.0000000000000000     

 PASSED   1.0000000000000001E-005
 MU_R    =    325.00000000000000     
 ALPHA_S =   0.11799999999999999     
 BORN                    6.4324318459878301E-011
 SINGLE POLE (MadFKS)   -1.1186577057668046E-012
 DOUBLE POLE (MadFKS)   -6.8454972290924029E-012
 SINGLE POLE (MadLoop)  -1.1186577058367588E-012
 DOUBLE POLE (MadLoop)  -6.8454972290924101E-012
 FINITE PART (MadLoop)   1.1232151693248829E-011
   325.00000000000000        0.0000000000000000        0.0000000000000000        325.00000000000000        0.0000000000000000     
   325.00000000000000        0.0000000000000000        0.0000000000000000       -325.00000000000000        0.0000000000000000     
   171.59565594846845       -15.554191003226611       -122.85617062813739       -118.78340633779739        0.0000000000000000     
   97.139795918492069       -29.794074082488077       -79.065887594274173       -47.927429720183248        0.0000000000000000     
   90.571550372621275       -1.9623074197787664       -39.767484882725157        12.275433932136467        80.419002445756163     
   290.69299776041817        47.310572505493454        241.68954310513672        154.43540212584418        0.0000000000000000     

 NUMBER OF POINTS PASSING THE CHECK          20
 NUMBER OF POINTS FAILING THE CHECK           0
 TOLERANCE    1.0000000000000001E-005
