==== LHAPDF6 USING DEFAULT-TYPE LHAGLUE INTERFACE ====
LHAPDF 6.2.1 loading /cvmfs/cms.cern.ch/slc7_amd64_gcc700/external/lhapdf/6.2.1-pafccj3/share/LHAPDF/NNPDF31_nnlo_as_0118_nf_4_mc_hessian/NNPDF31_nnlo_as_0118_nf_4_mc_hessian_0000.dat
NNPDF31_nnlo_as_0118_nf_4_mc_hessian PDF set, member #0, version 1; LHAPDF ID = 325500
 A PDF is used, so alpha_s(MZ) is going to be modified
 Old value of alpha_s from param_card:   0.11799999999999999     
 New value of alpha_s from PDF lhapdf :  0.11266013434007299     
 *****************************************************
 *               MadGraph/MadEvent                   *
 *        --------------------------------           *
 *          http://madgraph.hep.uiuc.edu             *
 *          http://madgraph.phys.ucl.ac.be           *
 *          http://madgraph.roma2.infn.it            *
 *        --------------------------------           *
 *                                                   *
 *          PARAMETER AND COUPLING VALUES            *
 *                                                   *
 *****************************************************

  External Params
  ---------------------------------
  
 MU_R =    91.188000000000002     
 aEWM1 =    132.50700000000001     
 mdl_Gf =    1.1663900000000000E-005
 aS =   0.11799999999999999     
 mdl_ymb =    4.7000000000000002     
 mdl_ymt =    173.00000000000000     
 mdl_ymtau =    1.7769999999999999     
 mdl_MT =    173.00000000000000     
 mdl_MB =    4.7000000000000002     
 mdl_MZ =    91.188000000000002     
 mdl_MH =    125.00000000000000     
 mdl_MTA =    1.7769999999999999     
 mdl_WT =    1.4915000000000000     
 mdl_WZ =    2.4414039999999999     
 mdl_WW =    2.0476000000000001     
 mdl_WH =    6.3823389999999999E-003
  Internal Params
  ---------------------------------
  
 mdl_conjg__CKM3x3 =    1.0000000000000000     
 mdl_CKM22 =    1.0000000000000000     
 mdl_lhv =    1.0000000000000000     
 mdl_CKM3x3 =    1.0000000000000000     
 mdl_conjg__CKM22 =    1.0000000000000000     
 mdl_conjg__CKM33 =    1.0000000000000000     
 mdl_Ncol =    3.0000000000000000     
 mdl_CA =    3.0000000000000000     
 mdl_TF =   0.50000000000000000     
 mdl_CF =    1.3333333333333333     
 mdl_complexi =                (0.0000000000000000,1.0000000000000000)
 mdl_MZ__exp__2 =    8315.2513440000002     
 mdl_MZ__exp__4 =    69143404.913893804     
 mdl_sqrt__2 =    1.4142135623730951     
 mdl_MH__exp__2 =    15625.000000000000     
 mdl_Ncol__exp__2 =    9.0000000000000000     
 mdl_MB__exp__2 =    22.090000000000003     
 mdl_MT__exp__2 =    29929.000000000000     
 mdl_aEW =    7.5467711139788835E-003
 mdl_MW =    80.419002445756163     
 mdl_sqrt__aEW =    8.6872153846781555E-002
 mdl_ee =   0.30795376724436879     
 mdl_MW__exp__2 =    6467.2159543705357     
 mdl_sw2 =   0.22224648578577766     
 mdl_cw =   0.88190334743339216     
 mdl_sqrt__sw2 =   0.47143025548407230     
 mdl_sw =   0.47143025548407230     
 mdl_g1 =   0.34919219678733299     
 mdl_gw =   0.65323293034757990     
 mdl_v =    246.21845810181637     
 mdl_v__exp__2 =    60623.529110035903     
 mdl_lam =   0.12886910601690263     
 mdl_yb =    2.6995554250465490E-002
 mdl_yt =   0.99366614581500623     
 mdl_ytau =    1.0206617000654717E-002
 mdl_muH =    88.388347648318430     
 mdl_AxialZUp =  -0.18517701861793787     
 mdl_AxialZDown =   0.18517701861793787     
 mdl_VectorZUp =    7.5430507588273299E-002
 mdl_VectorZDown =  -0.13030376310310560     
 mdl_VectorAUp =   0.20530251149624587     
 mdl_VectorADown =  -0.10265125574812294     
 mdl_VectorWmDxU =   0.23095271737156670     
 mdl_AxialWmDxU =  -0.23095271737156670     
 mdl_VectorWpUxD =   0.23095271737156670     
 mdl_AxialWpUxD =  -0.23095271737156670     
 mdl_I1x33 =          (2.69955542504654901E-002,0.0000000000000000)
 mdl_I2x33 =               (0.99366614581500623,0.0000000000000000)
 mdl_I3x33 =               (0.99366614581500623,0.0000000000000000)
 mdl_I4x33 =          (2.69955542504654901E-002,0.0000000000000000)
 mdl_Vector_tbGp =              (-0.96667059156454072,0.0000000000000000)
 mdl_Axial_tbGp =              (-1.0206617000654716,-0.0000000000000000)
 mdl_Vector_tbGm =               (0.96667059156454072,0.0000000000000000)
 mdl_Axial_tbGm =              (-1.0206617000654716,-0.0000000000000000)
 mdl_gw__exp__2 =   0.42671326129048615     
 mdl_cw__exp__2 =   0.77775351421422245     
 mdl_ee__exp__2 =    9.4835522759998875E-002
 mdl_sw__exp__2 =   0.22224648578577769     
 mdl_yb__exp__2 =    7.2875994928982540E-004
 mdl_yt__exp__2 =   0.98737240933884918     
  Internal Params evaluated point by point
  ----------------------------------------
  
 mdl_sqrt__aS =   0.34351128074635334     
 mdl_G__exp__4 =    2.1987899468922913     
 mdl_G__exp__2 =    1.4828317324943823     
 mdl_R2MixedFactor_FIN_ =   -2.5040377713124864E-002
 mdl_G_UVg_1EPS_ =   -5.1645779033320030E-002
 mdl_G_UVq_1EPS_ =    3.1300472141406080E-003
 mdl_GWcft_UV_b_1EPS_ =   -3.1300472141406080E-003
 mdl_GWcft_UV_t_1EPS_ =   -3.1300472141406080E-003
 mdl_bWcft_UV_1EPS_ =   -1.8780283284843650E-002
 mdl_tWcft_UV_1EPS_ =   -1.8780283284843650E-002
 mdl_G__exp__3 =    1.8056676068262196     
 mdl_MU_R__exp__2 =    8315.2513440000002     
 mdl_G_UVb_FIN_ =    1.8563438626678915E-002
 mdl_G_UVt_FIN_ =   -4.0087659331150384E-003
 mdl_GWcft_UV_b_FIN_ =   -1.8563438626678915E-002
 mdl_GWcft_UV_t_FIN_ =    4.0087659331150384E-003
 mdl_bWcft_UV_FIN_ =  -0.13642100947319838     
 mdl_tWcft_UV_FIN_ =   -9.8778211443463623E-004
  Couplings of loop_sm
  ---------------------------------
  
      UV_GQQb =   0.00000E+00   0.22605E-01
      UV_GQQt =   0.00000E+00  -0.48815E-02
   UVWfct_G_2 =   0.40088E-02   0.00000E+00
   UVWfct_G_1 =  -0.18563E-01   0.00000E+00
       R2_DDA =   0.00000E+00   0.25704E-02
       R2_UUA =  -0.00000E+00  -0.51409E-02
    R2_UUZ_V2 =  -0.00000E+00  -0.72127E-02
    R2_UUZ_V5 =   0.00000E+00   0.68702E-03
      R2_sxcW =  -0.00000E+00  -0.11566E-01
      R2_GGHb =   0.00000E+00  -0.33698E-02
      R2_GGHt =   0.00000E+00  -0.45657E+01
     R2_GGZup =  -0.46369E-02   0.00000E+00
    R2_GGWWcs =   0.00000E+00   0.13356E-02
         GC_4 =  -0.12177E+01   0.00000E+00
         GC_5 =   0.00000E+00   0.12177E+01
       R2_GQQ =  -0.00000E+00  -0.30492E-01
       R2_QQq =   0.00000E+00   0.12520E-01
 UV_GQQg_1eps =   0.00000E+00  -0.62890E-01
 UV_GQQq_1eps =   0.00000E+00   0.38115E-02
 UVWfct_G_2_1eps -0.31300E-02   0.00000E+00
         GC_1 =  -0.00000E+00  -0.10265E+00
         GC_2 =   0.00000E+00   0.20530E+00
         GC_7 =   0.00000E+00   0.57609E+00
        GC_22 =   0.00000E+00   0.28804E+00
        GC_23 =  -0.00000E+00  -0.27437E-01
        GC_24 =   0.00000E+00   0.82310E-01
        GC_25 =   0.00000E+00   0.30795E+00
        GC_28 =   0.00000E+00   0.37035E+00
        GC_31 =   0.00000E+00   0.52532E+02
        GC_33 =  -0.00000E+00  -0.19089E-01
        GC_37 =  -0.00000E+00  -0.70263E+00
        GC_38 =  -0.00000E+00  -0.72172E-02
        GC_47 =   0.00000E+00   0.46191E+00

 Collider parameters:
 --------------------

 Running at P P   machine @    13000.000000000000       GeV
 PDF set = lhapdf 
 alpha_s(Mz)= 0.1127 running at 3 loops.
 alpha_s(Mz)= 0.1127 running at 3 loops.
 Renormalization scale set on event-by-event basis
 Factorization   scale set on event-by-event basis


 ===============================================================
 INFO: MadFKS read these parameters from FKS_params.dat
 ===============================================================
  > IRPoleCheckThreshold      =    1.0000000000000001E-005
  > PrecisionVirtualAtRunTime =    1.0000000000000000E-003
  > NHelForMCoverHels         =            4
  > VirtualFraction           =    1.0000000000000000     
  > MinVirtualFraction        =    5.0000000000000001E-003
 ===============================================================
  Insert the number of points to test
 Insert the relative tolerance
  A negative number will mean use the default one:    1.0000000000000001E-005
Using random seed offsets:     1 ,     54 ,      0
  with seed                   32
 Ranmar initialization seeds       10730        9460
  ========================================================================================== 
 {                                                                                          }
 {       [32m                                                                            [0m       }
 {       [32m                               ,,                                           [0m       }
 {       [32m`7MMM.     ,MMF'             `7MM  `7MMF'                                   [0m       }
 {       [32m  MMMb    dPMM                 MM    MM                                     [0m       }
 {       [32m  M YM   ,M MM   ,6"Yb.   ,M""bMM    MM         ,pW"Wq.   ,pW"Wq.`7MMpdMAo. [0m       }
 {       [32m  M  Mb  M' MM  8)   MM ,AP    MM    MM        6W'   `Wb 6W'   `Wb MM   `Wb [0m       }
 {       [32m  M  YM.P'  MM   ,pm9MM 8MI    MM    MM      , 8M     M8 8M     M8 MM    M8 [0m       }
 {       [32m  M  `YM'   MM  8M   MM `Mb    MM    MM     ,M YA.   ,A9 YA.   ,A9 MM   ,AP [0m       }
 {       [32m.JML. `'  .JMML.`Moo9^Yo.`Wbmd"MML..JMMmmmmMMM  `Ybmd9'   `Ybmd9'  MMbmmd'  [0m       }
 {       [32m                                                                   MM       [0m       }
 {       [32m                                                                 .JMML.     [0m       }
 {       [32m[0mv2.6.5 (2018-02-03), Ref: arXiv:1103.0621v2, arXiv:1405.0301[32m                [0m       }
 {       [32m                                                                            [0m       }
 {                                                                                          }
  ========================================================================================== 
 ===============================================================
 INFO: MadLoop read these parameters from ./MadLoop5_resources/MadLoopParams.dat                                                                                                                                                                                                                                                                                                                                                                                                                                                                                          
 ===============================================================
  > MLReductionLib            = 6|7|1
  > CTModeRun                 =           -1
  > MLStabThres               =    1.0000000000000000E-003
  > NRotations_DP             =            0
  > NRotations_QP             =            0
  > CTStabThres               =    1.0000000000000000E-002
  > CTLoopLibrary             =            2
  > CTModeInit                =            1
  > CheckCycle                =            3
  > MaxAttempts               =           10
  > UseLoopFilter             =  F
  > HelicityFilterLevel       =            2
  > ImprovePSPoint            =            2
  > DoubleCheckHelicityFilter =  T
  > LoopInitStartOver         =  F
  > HelInitStartOver          =  F
  > ZeroThres                 =    1.0000000000000001E-009
  > OSThres                   =    1.0000000000000000E-008
  > WriteOutFilters           =  T
  > UseQPIntegrandForNinja    =  T
  > UseQPIntegrandForCutTools =  T
  > IREGIMODE                 =            2
  > IREGIRECY                 =  T
  > COLLIERMode               =            1
  > COLLIERRequiredAccuracy   =    1.0000000000000000E-008
  > COLLIERCanOutput          =  F
  > COLLIERComputeUVpoles     =  T
  > COLLIERComputeIRpoles     =  T
  > COLLIERGlobalCache        =           -1
  > COLLIERUseCacheForPoles   =  F
  > COLLIERUseInternalStabilityTest =  T
 ===============================================================
  
------------------------------------------------------------------------
|              You are using CutTools - Version 1.9.3                  |
|              Authors: G. Ossola, C. Papadopoulos, R. Pittau          |
|              Published in JHEP 0803:042,2008                         |
|              http://www.ugr.es/~pittau/CutTools                      |
|                                                                      |
|              Compiler with  34  significant digits detetected        |
 ---------------------------------------------------------------------- 
   
########################################################################
#                                                                      #

  +----------------------------------------------------------------+
  |                                                                |
  |  Ninja - version 1.1.0                                         |
  |                                                                |
  |  Author: Tiziano Peraro                                        |
  |                                                                |
  |  Based on:                                                     |
  |                                                                |
  |      P. Mastrolia, E. Mirabella and T. Peraro,                 |
  |      "Integrand reduction of one-loop scattering amplitudes    |
  |      through Laurent series expansion,"                        |
  |      JHEP 1206 (2012) 095  [arXiv:1203.0291 [hep-ph]].         |
  |                                                                |
  |      T. Peraro,                                                |
  |      "Ninja: Automated Integrand Reduction via Laurent         |
  |      Expansion for One-Loop Amplitudes,"                       |
  |      Comput.Phys.Commun. 185 (2014) [arXiv:1403.1229 [hep-ph]] |
  |                                                                |
  +----------------------------------------------------------------+


#                      You are using OneLOop-3.6                       #
#                                                                      #
# for the evaluation of 1-loop scalar 1-, 2-, 3- and 4-point functions #
#                                                                      #
# author: Andreas van Hameren <hamerenREMOVETHIS@ifj.edu.pl>           #
#   date: 18-02-2015                                                   #
#                                                                      #
# Please cite                                                          #
#    A. van Hameren,                                                   #
#      Comput.Phys.Commun. 182 (2011) 2427-2438, arXiv:1007.4716       #
#    A. van Hameren, C.G. Papadopoulos and R. Pittau,                  #
#      JHEP 0909:106,2009, arXiv:0903.4665                             #
# in publications with results obtained with the help of this program. #
#                                                                      #
########################################################################
########################################################################
#                                                                      #
#                      You are using OneLOop-3.6                       #
#                                                                      #
# for the evaluation of 1-loop scalar 1-, 2-, 3- and 4-point functions #
#                                                                      #
# author: Andreas van Hameren <hamerenREMOVETHIS@ifj.edu.pl>           #
#   date: 18-02-2015                                                   #
#                                                                      #
# Please cite                                                          #
#    A. van Hameren,                                                   #
#      Comput.Phys.Commun. 182 (2011) 2427-2438, arXiv:1007.4716       #
#    A. van Hameren, C.G. Papadopoulos and R. Pittau,                  #
#      JHEP 0909:106,2009, arXiv:0903.4665                             #
# in publications with results obtained with the help of this program. #
#                                                                      #
########################################################################
 PASSED   1.0000000000000001E-005
 MU_R    =    325.00000000000000     
 ALPHA_S =   0.11799999999999999     
 BORN                    1.8747279736427671E-012
 SINGLE POLE (MadFKS)   -2.5351502296706993E-014
 DOUBLE POLE (MadFKS)   -1.9951156041984836E-013
 SINGLE POLE (MadLoop)  -2.5351502296642221E-014
 DOUBLE POLE (MadLoop)  -1.9951156041984316E-013
 FINITE PART (MadLoop)   2.0157001933256635E-012
   325.00000000000000        0.0000000000000000        0.0000000000000000        325.00000000000000        0.0000000000000000     
   325.00000000000000        0.0000000000000000        0.0000000000000000       -325.00000000000000        0.0000000000000000     
   119.29195752917440        54.935313292585626       -18.340047976969423        104.27448103822081        1.7769999999999999     
   134.77319623104341       -10.468796946202779       -85.290041935688592       -103.82594791013945        0.0000000000000000     
   227.41463318896822       -16.812218400337997        134.73765645670605       -163.74771045457848        80.419002445756163     
   168.52021305081402       -27.654297946044849       -31.107566544047973        163.29917732649710        0.0000000000000000     

 PASSED   1.0000000000000001E-005
 MU_R    =    325.00000000000000     
 ALPHA_S =   0.11799999999999999     
 BORN                    1.5505021941964837E-010
 SINGLE POLE (MadFKS)   -6.1917712492975499E-012
 DOUBLE POLE (MadFKS)   -1.6500693249776253E-011
 SINGLE POLE (MadLoop)  -6.1917712492959133E-012
 DOUBLE POLE (MadLoop)  -1.6500693249776276E-011
 FINITE PART (MadLoop)   4.9211325198336094E-011
   325.00000000000000        0.0000000000000000        0.0000000000000000        325.00000000000000        0.0000000000000000     
   325.00000000000000        0.0000000000000000        0.0000000000000000       -325.00000000000000        0.0000000000000000     
   221.28952291908027        167.19255905310231        142.37519908309599        27.236852022175267        1.7769999999999999     
   53.290320391991628        14.230167152689173        33.078080994267644       -39.283598969854005        0.0000000000000000     
   234.85171073846035       -175.67499490146213       -89.526550051351279       -99.052526897021082        80.419002445756163     
   140.56844595046778       -5.7477313043293528       -85.926730026012379        111.09927384469985        0.0000000000000000     

 PASSED   1.0000000000000001E-005
 MU_R    =    325.00000000000000     
 ALPHA_S =   0.11799999999999999     
 BORN                    1.2588937465715897E-010
 SINGLE POLE (MadFKS)   -1.4510063119531246E-011
 DOUBLE POLE (MadFKS)   -1.3397349338808486E-011
 SINGLE POLE (MadLoop)  -1.4510063119534818E-011
 DOUBLE POLE (MadLoop)  -1.3397349338808518E-011
 FINITE PART (MadLoop)   1.0564456774404474E-011
   325.00000000000000        0.0000000000000000        0.0000000000000000        325.00000000000000        0.0000000000000000     
   325.00000000000000        0.0000000000000000        0.0000000000000000       -325.00000000000000        0.0000000000000000     
   162.73657464733253        39.867429581815436        152.75419941873176        39.456021307630024        1.7769999999999999     
   98.658496140908454       -31.497838538661007       0.13087976968860066        93.495282761559551        0.0000000000000000     
   114.78650796278068        48.539157487018578        41.592646279225171        51.212580699088385        80.419002445756163     
   273.81842124897827       -56.908748530173007       -194.47772546764548       -184.16388476827791        0.0000000000000000     

 PASSED   1.0000000000000001E-005
 MU_R    =    325.00000000000000     
 ALPHA_S =   0.11799999999999999     
 BORN                    4.9933567190747059E-012
 SINGLE POLE (MadFKS)   -1.2201250828839107E-013
 DOUBLE POLE (MadFKS)   -5.3140103778350245E-013
 SINGLE POLE (MadLoop)  -1.2201250828846094E-013
 DOUBLE POLE (MadLoop)  -5.3140103778350427E-013
 FINITE PART (MadLoop)  -5.7079658077590058E-015
   325.00000000000000        0.0000000000000000        0.0000000000000000        325.00000000000000        0.0000000000000000     
   325.00000000000000        0.0000000000000000        0.0000000000000000       -325.00000000000000        0.0000000000000000     
   172.38176485657928       -139.50665922903309        57.450972831400669       -83.364218208708024        1.7769999999999999     
   157.95853311165592        11.930005877360504       -151.80350672320944       -42.003196177061668        0.0000000000000000     
   141.60765350076693        113.78185367858529       0.44803154696647163       -25.278461520050225        80.419002445756163     
   178.05204853099784        13.794799673087301        93.904502344842314        150.64587590581993        0.0000000000000000     

 PASSED   1.0000000000000001E-005
 MU_R    =    325.00000000000000     
 ALPHA_S =   0.11799999999999999     
 BORN                    8.6419614693005278E-012
 SINGLE POLE (MadFKS)   -1.2538009606998909E-012
 DOUBLE POLE (MadFKS)   -9.1969141233761623E-013
 SINGLE POLE (MadLoop)  -1.2538009606987529E-012
 DOUBLE POLE (MadLoop)  -9.1969141233745224E-013
 FINITE PART (MadLoop)  -1.1024062530104610E-012
   325.00000000000000        0.0000000000000000        0.0000000000000000        325.00000000000000        0.0000000000000000     
   325.00000000000000        0.0000000000000000        0.0000000000000000       -325.00000000000000        0.0000000000000000     
   271.12076452316046       -224.68736401898559       -151.61397196989162       -5.6659668491718396        1.7769999999999999     
   102.06437590834678        77.724480159041164       -51.592932094040542       -41.403035776460349        0.0000000000000000     
   261.53681346306462        149.29469966133493        196.24377530690018        33.671384711205377        80.419002445756163     
   15.278046105428189       -2.3318158013904671        6.9631287570319671        13.397617914426791        0.0000000000000000     

 PASSED   1.0000000000000001E-005
 MU_R    =    325.00000000000000     
 ALPHA_S =   0.11799999999999999     
 BORN                    5.9304800125813436E-012
 SINGLE POLE (MadFKS)   -1.6840934768880254E-014
 DOUBLE POLE (MadFKS)   -6.3113120302449094E-013
 SINGLE POLE (MadLoop)  -1.6840934769464579E-014
 DOUBLE POLE (MadLoop)  -6.3113120302436825E-013
 FINITE PART (MadLoop)  -2.4087862872597947E-012
   325.00000000000000        0.0000000000000000        0.0000000000000000        325.00000000000000        0.0000000000000000     
   325.00000000000000        0.0000000000000000        0.0000000000000000       -325.00000000000000        0.0000000000000000     
   115.19293093511624       -26.609921481127994       -112.03206618370739        2.6423159917156469        1.7769999999999999     
   191.74230169181271        53.147929679832011        107.97400470262147       -149.27163875733405        0.0000000000000000     
   122.73702210231195       -8.2108619678939245        66.796604163751780       -63.780530400021988        80.419002445756163     
   220.32774527075915       -18.327146230810055       -62.738542682665894        210.40985316564038        0.0000000000000000     

 PASSED   1.0000000000000001E-005
 MU_R    =    325.00000000000000     
 ALPHA_S =   0.11799999999999999     
 BORN                    3.9238307250822365E-010
 SINGLE POLE (MadFKS)   -1.4385480061510006E-010
 DOUBLE POLE (MadFKS)   -4.1758036461330121E-011
 SINGLE POLE (MadLoop)  -1.4385480061432140E-010
 DOUBLE POLE (MadLoop)  -4.1758036461400761E-011
 FINITE PART (MadLoop)  -2.0027291562894609E-010
   325.00000000000000        0.0000000000000000        0.0000000000000000        325.00000000000000        0.0000000000000000     
   325.00000000000000        0.0000000000000000        0.0000000000000000       -325.00000000000000        0.0000000000000000     
   243.06177341413377        173.31661392750041        170.21442260049355        8.0168348935232050        1.7769999999999999     
   297.04384022523777       -201.88876967403971       -217.55927758726622       -11.997017586299849        0.0000000000000000     
   96.599101566402936        26.582778792634429        43.410890739585000        16.523344271768131        80.419002445756163     
   13.295284794225557        1.9893769539048716        3.9339642471875611       -12.543161578991457        0.0000000000000000     

 PASSED   1.0000000000000001E-005
 MU_R    =    325.00000000000000     
 ALPHA_S =   0.11799999999999999     
 BORN                    8.1372597734304882E-011
 SINGLE POLE (MadFKS)   -3.2808025345828738E-012
 DOUBLE POLE (MadFKS)   -8.6598024767519416E-012
 SINGLE POLE (MadLoop)  -3.2808025345887344E-012
 DOUBLE POLE (MadLoop)  -8.6598024767519303E-012
 FINITE PART (MadLoop)   7.4349351436227261E-012
   325.00000000000000        0.0000000000000000        0.0000000000000000        325.00000000000000        0.0000000000000000     
   325.00000000000000        0.0000000000000000        0.0000000000000000       -325.00000000000000        0.0000000000000000     
   99.219865907385866        89.257466452434585        11.236281172500290       -41.812375316222592        1.7769999999999999     
   180.64092657922794        64.259261862692426        167.40863582777942       -21.822929925788536        0.0000000000000000     
   93.478647466415921        14.159342069874247        38.000897512029638        25.029710310118286        80.419002445756163     
   276.66056004697026       -167.67607038500122       -216.64581451230933        38.605594931892846        0.0000000000000000     

 PASSED   1.0000000000000001E-005
 MU_R    =    325.00000000000000     
 ALPHA_S =   0.11799999999999999     
 BORN                    2.0356057511803221E-011
 SINGLE POLE (MadFKS)   -3.1913549820867554E-012
 DOUBLE POLE (MadFKS)   -2.1663243175939927E-012
 SINGLE POLE (MadLoop)  -3.1913549820865938E-012
 DOUBLE POLE (MadLoop)  -2.1663243175939960E-012
 FINITE PART (MadLoop)   4.8320879179613773E-013
   325.00000000000000        0.0000000000000000        0.0000000000000000        325.00000000000000        0.0000000000000000     
   325.00000000000000        0.0000000000000000        0.0000000000000000       -325.00000000000000        0.0000000000000000     
   124.20835146280247        64.937719801712106        8.1742329310126056        105.55013646154579        1.7769999999999999     
   279.25539838201468       -144.54816158510536       -178.06861465120295       -159.31407654085490        0.0000000000000000     
   185.42612730934701        91.066608784040596        115.53075520872306        79.215845006212263        80.419002445756163     
   61.110122845835797       -11.456167000647415        54.363626511467260       -25.451904926903076        0.0000000000000000     

 PASSED   1.0000000000000001E-005
 MU_R    =    325.00000000000000     
 ALPHA_S =   0.11799999999999999     
 BORN                    1.8649921162203217E-011
 SINGLE POLE (MadFKS)   -1.7390376486052328E-012
 DOUBLE POLE (MadFKS)   -1.9847545484416691E-012
 SINGLE POLE (MadLoop)  -1.7390376486052645E-012
 DOUBLE POLE (MadLoop)  -1.9847545484416699E-012
 FINITE PART (MadLoop)  -2.3155557513832540E-013
   325.00000000000000        0.0000000000000000        0.0000000000000000        325.00000000000000        0.0000000000000000     
   325.00000000000000        0.0000000000000000        0.0000000000000000       -325.00000000000000        0.0000000000000000     
   101.91735662614504       -81.255846102492967        58.829810953961271       -17.903370351695887        1.7769999999999999     
   123.18809203832238       -93.058358893555379       -64.893737471302217        48.002611356947376        0.0000000000000000     
   299.47528194915532        277.24189482951647        77.068015776941536       -20.388262302118040        80.419002445756163     
   125.41926938637722       -102.92768983346808       -71.004089259600590       -9.7109787031334651        0.0000000000000000     

 PASSED   1.0000000000000001E-005
 MU_R    =    325.00000000000000     
 ALPHA_S =   0.11799999999999999     
 BORN                    2.0016400604166595E-011
 SINGLE POLE (MadFKS)   -3.3356158054762893E-012
 DOUBLE POLE (MadFKS)   -2.1301774842385972E-012
 SINGLE POLE (MadLoop)  -3.3356158054734047E-012
 DOUBLE POLE (MadLoop)  -2.1301774842385810E-012
 FINITE PART (MadLoop)  -1.8863705427033720E-012
   325.00000000000000        0.0000000000000000        0.0000000000000000        325.00000000000000        0.0000000000000000     
   325.00000000000000        0.0000000000000000        0.0000000000000000       -325.00000000000000        0.0000000000000000     
   41.872093545741031        7.4468684703568151       -14.374431610200752        38.575048344391675        1.7769999999999999     
   309.14615349257355       -221.92870858260989       -18.290085725029069       -214.43988735839233        0.0000000000000000     
   283.48452359785125        212.53894226902455        19.231512362078945        168.38529067754590        80.419002445756163     
   15.497229363834123        1.9428978432285382        13.433004973150931        7.4795483364547399        0.0000000000000000     

 PASSED   1.0000000000000001E-005
 MU_R    =    325.00000000000000     
 ALPHA_S =   0.11799999999999999     
 BORN                    7.6108438438410403E-012
 SINGLE POLE (MadFKS)   -5.2274376111743950E-013
 DOUBLE POLE (MadFKS)   -8.0995821940291076E-013
 SINGLE POLE (MadLoop)  -5.2274376111736155E-013
 DOUBLE POLE (MadLoop)  -8.0995821940287966E-013
 FINITE PART (MadLoop)   1.0047174725891263E-012
   325.00000000000000        0.0000000000000000        0.0000000000000000        325.00000000000000        0.0000000000000000     
   325.00000000000000        0.0000000000000000        0.0000000000000000       -325.00000000000000        0.0000000000000000     
   144.68180408963377        134.15085790221158       -53.574272881963921       -7.9379666729375957        1.7769999999999999     
   169.05087624283695       -139.09113160613560       -45.286885060107274        84.740509253533929        0.0000000000000000     
   152.55774001522781       -82.193207724899835       -62.864825789279379       -78.095700051656607        80.419002445756163     
   183.70957965230144        87.133481428823771        161.72598373135074        1.2931574710600786        0.0000000000000000     

 PASSED   1.0000000000000001E-005
 MU_R    =    325.00000000000000     
 ALPHA_S =   0.11799999999999999     
 BORN                    7.1284751447290460E-012
 SINGLE POLE (MadFKS)   -7.0165698884096584E-013
 DOUBLE POLE (MadFKS)   -7.5862376810621045E-013
 SINGLE POLE (MadLoop)  -7.0165698884095140E-013
 DOUBLE POLE (MadLoop)  -7.5862376810620954E-013
 FINITE PART (MadLoop)   1.5017774399955755E-012
   325.00000000000000        0.0000000000000000        0.0000000000000000        325.00000000000000        0.0000000000000000     
   325.00000000000000        0.0000000000000000        0.0000000000000000       -325.00000000000000        0.0000000000000000     
   37.972779805536568       -33.247757269770190       -17.822489139756325        3.9648196117195753        1.7769999999999999     
   132.76858975585466        10.102325154267024        113.11018520618374       -68.786099285093272        0.0000000000000000     
   258.27146066090779        175.70374562237521        25.611753040539682        169.43778598059629        80.419002445756163     
   220.98716977770093       -152.55831350687205       -120.89944910696724       -104.61650630722261        0.0000000000000000     

 PASSED   1.0000000000000001E-005
 MU_R    =    325.00000000000000     
 ALPHA_S =   0.11799999999999999     
 BORN                    8.9983203523292305E-010
 SINGLE POLE (MadFKS)   -8.8102252959952322E-011
 DOUBLE POLE (MadFKS)   -9.5761569672559652E-011
 SINGLE POLE (MadLoop)  -8.8102252959953330E-011
 DOUBLE POLE (MadLoop)  -9.5761569672560247E-011
 FINITE PART (MadLoop)   7.2319349299671737E-011
   325.00000000000000        0.0000000000000000        0.0000000000000000        325.00000000000000        0.0000000000000000     
   325.00000000000000        0.0000000000000000        0.0000000000000000       -325.00000000000000        0.0000000000000000     
   209.75360481462766        14.185716329027771       -170.05238933181698        121.96051548965951        1.7769999999999999     
   26.266544219241887        17.328256803322876       -13.362450209480532       -14.529548712146473        0.0000000000000000     
   242.73306785451152       -182.95812367946812        128.69287566964348       -49.158875162665140        80.419002445756163     
   171.24678311161890        151.44415054711749        54.721963871654026       -58.272091614847888        0.0000000000000000     

 PASSED   1.0000000000000001E-005
 MU_R    =    325.00000000000000     
 ALPHA_S =   0.11799999999999999     
 BORN                    4.6533268552735597E-011
 SINGLE POLE (MadFKS)   -1.9217519626059860E-012
 DOUBLE POLE (MadFKS)   -4.9521451383437913E-012
 SINGLE POLE (MadLoop)  -1.9217519626062914E-012
 DOUBLE POLE (MadLoop)  -4.9521451383438560E-012
 FINITE PART (MadLoop)   6.0521626238112314E-012
   325.00000000000000        0.0000000000000000        0.0000000000000000        325.00000000000000        0.0000000000000000     
   325.00000000000000        0.0000000000000000        0.0000000000000000       -325.00000000000000        0.0000000000000000     
   36.375268850872366        3.4878271820369044       -9.9808837599732261       -34.759451605159029        1.7769999999999999     
   214.62645512437058        184.53777874226114       -109.51988344834518        3.9646671470154837        0.0000000000000000     
   199.06045601291930       -15.443144435009408        172.95016316538755       -54.841585906373183        80.419002445756163     
   199.93782001183783       -172.58246148928862       -53.449395957069136        85.636370364516736        0.0000000000000000     

 PASSED   1.0000000000000001E-005
 MU_R    =    325.00000000000000     
 ALPHA_S =   0.11799999999999999     
 BORN                    1.0274390167473307E-011
 SINGLE POLE (MadFKS)   -2.5956915122394881E-013
 DOUBLE POLE (MadFKS)   -1.0934170949035782E-012
 SINGLE POLE (MadLoop)  -2.5956915122401489E-013
 DOUBLE POLE (MadLoop)  -1.0934170949035784E-012
 FINITE PART (MadLoop)   5.2171309420519549E-012
   325.00000000000000        0.0000000000000000        0.0000000000000000        325.00000000000000        0.0000000000000000     
   325.00000000000000        0.0000000000000000        0.0000000000000000       -325.00000000000000        0.0000000000000000     
   41.183976483738149      -0.57808511815689190       -3.0237460747563318       -41.030293287821593        1.7769999999999999     
   216.20631898325996        86.504884698675667        193.86672746832849        40.960581932887820        0.0000000000000000     
   222.91020870409324       -100.02647081884237       -107.57244594514430       -147.12110385338377        80.419002445756163     
   169.69949582890862        14.099671238323586       -83.270535448427850        147.19081520831753        0.0000000000000000     

 PASSED   1.0000000000000001E-005
 MU_R    =    325.00000000000000     
 ALPHA_S =   0.11799999999999999     
 BORN                    1.0393082565397392E-010
 SINGLE POLE (MadFKS)   -1.1345675827700991E-011
 DOUBLE POLE (MadFKS)   -1.1060485304252847E-011
 SINGLE POLE (MadLoop)  -1.1345675827701144E-011
 DOUBLE POLE (MadLoop)  -1.1060485304252766E-011
 FINITE PART (MadLoop)   1.0968830252059884E-011
   325.00000000000000        0.0000000000000000        0.0000000000000000        325.00000000000000        0.0000000000000000     
   325.00000000000000        0.0000000000000000        0.0000000000000000       -325.00000000000000        0.0000000000000000     
   152.11959981393952       -118.97540992384602        51.953965663397504        79.264444764676313        1.7769999999999999     
   56.195472954150389        3.7420941195635642       -54.369844406171524        13.705762707331584        0.0000000000000000     
   235.65325755928595        134.04581958291575        175.50316596518283        17.192987886766783        80.419002445756163     
   206.03166967262410       -18.812503778633282       -173.08728722240883       -110.16319535877470        0.0000000000000000     

 PASSED   1.0000000000000001E-005
 MU_R    =    325.00000000000000     
 ALPHA_S =   0.11799999999999999     
 BORN                    5.5890523558437437E-011
 SINGLE POLE (MadFKS)   -4.5219498287706516E-012
 DOUBLE POLE (MadFKS)   -5.9479592370722026E-012
 SINGLE POLE (MadLoop)  -4.5219498287683922E-012
 DOUBLE POLE (MadLoop)  -5.9479592370721897E-012
 FINITE PART (MadLoop)  -2.4939586152368276E-012
   325.00000000000000        0.0000000000000000        0.0000000000000000        325.00000000000000        0.0000000000000000     
   325.00000000000000        0.0000000000000000        0.0000000000000000       -325.00000000000000        0.0000000000000000     
   255.73628124830833       -207.88479228790902        146.75857810065767        25.371651641151505        1.7769999999999999     
   21.115006918458242        11.966897227913973       -16.241701425586196        6.2324973088799309        0.0000000000000000     
   285.52653606848219        252.69714209459050       -77.477410987324902       -72.108196543965875        80.419002445756163     
   87.622175764751262       -56.779247034595457       -53.039465687746549        40.504047593934438        0.0000000000000000     

 PASSED   1.0000000000000001E-005
 MU_R    =    325.00000000000000     
 ALPHA_S =   0.11799999999999999     
 BORN                    1.1552004681687472E-009
 SINGLE POLE (MadFKS)   -3.4588244060444891E-010
 DOUBLE POLE (MadFKS)   -1.2293828824362745E-010
 SINGLE POLE (MadLoop)  -3.4588244060444384E-010
 DOUBLE POLE (MadLoop)  -1.2293828824362598E-010
 FINITE PART (MadLoop)  -5.1404353147161257E-011
   325.00000000000000        0.0000000000000000        0.0000000000000000        325.00000000000000        0.0000000000000000     
   325.00000000000000        0.0000000000000000        0.0000000000000000       -325.00000000000000        0.0000000000000000     
   215.74699723064231        60.145571756306595       -39.406939282716664        203.40406195431305        1.7769999999999999     
   100.05068734770845       -93.235187762620498       -4.9151508902969949       -35.960827206050553        0.0000000000000000     
Thanks for using LHAPDF 6.2.1. Please make sure to cite the paper:
  Eur.Phys.J. C75 (2015) 3, 132  (http://arxiv.org/abs/1412.7420)
   109.35106498198061        49.898537417815085        9.1646783041836493        54.005408002037569        80.419002445756163     
   224.85125043966863       -16.808921411501185        35.157411868830017       -221.44864275030008        0.0000000000000000     

 PASSED   1.0000000000000001E-005
 MU_R    =    325.00000000000000     
 ALPHA_S =   0.11799999999999999     
 BORN                    1.1386318367991007E-011
 SINGLE POLE (MadFKS)   -5.5198579193777748E-013
 DOUBLE POLE (MadFKS)   -1.2117502789596418E-012
 SINGLE POLE (MadLoop)  -5.5198579193747587E-013
 DOUBLE POLE (MadLoop)  -1.2117502789596422E-012
 FINITE PART (MadLoop)   1.9064669700078421E-012
   325.00000000000000        0.0000000000000000        0.0000000000000000        325.00000000000000        0.0000000000000000     
   325.00000000000000        0.0000000000000000        0.0000000000000000       -325.00000000000000        0.0000000000000000     
   75.052082172995313       -64.258548655675668        33.195861319865614        19.963241855982528        1.7769999999999999     
   220.76734124535497        132.74219127552993        173.69971872750355        30.759345407530990        0.0000000000000000     
   155.62802412316046        49.256643490209271       -58.137612360724205       -109.30080987431461        80.419002445756163     
   198.55255245848917       -117.74028611006349       -148.75796768664495        58.578222610801106        0.0000000000000000     

 NUMBER OF POINTS PASSING THE CHECK          20
 NUMBER OF POINTS FAILING THE CHECK           0
 TOLERANCE    1.0000000000000001E-005
