==== LHAPDF6 USING DEFAULT-TYPE LHAGLUE INTERFACE ====
LHAPDF 6.2.1 loading /cvmfs/cms.cern.ch/slc7_amd64_gcc700/external/lhapdf/6.2.1-pafccj3/share/LHAPDF/NNPDF31_nnlo_as_0118_nf_4_mc_hessian/NNPDF31_nnlo_as_0118_nf_4_mc_hessian_0000.dat
NNPDF31_nnlo_as_0118_nf_4_mc_hessian PDF set, member #0, version 1; LHAPDF ID = 325500
 A PDF is used, so alpha_s(MZ) is going to be modified
 Old value of alpha_s from param_card:   0.11799999999999999     
 New value of alpha_s from PDF lhapdf :  0.11266013434007299     
 *****************************************************
 *               MadGraph/MadEvent                   *
 *        --------------------------------           *
 *          http://madgraph.hep.uiuc.edu             *
 *          http://madgraph.phys.ucl.ac.be           *
 *          http://madgraph.roma2.infn.it            *
 *        --------------------------------           *
 *                                                   *
 *          PARAMETER AND COUPLING VALUES            *
 *                                                   *
 *****************************************************

  External Params
  ---------------------------------
  
 MU_R =    91.188000000000002     
 aEWM1 =    132.50700000000001     
 mdl_Gf =    1.1663900000000000E-005
 aS =   0.11799999999999999     
 mdl_ymb =    4.7000000000000002     
 mdl_ymt =    173.00000000000000     
 mdl_ymtau =    1.7769999999999999     
 mdl_MT =    173.00000000000000     
 mdl_MB =    4.7000000000000002     
 mdl_MZ =    91.188000000000002     
 mdl_MH =    125.00000000000000     
 mdl_MTA =    1.7769999999999999     
 mdl_WT =    1.4915000000000000     
 mdl_WZ =    2.4414039999999999     
 mdl_WW =    2.0476000000000001     
 mdl_WH =    6.3823389999999999E-003
  Internal Params
  ---------------------------------
  
 mdl_conjg__CKM3x3 =    1.0000000000000000     
 mdl_CKM22 =    1.0000000000000000     
 mdl_lhv =    1.0000000000000000     
 mdl_CKM3x3 =    1.0000000000000000     
 mdl_conjg__CKM22 =    1.0000000000000000     
 mdl_conjg__CKM33 =    1.0000000000000000     
 mdl_Ncol =    3.0000000000000000     
 mdl_CA =    3.0000000000000000     
 mdl_TF =   0.50000000000000000     
 mdl_CF =    1.3333333333333333     
 mdl_complexi =                (0.0000000000000000,1.0000000000000000)
 mdl_MZ__exp__2 =    8315.2513440000002     
 mdl_MZ__exp__4 =    69143404.913893804     
 mdl_sqrt__2 =    1.4142135623730951     
 mdl_MH__exp__2 =    15625.000000000000     
 mdl_Ncol__exp__2 =    9.0000000000000000     
 mdl_MB__exp__2 =    22.090000000000003     
 mdl_MT__exp__2 =    29929.000000000000     
 mdl_aEW =    7.5467711139788835E-003
 mdl_MW =    80.419002445756163     
 mdl_sqrt__aEW =    8.6872153846781555E-002
 mdl_ee =   0.30795376724436879     
 mdl_MW__exp__2 =    6467.2159543705357     
 mdl_sw2 =   0.22224648578577766     
 mdl_cw =   0.88190334743339216     
 mdl_sqrt__sw2 =   0.47143025548407230     
 mdl_sw =   0.47143025548407230     
 mdl_g1 =   0.34919219678733299     
 mdl_gw =   0.65323293034757990     
 mdl_v =    246.21845810181637     
 mdl_v__exp__2 =    60623.529110035903     
 mdl_lam =   0.12886910601690263     
 mdl_yb =    2.6995554250465490E-002
 mdl_yt =   0.99366614581500623     
 mdl_ytau =    1.0206617000654717E-002
 mdl_muH =    88.388347648318430     
 mdl_AxialZUp =  -0.18517701861793787     
 mdl_AxialZDown =   0.18517701861793787     
 mdl_VectorZUp =    7.5430507588273299E-002
 mdl_VectorZDown =  -0.13030376310310560     
 mdl_VectorAUp =   0.20530251149624587     
 mdl_VectorADown =  -0.10265125574812294     
 mdl_VectorWmDxU =   0.23095271737156670     
 mdl_AxialWmDxU =  -0.23095271737156670     
 mdl_VectorWpUxD =   0.23095271737156670     
 mdl_AxialWpUxD =  -0.23095271737156670     
 mdl_I1x33 =          (2.69955542504654901E-002,0.0000000000000000)
 mdl_I2x33 =               (0.99366614581500623,0.0000000000000000)
 mdl_I3x33 =               (0.99366614581500623,0.0000000000000000)
 mdl_I4x33 =          (2.69955542504654901E-002,0.0000000000000000)
 mdl_Vector_tbGp =              (-0.96667059156454072,0.0000000000000000)
 mdl_Axial_tbGp =              (-1.0206617000654716,-0.0000000000000000)
 mdl_Vector_tbGm =               (0.96667059156454072,0.0000000000000000)
 mdl_Axial_tbGm =              (-1.0206617000654716,-0.0000000000000000)
 mdl_gw__exp__2 =   0.42671326129048615     
 mdl_cw__exp__2 =   0.77775351421422245     
 mdl_ee__exp__2 =    9.4835522759998875E-002
 mdl_sw__exp__2 =   0.22224648578577769     
 mdl_yb__exp__2 =    7.2875994928982540E-004
 mdl_yt__exp__2 =   0.98737240933884918     
  Internal Params evaluated point by point
  ----------------------------------------
  
 mdl_sqrt__aS =   0.34351128074635334     
 mdl_G__exp__4 =    2.1987899468922913     
 mdl_G__exp__2 =    1.4828317324943823     
 mdl_R2MixedFactor_FIN_ =   -2.5040377713124864E-002
 mdl_G_UVg_1EPS_ =   -5.1645779033320030E-002
 mdl_G_UVq_1EPS_ =    3.1300472141406080E-003
 mdl_GWcft_UV_b_1EPS_ =   -3.1300472141406080E-003
 mdl_GWcft_UV_t_1EPS_ =   -3.1300472141406080E-003
 mdl_bWcft_UV_1EPS_ =   -1.8780283284843650E-002
 mdl_tWcft_UV_1EPS_ =   -1.8780283284843650E-002
 mdl_G__exp__3 =    1.8056676068262196     
 mdl_MU_R__exp__2 =    8315.2513440000002     
 mdl_G_UVb_FIN_ =    1.8563438626678915E-002
 mdl_G_UVt_FIN_ =   -4.0087659331150384E-003
 mdl_GWcft_UV_b_FIN_ =   -1.8563438626678915E-002
 mdl_GWcft_UV_t_FIN_ =    4.0087659331150384E-003
 mdl_bWcft_UV_FIN_ =  -0.13642100947319838     
 mdl_tWcft_UV_FIN_ =   -9.8778211443463623E-004
  Couplings of loop_sm
  ---------------------------------
  
      UV_GQQb =   0.00000E+00   0.22605E-01
      UV_GQQt =   0.00000E+00  -0.48815E-02
   UVWfct_G_2 =   0.40088E-02   0.00000E+00
   UVWfct_G_1 =  -0.18563E-01   0.00000E+00
       R2_DDA =   0.00000E+00   0.25704E-02
       R2_UUA =  -0.00000E+00  -0.51409E-02
    R2_UUZ_V2 =  -0.00000E+00  -0.72127E-02
    R2_UUZ_V5 =   0.00000E+00   0.68702E-03
      R2_sxcW =  -0.00000E+00  -0.11566E-01
      R2_GGHb =   0.00000E+00  -0.33698E-02
      R2_GGHt =   0.00000E+00  -0.45657E+01
     R2_GGZup =  -0.46369E-02   0.00000E+00
    R2_GGWWcs =   0.00000E+00   0.13356E-02
         GC_4 =  -0.12177E+01   0.00000E+00
         GC_5 =   0.00000E+00   0.12177E+01
       R2_GQQ =  -0.00000E+00  -0.30492E-01
       R2_QQq =   0.00000E+00   0.12520E-01
 UV_GQQg_1eps =   0.00000E+00  -0.62890E-01
 UV_GQQq_1eps =   0.00000E+00   0.38115E-02
 UVWfct_G_2_1eps -0.31300E-02   0.00000E+00
         GC_1 =  -0.00000E+00  -0.10265E+00
         GC_2 =   0.00000E+00   0.20530E+00
         GC_7 =   0.00000E+00   0.57609E+00
        GC_22 =   0.00000E+00   0.28804E+00
        GC_23 =  -0.00000E+00  -0.27437E-01
        GC_24 =   0.00000E+00   0.82310E-01
        GC_25 =   0.00000E+00   0.30795E+00
        GC_28 =   0.00000E+00   0.37035E+00
        GC_31 =   0.00000E+00   0.52532E+02
        GC_33 =  -0.00000E+00  -0.19089E-01
        GC_37 =  -0.00000E+00  -0.70263E+00
        GC_38 =  -0.00000E+00  -0.72172E-02
        GC_47 =   0.00000E+00   0.46191E+00

 Collider parameters:
 --------------------

 Running at P P   machine @    13000.000000000000       GeV
 PDF set = lhapdf 
 alpha_s(Mz)= 0.1127 running at 3 loops.
 alpha_s(Mz)= 0.1127 running at 3 loops.
 Renormalization scale set on event-by-event basis
 Factorization   scale set on event-by-event basis


 ===============================================================
 INFO: MadFKS read these parameters from FKS_params.dat
 ===============================================================
  > IRPoleCheckThreshold      =    1.0000000000000001E-005
  > PrecisionVirtualAtRunTime =    1.0000000000000000E-003
  > NHelForMCoverHels         =            4
  > VirtualFraction           =    1.0000000000000000     
  > MinVirtualFraction        =    5.0000000000000001E-003
 ===============================================================
  Insert the number of points to test
 Insert the relative tolerance
  A negative number will mean use the default one:    1.0000000000000001E-005
Using random seed offsets:     1 ,     46 ,      0
  with seed                   32
 Ranmar initialization seeds       10730        9452
  ========================================================================================== 
 {                                                                                          }
 {       [32m                                                                            [0m       }
 {       [32m                               ,,                                           [0m       }
 {       [32m`7MMM.     ,MMF'             `7MM  `7MMF'                                   [0m       }
 {       [32m  MMMb    dPMM                 MM    MM                                     [0m       }
 {       [32m  M YM   ,M MM   ,6"Yb.   ,M""bMM    MM         ,pW"Wq.   ,pW"Wq.`7MMpdMAo. [0m       }
 {       [32m  M  Mb  M' MM  8)   MM ,AP    MM    MM        6W'   `Wb 6W'   `Wb MM   `Wb [0m       }
 {       [32m  M  YM.P'  MM   ,pm9MM 8MI    MM    MM      , 8M     M8 8M     M8 MM    M8 [0m       }
 {       [32m  M  `YM'   MM  8M   MM `Mb    MM    MM     ,M YA.   ,A9 YA.   ,A9 MM   ,AP [0m       }
 {       [32m.JML. `'  .JMML.`Moo9^Yo.`Wbmd"MML..JMMmmmmMMM  `Ybmd9'   `Ybmd9'  MMbmmd'  [0m       }
 {       [32m                                                                   MM       [0m       }
 {       [32m                                                                 .JMML.     [0m       }
 {       [32m[0mv2.6.5 (2018-02-03), Ref: arXiv:1103.0621v2, arXiv:1405.0301[32m                [0m       }
 {       [32m                                                                            [0m       }
 {                                                                                          }
  ========================================================================================== 
 ===============================================================
 INFO: MadLoop read these parameters from ./MadLoop5_resources/MadLoopParams.dat                                                                                                                                                                                                                                                                                                                                                                                                                                                                                          
 ===============================================================
  > MLReductionLib            = 6|7|1
  > CTModeRun                 =           -1
  > MLStabThres               =    1.0000000000000000E-003
  > NRotations_DP             =            0
  > NRotations_QP             =            0
  > CTStabThres               =    1.0000000000000000E-002
  > CTLoopLibrary             =            2
  > CTModeInit                =            1
  > CheckCycle                =            3
  > MaxAttempts               =           10
  > UseLoopFilter             =  F
  > HelicityFilterLevel       =            2
  > ImprovePSPoint            =            2
  > DoubleCheckHelicityFilter =  T
  > LoopInitStartOver         =  F
  > HelInitStartOver          =  F
  > ZeroThres                 =    1.0000000000000001E-009
  > OSThres                   =    1.0000000000000000E-008
  > WriteOutFilters           =  T
  > UseQPIntegrandForNinja    =  T
  > UseQPIntegrandForCutTools =  T
  > IREGIMODE                 =            2
  > IREGIRECY                 =  T
  > COLLIERMode               =            1
  > COLLIERRequiredAccuracy   =    1.0000000000000000E-008
  > COLLIERCanOutput          =  F
  > COLLIERComputeUVpoles     =  T
  > COLLIERComputeIRpoles     =  T
  > COLLIERGlobalCache        =           -1
  > COLLIERUseCacheForPoles   =  F
  > COLLIERUseInternalStabilityTest =  T
 ===============================================================
  
------------------------------------------------------------------------
|              You are using CutTools - Version 1.9.3                  |
|              Authors: G. Ossola, C. Papadopoulos, R. Pittau          |
|              Published in JHEP 0803:042,2008                         |
|              http://www.ugr.es/~pittau/CutTools                      |
|                                                                      |
|              Compiler with  34  significant digits detetected        |
 ---------------------------------------------------------------------- 
   
########################################################################
#                                                                      #

  +----------------------------------------------------------------+
  |                                                                |
  |  Ninja - version 1.1.0                                         |
  |                                                                |
  |  Author: Tiziano Peraro                                        |
  |                                                                |
  |  Based on:                                                     |
  |                                                                |
  |      P. Mastrolia, E. Mirabella and T. Peraro,                 |
  |      "Integrand reduction of one-loop scattering amplitudes    |
  |      through Laurent series expansion,"                        |
  |      JHEP 1206 (2012) 095  [arXiv:1203.0291 [hep-ph]].         |
  |                                                                |
  |      T. Peraro,                                                |
  |      "Ninja: Automated Integrand Reduction via Laurent         |
  |      Expansion for One-Loop Amplitudes,"                       |
  |      Comput.Phys.Commun. 185 (2014) [arXiv:1403.1229 [hep-ph]] |
  |                                                                |
  +----------------------------------------------------------------+


#                      You are using OneLOop-3.6                       #
#                                                                      #
# for the evaluation of 1-loop scalar 1-, 2-, 3- and 4-point functions #
#                                                                      #
# author: Andreas van Hameren <hamerenREMOVETHIS@ifj.edu.pl>           #
#   date: 18-02-2015                                                   #
#                                                                      #
# Please cite                                                          #
#    A. van Hameren,                                                   #
#      Comput.Phys.Commun. 182 (2011) 2427-2438, arXiv:1007.4716       #
#    A. van Hameren, C.G. Papadopoulos and R. Pittau,                  #
#      JHEP 0909:106,2009, arXiv:0903.4665                             #
# in publications with results obtained with the help of this program. #
#                                                                      #
########################################################################
########################################################################
#                                                                      #
#                      You are using OneLOop-3.6                       #
#                                                                      #
# for the evaluation of 1-loop scalar 1-, 2-, 3- and 4-point functions #
#                                                                      #
# author: Andreas van Hameren <hamerenREMOVETHIS@ifj.edu.pl>           #
#   date: 18-02-2015                                                   #
#                                                                      #
# Please cite                                                          #
#    A. van Hameren,                                                   #
#      Comput.Phys.Commun. 182 (2011) 2427-2438, arXiv:1007.4716       #
#    A. van Hameren, C.G. Papadopoulos and R. Pittau,                  #
#      JHEP 0909:106,2009, arXiv:0903.4665                             #
# in publications with results obtained with the help of this program. #
#                                                                      #
########################################################################
 PASSED   1.0000000000000001E-005
 MU_R    =    325.00000000000000     
 ALPHA_S =   0.11799999999999999     
 BORN                    2.6742654050662247E-011
 SINGLE POLE (MadFKS)   -8.8940925049654456E-012
 DOUBLE POLE (MadFKS)   -2.8459961735400480E-012
 SINGLE POLE (MadLoop)  -8.8940925049648721E-012
 DOUBLE POLE (MadLoop)  -2.8459961735397964E-012
 FINITE PART (MadLoop)  -8.3313619239352106E-012
   325.00000000000000        0.0000000000000000        0.0000000000000000        325.00000000000000        0.0000000000000000     
   325.00000000000000        0.0000000000000000        0.0000000000000000       -325.00000000000000        0.0000000000000000     
   250.27261735389413        6.7216133433035603        170.41238504719720       -183.16021457936111        1.7769999999999999     
   183.21909320849008        51.469684322000965       -110.84940880684560        136.50097537786229        0.0000000000000000     
   116.01332818127332       -42.457189782789463       -49.738523480902757       -52.108950085500425        80.419002445756163     
   100.49496125634246       -15.734107882515046       -9.8244527594489046        98.768189286999259        0.0000000000000000     

 PASSED   1.0000000000000001E-005
 MU_R    =    325.00000000000000     
 ALPHA_S =   0.11799999999999999     
 BORN                    2.2916286120184753E-011
 SINGLE POLE (MadFKS)   -2.7587399740325973E-012
 DOUBLE POLE (MadFKS)   -2.4387879559837345E-012
 SINGLE POLE (MadLoop)  -2.7587399740321478E-012
 DOUBLE POLE (MadLoop)  -2.4387879559837090E-012
 FINITE PART (MadLoop)   3.7090228794738467E-012
   325.00000000000000        0.0000000000000000        0.0000000000000000        325.00000000000000        0.0000000000000000     
   325.00000000000000        0.0000000000000000        0.0000000000000000       -325.00000000000000        0.0000000000000000     
   158.98410969605894       -47.471122739604873       -105.72545960838727       -108.81823883561587        1.7769999999999999     
   201.38598563313491       -24.021884593298481        198.73588661298612       -21.984349937303886        0.0000000000000000     
   91.976579272012359       -37.671410382542156        20.877466085202816        11.724821101472667        80.419002445756163     
   197.65332539879384        109.16441771544550       -113.88789308980161        119.07776767144712        0.0000000000000000     

 PASSED   1.0000000000000001E-005
 MU_R    =    325.00000000000000     
 ALPHA_S =   0.11799999999999999     
 BORN                    6.0259989182488593E-009
 SINGLE POLE (MadFKS)   -1.6543081467862348E-010
 DOUBLE POLE (MadFKS)   -6.4129647830029148E-010
 SINGLE POLE (MadLoop)  -1.6543081467864553E-010
 DOUBLE POLE (MadLoop)  -6.4129647830031102E-010
 FINITE PART (MadLoop)   3.0066880769850729E-010
   325.00000000000000        0.0000000000000000        0.0000000000000000        325.00000000000000        0.0000000000000000     
   325.00000000000000        0.0000000000000000        0.0000000000000000       -325.00000000000000        0.0000000000000000     
   302.73893216802827        72.578808969346838       -185.65708635082095        227.84087889918453        1.7769999999999999     
   6.7180133683075178        1.6230663722727077        3.4297696243494631       -5.5438289558612572        0.0000000000000000     
   128.65623172473087        18.145146293689653        49.214544369345873       -85.638147432878213        80.419002445756163     
   211.88682273893332       -92.347021635309460        133.01277235712547       -136.65890251044505        0.0000000000000000     

 PASSED   1.0000000000000001E-005
 MU_R    =    325.00000000000000     
 ALPHA_S =   0.11799999999999999     
 BORN                    6.4955581242466247E-011
 SINGLE POLE (MadFKS)   -8.4667472392608154E-013
 DOUBLE POLE (MadFKS)   -6.9126772277694245E-012
 SINGLE POLE (MadLoop)  -8.4667472392189323E-013
 DOUBLE POLE (MadLoop)  -6.9126772277689116E-012
 FINITE PART (MadLoop)   2.9562778215838273E-011
   325.00000000000000        0.0000000000000000        0.0000000000000000        325.00000000000000        0.0000000000000000     
   325.00000000000000        0.0000000000000000        0.0000000000000000       -325.00000000000000        0.0000000000000000     
   59.756254703784158       -14.430784246505894        1.9861430512386584        57.926332086835430        1.7769999999999999     
   173.96168228023186       -165.34316612086468        51.624453557521605       -16.100314089600360        0.0000000000000000     
   177.13977479326218        51.923185858117407        14.911551395116810        148.30007506664077        80.419002445756163     
   239.14228822272182        127.85076450925331       -68.522148003877106       -190.12609306387597        0.0000000000000000     

 PASSED   1.0000000000000001E-005
 MU_R    =    325.00000000000000     
 ALPHA_S =   0.11799999999999999     
 BORN                    3.3127850897929822E-011
 SINGLE POLE (MadFKS)   -4.6590298473206593E-013
 DOUBLE POLE (MadFKS)   -3.5255190720600430E-012
 SINGLE POLE (MadLoop)  -4.6590298473264431E-013
 DOUBLE POLE (MadLoop)  -3.5255190720600527E-012
 FINITE PART (MadLoop)   2.9330241851770656E-012
   325.00000000000000        0.0000000000000000        0.0000000000000000        325.00000000000000        0.0000000000000000     
   325.00000000000000        0.0000000000000000        0.0000000000000000       -325.00000000000000        0.0000000000000000     
   65.393044275655413       -33.506690678444834        55.124010810912978       -10.570601805725031        1.7769999999999999     
   230.62223800515685        80.991688627543056        84.363557064198631        198.77060465582431        0.0000000000000000     
   111.76858934687549        68.580601060669210       -36.280142712538321       -2.3353828669294612        80.419002445756163     
   242.21612837231223       -116.06559900976747       -103.20742516257326       -185.86461998316986        0.0000000000000000     

 PASSED   1.0000000000000001E-005
 MU_R    =    325.00000000000000     
 ALPHA_S =   0.11799999999999999     
 BORN                    5.8112807942457075E-012
 SINGLE POLE (MadFKS)   -1.3146446629333592E-012
 DOUBLE POLE (MadFKS)   -6.1844583086099830E-013
 SINGLE POLE (MadLoop)  -1.3146446629358384E-012
 DOUBLE POLE (MadLoop)  -6.1844583086225987E-013
 FINITE PART (MadLoop)  -1.1276227309513485E-013
   325.00000000000000        0.0000000000000000        0.0000000000000000        325.00000000000000        0.0000000000000000     
   325.00000000000000        0.0000000000000000        0.0000000000000000       -325.00000000000000        0.0000000000000000     
   264.33226275377035       -34.116480401728126        206.77778696565892       -161.08196666949203        1.7769999999999999     
   155.30049559016177        74.577060312076426       -121.10391372967833        62.372654946806740        0.0000000000000000     
   159.41877254835970       -62.194566115467019       -116.55658003676879        38.646198807854795        80.419002445756163     
   70.948469107708178        21.733986205118708        30.882706800788203        60.063112914830555        0.0000000000000000     

 PASSED   1.0000000000000001E-005
 MU_R    =    325.00000000000000     
 ALPHA_S =   0.11799999999999999     
 BORN                    8.9273087443246861E-011
 SINGLE POLE (MadFKS)   -2.3787393952616362E-011
 DOUBLE POLE (MadFKS)   -9.5005852740818349E-012
 SINGLE POLE (MadLoop)  -2.3787393952620278E-011
 DOUBLE POLE (MadLoop)  -9.5005852740839610E-012
 FINITE PART (MadLoop)  -1.2324953177925125E-011
   325.00000000000000        0.0000000000000000        0.0000000000000000        325.00000000000000        0.0000000000000000     
   325.00000000000000        0.0000000000000000        0.0000000000000000       -325.00000000000000        0.0000000000000000     
   170.59486998778257        19.507001344844678       -167.64131129056935       -24.805636143003618        1.7769999999999999     
   220.74272743649018       -174.73751530190435        54.130207413309300       -123.54785755977079        0.0000000000000000     
   236.40155334643143        141.97621736076476        110.28358057670715        130.76224236890761        80.419002445756163     
   22.260849229295779        13.254296596294957        3.2275233005528952        17.591251333866804        0.0000000000000000     

 PASSED   1.0000000000000001E-005
 MU_R    =    325.00000000000000     
 ALPHA_S =   0.11799999999999999     
 BORN                    1.7377767011165845E-010
 SINGLE POLE (MadFKS)   -3.2385587107106877E-011
 DOUBLE POLE (MadFKS)   -1.8493698615236633E-011
 SINGLE POLE (MadLoop)  -3.2385587107107439E-011
 DOUBLE POLE (MadLoop)  -1.8493698615237137E-011
 FINITE PART (MadLoop)   2.3823796166439546E-011
   325.00000000000000        0.0000000000000000        0.0000000000000000        325.00000000000000        0.0000000000000000     
   325.00000000000000        0.0000000000000000        0.0000000000000000       -325.00000000000000        0.0000000000000000     
   136.02865490803072       -114.77277983144249        72.524817905065646        8.2460308444969925        1.7769999999999999     
   213.92658842060342        22.998654074695700        24.333548539812156       -211.29014543866288        0.0000000000000000     
   106.13742348865739        4.3602073375348374       -60.263670138005573        33.870567812061005        80.419002445756163     
   193.90733318270844        87.413918419211967       -36.594696306872365        169.17354678210492        0.0000000000000000     

 PASSED   1.0000000000000001E-005
 MU_R    =    325.00000000000000     
 ALPHA_S =   0.11799999999999999     
 BORN                    4.3693065374589335E-012
 SINGLE POLE (MadFKS)   -4.3552776144957254E-013
 DOUBLE POLE (MadFKS)   -4.6498861568018919E-013
 SINGLE POLE (MadLoop)  -4.3552776144955462E-013
 DOUBLE POLE (MadLoop)  -4.6498861568019232E-013
 FINITE PART (MadLoop)   5.8905741190823349E-013
   325.00000000000000        0.0000000000000000        0.0000000000000000        325.00000000000000        0.0000000000000000     
   325.00000000000000        0.0000000000000000        0.0000000000000000       -325.00000000000000        0.0000000000000000     
   173.79646877712818       -103.69086479209304        135.32051662998217       -33.743401844833059        1.7769999999999999     
   144.70979526948881        115.10196188179913       -84.657880460077351       -22.923928413460931        0.0000000000000000     
   177.22649323555592       -155.90910721409381       -23.001850149637960        10.260561758490864        80.419002445756163     
   154.26724271782709        144.49801012438769       -27.660786020266865        46.406768499803128        0.0000000000000000     

 PASSED   1.0000000000000001E-005
 MU_R    =    325.00000000000000     
 ALPHA_S =   0.11799999999999999     
 BORN                    1.3350909014354704E-012
 SINGLE POLE (MadFKS)   -2.0883895686754609E-013
 DOUBLE POLE (MadFKS)   -1.4208251692652729E-013
 SINGLE POLE (MadLoop)  -2.0883895687006603E-013
 DOUBLE POLE (MadLoop)  -1.4208251692652787E-013
 FINITE PART (MadLoop)  -7.4447271363613147E-014
   325.00000000000000        0.0000000000000000        0.0000000000000000        325.00000000000000        0.0000000000000000     
   325.00000000000000        0.0000000000000000        0.0000000000000000       -325.00000000000000        0.0000000000000000     
   229.58581030507389        102.69876286531056        191.09128930255719       -75.123696814377254        1.7769999999999999     
   208.79812667682793       -142.07138450782034       -79.233683363778951        130.89844471341945        0.0000000000000000     
   163.64074731174981        81.808295826644269       -93.959737408271010       -69.210177766614848        80.419002445756163     
   47.975315706348347       -42.435674184134420       -17.897868530507157        13.435429867572630        0.0000000000000000     

 PASSED   1.0000000000000001E-005
 MU_R    =    325.00000000000000     
 ALPHA_S =   0.11799999999999999     
 BORN                    2.2587548855402128E-011
 SINGLE POLE (MadFKS)   -1.1172109080215175E-012
 DOUBLE POLE (MadFKS)   -2.4038032085499542E-012
 SINGLE POLE (MadLoop)  -1.1172109080171936E-012
 DOUBLE POLE (MadLoop)  -2.4038032085499635E-012
 FINITE PART (MadLoop)   8.2489783824056324E-013
   325.00000000000000        0.0000000000000000        0.0000000000000000        325.00000000000000        0.0000000000000000     
   325.00000000000000        0.0000000000000000        0.0000000000000000       -325.00000000000000        0.0000000000000000     
   163.55895509600575        1.4559502716375374       -159.18064329014643       -37.520355457256926        1.7769999999999999     
   176.46636560701148        80.535647864261023       -83.132260623353545        133.20441005192737        0.0000000000000000     
   123.43084919204526       -54.252848803446440        68.832511092658592       -32.964714336518931        80.419002445756163     
   186.54383010493751       -27.738749332451995        173.48039282084130       -62.719340258151426        0.0000000000000000     

 PASSED   1.0000000000000001E-005
 MU_R    =    325.00000000000000     
 ALPHA_S =   0.11799999999999999     
 BORN                    6.3971462374349665E-012
 SINGLE POLE (MadFKS)   -2.8579321746947259E-013
 DOUBLE POLE (MadFKS)   -6.8079457180373532E-013
 SINGLE POLE (MadLoop)  -2.8579321746942402E-013
 DOUBLE POLE (MadLoop)  -6.8079457180374936E-013
 FINITE PART (MadLoop)   9.3284203630253536E-013
   325.00000000000000        0.0000000000000000        0.0000000000000000        325.00000000000000        0.0000000000000000     
   325.00000000000000        0.0000000000000000        0.0000000000000000       -325.00000000000000        0.0000000000000000     
   149.60863444447173       -88.604015889195608       -77.615726177451549        92.221001889990404        1.7769999999999999     
   125.44352887169572        14.029037716457255       -2.0979701086241467       -124.63893275360428        0.0000000000000000     
   158.99653179924439       -46.988082998655429       -87.640136989561640        94.466965730777815        80.419002445756163     
   215.95130488458818        121.56306117139377        167.35383327563733       -62.049034867163947        0.0000000000000000     

 PASSED   1.0000000000000001E-005
 MU_R    =    325.00000000000000     
 ALPHA_S =   0.11799999999999999     
 BORN                    2.8721031945954213E-012
 SINGLE POLE (MadFKS)   -2.8981028935821280E-013
 DOUBLE POLE (MadFKS)   -3.0565383250090313E-013
 SINGLE POLE (MadLoop)  -2.8981028935800105E-013
 DOUBLE POLE (MadLoop)  -3.0565383250090995E-013
 FINITE PART (MadLoop)  -9.9478232629283610E-013
   325.00000000000000        0.0000000000000000        0.0000000000000000        325.00000000000000        0.0000000000000000     
   325.00000000000000        0.0000000000000000        0.0000000000000000       -325.00000000000000        0.0000000000000000     
   135.27435372614482        112.62371011647222       -70.550410222861188       -25.189930210561865        1.7769999999999999     
   291.44358625319671       -104.78890702558907        217.53526349757325        163.20863355701604        0.0000000000000000     
   181.85212224752692       -17.042811744176010       -123.53083257231012       -105.13160506433545        80.419002445756163     
   41.429937773131513        9.2080086532928469       -23.454020702401916       -32.887098282118714        0.0000000000000000     

 PASSED   1.0000000000000001E-005
 MU_R    =    325.00000000000000     
 ALPHA_S =   0.11799999999999999     
 BORN                    7.0116526667541201E-011
 SINGLE POLE (MadFKS)   -7.6713605965757353E-012
 DOUBLE POLE (MadFKS)   -7.4619133246724021E-012
 SINGLE POLE (MadLoop)  -7.6713605965754138E-012
 DOUBLE POLE (MadLoop)  -7.4619133246723068E-012
 FINITE PART (MadLoop)  -1.0067811079636714E-011
   325.00000000000000        0.0000000000000000        0.0000000000000000        325.00000000000000        0.0000000000000000     
   325.00000000000000        0.0000000000000000        0.0000000000000000       -325.00000000000000        0.0000000000000000     
   84.466042184781969       -51.448477306918015        61.984725157687905        25.343689220135293        1.7769999999999999     
   132.41366313872606       -20.986219086299776        92.483221174903392        92.411095629214074        0.0000000000000000     
   316.89510528219847        49.369216287607422       -264.70786937097051       -146.45038809669899        80.419002445756163     
   116.22518939429347        23.065480105610305        110.23992303837923        28.695603247349641        0.0000000000000000     

 PASSED   1.0000000000000001E-005
 MU_R    =    325.00000000000000     
 ALPHA_S =   0.11799999999999999     
 BORN                    1.2194958053182556E-011
 SINGLE POLE (MadFKS)   -6.1289191863331485E-013
 DOUBLE POLE (MadFKS)   -1.2978070123514714E-012
 SINGLE POLE (MadLoop)  -6.1289191863502162E-013
 DOUBLE POLE (MadLoop)  -1.2978070123497066E-012
 FINITE PART (MadLoop)   1.2627238160124887E-012
   325.00000000000000        0.0000000000000000        0.0000000000000000        325.00000000000000        0.0000000000000000     
   325.00000000000000        0.0000000000000000        0.0000000000000000       -325.00000000000000        0.0000000000000000     
   89.748063682333367        66.724805633742022       -59.826274401270211       -4.4915932731535237        1.7769999999999999     
   280.25328421817989       -260.34941717007479        101.89817198221688        19.412543392374737        0.0000000000000000     
   97.245216788413174        24.393834286995734       -12.361455707163913        47.345026089689235        80.419002445756163     
   182.75343531107356        169.23077724933702       -29.710441873782766       -62.265976208910445        0.0000000000000000     

 PASSED   1.0000000000000001E-005
 MU_R    =    325.00000000000000     
 ALPHA_S =   0.11799999999999999     
 BORN                    1.3215081620824730E-010
 SINGLE POLE (MadFKS)   -2.4640501657493261E-012
 DOUBLE POLE (MadFKS)   -1.4063702000047089E-011
 SINGLE POLE (MadLoop)  -2.4640501657494464E-012
 DOUBLE POLE (MadLoop)  -1.4063702000047135E-011
 FINITE PART (MadLoop)   8.6610228771887290E-013
   325.00000000000000        0.0000000000000000        0.0000000000000000        325.00000000000000        0.0000000000000000     
   325.00000000000000        0.0000000000000000        0.0000000000000000       -325.00000000000000        0.0000000000000000     
   107.97544582041148        63.138931562828581       -74.705733267677147        45.695381704935322        1.7769999999999999     
   151.80631046381967       -40.555757424786030       -79.581631640353265        122.74832113637498        0.0000000000000000     
   112.00417458888529        9.9911587898365291       -75.764743298823490       -15.414265790708779        80.419002445756163     
   278.21406912688360       -32.574332927879126        230.05210820685389       -153.02943705060150        0.0000000000000000     

 PASSED   1.0000000000000001E-005
 MU_R    =    325.00000000000000     
 ALPHA_S =   0.11799999999999999     
 BORN                    3.3893709577346515E-012
 SINGLE POLE (MadFKS)   -2.2807065052511987E-013
 DOUBLE POLE (MadFKS)   -3.6070229821417863E-013
 SINGLE POLE (MadLoop)  -2.2807065052512734E-013
 DOUBLE POLE (MadLoop)  -3.6070229821417833E-013
 FINITE PART (MadLoop)   1.8726983592529315E-013
   325.00000000000000        0.0000000000000000        0.0000000000000000        325.00000000000000        0.0000000000000000     
   325.00000000000000        0.0000000000000000        0.0000000000000000       -325.00000000000000        0.0000000000000000     
   205.59475623146781       -30.463524505389550        184.99027043505029       -84.360059150958151        1.7769999999999999     
   135.29066151654226       -32.088702862094259        13.833421955793510        130.70009441161392        0.0000000000000000     
   128.21445175067694        89.826860943711509       -20.155365146292080       -38.686250686450315        80.419002445756163     
   180.90013050131299       -27.274633576227711       -178.66832724455176       -7.6537845742053836        0.0000000000000000     

 PASSED   1.0000000000000001E-005
 MU_R    =    325.00000000000000     
 ALPHA_S =   0.11799999999999999     
 BORN                    2.8851384183227037E-010
 SINGLE POLE (MadFKS)   -4.5237814964249638E-012
 DOUBLE POLE (MadFKS)   -3.0704106193515466E-011
 SINGLE POLE (MadLoop)  -4.5237814964238862E-012
 DOUBLE POLE (MadLoop)  -3.0704106193515518E-011
 FINITE PART (MadLoop)   4.9920881220148839E-011
   325.00000000000000        0.0000000000000000        0.0000000000000000        325.00000000000000        0.0000000000000000     
   325.00000000000000        0.0000000000000000        0.0000000000000000       -325.00000000000000        0.0000000000000000     
   59.127099152257415        55.766702413057523        12.910818292707877       -14.705162295841669        1.7769999999999999     
   102.67106189788703        63.395726476812413        79.791400548063905        12.476426343122533        0.0000000000000000     
   205.85893399096645        30.722364372771747        77.907035088871822        169.99210264166533        80.419002445756163     
   282.34290495888911       -149.88479326264169       -170.60925392964356       -167.76336668894618        0.0000000000000000     

 PASSED   1.0000000000000001E-005
 MU_R    =    325.00000000000000     
 ALPHA_S =   0.11799999999999999     
 BORN                    5.9913527541968332E-012
 SINGLE POLE (MadFKS)   -1.2792412469968725E-012
 DOUBLE POLE (MadFKS)   -6.3760937790505355E-013
 SINGLE POLE (MadLoop)  -1.2792412469968206E-012
 DOUBLE POLE (MadLoop)  -6.3760937790505608E-013
 FINITE PART (MadLoop)   2.8685420106078384E-013
   325.00000000000000        0.0000000000000000        0.0000000000000000        325.00000000000000        0.0000000000000000     
   325.00000000000000        0.0000000000000000        0.0000000000000000       -325.00000000000000        0.0000000000000000     
   221.04570695796741       -35.246506110643189       -113.80940666717697       -186.18042216249569        1.7769999999999999     
   74.321022731560120        31.404856289643874        14.372387877115797        65.808691584027301        0.0000000000000000     
Thanks for using LHAPDF 6.2.1. Please make sure to cite the paper:
  Eur.Phys.J. C75 (2015) 3, 132  (http://arxiv.org/abs/1412.7420)
   144.80899074194565        72.885160081847033        60.951268603513505       -73.994081795750759        80.419002445756163     
   209.82427956852680       -69.043510260847725        38.485750186547676        194.36581237421913        0.0000000000000000     

 PASSED   1.0000000000000001E-005
 MU_R    =    325.00000000000000     
 ALPHA_S =   0.11799999999999999     
 BORN                    2.3597518229135728E-011
 SINGLE POLE (MadFKS)   -1.4370613879371841E-012
 DOUBLE POLE (MadFKS)   -2.5112857705871092E-012
 SINGLE POLE (MadLoop)  -1.4370613879436729E-012
 DOUBLE POLE (MadLoop)  -2.5112857705871335E-012
 FINITE PART (MadLoop)   1.4699768993104292E-012
   325.00000000000000        0.0000000000000000        0.0000000000000000        325.00000000000000        0.0000000000000000     
   325.00000000000000        0.0000000000000000        0.0000000000000000       -325.00000000000000        0.0000000000000000     
   216.41222280378284        190.02271623481042       -58.703996046024898       -85.301234532960649        1.7769999999999999     
   116.99735355489322        65.698233962406519       -37.458938960738671        89.268979410572612        0.0000000000000000     
   97.405121347066583       -48.161891061009001        25.758435353389498       -6.1218435000399856        80.419002445756163     
   219.18530229425735       -207.55905913620805        70.404499653374117        2.1540986224280436        0.0000000000000000     

 NUMBER OF POINTS PASSING THE CHECK          20
 NUMBER OF POINTS FAILING THE CHECK           0
 TOLERANCE    1.0000000000000001E-005
