==== LHAPDF6 USING DEFAULT-TYPE LHAGLUE INTERFACE ====
LHAPDF 6.2.1 loading /cvmfs/cms.cern.ch/slc7_amd64_gcc700/external/lhapdf/6.2.1-pafccj3/share/LHAPDF/NNPDF31_nnlo_as_0118_nf_4_mc_hessian/NNPDF31_nnlo_as_0118_nf_4_mc_hessian_0000.dat
NNPDF31_nnlo_as_0118_nf_4_mc_hessian PDF set, member #0, version 1; LHAPDF ID = 325500
 A PDF is used, so alpha_s(MZ) is going to be modified
 Old value of alpha_s from param_card:   0.11799999999999999     
 New value of alpha_s from PDF lhapdf :  0.11266013434007299     
 *****************************************************
 *               MadGraph/MadEvent                   *
 *        --------------------------------           *
 *          http://madgraph.hep.uiuc.edu             *
 *          http://madgraph.phys.ucl.ac.be           *
 *          http://madgraph.roma2.infn.it            *
 *        --------------------------------           *
 *                                                   *
 *          PARAMETER AND COUPLING VALUES            *
 *                                                   *
 *****************************************************

  External Params
  ---------------------------------
  
 MU_R =    91.188000000000002     
 aEWM1 =    132.50700000000001     
 mdl_Gf =    1.1663900000000000E-005
 aS =   0.11799999999999999     
 mdl_ymb =    4.7000000000000002     
 mdl_ymt =    173.00000000000000     
 mdl_ymtau =    1.7769999999999999     
 mdl_MT =    173.00000000000000     
 mdl_MB =    4.7000000000000002     
 mdl_MZ =    91.188000000000002     
 mdl_MH =    125.00000000000000     
 mdl_MTA =    1.7769999999999999     
 mdl_WT =    1.4915000000000000     
 mdl_WZ =    2.4414039999999999     
 mdl_WW =    2.0476000000000001     
 mdl_WH =    6.3823389999999999E-003
  Internal Params
  ---------------------------------
  
 mdl_conjg__CKM3x3 =    1.0000000000000000     
 mdl_CKM22 =    1.0000000000000000     
 mdl_lhv =    1.0000000000000000     
 mdl_CKM3x3 =    1.0000000000000000     
 mdl_conjg__CKM22 =    1.0000000000000000     
 mdl_conjg__CKM33 =    1.0000000000000000     
 mdl_Ncol =    3.0000000000000000     
 mdl_CA =    3.0000000000000000     
 mdl_TF =   0.50000000000000000     
 mdl_CF =    1.3333333333333333     
 mdl_complexi =                (0.0000000000000000,1.0000000000000000)
 mdl_MZ__exp__2 =    8315.2513440000002     
 mdl_MZ__exp__4 =    69143404.913893804     
 mdl_sqrt__2 =    1.4142135623730951     
 mdl_MH__exp__2 =    15625.000000000000     
 mdl_Ncol__exp__2 =    9.0000000000000000     
 mdl_MB__exp__2 =    22.090000000000003     
 mdl_MT__exp__2 =    29929.000000000000     
 mdl_aEW =    7.5467711139788835E-003
 mdl_MW =    80.419002445756163     
 mdl_sqrt__aEW =    8.6872153846781555E-002
 mdl_ee =   0.30795376724436879     
 mdl_MW__exp__2 =    6467.2159543705357     
 mdl_sw2 =   0.22224648578577766     
 mdl_cw =   0.88190334743339216     
 mdl_sqrt__sw2 =   0.47143025548407230     
 mdl_sw =   0.47143025548407230     
 mdl_g1 =   0.34919219678733299     
 mdl_gw =   0.65323293034757990     
 mdl_v =    246.21845810181637     
 mdl_v__exp__2 =    60623.529110035903     
 mdl_lam =   0.12886910601690263     
 mdl_yb =    2.6995554250465490E-002
 mdl_yt =   0.99366614581500623     
 mdl_ytau =    1.0206617000654717E-002
 mdl_muH =    88.388347648318430     
 mdl_AxialZUp =  -0.18517701861793787     
 mdl_AxialZDown =   0.18517701861793787     
 mdl_VectorZUp =    7.5430507588273299E-002
 mdl_VectorZDown =  -0.13030376310310560     
 mdl_VectorAUp =   0.20530251149624587     
 mdl_VectorADown =  -0.10265125574812294     
 mdl_VectorWmDxU =   0.23095271737156670     
 mdl_AxialWmDxU =  -0.23095271737156670     
 mdl_VectorWpUxD =   0.23095271737156670     
 mdl_AxialWpUxD =  -0.23095271737156670     
 mdl_I1x33 =          (2.69955542504654901E-002,0.0000000000000000)
 mdl_I2x33 =               (0.99366614581500623,0.0000000000000000)
 mdl_I3x33 =               (0.99366614581500623,0.0000000000000000)
 mdl_I4x33 =          (2.69955542504654901E-002,0.0000000000000000)
 mdl_Vector_tbGp =              (-0.96667059156454072,0.0000000000000000)
 mdl_Axial_tbGp =              (-1.0206617000654716,-0.0000000000000000)
 mdl_Vector_tbGm =               (0.96667059156454072,0.0000000000000000)
 mdl_Axial_tbGm =              (-1.0206617000654716,-0.0000000000000000)
 mdl_gw__exp__2 =   0.42671326129048615     
 mdl_cw__exp__2 =   0.77775351421422245     
 mdl_ee__exp__2 =    9.4835522759998875E-002
 mdl_sw__exp__2 =   0.22224648578577769     
 mdl_yb__exp__2 =    7.2875994928982540E-004
 mdl_yt__exp__2 =   0.98737240933884918     
  Internal Params evaluated point by point
  ----------------------------------------
  
 mdl_sqrt__aS =   0.34351128074635334     
 mdl_G__exp__4 =    2.1987899468922913     
 mdl_G__exp__2 =    1.4828317324943823     
 mdl_R2MixedFactor_FIN_ =   -2.5040377713124864E-002
 mdl_G_UVg_1EPS_ =   -5.1645779033320030E-002
 mdl_G_UVq_1EPS_ =    3.1300472141406080E-003
 mdl_GWcft_UV_b_1EPS_ =   -3.1300472141406080E-003
 mdl_GWcft_UV_t_1EPS_ =   -3.1300472141406080E-003
 mdl_bWcft_UV_1EPS_ =   -1.8780283284843650E-002
 mdl_tWcft_UV_1EPS_ =   -1.8780283284843650E-002
 mdl_G__exp__3 =    1.8056676068262196     
 mdl_MU_R__exp__2 =    8315.2513440000002     
 mdl_G_UVb_FIN_ =    1.8563438626678915E-002
 mdl_G_UVt_FIN_ =   -4.0087659331150384E-003
 mdl_GWcft_UV_b_FIN_ =   -1.8563438626678915E-002
 mdl_GWcft_UV_t_FIN_ =    4.0087659331150384E-003
 mdl_bWcft_UV_FIN_ =  -0.13642100947319838     
 mdl_tWcft_UV_FIN_ =   -9.8778211443463623E-004
  Couplings of loop_sm
  ---------------------------------
  
      UV_GQQb =   0.00000E+00   0.22605E-01
      UV_GQQt =   0.00000E+00  -0.48815E-02
   UVWfct_G_2 =   0.40088E-02   0.00000E+00
   UVWfct_G_1 =  -0.18563E-01   0.00000E+00
       R2_DDA =   0.00000E+00   0.25704E-02
       R2_UUA =  -0.00000E+00  -0.51409E-02
    R2_UUZ_V2 =  -0.00000E+00  -0.72127E-02
    R2_UUZ_V5 =   0.00000E+00   0.68702E-03
      R2_sxcW =  -0.00000E+00  -0.11566E-01
      R2_GGHb =   0.00000E+00  -0.33698E-02
      R2_GGHt =   0.00000E+00  -0.45657E+01
     R2_GGZup =  -0.46369E-02   0.00000E+00
    R2_GGWWcs =   0.00000E+00   0.13356E-02
         GC_4 =  -0.12177E+01   0.00000E+00
         GC_5 =   0.00000E+00   0.12177E+01
       R2_GQQ =  -0.00000E+00  -0.30492E-01
       R2_QQq =   0.00000E+00   0.12520E-01
 UV_GQQg_1eps =   0.00000E+00  -0.62890E-01
 UV_GQQq_1eps =   0.00000E+00   0.38115E-02
 UVWfct_G_2_1eps -0.31300E-02   0.00000E+00
         GC_1 =  -0.00000E+00  -0.10265E+00
         GC_2 =   0.00000E+00   0.20530E+00
         GC_7 =   0.00000E+00   0.57609E+00
        GC_22 =   0.00000E+00   0.28804E+00
        GC_23 =  -0.00000E+00  -0.27437E-01
        GC_24 =   0.00000E+00   0.82310E-01
        GC_25 =   0.00000E+00   0.30795E+00
        GC_28 =   0.00000E+00   0.37035E+00
        GC_31 =   0.00000E+00   0.52532E+02
        GC_33 =  -0.00000E+00  -0.19089E-01
        GC_37 =  -0.00000E+00  -0.70263E+00
        GC_38 =  -0.00000E+00  -0.72172E-02
        GC_47 =   0.00000E+00   0.46191E+00

 Collider parameters:
 --------------------

 Running at P P   machine @    13000.000000000000       GeV
 PDF set = lhapdf 
 alpha_s(Mz)= 0.1127 running at 3 loops.
 alpha_s(Mz)= 0.1127 running at 3 loops.
 Renormalization scale set on event-by-event basis
 Factorization   scale set on event-by-event basis


 ===============================================================
 INFO: MadFKS read these parameters from FKS_params.dat
 ===============================================================
  > IRPoleCheckThreshold      =    1.0000000000000001E-005
  > PrecisionVirtualAtRunTime =    1.0000000000000000E-003
  > NHelForMCoverHels         =            4
  > VirtualFraction           =    1.0000000000000000     
  > MinVirtualFraction        =    5.0000000000000001E-003
 ===============================================================
  Insert the number of points to test
 Insert the relative tolerance
  A negative number will mean use the default one:    1.0000000000000001E-005
Using random seed offsets:     1 ,     13 ,      0
  with seed                   32
 Ranmar initialization seeds       10730        9419
  ========================================================================================== 
 {                                                                                          }
 {       [32m                                                                            [0m       }
 {       [32m                               ,,                                           [0m       }
 {       [32m`7MMM.     ,MMF'             `7MM  `7MMF'                                   [0m       }
 {       [32m  MMMb    dPMM                 MM    MM                                     [0m       }
 {       [32m  M YM   ,M MM   ,6"Yb.   ,M""bMM    MM         ,pW"Wq.   ,pW"Wq.`7MMpdMAo. [0m       }
 {       [32m  M  Mb  M' MM  8)   MM ,AP    MM    MM        6W'   `Wb 6W'   `Wb MM   `Wb [0m       }
 {       [32m  M  YM.P'  MM   ,pm9MM 8MI    MM    MM      , 8M     M8 8M     M8 MM    M8 [0m       }
 {       [32m  M  `YM'   MM  8M   MM `Mb    MM    MM     ,M YA.   ,A9 YA.   ,A9 MM   ,AP [0m       }
 {       [32m.JML. `'  .JMML.`Moo9^Yo.`Wbmd"MML..JMMmmmmMMM  `Ybmd9'   `Ybmd9'  MMbmmd'  [0m       }
 {       [32m                                                                   MM       [0m       }
 {       [32m                                                                 .JMML.     [0m       }
 {       [32m[0mv2.6.5 (2018-02-03), Ref: arXiv:1103.0621v2, arXiv:1405.0301[32m                [0m       }
 {       [32m                                                                            [0m       }
 {                                                                                          }
  ========================================================================================== 
 ===============================================================
 INFO: MadLoop read these parameters from ./MadLoop5_resources/MadLoopParams.dat                                                                                                                                                                                                                                                                                                                                                                                                                                                                                          
 ===============================================================
  > MLReductionLib            = 6|7|1
  > CTModeRun                 =           -1
  > MLStabThres               =    1.0000000000000000E-003
  > NRotations_DP             =            0
  > NRotations_QP             =            0
  > CTStabThres               =    1.0000000000000000E-002
  > CTLoopLibrary             =            2
  > CTModeInit                =            1
  > CheckCycle                =            3
  > MaxAttempts               =           10
  > UseLoopFilter             =  F
  > HelicityFilterLevel       =            2
  > ImprovePSPoint            =            2
  > DoubleCheckHelicityFilter =  T
  > LoopInitStartOver         =  F
  > HelInitStartOver          =  F
  > ZeroThres                 =    1.0000000000000001E-009
  > OSThres                   =    1.0000000000000000E-008
  > WriteOutFilters           =  T
  > UseQPIntegrandForNinja    =  T
  > UseQPIntegrandForCutTools =  T
  > IREGIMODE                 =            2
  > IREGIRECY                 =  T
  > COLLIERMode               =            1
  > COLLIERRequiredAccuracy   =    1.0000000000000000E-008
  > COLLIERCanOutput          =  F
  > COLLIERComputeUVpoles     =  T
  > COLLIERComputeIRpoles     =  T
  > COLLIERGlobalCache        =           -1
  > COLLIERUseCacheForPoles   =  F
  > COLLIERUseInternalStabilityTest =  T
 ===============================================================
  
------------------------------------------------------------------------
|              You are using CutTools - Version 1.9.3                  |
|              Authors: G. Ossola, C. Papadopoulos, R. Pittau          |
|              Published in JHEP 0803:042,2008                         |
|              http://www.ugr.es/~pittau/CutTools                      |
|                                                                      |
|              Compiler with  34  significant digits detetected        |
 ---------------------------------------------------------------------- 
   
########################################################################
#                                                                      #

  +----------------------------------------------------------------+
  |                                                                |
  |  Ninja - version 1.1.0                                         |
  |                                                                |
  |  Author: Tiziano Peraro                                        |
  |                                                                |
  |  Based on:                                                     |
  |                                                                |
  |      P. Mastrolia, E. Mirabella and T. Peraro,                 |
  |      "Integrand reduction of one-loop scattering amplitudes    |
  |      through Laurent series expansion,"                        |
  |      JHEP 1206 (2012) 095  [arXiv:1203.0291 [hep-ph]].         |
  |                                                                |
  |      T. Peraro,                                                |
  |      "Ninja: Automated Integrand Reduction via Laurent         |
  |      Expansion for One-Loop Amplitudes,"                       |
  |      Comput.Phys.Commun. 185 (2014) [arXiv:1403.1229 [hep-ph]] |
  |                                                                |
  +----------------------------------------------------------------+


#                      You are using OneLOop-3.6                       #
#                                                                      #
# for the evaluation of 1-loop scalar 1-, 2-, 3- and 4-point functions #
#                                                                      #
# author: Andreas van Hameren <hamerenREMOVETHIS@ifj.edu.pl>           #
#   date: 18-02-2015                                                   #
#                                                                      #
# Please cite                                                          #
#    A. van Hameren,                                                   #
#      Comput.Phys.Commun. 182 (2011) 2427-2438, arXiv:1007.4716       #
#    A. van Hameren, C.G. Papadopoulos and R. Pittau,                  #
#      JHEP 0909:106,2009, arXiv:0903.4665                             #
# in publications with results obtained with the help of this program. #
#                                                                      #
########################################################################
########################################################################
#                                                                      #
#                      You are using OneLOop-3.6                       #
#                                                                      #
# for the evaluation of 1-loop scalar 1-, 2-, 3- and 4-point functions #
#                                                                      #
# author: Andreas van Hameren <hamerenREMOVETHIS@ifj.edu.pl>           #
#   date: 18-02-2015                                                   #
#                                                                      #
# Please cite                                                          #
#    A. van Hameren,                                                   #
#      Comput.Phys.Commun. 182 (2011) 2427-2438, arXiv:1007.4716       #
#    A. van Hameren, C.G. Papadopoulos and R. Pittau,                  #
#      JHEP 0909:106,2009, arXiv:0903.4665                             #
# in publications with results obtained with the help of this program. #
#                                                                      #
########################################################################
 PASSED   1.0000000000000001E-005
 MU_R    =    325.00000000000000     
 ALPHA_S =   0.11799999999999999     
 BORN                    1.1057662172994931E-011
 SINGLE POLE (MadFKS)   -1.6141395675287296E-012
 DOUBLE POLE (MadFKS)   -1.1767741591026858E-012
 SINGLE POLE (MadLoop)  -1.6141395675287387E-012
 DOUBLE POLE (MadLoop)  -1.1767741591026864E-012
 FINITE PART (MadLoop)   6.5892380748411234E-014
   325.00000000000000        0.0000000000000000        0.0000000000000000        325.00000000000000        0.0000000000000000     
   325.00000000000000        0.0000000000000000        0.0000000000000000       -325.00000000000000        0.0000000000000000     
   120.28291000443645        17.130540102873180        109.55575810264153        46.605352712695030        0.0000000000000000     
   178.55855627438075        112.58400581200118        116.57705228680585       -74.951921484601115        0.0000000000000000     
   236.46451461141734       -166.99625548312966       -141.44397722117881       -39.422109006376395        80.419002445756163     
   114.69401910976549        37.281709568255309       -84.688833168268587        67.768677778282509        0.0000000000000000     

 PASSED   1.0000000000000001E-005
 MU_R    =    325.00000000000000     
 ALPHA_S =   0.11799999999999999     
 BORN                    7.9065106793621075E-012
 SINGLE POLE (MadFKS)   -1.6593504270223885E-013
 DOUBLE POLE (MadFKS)   -8.4142355866735123E-013
 SINGLE POLE (MadLoop)  -1.6593504270231847E-013
 DOUBLE POLE (MadLoop)  -8.4142355866731851E-013
 FINITE PART (MadLoop)   1.3596622398315533E-011
   325.00000000000000        0.0000000000000000        0.0000000000000000        325.00000000000000        0.0000000000000000     
   325.00000000000000        0.0000000000000000        0.0000000000000000       -325.00000000000000        0.0000000000000000     
   229.53462668734809        23.043885904112788        4.7304425303206408        228.32596673266445        0.0000000000000000     
   115.18004303687420        32.869337097857873        107.60855364575106       -24.626168500054956        0.0000000000000000     
   182.07485105516523       -58.584093035383738       -128.80061343926138       -81.623167380845530        80.419002445756163     
   123.21047922061246        2.6708700334130167        16.461617263189659       -122.07663085176394        0.0000000000000000     

 PASSED   1.0000000000000001E-005
 MU_R    =    325.00000000000000     
 ALPHA_S =   0.11799999999999999     
 BORN                    1.1748136767266980E-011
 SINGLE POLE (MadFKS)   -1.5573253296703346E-012
 DOUBLE POLE (MadFKS)   -1.2502555738307134E-012
 SINGLE POLE (MadLoop)  -1.5573253296703327E-012
 DOUBLE POLE (MadLoop)  -1.2502555738307110E-012
 FINITE PART (MadLoop)   2.2723856398585028E-012
   325.00000000000000        0.0000000000000000        0.0000000000000000        325.00000000000000        0.0000000000000000     
   325.00000000000000        0.0000000000000000        0.0000000000000000       -325.00000000000000        0.0000000000000000     
   183.29716987361891       -26.431216298129431       -157.66369716013821        89.673864009955778        0.0000000000000000     
   223.97849578040856       -129.52055696700691        180.57686386993865        27.978351093451913        0.0000000000000000     
   178.64040817305886        95.252880132337509       -5.0710564317843545       -127.85285562327792        80.419002445756163     
   64.083926172913593        60.698893132798844       -17.842110278016111        10.200640519870289        0.0000000000000000     

 PASSED   1.0000000000000001E-005
 MU_R    =    325.00000000000000     
 ALPHA_S =   0.11799999999999999     
 BORN                    4.0772183412209768E-012
 SINGLE POLE (MadFKS)   -1.6179139786237497E-013
 DOUBLE POLE (MadFKS)   -4.3390412095297812E-013
 SINGLE POLE (MadLoop)  -1.6179139786232721E-013
 DOUBLE POLE (MadLoop)  -4.3390412095297993E-013
 FINITE PART (MadLoop)   7.6191025398255242E-013
   325.00000000000000        0.0000000000000000        0.0000000000000000        325.00000000000000        0.0000000000000000     
   325.00000000000000        0.0000000000000000        0.0000000000000000       -325.00000000000000        0.0000000000000000     
   122.66044585503774       -7.2391146682961178       -87.061744011399469       -86.101294565583984        0.0000000000000000     
   230.22807428187156        113.87692206103971        127.18702865613534        154.46835452954838        0.0000000000000000     
   118.93449244283157        35.440640028304273       -72.489671538652530        34.167324929907089        80.419002445756163     
   178.17698742025905       -142.07844742104788        32.364386893916674       -102.53438489387152        0.0000000000000000     

 PASSED   1.0000000000000001E-005
 MU_R    =    325.00000000000000     
 ALPHA_S =   0.11799999999999999     
 BORN                    3.2450706864990433E-011
 SINGLE POLE (MadFKS)   -1.0165650250757736E-012
 DOUBLE POLE (MadFKS)   -3.4534563170683315E-012
 SINGLE POLE (MadLoop)  -1.0165650250800979E-012
 DOUBLE POLE (MadLoop)  -3.4534563170683089E-012
 FINITE PART (MadLoop)   1.0279573566249365E-012
   325.00000000000000        0.0000000000000000        0.0000000000000000        325.00000000000000        0.0000000000000000     
   325.00000000000000        0.0000000000000000        0.0000000000000000       -325.00000000000000        0.0000000000000000     
   286.49450632214933       -142.15482033317801       -93.372466968707059        230.54867516642045        0.0000000000000000     
   69.487281708134446        67.968683373740291       -12.529780017767321        7.1934006097419365        0.0000000000000000     
   154.87706736999775        43.811724963599033        57.512351323614091       -110.87178290125679        80.419002445756163     
   139.14114459971844        30.374411995838699        48.389895662860269       -126.87029287490557        0.0000000000000000     

 PASSED   1.0000000000000001E-005
 MU_R    =    325.00000000000000     
 ALPHA_S =   0.11799999999999999     
 BORN                    4.5542875398434442E-011
 SINGLE POLE (MadFKS)   -5.0025498865611115E-012
 DOUBLE POLE (MadFKS)   -4.8467459090039670E-012
 SINGLE POLE (MadLoop)  -5.0025498865691466E-012
 DOUBLE POLE (MadLoop)  -4.8467459090042755E-012
 FINITE PART (MadLoop)  -8.4313702403576861E-013
   325.00000000000000        0.0000000000000000        0.0000000000000000        325.00000000000000        0.0000000000000000     
   325.00000000000000        0.0000000000000000        0.0000000000000000       -325.00000000000000        0.0000000000000000     
   188.90048033103014       -173.88075658116486        5.9275935487386375        73.578105403554474        0.0000000000000000     
   138.47777086720123       -119.40019689800688        67.323891734421693       -19.676880006701602        0.0000000000000000     
   241.27795156502418        215.17686330497878       -50.523670376926020       -53.796934735334155        80.419002445756163     
   81.343797236744408        78.104090174192919       -22.727814906234343      -0.10429066151869819        0.0000000000000000     

 PASSED   1.0000000000000001E-005
 MU_R    =    325.00000000000000     
 ALPHA_S =   0.11799999999999999     
 BORN                    8.2547007427934571E-012
 SINGLE POLE (MadFKS)   -3.7422196582072774E-013
 DOUBLE POLE (MadFKS)   -8.7847850416053224E-013
 SINGLE POLE (MadLoop)  -3.7422196582301496E-013
 DOUBLE POLE (MadLoop)  -8.7847850416054365E-013
 FINITE PART (MadLoop)   1.4943954953213021E-012
   325.00000000000000        0.0000000000000000        0.0000000000000000        325.00000000000000        0.0000000000000000     
   325.00000000000000        0.0000000000000000        0.0000000000000000       -325.00000000000000        0.0000000000000000     
   117.48775403088058       -32.762676573420713       -111.06314582670578        19.873525355155788        0.0000000000000000     
   224.13423418365332        218.66428468973601        18.918909187552160        45.433032139314761        0.0000000000000000     
   103.69555342540562       -48.432616651640103       -44.019629219103685        1.4511145780146804        80.419002445756163     
   204.68245836006045       -137.46899146467518        136.16386585825722       -66.757672072485221        0.0000000000000000     

 PASSED   1.0000000000000001E-005
 MU_R    =    325.00000000000000     
 ALPHA_S =   0.11799999999999999     
 BORN                    2.9422917303487052E-011
 SINGLE POLE (MadFKS)   -6.6068356445190286E-012
 DOUBLE POLE (MadFKS)   -3.1312340914807507E-012
 SINGLE POLE (MadLoop)  -6.6068356445192613E-012
 DOUBLE POLE (MadLoop)  -3.1312340914801598E-012
 FINITE PART (MadLoop)   1.0743379651006915E-012
   325.00000000000000        0.0000000000000000        0.0000000000000000        325.00000000000000        0.0000000000000000     
   325.00000000000000        0.0000000000000000        0.0000000000000000       -325.00000000000000        0.0000000000000000     
   168.52991745859026       -149.64307486083808       -14.903686659868271       -76.073407631953046        0.0000000000000000     
   164.00131847688286        138.03915738468552        22.647708444616843       -85.607854738275037        0.0000000000000000     
   108.94164008207044        12.133427613179222        63.941999212887616       -34.135987760948979        80.419002445756163     
   208.52712398245643      -0.52951013702664795       -71.686020997636206        195.81725013117708        0.0000000000000000     

 PASSED   1.0000000000000001E-005
 MU_R    =    325.00000000000000     
 ALPHA_S =   0.11799999999999999     
 BORN                    2.2374533253317417E-012
 SINGLE POLE (MadFKS)   -3.0702287462826010E-013
 DOUBLE POLE (MadFKS)   -2.3811337462262476E-013
 SINGLE POLE (MadLoop)  -3.0702287462829958E-013
 DOUBLE POLE (MadLoop)  -2.3811337462262425E-013
 FINITE PART (MadLoop)   2.3755478727866605E-013
   325.00000000000000        0.0000000000000000        0.0000000000000000        325.00000000000000        0.0000000000000000     
   325.00000000000000        0.0000000000000000        0.0000000000000000       -325.00000000000000        0.0000000000000000     
   181.00375987583439       -55.853696208143184        91.313836930085571       -145.96064159280368        0.0000000000000000     
   149.69275301215475       -45.890841254247427       -141.57454003068514        16.081063659949727        0.0000000000000000     
   190.94995243029379        66.012508733630213        149.64844203086645        56.941732210986615        80.419002445756163     
   128.35353468171715        35.732028728760412       -99.387738930266877        72.937845721867376        0.0000000000000000     

 PASSED   1.0000000000000001E-005
 MU_R    =    325.00000000000000     
 ALPHA_S =   0.11799999999999999     
 BORN                    5.7680427993426436E-012
 SINGLE POLE (MadFKS)   -8.3831069555746889E-013
 DOUBLE POLE (MadFKS)   -6.1384437403429202E-013
 SINGLE POLE (MadLoop)  -8.3831069555742880E-013
 DOUBLE POLE (MadLoop)  -6.1384437403428586E-013
 FINITE PART (MadLoop)  -1.1811851078042917E-012
   325.00000000000000        0.0000000000000000        0.0000000000000000        325.00000000000000        0.0000000000000000     
   325.00000000000000        0.0000000000000000        0.0000000000000000       -325.00000000000000        0.0000000000000000     
   207.05770694853038       -32.764761125176371       -65.782903588839545       -193.57679104328358        0.0000000000000000     
   98.052725387768987        84.995059619443850        30.616604576127660       -38.115617802751913        0.0000000000000000     
   226.94479796958333       -46.646935590503908        129.69088111949208        161.37243917580727        80.419002445756163     
   117.94476969411731       -5.5833629037635877       -94.524582106780187        70.319969670228232        0.0000000000000000     

 PASSED   1.0000000000000001E-005
 MU_R    =    325.00000000000000     
 ALPHA_S =   0.11799999999999999     
 BORN                    2.4751104521696648E-009
 SINGLE POLE (MadFKS)   -9.8560937274533592E-011
 DOUBLE POLE (MadFKS)   -2.6340522756713466E-010
 SINGLE POLE (MadLoop)  -9.8560937274543415E-011
 DOUBLE POLE (MadLoop)  -2.6340522756713254E-010
 FINITE PART (MadLoop)   4.8394809694606084E-010
   325.00000000000000        0.0000000000000000        0.0000000000000000        325.00000000000000        0.0000000000000000     
   325.00000000000000        0.0000000000000000        0.0000000000000000       -325.00000000000000        0.0000000000000000     
   241.34887250491997        15.457535761117693        208.24687863295816        121.01066228733681        0.0000000000000000     
   12.474244830176422        11.772017161667108       -3.3941853810178197       -2.3464657738571781        0.0000000000000000     
   258.86762625913673       -105.71535165364315       -222.07183451956607       -7.3209772934060471        80.419002445756163     
   137.30925640576689        78.485798730858349        17.219141267625744       -111.34321922007361        0.0000000000000000     

 PASSED   1.0000000000000001E-005
 MU_R    =    325.00000000000000     
 ALPHA_S =   0.11799999999999999     
 BORN                    3.9369260673237184E-011
 SINGLE POLE (MadFKS)   -6.1372089767037526E-012
 DOUBLE POLE (MadFKS)   -4.1897399195634094E-012
 SINGLE POLE (MadLoop)  -6.1372089760513268E-012
 DOUBLE POLE (MadLoop)  -4.1897399195417064E-012
 FINITE PART (MadLoop)   6.5297754635937394E-012
   325.00000000000000        0.0000000000000000        0.0000000000000000        325.00000000000000        0.0000000000000000     
   325.00000000000000        0.0000000000000000        0.0000000000000000       -325.00000000000000        0.0000000000000000     
   275.78929822306611       -164.12120154282644       -152.47647082386527       -160.85675013380435        0.0000000000000000     
   273.19267055164067        139.46805541104220        164.33586185288010        167.85893265498513        0.0000000000000000     
   80.986325478536557        8.6460342404744690       -3.6703609407389748        1.8285247119373216        80.419002445756163     
   20.031705746756639        16.007111891309808       -8.1890300882758371       -8.8307072331180745        0.0000000000000000     

 PASSED   1.0000000000000001E-005
 MU_R    =    325.00000000000000     
 ALPHA_S =   0.11799999999999999     
 BORN                    3.0813403753240716E-011
 SINGLE POLE (MadFKS)   -1.0696445454863356E-011
 DOUBLE POLE (MadFKS)   -3.2792118915847091E-012
 SINGLE POLE (MadLoop)  -1.0696445454866434E-011
 DOUBLE POLE (MadLoop)  -3.2792118915820467E-012
 FINITE PART (MadLoop)  -9.3786987139392350E-012
   325.00000000000000        0.0000000000000000        0.0000000000000000        325.00000000000000        0.0000000000000000     
   325.00000000000000        0.0000000000000000        0.0000000000000000       -325.00000000000000        0.0000000000000000     
   63.305174686153762        20.562717397063011       -13.903278462756116        58.235887932442715        0.0000000000000000     
   288.68429572444609       -94.707864870006105       -67.375974792195052       -264.25275958915847        0.0000000000000000     
   124.40728745703676        55.722512297624540        68.995569899114031        33.831496797877477        80.419002445756163     
   173.60324213236342        18.422635175318568        12.283683355837129        172.18537485883823        0.0000000000000000     

 PASSED   1.0000000000000001E-005
 MU_R    =    325.00000000000000     
 ALPHA_S =   0.11799999999999999     
 BORN                    7.1309129685097613E-011
 SINGLE POLE (MadFKS)   -1.1836619022660520E-011
 DOUBLE POLE (MadFKS)   -7.5888320522634578E-012
 SINGLE POLE (MadLoop)  -1.1836619022660551E-011
 DOUBLE POLE (MadLoop)  -7.5888320522634627E-012
 FINITE PART (MadLoop)   1.4980835479927176E-012
   325.00000000000000        0.0000000000000000        0.0000000000000000        325.00000000000000        0.0000000000000000     
   325.00000000000000        0.0000000000000000        0.0000000000000000       -325.00000000000000        0.0000000000000000     
   211.64597034791342        38.344357168737680        59.841384340916804       -199.35580191704682        0.0000000000000000     
   73.448142896501835        54.447502980336473       -39.314195084120350       -29.740430041257504        0.0000000000000000     
   113.76170971944589        25.750255586407981       -74.849496149623263        14.456414054084547        80.419002445756163     
   251.14417703613884       -118.54211573548214        54.322306892826823        214.63981790421968        0.0000000000000000     

 PASSED   1.0000000000000001E-005
 MU_R    =    325.00000000000000     
 ALPHA_S =   0.11799999999999999     
 BORN                    3.5426066293225256E-012
 SINGLE POLE (MadFKS)   -3.3798556494522088E-013
 DOUBLE POLE (MadFKS)   -3.7700988437083876E-013
 SINGLE POLE (MadLoop)  -3.3798556494521599E-013
 DOUBLE POLE (MadLoop)  -3.7700988437083710E-013
 FINITE PART (MadLoop)   5.3465861220098196E-013
   325.00000000000000        0.0000000000000000        0.0000000000000000        325.00000000000000        0.0000000000000000     
   325.00000000000000        0.0000000000000000        0.0000000000000000       -325.00000000000000        0.0000000000000000     
   154.56684043542893       -32.514149839176909       -53.801415855594989       -141.20604050238165        0.0000000000000000     
   201.90608149061890       -83.267423901406360        125.94981059906880        134.04942025155739        0.0000000000000000     
   156.13079269541615       -5.2375221839416799       -132.68039539595932       -16.676016079180499        80.419002445756163     
   137.39628537853605        121.01909592452489        60.532000652485557        23.832636330004796        0.0000000000000000     

 PASSED   1.0000000000000001E-005
 MU_R    =    325.00000000000000     
 ALPHA_S =   0.11799999999999999     
 BORN                    1.1879395872163656E-009
 SINGLE POLE (MadFKS)   -8.2302787729666593E-011
 DOUBLE POLE (MadFKS)   -1.2642243784815359E-010
 SINGLE POLE (MadLoop)  -8.2302787729657055E-011
 DOUBLE POLE (MadLoop)  -1.2642243784815361E-010
 FINITE PART (MadLoop)   4.2307209615955997E-010
   325.00000000000000        0.0000000000000000        0.0000000000000000        325.00000000000000        0.0000000000000000     
   325.00000000000000        0.0000000000000000        0.0000000000000000       -325.00000000000000        0.0000000000000000     
   241.75248342831321       -91.965348017293820       -56.764110894617822        216.25095080058819        0.0000000000000000     
   47.911400050312373       -17.543680262812096        30.857343064594989        32.179899263533770        0.0000000000000000     
   265.88019396860631        166.24104582631406       -21.960718604240952       -190.01763894799828        80.419002445756163     
   94.455922552768044       -56.732017546208048        47.867486434263760       -58.413211116123669        0.0000000000000000     

 PASSED   1.0000000000000001E-005
 MU_R    =    325.00000000000000     
 ALPHA_S =   0.11799999999999999     
 BORN                    4.1160145310712438E-009
 SINGLE POLE (MadFKS)   -4.2128881761314373E-010
 DOUBLE POLE (MadFKS)   -4.3803287375562146E-010
 SINGLE POLE (MadLoop)  -4.2128881761319218E-010
 DOUBLE POLE (MadLoop)  -4.3803287375559597E-010
 FINITE PART (MadLoop)   8.8369701226470293E-010
   325.00000000000000        0.0000000000000000        0.0000000000000000        325.00000000000000        0.0000000000000000     
   325.00000000000000        0.0000000000000000        0.0000000000000000       -325.00000000000000        0.0000000000000000     
   8.8401846151458408      -0.74586283168484080       -8.7469190446053702       -1.0411339458936746        0.0000000000000000     
   292.79914671468157        278.36272866556544        65.609143543332621       -62.777160577847106        0.0000000000000000     
   265.29461083613450       -215.19194450172745       -110.91715679817982        72.827370772937726        80.419002445756163     
   83.066057834038062       -62.424921332153147        54.054932299452560       -9.0090762491969887        0.0000000000000000     

 PASSED   1.0000000000000001E-005
 MU_R    =    325.00000000000000     
 ALPHA_S =   0.11799999999999999     
 BORN                    2.0062840309663040E-012
 SINGLE POLE (MadFKS)   -1.3278245732543910E-013
 DOUBLE POLE (MadFKS)   -2.1351196722462957E-013
 SINGLE POLE (MadLoop)  -1.3278245732544649E-013
 DOUBLE POLE (MadLoop)  -2.1351196722462941E-013
 FINITE PART (MadLoop)   1.9332074157354829E-013
   325.00000000000000        0.0000000000000000        0.0000000000000000        325.00000000000000        0.0000000000000000     
   325.00000000000000        0.0000000000000000        0.0000000000000000       -325.00000000000000        0.0000000000000000     
   171.69348027271158        118.61287245041979       -114.19550794980101       -48.672616750112937        0.0000000000000000     
   120.83768670823848       -91.373860769247216        78.242896597060877       -11.428614492678074        0.0000000000000000     
   211.25821410964284        23.432704050681657        168.14042453645695        96.656728125869918        80.419002445756163     
   146.21061890940712       -50.671715731854121       -132.18781318371686       -36.555496883078945        0.0000000000000000     

 PASSED   1.0000000000000001E-005
 MU_R    =    325.00000000000000     
 ALPHA_S =   0.11799999999999999     
 BORN                    1.2717453960515136E-011
 SINGLE POLE (MadFKS)   -1.8347451015382700E-012
 DOUBLE POLE (MadFKS)   -1.3534118655624428E-012
 SINGLE POLE (MadLoop)  -1.8347451015379324E-012
 DOUBLE POLE (MadLoop)  -1.3534118655624349E-012
 FINITE PART (MadLoop)   2.4773893438353656E-012
   325.00000000000000        0.0000000000000000        0.0000000000000000        325.00000000000000        0.0000000000000000     
   325.00000000000000        0.0000000000000000        0.0000000000000000       -325.00000000000000        0.0000000000000000     
   118.26707734913779        27.510930645177545        38.977200689641123       -108.21750369576364        0.0000000000000000     
   224.10936999403646        165.14279295025361        83.938302711904313        126.12386369580631        0.0000000000000000     
Thanks for using LHAPDF 6.2.1. Please make sure to cite the paper:
  Eur.Phys.J. C75 (2015) 3, 132  (http://arxiv.org/abs/1412.7420)
   195.34589404684283       -100.47196653950434       -121.96035399340050       -81.999136337396720        80.419002445756163     
   112.27765860998296       -92.181757055926852      -0.95514940814492422        64.092776337354039        0.0000000000000000     

 PASSED   1.0000000000000001E-005
 MU_R    =    325.00000000000000     
 ALPHA_S =   0.11799999999999999     
 BORN                    1.8856317278489453E-011
 SINGLE POLE (MadFKS)   -2.2680347571588858E-012
 DOUBLE POLE (MadFKS)   -2.0067195544605689E-012
 SINGLE POLE (MadLoop)  -2.2680347571480501E-012
 DOUBLE POLE (MadLoop)  -2.0067195544605653E-012
 FINITE PART (MadLoop)   2.0659962429908695E-012
   325.00000000000000        0.0000000000000000        0.0000000000000000        325.00000000000000        0.0000000000000000     
   325.00000000000000        0.0000000000000000        0.0000000000000000       -325.00000000000000        0.0000000000000000     
   107.40063845573599       -49.671784953484334        86.292012305831577       -40.265363930364813        0.0000000000000000     
   136.46180670399278        63.544741356427501        24.397857050153316        118.27356046988226        0.0000000000000000     
   261.18493763833936        95.431568359867484       -175.68284289374299       -147.57611652269830        80.419002445756163     
   144.95261720193193       -109.30452476281044        64.992973537758118        69.567919983180744        0.0000000000000000     

 NUMBER OF POINTS PASSING THE CHECK          20
 NUMBER OF POINTS FAILING THE CHECK           0
 TOLERANCE    1.0000000000000001E-005
