==== LHAPDF6 USING DEFAULT-TYPE LHAGLUE INTERFACE ====
LHAPDF 6.2.1 loading /cvmfs/cms.cern.ch/slc7_amd64_gcc700/external/lhapdf/6.2.1-pafccj3/share/LHAPDF/NNPDF31_nnlo_as_0118_nf_4_mc_hessian/NNPDF31_nnlo_as_0118_nf_4_mc_hessian_0000.dat
NNPDF31_nnlo_as_0118_nf_4_mc_hessian PDF set, member #0, version 1; LHAPDF ID = 325500
 A PDF is used, so alpha_s(MZ) is going to be modified
 Old value of alpha_s from param_card:   0.11799999999999999     
 New value of alpha_s from PDF lhapdf :  0.11266013434007299     
 *****************************************************
 *               MadGraph/MadEvent                   *
 *        --------------------------------           *
 *          http://madgraph.hep.uiuc.edu             *
 *          http://madgraph.phys.ucl.ac.be           *
 *          http://madgraph.roma2.infn.it            *
 *        --------------------------------           *
 *                                                   *
 *          PARAMETER AND COUPLING VALUES            *
 *                                                   *
 *****************************************************

  External Params
  ---------------------------------
  
 MU_R =    91.188000000000002     
 aEWM1 =    132.50700000000001     
 mdl_Gf =    1.1663900000000000E-005
 aS =   0.11799999999999999     
 mdl_ymb =    4.7000000000000002     
 mdl_ymt =    173.00000000000000     
 mdl_ymtau =    1.7769999999999999     
 mdl_MT =    173.00000000000000     
 mdl_MB =    4.7000000000000002     
 mdl_MZ =    91.188000000000002     
 mdl_MH =    125.00000000000000     
 mdl_MTA =    1.7769999999999999     
 mdl_WT =    1.4915000000000000     
 mdl_WZ =    2.4414039999999999     
 mdl_WW =    2.0476000000000001     
 mdl_WH =    6.3823389999999999E-003
  Internal Params
  ---------------------------------
  
 mdl_conjg__CKM3x3 =    1.0000000000000000     
 mdl_CKM22 =    1.0000000000000000     
 mdl_lhv =    1.0000000000000000     
 mdl_CKM3x3 =    1.0000000000000000     
 mdl_conjg__CKM22 =    1.0000000000000000     
 mdl_conjg__CKM33 =    1.0000000000000000     
 mdl_Ncol =    3.0000000000000000     
 mdl_CA =    3.0000000000000000     
 mdl_TF =   0.50000000000000000     
 mdl_CF =    1.3333333333333333     
 mdl_complexi =                (0.0000000000000000,1.0000000000000000)
 mdl_MZ__exp__2 =    8315.2513440000002     
 mdl_MZ__exp__4 =    69143404.913893804     
 mdl_sqrt__2 =    1.4142135623730951     
 mdl_MH__exp__2 =    15625.000000000000     
 mdl_Ncol__exp__2 =    9.0000000000000000     
 mdl_MB__exp__2 =    22.090000000000003     
 mdl_MT__exp__2 =    29929.000000000000     
 mdl_aEW =    7.5467711139788835E-003
 mdl_MW =    80.419002445756163     
 mdl_sqrt__aEW =    8.6872153846781555E-002
 mdl_ee =   0.30795376724436879     
 mdl_MW__exp__2 =    6467.2159543705357     
 mdl_sw2 =   0.22224648578577766     
 mdl_cw =   0.88190334743339216     
 mdl_sqrt__sw2 =   0.47143025548407230     
 mdl_sw =   0.47143025548407230     
 mdl_g1 =   0.34919219678733299     
 mdl_gw =   0.65323293034757990     
 mdl_v =    246.21845810181637     
 mdl_v__exp__2 =    60623.529110035903     
 mdl_lam =   0.12886910601690263     
 mdl_yb =    2.6995554250465490E-002
 mdl_yt =   0.99366614581500623     
 mdl_ytau =    1.0206617000654717E-002
 mdl_muH =    88.388347648318430     
 mdl_AxialZUp =  -0.18517701861793787     
 mdl_AxialZDown =   0.18517701861793787     
 mdl_VectorZUp =    7.5430507588273299E-002
 mdl_VectorZDown =  -0.13030376310310560     
 mdl_VectorAUp =   0.20530251149624587     
 mdl_VectorADown =  -0.10265125574812294     
 mdl_VectorWmDxU =   0.23095271737156670     
 mdl_AxialWmDxU =  -0.23095271737156670     
 mdl_VectorWpUxD =   0.23095271737156670     
 mdl_AxialWpUxD =  -0.23095271737156670     
 mdl_I1x33 =          (2.69955542504654901E-002,0.0000000000000000)
 mdl_I2x33 =               (0.99366614581500623,0.0000000000000000)
 mdl_I3x33 =               (0.99366614581500623,0.0000000000000000)
 mdl_I4x33 =          (2.69955542504654901E-002,0.0000000000000000)
 mdl_Vector_tbGp =              (-0.96667059156454072,0.0000000000000000)
 mdl_Axial_tbGp =              (-1.0206617000654716,-0.0000000000000000)
 mdl_Vector_tbGm =               (0.96667059156454072,0.0000000000000000)
 mdl_Axial_tbGm =              (-1.0206617000654716,-0.0000000000000000)
 mdl_gw__exp__2 =   0.42671326129048615     
 mdl_cw__exp__2 =   0.77775351421422245     
 mdl_ee__exp__2 =    9.4835522759998875E-002
 mdl_sw__exp__2 =   0.22224648578577769     
 mdl_yb__exp__2 =    7.2875994928982540E-004
 mdl_yt__exp__2 =   0.98737240933884918     
  Internal Params evaluated point by point
  ----------------------------------------
  
 mdl_sqrt__aS =   0.34351128074635334     
 mdl_G__exp__4 =    2.1987899468922913     
 mdl_G__exp__2 =    1.4828317324943823     
 mdl_R2MixedFactor_FIN_ =   -2.5040377713124864E-002
 mdl_G_UVg_1EPS_ =   -5.1645779033320030E-002
 mdl_G_UVq_1EPS_ =    3.1300472141406080E-003
 mdl_GWcft_UV_b_1EPS_ =   -3.1300472141406080E-003
 mdl_GWcft_UV_t_1EPS_ =   -3.1300472141406080E-003
 mdl_bWcft_UV_1EPS_ =   -1.8780283284843650E-002
 mdl_tWcft_UV_1EPS_ =   -1.8780283284843650E-002
 mdl_G__exp__3 =    1.8056676068262196     
 mdl_MU_R__exp__2 =    8315.2513440000002     
 mdl_G_UVb_FIN_ =    1.8563438626678915E-002
 mdl_G_UVt_FIN_ =   -4.0087659331150384E-003
 mdl_GWcft_UV_b_FIN_ =   -1.8563438626678915E-002
 mdl_GWcft_UV_t_FIN_ =    4.0087659331150384E-003
 mdl_bWcft_UV_FIN_ =  -0.13642100947319838     
 mdl_tWcft_UV_FIN_ =   -9.8778211443463623E-004
  Couplings of loop_sm
  ---------------------------------
  
      UV_GQQb =   0.00000E+00   0.22605E-01
      UV_GQQt =   0.00000E+00  -0.48815E-02
   UVWfct_G_2 =   0.40088E-02   0.00000E+00
   UVWfct_G_1 =  -0.18563E-01   0.00000E+00
       R2_DDA =   0.00000E+00   0.25704E-02
       R2_UUA =  -0.00000E+00  -0.51409E-02
    R2_UUZ_V2 =  -0.00000E+00  -0.72127E-02
    R2_UUZ_V5 =   0.00000E+00   0.68702E-03
      R2_sxcW =  -0.00000E+00  -0.11566E-01
      R2_GGHb =   0.00000E+00  -0.33698E-02
      R2_GGHt =   0.00000E+00  -0.45657E+01
     R2_GGZup =  -0.46369E-02   0.00000E+00
    R2_GGWWcs =   0.00000E+00   0.13356E-02
         GC_4 =  -0.12177E+01   0.00000E+00
         GC_5 =   0.00000E+00   0.12177E+01
       R2_GQQ =  -0.00000E+00  -0.30492E-01
       R2_QQq =   0.00000E+00   0.12520E-01
 UV_GQQg_1eps =   0.00000E+00  -0.62890E-01
 UV_GQQq_1eps =   0.00000E+00   0.38115E-02
 UVWfct_G_2_1eps -0.31300E-02   0.00000E+00
         GC_1 =  -0.00000E+00  -0.10265E+00
         GC_2 =   0.00000E+00   0.20530E+00
         GC_7 =   0.00000E+00   0.57609E+00
        GC_22 =   0.00000E+00   0.28804E+00
        GC_23 =  -0.00000E+00  -0.27437E-01
        GC_24 =   0.00000E+00   0.82310E-01
        GC_25 =   0.00000E+00   0.30795E+00
        GC_28 =   0.00000E+00   0.37035E+00
        GC_31 =   0.00000E+00   0.52532E+02
        GC_33 =  -0.00000E+00  -0.19089E-01
        GC_37 =  -0.00000E+00  -0.70263E+00
        GC_38 =  -0.00000E+00  -0.72172E-02
        GC_47 =   0.00000E+00   0.46191E+00

 Collider parameters:
 --------------------

 Running at P P   machine @    13000.000000000000       GeV
 PDF set = lhapdf 
 alpha_s(Mz)= 0.1127 running at 3 loops.
 alpha_s(Mz)= 0.1127 running at 3 loops.
 Renormalization scale set on event-by-event basis
 Factorization   scale set on event-by-event basis


 ===============================================================
 INFO: MadFKS read these parameters from FKS_params.dat
 ===============================================================
  > IRPoleCheckThreshold      =    1.0000000000000001E-005
  > PrecisionVirtualAtRunTime =    1.0000000000000000E-003
  > NHelForMCoverHels         =            4
  > VirtualFraction           =    1.0000000000000000     
  > MinVirtualFraction        =    5.0000000000000001E-003
 ===============================================================
  Insert the number of points to test
 Insert the relative tolerance
  A negative number will mean use the default one:    1.0000000000000001E-005
Using random seed offsets:     1 ,     31 ,      0
  with seed                   32
 Ranmar initialization seeds       10730        9437
  ========================================================================================== 
 {                                                                                          }
 {       [32m                                                                            [0m       }
 {       [32m                               ,,                                           [0m       }
 {       [32m`7MMM.     ,MMF'             `7MM  `7MMF'                                   [0m       }
 {       [32m  MMMb    dPMM                 MM    MM                                     [0m       }
 {       [32m  M YM   ,M MM   ,6"Yb.   ,M""bMM    MM         ,pW"Wq.   ,pW"Wq.`7MMpdMAo. [0m       }
 {       [32m  M  Mb  M' MM  8)   MM ,AP    MM    MM        6W'   `Wb 6W'   `Wb MM   `Wb [0m       }
 {       [32m  M  YM.P'  MM   ,pm9MM 8MI    MM    MM      , 8M     M8 8M     M8 MM    M8 [0m       }
 {       [32m  M  `YM'   MM  8M   MM `Mb    MM    MM     ,M YA.   ,A9 YA.   ,A9 MM   ,AP [0m       }
 {       [32m.JML. `'  .JMML.`Moo9^Yo.`Wbmd"MML..JMMmmmmMMM  `Ybmd9'   `Ybmd9'  MMbmmd'  [0m       }
 {       [32m                                                                   MM       [0m       }
 {       [32m                                                                 .JMML.     [0m       }
 {       [32m[0mv2.6.5 (2018-02-03), Ref: arXiv:1103.0621v2, arXiv:1405.0301[32m                [0m       }
 {       [32m                                                                            [0m       }
 {                                                                                          }
  ========================================================================================== 
 ===============================================================
 INFO: MadLoop read these parameters from ./MadLoop5_resources/MadLoopParams.dat                                                                                                                                                                                                                                                                                                                                                                                                                                                                                          
 ===============================================================
  > MLReductionLib            = 6|7|1
  > CTModeRun                 =           -1
  > MLStabThres               =    1.0000000000000000E-003
  > NRotations_DP             =            0
  > NRotations_QP             =            0
  > CTStabThres               =    1.0000000000000000E-002
  > CTLoopLibrary             =            2
  > CTModeInit                =            1
  > CheckCycle                =            3
  > MaxAttempts               =           10
  > UseLoopFilter             =  F
  > HelicityFilterLevel       =            2
  > ImprovePSPoint            =            2
  > DoubleCheckHelicityFilter =  T
  > LoopInitStartOver         =  F
  > HelInitStartOver          =  F
  > ZeroThres                 =    1.0000000000000001E-009
  > OSThres                   =    1.0000000000000000E-008
  > WriteOutFilters           =  T
  > UseQPIntegrandForNinja    =  T
  > UseQPIntegrandForCutTools =  T
  > IREGIMODE                 =            2
  > IREGIRECY                 =  T
  > COLLIERMode               =            1
  > COLLIERRequiredAccuracy   =    1.0000000000000000E-008
  > COLLIERCanOutput          =  F
  > COLLIERComputeUVpoles     =  T
  > COLLIERComputeIRpoles     =  T
  > COLLIERGlobalCache        =           -1
  > COLLIERUseCacheForPoles   =  F
  > COLLIERUseInternalStabilityTest =  T
 ===============================================================
  
------------------------------------------------------------------------
|              You are using CutTools - Version 1.9.3                  |
|              Authors: G. Ossola, C. Papadopoulos, R. Pittau          |
|              Published in JHEP 0803:042,2008                         |
|              http://www.ugr.es/~pittau/CutTools                      |
|                                                                      |
|              Compiler with  34  significant digits detetected        |
 ---------------------------------------------------------------------- 
   
########################################################################
#                                                                      #

  +----------------------------------------------------------------+
  |                                                                |
  |  Ninja - version 1.1.0                                         |
  |                                                                |
  |  Author: Tiziano Peraro                                        |
  |                                                                |
  |  Based on:                                                     |
  |                                                                |
  |      P. Mastrolia, E. Mirabella and T. Peraro,                 |
  |      "Integrand reduction of one-loop scattering amplitudes    |
  |      through Laurent series expansion,"                        |
  |      JHEP 1206 (2012) 095  [arXiv:1203.0291 [hep-ph]].         |
  |                                                                |
  |      T. Peraro,                                                |
  |      "Ninja: Automated Integrand Reduction via Laurent         |
  |      Expansion for One-Loop Amplitudes,"                       |
  |      Comput.Phys.Commun. 185 (2014) [arXiv:1403.1229 [hep-ph]] |
  |                                                                |
  +----------------------------------------------------------------+


#                      You are using OneLOop-3.6                       #
#                                                                      #
# for the evaluation of 1-loop scalar 1-, 2-, 3- and 4-point functions #
#                                                                      #
# author: Andreas van Hameren <hamerenREMOVETHIS@ifj.edu.pl>           #
#   date: 18-02-2015                                                   #
#                                                                      #
# Please cite                                                          #
#    A. van Hameren,                                                   #
#      Comput.Phys.Commun. 182 (2011) 2427-2438, arXiv:1007.4716       #
#    A. van Hameren, C.G. Papadopoulos and R. Pittau,                  #
#      JHEP 0909:106,2009, arXiv:0903.4665                             #
# in publications with results obtained with the help of this program. #
#                                                                      #
########################################################################
########################################################################
#                                                                      #
#                      You are using OneLOop-3.6                       #
#                                                                      #
# for the evaluation of 1-loop scalar 1-, 2-, 3- and 4-point functions #
#                                                                      #
# author: Andreas van Hameren <hamerenREMOVETHIS@ifj.edu.pl>           #
#   date: 18-02-2015                                                   #
#                                                                      #
# Please cite                                                          #
#    A. van Hameren,                                                   #
#      Comput.Phys.Commun. 182 (2011) 2427-2438, arXiv:1007.4716       #
#    A. van Hameren, C.G. Papadopoulos and R. Pittau,                  #
#      JHEP 0909:106,2009, arXiv:0903.4665                             #
# in publications with results obtained with the help of this program. #
#                                                                      #
########################################################################
 PASSED   1.0000000000000001E-005
 MU_R    =    325.00000000000000     
 ALPHA_S =   0.11799999999999999     
 BORN                    2.7154521369061010E-010
 SINGLE POLE (MadFKS)   -4.8760926034073883E-011
 DOUBLE POLE (MadFKS)   -2.8898277547267348E-011
 SINGLE POLE (MadLoop)  -4.8760926034075033E-011
 DOUBLE POLE (MadLoop)  -2.8898277547267313E-011
 FINITE PART (MadLoop)   4.1867792997253197E-011
   325.00000000000000        0.0000000000000000        0.0000000000000000        325.00000000000000        0.0000000000000000     
   325.00000000000000        0.0000000000000000        0.0000000000000000       -325.00000000000000        0.0000000000000000     
   49.575080339712805       -24.427063813731547       -42.972201382343272        3.7943448030196372        0.0000000000000000     
   163.92904599892273        24.854653621382390        161.27616898860961       -15.651697410679203        0.0000000000000000     
   224.34580232351274       -130.61582603910662       -69.306762870253507       -148.32363828594012        80.419002445756163     
   212.15007133785167        130.18823623145585       -48.997204736012826        160.18099089359970        0.0000000000000000     

 PASSED   1.0000000000000001E-005
 MU_R    =    325.00000000000000     
 ALPHA_S =   0.11799999999999999     
 BORN                    2.8561102591659194E-009
 SINGLE POLE (MadFKS)   -1.1737163178502365E-009
 DOUBLE POLE (MadFKS)   -3.0395183863934362E-010
 SINGLE POLE (MadLoop)  -1.1737163178491394E-009
 DOUBLE POLE (MadLoop)  -3.0395183863929006E-010
 FINITE PART (MadLoop)  -1.8152390095897792E-009
   325.00000000000000        0.0000000000000000        0.0000000000000000        325.00000000000000        0.0000000000000000     
   325.00000000000000        0.0000000000000000        0.0000000000000000       -325.00000000000000        0.0000000000000000     
   57.579515875763718       -52.784944982201900       -3.1134312560548192E-002   23.003244605225238        0.0000000000000000     
   283.59401568406474       -107.21940466358338        148.99417977140607       -216.17192090936825        0.0000000000000000     
   290.43651743624787        142.16340974162588       -148.51312779739391        188.73147725961056        80.419002445756163     
   18.389951003923692        17.840939904159395      -0.44991766145161360        4.4371990445325782        0.0000000000000000     

 PASSED   1.0000000000000001E-005
 MU_R    =    325.00000000000000     
 ALPHA_S =   0.11799999999999999     
 BORN                    1.6078439689912391E-010
 SINGLE POLE (MadFKS)   -1.8738073918296383E-011
 DOUBLE POLE (MadFKS)   -1.7110933622106944E-011
 SINGLE POLE (MadLoop)  -1.8738073918296105E-011
 DOUBLE POLE (MadLoop)  -1.7110933622106934E-011
 FINITE PART (MadLoop)   3.2655094002853145E-011
   325.00000000000000        0.0000000000000000        0.0000000000000000        325.00000000000000        0.0000000000000000     
   325.00000000000000        0.0000000000000000        0.0000000000000000       -325.00000000000000        0.0000000000000000     
   78.409030712820879       -66.065282586415222        12.442065132981213       -40.355291466272973        0.0000000000000000     
   137.27165514236617       -112.88090283194877       -66.027380286182662        41.734807222660805        0.0000000000000000     
   188.93195027749636       -38.251232866513142        163.35956626820257       -32.841455116123406        80.419002445756163     
   245.38736386731668        217.19741828487713       -109.77425111500112        31.461939359735570        0.0000000000000000     

 PASSED   1.0000000000000001E-005
 MU_R    =    325.00000000000000     
 ALPHA_S =   0.11799999999999999     
 BORN                    1.8418922354517705E-008
 SINGLE POLE (MadFKS)   -3.2591302010816691E-009
 DOUBLE POLE (MadFKS)   -1.9601712845098307E-009
 SINGLE POLE (MadLoop)  -3.2591302010817121E-009
 DOUBLE POLE (MadLoop)  -1.9601712845098807E-009
 FINITE PART (MadLoop)   2.7579345495028310E-009
   325.00000000000000        0.0000000000000000        0.0000000000000000        325.00000000000000        0.0000000000000000     
   325.00000000000000        0.0000000000000000        0.0000000000000000       -325.00000000000000        0.0000000000000000     
   127.28780624350446       -44.251000353219645       -53.977349241360301        106.44472910811278        0.0000000000000000     
   94.358617878654854       -54.707266630321847        15.320003588979366        75.338975542826049        0.0000000000000000     
   186.85493885410051        136.04498364505747       -98.807792151188579        13.279113487829687        80.419002445756163     
   241.49863702374012       -37.086716661515929        137.46513780356949       -195.06281813876851        0.0000000000000000     

 PASSED   1.0000000000000001E-005
 MU_R    =    325.00000000000000     
 ALPHA_S =   0.11799999999999999     
 BORN                    3.5806306949092104E-011
 SINGLE POLE (MadFKS)   -6.7265077251589044E-012
 DOUBLE POLE (MadFKS)   -3.8105646646987545E-012
 SINGLE POLE (MadLoop)  -6.7265077251592517E-012
 DOUBLE POLE (MadLoop)  -3.8105646646988029E-012
 FINITE PART (MadLoop)   5.4873582072130233E-012
   325.00000000000000        0.0000000000000000        0.0000000000000000        325.00000000000000        0.0000000000000000     
   325.00000000000000        0.0000000000000000        0.0000000000000000       -325.00000000000000        0.0000000000000000     
   206.74703526141499        203.77543161136492       -13.638893061292650       -32.154170134673635        0.0000000000000000     
   122.02247139937862       -102.48534537435506       -3.0296841207520768       -66.159341925685723        0.0000000000000000     
   152.24498240319309       -69.376868189908663       -108.56615346725560       -10.562158589151704        80.419002445756163     
   168.98551093601327       -31.913218047100720        125.23473064930056        108.87567064951141        0.0000000000000000     

 PASSED   1.0000000000000001E-005
 MU_R    =    325.00000000000000     
 ALPHA_S =   0.11799999999999999     
 BORN                    6.2166248206441747E-009
 SINGLE POLE (MadFKS)   -1.1250848377664439E-009
 DOUBLE POLE (MadFKS)   -6.6158319284129825E-010
 SINGLE POLE (MadLoop)  -1.1250848377670405E-009
 DOUBLE POLE (MadLoop)  -6.6158319284132513E-010
 FINITE PART (MadLoop)   2.7472003219657149E-010
   325.00000000000000        0.0000000000000000        0.0000000000000000        325.00000000000000        0.0000000000000000     
   325.00000000000000        0.0000000000000000        0.0000000000000000       -325.00000000000000        0.0000000000000000     
   184.06023270179634        22.843006243269532        152.80312658563730        100.03784700633597        0.0000000000000000     
   117.38260554214894       -31.107565662036340        112.81816391775990        9.1135795750783419        0.0000000000000000     
   189.41307488762124       -71.000875238384808       -153.42549809435141       -28.802590749731944        80.419002445756163     
   159.14408686843350        79.265434657151573       -112.19579240904578       -80.348835831682393        0.0000000000000000     

 PASSED   1.0000000000000001E-005
 MU_R    =    325.00000000000000     
 ALPHA_S =   0.11799999999999999     
 BORN                    1.3848353469023622E-009
 SINGLE POLE (MadFKS)   -1.8425462307216259E-010
 DOUBLE POLE (MadFKS)   -1.4737640066691615E-010
 SINGLE POLE (MadLoop)  -1.8425462307217047E-010
 DOUBLE POLE (MadLoop)  -1.4737640066691499E-010
 FINITE PART (MadLoop)   4.0360332822289342E-010
   325.00000000000000        0.0000000000000000        0.0000000000000000        325.00000000000000        0.0000000000000000     
   325.00000000000000        0.0000000000000000        0.0000000000000000       -325.00000000000000        0.0000000000000000     
   56.259387138331078       -53.041942936754779        2.6293693893697760        18.567642480641123        0.0000000000000000     
   191.40584666486524       -54.404900113975522       -19.031242838581345        182.52155154145822        0.0000000000000000     
   165.42355778448052       -100.13381074247667        49.444555520940185       -91.794299339508854        80.419002445756163     
   236.91120841232305        207.58065379320701       -33.042682071728635       -109.29489468259052        0.0000000000000000     

 PASSED   1.0000000000000001E-005
 MU_R    =    325.00000000000000     
 ALPHA_S =   0.11799999999999999     
 BORN                    2.2843715506227267E-010
 SINGLE POLE (MadFKS)   -6.5206270263254009E-011
 DOUBLE POLE (MadFKS)   -2.4310648747501672E-011
 SINGLE POLE (MadLoop)  -6.5206270263259541E-011
 DOUBLE POLE (MadLoop)  -2.4310648747501885E-011
 FINITE PART (MadLoop)  -1.5310680267281884E-011
   325.00000000000000        0.0000000000000000        0.0000000000000000        325.00000000000000        0.0000000000000000     
   325.00000000000000        0.0000000000000000        0.0000000000000000       -325.00000000000000        0.0000000000000000     
   132.32113723748674       -126.49733980892439       -6.6046318325405204        38.258139257468777        0.0000000000000000     
   203.70822095976359        130.94337383352033       -154.87420341521567       -19.101132222702766        0.0000000000000000     
   239.42806279524535        9.0541488048711241        214.13457274306248       -70.164011038984540        80.419002445756163     
   74.542579007504344       -13.500182829467063       -52.655737495306305        51.007004004218544        0.0000000000000000     

 PASSED   1.0000000000000001E-005
 MU_R    =    325.00000000000000     
 ALPHA_S =   0.11799999999999999     
 BORN                    2.3222987380986362E-010
 SINGLE POLE (MadFKS)   -4.0849283582676040E-011
 DOUBLE POLE (MadFKS)   -2.4714275964998813E-011
 SINGLE POLE (MadLoop)  -4.0849283582673985E-011
 DOUBLE POLE (MadLoop)  -2.4714275964999899E-011
 FINITE PART (MadLoop)   3.5102134790598813E-011
   325.00000000000000        0.0000000000000000        0.0000000000000000        325.00000000000000        0.0000000000000000     
   325.00000000000000        0.0000000000000000        0.0000000000000000       -325.00000000000000        0.0000000000000000     
   210.92664527109315        92.909600106910659       -29.408728251607304        187.06411359722262        0.0000000000000000     
   167.93650581661169        51.862958345591387        61.867051176574023       -147.25953794661814        0.0000000000000000     
   98.596370911037795       -7.4429872090312683        9.8736104596956409        55.687899586470195        80.419002445756163     
   172.54047800125730       -137.32957124347078       -42.331933384662413       -95.492475237074686        0.0000000000000000     

 PASSED   1.0000000000000001E-005
 MU_R    =    325.00000000000000     
 ALPHA_S =   0.11799999999999999     
 BORN                    1.7468689338924830E-010
 SINGLE POLE (MadFKS)   -5.1889343446125869E-011
 DOUBLE POLE (MadFKS)   -1.8590459615996398E-011
 SINGLE POLE (MadLoop)  -5.1889343446132997E-011
 DOUBLE POLE (MadLoop)  -1.8590459615995968E-011
 FINITE PART (MadLoop)  -2.2983288358641970E-011
   325.00000000000000        0.0000000000000000        0.0000000000000000        325.00000000000000        0.0000000000000000     
   325.00000000000000        0.0000000000000000        0.0000000000000000       -325.00000000000000        0.0000000000000000     
   249.20580988358523       -209.68857359918783        132.30753874818086       -25.078934827265002        0.0000000000000000     
   119.40937873540575        25.846860678294686       -109.64955773977593        39.591842727056203        0.0000000000000000     
   222.21824946160999        200.22874175396902        23.565867677664578       -47.611293782389346        80.419002445756163     
   59.166561919399015       -16.387028833075870       -46.223848686069488        33.098385882598159        0.0000000000000000     

 PASSED   1.0000000000000001E-005
 MU_R    =    325.00000000000000     
 ALPHA_S =   0.11799999999999999     
 BORN                    1.2584196104158308E-010
 SINGLE POLE (MadFKS)   -1.9585290129684125E-011
 DOUBLE POLE (MadFKS)   -1.3392303505726733E-011
 SINGLE POLE (MadLoop)  -1.9585290129684125E-011
 DOUBLE POLE (MadLoop)  -1.3392303505726738E-011
 FINITE PART (MadLoop)   3.1390894360451823E-011
   325.00000000000000        0.0000000000000000        0.0000000000000000        325.00000000000000        0.0000000000000000     
   325.00000000000000        0.0000000000000000        0.0000000000000000       -325.00000000000000        0.0000000000000000     
   176.19441060126312       -152.68296161392479        59.967088256320729       -64.314321002292715        0.0000000000000000     
   89.690663136834473        34.623725327762351       -81.295843916589149       -15.381757384719126        0.0000000000000000     
   156.87512599004617        13.215575014446395       -115.05084657979702       -68.784013246770300        80.419002445756163     
   227.23980027185624        104.84366127171607        136.37960224006537        148.48009163378214        0.0000000000000000     

 PASSED   1.0000000000000001E-005
 MU_R    =    325.00000000000000     
 ALPHA_S =   0.11799999999999999     
 BORN                    2.1848813824659708E-010
 SINGLE POLE (MadFKS)   -3.1630287713276300E-011
 DOUBLE POLE (MadFKS)   -2.3251858407011994E-011
 SINGLE POLE (MadLoop)  -3.1630287713098385E-011
 DOUBLE POLE (MadLoop)  -2.3251858407012570E-011
 FINITE PART (MadLoop)   5.0888085159259854E-011
   325.00000000000000        0.0000000000000000        0.0000000000000000        325.00000000000000        0.0000000000000000     
   325.00000000000000        0.0000000000000000        0.0000000000000000       -325.00000000000000        0.0000000000000000     
   119.13325062303298       -76.659738461772591        64.530816553022589        64.434382265861430        0.0000000000000000     
   231.13763256759395        223.30853717820804        12.917908212471566        58.232551547181266        0.0000000000000000     
   90.881593362716160        18.093480126059521        16.069137240416850       -34.736966808460629        80.419002445756163     
   208.84752344665688       -164.74227884249498       -93.517862005910985       -87.929967004582068        0.0000000000000000     

 PASSED   1.0000000000000001E-005
 MU_R    =    325.00000000000000     
 ALPHA_S =   0.11799999999999999     
 BORN                    1.5103782551213574E-009
 SINGLE POLE (MadFKS)   -4.6040477601043778E-010
 DOUBLE POLE (MadFKS)   -1.6073687849119934E-010
 SINGLE POLE (MadLoop)  -4.6040477601044383E-010
 DOUBLE POLE (MadLoop)  -1.6073687849120278E-010
 FINITE PART (MadLoop)  -7.8198081769348147E-011
   325.00000000000000        0.0000000000000000        0.0000000000000000        325.00000000000000        0.0000000000000000     
   325.00000000000000        0.0000000000000000        0.0000000000000000       -325.00000000000000        0.0000000000000000     
   219.45691030093059       -182.86008907971802        46.485851435518200        112.08295551466894        0.0000000000000000     
   186.56734810980828        158.45949200168792        79.622243325119157        57.950523234643157        0.0000000000000000     
   177.68157895018626        49.668497485151541       -87.946681347583322       -122.07353989040730        80.419002445756163     
   66.294162639074870       -25.267900407121410       -38.161413413054014       -47.959938858904785        0.0000000000000000     

 PASSED   1.0000000000000001E-005
 MU_R    =    325.00000000000000     
 ALPHA_S =   0.11799999999999999     
 BORN                    3.0363296121992644E-011
 SINGLE POLE (MadFKS)   -6.8774981686223210E-012
 DOUBLE POLE (MadFKS)   -3.2313107149181594E-012
 SINGLE POLE (MadLoop)  -6.8774981686214292E-012
 DOUBLE POLE (MadLoop)  -3.2313107149181412E-012
 FINITE PART (MadLoop)   5.3026389214184294E-012
   325.00000000000000        0.0000000000000000        0.0000000000000000        325.00000000000000        0.0000000000000000     
   325.00000000000000        0.0000000000000000        0.0000000000000000       -325.00000000000000        0.0000000000000000     
   230.83895185863781        172.42410139491901        68.853157826955382       -137.17067328917494        0.0000000000000000     
   108.40096217482395       -98.546756933233624       -4.1439518251969032       -44.968132734640236        0.0000000000000000     
   113.27951111522817        16.920431862972645       -77.628753537210173        7.2461916869586398        80.419002445756163     
   197.48057485131008       -90.797776324657988        12.919547535451535        174.89261433685650        0.0000000000000000     

 PASSED   1.0000000000000001E-005
 MU_R    =    325.00000000000000     
 ALPHA_S =   0.11799999999999999     
 BORN                    2.6895783514670559E-010
 SINGLE POLE (MadFKS)   -3.5387351015781303E-011
 DOUBLE POLE (MadFKS)   -2.8622924569155981E-011
 SINGLE POLE (MadLoop)  -3.5387351015817628E-011
 DOUBLE POLE (MadLoop)  -2.8622924569153190E-011
 FINITE PART (MadLoop)   1.3892543437052077E-011
   325.00000000000000        0.0000000000000000        0.0000000000000000        325.00000000000000        0.0000000000000000     
   325.00000000000000        0.0000000000000000        0.0000000000000000       -325.00000000000000        0.0000000000000000     
   177.76209617571647        133.70318756416719       -107.30809901784684       -46.987150979196109        0.0000000000000000     
   65.623323868780687        62.673755399015221      -0.59678198632320367       -19.443890326580547        0.0000000000000000     
   177.13815616652246       -32.463038700017123       -28.070746117700867        151.88447829341067        80.419002445756163     
   229.47642378898041       -163.91390426316528        135.97562712187093       -85.453436987633978        0.0000000000000000     

 PASSED   1.0000000000000001E-005
 MU_R    =    325.00000000000000     
 ALPHA_S =   0.11799999999999999     
 BORN                    4.5530281151953361E-008
 SINGLE POLE (MadFKS)   -5.1324424755197441E-009
 DOUBLE POLE (MadFKS)   -4.8454056090761491E-009
 SINGLE POLE (MadLoop)  -5.1324424755236112E-009
 DOUBLE POLE (MadLoop)  -4.8454056090765817E-009
 FINITE PART (MadLoop)   3.3830208917468009E-009
   325.00000000000000        0.0000000000000000        0.0000000000000000        325.00000000000000        0.0000000000000000     
   325.00000000000000        0.0000000000000000        0.0000000000000000       -325.00000000000000        0.0000000000000000     
   156.02706855763236       -134.68320491303953       -33.430157332910674        71.325346250383873        0.0000000000000000     
   122.72277663302444       -102.20979106733023       -67.566597294714498       -6.9852304547376383        0.0000000000000000     
   119.35101073684112        39.886296606522130       -55.730565528004924       -55.503470328262516        80.419002445756163     
   251.89914407250211        197.00669937384762        156.72732015563011       -8.8366454673837680        0.0000000000000000     

 PASSED   1.0000000000000001E-005
 MU_R    =    325.00000000000000     
 ALPHA_S =   0.11799999999999999     
 BORN                    3.1188158690361514E-010
 SINGLE POLE (MadFKS)   -8.8812848411053528E-011
 DOUBLE POLE (MadFKS)   -3.3190939135800021E-011
 SINGLE POLE (MadLoop)  -8.8812848411086706E-011
 DOUBLE POLE (MadLoop)  -3.3190939135779180E-011
 FINITE PART (MadLoop)  -2.8039144629089601E-012
   325.00000000000000        0.0000000000000000        0.0000000000000000        325.00000000000000        0.0000000000000000     
   325.00000000000000        0.0000000000000000        0.0000000000000000       -325.00000000000000        0.0000000000000000     
   278.25394734009603        244.42858582630424       -98.504477607636673       -89.312896787331411        0.0000000000000000     
   202.93580145928240       -171.85351393889738        100.31295714664374        39.832397483331413        0.0000000000000000     
   84.848342190746010       -19.031393144852988       -12.937764897061244       -14.228335552052668        80.419002445756163     
   83.961909009875569       -53.543678742553901        11.129285358054235        63.708834856052725        0.0000000000000000     

 PASSED   1.0000000000000001E-005
 MU_R    =    325.00000000000000     
 ALPHA_S =   0.11799999999999999     
 BORN                    1.2481648953611666E-010
 SINGLE POLE (MadFKS)   -2.3206165649015508E-011
 DOUBLE POLE (MadFKS)   -1.3283171181945300E-011
 SINGLE POLE (MadLoop)  -2.3206165649022032E-011
 DOUBLE POLE (MadLoop)  -1.3283171181945286E-011
 FINITE PART (MadLoop)   2.0253142467054795E-011
   325.00000000000000        0.0000000000000000        0.0000000000000000        325.00000000000000        0.0000000000000000     
   325.00000000000000        0.0000000000000000        0.0000000000000000       -325.00000000000000        0.0000000000000000     
   71.252894287508624        24.939763572472529        29.772202525690041        59.737752670027213        0.0000000000000000     
   266.12736664912319        90.773970533616350       -243.24423894024076       -58.447427450162841        0.0000000000000000     
   162.41936347818421       -23.870355791008819        119.39304499318618        71.332605447674936        80.419002445756163     
   150.20037558518391       -91.843378315080059        94.078991421364520       -72.622930667539251        0.0000000000000000     

 PASSED   1.0000000000000001E-005
 MU_R    =    325.00000000000000     
 ALPHA_S =   0.11799999999999999     
 BORN                    5.8873246500985388E-011
 SINGLE POLE (MadFKS)   -2.3540462815892982E-011
 DOUBLE POLE (MadFKS)   -6.2653854007259689E-012
 SINGLE POLE (MadLoop)  -2.3540462815913161E-011
 DOUBLE POLE (MadLoop)  -6.2653854007269754E-012
 FINITE PART (MadLoop)  -2.5585868026332576E-011
   325.00000000000000        0.0000000000000000        0.0000000000000000        325.00000000000000        0.0000000000000000     
   325.00000000000000        0.0000000000000000        0.0000000000000000       -325.00000000000000        0.0000000000000000     
   86.341736538927080       -49.944905458195166        48.288769385286926       -51.269841413681206        0.0000000000000000     
   251.14307536841002        155.39866675157612       -194.34427249536259       -33.976498135971703        0.0000000000000000     
Thanks for using LHAPDF 6.2.1. Please make sure to cite the paper:
  Eur.Phys.J. C75 (2015) 3, 132  (http://arxiv.org/abs/1412.7420)
   240.48323361432725       -107.22366226794369        126.44117226889267        154.53376944975716        80.419002445756163     
   72.031954478335521        1.7699009745627361        19.614330841183147       -69.287429900104215        0.0000000000000000     

 PASSED   1.0000000000000001E-005
 MU_R    =    325.00000000000000     
 ALPHA_S =   0.11799999999999999     
 BORN                    6.6647626333725860E-011
 SINGLE POLE (MadFKS)   -1.3587657650045367E-011
 DOUBLE POLE (MadFKS)   -7.0927473825887376E-012
 SINGLE POLE (MadLoop)  -1.3587657650045377E-011
 DOUBLE POLE (MadLoop)  -7.0927473825887037E-012
 FINITE PART (MadLoop)   1.1241486605862733E-011
   325.00000000000000        0.0000000000000000        0.0000000000000000        325.00000000000000        0.0000000000000000     
   325.00000000000000        0.0000000000000000        0.0000000000000000       -325.00000000000000        0.0000000000000000     
   111.93128792417140        43.707164197159294        61.324574270880866       -82.810588723312009        0.0000000000000000     
   128.29621101207385        124.86395364913680        12.662646037469123        26.618945029631782        0.0000000000000000     
   216.89609829049868       -170.21386562136740        38.115437102231887       -100.75293992736886        80.419002445756163     
   192.87640277325599        1.6427477750712929       -112.10265741058190        156.94458362104908        0.0000000000000000     

 NUMBER OF POINTS PASSING THE CHECK          20
 NUMBER OF POINTS FAILING THE CHECK           0
 TOLERANCE    1.0000000000000001E-005
