==== LHAPDF6 USING DEFAULT-TYPE LHAGLUE INTERFACE ====
LHAPDF 6.2.1 loading /cvmfs/cms.cern.ch/slc7_amd64_gcc700/external/lhapdf/6.2.1-pafccj3/share/LHAPDF/NNPDF31_nnlo_as_0118_nf_4_mc_hessian/NNPDF31_nnlo_as_0118_nf_4_mc_hessian_0000.dat
NNPDF31_nnlo_as_0118_nf_4_mc_hessian PDF set, member #0, version 1; LHAPDF ID = 325500
 A PDF is used, so alpha_s(MZ) is going to be modified
 Old value of alpha_s from param_card:   0.11799999999999999     
 New value of alpha_s from PDF lhapdf :  0.11266013434007299     
 *****************************************************
 *               MadGraph/MadEvent                   *
 *        --------------------------------           *
 *          http://madgraph.hep.uiuc.edu             *
 *          http://madgraph.phys.ucl.ac.be           *
 *          http://madgraph.roma2.infn.it            *
 *        --------------------------------           *
 *                                                   *
 *          PARAMETER AND COUPLING VALUES            *
 *                                                   *
 *****************************************************

  External Params
  ---------------------------------
  
 MU_R =    91.188000000000002     
 aEWM1 =    132.50700000000001     
 mdl_Gf =    1.1663900000000000E-005
 aS =   0.11799999999999999     
 mdl_ymb =    4.7000000000000002     
 mdl_ymt =    173.00000000000000     
 mdl_ymtau =    1.7769999999999999     
 mdl_MT =    173.00000000000000     
 mdl_MB =    4.7000000000000002     
 mdl_MZ =    91.188000000000002     
 mdl_MH =    125.00000000000000     
 mdl_MTA =    1.7769999999999999     
 mdl_WT =    1.4915000000000000     
 mdl_WZ =    2.4414039999999999     
 mdl_WW =    2.0476000000000001     
 mdl_WH =    6.3823389999999999E-003
  Internal Params
  ---------------------------------
  
 mdl_conjg__CKM3x3 =    1.0000000000000000     
 mdl_CKM22 =    1.0000000000000000     
 mdl_lhv =    1.0000000000000000     
 mdl_CKM3x3 =    1.0000000000000000     
 mdl_conjg__CKM22 =    1.0000000000000000     
 mdl_conjg__CKM33 =    1.0000000000000000     
 mdl_Ncol =    3.0000000000000000     
 mdl_CA =    3.0000000000000000     
 mdl_TF =   0.50000000000000000     
 mdl_CF =    1.3333333333333333     
 mdl_complexi =                (0.0000000000000000,1.0000000000000000)
 mdl_MZ__exp__2 =    8315.2513440000002     
 mdl_MZ__exp__4 =    69143404.913893804     
 mdl_sqrt__2 =    1.4142135623730951     
 mdl_MH__exp__2 =    15625.000000000000     
 mdl_Ncol__exp__2 =    9.0000000000000000     
 mdl_MB__exp__2 =    22.090000000000003     
 mdl_MT__exp__2 =    29929.000000000000     
 mdl_aEW =    7.5467711139788835E-003
 mdl_MW =    80.419002445756163     
 mdl_sqrt__aEW =    8.6872153846781555E-002
 mdl_ee =   0.30795376724436879     
 mdl_MW__exp__2 =    6467.2159543705357     
 mdl_sw2 =   0.22224648578577766     
 mdl_cw =   0.88190334743339216     
 mdl_sqrt__sw2 =   0.47143025548407230     
 mdl_sw =   0.47143025548407230     
 mdl_g1 =   0.34919219678733299     
 mdl_gw =   0.65323293034757990     
 mdl_v =    246.21845810181637     
 mdl_v__exp__2 =    60623.529110035903     
 mdl_lam =   0.12886910601690263     
 mdl_yb =    2.6995554250465490E-002
 mdl_yt =   0.99366614581500623     
 mdl_ytau =    1.0206617000654717E-002
 mdl_muH =    88.388347648318430     
 mdl_AxialZUp =  -0.18517701861793787     
 mdl_AxialZDown =   0.18517701861793787     
 mdl_VectorZUp =    7.5430507588273299E-002
 mdl_VectorZDown =  -0.13030376310310560     
 mdl_VectorAUp =   0.20530251149624587     
 mdl_VectorADown =  -0.10265125574812294     
 mdl_VectorWmDxU =   0.23095271737156670     
 mdl_AxialWmDxU =  -0.23095271737156670     
 mdl_VectorWpUxD =   0.23095271737156670     
 mdl_AxialWpUxD =  -0.23095271737156670     
 mdl_I1x33 =          (2.69955542504654901E-002,0.0000000000000000)
 mdl_I2x33 =               (0.99366614581500623,0.0000000000000000)
 mdl_I3x33 =               (0.99366614581500623,0.0000000000000000)
 mdl_I4x33 =          (2.69955542504654901E-002,0.0000000000000000)
 mdl_Vector_tbGp =              (-0.96667059156454072,0.0000000000000000)
 mdl_Axial_tbGp =              (-1.0206617000654716,-0.0000000000000000)
 mdl_Vector_tbGm =               (0.96667059156454072,0.0000000000000000)
 mdl_Axial_tbGm =              (-1.0206617000654716,-0.0000000000000000)
 mdl_gw__exp__2 =   0.42671326129048615     
 mdl_cw__exp__2 =   0.77775351421422245     
 mdl_ee__exp__2 =    9.4835522759998875E-002
 mdl_sw__exp__2 =   0.22224648578577769     
 mdl_yb__exp__2 =    7.2875994928982540E-004
 mdl_yt__exp__2 =   0.98737240933884918     
  Internal Params evaluated point by point
  ----------------------------------------
  
 mdl_sqrt__aS =   0.34351128074635334     
 mdl_G__exp__4 =    2.1987899468922913     
 mdl_G__exp__2 =    1.4828317324943823     
 mdl_R2MixedFactor_FIN_ =   -2.5040377713124864E-002
 mdl_G_UVg_1EPS_ =   -5.1645779033320030E-002
 mdl_G_UVq_1EPS_ =    3.1300472141406080E-003
 mdl_GWcft_UV_b_1EPS_ =   -3.1300472141406080E-003
 mdl_GWcft_UV_t_1EPS_ =   -3.1300472141406080E-003
 mdl_bWcft_UV_1EPS_ =   -1.8780283284843650E-002
 mdl_tWcft_UV_1EPS_ =   -1.8780283284843650E-002
 mdl_G__exp__3 =    1.8056676068262196     
 mdl_MU_R__exp__2 =    8315.2513440000002     
 mdl_G_UVb_FIN_ =    1.8563438626678915E-002
 mdl_G_UVt_FIN_ =   -4.0087659331150384E-003
 mdl_GWcft_UV_b_FIN_ =   -1.8563438626678915E-002
 mdl_GWcft_UV_t_FIN_ =    4.0087659331150384E-003
 mdl_bWcft_UV_FIN_ =  -0.13642100947319838     
 mdl_tWcft_UV_FIN_ =   -9.8778211443463623E-004
  Couplings of loop_sm
  ---------------------------------
  
      UV_GQQb =   0.00000E+00   0.22605E-01
      UV_GQQt =   0.00000E+00  -0.48815E-02
   UVWfct_G_2 =   0.40088E-02   0.00000E+00
   UVWfct_G_1 =  -0.18563E-01   0.00000E+00
       R2_DDA =   0.00000E+00   0.25704E-02
       R2_UUA =  -0.00000E+00  -0.51409E-02
    R2_UUZ_V2 =  -0.00000E+00  -0.72127E-02
    R2_UUZ_V5 =   0.00000E+00   0.68702E-03
      R2_sxcW =  -0.00000E+00  -0.11566E-01
      R2_GGHb =   0.00000E+00  -0.33698E-02
      R2_GGHt =   0.00000E+00  -0.45657E+01
     R2_GGZup =  -0.46369E-02   0.00000E+00
    R2_GGWWcs =   0.00000E+00   0.13356E-02
         GC_4 =  -0.12177E+01   0.00000E+00
         GC_5 =   0.00000E+00   0.12177E+01
       R2_GQQ =  -0.00000E+00  -0.30492E-01
       R2_QQq =   0.00000E+00   0.12520E-01
 UV_GQQg_1eps =   0.00000E+00  -0.62890E-01
 UV_GQQq_1eps =   0.00000E+00   0.38115E-02
 UVWfct_G_2_1eps -0.31300E-02   0.00000E+00
         GC_1 =  -0.00000E+00  -0.10265E+00
         GC_2 =   0.00000E+00   0.20530E+00
         GC_7 =   0.00000E+00   0.57609E+00
        GC_22 =   0.00000E+00   0.28804E+00
        GC_23 =  -0.00000E+00  -0.27437E-01
        GC_24 =   0.00000E+00   0.82310E-01
        GC_25 =   0.00000E+00   0.30795E+00
        GC_28 =   0.00000E+00   0.37035E+00
        GC_31 =   0.00000E+00   0.52532E+02
        GC_33 =  -0.00000E+00  -0.19089E-01
        GC_37 =  -0.00000E+00  -0.70263E+00
        GC_38 =  -0.00000E+00  -0.72172E-02
        GC_47 =   0.00000E+00   0.46191E+00

 Collider parameters:
 --------------------

 Running at P P   machine @    13000.000000000000       GeV
 PDF set = lhapdf 
 alpha_s(Mz)= 0.1127 running at 3 loops.
 alpha_s(Mz)= 0.1127 running at 3 loops.
 Renormalization scale set on event-by-event basis
 Factorization   scale set on event-by-event basis


 ===============================================================
 INFO: MadFKS read these parameters from FKS_params.dat
 ===============================================================
  > IRPoleCheckThreshold      =    1.0000000000000001E-005
  > PrecisionVirtualAtRunTime =    1.0000000000000000E-003
  > NHelForMCoverHels         =            4
  > VirtualFraction           =    1.0000000000000000     
  > MinVirtualFraction        =    5.0000000000000001E-003
 ===============================================================
  Insert the number of points to test
 Insert the relative tolerance
  A negative number will mean use the default one:    1.0000000000000001E-005
Using random seed offsets:     1 ,     33 ,      0
  with seed                   32
 Ranmar initialization seeds       10730        9439
  ========================================================================================== 
 {                                                                                          }
 {       [32m                                                                            [0m       }
 {       [32m                               ,,                                           [0m       }
 {       [32m`7MMM.     ,MMF'             `7MM  `7MMF'                                   [0m       }
 {       [32m  MMMb    dPMM                 MM    MM                                     [0m       }
 {       [32m  M YM   ,M MM   ,6"Yb.   ,M""bMM    MM         ,pW"Wq.   ,pW"Wq.`7MMpdMAo. [0m       }
 {       [32m  M  Mb  M' MM  8)   MM ,AP    MM    MM        6W'   `Wb 6W'   `Wb MM   `Wb [0m       }
 {       [32m  M  YM.P'  MM   ,pm9MM 8MI    MM    MM      , 8M     M8 8M     M8 MM    M8 [0m       }
 {       [32m  M  `YM'   MM  8M   MM `Mb    MM    MM     ,M YA.   ,A9 YA.   ,A9 MM   ,AP [0m       }
 {       [32m.JML. `'  .JMML.`Moo9^Yo.`Wbmd"MML..JMMmmmmMMM  `Ybmd9'   `Ybmd9'  MMbmmd'  [0m       }
 {       [32m                                                                   MM       [0m       }
 {       [32m                                                                 .JMML.     [0m       }
 {       [32m[0mv2.6.5 (2018-02-03), Ref: arXiv:1103.0621v2, arXiv:1405.0301[32m                [0m       }
 {       [32m                                                                            [0m       }
 {                                                                                          }
  ========================================================================================== 
 ===============================================================
 INFO: MadLoop read these parameters from ./MadLoop5_resources/MadLoopParams.dat                                                                                                                                                                                                                                                                                                                                                                                                                                                                                          
 ===============================================================
  > MLReductionLib            = 6|7|1
  > CTModeRun                 =           -1
  > MLStabThres               =    1.0000000000000000E-003
  > NRotations_DP             =            0
  > NRotations_QP             =            0
  > CTStabThres               =    1.0000000000000000E-002
  > CTLoopLibrary             =            2
  > CTModeInit                =            1
  > CheckCycle                =            3
  > MaxAttempts               =           10
  > UseLoopFilter             =  F
  > HelicityFilterLevel       =            2
  > ImprovePSPoint            =            2
  > DoubleCheckHelicityFilter =  T
  > LoopInitStartOver         =  F
  > HelInitStartOver          =  F
  > ZeroThres                 =    1.0000000000000001E-009
  > OSThres                   =    1.0000000000000000E-008
  > WriteOutFilters           =  T
  > UseQPIntegrandForNinja    =  T
  > UseQPIntegrandForCutTools =  T
  > IREGIMODE                 =            2
  > IREGIRECY                 =  T
  > COLLIERMode               =            1
  > COLLIERRequiredAccuracy   =    1.0000000000000000E-008
  > COLLIERCanOutput          =  F
  > COLLIERComputeUVpoles     =  T
  > COLLIERComputeIRpoles     =  T
  > COLLIERGlobalCache        =           -1
  > COLLIERUseCacheForPoles   =  F
  > COLLIERUseInternalStabilityTest =  T
 ===============================================================
  
------------------------------------------------------------------------
|              You are using CutTools - Version 1.9.3                  |
|              Authors: G. Ossola, C. Papadopoulos, R. Pittau          |
|              Published in JHEP 0803:042,2008                         |
|              http://www.ugr.es/~pittau/CutTools                      |
|                                                                      |
|              Compiler with  34  significant digits detetected        |
 ---------------------------------------------------------------------- 
   
########################################################################
#                                                                      #

  +----------------------------------------------------------------+
  |                                                                |
  |  Ninja - version 1.1.0                                         |
  |                                                                |
  |  Author: Tiziano Peraro                                        |
  |                                                                |
  |  Based on:                                                     |
  |                                                                |
  |      P. Mastrolia, E. Mirabella and T. Peraro,                 |
  |      "Integrand reduction of one-loop scattering amplitudes    |
  |      through Laurent series expansion,"                        |
  |      JHEP 1206 (2012) 095  [arXiv:1203.0291 [hep-ph]].         |
  |                                                                |
  |      T. Peraro,                                                |
  |      "Ninja: Automated Integrand Reduction via Laurent         |
  |      Expansion for One-Loop Amplitudes,"                       |
  |      Comput.Phys.Commun. 185 (2014) [arXiv:1403.1229 [hep-ph]] |
  |                                                                |
  +----------------------------------------------------------------+


#                      You are using OneLOop-3.6                       #
#                                                                      #
# for the evaluation of 1-loop scalar 1-, 2-, 3- and 4-point functions #
#                                                                      #
# author: Andreas van Hameren <hamerenREMOVETHIS@ifj.edu.pl>           #
#   date: 18-02-2015                                                   #
#                                                                      #
# Please cite                                                          #
#    A. van Hameren,                                                   #
#      Comput.Phys.Commun. 182 (2011) 2427-2438, arXiv:1007.4716       #
#    A. van Hameren, C.G. Papadopoulos and R. Pittau,                  #
#      JHEP 0909:106,2009, arXiv:0903.4665                             #
# in publications with results obtained with the help of this program. #
#                                                                      #
########################################################################
########################################################################
#                                                                      #
#                      You are using OneLOop-3.6                       #
#                                                                      #
# for the evaluation of 1-loop scalar 1-, 2-, 3- and 4-point functions #
#                                                                      #
# author: Andreas van Hameren <hamerenREMOVETHIS@ifj.edu.pl>           #
#   date: 18-02-2015                                                   #
#                                                                      #
# Please cite                                                          #
#    A. van Hameren,                                                   #
#      Comput.Phys.Commun. 182 (2011) 2427-2438, arXiv:1007.4716       #
#    A. van Hameren, C.G. Papadopoulos and R. Pittau,                  #
#      JHEP 0909:106,2009, arXiv:0903.4665                             #
# in publications with results obtained with the help of this program. #
#                                                                      #
########################################################################
 PASSED   1.0000000000000001E-005
 MU_R    =    325.00000000000000     
 ALPHA_S =   0.11799999999999999     
 BORN                    1.9773834244532454E-007
 SINGLE POLE (MadFKS)   -1.1260139300837078E-009
 DOUBLE POLE (MadFKS)   -9.9028855663963147E-009
 SINGLE POLE (MadLoop)  -1.1260139300837054E-009
 DOUBLE POLE (MadLoop)  -9.9028855663963263E-009
 FINITE PART (MadLoop)   2.8385604381698850E-008
   325.00000000000000        0.0000000000000000        0.0000000000000000        325.00000000000000        0.0000000000000000     
   325.00000000000000        0.0000000000000000        0.0000000000000000       -325.00000000000000        0.0000000000000000     
   288.33326980480183        102.61652345157243       -263.54589463601559        56.120272732264404        0.0000000000000000     
   232.29889867909159       -13.915103524958452        218.93709046826396       -76.391744571646854        0.0000000000000000     
   129.36783151610655       -88.701419926613980        44.608804167751536        20.271471839382450        80.419002445756163     

 PASSED   1.0000000000000001E-005
 MU_R    =    325.00000000000000     
 ALPHA_S =   0.11799999999999999     
 BORN                    2.7186191230937413E-008
 SINGLE POLE (MadFKS)   -1.5481079518212023E-010
 DOUBLE POLE (MadFKS)   -1.3615049940078317E-009
 SINGLE POLE (MadLoop)  -1.5481079518214846E-010
 DOUBLE POLE (MadLoop)  -1.3615049940078313E-009
 FINITE PART (MadLoop)   3.6342100419866626E-009
   325.00000000000000        0.0000000000000000        0.0000000000000000        325.00000000000000        0.0000000000000000     
   325.00000000000000        0.0000000000000000        0.0000000000000000       -325.00000000000000        0.0000000000000000     
   277.15648392560979       -256.72003637664500       -95.529382656888345       -42.245432344510007        0.0000000000000000     
   235.53606574776137        223.80661080928022       -6.1975293758782879        73.139796661135833        0.0000000000000000     
   137.30745032662884        32.913425567364833        101.72691203276665       -30.894364316625833        80.419002445756163     

 PASSED   1.0000000000000001E-005
 MU_R    =    325.00000000000000     
 ALPHA_S =   0.11799999999999999     
 BORN                    2.2739963890265084E-008
 SINGLE POLE (MadFKS)   -1.2949191235948062E-010
 DOUBLE POLE (MadFKS)   -1.1388345699901162E-009
 SINGLE POLE (MadLoop)  -1.2949191235946871E-010
 DOUBLE POLE (MadLoop)  -1.1388345699901199E-009
 FINITE PART (MadLoop)   2.1566268017463611E-009
   325.00000000000000        0.0000000000000000        0.0000000000000000        325.00000000000000        0.0000000000000000     
   325.00000000000000        0.0000000000000000        0.0000000000000000       -325.00000000000000        0.0000000000000000     
   39.295523869506617        33.984510992445209        19.604323450839985       -2.2049287558062560        0.0000000000000000     
   305.26632662540521        49.052099768211413       -272.13872104925065        129.31333336271288        0.0000000000000000     
   305.43814950508812       -83.036610760656643        252.53439759841069       -127.10840460690665        80.419002445756163     

 PASSED   1.0000000000000001E-005
 MU_R    =    325.00000000000000     
 ALPHA_S =   0.11799999999999999     
 BORN                    6.9517551633788393E-008
 SINGLE POLE (MadFKS)   -3.9586521540000928E-010
 DOUBLE POLE (MadFKS)   -3.4814915012034438E-009
 SINGLE POLE (MadLoop)  -3.9586521539995618E-010
 DOUBLE POLE (MadLoop)  -3.4814915012034355E-009
 FINITE PART (MadLoop)   5.9093115059416005E-009
   325.00000000000000        0.0000000000000000        0.0000000000000000        325.00000000000000        0.0000000000000000     
   325.00000000000000        0.0000000000000000        0.0000000000000000       -325.00000000000000        0.0000000000000000     
   304.93682411879996       -70.887325182440776       -219.08594836045992        199.90698102651837        0.0000000000000000     
   115.21408823504510        80.986312456074629        65.215580376504136       -49.622891882230618        0.0000000000000000     
   229.84908764615489       -10.098987273633892        153.87036798395584       -150.28408914428798        80.419002445756163     

 PASSED   1.0000000000000001E-005
 MU_R    =    325.00000000000000     
 ALPHA_S =   0.11799999999999999     
 BORN                    2.3486710784485763E-007
 SINGLE POLE (MadFKS)   -1.3374423588328914E-009
 DOUBLE POLE (MadFKS)   -1.1762322185648936E-008
 SINGLE POLE (MadLoop)  -1.3374423588329979E-009
 DOUBLE POLE (MadLoop)  -1.1762322185648947E-008
 FINITE PART (MadLoop)   3.6777934569092730E-008
   325.00000000000000        0.0000000000000000        0.0000000000000000        325.00000000000000        0.0000000000000000     
   325.00000000000000        0.0000000000000000        0.0000000000000000       -325.00000000000000        0.0000000000000000     
   224.76253903292948        122.03780756107994        142.06343583035343        124.26967722774911        0.0000000000000000     
   296.05158227289570       -91.630447099517980       -231.61415915068224       -160.01650480981630        0.0000000000000000     
   129.18587869417470       -30.407360461561979        89.550723320328828        35.746827582067191        80.419002445756163     

 PASSED   1.0000000000000001E-005
 MU_R    =    325.00000000000000     
 ALPHA_S =   0.11799999999999999     
 BORN                    1.3272847910776731E-005
 SINGLE POLE (MadFKS)   -7.5581758472308156E-008
 DOUBLE POLE (MadFKS)   -6.6471425002941924E-007
 SINGLE POLE (MadLoop)  -7.5581758472304093E-008
 DOUBLE POLE (MadLoop)  -6.6471425002942210E-007
 FINITE PART (MadLoop)   1.1941651559613791E-006
   325.00000000000000        0.0000000000000000        0.0000000000000000        325.00000000000000        0.0000000000000000     
   325.00000000000000        0.0000000000000000        0.0000000000000000       -325.00000000000000        0.0000000000000000     
   34.573689709942329        14.832690675430554        30.519321002123601        6.6258850771579558        0.0000000000000000     
   294.45118998313637        52.254210928728661        167.78973505745205       -236.25749836153565        0.0000000000000000     
   320.97512030692127       -67.086901604159166       -198.30905605957565        229.63161328437772        80.419002445756163     

 PASSED   1.0000000000000001E-005
 MU_R    =    325.00000000000000     
 ALPHA_S =   0.11799999999999999     
 BORN                    1.9059322344119517E-007
 SINGLE POLE (MadFKS)   -1.0853263050573186E-009
 DOUBLE POLE (MadFKS)   -9.5450526090590610E-009
 SINGLE POLE (MadLoop)  -1.0853263050573981E-009
 DOUBLE POLE (MadLoop)  -9.5450526090590710E-009
 FINITE PART (MadLoop)   2.1692992228961673E-008
   325.00000000000000        0.0000000000000000        0.0000000000000000        325.00000000000000        0.0000000000000000     
   325.00000000000000        0.0000000000000000        0.0000000000000000       -325.00000000000000        0.0000000000000000     
   203.71013856808665       -123.26297610241267        160.58755778640992        22.708931326717217        0.0000000000000000     
   183.34147580388967       -69.349381498223892       -70.097518657327896       -154.56745425168788        0.0000000000000000     
   262.94838562802363        192.61235760063656       -90.490039129082078        131.85852292497066        80.419002445756163     

 PASSED   1.0000000000000001E-005
 MU_R    =    325.00000000000000     
 ALPHA_S =   0.11799999999999999     
 BORN                    2.0201629719938104E-007
 SINGLE POLE (MadFKS)   -1.1503745906706485E-009
 DOUBLE POLE (MadFKS)   -1.0117128772158782E-008
 SINGLE POLE (MadLoop)  -1.1503745906706214E-009
 DOUBLE POLE (MadLoop)  -1.0117128772158762E-008
 FINITE PART (MadLoop)   3.1124666803030540E-008
   325.00000000000000        0.0000000000000000        0.0000000000000000        325.00000000000000        0.0000000000000000     
   325.00000000000000        0.0000000000000000        0.0000000000000000       -325.00000000000000        0.0000000000000000     
   223.77913252643586       -80.113289501290240        206.42194767569387        32.387351193632767        0.0000000000000000     
   244.03148297416251       -54.847118267765168       -202.55138847702759       -124.56361156581416        0.0000000000000000     
   182.18938449940160        134.96040776905545       -3.8705591986662911        92.176260372181375        80.419002445756163     

 PASSED   1.0000000000000001E-005
 MU_R    =    325.00000000000000     
 ALPHA_S =   0.11799999999999999     
 BORN                    6.2623433867546312E-007
 SINGLE POLE (MadFKS)   -3.5660690795984840E-009
 DOUBLE POLE (MadFKS)   -3.1362288754725115E-008
 SINGLE POLE (MadLoop)  -3.5660690795985530E-009
 DOUBLE POLE (MadLoop)  -3.1362288754725327E-008
 FINITE PART (MadLoop)   1.1491980191528341E-007
   325.00000000000000        0.0000000000000000        0.0000000000000000        325.00000000000000        0.0000000000000000     
   325.00000000000000        0.0000000000000000        0.0000000000000000       -325.00000000000000        0.0000000000000000     
   182.29188769787601       -44.916277469094410       -101.36386616613463        144.70047330478320        0.0000000000000000     
   313.56294340405333        75.307529900936586        182.80403626191867       -243.37867561227324        0.0000000000000000     
   154.14516889807055       -30.391252431842254       -81.440170095784069        98.678202307490011        80.419002445756163     

 PASSED   1.0000000000000001E-005
 MU_R    =    325.00000000000000     
 ALPHA_S =   0.11799999999999999     
 BORN                    1.0993983383792015E-008
 SINGLE POLE (MadFKS)   -6.2604845798591552E-011
 DOUBLE POLE (MadFKS)   -5.5058699300394133E-010
 SINGLE POLE (MadLoop)  -6.2604845798593348E-011
 DOUBLE POLE (MadLoop)  -5.5058699300393999E-010
 FINITE PART (MadLoop)   1.3452841549465353E-009
   325.00000000000000        0.0000000000000000        0.0000000000000000        325.00000000000000        0.0000000000000000     
   325.00000000000000        0.0000000000000000        0.0000000000000000       -325.00000000000000        0.0000000000000000     
   237.79150737052615       -99.224094781054291       -186.05973959747874       -109.91429976734497        0.0000000000000000     
   261.67838781714363        120.93516010271877        106.01753922674006        206.42322320372742        0.0000000000000000     
   150.53010481233022       -21.711065321664485        80.042200370738684       -96.508923436382460        80.419002445756163     

 PASSED   1.0000000000000001E-005
 MU_R    =    325.00000000000000     
 ALPHA_S =   0.11799999999999999     
 BORN                    3.3427837518294311E-007
 SINGLE POLE (MadFKS)   -1.9035362708465031E-009
 DOUBLE POLE (MadFKS)   -1.6740913551821123E-008
 SINGLE POLE (MadLoop)  -1.9035362708444992E-009
 DOUBLE POLE (MadLoop)  -1.6740913551821202E-008
 FINITE PART (MadLoop)   4.9045288739897612E-008
   325.00000000000000        0.0000000000000000        0.0000000000000000        325.00000000000000        0.0000000000000000     
   325.00000000000000        0.0000000000000000        0.0000000000000000       -325.00000000000000        0.0000000000000000     
   288.07572063534769        240.84486927576623        137.06571880820925        78.704246967383796        0.0000000000000000     
   275.85748933101377       -214.41821616215660       -151.16140307336411       -85.278445217657406        0.0000000000000000     
   86.066790033638554       -26.426653113609618        14.095684265154905        6.5741982502735903        80.419002445756163     

 PASSED   1.0000000000000001E-005
 MU_R    =    325.00000000000000     
 ALPHA_S =   0.11799999999999999     
 BORN                    5.3712943205005158E-008
 SINGLE POLE (MadFKS)   -3.0586643706369102E-010
 DOUBLE POLE (MadFKS)   -2.6899847718739055E-009
 SINGLE POLE (MadLoop)  -3.0586643706366771E-010
 DOUBLE POLE (MadLoop)  -2.6899847718739266E-009
 FINITE PART (MadLoop)   9.0387870528623045E-009
   325.00000000000000        0.0000000000000000        0.0000000000000000        325.00000000000000        0.0000000000000000     
   325.00000000000000        0.0000000000000000        0.0000000000000000       -325.00000000000000        0.0000000000000000     
   202.45796380359474        126.27908697998383       -155.49150351925658       -29.414479977051286        0.0000000000000000     
   134.96914536769236        118.59280110403562       -18.363765506766200        61.767223055569012        0.0000000000000000     
   312.57289082871284       -244.87188808401947        173.85526902602288       -32.352743078517683        80.419002445756163     

 PASSED   1.0000000000000001E-005
 MU_R    =    325.00000000000000     
 ALPHA_S =   0.11799999999999999     
 BORN                    6.9784336831460286E-008
 SINGLE POLE (MadFKS)   -3.9738441418161128E-010
 DOUBLE POLE (MadFKS)   -3.4948523054393934E-009
 SINGLE POLE (MadLoop)  -3.9738441418165197E-010
 DOUBLE POLE (MadLoop)  -3.4948523054394157E-009
 FINITE PART (MadLoop)   8.4301820126817791E-009
   325.00000000000000        0.0000000000000000        0.0000000000000000        325.00000000000000        0.0000000000000000     
   325.00000000000000        0.0000000000000000        0.0000000000000000       -325.00000000000000        0.0000000000000000     
   192.92748139934633       -101.75108438877631       -161.80591605026015       -26.202584527855084        0.0000000000000000     
   160.06955328294222       -151.44869381961408        41.795353119486478       -30.638268328201789        0.0000000000000000     
   297.00296531771153        253.19977820839037        120.01056293077367        56.840852856056856        80.419002445756163     

 PASSED   1.0000000000000001E-005
 MU_R    =    325.00000000000000     
 ALPHA_S =   0.11799999999999999     
 BORN                    8.9719737347916451E-008
 SINGLE POLE (MadFKS)   -5.1090584055613506E-010
 DOUBLE POLE (MadFKS)   -4.4932322230283680E-009
 SINGLE POLE (MadLoop)  -5.1090584055611986E-010
 DOUBLE POLE (MadLoop)  -4.4932322230283489E-009
 FINITE PART (MadLoop)   1.5043361366070901E-008
   325.00000000000000        0.0000000000000000        0.0000000000000000        325.00000000000000        0.0000000000000000     
   325.00000000000000        0.0000000000000000        0.0000000000000000       -325.00000000000000        0.0000000000000000     
   309.60292076051115        22.874377048459639        269.80750180129058       -150.11543354975464        0.0000000000000000     
   99.811000969590353       -22.115579675346325       -97.284499273365327        2.9771213118632995        0.0000000000000000     
   240.58607826989851      -0.75879737311346107       -172.52300252792529        147.13831223789134        80.419002445756163     

 PASSED   1.0000000000000001E-005
 MU_R    =    325.00000000000000     
 ALPHA_S =   0.11799999999999999     
 BORN                    7.4932622096652653E-007
 SINGLE POLE (MadFKS)   -4.2670114078588004E-009
 DOUBLE POLE (MadFKS)   -3.7526823206700579E-008
 SINGLE POLE (MadLoop)  -4.2670114078590982E-009
 DOUBLE POLE (MadLoop)  -3.7526823206699990E-008
 FINITE PART (MadLoop)   9.5466070861576018E-008
   325.00000000000000        0.0000000000000000        0.0000000000000000        325.00000000000000        0.0000000000000000     
   325.00000000000000        0.0000000000000000        0.0000000000000000       -325.00000000000000        0.0000000000000000     
   162.59678137375747        127.48472091807589       -16.915645889245926       -99.494824838759470        0.0000000000000000     
   168.20080514984829        99.409624310942675       -123.52844352106356       -56.124514150929514        0.0000000000000000     
   319.20241347639421       -226.89434522901851        140.44408941030943        155.61933898968900        80.419002445756163     

 PASSED   1.0000000000000001E-005
 MU_R    =    325.00000000000000     
 ALPHA_S =   0.11799999999999999     
 BORN                    6.5317060943650165E-007
 SINGLE POLE (MadFKS)   -3.7194567115891073E-009
 DOUBLE POLE (MadFKS)   -3.2711277542803925E-008
 SINGLE POLE (MadLoop)  -3.7194567115891239E-009
 DOUBLE POLE (MadLoop)  -3.2711277542803905E-008
 FINITE PART (MadLoop)   7.1189300410775450E-008
   325.00000000000000        0.0000000000000000        0.0000000000000000        325.00000000000000        0.0000000000000000     
   325.00000000000000        0.0000000000000000        0.0000000000000000       -325.00000000000000        0.0000000000000000     
   58.317952669949854       -20.114679304452309       -51.086590309757547        19.660711345638923        0.0000000000000000     
   283.78134232168117       -225.82470848205548       -19.871853121341594       -170.70489372719720        0.0000000000000000     
   307.90070500836902        245.93938778650784        70.958443431099127        151.04418238155827        80.419002445756163     

 PASSED   1.0000000000000001E-005
 MU_R    =    325.00000000000000     
 ALPHA_S =   0.11799999999999999     
 BORN                    4.8928861060364947E-008
 SINGLE POLE (MadFKS)   -2.7862365212419551E-010
 DOUBLE POLE (MadFKS)   -2.4503943240490909E-009
 SINGLE POLE (MadLoop)  -2.7862365212417416E-010
 DOUBLE POLE (MadLoop)  -2.4503943240491013E-009
 FINITE PART (MadLoop)   5.4951454661343892E-009
   325.00000000000000        0.0000000000000000        0.0000000000000000        325.00000000000000        0.0000000000000000     
   325.00000000000000        0.0000000000000000        0.0000000000000000       -325.00000000000000        0.0000000000000000     
   230.83198722973410       -22.779633371024218       -20.685925346867442        228.77191069808731        0.0000000000000000     
   208.02317280306733        73.704548453195727       -141.76220745527820       -133.20944597802355        0.0000000000000000     
   211.14483996719861       -50.924915082171509        162.44813280214569       -95.562464720063730        80.419002445756163     

 PASSED   1.0000000000000001E-005
 MU_R    =    325.00000000000000     
 ALPHA_S =   0.11799999999999999     
 BORN                    2.4206742029998423E-008
 SINGLE POLE (MadFKS)   -1.3784442809951020E-010
 DOUBLE POLE (MadFKS)   -1.2122919272706709E-009
 SINGLE POLE (MadLoop)  -1.3784442809950950E-010
Thanks for using LHAPDF 6.2.1. Please make sure to cite the paper:
  Eur.Phys.J. C75 (2015) 3, 132  (http://arxiv.org/abs/1412.7420)
 DOUBLE POLE (MadLoop)  -1.2122919272706459E-009
 FINITE PART (MadLoop)   2.3486749825280209E-009
   325.00000000000000        0.0000000000000000        0.0000000000000000        325.00000000000000        0.0000000000000000     
   325.00000000000000        0.0000000000000000        0.0000000000000000       -325.00000000000000        0.0000000000000000     
   299.25602252972106       -143.70535744275966       -260.57268117584846       -31.698818391028730        0.0000000000000000     
   58.488619565389278        41.149221395901257      -0.82937756060526791        41.556856594765115        0.0000000000000000     
   292.25535790488965        102.55613604685820        261.40205873645391       -9.8580382037364291        80.419002445756163     

 PASSED   1.0000000000000001E-005
 MU_R    =    325.00000000000000     
 ALPHA_S =   0.11799999999999999     
 BORN                    7.4343505720061516E-008
 SINGLE POLE (MadFKS)   -4.2334643861592852E-010
 DOUBLE POLE (MadFKS)   -3.7231789274963989E-009
 SINGLE POLE (MadLoop)  -4.2334643861134144E-010
 DOUBLE POLE (MadLoop)  -3.7231789274962007E-009
 FINITE PART (MadLoop)   7.2239426416583796E-009
   325.00000000000000        0.0000000000000000        0.0000000000000000        325.00000000000000        0.0000000000000000     
   325.00000000000000        0.0000000000000000        0.0000000000000000       -325.00000000000000        0.0000000000000000     
   79.123404556487841       -21.228477315786456       -11.854906119307167        75.294927454412232        0.0000000000000000     
   251.28387667446177       -96.403869138801269       -201.22824912608831        115.57280149440021        0.0000000000000000     
   319.59271876905041        117.63234645458772        213.08315524539552       -190.86772894881236        80.419002445756163     

 PASSED   1.0000000000000001E-005
 MU_R    =    325.00000000000000     
 ALPHA_S =   0.11799999999999999     
 BORN                    4.0639785557149301E-008
 SINGLE POLE (MadFKS)   -2.3142180766291022E-010
 DOUBLE POLE (MadFKS)   -2.0352711610628302E-009
 SINGLE POLE (MadLoop)  -2.3142180766292666E-010
 DOUBLE POLE (MadLoop)  -2.0352711610628240E-009
 FINITE PART (MadLoop)   4.6427211452826885E-009
   325.00000000000000        0.0000000000000000        0.0000000000000000        325.00000000000000        0.0000000000000000     
   325.00000000000000        0.0000000000000000        0.0000000000000000       -325.00000000000000        0.0000000000000000     
   176.42697845995011        115.13272687078711       -8.5502538110220243        133.40849707410521        0.0000000000000000     
   255.47487618499289       -102.96738309022696        208.90929386247166       -104.98589104813705        0.0000000000000000     
   218.09814535505697       -12.165343780560148       -200.35904005144960       -28.422606025968172        80.419002445756163     

 NUMBER OF POINTS PASSING THE CHECK          20
 NUMBER OF POINTS FAILING THE CHECK           0
 TOLERANCE    1.0000000000000001E-005
