==== LHAPDF6 USING DEFAULT-TYPE LHAGLUE INTERFACE ====
LHAPDF 6.2.1 loading /cvmfs/cms.cern.ch/slc7_amd64_gcc700/external/lhapdf/6.2.1-pafccj3/share/LHAPDF/NNPDF31_nnlo_as_0118_nf_4_mc_hessian/NNPDF31_nnlo_as_0118_nf_4_mc_hessian_0000.dat
NNPDF31_nnlo_as_0118_nf_4_mc_hessian PDF set, member #0, version 1; LHAPDF ID = 325500
 A PDF is used, so alpha_s(MZ) is going to be modified
 Old value of alpha_s from param_card:   0.11799999999999999     
 New value of alpha_s from PDF lhapdf :  0.11266013434007299     
 *****************************************************
 *               MadGraph/MadEvent                   *
 *        --------------------------------           *
 *          http://madgraph.hep.uiuc.edu             *
 *          http://madgraph.phys.ucl.ac.be           *
 *          http://madgraph.roma2.infn.it            *
 *        --------------------------------           *
 *                                                   *
 *          PARAMETER AND COUPLING VALUES            *
 *                                                   *
 *****************************************************

  External Params
  ---------------------------------
  
 MU_R =    91.188000000000002     
 aEWM1 =    132.50700000000001     
 mdl_Gf =    1.1663900000000000E-005
 aS =   0.11799999999999999     
 mdl_ymb =    4.7000000000000002     
 mdl_ymt =    173.00000000000000     
 mdl_ymtau =    1.7769999999999999     
 mdl_MT =    173.00000000000000     
 mdl_MB =    4.7000000000000002     
 mdl_MZ =    91.188000000000002     
 mdl_MH =    125.00000000000000     
 mdl_MTA =    1.7769999999999999     
 mdl_WT =    1.4915000000000000     
 mdl_WZ =    2.4414039999999999     
 mdl_WW =    2.0476000000000001     
 mdl_WH =    6.3823389999999999E-003
  Internal Params
  ---------------------------------
  
 mdl_conjg__CKM3x3 =    1.0000000000000000     
 mdl_CKM22 =    1.0000000000000000     
 mdl_lhv =    1.0000000000000000     
 mdl_CKM3x3 =    1.0000000000000000     
 mdl_conjg__CKM22 =    1.0000000000000000     
 mdl_conjg__CKM33 =    1.0000000000000000     
 mdl_Ncol =    3.0000000000000000     
 mdl_CA =    3.0000000000000000     
 mdl_TF =   0.50000000000000000     
 mdl_CF =    1.3333333333333333     
 mdl_complexi =                (0.0000000000000000,1.0000000000000000)
 mdl_MZ__exp__2 =    8315.2513440000002     
 mdl_MZ__exp__4 =    69143404.913893804     
 mdl_sqrt__2 =    1.4142135623730951     
 mdl_MH__exp__2 =    15625.000000000000     
 mdl_Ncol__exp__2 =    9.0000000000000000     
 mdl_MB__exp__2 =    22.090000000000003     
 mdl_MT__exp__2 =    29929.000000000000     
 mdl_aEW =    7.5467711139788835E-003
 mdl_MW =    80.419002445756163     
 mdl_sqrt__aEW =    8.6872153846781555E-002
 mdl_ee =   0.30795376724436879     
 mdl_MW__exp__2 =    6467.2159543705357     
 mdl_sw2 =   0.22224648578577766     
 mdl_cw =   0.88190334743339216     
 mdl_sqrt__sw2 =   0.47143025548407230     
 mdl_sw =   0.47143025548407230     
 mdl_g1 =   0.34919219678733299     
 mdl_gw =   0.65323293034757990     
 mdl_v =    246.21845810181637     
 mdl_v__exp__2 =    60623.529110035903     
 mdl_lam =   0.12886910601690263     
 mdl_yb =    2.6995554250465490E-002
 mdl_yt =   0.99366614581500623     
 mdl_ytau =    1.0206617000654717E-002
 mdl_muH =    88.388347648318430     
 mdl_AxialZUp =  -0.18517701861793787     
 mdl_AxialZDown =   0.18517701861793787     
 mdl_VectorZUp =    7.5430507588273299E-002
 mdl_VectorZDown =  -0.13030376310310560     
 mdl_VectorAUp =   0.20530251149624587     
 mdl_VectorADown =  -0.10265125574812294     
 mdl_VectorWmDxU =   0.23095271737156670     
 mdl_AxialWmDxU =  -0.23095271737156670     
 mdl_VectorWpUxD =   0.23095271737156670     
 mdl_AxialWpUxD =  -0.23095271737156670     
 mdl_I1x33 =          (2.69955542504654901E-002,0.0000000000000000)
 mdl_I2x33 =               (0.99366614581500623,0.0000000000000000)
 mdl_I3x33 =               (0.99366614581500623,0.0000000000000000)
 mdl_I4x33 =          (2.69955542504654901E-002,0.0000000000000000)
 mdl_Vector_tbGp =              (-0.96667059156454072,0.0000000000000000)
 mdl_Axial_tbGp =              (-1.0206617000654716,-0.0000000000000000)
 mdl_Vector_tbGm =               (0.96667059156454072,0.0000000000000000)
 mdl_Axial_tbGm =              (-1.0206617000654716,-0.0000000000000000)
 mdl_gw__exp__2 =   0.42671326129048615     
 mdl_cw__exp__2 =   0.77775351421422245     
 mdl_ee__exp__2 =    9.4835522759998875E-002
 mdl_sw__exp__2 =   0.22224648578577769     
 mdl_yb__exp__2 =    7.2875994928982540E-004
 mdl_yt__exp__2 =   0.98737240933884918     
  Internal Params evaluated point by point
  ----------------------------------------
  
 mdl_sqrt__aS =   0.34351128074635334     
 mdl_G__exp__4 =    2.1987899468922913     
 mdl_G__exp__2 =    1.4828317324943823     
 mdl_R2MixedFactor_FIN_ =   -2.5040377713124864E-002
 mdl_G_UVg_1EPS_ =   -5.1645779033320030E-002
 mdl_G_UVq_1EPS_ =    3.1300472141406080E-003
 mdl_GWcft_UV_b_1EPS_ =   -3.1300472141406080E-003
 mdl_GWcft_UV_t_1EPS_ =   -3.1300472141406080E-003
 mdl_bWcft_UV_1EPS_ =   -1.8780283284843650E-002
 mdl_tWcft_UV_1EPS_ =   -1.8780283284843650E-002
 mdl_G__exp__3 =    1.8056676068262196     
 mdl_MU_R__exp__2 =    8315.2513440000002     
 mdl_G_UVb_FIN_ =    1.8563438626678915E-002
 mdl_G_UVt_FIN_ =   -4.0087659331150384E-003
 mdl_GWcft_UV_b_FIN_ =   -1.8563438626678915E-002
 mdl_GWcft_UV_t_FIN_ =    4.0087659331150384E-003
 mdl_bWcft_UV_FIN_ =  -0.13642100947319838     
 mdl_tWcft_UV_FIN_ =   -9.8778211443463623E-004
  Couplings of loop_sm
  ---------------------------------
  
      UV_GQQb =   0.00000E+00   0.22605E-01
      UV_GQQt =   0.00000E+00  -0.48815E-02
   UVWfct_G_2 =   0.40088E-02   0.00000E+00
   UVWfct_G_1 =  -0.18563E-01   0.00000E+00
       R2_DDA =   0.00000E+00   0.25704E-02
       R2_UUA =  -0.00000E+00  -0.51409E-02
    R2_UUZ_V2 =  -0.00000E+00  -0.72127E-02
    R2_UUZ_V5 =   0.00000E+00   0.68702E-03
      R2_sxcW =  -0.00000E+00  -0.11566E-01
      R2_GGHb =   0.00000E+00  -0.33698E-02
      R2_GGHt =   0.00000E+00  -0.45657E+01
     R2_GGZup =  -0.46369E-02   0.00000E+00
    R2_GGWWcs =   0.00000E+00   0.13356E-02
         GC_4 =  -0.12177E+01   0.00000E+00
         GC_5 =   0.00000E+00   0.12177E+01
       R2_GQQ =  -0.00000E+00  -0.30492E-01
       R2_QQq =   0.00000E+00   0.12520E-01
 UV_GQQg_1eps =   0.00000E+00  -0.62890E-01
 UV_GQQq_1eps =   0.00000E+00   0.38115E-02
 UVWfct_G_2_1eps -0.31300E-02   0.00000E+00
         GC_1 =  -0.00000E+00  -0.10265E+00
         GC_2 =   0.00000E+00   0.20530E+00
         GC_7 =   0.00000E+00   0.57609E+00
        GC_22 =   0.00000E+00   0.28804E+00
        GC_23 =  -0.00000E+00  -0.27437E-01
        GC_24 =   0.00000E+00   0.82310E-01
        GC_25 =   0.00000E+00   0.30795E+00
        GC_28 =   0.00000E+00   0.37035E+00
        GC_31 =   0.00000E+00   0.52532E+02
        GC_33 =  -0.00000E+00  -0.19089E-01
        GC_37 =  -0.00000E+00  -0.70263E+00
        GC_38 =  -0.00000E+00  -0.72172E-02
        GC_47 =   0.00000E+00   0.46191E+00

 Collider parameters:
 --------------------

 Running at P P   machine @    13000.000000000000       GeV
 PDF set = lhapdf 
 alpha_s(Mz)= 0.1127 running at 3 loops.
 alpha_s(Mz)= 0.1127 running at 3 loops.
 Renormalization scale set on event-by-event basis
 Factorization   scale set on event-by-event basis


 ===============================================================
 INFO: MadFKS read these parameters from FKS_params.dat
 ===============================================================
  > IRPoleCheckThreshold      =    1.0000000000000001E-005
  > PrecisionVirtualAtRunTime =    1.0000000000000000E-003
  > NHelForMCoverHels         =            4
  > VirtualFraction           =    1.0000000000000000     
  > MinVirtualFraction        =    5.0000000000000001E-003
 ===============================================================
  Insert the number of points to test
 Insert the relative tolerance
  A negative number will mean use the default one:    1.0000000000000001E-005
Using random seed offsets:     1 ,     64 ,      0
  with seed                   32
 Ranmar initialization seeds       10730        9470
  ========================================================================================== 
 {                                                                                          }
 {       [32m                                                                            [0m       }
 {       [32m                               ,,                                           [0m       }
 {       [32m`7MMM.     ,MMF'             `7MM  `7MMF'                                   [0m       }
 {       [32m  MMMb    dPMM                 MM    MM                                     [0m       }
 {       [32m  M YM   ,M MM   ,6"Yb.   ,M""bMM    MM         ,pW"Wq.   ,pW"Wq.`7MMpdMAo. [0m       }
 {       [32m  M  Mb  M' MM  8)   MM ,AP    MM    MM        6W'   `Wb 6W'   `Wb MM   `Wb [0m       }
 {       [32m  M  YM.P'  MM   ,pm9MM 8MI    MM    MM      , 8M     M8 8M     M8 MM    M8 [0m       }
 {       [32m  M  `YM'   MM  8M   MM `Mb    MM    MM     ,M YA.   ,A9 YA.   ,A9 MM   ,AP [0m       }
 {       [32m.JML. `'  .JMML.`Moo9^Yo.`Wbmd"MML..JMMmmmmMMM  `Ybmd9'   `Ybmd9'  MMbmmd'  [0m       }
 {       [32m                                                                   MM       [0m       }
 {       [32m                                                                 .JMML.     [0m       }
 {       [32m[0mv2.6.5 (2018-02-03), Ref: arXiv:1103.0621v2, arXiv:1405.0301[32m                [0m       }
 {       [32m                                                                            [0m       }
 {                                                                                          }
  ========================================================================================== 
 ===============================================================
 INFO: MadLoop read these parameters from ./MadLoop5_resources/MadLoopParams.dat                                                                                                                                                                                                                                                                                                                                                                                                                                                                                          
 ===============================================================
  > MLReductionLib            = 6|7|1
  > CTModeRun                 =           -1
  > MLStabThres               =    1.0000000000000000E-003
  > NRotations_DP             =            0
  > NRotations_QP             =            0
  > CTStabThres               =    1.0000000000000000E-002
  > CTLoopLibrary             =            2
  > CTModeInit                =            1
  > CheckCycle                =            3
  > MaxAttempts               =           10
  > UseLoopFilter             =  F
  > HelicityFilterLevel       =            2
  > ImprovePSPoint            =            2
  > DoubleCheckHelicityFilter =  T
  > LoopInitStartOver         =  F
  > HelInitStartOver          =  F
  > ZeroThres                 =    1.0000000000000001E-009
  > OSThres                   =    1.0000000000000000E-008
  > WriteOutFilters           =  T
  > UseQPIntegrandForNinja    =  T
  > UseQPIntegrandForCutTools =  T
  > IREGIMODE                 =            2
  > IREGIRECY                 =  T
  > COLLIERMode               =            1
  > COLLIERRequiredAccuracy   =    1.0000000000000000E-008
  > COLLIERCanOutput          =  F
  > COLLIERComputeUVpoles     =  T
  > COLLIERComputeIRpoles     =  T
  > COLLIERGlobalCache        =           -1
  > COLLIERUseCacheForPoles   =  F
  > COLLIERUseInternalStabilityTest =  T
 ===============================================================
  
------------------------------------------------------------------------
|              You are using CutTools - Version 1.9.3                  |
|              Authors: G. Ossola, C. Papadopoulos, R. Pittau          |
|              Published in JHEP 0803:042,2008                         |
|              http://www.ugr.es/~pittau/CutTools                      |
|                                                                      |
|              Compiler with  34  significant digits detetected        |
 ---------------------------------------------------------------------- 
   
########################################################################
#                                                                      #

  +----------------------------------------------------------------+
  |                                                                |
  |  Ninja - version 1.1.0                                         |
  |                                                                |
  |  Author: Tiziano Peraro                                        |
  |                                                                |
  |  Based on:                                                     |
  |                                                                |
  |      P. Mastrolia, E. Mirabella and T. Peraro,                 |
  |      "Integrand reduction of one-loop scattering amplitudes    |
  |      through Laurent series expansion,"                        |
  |      JHEP 1206 (2012) 095  [arXiv:1203.0291 [hep-ph]].         |
  |                                                                |
  |      T. Peraro,                                                |
  |      "Ninja: Automated Integrand Reduction via Laurent         |
  |      Expansion for One-Loop Amplitudes,"                       |
  |      Comput.Phys.Commun. 185 (2014) [arXiv:1403.1229 [hep-ph]] |
  |                                                                |
  +----------------------------------------------------------------+


#                      You are using OneLOop-3.6                       #
#                                                                      #
# for the evaluation of 1-loop scalar 1-, 2-, 3- and 4-point functions #
#                                                                      #
# author: Andreas van Hameren <hamerenREMOVETHIS@ifj.edu.pl>           #
#   date: 18-02-2015                                                   #
#                                                                      #
# Please cite                                                          #
#    A. van Hameren,                                                   #
#      Comput.Phys.Commun. 182 (2011) 2427-2438, arXiv:1007.4716       #
#    A. van Hameren, C.G. Papadopoulos and R. Pittau,                  #
#      JHEP 0909:106,2009, arXiv:0903.4665                             #
# in publications with results obtained with the help of this program. #
#                                                                      #
########################################################################
########################################################################
#                                                                      #
#                      You are using OneLOop-3.6                       #
#                                                                      #
# for the evaluation of 1-loop scalar 1-, 2-, 3- and 4-point functions #
#                                                                      #
# author: Andreas van Hameren <hamerenREMOVETHIS@ifj.edu.pl>           #
#   date: 18-02-2015                                                   #
#                                                                      #
# Please cite                                                          #
#    A. van Hameren,                                                   #
#      Comput.Phys.Commun. 182 (2011) 2427-2438, arXiv:1007.4716       #
#    A. van Hameren, C.G. Papadopoulos and R. Pittau,                  #
#      JHEP 0909:106,2009, arXiv:0903.4665                             #
# in publications with results obtained with the help of this program. #
#                                                                      #
########################################################################
 PASSED   1.0000000000000001E-005
 MU_R    =    325.00000000000000     
 ALPHA_S =   0.11799999999999999     
 BORN                    6.5996360086515412E-011
 SINGLE POLE (MadFKS)   -1.5636669477048120E-011
 DOUBLE POLE (MadFKS)   -7.0234385830954113E-012
 SINGLE POLE (MadLoop)  -1.5636669477047732E-011
 DOUBLE POLE (MadLoop)  -7.0234385830953701E-012
 FINITE PART (MadLoop)   9.2848653714493118E-012
   325.00000000000000        0.0000000000000000        0.0000000000000000        325.00000000000000        0.0000000000000000     
   325.00000000000000        0.0000000000000000        0.0000000000000000       -325.00000000000000        0.0000000000000000     
   44.811458187804277       -40.476475662009662       -12.824390393825098        14.216152254630551        1.7769999999999999     
   185.46368446397943       -14.543182505688625        156.98568059284230        97.676866178040584        0.0000000000000000     
   264.86395267372382        23.654462201486652       -66.659769454387401       -242.24499793767549        80.419002445756163     
   154.86090467449239        31.365195966211630       -77.501520744629815        130.35197950500435        0.0000000000000000     

 PASSED   1.0000000000000001E-005
 MU_R    =    325.00000000000000     
 ALPHA_S =   0.11799999999999999     
 BORN                    2.5109007230249875E-009
 SINGLE POLE (MadFKS)   -2.4000702031459131E-010
 DOUBLE POLE (MadFKS)   -2.6721408564499201E-010
 SINGLE POLE (MadLoop)  -2.4000702031442349E-010
 DOUBLE POLE (MadLoop)  -2.6721408564498400E-010
 FINITE PART (MadLoop)   3.9441761581936137E-010
   325.00000000000000        0.0000000000000000        0.0000000000000000        325.00000000000000        0.0000000000000000     
   325.00000000000000        0.0000000000000000        0.0000000000000000       -325.00000000000000        0.0000000000000000     
   50.893404507527258        40.180917928976967       -21.927610037090055       -22.173286761617447        1.7769999999999999     
   109.11587877030995       -43.453350430976563       -99.805158061809223        7.5506132464188500        0.0000000000000000     
   195.37325845296343       -34.518185311013283       -168.92317274083720        44.462914413719282        80.419002445756163     
   294.61745826919935        37.790617813012872        290.65594083973650       -29.840240898520673        0.0000000000000000     

 PASSED   1.0000000000000001E-005
 MU_R    =    325.00000000000000     
 ALPHA_S =   0.11799999999999999     
 BORN                    2.3745789061910258E-009
 SINGLE POLE (MadFKS)   -7.8955091818076378E-010
 DOUBLE POLE (MadFKS)   -2.5270649906272927E-010
 SINGLE POLE (MadLoop)  -7.8955091818079284E-010
 DOUBLE POLE (MadLoop)  -2.5270649906273268E-010
 FINITE PART (MadLoop)  -4.6751646335272226E-010
   325.00000000000000        0.0000000000000000        0.0000000000000000        325.00000000000000        0.0000000000000000     
   325.00000000000000        0.0000000000000000        0.0000000000000000       -325.00000000000000        0.0000000000000000     
   177.26899758315676        118.40788778303502        118.85290587892376       -57.224982743842830        1.7769999999999999     
   260.58115887336822       -116.24680852990387       -196.99719424842570        124.82517904913044        0.0000000000000000     
   116.59884702441323        33.466569790790210        74.615590813854624        20.989937755733486        80.419002445756163     
   95.550996519061769       -35.627649043921387        3.5286975556473359       -88.590134061021104        0.0000000000000000     

 PASSED   1.0000000000000001E-005
 MU_R    =    325.00000000000000     
 ALPHA_S =   0.11799999999999999     
 BORN                    1.7396351489669533E-010
 SINGLE POLE (MadFKS)   -4.7066908956814566E-011
 DOUBLE POLE (MadFKS)   -1.8513476515593320E-011
 SINGLE POLE (MadLoop)  -4.7066908956800355E-011
 DOUBLE POLE (MadLoop)  -1.8513476515593291E-011
 FINITE PART (MadLoop)   3.6301228894220034E-012
   325.00000000000000        0.0000000000000000        0.0000000000000000        325.00000000000000        0.0000000000000000     
   325.00000000000000        0.0000000000000000        0.0000000000000000       -325.00000000000000        0.0000000000000000     
   155.05150619538352       -115.20619780000928        103.48711578976122        7.4673086476153321        1.7769999999999999     
   174.93728005373021        24.841146791237584        108.73494042322100       -134.76899535817574        0.0000000000000000     
   250.35345384765066        44.848347118371869       -170.06895846590908        158.98053662680880        80.419002445756163     
   69.657759903235586        45.516703890399803       -42.153097747073097       -31.678849916248339        0.0000000000000000     

 PASSED   1.0000000000000001E-005
 MU_R    =    325.00000000000000     
 ALPHA_S =   0.11799999999999999     
 BORN                    1.5579848226012244E-010
 SINGLE POLE (MadFKS)   -2.4849298968935952E-011
 DOUBLE POLE (MadFKS)   -1.6580324582431458E-011
 SINGLE POLE (MadLoop)  -2.4849298968938049E-011
 DOUBLE POLE (MadLoop)  -1.6580324582431381E-011
 FINITE PART (MadLoop)   3.3604243907506034E-011
   325.00000000000000        0.0000000000000000        0.0000000000000000        325.00000000000000        0.0000000000000000     
   325.00000000000000        0.0000000000000000        0.0000000000000000       -325.00000000000000        0.0000000000000000     
   175.16746789603249        127.85384672595718       -102.77704506265400       -61.406489605515254        1.7769999999999999     
   202.76918213902965       -200.28185737096206       -31.493331558203849       -3.2693884341912249        0.0000000000000000     
   100.65742700411175        47.323103275357177       -30.048467589032992        22.854215117965971        80.419002445756163     
   171.40592296082605        25.104907369647719        164.31884420989078        41.821662921740362        0.0000000000000000     

 PASSED   1.0000000000000001E-005
 MU_R    =    325.00000000000000     
 ALPHA_S =   0.11799999999999999     
 BORN                    1.2324786463721470E-010
 SINGLE POLE (MadFKS)   -3.0428741419177623E-011
 DOUBLE POLE (MadFKS)   -1.3116235602120749E-011
 SINGLE POLE (MadLoop)  -3.0428741419177881E-011
 DOUBLE POLE (MadLoop)  -1.3116235602120725E-011
 FINITE PART (MadLoop)   5.8318186000780253E-012
   325.00000000000000        0.0000000000000000        0.0000000000000000        325.00000000000000        0.0000000000000000     
   325.00000000000000        0.0000000000000000        0.0000000000000000       -325.00000000000000        0.0000000000000000     
   184.77475652826521       -129.27920789905792       -76.072457367126290       -107.88151165143444        1.7769999999999999     
   221.63085727956701       -26.873059115221302        148.24908053424801        162.54318107203287        0.0000000000000000     
   163.59680800624969        138.94600256379721        2.4001888344489810       -31.383866883534736        80.419002445756163     
   79.997578185918059        17.206264450482035       -74.576812001570701       -23.277802537063764        0.0000000000000000     

 PASSED   1.0000000000000001E-005
 MU_R    =    325.00000000000000     
 ALPHA_S =   0.11799999999999999     
 BORN                    1.6169535681365466E-010
 SINGLE POLE (MadFKS)   -2.0064056763014518E-011
 DOUBLE POLE (MadFKS)   -1.7207879438557746E-011
 SINGLE POLE (MadLoop)  -2.0064056763019607E-011
 DOUBLE POLE (MadLoop)  -1.7207879438559149E-011
 FINITE PART (MadLoop)   1.0269174660588827E-011
   325.00000000000000        0.0000000000000000        0.0000000000000000        325.00000000000000        0.0000000000000000     
   325.00000000000000        0.0000000000000000        0.0000000000000000       -325.00000000000000        0.0000000000000000     
   180.50690037028735       -45.813981409003247       -157.91120855980080       -74.462827443815442        1.7769999999999999     
   116.84252013383592        101.24437773297456       -57.851558293289294        7.4126710251268397        0.0000000000000000     
   95.850921505731449       -1.1680886759130926       -5.2769877370895859       -51.874581139467182        80.419002445756163     
   256.79965799014536       -54.262307648058041        221.03975459017968        118.92473755815585        0.0000000000000000     

 PASSED   1.0000000000000001E-005
 MU_R    =    325.00000000000000     
 ALPHA_S =   0.11799999999999999     
 BORN                    1.3730808432802820E-011
 SINGLE POLE (MadFKS)   -1.6355561249237505E-012
 DOUBLE POLE (MadFKS)   -1.4612546752217564E-012
 SINGLE POLE (MadLoop)  -1.6355561249034300E-012
 DOUBLE POLE (MadLoop)  -1.4612546752217562E-012
 FINITE PART (MadLoop)   2.4989328270303081E-012
   325.00000000000000        0.0000000000000000        0.0000000000000000        325.00000000000000        0.0000000000000000     
   325.00000000000000        0.0000000000000000        0.0000000000000000       -325.00000000000000        0.0000000000000000     
   175.28087202591323       -11.321391700386290        164.83732061738624        58.486837756986048        1.7769999999999999     
   112.31652432505575       -100.56173190305132       -41.035549368320154        28.608100271772891        0.0000000000000000     
   122.00097226347594       -68.748141492360816        30.963805241218218       -52.268126857513636        80.419002445756163     
   240.40163138555505        180.63126509579848       -154.76557649028422       -34.826811171245609        0.0000000000000000     

 PASSED   1.0000000000000001E-005
 MU_R    =    325.00000000000000     
 ALPHA_S =   0.11799999999999999     
 BORN                    7.6356439466381638E-008
 SINGLE POLE (MadFKS)   -1.1201418423948500E-008
 DOUBLE POLE (MadFKS)   -8.1259748615370905E-009
 SINGLE POLE (MadLoop)  -1.1201418423949588E-008
 DOUBLE POLE (MadLoop)  -8.1259748615379094E-009
 FINITE PART (MadLoop)   2.5036306214316198E-008
   325.00000000000000        0.0000000000000000        0.0000000000000000        325.00000000000000        0.0000000000000000     
   325.00000000000000        0.0000000000000000        0.0000000000000000       -325.00000000000000        0.0000000000000000     
   29.532229654671731       -20.468153628936417       -13.539128425954752       -16.332224216683858        1.7769999999999999     
   209.48134581215274       -51.615264589457581        65.976103281807994       -192.00378251581196        0.0000000000000000     
   222.22440524005441       -106.89988542607000       -1.0364778855540844        177.44805025531065        80.419002445756163     
   188.76201929312100        178.98330364446397       -51.400496970299116        30.887956477185202        0.0000000000000000     

 PASSED   1.0000000000000001E-005
 MU_R    =    325.00000000000000     
 ALPHA_S =   0.11799999999999999     
 BORN                    2.3840318969545921E-010
 SINGLE POLE (MadFKS)   -3.2169187881902345E-011
 DOUBLE POLE (MadFKS)   -2.5371250151449238E-011
 SINGLE POLE (MadLoop)  -3.2169187881901033E-011
 DOUBLE POLE (MadLoop)  -2.5371250151449232E-011
 FINITE PART (MadLoop)   5.6080815402556868E-011
   325.00000000000000        0.0000000000000000        0.0000000000000000        325.00000000000000        0.0000000000000000     
   325.00000000000000        0.0000000000000000        0.0000000000000000       -325.00000000000000        0.0000000000000000     
   232.79397214419797        198.13085049817548       -88.397347779158096       -84.379800451019378        1.7769999999999999     
   72.152041018440357       -44.171585703931790        24.885706933729459        51.337020072608787        0.0000000000000000     
   131.67607862066347        13.718150952366097       -57.370708462821376        85.975507392900369        80.419002445756163     
   213.37790821669819       -167.67741574660977        120.88234930825003       -52.932727014489814        0.0000000000000000     

 PASSED   1.0000000000000001E-005
 MU_R    =    325.00000000000000     
 ALPHA_S =   0.11799999999999999     
 BORN                    4.7279395144285455E-010
 SINGLE POLE (MadFKS)   -1.0093800215353270E-010
 DOUBLE POLE (MadFKS)   -5.0315491279592051E-011
 SINGLE POLE (MadLoop)  -1.0093800215353133E-010
 DOUBLE POLE (MadLoop)  -5.0315491279592154E-011
 FINITE PART (MadLoop)   6.8198436637731007E-011
   325.00000000000000        0.0000000000000000        0.0000000000000000        325.00000000000000        0.0000000000000000     
   325.00000000000000        0.0000000000000000        0.0000000000000000       -325.00000000000000        0.0000000000000000     
   219.34772581649412       -10.106167843254687        92.582600211082195       -198.58649148808377        1.7769999999999999     
   87.083132963782219       -8.3572518815198169        73.515334641057734        45.925199622755045        0.0000000000000000     
   178.16129057969147        107.63966870628252       -114.67423628666486        23.189453627083015        80.419002445756163     
   165.40785064003222       -89.176248981508010       -51.423698565475064        129.47183823824571        0.0000000000000000     

 PASSED   1.0000000000000001E-005
 MU_R    =    325.00000000000000     
 ALPHA_S =   0.11799999999999999     
 BORN                    6.8272706223079469E-011
 SINGLE POLE (MadFKS)   -1.3306158079750395E-011
 DOUBLE POLE (MadFKS)   -7.2656909931232615E-012
 SINGLE POLE (MadLoop)  -1.3306158079750111E-011
 DOUBLE POLE (MadLoop)  -7.2656909931233100E-012
 FINITE PART (MadLoop)   1.2380735857925009E-011
   325.00000000000000        0.0000000000000000        0.0000000000000000        325.00000000000000        0.0000000000000000     
   325.00000000000000        0.0000000000000000        0.0000000000000000       -325.00000000000000        0.0000000000000000     
   110.13787024225712       -98.196811920777293       -36.655278321309552        33.778239034666854        1.7769999999999999     
   161.67801526850999        111.13101813244373       -32.992052715926768        112.69960908361897        0.0000000000000000     
   164.53517426581956       -132.28625091791460        47.383800054895922        29.321168577552776        80.419002445756163     
   213.64894022341329        119.35204470624818        22.263530982340388       -175.79901669583856        0.0000000000000000     

 PASSED   1.0000000000000001E-005
 MU_R    =    325.00000000000000     
 ALPHA_S =   0.11799999999999999     
 BORN                    3.0852207010737999E-010
 SINGLE POLE (MadFKS)   -5.8694532790055311E-011
 DOUBLE POLE (MadFKS)   -3.2833413965376938E-011
 SINGLE POLE (MadLoop)  -5.8694532790054173E-011
 DOUBLE POLE (MadLoop)  -3.2833413965376453E-011
 FINITE PART (MadLoop)   2.7037183993976588E-011
   325.00000000000000        0.0000000000000000        0.0000000000000000        325.00000000000000        0.0000000000000000     
   325.00000000000000        0.0000000000000000        0.0000000000000000       -325.00000000000000        0.0000000000000000     
   57.334581084448949        30.128231521285727        16.841416393582445        45.746615376298898        1.7769999999999999     
   238.32496013684806        71.856293752697525       -136.27159320048872        181.83924922567402        0.0000000000000000     
   174.37088595191804       -118.23904247891286       -6.0505750192413705       -99.603761419399518        80.419002445756163     
   179.96957282678491        16.254517204929616        125.48075182614751       -127.98210318257340        0.0000000000000000     

 PASSED   1.0000000000000001E-005
 MU_R    =    325.00000000000000     
 ALPHA_S =   0.11799999999999999     
 BORN                    1.4246962015920891E-010
 SINGLE POLE (MadFKS)   -1.9095433153305449E-011
 DOUBLE POLE (MadFKS)   -1.5161845681086084E-011
 SINGLE POLE (MadLoop)  -1.9095433153310531E-011
 DOUBLE POLE (MadLoop)  -1.5161845681086065E-011
 FINITE PART (MadLoop)   2.3773416788614344E-011
   325.00000000000000        0.0000000000000000        0.0000000000000000        325.00000000000000        0.0000000000000000     
   325.00000000000000        0.0000000000000000        0.0000000000000000       -325.00000000000000        0.0000000000000000     
   50.603214840665203        20.810123772789041        21.591570283643765       -40.721867153388118        1.7769999999999999     
   101.32810204916123       -46.381511916556128        40.504422683496614        80.470686341650136        0.0000000000000000     
   276.72101036557780       -42.698373742585659       -258.96893890713449        34.917605651404621        80.419002445756163     
   221.34767274459591        68.269761886352754        196.87294593999411       -74.666424839666618        0.0000000000000000     

 PASSED   1.0000000000000001E-005
 MU_R    =    325.00000000000000     
 ALPHA_S =   0.11799999999999999     
 BORN                    6.1802256603926655E-009
 SINGLE POLE (MadFKS)   -1.5343270453304810E-009
 DOUBLE POLE (MadFKS)   -6.5770953577646037E-010
 SINGLE POLE (MadLoop)  -1.5343270453302667E-009
 DOUBLE POLE (MadLoop)  -6.5770953577644559E-010
 FINITE PART (MadLoop)  -1.5237111605960557E-011
   325.00000000000000        0.0000000000000000        0.0000000000000000        325.00000000000000        0.0000000000000000     
   325.00000000000000        0.0000000000000000        0.0000000000000000       -325.00000000000000        0.0000000000000000     
   188.17572276205476       -86.726099776057808       -162.64219466195945       -37.855581374432354        1.7769999999999999     
   11.032967857015795        3.8424970333456363        8.9001421451342484        5.2677382318295560        0.0000000000000000     
   267.77097443351107        158.33996869067138        148.94234292137452       -134.08471797647334        80.419002445756163     
   183.02033494741838       -75.456365947959227        4.7997095954507190        166.67256111907622        0.0000000000000000     

 PASSED   1.0000000000000001E-005
 MU_R    =    325.00000000000000     
 ALPHA_S =   0.11799999999999999     
 BORN                    8.6976627180218529E-011
 SINGLE POLE (MadFKS)   -1.3803197919988830E-011
 DOUBLE POLE (MadFKS)   -9.2561922864268366E-012
 SINGLE POLE (MadLoop)  -1.3803197919817328E-011
 DOUBLE POLE (MadLoop)  -9.2561922864268075E-012
 FINITE PART (MadLoop)   1.6348277140800682E-011
   325.00000000000000        0.0000000000000000        0.0000000000000000        325.00000000000000        0.0000000000000000     
   325.00000000000000        0.0000000000000000        0.0000000000000000       -325.00000000000000        0.0000000000000000     
   175.69667035671009       -56.745373635497110       -58.351971068756278       -155.69576837150498        1.7769999999999999     
   148.01173081060725        90.972601393548175        24.458277431944563        114.16326431170543        0.0000000000000000     
   147.72037963948634        114.08093295509168       -43.752562612802272       -20.623981365685253        80.419002445756163     
   178.57121919319633       -148.30816071314274        77.646256249613984        62.156485425484789        0.0000000000000000     

 PASSED   1.0000000000000001E-005
 MU_R    =    325.00000000000000     
 ALPHA_S =   0.11799999999999999     
 BORN                    9.6903521635914085E-012
 SINGLE POLE (MadFKS)   -1.5118014942099733E-012
 DOUBLE POLE (MadFKS)   -1.0312628329854839E-012
 SINGLE POLE (MadLoop)  -1.5118014942101244E-012
 DOUBLE POLE (MadLoop)  -1.0312628329854900E-012
 FINITE PART (MadLoop)   1.4018803314197995E-012
   325.00000000000000        0.0000000000000000        0.0000000000000000        325.00000000000000        0.0000000000000000     
   325.00000000000000        0.0000000000000000        0.0000000000000000       -325.00000000000000        0.0000000000000000     
   46.329004805052797       -20.465482273096583       -31.920932892764981        26.560064680112681        1.7769999999999999     
   233.78848699852261       -33.055371141038499        209.79168231748338        97.733561902688351        0.0000000000000000     
   192.60170945474945        43.451481624761968       -6.7191786414072912       -169.39605636944154        80.419002445756163     
   177.28079874167511        10.069371789373074       -171.15157078331137        45.102429786640641        0.0000000000000000     

 PASSED   1.0000000000000001E-005
 MU_R    =    325.00000000000000     
 ALPHA_S =   0.11799999999999999     
 BORN                    1.1124849997700717E-009
 SINGLE POLE (MadFKS)   -1.7722803216831633E-010
 DOUBLE POLE (MadFKS)   -1.1839243952631996E-010
 SINGLE POLE (MadLoop)  -1.7722803216831876E-010
 DOUBLE POLE (MadLoop)  -1.1839243952632619E-010
 FINITE PART (MadLoop)   1.1748428215919269E-010
   325.00000000000000        0.0000000000000000        0.0000000000000000        325.00000000000000        0.0000000000000000     
   325.00000000000000        0.0000000000000000        0.0000000000000000       -325.00000000000000        0.0000000000000000     
   186.18364902494517       -153.48639519144615        16.275313179092642       -104.10683986800115        1.7769999999999999     
   77.679531122437183       -42.815418267562045        64.786874646512047       -1.9001019742455103        0.0000000000000000     
   129.48042451827635        37.903549712315325       -29.745860297800764       -89.311080462685510        80.419002445756163     
   256.65639533434137        158.39826374669286       -51.316327527803992        195.31802230493219        0.0000000000000000     

 PASSED   1.0000000000000001E-005
 MU_R    =    325.00000000000000     
 ALPHA_S =   0.11799999999999999     
 BORN                    1.6043119649944455E-009
 SINGLE POLE (MadFKS)   -2.3312236447649254E-010
 DOUBLE POLE (MadFKS)   -1.7073345468587250E-010
 SINGLE POLE (MadLoop)  -2.3312236447648639E-010
 DOUBLE POLE (MadLoop)  -1.7073345468587110E-010
 FINITE PART (MadLoop)   2.0100427488103814E-010
   325.00000000000000        0.0000000000000000        0.0000000000000000        325.00000000000000        0.0000000000000000     
   325.00000000000000        0.0000000000000000        0.0000000000000000       -325.00000000000000        0.0000000000000000     
   107.73529789188909       -12.136817728687962       -94.732838623610434       -49.820915533414933        1.7769999999999999     
   87.486646023192066       -6.0354335385712012        18.103993373367057       -85.379928544862835        0.0000000000000000     
Thanks for using LHAPDF 6.2.1. Please make sure to cite the paper:
  Eur.Phys.J. C75 (2015) 3, 132  (http://arxiv.org/abs/1412.7420)
   175.98083319417287        107.73636980017419       -89.265586935225514       -70.189509962205761        80.419002445756163     
   278.79722289074607       -89.564118532915003        165.89443218546893        205.39035404048354        0.0000000000000000     

 PASSED   1.0000000000000001E-005
 MU_R    =    325.00000000000000     
 ALPHA_S =   0.11799999999999999     
 BORN                    1.6500433607173178E-010
 SINGLE POLE (MadFKS)   -4.2354845190182141E-011
 DOUBLE POLE (MadFKS)   -1.7560026323043120E-011
 SINGLE POLE (MadLoop)  -4.2354845190184862E-011
 DOUBLE POLE (MadLoop)  -1.7560026323043566E-011
 FINITE PART (MadLoop)   2.0654920157771473E-012
   325.00000000000000        0.0000000000000000        0.0000000000000000        325.00000000000000        0.0000000000000000     
   325.00000000000000        0.0000000000000000        0.0000000000000000       -325.00000000000000        0.0000000000000000     
   201.66661154183791       -182.04655196249323       -78.193274370404268       -37.565000247151538        1.7769999999999999     
   94.035515736492698        15.370260694859745       -40.402603968696404        83.510854974361834        0.0000000000000000     
   245.21306371277169        217.52035876634261        70.247758299883628        37.581599713637125        80.419002445756163     
   109.08480900889764       -50.844067498709094        48.348120039217100       -83.527454440847421        0.0000000000000000     

 NUMBER OF POINTS PASSING THE CHECK          20
 NUMBER OF POINTS FAILING THE CHECK           0
 TOLERANCE    1.0000000000000001E-005
