==== LHAPDF6 USING DEFAULT-TYPE LHAGLUE INTERFACE ====
LHAPDF 6.2.1 loading /cvmfs/cms.cern.ch/slc7_amd64_gcc700/external/lhapdf/6.2.1-pafccj3/share/LHAPDF/NNPDF31_nnlo_as_0118_nf_4_mc_hessian/NNPDF31_nnlo_as_0118_nf_4_mc_hessian_0000.dat
NNPDF31_nnlo_as_0118_nf_4_mc_hessian PDF set, member #0, version 1; LHAPDF ID = 325500
 A PDF is used, so alpha_s(MZ) is going to be modified
 Old value of alpha_s from param_card:   0.11799999999999999     
 New value of alpha_s from PDF lhapdf :  0.11266013434007299     
 *****************************************************
 *               MadGraph/MadEvent                   *
 *        --------------------------------           *
 *          http://madgraph.hep.uiuc.edu             *
 *          http://madgraph.phys.ucl.ac.be           *
 *          http://madgraph.roma2.infn.it            *
 *        --------------------------------           *
 *                                                   *
 *          PARAMETER AND COUPLING VALUES            *
 *                                                   *
 *****************************************************

  External Params
  ---------------------------------
  
 MU_R =    91.188000000000002     
 aEWM1 =    132.50700000000001     
 mdl_Gf =    1.1663900000000000E-005
 aS =   0.11799999999999999     
 mdl_ymb =    4.7000000000000002     
 mdl_ymt =    173.00000000000000     
 mdl_ymtau =    1.7769999999999999     
 mdl_MT =    173.00000000000000     
 mdl_MB =    4.7000000000000002     
 mdl_MZ =    91.188000000000002     
 mdl_MH =    125.00000000000000     
 mdl_MTA =    1.7769999999999999     
 mdl_WT =    1.4915000000000000     
 mdl_WZ =    2.4414039999999999     
 mdl_WW =    2.0476000000000001     
 mdl_WH =    6.3823389999999999E-003
  Internal Params
  ---------------------------------
  
 mdl_conjg__CKM3x3 =    1.0000000000000000     
 mdl_CKM22 =    1.0000000000000000     
 mdl_lhv =    1.0000000000000000     
 mdl_CKM3x3 =    1.0000000000000000     
 mdl_conjg__CKM22 =    1.0000000000000000     
 mdl_conjg__CKM33 =    1.0000000000000000     
 mdl_Ncol =    3.0000000000000000     
 mdl_CA =    3.0000000000000000     
 mdl_TF =   0.50000000000000000     
 mdl_CF =    1.3333333333333333     
 mdl_complexi =                (0.0000000000000000,1.0000000000000000)
 mdl_MZ__exp__2 =    8315.2513440000002     
 mdl_MZ__exp__4 =    69143404.913893804     
 mdl_sqrt__2 =    1.4142135623730951     
 mdl_MH__exp__2 =    15625.000000000000     
 mdl_Ncol__exp__2 =    9.0000000000000000     
 mdl_MB__exp__2 =    22.090000000000003     
 mdl_MT__exp__2 =    29929.000000000000     
 mdl_aEW =    7.5467711139788835E-003
 mdl_MW =    80.419002445756163     
 mdl_sqrt__aEW =    8.6872153846781555E-002
 mdl_ee =   0.30795376724436879     
 mdl_MW__exp__2 =    6467.2159543705357     
 mdl_sw2 =   0.22224648578577766     
 mdl_cw =   0.88190334743339216     
 mdl_sqrt__sw2 =   0.47143025548407230     
 mdl_sw =   0.47143025548407230     
 mdl_g1 =   0.34919219678733299     
 mdl_gw =   0.65323293034757990     
 mdl_v =    246.21845810181637     
 mdl_v__exp__2 =    60623.529110035903     
 mdl_lam =   0.12886910601690263     
 mdl_yb =    2.6995554250465490E-002
 mdl_yt =   0.99366614581500623     
 mdl_ytau =    1.0206617000654717E-002
 mdl_muH =    88.388347648318430     
 mdl_AxialZUp =  -0.18517701861793787     
 mdl_AxialZDown =   0.18517701861793787     
 mdl_VectorZUp =    7.5430507588273299E-002
 mdl_VectorZDown =  -0.13030376310310560     
 mdl_VectorAUp =   0.20530251149624587     
 mdl_VectorADown =  -0.10265125574812294     
 mdl_VectorWmDxU =   0.23095271737156670     
 mdl_AxialWmDxU =  -0.23095271737156670     
 mdl_VectorWpUxD =   0.23095271737156670     
 mdl_AxialWpUxD =  -0.23095271737156670     
 mdl_I1x33 =          (2.69955542504654901E-002,0.0000000000000000)
 mdl_I2x33 =               (0.99366614581500623,0.0000000000000000)
 mdl_I3x33 =               (0.99366614581500623,0.0000000000000000)
 mdl_I4x33 =          (2.69955542504654901E-002,0.0000000000000000)
 mdl_Vector_tbGp =              (-0.96667059156454072,0.0000000000000000)
 mdl_Axial_tbGp =              (-1.0206617000654716,-0.0000000000000000)
 mdl_Vector_tbGm =               (0.96667059156454072,0.0000000000000000)
 mdl_Axial_tbGm =              (-1.0206617000654716,-0.0000000000000000)
 mdl_gw__exp__2 =   0.42671326129048615     
 mdl_cw__exp__2 =   0.77775351421422245     
 mdl_ee__exp__2 =    9.4835522759998875E-002
 mdl_sw__exp__2 =   0.22224648578577769     
 mdl_yb__exp__2 =    7.2875994928982540E-004
 mdl_yt__exp__2 =   0.98737240933884918     
  Internal Params evaluated point by point
  ----------------------------------------
  
 mdl_sqrt__aS =   0.34351128074635334     
 mdl_G__exp__4 =    2.1987899468922913     
 mdl_G__exp__2 =    1.4828317324943823     
 mdl_R2MixedFactor_FIN_ =   -2.5040377713124864E-002
 mdl_G_UVg_1EPS_ =   -5.1645779033320030E-002
 mdl_G_UVq_1EPS_ =    3.1300472141406080E-003
 mdl_GWcft_UV_b_1EPS_ =   -3.1300472141406080E-003
 mdl_GWcft_UV_t_1EPS_ =   -3.1300472141406080E-003
 mdl_bWcft_UV_1EPS_ =   -1.8780283284843650E-002
 mdl_tWcft_UV_1EPS_ =   -1.8780283284843650E-002
 mdl_G__exp__3 =    1.8056676068262196     
 mdl_MU_R__exp__2 =    8315.2513440000002     
 mdl_G_UVb_FIN_ =    1.8563438626678915E-002
 mdl_G_UVt_FIN_ =   -4.0087659331150384E-003
 mdl_GWcft_UV_b_FIN_ =   -1.8563438626678915E-002
 mdl_GWcft_UV_t_FIN_ =    4.0087659331150384E-003
 mdl_bWcft_UV_FIN_ =  -0.13642100947319838     
 mdl_tWcft_UV_FIN_ =   -9.8778211443463623E-004
  Couplings of loop_sm
  ---------------------------------
  
      UV_GQQb =   0.00000E+00   0.22605E-01
      UV_GQQt =   0.00000E+00  -0.48815E-02
   UVWfct_G_2 =   0.40088E-02   0.00000E+00
   UVWfct_G_1 =  -0.18563E-01   0.00000E+00
       R2_DDA =   0.00000E+00   0.25704E-02
       R2_UUA =  -0.00000E+00  -0.51409E-02
    R2_UUZ_V2 =  -0.00000E+00  -0.72127E-02
    R2_UUZ_V5 =   0.00000E+00   0.68702E-03
      R2_sxcW =  -0.00000E+00  -0.11566E-01
      R2_GGHb =   0.00000E+00  -0.33698E-02
      R2_GGHt =   0.00000E+00  -0.45657E+01
     R2_GGZup =  -0.46369E-02   0.00000E+00
    R2_GGWWcs =   0.00000E+00   0.13356E-02
         GC_4 =  -0.12177E+01   0.00000E+00
         GC_5 =   0.00000E+00   0.12177E+01
       R2_GQQ =  -0.00000E+00  -0.30492E-01
       R2_QQq =   0.00000E+00   0.12520E-01
 UV_GQQg_1eps =   0.00000E+00  -0.62890E-01
 UV_GQQq_1eps =   0.00000E+00   0.38115E-02
 UVWfct_G_2_1eps -0.31300E-02   0.00000E+00
         GC_1 =  -0.00000E+00  -0.10265E+00
         GC_2 =   0.00000E+00   0.20530E+00
         GC_7 =   0.00000E+00   0.57609E+00
        GC_22 =   0.00000E+00   0.28804E+00
        GC_23 =  -0.00000E+00  -0.27437E-01
        GC_24 =   0.00000E+00   0.82310E-01
        GC_25 =   0.00000E+00   0.30795E+00
        GC_28 =   0.00000E+00   0.37035E+00
        GC_31 =   0.00000E+00   0.52532E+02
        GC_33 =  -0.00000E+00  -0.19089E-01
        GC_37 =  -0.00000E+00  -0.70263E+00
        GC_38 =  -0.00000E+00  -0.72172E-02
        GC_47 =   0.00000E+00   0.46191E+00

 Collider parameters:
 --------------------

 Running at P P   machine @    13000.000000000000       GeV
 PDF set = lhapdf 
 alpha_s(Mz)= 0.1127 running at 3 loops.
 alpha_s(Mz)= 0.1127 running at 3 loops.
 Renormalization scale set on event-by-event basis
 Factorization   scale set on event-by-event basis


 ===============================================================
 INFO: MadFKS read these parameters from FKS_params.dat
 ===============================================================
  > IRPoleCheckThreshold      =    1.0000000000000001E-005
  > PrecisionVirtualAtRunTime =    1.0000000000000000E-003
  > NHelForMCoverHels         =            4
  > VirtualFraction           =    1.0000000000000000     
  > MinVirtualFraction        =    5.0000000000000001E-003
 ===============================================================
  Insert the number of points to test
 Insert the relative tolerance
  A negative number will mean use the default one:    1.0000000000000001E-005
Using random seed offsets:     1 ,     29 ,      0
  with seed                   32
 Ranmar initialization seeds       10730        9435
  ========================================================================================== 
 {                                                                                          }
 {       [32m                                                                            [0m       }
 {       [32m                               ,,                                           [0m       }
 {       [32m`7MMM.     ,MMF'             `7MM  `7MMF'                                   [0m       }
 {       [32m  MMMb    dPMM                 MM    MM                                     [0m       }
 {       [32m  M YM   ,M MM   ,6"Yb.   ,M""bMM    MM         ,pW"Wq.   ,pW"Wq.`7MMpdMAo. [0m       }
 {       [32m  M  Mb  M' MM  8)   MM ,AP    MM    MM        6W'   `Wb 6W'   `Wb MM   `Wb [0m       }
 {       [32m  M  YM.P'  MM   ,pm9MM 8MI    MM    MM      , 8M     M8 8M     M8 MM    M8 [0m       }
 {       [32m  M  `YM'   MM  8M   MM `Mb    MM    MM     ,M YA.   ,A9 YA.   ,A9 MM   ,AP [0m       }
 {       [32m.JML. `'  .JMML.`Moo9^Yo.`Wbmd"MML..JMMmmmmMMM  `Ybmd9'   `Ybmd9'  MMbmmd'  [0m       }
 {       [32m                                                                   MM       [0m       }
 {       [32m                                                                 .JMML.     [0m       }
 {       [32m[0mv2.6.5 (2018-02-03), Ref: arXiv:1103.0621v2, arXiv:1405.0301[32m                [0m       }
 {       [32m                                                                            [0m       }
 {                                                                                          }
  ========================================================================================== 
 ===============================================================
 INFO: MadLoop read these parameters from ./MadLoop5_resources/MadLoopParams.dat                                                                                                                                                                                                                                                                                                                                                                                                                                                                                          
 ===============================================================
  > MLReductionLib            = 6|7|1
  > CTModeRun                 =           -1
  > MLStabThres               =    1.0000000000000000E-003
  > NRotations_DP             =            0
  > NRotations_QP             =            0
  > CTStabThres               =    1.0000000000000000E-002
  > CTLoopLibrary             =            2
  > CTModeInit                =            1
  > CheckCycle                =            3
  > MaxAttempts               =           10
  > UseLoopFilter             =  F
  > HelicityFilterLevel       =            2
  > ImprovePSPoint            =            2
  > DoubleCheckHelicityFilter =  T
  > LoopInitStartOver         =  F
  > HelInitStartOver          =  F
  > ZeroThres                 =    1.0000000000000001E-009
  > OSThres                   =    1.0000000000000000E-008
  > WriteOutFilters           =  T
  > UseQPIntegrandForNinja    =  T
  > UseQPIntegrandForCutTools =  T
  > IREGIMODE                 =            2
  > IREGIRECY                 =  T
  > COLLIERMode               =            1
  > COLLIERRequiredAccuracy   =    1.0000000000000000E-008
  > COLLIERCanOutput          =  F
  > COLLIERComputeUVpoles     =  T
  > COLLIERComputeIRpoles     =  T
  > COLLIERGlobalCache        =           -1
  > COLLIERUseCacheForPoles   =  F
  > COLLIERUseInternalStabilityTest =  T
 ===============================================================
  
------------------------------------------------------------------------
|              You are using CutTools - Version 1.9.3                  |
|              Authors: G. Ossola, C. Papadopoulos, R. Pittau          |
|              Published in JHEP 0803:042,2008                         |
|              http://www.ugr.es/~pittau/CutTools                      |
|                                                                      |
|              Compiler with  34  significant digits detetected        |
 ---------------------------------------------------------------------- 
   
########################################################################
#                                                                      #

  +----------------------------------------------------------------+
  |                                                                |
  |  Ninja - version 1.1.0                                         |
  |                                                                |
  |  Author: Tiziano Peraro                                        |
  |                                                                |
  |  Based on:                                                     |
  |                                                                |
  |      P. Mastrolia, E. Mirabella and T. Peraro,                 |
  |      "Integrand reduction of one-loop scattering amplitudes    |
  |      through Laurent series expansion,"                        |
  |      JHEP 1206 (2012) 095  [arXiv:1203.0291 [hep-ph]].         |
  |                                                                |
  |      T. Peraro,                                                |
  |      "Ninja: Automated Integrand Reduction via Laurent         |
  |      Expansion for One-Loop Amplitudes,"                       |
  |      Comput.Phys.Commun. 185 (2014) [arXiv:1403.1229 [hep-ph]] |
  |                                                                |
  +----------------------------------------------------------------+


#                      You are using OneLOop-3.6                       #
#                                                                      #
# for the evaluation of 1-loop scalar 1-, 2-, 3- and 4-point functions #
#                                                                      #
# author: Andreas van Hameren <hamerenREMOVETHIS@ifj.edu.pl>           #
#   date: 18-02-2015                                                   #
#                                                                      #
# Please cite                                                          #
#    A. van Hameren,                                                   #
#      Comput.Phys.Commun. 182 (2011) 2427-2438, arXiv:1007.4716       #
#    A. van Hameren, C.G. Papadopoulos and R. Pittau,                  #
#      JHEP 0909:106,2009, arXiv:0903.4665                             #
# in publications with results obtained with the help of this program. #
#                                                                      #
########################################################################
########################################################################
#                                                                      #
#                      You are using OneLOop-3.6                       #
#                                                                      #
# for the evaluation of 1-loop scalar 1-, 2-, 3- and 4-point functions #
#                                                                      #
# author: Andreas van Hameren <hamerenREMOVETHIS@ifj.edu.pl>           #
#   date: 18-02-2015                                                   #
#                                                                      #
# Please cite                                                          #
#    A. van Hameren,                                                   #
#      Comput.Phys.Commun. 182 (2011) 2427-2438, arXiv:1007.4716       #
#    A. van Hameren, C.G. Papadopoulos and R. Pittau,                  #
#      JHEP 0909:106,2009, arXiv:0903.4665                             #
# in publications with results obtained with the help of this program. #
#                                                                      #
########################################################################
 PASSED   1.0000000000000001E-005
 MU_R    =    325.00000000000000     
 ALPHA_S =   0.11799999999999999     
 BORN                    1.8077505640418903E-012
 SINGLE POLE (MadFKS)   -1.5177307287761172E-013
 DOUBLE POLE (MadFKS)   -1.9238371697257469E-013
 SINGLE POLE (MadLoop)  -1.5177307287773220E-013
 DOUBLE POLE (MadLoop)  -1.9238371697257472E-013
 FINITE PART (MadLoop)   1.0645373150844785E-013
   325.00000000000000        0.0000000000000000        0.0000000000000000        325.00000000000000        0.0000000000000000     
   325.00000000000000        0.0000000000000000        0.0000000000000000       -325.00000000000000        0.0000000000000000     
   95.520048413992413       -17.610636931610244       -87.187895900454407       -34.816891365054182        0.0000000000000000     
   193.90067257509887       -63.293216043224632        176.08633956940395       -50.843294985965819        0.0000000000000000     
   168.46947856193569       -41.611315290988401        51.497704328014102        132.40556688167740        80.419002445756163     
   192.10980044897309        122.51516826582328       -140.39614799696361       -46.745380530657414        0.0000000000000000     

 PASSED   1.0000000000000001E-005
 MU_R    =    325.00000000000000     
 ALPHA_S =   0.11799999999999999     
 BORN                    7.2514100230595632E-012
 SINGLE POLE (MadFKS)   -4.6886641085778279E-013
 DOUBLE POLE (MadFKS)   -7.7170669520314163E-013
 SINGLE POLE (MadLoop)  -4.6886641085780268E-013
 DOUBLE POLE (MadLoop)  -7.7170669520314213E-013
 FINITE PART (MadLoop)   3.8341050390535708E-013
   325.00000000000000        0.0000000000000000        0.0000000000000000        325.00000000000000        0.0000000000000000     
   325.00000000000000        0.0000000000000000        0.0000000000000000       -325.00000000000000        0.0000000000000000     
   235.87398510504914       -158.59743040276356       -116.68636162109593       -129.87565180051396        0.0000000000000000     
   134.53577331648148       -71.397561288178323        81.829121875071337        79.411947193852583        0.0000000000000000     
   170.57793171017354        141.51949729186006        49.702717693760590       -11.466759449105815        80.419002445756163     
   109.01230986829583        88.475494399081867       -14.845477947735988        61.930464055767210        0.0000000000000000     

 PASSED   1.0000000000000001E-005
 MU_R    =    325.00000000000000     
 ALPHA_S =   0.11799999999999999     
 BORN                    2.9404478983688555E-010
 SINGLE POLE (MadFKS)   -8.8962129644973510E-011
 DOUBLE POLE (MadFKS)   -3.1292718558891141E-011
 SINGLE POLE (MadLoop)  -8.8962129644965083E-011
 DOUBLE POLE (MadLoop)  -3.1292718558889862E-011
 FINITE PART (MadLoop)  -5.2830353379437657E-011
   325.00000000000000        0.0000000000000000        0.0000000000000000        325.00000000000000        0.0000000000000000     
   325.00000000000000        0.0000000000000000        0.0000000000000000       -325.00000000000000        0.0000000000000000     
   155.63592562809211        113.34112391797584        28.076281974710103        102.89826706801061        0.0000000000000000     
   107.56936503904365        58.417637519206941       -90.105395418525561        6.2901222602368509        0.0000000000000000     
   188.64155783850737       -139.87874823209239        46.821159589217004        85.791236132325380        80.419002445756163     
   198.15315149435696       -31.880013205090485        15.207953854598459       -194.97962546057292        0.0000000000000000     

 PASSED   1.0000000000000001E-005
 MU_R    =    325.00000000000000     
 ALPHA_S =   0.11799999999999999     
 BORN                    2.6570393801068527E-010
 SINGLE POLE (MadFKS)   -3.7779469263918503E-011
 DOUBLE POLE (MadFKS)   -2.8276639612522164E-011
 SINGLE POLE (MadLoop)  -3.7779469263918341E-011
 DOUBLE POLE (MadLoop)  -2.8276639612522255E-011
 FINITE PART (MadLoop)   2.5177650990072804E-011
   325.00000000000000        0.0000000000000000        0.0000000000000000        325.00000000000000        0.0000000000000000     
   325.00000000000000        0.0000000000000000        0.0000000000000000       -325.00000000000000        0.0000000000000000     
   150.76097201305345       -102.10133090278484        39.689714334478168        103.58047830671676        0.0000000000000000     
   92.626014708082877        6.2044988206710752        90.806610377208827        17.182616415670466        0.0000000000000000     
   136.30305935087063       -41.736063026051454       -40.098299116013955        93.603074122191927        80.419002445756163     
   270.30995392799309        137.63289510816520       -90.398025595672934       -214.36616884457922        0.0000000000000000     

 PASSED   1.0000000000000001E-005
 MU_R    =    325.00000000000000     
 ALPHA_S =   0.11799999999999999     
 BORN                    4.7490309871854837E-012
 SINGLE POLE (MadFKS)   -1.2915550296867832E-013
 DOUBLE POLE (MadFKS)   -5.0539950118444980E-013
 SINGLE POLE (MadLoop)  -1.2915550296872482E-013
 DOUBLE POLE (MadLoop)  -5.0539950118444788E-013
 FINITE PART (MadLoop)  -2.1469190798460285E-012
   325.00000000000000        0.0000000000000000        0.0000000000000000        325.00000000000000        0.0000000000000000     
   325.00000000000000        0.0000000000000000        0.0000000000000000       -325.00000000000000        0.0000000000000000     
   77.964461025519753        36.112657831460332       -58.126378392391558        37.358496521302492        0.0000000000000000     
   158.92342427595312       -143.44151121421723       -3.3146533412218906       -68.338866813868975        0.0000000000000000     
   248.17220224446140        186.30330730993938        89.976809739267594       -110.98413132974119        80.419002445756163     
   164.93991245406573       -78.974453927182424       -28.535778005654198        141.96450162230772        0.0000000000000000     

 PASSED   1.0000000000000001E-005
 MU_R    =    325.00000000000000     
 ALPHA_S =   0.11799999999999999     
 BORN                    4.6609052723868620E-011
 SINGLE POLE (MadFKS)   -2.2652470970932177E-012
 DOUBLE POLE (MadFKS)   -4.9602102114906422E-012
 SINGLE POLE (MadLoop)  -2.2652470970933231E-012
 DOUBLE POLE (MadLoop)  -4.9602102114906309E-012
 FINITE PART (MadLoop)   1.0958975600774564E-011
   325.00000000000000        0.0000000000000000        0.0000000000000000        325.00000000000000        0.0000000000000000     
   325.00000000000000        0.0000000000000000        0.0000000000000000       -325.00000000000000        0.0000000000000000     
   67.768111082297409       -65.682081015557046       -1.0272602035576666        16.653103302465531        0.0000000000000000     
   128.04451742741301        92.479087571856951       -44.334235287197586        76.664805397230964        0.0000000000000000     
   275.92994210278391       0.26946157574992613        206.67122091118506       -164.18602508135217        80.419002445756163     
   178.25742938750565       -27.066468132049778       -161.30972542042966        70.868116381655668        0.0000000000000000     

 PASSED   1.0000000000000001E-005
 MU_R    =    325.00000000000000     
 ALPHA_S =   0.11799999999999999     
 BORN                    1.2180406904069586E-010
 SINGLE POLE (MadFKS)   -2.5547080625788095E-011
 DOUBLE POLE (MadFKS)   -1.2962584557041892E-011
 SINGLE POLE (MadLoop)  -2.5547080625787960E-011
 DOUBLE POLE (MadLoop)  -1.2962584557041967E-011
 FINITE PART (MadLoop)   3.2067937660984760E-013
   325.00000000000000        0.0000000000000000        0.0000000000000000        325.00000000000000        0.0000000000000000     
   325.00000000000000        0.0000000000000000        0.0000000000000000       -325.00000000000000        0.0000000000000000     
   257.53916232017230       -158.19036455019352       -67.440301619883456        191.71341739552832        0.0000000000000000     
   121.89668308110288        21.512416397663429        119.98252189414885      -0.46013783638016420        0.0000000000000000     
   156.82828215185893        79.665058306219223       -56.126410248691734       -92.904244714624241        80.419002445756163     
   113.73587244686588        57.012889846310877        3.5841899744263346       -98.349034844523956        0.0000000000000000     

 PASSED   1.0000000000000001E-005
 MU_R    =    325.00000000000000     
 ALPHA_S =   0.11799999999999999     
 BORN                    2.9363289069961134E-011
 SINGLE POLE (MadFKS)   -3.6419721697580944E-012
 DOUBLE POLE (MadFKS)   -3.1248883591488654E-012
 SINGLE POLE (MadLoop)  -3.6419721697581025E-012
 DOUBLE POLE (MadLoop)  -3.1248883591488477E-012
 FINITE PART (MadLoop)   5.8822689319817537E-012
   325.00000000000000        0.0000000000000000        0.0000000000000000        325.00000000000000        0.0000000000000000     
   325.00000000000000        0.0000000000000000        0.0000000000000000       -325.00000000000000        0.0000000000000000     
   84.582696980626267       -71.106151771089642        26.160443478848425        37.600252736028089        0.0000000000000000     
   118.19141450255020        115.76075227882330       -16.009049083573661        17.673965072791905        0.0000000000000000     
   207.29589543778866        7.6062893076929710        156.74486850075894        108.98423222022299        80.419002445756163     
   239.92999307903497       -52.260889815426623       -166.89626289603365       -164.25845002904299        0.0000000000000000     

 PASSED   1.0000000000000001E-005
 MU_R    =    325.00000000000000     
 ALPHA_S =   0.11799999999999999     
 BORN                    2.3364240160736555E-012
 SINGLE POLE (MadFKS)   -2.5627196636913105E-013
 DOUBLE POLE (MadFKS)   -2.4864599440712696E-013
 SINGLE POLE (MadLoop)  -2.5627196636916387E-013
 DOUBLE POLE (MadLoop)  -2.4864599440712181E-013
 FINITE PART (MadLoop)   3.0343993856594620E-013
   325.00000000000000        0.0000000000000000        0.0000000000000000        325.00000000000000        0.0000000000000000     
   325.00000000000000        0.0000000000000000        0.0000000000000000       -325.00000000000000        0.0000000000000000     
   64.325748257595166       -16.035429511854094       -47.725023188698756        40.037345702581632        0.0000000000000000     
   247.48733981874096        134.06806562918041        161.45219348093079        131.18279753535845        0.0000000000000000     
   276.59872124178901       -88.621659536512396       -165.67098375540681       -186.38391357821789        80.419002445756163     
   61.588190681874778       -29.410976580813955        51.943813463174735        15.163770340277798        0.0000000000000000     

 PASSED   1.0000000000000001E-005
 MU_R    =    325.00000000000000     
 ALPHA_S =   0.11799999999999999     
 BORN                    7.3842659784964316E-011
 SINGLE POLE (MadFKS)   -1.0406055774240326E-011
 DOUBLE POLE (MadFKS)   -7.8584543925184491E-012
 SINGLE POLE (MadLoop)  -1.0406055774240336E-011
 DOUBLE POLE (MadLoop)  -7.8584543925184733E-012
 FINITE PART (MadLoop)  -2.4655954247379890E-012
   325.00000000000000        0.0000000000000000        0.0000000000000000        325.00000000000000        0.0000000000000000     
   325.00000000000000        0.0000000000000000        0.0000000000000000       -325.00000000000000        0.0000000000000000     
   192.69648651613568        72.751591870491566        177.73010289649986        15.847785976982790        0.0000000000000000     
   119.03908655348816       -41.449998754067373        42.325896273636090        103.25076384903920        0.0000000000000000     
   120.58624071886209       -25.332502145437662       -74.778937905569734        42.897555607553635        80.419002445756163     
   217.67818621151409       -5.9690909709865219       -145.27706126456619       -161.99610543357565        0.0000000000000000     

 PASSED   1.0000000000000001E-005
 MU_R    =    325.00000000000000     
 ALPHA_S =   0.11799999999999999     
 BORN                    4.6953086882535460E-012
 SINGLE POLE (MadFKS)   -1.7845457937061526E-013
 DOUBLE POLE (MadFKS)   -4.9968228789273889E-013
 SINGLE POLE (MadLoop)  -1.7845457937087196E-013
 DOUBLE POLE (MadLoop)  -4.9968228789273959E-013
 FINITE PART (MadLoop)  -1.2750709643188396E-012
   325.00000000000000        0.0000000000000000        0.0000000000000000        325.00000000000000        0.0000000000000000     
   325.00000000000000        0.0000000000000000        0.0000000000000000       -325.00000000000000        0.0000000000000000     
   156.08808124942888        139.15044896359646        70.516476700979013        5.2979406412439420        0.0000000000000000     
   152.60162434296137        13.901076315134592       -150.31571023853945        22.342853105066091        0.0000000000000000     
   233.54473556218747       -167.71652162153961        52.889985902895830       -130.95703616379191        80.419002445756163     
   107.76555884542229        14.664996342808536        26.909247634664524        103.31624241748194        0.0000000000000000     

 PASSED   1.0000000000000001E-005
 MU_R    =    325.00000000000000     
 ALPHA_S =   0.11799999999999999     
 BORN                    1.6540221489587092E-010
 SINGLE POLE (MadFKS)   -4.5320022700716306E-012
 DOUBLE POLE (MadFKS)   -1.7602369226215238E-011
 SINGLE POLE (MadLoop)  -4.5320022700948070E-012
 DOUBLE POLE (MadLoop)  -1.7602369226215183E-011
 FINITE PART (MadLoop)   1.1472494219806722E-011
   325.00000000000000        0.0000000000000000        0.0000000000000000        325.00000000000000        0.0000000000000000     
   325.00000000000000        0.0000000000000000        0.0000000000000000       -325.00000000000000        0.0000000000000000     
   260.42802633994296        245.19655720299176       -19.360569730305020       -85.595406295174726        0.0000000000000000     
   46.245406118627407        2.0516767703722789        41.402230109733658       -20.500818311651823        0.0000000000000000     
   91.811553389120803       -26.346668881331659       -32.878962700453826       -13.673778993112313        80.419002445756163     
   251.51501415230882       -220.90156509203240        10.837302321025149        119.77000359993886        0.0000000000000000     

 PASSED   1.0000000000000001E-005
 MU_R    =    325.00000000000000     
 ALPHA_S =   0.11799999999999999     
 BORN                    1.3004443826620157E-011
 SINGLE POLE (MadFKS)   -3.2546177401119875E-013
 DOUBLE POLE (MadFKS)   -1.3839537878126552E-012
 SINGLE POLE (MadLoop)  -3.2546177401123192E-013
 DOUBLE POLE (MadLoop)  -1.3839537878126534E-012
 FINITE PART (MadLoop)  -6.6963277893545064E-013
   325.00000000000000        0.0000000000000000        0.0000000000000000        325.00000000000000        0.0000000000000000     
   325.00000000000000        0.0000000000000000        0.0000000000000000       -325.00000000000000        0.0000000000000000     
   78.733681495883104        17.185437275074289       -76.428865316179625       -7.8918878629215135        0.0000000000000000     
   228.54452670217697       -140.97866559834091       -12.769263008297395       -179.42843267960114        0.0000000000000000     
   157.72858796236642        128.88217933028983       -19.475378162097872        37.698607437804789        80.419002445756163     
   184.99320383957348       -5.0889510070232085        108.67350648657489        149.62171310471788        0.0000000000000000     

 PASSED   1.0000000000000001E-005
 MU_R    =    325.00000000000000     
 ALPHA_S =   0.11799999999999999     
 BORN                    6.9501483959797287E-012
 SINGLE POLE (MadFKS)   -3.8969823689769689E-013
 DOUBLE POLE (MadFKS)   -7.3964594923980564E-013
 SINGLE POLE (MadLoop)  -3.8969823689770305E-013
 DOUBLE POLE (MadLoop)  -7.3964594923980251E-013
 FINITE PART (MadLoop)   3.9603158968164094E-013
   325.00000000000000        0.0000000000000000        0.0000000000000000        325.00000000000000        0.0000000000000000     
   325.00000000000000        0.0000000000000000        0.0000000000000000       -325.00000000000000        0.0000000000000000     
   136.42801416609069        91.569206223108310        73.900376551031030        69.039248740037209        0.0000000000000000     
   192.86678616184429        114.39258397765471        83.607195886492178       -130.85018429987596        0.0000000000000000     
   221.30439062291447       -174.29769434400740       -108.53398358382304       -18.684365346416794        80.419002445756163     
   99.400809049150524       -31.664095856755665       -48.973588853700150        80.495300906255466        0.0000000000000000     

 PASSED   1.0000000000000001E-005
 MU_R    =    325.00000000000000     
 ALPHA_S =   0.11799999999999999     
 BORN                    5.2940700836344755E-012
 SINGLE POLE (MadFKS)   -5.7382618679870736E-013
 DOUBLE POLE (MadFKS)   -5.6340343676933766E-013
 SINGLE POLE (MadLoop)  -5.7382618680062890E-013
 DOUBLE POLE (MadLoop)  -5.6340343676933554E-013
 FINITE PART (MadLoop)  -2.5237617037049128E-012
   325.00000000000000        0.0000000000000000        0.0000000000000000        325.00000000000000        0.0000000000000000     
   325.00000000000000        0.0000000000000000        0.0000000000000000       -325.00000000000000        0.0000000000000000     
   203.77323833187410        103.43694441145648        119.69140990269115       -128.44569898048735        0.0000000000000000     
   136.79939845990560       -76.986107495033437       -26.577662807913217       -109.91288601171409        0.0000000000000000     
   242.29126683663961       -24.786667283830415       -27.227829439924736        225.57062853989706        80.419002445756163     
   67.136096371580706       -1.6641696325925648       -65.885917654853202        12.787956452304300        0.0000000000000000     

 PASSED   1.0000000000000001E-005
 MU_R    =    325.00000000000000     
 ALPHA_S =   0.11799999999999999     
 BORN                    2.8370978052237300E-012
 SINGLE POLE (MadFKS)   -3.3739679950384681E-013
 DOUBLE POLE (MadFKS)   -3.0192850277048894E-013
 SINGLE POLE (MadLoop)  -3.3739679950388109E-013
 DOUBLE POLE (MadLoop)  -3.0192850277049045E-013
 FINITE PART (MadLoop)  -6.5518030372550194E-013
   325.00000000000000        0.0000000000000000        0.0000000000000000        325.00000000000000        0.0000000000000000     
   325.00000000000000        0.0000000000000000        0.0000000000000000       -325.00000000000000        0.0000000000000000     
   212.49849794966872       -128.30197991668553        83.001489530474544       -147.66504771287703        0.0000000000000000     
   79.185292289970874        64.828614572481413       -45.446163649686184        1.4857513879227253        0.0000000000000000     
   234.41838187506218        68.922148062098344        76.313245086533456        194.70692832413758        80.419002445756163     
   123.89782788529818       -5.4487827178942432       -113.86857096732180       -48.527631999183271        0.0000000000000000     

 PASSED   1.0000000000000001E-005
 MU_R    =    325.00000000000000     
 ALPHA_S =   0.11799999999999999     
 BORN                    5.0438278090174608E-012
 SINGLE POLE (MadFKS)   -3.8025622874241150E-013
 DOUBLE POLE (MadFKS)   -5.3677225219548096E-013
 SINGLE POLE (MadLoop)  -3.8025622874241104E-013
 DOUBLE POLE (MadLoop)  -5.3677225219548096E-013
 FINITE PART (MadLoop)   2.9656530273441407E-013
   325.00000000000000        0.0000000000000000        0.0000000000000000        325.00000000000000        0.0000000000000000     
   325.00000000000000        0.0000000000000000        0.0000000000000000       -325.00000000000000        0.0000000000000000     
   89.204842607618616       -75.514811877763151       -29.288264539149662       -37.379335093081103        0.0000000000000000     
   127.34660431346863       -11.175854281719621        72.648960633344288        103.99224216324869        0.0000000000000000     
   221.58157165091114       -51.706942348996151       -198.31235444964435       -25.095400504346529        80.419002445756163     
   211.86698142800165        138.39760850847878        154.95165835544984       -41.517506565821108        0.0000000000000000     

 PASSED   1.0000000000000001E-005
 MU_R    =    325.00000000000000     
 ALPHA_S =   0.11799999999999999     
 BORN                    1.6837312272073798E-012
 SINGLE POLE (MadFKS)   -9.6371907522439683E-014
 DOUBLE POLE (MadFKS)   -1.7918538006078822E-013
 SINGLE POLE (MadLoop)  -9.6371907522439620E-014
 DOUBLE POLE (MadLoop)  -1.7918538006078807E-013
 FINITE PART (MadLoop)   4.1135427085637519E-013
   325.00000000000000        0.0000000000000000        0.0000000000000000        325.00000000000000        0.0000000000000000     
   325.00000000000000        0.0000000000000000        0.0000000000000000       -325.00000000000000        0.0000000000000000     
   108.76719002542167       -13.820858643040399       -15.711997955033912        106.73527351656661        0.0000000000000000     
   165.07228924449947        28.956566371179495        103.27463385395977       -125.47799784321437        0.0000000000000000     
   198.05774829811278       -177.49731309603322       -27.201970818608324       -22.680659907074670        80.419002445756163     
   178.10277243196603        162.36160536789413       -60.360665080317581        41.423384233722444        0.0000000000000000     

 PASSED   1.0000000000000001E-005
 MU_R    =    325.00000000000000     
 ALPHA_S =   0.11799999999999999     
 BORN                    6.8062908610469007E-012
 SINGLE POLE (MadFKS)   -2.0383271807109711E-012
 DOUBLE POLE (MadFKS)   -7.2433639944051810E-013
 SINGLE POLE (MadLoop)  -2.0383271807106496E-012
 DOUBLE POLE (MadLoop)  -7.2433639944054455E-013
 FINITE PART (MadLoop)  -1.4820936916441673E-012
   325.00000000000000        0.0000000000000000        0.0000000000000000        325.00000000000000        0.0000000000000000     
   325.00000000000000        0.0000000000000000        0.0000000000000000       -325.00000000000000        0.0000000000000000     
   75.132175033594521        8.4263030951455207        37.157571582111537       -64.754582969452287        0.0000000000000000     
   279.48549669531673        70.435059706197052        172.20692880263468        208.55651248421046        0.0000000000000000     
Thanks for using LHAPDF 6.2.1. Please make sure to cite the paper:
  Eur.Phys.J. C75 (2015) 3, 132  (http://arxiv.org/abs/1412.7420)
   262.47008270953194       -90.501697712422754       -203.27878417122031       -113.62441190262626        80.419002445756163     
   32.912245561556794        11.640334911080187       -6.0857162135258944       -30.177517612131890        0.0000000000000000     

 PASSED   1.0000000000000001E-005
 MU_R    =    325.00000000000000     
 ALPHA_S =   0.11799999999999999     
 BORN                    4.1862284615701270E-011
 SINGLE POLE (MadFKS)   -1.4382770138949903E-012
 DOUBLE POLE (MadFKS)   -4.4550515295238578E-012
 SINGLE POLE (MadLoop)  -1.4382770138879704E-012
 DOUBLE POLE (MadLoop)  -4.4550515295238586E-012
 FINITE PART (MadLoop)   4.6932365103236837E-012
   325.00000000000000        0.0000000000000000        0.0000000000000000        325.00000000000000        0.0000000000000000     
   325.00000000000000        0.0000000000000000        0.0000000000000000       -325.00000000000000        0.0000000000000000     
   106.91882904002624        53.894492673409800       -87.725931857733244        28.830201914979643        0.0000000000000000     
   176.16848630571201       -101.69239567204177       -136.51973232688351       -45.347049684878137        0.0000000000000000     
   106.09171981180376       -26.180649181789391       -12.979057639648468       -62.724434867621483        80.419002445756163     
   260.82096484245807        73.978552180421659        237.22472182426532        79.241282637520172        0.0000000000000000     

 NUMBER OF POINTS PASSING THE CHECK          20
 NUMBER OF POINTS FAILING THE CHECK           0
 TOLERANCE    1.0000000000000001E-005
