==== LHAPDF6 USING DEFAULT-TYPE LHAGLUE INTERFACE ====
LHAPDF 6.2.1 loading /cvmfs/cms.cern.ch/slc7_amd64_gcc700/external/lhapdf/6.2.1-pafccj3/share/LHAPDF/NNPDF31_nnlo_as_0118_nf_4_mc_hessian/NNPDF31_nnlo_as_0118_nf_4_mc_hessian_0000.dat
NNPDF31_nnlo_as_0118_nf_4_mc_hessian PDF set, member #0, version 1; LHAPDF ID = 325500
 A PDF is used, so alpha_s(MZ) is going to be modified
 Old value of alpha_s from param_card:   0.11799999999999999     
 New value of alpha_s from PDF lhapdf :  0.11266013434007299     
 *****************************************************
 *               MadGraph/MadEvent                   *
 *        --------------------------------           *
 *          http://madgraph.hep.uiuc.edu             *
 *          http://madgraph.phys.ucl.ac.be           *
 *          http://madgraph.roma2.infn.it            *
 *        --------------------------------           *
 *                                                   *
 *          PARAMETER AND COUPLING VALUES            *
 *                                                   *
 *****************************************************

  External Params
  ---------------------------------
  
 MU_R =    91.188000000000002     
 aEWM1 =    132.50700000000001     
 mdl_Gf =    1.1663900000000000E-005
 aS =   0.11799999999999999     
 mdl_ymb =    4.7000000000000002     
 mdl_ymt =    173.00000000000000     
 mdl_ymtau =    1.7769999999999999     
 mdl_MT =    173.00000000000000     
 mdl_MB =    4.7000000000000002     
 mdl_MZ =    91.188000000000002     
 mdl_MH =    125.00000000000000     
 mdl_MTA =    1.7769999999999999     
 mdl_WT =    1.4915000000000000     
 mdl_WZ =    2.4414039999999999     
 mdl_WW =    2.0476000000000001     
 mdl_WH =    6.3823389999999999E-003
  Internal Params
  ---------------------------------
  
 mdl_conjg__CKM3x3 =    1.0000000000000000     
 mdl_CKM22 =    1.0000000000000000     
 mdl_lhv =    1.0000000000000000     
 mdl_CKM3x3 =    1.0000000000000000     
 mdl_conjg__CKM22 =    1.0000000000000000     
 mdl_conjg__CKM33 =    1.0000000000000000     
 mdl_Ncol =    3.0000000000000000     
 mdl_CA =    3.0000000000000000     
 mdl_TF =   0.50000000000000000     
 mdl_CF =    1.3333333333333333     
 mdl_complexi =                (0.0000000000000000,1.0000000000000000)
 mdl_MZ__exp__2 =    8315.2513440000002     
 mdl_MZ__exp__4 =    69143404.913893804     
 mdl_sqrt__2 =    1.4142135623730951     
 mdl_MH__exp__2 =    15625.000000000000     
 mdl_Ncol__exp__2 =    9.0000000000000000     
 mdl_MB__exp__2 =    22.090000000000003     
 mdl_MT__exp__2 =    29929.000000000000     
 mdl_aEW =    7.5467711139788835E-003
 mdl_MW =    80.419002445756163     
 mdl_sqrt__aEW =    8.6872153846781555E-002
 mdl_ee =   0.30795376724436879     
 mdl_MW__exp__2 =    6467.2159543705357     
 mdl_sw2 =   0.22224648578577766     
 mdl_cw =   0.88190334743339216     
 mdl_sqrt__sw2 =   0.47143025548407230     
 mdl_sw =   0.47143025548407230     
 mdl_g1 =   0.34919219678733299     
 mdl_gw =   0.65323293034757990     
 mdl_v =    246.21845810181637     
 mdl_v__exp__2 =    60623.529110035903     
 mdl_lam =   0.12886910601690263     
 mdl_yb =    2.6995554250465490E-002
 mdl_yt =   0.99366614581500623     
 mdl_ytau =    1.0206617000654717E-002
 mdl_muH =    88.388347648318430     
 mdl_AxialZUp =  -0.18517701861793787     
 mdl_AxialZDown =   0.18517701861793787     
 mdl_VectorZUp =    7.5430507588273299E-002
 mdl_VectorZDown =  -0.13030376310310560     
 mdl_VectorAUp =   0.20530251149624587     
 mdl_VectorADown =  -0.10265125574812294     
 mdl_VectorWmDxU =   0.23095271737156670     
 mdl_AxialWmDxU =  -0.23095271737156670     
 mdl_VectorWpUxD =   0.23095271737156670     
 mdl_AxialWpUxD =  -0.23095271737156670     
 mdl_I1x33 =          (2.69955542504654901E-002,0.0000000000000000)
 mdl_I2x33 =               (0.99366614581500623,0.0000000000000000)
 mdl_I3x33 =               (0.99366614581500623,0.0000000000000000)
 mdl_I4x33 =          (2.69955542504654901E-002,0.0000000000000000)
 mdl_Vector_tbGp =              (-0.96667059156454072,0.0000000000000000)
 mdl_Axial_tbGp =              (-1.0206617000654716,-0.0000000000000000)
 mdl_Vector_tbGm =               (0.96667059156454072,0.0000000000000000)
 mdl_Axial_tbGm =              (-1.0206617000654716,-0.0000000000000000)
 mdl_gw__exp__2 =   0.42671326129048615     
 mdl_cw__exp__2 =   0.77775351421422245     
 mdl_ee__exp__2 =    9.4835522759998875E-002
 mdl_sw__exp__2 =   0.22224648578577769     
 mdl_yb__exp__2 =    7.2875994928982540E-004
 mdl_yt__exp__2 =   0.98737240933884918     
  Internal Params evaluated point by point
  ----------------------------------------
  
 mdl_sqrt__aS =   0.34351128074635334     
 mdl_G__exp__4 =    2.1987899468922913     
 mdl_G__exp__2 =    1.4828317324943823     
 mdl_R2MixedFactor_FIN_ =   -2.5040377713124864E-002
 mdl_G_UVg_1EPS_ =   -5.1645779033320030E-002
 mdl_G_UVq_1EPS_ =    3.1300472141406080E-003
 mdl_GWcft_UV_b_1EPS_ =   -3.1300472141406080E-003
 mdl_GWcft_UV_t_1EPS_ =   -3.1300472141406080E-003
 mdl_bWcft_UV_1EPS_ =   -1.8780283284843650E-002
 mdl_tWcft_UV_1EPS_ =   -1.8780283284843650E-002
 mdl_G__exp__3 =    1.8056676068262196     
 mdl_MU_R__exp__2 =    8315.2513440000002     
 mdl_G_UVb_FIN_ =    1.8563438626678915E-002
 mdl_G_UVt_FIN_ =   -4.0087659331150384E-003
 mdl_GWcft_UV_b_FIN_ =   -1.8563438626678915E-002
 mdl_GWcft_UV_t_FIN_ =    4.0087659331150384E-003
 mdl_bWcft_UV_FIN_ =  -0.13642100947319838     
 mdl_tWcft_UV_FIN_ =   -9.8778211443463623E-004
  Couplings of loop_sm
  ---------------------------------
  
      UV_GQQb =   0.00000E+00   0.22605E-01
      UV_GQQt =   0.00000E+00  -0.48815E-02
   UVWfct_G_2 =   0.40088E-02   0.00000E+00
   UVWfct_G_1 =  -0.18563E-01   0.00000E+00
       R2_DDA =   0.00000E+00   0.25704E-02
       R2_UUA =  -0.00000E+00  -0.51409E-02
    R2_UUZ_V2 =  -0.00000E+00  -0.72127E-02
    R2_UUZ_V5 =   0.00000E+00   0.68702E-03
      R2_sxcW =  -0.00000E+00  -0.11566E-01
      R2_GGHb =   0.00000E+00  -0.33698E-02
      R2_GGHt =   0.00000E+00  -0.45657E+01
     R2_GGZup =  -0.46369E-02   0.00000E+00
    R2_GGWWcs =   0.00000E+00   0.13356E-02
         GC_4 =  -0.12177E+01   0.00000E+00
         GC_5 =   0.00000E+00   0.12177E+01
       R2_GQQ =  -0.00000E+00  -0.30492E-01
       R2_QQq =   0.00000E+00   0.12520E-01
 UV_GQQg_1eps =   0.00000E+00  -0.62890E-01
 UV_GQQq_1eps =   0.00000E+00   0.38115E-02
 UVWfct_G_2_1eps -0.31300E-02   0.00000E+00
         GC_1 =  -0.00000E+00  -0.10265E+00
         GC_2 =   0.00000E+00   0.20530E+00
         GC_7 =   0.00000E+00   0.57609E+00
        GC_22 =   0.00000E+00   0.28804E+00
        GC_23 =  -0.00000E+00  -0.27437E-01
        GC_24 =   0.00000E+00   0.82310E-01
        GC_25 =   0.00000E+00   0.30795E+00
        GC_28 =   0.00000E+00   0.37035E+00
        GC_31 =   0.00000E+00   0.52532E+02
        GC_33 =  -0.00000E+00  -0.19089E-01
        GC_37 =  -0.00000E+00  -0.70263E+00
        GC_38 =  -0.00000E+00  -0.72172E-02
        GC_47 =   0.00000E+00   0.46191E+00

 Collider parameters:
 --------------------

 Running at P P   machine @    13000.000000000000       GeV
 PDF set = lhapdf 
 alpha_s(Mz)= 0.1127 running at 3 loops.
 alpha_s(Mz)= 0.1127 running at 3 loops.
 Renormalization scale set on event-by-event basis
 Factorization   scale set on event-by-event basis


 ===============================================================
 INFO: MadFKS read these parameters from FKS_params.dat
 ===============================================================
  > IRPoleCheckThreshold      =    1.0000000000000001E-005
  > PrecisionVirtualAtRunTime =    1.0000000000000000E-003
  > NHelForMCoverHels         =            4
  > VirtualFraction           =    1.0000000000000000     
  > MinVirtualFraction        =    5.0000000000000001E-003
 ===============================================================
  Insert the number of points to test
 Insert the relative tolerance
  A negative number will mean use the default one:    1.0000000000000001E-005
Using random seed offsets:     1 ,     10 ,      0
  with seed                   32
 Ranmar initialization seeds       10730        9416
  ========================================================================================== 
 {                                                                                          }
 {       [32m                                                                            [0m       }
 {       [32m                               ,,                                           [0m       }
 {       [32m`7MMM.     ,MMF'             `7MM  `7MMF'                                   [0m       }
 {       [32m  MMMb    dPMM                 MM    MM                                     [0m       }
 {       [32m  M YM   ,M MM   ,6"Yb.   ,M""bMM    MM         ,pW"Wq.   ,pW"Wq.`7MMpdMAo. [0m       }
 {       [32m  M  Mb  M' MM  8)   MM ,AP    MM    MM        6W'   `Wb 6W'   `Wb MM   `Wb [0m       }
 {       [32m  M  YM.P'  MM   ,pm9MM 8MI    MM    MM      , 8M     M8 8M     M8 MM    M8 [0m       }
 {       [32m  M  `YM'   MM  8M   MM `Mb    MM    MM     ,M YA.   ,A9 YA.   ,A9 MM   ,AP [0m       }
 {       [32m.JML. `'  .JMML.`Moo9^Yo.`Wbmd"MML..JMMmmmmMMM  `Ybmd9'   `Ybmd9'  MMbmmd'  [0m       }
 {       [32m                                                                   MM       [0m       }
 {       [32m                                                                 .JMML.     [0m       }
 {       [32m[0mv2.6.5 (2018-02-03), Ref: arXiv:1103.0621v2, arXiv:1405.0301[32m                [0m       }
 {       [32m                                                                            [0m       }
 {                                                                                          }
  ========================================================================================== 
 ===============================================================
 INFO: MadLoop read these parameters from ./MadLoop5_resources/MadLoopParams.dat                                                                                                                                                                                                                                                                                                                                                                                                                                                                                          
 ===============================================================
  > MLReductionLib            = 6|7|1
  > CTModeRun                 =           -1
  > MLStabThres               =    1.0000000000000000E-003
  > NRotations_DP             =            0
  > NRotations_QP             =            0
  > CTStabThres               =    1.0000000000000000E-002
  > CTLoopLibrary             =            2
  > CTModeInit                =            1
  > CheckCycle                =            3
  > MaxAttempts               =           10
  > UseLoopFilter             =  F
  > HelicityFilterLevel       =            2
  > ImprovePSPoint            =            2
  > DoubleCheckHelicityFilter =  T
  > LoopInitStartOver         =  F
  > HelInitStartOver          =  F
  > ZeroThres                 =    1.0000000000000001E-009
  > OSThres                   =    1.0000000000000000E-008
  > WriteOutFilters           =  T
  > UseQPIntegrandForNinja    =  T
  > UseQPIntegrandForCutTools =  T
  > IREGIMODE                 =            2
  > IREGIRECY                 =  T
  > COLLIERMode               =            1
  > COLLIERRequiredAccuracy   =    1.0000000000000000E-008
  > COLLIERCanOutput          =  F
  > COLLIERComputeUVpoles     =  T
  > COLLIERComputeIRpoles     =  T
  > COLLIERGlobalCache        =           -1
  > COLLIERUseCacheForPoles   =  F
  > COLLIERUseInternalStabilityTest =  T
 ===============================================================
  
------------------------------------------------------------------------
|              You are using CutTools - Version 1.9.3                  |
|              Authors: G. Ossola, C. Papadopoulos, R. Pittau          |
|              Published in JHEP 0803:042,2008                         |
|              http://www.ugr.es/~pittau/CutTools                      |
|                                                                      |
|              Compiler with  34  significant digits detetected        |
 ---------------------------------------------------------------------- 
   
########################################################################
#                                                                      #

  +----------------------------------------------------------------+
  |                                                                |
  |  Ninja - version 1.1.0                                         |
  |                                                                |
  |  Author: Tiziano Peraro                                        |
  |                                                                |
  |  Based on:                                                     |
  |                                                                |
  |      P. Mastrolia, E. Mirabella and T. Peraro,                 |
  |      "Integrand reduction of one-loop scattering amplitudes    |
  |      through Laurent series expansion,"                        |
  |      JHEP 1206 (2012) 095  [arXiv:1203.0291 [hep-ph]].         |
  |                                                                |
  |      T. Peraro,                                                |
  |      "Ninja: Automated Integrand Reduction via Laurent         |
  |      Expansion for One-Loop Amplitudes,"                       |
  |      Comput.Phys.Commun. 185 (2014) [arXiv:1403.1229 [hep-ph]] |
  |                                                                |
  +----------------------------------------------------------------+


#                      You are using OneLOop-3.6                       #
#                                                                      #
# for the evaluation of 1-loop scalar 1-, 2-, 3- and 4-point functions #
#                                                                      #
# author: Andreas van Hameren <hamerenREMOVETHIS@ifj.edu.pl>           #
#   date: 18-02-2015                                                   #
#                                                                      #
# Please cite                                                          #
#    A. van Hameren,                                                   #
#      Comput.Phys.Commun. 182 (2011) 2427-2438, arXiv:1007.4716       #
#    A. van Hameren, C.G. Papadopoulos and R. Pittau,                  #
#      JHEP 0909:106,2009, arXiv:0903.4665                             #
# in publications with results obtained with the help of this program. #
#                                                                      #
########################################################################
########################################################################
#                                                                      #
#                      You are using OneLOop-3.6                       #
#                                                                      #
# for the evaluation of 1-loop scalar 1-, 2-, 3- and 4-point functions #
#                                                                      #
# author: Andreas van Hameren <hamerenREMOVETHIS@ifj.edu.pl>           #
#   date: 18-02-2015                                                   #
#                                                                      #
# Please cite                                                          #
#    A. van Hameren,                                                   #
#      Comput.Phys.Commun. 182 (2011) 2427-2438, arXiv:1007.4716       #
#    A. van Hameren, C.G. Papadopoulos and R. Pittau,                  #
#      JHEP 0909:106,2009, arXiv:0903.4665                             #
# in publications with results obtained with the help of this program. #
#                                                                      #
########################################################################
 PASSED   1.0000000000000001E-005
 MU_R    =    325.00000000000000     
 ALPHA_S =   0.11799999999999999     
 BORN                    1.5049653765382200E-011
 SINGLE POLE (MadFKS)   -8.3881259832203699E-013
 DOUBLE POLE (MadFKS)   -1.6016083126319193E-012
 SINGLE POLE (MadLoop)  -8.3881259832198903E-013
 DOUBLE POLE (MadLoop)  -1.6016083126319207E-012
 FINITE PART (MadLoop)   9.7423436437835963E-013
   325.00000000000000        0.0000000000000000        0.0000000000000000        325.00000000000000        0.0000000000000000     
   325.00000000000000        0.0000000000000000        0.0000000000000000       -325.00000000000000        0.0000000000000000     
   138.49461850026094       -87.728072002527909        91.479000670968190       -55.794080720924967        1.7769999999999999     
   209.77404157148780        160.12220177870674        126.49646887158997        48.627897114663476        0.0000000000000000     
   107.72683363890681        23.257563883714436       -52.908301853959237        42.398726969325892        80.419002445756163     
   194.00450628934450       -95.651693659893269       -165.06716768859891       -35.232543363064394        0.0000000000000000     

 PASSED   1.0000000000000001E-005
 MU_R    =    325.00000000000000     
 ALPHA_S =   0.11799999999999999     
 BORN                    2.5074577156726686E-011
 SINGLE POLE (MadFKS)   -1.2565611149945052E-012
 DOUBLE POLE (MadFKS)   -2.6684767527556469E-012
 SINGLE POLE (MadLoop)  -1.2565611149938353E-012
 DOUBLE POLE (MadLoop)  -2.6684767527556530E-012
 FINITE PART (MadLoop)   1.1722643854251239E-012
   325.00000000000000        0.0000000000000000        0.0000000000000000        325.00000000000000        0.0000000000000000     
   325.00000000000000        0.0000000000000000        0.0000000000000000       -325.00000000000000        0.0000000000000000     
   69.153063699497139        27.129516959304521       -34.016920110712249       -53.719893389348194        1.7769999999999999     
   228.34012993941030        133.93548698574165        154.65948436676911        101.39499081337368        0.0000000000000000     
   104.56705310248280        9.9702811032593015        58.124930894264899       -31.450573022217640        80.419002445756163     
   247.93975325860981       -171.03528504830544       -178.76749515032174       -16.224524401807816        0.0000000000000000     

 PASSED   1.0000000000000001E-005
 MU_R    =    325.00000000000000     
 ALPHA_S =   0.11799999999999999     
 BORN                    2.0302582671462535E-011
 SINGLE POLE (MadFKS)   -1.2777945336100038E-012
 DOUBLE POLE (MadFKS)   -2.1606334392428035E-012
 SINGLE POLE (MadLoop)  -1.2777945336047766E-012
 DOUBLE POLE (MadLoop)  -2.1606334392428100E-012
 FINITE PART (MadLoop)   1.8226882421003015E-012
   325.00000000000000        0.0000000000000000        0.0000000000000000        325.00000000000000        0.0000000000000000     
   325.00000000000000        0.0000000000000000        0.0000000000000000       -325.00000000000000        0.0000000000000000     
   126.42288277973095        124.12112267268387        22.854317179382843        7.1564414393142135        1.7769999999999999     
   68.425081748251586       -39.626250045280067       -55.341677598440256       -7.0036305009724353        0.0000000000000000     
   205.98552760456226        35.751413192529867       -183.07302127056326       -34.189573933645796        80.419002445756163     
   249.16650786745524       -120.24628581993362        215.56038168962070        34.036762995304024        0.0000000000000000     

 PASSED   1.0000000000000001E-005
 MU_R    =    325.00000000000000     
 ALPHA_S =   0.11799999999999999     
 BORN                    5.3626513512696992E-012
 SINGLE POLE (MadFKS)   -6.3372455387228392E-013
 DOUBLE POLE (MadFKS)   -5.7070196536326903E-013
 SINGLE POLE (MadLoop)  -6.3372455387238328E-013
 DOUBLE POLE (MadLoop)  -5.7070196536327004E-013
 FINITE PART (MadLoop)   9.8266265084959092E-013
   325.00000000000000        0.0000000000000000        0.0000000000000000        325.00000000000000        0.0000000000000000     
   325.00000000000000        0.0000000000000000        0.0000000000000000       -325.00000000000000        0.0000000000000000     
   188.86001064588510        187.94464611017889        9.3753154566709593       -15.932964280740581        1.7769999999999999     
   152.20799209732499       -127.39581389857867        72.294115450201758       -41.365932005588157        0.0000000000000000     
   131.59105392647007        83.928456589474919       -47.278140322590318       -39.620463667840909        80.419002445756163     
   177.34094333031982       -144.47728880107508       -34.391290584282430        96.919359954169607        0.0000000000000000     

 PASSED   1.0000000000000001E-005
 MU_R    =    325.00000000000000     
 ALPHA_S =   0.11799999999999999     
 BORN                    2.8639699383700105E-009
 SINGLE POLE (MadFKS)   -1.9525784389249036E-010
 DOUBLE POLE (MadFKS)   -3.0478827831723497E-010
 SINGLE POLE (MadLoop)  -1.9525784389248040E-010
 DOUBLE POLE (MadLoop)  -3.0478827831724185E-010
 FINITE PART (MadLoop)  -1.1351660333593399E-010
   325.00000000000000        0.0000000000000000        0.0000000000000000        325.00000000000000        0.0000000000000000     
   325.00000000000000        0.0000000000000000        0.0000000000000000       -325.00000000000000        0.0000000000000000     
   123.86412282513696       -62.106233837255552       -105.43865276851895        19.096319413762249        1.7769999999999999     
   187.64749084710365        11.642636294036967       -180.61302667773558        49.547597677851066        0.0000000000000000     
   148.27261396839253        1.3187169348026113        102.30996240834078       -71.052689437481348        80.419002445756163     
   190.21577235936681        49.144880608415981        183.74171703791370        2.4087723458679244        0.0000000000000000     

 PASSED   1.0000000000000001E-005
 MU_R    =    325.00000000000000     
 ALPHA_S =   0.11799999999999999     
 BORN                    1.9693132950459489E-011
 SINGLE POLE (MadFKS)   -4.2553361170372146E-012
 DOUBLE POLE (MadFKS)   -2.0957748215957354E-012
 SINGLE POLE (MadLoop)  -4.2553361170370409E-012
 DOUBLE POLE (MadLoop)  -2.0957748215956889E-012
 FINITE PART (MadLoop)  -1.3795600864507106E-013
   325.00000000000000        0.0000000000000000        0.0000000000000000        325.00000000000000        0.0000000000000000     
   325.00000000000000        0.0000000000000000        0.0000000000000000       -325.00000000000000        0.0000000000000000     
   211.09319279079975        1.5394176407755087       -124.56494764467831       -170.40652078256750        1.7769999999999999     
   175.88779714900667       -133.15806493839995        114.78332228907864        5.4987136743497977        0.0000000000000000     
   226.06311036368234        158.23350928872429        3.9395849371245442        139.94266726638568        80.419002445756163     
   36.955899696511274       -26.614861991099634        5.8420404184750838        24.965139841831981        0.0000000000000000     

 PASSED   1.0000000000000001E-005
 MU_R    =    325.00000000000000     
 ALPHA_S =   0.11799999999999999     
 BORN                    1.3647206149573644E-010
 SINGLE POLE (MadFKS)   -7.8425238169343195E-012
 DOUBLE POLE (MadFKS)   -1.4523575860353690E-011
 SINGLE POLE (MadLoop)  -7.8425238166323776E-012
 DOUBLE POLE (MadLoop)  -1.4523575860355634E-011
 FINITE PART (MadLoop)   1.8585127475458778E-011
   325.00000000000000        0.0000000000000000        0.0000000000000000        325.00000000000000        0.0000000000000000     
   325.00000000000000        0.0000000000000000        0.0000000000000000       -325.00000000000000        0.0000000000000000     
   201.25583238417508        173.47545580225903       -69.184820977619978       -74.969854742691950        1.7769999999999999     
   80.499421903574131        67.406756499109264       -43.981799625639617       -1.4447860635786560        0.0000000000000000     
   92.403960552473052       -2.6847236840735764       -21.144379072753871        40.211732911929104        80.419002445756163     
   275.84078515977768       -238.19748861729479        134.31099967601347        36.202907894341514        0.0000000000000000     

 PASSED   1.0000000000000001E-005
 MU_R    =    325.00000000000000     
 ALPHA_S =   0.11799999999999999     
 BORN                    1.1642528866306749E-010
 SINGLE POLE (MadFKS)   -9.1046287440955067E-012
 DOUBLE POLE (MadFKS)   -1.2390166114801916E-011
 SINGLE POLE (MadLoop)  -9.1046287441183139E-012
 DOUBLE POLE (MadLoop)  -1.2390166114806841E-011
 FINITE PART (MadLoop)   6.0466954898964669E-012
   325.00000000000000        0.0000000000000000        0.0000000000000000        325.00000000000000        0.0000000000000000     
   325.00000000000000        0.0000000000000000        0.0000000000000000       -325.00000000000000        0.0000000000000000     
   117.57257865659746        98.052308717168017        62.972476692344429       -15.503723985775583        1.7769999999999999     
   100.78712949016800        16.317006085914105        63.505885649057234       -76.542819853915788        0.0000000000000000     
   316.64081201915252       -197.99735174167159       -199.98790615088305        120.81421265086358        80.419002445756163     
   114.99947983408209        83.628036938589489        73.509543809481514       -28.767668811172165        0.0000000000000000     

 PASSED   1.0000000000000001E-005
 MU_R    =    325.00000000000000     
 ALPHA_S =   0.11799999999999999     
 BORN                    5.7296379919245389E-012
 SINGLE POLE (MadFKS)   -8.8075839024624938E-013
 DOUBLE POLE (MadFKS)   -6.0975727277835803E-013
 SINGLE POLE (MadLoop)  -8.8075839024647132E-013
 DOUBLE POLE (MadLoop)  -6.0975727277835853E-013
 FINITE PART (MadLoop)   8.6815679816882557E-013
   325.00000000000000        0.0000000000000000        0.0000000000000000        325.00000000000000        0.0000000000000000     
   325.00000000000000        0.0000000000000000        0.0000000000000000       -325.00000000000000        0.0000000000000000     
   203.33882963753342       -114.89476403111402       -43.186949084848727       -162.10367835536346        1.7769999999999999     
   173.17585063738943        156.78237424654236        31.061486550617843        66.665931500777305        0.0000000000000000     
   135.89748390611120       -72.706688376995075       -81.942862129285785      -0.12242937807468825        80.419002445756163     
   137.58783581896597        30.819078161566690        94.068324663516691        95.560176232660865        0.0000000000000000     

 PASSED   1.0000000000000001E-005
 MU_R    =    325.00000000000000     
 ALPHA_S =   0.11799999999999999     
 BORN                    6.2866571313422080E-012
 SINGLE POLE (MadFKS)   -5.1057633801636794E-013
 DOUBLE POLE (MadFKS)   -6.6903614376730540E-013
 SINGLE POLE (MadLoop)  -5.1057633801636420E-013
 DOUBLE POLE (MadLoop)  -6.6903614376730540E-013
 FINITE PART (MadLoop)   5.0331155986587646E-013
   325.00000000000000        0.0000000000000000        0.0000000000000000        325.00000000000000        0.0000000000000000     
   325.00000000000000        0.0000000000000000        0.0000000000000000       -325.00000000000000        0.0000000000000000     
   143.91447326421343       -15.465622606742292       -128.67554240867295       -62.543082664157517        1.7769999999999999     
   177.38819330025146        160.82859759308624        46.054453304755910        58.989157049144147        0.0000000000000000     
   144.51044071296366       -78.593798359753478       -85.802931834726238       -29.612890244557033        80.419002445756163     
   184.18689272257140       -66.769176626590493        168.42402093864328        33.166815859570391        0.0000000000000000     

 PASSED   1.0000000000000001E-005
 MU_R    =    325.00000000000000     
 ALPHA_S =   0.11799999999999999     
 BORN                    3.0943253431125023E-009
 SINGLE POLE (MadFKS)   -6.2672930269747625E-010
 DOUBLE POLE (MadFKS)   -3.2930307027503499E-010
 SINGLE POLE (MadLoop)  -6.2672930269815516E-010
 DOUBLE POLE (MadLoop)  -3.2930307027465883E-010
 FINITE PART (MadLoop)   3.6202271825761608E-010
   325.00000000000000        0.0000000000000000        0.0000000000000000        325.00000000000000        0.0000000000000000     
   325.00000000000000        0.0000000000000000        0.0000000000000000       -325.00000000000000        0.0000000000000000     
   92.248569279170383       -45.840439931591604        26.994750997065051       -75.343070620585223        1.7769999999999999     
   69.343147584099725        50.197772046195581       -23.667957989822895       -41.575035334445587        0.0000000000000000     
   199.12453127147680        91.457592434153497        37.978248183041366       -152.89383392017604        80.419002445756163     
   289.28375186525318       -95.814924548757531       -41.305041190283475        269.81193987520686        0.0000000000000000     

 PASSED   1.0000000000000001E-005
 MU_R    =    325.00000000000000     
 ALPHA_S =   0.11799999999999999     
 BORN                    3.1702083442026713E-011
 SINGLE POLE (MadFKS)   -1.6886480537951319E-012
 DOUBLE POLE (MadFKS)   -3.3737866106457397E-012
 SINGLE POLE (MadLoop)  -1.6886480537952482E-012
 DOUBLE POLE (MadLoop)  -3.3737866106458439E-012
 FINITE PART (MadLoop)   5.0035228926762821E-013
   325.00000000000000        0.0000000000000000        0.0000000000000000        325.00000000000000        0.0000000000000000     
   325.00000000000000        0.0000000000000000        0.0000000000000000       -325.00000000000000        0.0000000000000000     
   37.890898355823303        37.036454396199588       -7.7048928752126571        1.2239774307796796        1.7769999999999999     
   308.45595750550143       -215.69827351215113       -17.169246936926204        219.82845467348363        0.0000000000000000     
   206.93773591672175        131.09491914022468        20.223406158872198       -136.97133499721625        80.419002445756163     
   96.715408221953524        47.566899975726948        4.6507336532666628       -84.081097107047057        0.0000000000000000     

 PASSED   1.0000000000000001E-005
 MU_R    =    325.00000000000000     
 ALPHA_S =   0.11799999999999999     
 BORN                    4.3792039331071548E-012
 SINGLE POLE (MadFKS)   -9.5373974583604188E-014
 DOUBLE POLE (MadFKS)   -4.6604191241317188E-013
 SINGLE POLE (MadLoop)  -9.5373974584321243E-014
 DOUBLE POLE (MadLoop)  -4.6604191241316986E-013
 FINITE PART (MadLoop)  -8.1776501867321802E-013
   325.00000000000000        0.0000000000000000        0.0000000000000000        325.00000000000000        0.0000000000000000     
   325.00000000000000        0.0000000000000000        0.0000000000000000       -325.00000000000000        0.0000000000000000     
   95.017492166039744       -74.821784535914759       -57.655769163193163       -10.133061214911994        1.7769999999999999     
   186.74306571449887        17.131136542578652        120.40170309157561        141.71424291812471        0.0000000000000000     
   181.74909804450715        154.16056705521845       -45.460984194937694        27.080198796583275        80.419002445756163     
   186.49034407495429       -96.469919061882294       -17.284949733444769       -158.66138049979591        0.0000000000000000     

 PASSED   1.0000000000000001E-005
 MU_R    =    325.00000000000000     
 ALPHA_S =   0.11799999999999999     
 BORN                    1.9069758951447477E-010
 SINGLE POLE (MadFKS)   -1.2514911771128468E-011
 DOUBLE POLE (MadFKS)   -2.0294343599305774E-011
 SINGLE POLE (MadLoop)  -1.2514911771127958E-011
 DOUBLE POLE (MadLoop)  -2.0294343599305971E-011
 FINITE PART (MadLoop)   1.2847373773045852E-011
   325.00000000000000        0.0000000000000000        0.0000000000000000        325.00000000000000        0.0000000000000000     
   325.00000000000000        0.0000000000000000        0.0000000000000000       -325.00000000000000        0.0000000000000000     
   51.177103039262931       -39.882736884492424       -10.153735053811255       -30.367863104780472        1.7769999999999999     
   200.78969138586879       -58.678648857418764        191.69706783090786       -11.204932848191504        0.0000000000000000     
   122.96367966319245       -89.462719723964014        8.1743235936338809       -24.134058409635465        80.419002445756163     
   275.06952591167573        188.02410546587521       -189.71765637073048        65.706854362607501        0.0000000000000000     

 PASSED   1.0000000000000001E-005
 MU_R    =    325.00000000000000     
 ALPHA_S =   0.11799999999999999     
 BORN                    7.8814648579773841E-009
 SINGLE POLE (MadFKS)   -5.4520236260685009E-010
 DOUBLE POLE (MadFKS)   -8.3875814215001322E-010
 SINGLE POLE (MadLoop)  -5.4520236260690510E-010
 DOUBLE POLE (MadLoop)  -8.3875814214997238E-010
 FINITE PART (MadLoop)   7.5473501842793783E-010
   325.00000000000000        0.0000000000000000        0.0000000000000000        325.00000000000000        0.0000000000000000     
   325.00000000000000        0.0000000000000000        0.0000000000000000       -325.00000000000000        0.0000000000000000     
   173.52729379744443       -135.36730175632593       -103.00047101413119        34.280614780711097        1.7769999999999999     
   61.103947001710019       -58.839940025081653        8.7683658748936324        13.952403266698594        0.0000000000000000     
   164.60542145093629        35.648849112498304       -91.662699120562323       -104.66536181353125        80.419002445756163     
   250.76333774990923        158.55839266890925        185.89480425979991        56.432343766121519        0.0000000000000000     

 PASSED   1.0000000000000001E-005
 MU_R    =    325.00000000000000     
 ALPHA_S =   0.11799999999999999     
 BORN                    4.5967206175648234E-012
 SINGLE POLE (MadFKS)   -2.5423569046309638E-013
 DOUBLE POLE (MadFKS)   -4.8919038714851002E-013
 SINGLE POLE (MadLoop)  -2.5423569046307548E-013
 DOUBLE POLE (MadLoop)  -4.8919038714850860E-013
 FINITE PART (MadLoop)   6.3334276206092783E-013
   325.00000000000000        0.0000000000000000        0.0000000000000000        325.00000000000000        0.0000000000000000     
   325.00000000000000        0.0000000000000000        0.0000000000000000       -325.00000000000000        0.0000000000000000     
   203.68006499614316       -39.036441000974236       -161.29890296803140       -118.07299150576378        1.7769999999999999     
   132.45306927808980        42.413096155267013       -63.289235672335998        108.34859243996688        0.0000000000000000     
   127.41405826231637        63.178650068686018        55.583904467090441        51.826769416917166        80.419002445756163     
   186.45280746345065       -66.555305222978788        169.00423417327696       -42.102370351120278        0.0000000000000000     

 PASSED   1.0000000000000001E-005
 MU_R    =    325.00000000000000     
 ALPHA_S =   0.11799999999999999     
 BORN                    2.3742777887308807E-010
 SINGLE POLE (MadFKS)   -8.6096709111233470E-012
 DOUBLE POLE (MadFKS)   -2.5267445365924255E-011
 SINGLE POLE (MadLoop)  -8.6096709111232307E-012
 DOUBLE POLE (MadLoop)  -2.5267445365924249E-011
 FINITE PART (MadLoop)   3.7092863579908491E-011
   325.00000000000000        0.0000000000000000        0.0000000000000000        325.00000000000000        0.0000000000000000     
   325.00000000000000        0.0000000000000000        0.0000000000000000       -325.00000000000000        0.0000000000000000     
   62.934626560788743        49.390007506247422        17.318417234268704       -34.904284470227246        1.7769999999999999     
   118.03128549666700       -77.330575815300264        76.327107774854014       -46.103568395468393        0.0000000000000000     
   225.10709363557328       -5.7178663605726303        133.99571785233226        161.92109576026536        80.419002445756163     
   243.92699430697095        33.658434669625450       -227.64124286145494       -80.913242894569734        0.0000000000000000     

 PASSED   1.0000000000000001E-005
 MU_R    =    325.00000000000000     
 ALPHA_S =   0.11799999999999999     
 BORN                    1.3166969089995624E-011
 SINGLE POLE (MadFKS)   -3.1282771142144627E-012
 DOUBLE POLE (MadFKS)   -1.4012499872397543E-012
 SINGLE POLE (MadLoop)  -3.1282771139669519E-012
 DOUBLE POLE (MadLoop)  -1.4012499872939417E-012
 FINITE PART (MadLoop)   5.2012991871987786E-013
   325.00000000000000        0.0000000000000000        0.0000000000000000        325.00000000000000        0.0000000000000000     
   325.00000000000000        0.0000000000000000        0.0000000000000000       -325.00000000000000        0.0000000000000000     
   288.44550825233523        121.73444006014765       -51.409720606164797       -256.38919679344218        1.7769999999999999     
   154.05461823343182       -108.38799600054588        58.486464921673360        92.542969171082632        0.0000000000000000     
   128.50271515165591       -19.775152383285818        29.022377249042986        93.874260657589971        80.419002445756163     
   78.997158362577039        6.4287083236841340       -36.099121564551552        69.971966964769578        0.0000000000000000     

 PASSED   1.0000000000000001E-005
 MU_R    =    325.00000000000000     
 ALPHA_S =   0.11799999999999999     
 BORN                    4.9067387277471522E-010
 SINGLE POLE (MadFKS)   -6.3646927313658950E-011
 DOUBLE POLE (MadFKS)   -5.2218301210022744E-011
 SINGLE POLE (MadLoop)  -6.3646927313654104E-011
 DOUBLE POLE (MadLoop)  -5.2218301210019862E-011
 FINITE PART (MadLoop)   6.8359915287439440E-011
   325.00000000000000        0.0000000000000000        0.0000000000000000        325.00000000000000        0.0000000000000000     
   325.00000000000000        0.0000000000000000        0.0000000000000000       -325.00000000000000        0.0000000000000000     
   112.97567319818593       -90.049413532909199        45.347503826065079       -50.941653140700325        1.7769999999999999     
   94.296215765678852        3.4227005441838938        13.175565160937538       -93.308445016526804        0.0000000000000000     
Thanks for using LHAPDF 6.2.1. Please make sure to cite the paper:
  Eur.Phys.J. C75 (2015) 3, 132  (http://arxiv.org/abs/1412.7420)
   203.08550173385080        159.66932037152108        92.525056686978360       -26.857532970982124        80.419002445756163     
   239.64260930228437       -73.042607382795808       -151.04812567398096        171.10763112820925        0.0000000000000000     

 PASSED   1.0000000000000001E-005
 MU_R    =    325.00000000000000     
 ALPHA_S =   0.11799999999999999     
 BORN                    5.2292758516806894E-012
 SINGLE POLE (MadFKS)   -3.8985727962808099E-013
 DOUBLE POLE (MadFKS)   -5.5650793059188052E-013
 SINGLE POLE (MadLoop)  -3.8985727962806579E-013
 DOUBLE POLE (MadLoop)  -5.5650793059188153E-013
 FINITE PART (MadLoop)  -8.2449590586486971E-013
   325.00000000000000        0.0000000000000000        0.0000000000000000        325.00000000000000        0.0000000000000000     
   325.00000000000000        0.0000000000000000        0.0000000000000000       -325.00000000000000        0.0000000000000000     
   107.28708336214630       -92.665521541237240        3.9106272425393862       -53.899616319752511        1.7769999999999999     
   253.52954595521271        15.397690857282175       -188.64155585442847        168.68463235677535        0.0000000000000000     
   201.46806632857721        7.2092565137060998        173.41234560646438       -63.232513848408779        80.419002445756163     
   87.715304354063690        70.058574170248974        11.318583005424749       -51.552502188614120        0.0000000000000000     

 NUMBER OF POINTS PASSING THE CHECK          20
 NUMBER OF POINTS FAILING THE CHECK           0
 TOLERANCE    1.0000000000000001E-005
