==== LHAPDF6 USING DEFAULT-TYPE LHAGLUE INTERFACE ====
LHAPDF 6.2.1 loading /cvmfs/cms.cern.ch/slc7_amd64_gcc700/external/lhapdf/6.2.1-pafccj3/share/LHAPDF/NNPDF31_nnlo_as_0118_nf_4_mc_hessian/NNPDF31_nnlo_as_0118_nf_4_mc_hessian_0000.dat
NNPDF31_nnlo_as_0118_nf_4_mc_hessian PDF set, member #0, version 1; LHAPDF ID = 325500
 A PDF is used, so alpha_s(MZ) is going to be modified
 Old value of alpha_s from param_card:   0.11799999999999999     
 New value of alpha_s from PDF lhapdf :  0.11266013434007299     
 *****************************************************
 *               MadGraph/MadEvent                   *
 *        --------------------------------           *
 *          http://madgraph.hep.uiuc.edu             *
 *          http://madgraph.phys.ucl.ac.be           *
 *          http://madgraph.roma2.infn.it            *
 *        --------------------------------           *
 *                                                   *
 *          PARAMETER AND COUPLING VALUES            *
 *                                                   *
 *****************************************************

  External Params
  ---------------------------------
  
 MU_R =    91.188000000000002     
 aEWM1 =    132.50700000000001     
 mdl_Gf =    1.1663900000000000E-005
 aS =   0.11799999999999999     
 mdl_ymb =    4.7000000000000002     
 mdl_ymt =    173.00000000000000     
 mdl_ymtau =    1.7769999999999999     
 mdl_MT =    173.00000000000000     
 mdl_MB =    4.7000000000000002     
 mdl_MZ =    91.188000000000002     
 mdl_MH =    125.00000000000000     
 mdl_MTA =    1.7769999999999999     
 mdl_WT =    1.4915000000000000     
 mdl_WZ =    2.4414039999999999     
 mdl_WW =    2.0476000000000001     
 mdl_WH =    6.3823389999999999E-003
  Internal Params
  ---------------------------------
  
 mdl_conjg__CKM3x3 =    1.0000000000000000     
 mdl_CKM22 =    1.0000000000000000     
 mdl_lhv =    1.0000000000000000     
 mdl_CKM3x3 =    1.0000000000000000     
 mdl_conjg__CKM22 =    1.0000000000000000     
 mdl_conjg__CKM33 =    1.0000000000000000     
 mdl_Ncol =    3.0000000000000000     
 mdl_CA =    3.0000000000000000     
 mdl_TF =   0.50000000000000000     
 mdl_CF =    1.3333333333333333     
 mdl_complexi =                (0.0000000000000000,1.0000000000000000)
 mdl_MZ__exp__2 =    8315.2513440000002     
 mdl_MZ__exp__4 =    69143404.913893804     
 mdl_sqrt__2 =    1.4142135623730951     
 mdl_MH__exp__2 =    15625.000000000000     
 mdl_Ncol__exp__2 =    9.0000000000000000     
 mdl_MB__exp__2 =    22.090000000000003     
 mdl_MT__exp__2 =    29929.000000000000     
 mdl_aEW =    7.5467711139788835E-003
 mdl_MW =    80.419002445756163     
 mdl_sqrt__aEW =    8.6872153846781555E-002
 mdl_ee =   0.30795376724436879     
 mdl_MW__exp__2 =    6467.2159543705357     
 mdl_sw2 =   0.22224648578577766     
 mdl_cw =   0.88190334743339216     
 mdl_sqrt__sw2 =   0.47143025548407230     
 mdl_sw =   0.47143025548407230     
 mdl_g1 =   0.34919219678733299     
 mdl_gw =   0.65323293034757990     
 mdl_v =    246.21845810181637     
 mdl_v__exp__2 =    60623.529110035903     
 mdl_lam =   0.12886910601690263     
 mdl_yb =    2.6995554250465490E-002
 mdl_yt =   0.99366614581500623     
 mdl_ytau =    1.0206617000654717E-002
 mdl_muH =    88.388347648318430     
 mdl_AxialZUp =  -0.18517701861793787     
 mdl_AxialZDown =   0.18517701861793787     
 mdl_VectorZUp =    7.5430507588273299E-002
 mdl_VectorZDown =  -0.13030376310310560     
 mdl_VectorAUp =   0.20530251149624587     
 mdl_VectorADown =  -0.10265125574812294     
 mdl_VectorWmDxU =   0.23095271737156670     
 mdl_AxialWmDxU =  -0.23095271737156670     
 mdl_VectorWpUxD =   0.23095271737156670     
 mdl_AxialWpUxD =  -0.23095271737156670     
 mdl_I1x33 =          (2.69955542504654901E-002,0.0000000000000000)
 mdl_I2x33 =               (0.99366614581500623,0.0000000000000000)
 mdl_I3x33 =               (0.99366614581500623,0.0000000000000000)
 mdl_I4x33 =          (2.69955542504654901E-002,0.0000000000000000)
 mdl_Vector_tbGp =              (-0.96667059156454072,0.0000000000000000)
 mdl_Axial_tbGp =              (-1.0206617000654716,-0.0000000000000000)
 mdl_Vector_tbGm =               (0.96667059156454072,0.0000000000000000)
 mdl_Axial_tbGm =              (-1.0206617000654716,-0.0000000000000000)
 mdl_gw__exp__2 =   0.42671326129048615     
 mdl_cw__exp__2 =   0.77775351421422245     
 mdl_ee__exp__2 =    9.4835522759998875E-002
 mdl_sw__exp__2 =   0.22224648578577769     
 mdl_yb__exp__2 =    7.2875994928982540E-004
 mdl_yt__exp__2 =   0.98737240933884918     
  Internal Params evaluated point by point
  ----------------------------------------
  
 mdl_sqrt__aS =   0.34351128074635334     
 mdl_G__exp__4 =    2.1987899468922913     
 mdl_G__exp__2 =    1.4828317324943823     
 mdl_R2MixedFactor_FIN_ =   -2.5040377713124864E-002
 mdl_G_UVg_1EPS_ =   -5.1645779033320030E-002
 mdl_G_UVq_1EPS_ =    3.1300472141406080E-003
 mdl_GWcft_UV_b_1EPS_ =   -3.1300472141406080E-003
 mdl_GWcft_UV_t_1EPS_ =   -3.1300472141406080E-003
 mdl_bWcft_UV_1EPS_ =   -1.8780283284843650E-002
 mdl_tWcft_UV_1EPS_ =   -1.8780283284843650E-002
 mdl_G__exp__3 =    1.8056676068262196     
 mdl_MU_R__exp__2 =    8315.2513440000002     
 mdl_G_UVb_FIN_ =    1.8563438626678915E-002
 mdl_G_UVt_FIN_ =   -4.0087659331150384E-003
 mdl_GWcft_UV_b_FIN_ =   -1.8563438626678915E-002
 mdl_GWcft_UV_t_FIN_ =    4.0087659331150384E-003
 mdl_bWcft_UV_FIN_ =  -0.13642100947319838     
 mdl_tWcft_UV_FIN_ =   -9.8778211443463623E-004
  Couplings of loop_sm
  ---------------------------------
  
      UV_GQQb =   0.00000E+00   0.22605E-01
      UV_GQQt =   0.00000E+00  -0.48815E-02
   UVWfct_G_2 =   0.40088E-02   0.00000E+00
   UVWfct_G_1 =  -0.18563E-01   0.00000E+00
       R2_DDA =   0.00000E+00   0.25704E-02
       R2_UUA =  -0.00000E+00  -0.51409E-02
    R2_UUZ_V2 =  -0.00000E+00  -0.72127E-02
    R2_UUZ_V5 =   0.00000E+00   0.68702E-03
      R2_sxcW =  -0.00000E+00  -0.11566E-01
      R2_GGHb =   0.00000E+00  -0.33698E-02
      R2_GGHt =   0.00000E+00  -0.45657E+01
     R2_GGZup =  -0.46369E-02   0.00000E+00
    R2_GGWWcs =   0.00000E+00   0.13356E-02
         GC_4 =  -0.12177E+01   0.00000E+00
         GC_5 =   0.00000E+00   0.12177E+01
       R2_GQQ =  -0.00000E+00  -0.30492E-01
       R2_QQq =   0.00000E+00   0.12520E-01
 UV_GQQg_1eps =   0.00000E+00  -0.62890E-01
 UV_GQQq_1eps =   0.00000E+00   0.38115E-02
 UVWfct_G_2_1eps -0.31300E-02   0.00000E+00
         GC_1 =  -0.00000E+00  -0.10265E+00
         GC_2 =   0.00000E+00   0.20530E+00
         GC_7 =   0.00000E+00   0.57609E+00
        GC_22 =   0.00000E+00   0.28804E+00
        GC_23 =  -0.00000E+00  -0.27437E-01
        GC_24 =   0.00000E+00   0.82310E-01
        GC_25 =   0.00000E+00   0.30795E+00
        GC_28 =   0.00000E+00   0.37035E+00
        GC_31 =   0.00000E+00   0.52532E+02
        GC_33 =  -0.00000E+00  -0.19089E-01
        GC_37 =  -0.00000E+00  -0.70263E+00
        GC_38 =  -0.00000E+00  -0.72172E-02
        GC_47 =   0.00000E+00   0.46191E+00

 Collider parameters:
 --------------------

 Running at P P   machine @    13000.000000000000       GeV
 PDF set = lhapdf 
 alpha_s(Mz)= 0.1127 running at 3 loops.
 alpha_s(Mz)= 0.1127 running at 3 loops.
 Renormalization scale set on event-by-event basis
 Factorization   scale set on event-by-event basis


 ===============================================================
 INFO: MadFKS read these parameters from FKS_params.dat
 ===============================================================
  > IRPoleCheckThreshold      =    1.0000000000000001E-005
  > PrecisionVirtualAtRunTime =    1.0000000000000000E-003
  > NHelForMCoverHels         =            4
  > VirtualFraction           =    1.0000000000000000     
  > MinVirtualFraction        =    5.0000000000000001E-003
 ===============================================================
  Insert the number of points to test
 Insert the relative tolerance
  A negative number will mean use the default one:    1.0000000000000001E-005
Using random seed offsets:     1 ,     41 ,      0
  with seed                   32
 Ranmar initialization seeds       10730        9447
  ========================================================================================== 
 {                                                                                          }
 {       [32m                                                                            [0m       }
 {       [32m                               ,,                                           [0m       }
 {       [32m`7MMM.     ,MMF'             `7MM  `7MMF'                                   [0m       }
 {       [32m  MMMb    dPMM                 MM    MM                                     [0m       }
 {       [32m  M YM   ,M MM   ,6"Yb.   ,M""bMM    MM         ,pW"Wq.   ,pW"Wq.`7MMpdMAo. [0m       }
 {       [32m  M  Mb  M' MM  8)   MM ,AP    MM    MM        6W'   `Wb 6W'   `Wb MM   `Wb [0m       }
 {       [32m  M  YM.P'  MM   ,pm9MM 8MI    MM    MM      , 8M     M8 8M     M8 MM    M8 [0m       }
 {       [32m  M  `YM'   MM  8M   MM `Mb    MM    MM     ,M YA.   ,A9 YA.   ,A9 MM   ,AP [0m       }
 {       [32m.JML. `'  .JMML.`Moo9^Yo.`Wbmd"MML..JMMmmmmMMM  `Ybmd9'   `Ybmd9'  MMbmmd'  [0m       }
 {       [32m                                                                   MM       [0m       }
 {       [32m                                                                 .JMML.     [0m       }
 {       [32m[0mv2.6.5 (2018-02-03), Ref: arXiv:1103.0621v2, arXiv:1405.0301[32m                [0m       }
 {       [32m                                                                            [0m       }
 {                                                                                          }
  ========================================================================================== 
 ===============================================================
 INFO: MadLoop read these parameters from ./MadLoop5_resources/MadLoopParams.dat                                                                                                                                                                                                                                                                                                                                                                                                                                                                                          
 ===============================================================
  > MLReductionLib            = 6|7|1
  > CTModeRun                 =           -1
  > MLStabThres               =    1.0000000000000000E-003
  > NRotations_DP             =            0
  > NRotations_QP             =            0
  > CTStabThres               =    1.0000000000000000E-002
  > CTLoopLibrary             =            2
  > CTModeInit                =            1
  > CheckCycle                =            3
  > MaxAttempts               =           10
  > UseLoopFilter             =  F
  > HelicityFilterLevel       =            2
  > ImprovePSPoint            =            2
  > DoubleCheckHelicityFilter =  T
  > LoopInitStartOver         =  F
  > HelInitStartOver          =  F
  > ZeroThres                 =    1.0000000000000001E-009
  > OSThres                   =    1.0000000000000000E-008
  > WriteOutFilters           =  T
  > UseQPIntegrandForNinja    =  T
  > UseQPIntegrandForCutTools =  T
  > IREGIMODE                 =            2
  > IREGIRECY                 =  T
  > COLLIERMode               =            1
  > COLLIERRequiredAccuracy   =    1.0000000000000000E-008
  > COLLIERCanOutput          =  F
  > COLLIERComputeUVpoles     =  T
  > COLLIERComputeIRpoles     =  T
  > COLLIERGlobalCache        =           -1
  > COLLIERUseCacheForPoles   =  F
  > COLLIERUseInternalStabilityTest =  T
 ===============================================================
  
------------------------------------------------------------------------
|              You are using CutTools - Version 1.9.3                  |
|              Authors: G. Ossola, C. Papadopoulos, R. Pittau          |
|              Published in JHEP 0803:042,2008                         |
|              http://www.ugr.es/~pittau/CutTools                      |
|                                                                      |
|              Compiler with  34  significant digits detetected        |
 ---------------------------------------------------------------------- 
   
########################################################################
#                                                                      #

  +----------------------------------------------------------------+
  |                                                                |
  |  Ninja - version 1.1.0                                         |
  |                                                                |
  |  Author: Tiziano Peraro                                        |
  |                                                                |
  |  Based on:                                                     |
  |                                                                |
  |      P. Mastrolia, E. Mirabella and T. Peraro,                 |
  |      "Integrand reduction of one-loop scattering amplitudes    |
  |      through Laurent series expansion,"                        |
  |      JHEP 1206 (2012) 095  [arXiv:1203.0291 [hep-ph]].         |
  |                                                                |
  |      T. Peraro,                                                |
  |      "Ninja: Automated Integrand Reduction via Laurent         |
  |      Expansion for One-Loop Amplitudes,"                       |
  |      Comput.Phys.Commun. 185 (2014) [arXiv:1403.1229 [hep-ph]] |
  |                                                                |
  +----------------------------------------------------------------+


#                      You are using OneLOop-3.6                       #
#                                                                      #
# for the evaluation of 1-loop scalar 1-, 2-, 3- and 4-point functions #
#                                                                      #
# author: Andreas van Hameren <hamerenREMOVETHIS@ifj.edu.pl>           #
#   date: 18-02-2015                                                   #
#                                                                      #
# Please cite                                                          #
#    A. van Hameren,                                                   #
#      Comput.Phys.Commun. 182 (2011) 2427-2438, arXiv:1007.4716       #
#    A. van Hameren, C.G. Papadopoulos and R. Pittau,                  #
#      JHEP 0909:106,2009, arXiv:0903.4665                             #
# in publications with results obtained with the help of this program. #
#                                                                      #
########################################################################
########################################################################
#                                                                      #
#                      You are using OneLOop-3.6                       #
#                                                                      #
# for the evaluation of 1-loop scalar 1-, 2-, 3- and 4-point functions #
#                                                                      #
# author: Andreas van Hameren <hamerenREMOVETHIS@ifj.edu.pl>           #
#   date: 18-02-2015                                                   #
#                                                                      #
# Please cite                                                          #
#    A. van Hameren,                                                   #
#      Comput.Phys.Commun. 182 (2011) 2427-2438, arXiv:1007.4716       #
#    A. van Hameren, C.G. Papadopoulos and R. Pittau,                  #
#      JHEP 0909:106,2009, arXiv:0903.4665                             #
# in publications with results obtained with the help of this program. #
#                                                                      #
########################################################################
 PASSED   1.0000000000000001E-005
 MU_R    =    325.00000000000000     
 ALPHA_S =   0.11799999999999999     
 BORN                    5.0291392119527357E-011
 SINGLE POLE (MadFKS)   -1.1857752936291175E-012
 DOUBLE POLE (MadFKS)   -5.3520906811653047E-012
 SINGLE POLE (MadLoop)  -1.1857752936292962E-012
 DOUBLE POLE (MadLoop)  -5.3520906811653306E-012
 FINITE PART (MadLoop)  -2.6616991899695390E-012
   325.00000000000000        0.0000000000000000        0.0000000000000000        325.00000000000000        0.0000000000000000     
   325.00000000000000        0.0000000000000000        0.0000000000000000       -325.00000000000000        0.0000000000000000     
   144.02807833136734       -94.356579224203429       -88.998863766978587       -62.610906023790172        0.0000000000000000     
   66.523952223382537       0.90733341965883252       -46.741460933060772        47.327040846936590        0.0000000000000000     
   188.02880185154928       -71.074466024259848        6.0254311490653176        154.27160733651817        80.419002445756163     
   251.41916759370085        164.52371182880447        129.71489355097407       -138.98774215966461        0.0000000000000000     

 PASSED   1.0000000000000001E-005
 MU_R    =    325.00000000000000     
 ALPHA_S =   0.11799999999999999     
 BORN                    1.0670709609778380E-009
 SINGLE POLE (MadFKS)   -1.0289903364581323E-010
 DOUBLE POLE (MadFKS)   -1.1355940461576678E-010
 SINGLE POLE (MadLoop)  -1.0289903364581822E-010
 DOUBLE POLE (MadLoop)  -1.1355940461576777E-010
 FINITE PART (MadLoop)   3.5013314473341319E-010
   325.00000000000000        0.0000000000000000        0.0000000000000000        325.00000000000000        0.0000000000000000     
   325.00000000000000        0.0000000000000000        0.0000000000000000       -325.00000000000000        0.0000000000000000     
   73.910157476214778       -39.812179995831642       -4.1715652889488766        62.131310505882674        0.0000000000000000     
   113.52605201315663       -105.54894379337344        22.126067315937092        35.468607174907000        0.0000000000000000     
   233.56332419838057       -53.213902434162826       -54.729251643505322       -205.56653438363105        80.419002445756163     
   229.00046631224802        198.57502622336787        36.774749616517063        107.96661670284142        0.0000000000000000     

 PASSED   1.0000000000000001E-005
 MU_R    =    325.00000000000000     
 ALPHA_S =   0.11799999999999999     
 BORN                    1.0209794199790150E-011
 SINGLE POLE (MadFKS)   -1.6041116997206568E-012
 DOUBLE POLE (MadFKS)   -1.0865426883280713E-012
 SINGLE POLE (MadLoop)  -1.6041116997206705E-012
 DOUBLE POLE (MadLoop)  -1.0865426883280686E-012
 FINITE PART (MadLoop)   4.6425872718607354E-014
   325.00000000000000        0.0000000000000000        0.0000000000000000        325.00000000000000        0.0000000000000000     
   325.00000000000000        0.0000000000000000        0.0000000000000000       -325.00000000000000        0.0000000000000000     
   195.99615327281512        110.73396821434166       -112.96017371173215       -115.72588101311348        0.0000000000000000     
   139.43582545516117        135.08059816195410        29.184924591838136        18.542426948476120        0.0000000000000000     
   191.76824831082013       -156.42049715375126        75.234651861292789        13.424616765971138        80.419002445756163     
   122.79977296120360       -89.394069222544488        8.5405972586013430        83.758837298666279        0.0000000000000000     

 PASSED   1.0000000000000001E-005
 MU_R    =    325.00000000000000     
 ALPHA_S =   0.11799999999999999     
 BORN                    2.5066973776634169E-012
 SINGLE POLE (MadFKS)   -2.1353593390798058E-013
 DOUBLE POLE (MadFKS)   -2.6676675888406415E-013
 SINGLE POLE (MadLoop)  -2.1353593390799954E-013
 DOUBLE POLE (MadLoop)  -2.6676675888406374E-013
 FINITE PART (MadLoop)   3.7200738568303927E-013
   325.00000000000000        0.0000000000000000        0.0000000000000000        325.00000000000000        0.0000000000000000     
   325.00000000000000        0.0000000000000000        0.0000000000000000       -325.00000000000000        0.0000000000000000     
   227.52238498725612        83.712274828978323       -57.401986580500726        203.62638004408663        0.0000000000000000     
   185.56204348362797       -24.116512618304164        163.60513866917765       -84.172586998322444        0.0000000000000000     
   161.05436093400493        4.6541734849672389       -114.27962515421051       -79.936206848180959        80.419002445756163     
   75.861210595110947       -64.249935695641440        8.0764730655337065       -39.517586197583206        0.0000000000000000     

 PASSED   1.0000000000000001E-005
 MU_R    =    325.00000000000000     
 ALPHA_S =   0.11799999999999999     
 BORN                    8.0333182388075352E-012
 SINGLE POLE (MadFKS)   -7.9482423142872560E-013
 DOUBLE POLE (MadFKS)   -8.5491862270527170E-013
 SINGLE POLE (MadLoop)  -7.9482423142864542E-013
 DOUBLE POLE (MadLoop)  -8.5491862270528321E-013
 FINITE PART (MadLoop)   9.5230856253744324E-013
   325.00000000000000        0.0000000000000000        0.0000000000000000        325.00000000000000        0.0000000000000000     
   325.00000000000000        0.0000000000000000        0.0000000000000000       -325.00000000000000        0.0000000000000000     
   112.77468272358949        37.155337502361576       -21.022981592767216       -104.38220252247046        0.0000000000000000     
   171.17150063861681       -94.978901639284842       -134.15655934977994       -47.756763475972832        0.0000000000000000     
   124.51249947678481        75.429361978185781       -50.930096540007611        27.435072253871049        80.419002445756163     
   241.54131716100895       -17.605797841262504        206.10963748255475        124.70389374457224        0.0000000000000000     

 PASSED   1.0000000000000001E-005
 MU_R    =    325.00000000000000     
 ALPHA_S =   0.11799999999999999     
 BORN                    3.1670231868131025E-011
 SINGLE POLE (MadFKS)   -4.3100850870372161E-012
 DOUBLE POLE (MadFKS)   -3.3703969150210414E-012
 SINGLE POLE (MadLoop)  -4.3100850870440808E-012
 DOUBLE POLE (MadLoop)  -3.3703969150215528E-012
 FINITE PART (MadLoop)   2.8811874747156319E-012
   325.00000000000000        0.0000000000000000        0.0000000000000000        325.00000000000000        0.0000000000000000     
   325.00000000000000        0.0000000000000000        0.0000000000000000       -325.00000000000000        0.0000000000000000     
   30.343402044078562        24.995506899895318        7.6172178146762048       -15.424807136222350        0.0000000000000000     
   245.86874260202887        77.459103500768762        90.074071901847930       -215.26306567681473        0.0000000000000000     
   90.363213732162734        38.673774544506031        10.255782700532260        9.8718045621947290        80.419002445756163     
   283.42464162172990       -141.12838494517007       -107.94707241705639        220.81606825084239        0.0000000000000000     

 PASSED   1.0000000000000001E-005
 MU_R    =    325.00000000000000     
 ALPHA_S =   0.11799999999999999     
 BORN                    3.0234710047823266E-010
 SINGLE POLE (MadFKS)   -2.8021718413839663E-011
 DOUBLE POLE (MadFKS)   -3.2176263784883010E-011
 SINGLE POLE (MadLoop)  -2.8021718413839753E-011
 DOUBLE POLE (MadLoop)  -3.2176263784883010E-011
 FINITE PART (MadLoop)   6.6520752257556889E-011
   325.00000000000000        0.0000000000000000        0.0000000000000000        325.00000000000000        0.0000000000000000     
   325.00000000000000        0.0000000000000000        0.0000000000000000       -325.00000000000000        0.0000000000000000     
   211.18542240018411        161.75672424113881       -88.567784432341313        102.90671677721845        0.0000000000000000     
   46.336456482141315        11.747159025161842       -24.748769639606049       -37.370708522647107        0.0000000000000000     
   184.39033668606234       -64.263009559348461       -44.228296967916513       -146.44693120213122        80.419002445756163     
   208.08778443161228       -109.24087370695219        157.54485103986369        80.910922947559868        0.0000000000000000     

 PASSED   1.0000000000000001E-005
 MU_R    =    325.00000000000000     
 ALPHA_S =   0.11799999999999999     
 BORN                    3.1901742078273702E-011
 SINGLE POLE (MadFKS)   -1.9575688503797052E-012
 DOUBLE POLE (MadFKS)   -3.3950346032233158E-012
 SINGLE POLE (MadLoop)  -1.9575689055946101E-012
 DOUBLE POLE (MadLoop)  -3.3950346032670752E-012
 FINITE PART (MadLoop)   1.3144022469363550E-010
   325.00000000000000        0.0000000000000000        0.0000000000000000        325.00000000000000        0.0000000000000000     
   325.00000000000000        0.0000000000000000        0.0000000000000000       -325.00000000000000        0.0000000000000000     
   187.22039456560370       -84.861080614850991        146.29116784410695        80.305462759313059        0.0000000000000000     
   149.00430245934845       -66.670527563523763       -16.754339737926621        132.19914903562938        0.0000000000000000     
   278.36962378764571        150.83774375173178       -130.01092847650983       -177.10890725727941        80.419002445756163     
   35.405679187402178       0.69386442664300019       0.47410037032947561       -35.395704537662986        0.0000000000000000     

 PASSED   1.0000000000000001E-005
 MU_R    =    325.00000000000000     
 ALPHA_S =   0.11799999999999999     
 BORN                    8.7685434896023559E-010
 SINGLE POLE (MadFKS)    8.2783954475902542E-013
 DOUBLE POLE (MadFKS)   -9.3316247413782114E-011
 SINGLE POLE (MadLoop)   8.2783954477486484E-013
 DOUBLE POLE (MadLoop)  -9.3316247413780822E-011
 FINITE PART (MadLoop)  -6.3361579995016551E-010
   325.00000000000000        0.0000000000000000        0.0000000000000000        325.00000000000000        0.0000000000000000     
   325.00000000000000        0.0000000000000000        0.0000000000000000       -325.00000000000000        0.0000000000000000     
   279.94273069469079        47.348526042096196        159.93962054071037        224.82296887047531        0.0000000000000000     
   13.137599347042759       -11.512857914019593       -5.7996482800693130        2.5327256232177580        0.0000000000000000     
   150.40312307175830       -13.369726549010778       -124.03804395571109       -24.283688743963477        80.419002445756163     
   206.51654688650817       -22.465941579065820       -30.101928304929928       -203.07200574972958        0.0000000000000000     

 PASSED   1.0000000000000001E-005
 MU_R    =    325.00000000000000     
 ALPHA_S =   0.11799999999999999     
 BORN                    2.2456745038291607E-011
 SINGLE POLE (MadFKS)   -6.3561441373005067E-013
 DOUBLE POLE (MadFKS)   -2.3898828563561991E-012
 SINGLE POLE (MadLoop)  -6.3561441351505288E-013
 DOUBLE POLE (MadLoop)  -2.3898828563561765E-012
 FINITE PART (MadLoop)   4.0214793534875909E-012
   325.00000000000000        0.0000000000000000        0.0000000000000000        325.00000000000000        0.0000000000000000     
   325.00000000000000        0.0000000000000000        0.0000000000000000       -325.00000000000000        0.0000000000000000     
   85.168705523745686        5.0433473466754846       -17.958661298129201       -83.100899709391626        0.0000000000000000     
   291.33610360320984       -143.52446951374802        58.229838421934211        246.75238161130861        0.0000000000000000     
   86.316212760020392        17.299749159548195       -9.5829810492125933       -24.334292348242158        80.419002445756163     
   187.17897811302404        121.18137300752433       -30.688196074592426       -139.31718955367484        0.0000000000000000     

 PASSED   1.0000000000000001E-005
 MU_R    =    325.00000000000000     
 ALPHA_S =   0.11799999999999999     
 BORN                    5.2025963834727896E-013
 SINGLE POLE (MadFKS)   -5.8591224046777369E-014
 DOUBLE POLE (MadFKS)   -5.5366865875715827E-014
 SINGLE POLE (MadLoop)  -5.8591224052551036E-014
 DOUBLE POLE (MadLoop)  -5.5366865875708235E-014
 FINITE PART (MadLoop)   1.5307369128147764E-012
   325.00000000000000        0.0000000000000000        0.0000000000000000        325.00000000000000        0.0000000000000000     
   325.00000000000000        0.0000000000000000        0.0000000000000000       -325.00000000000000        0.0000000000000000     
   77.729440155272314        35.226249785461533       -59.261241839657806       -35.903793790154317        0.0000000000000000     
   252.95887791582336       -138.59246873310693        59.071066695236681       -203.20169931962212        0.0000000000000000     
   290.99734412956849        90.936594005951775        2.3152578610498873        264.45682783343966        80.419002445756163     
   28.314337799335792        12.429624941693623       -2.1250827166287496       -25.351334723663161        0.0000000000000000     

 PASSED   1.0000000000000001E-005
 MU_R    =    325.00000000000000     
 ALPHA_S =   0.11799999999999999     
 BORN                    1.1460763469210464E-012
 SINGLE POLE (MadFKS)   -6.2686949052112173E-014
 DOUBLE POLE (MadFKS)   -1.2196728461367067E-013
 SINGLE POLE (MadLoop)  -6.2686949052114672E-014
 DOUBLE POLE (MadLoop)  -1.2196728461367547E-013
 FINITE PART (MadLoop)   5.5345889108501179E-014
   325.00000000000000        0.0000000000000000        0.0000000000000000        325.00000000000000        0.0000000000000000     
   325.00000000000000        0.0000000000000000        0.0000000000000000       -325.00000000000000        0.0000000000000000     
   138.13593185614846       -17.827853423133419        23.409301688051990       -134.96558045134145        0.0000000000000000     
   180.46845149885175        107.63188201853595       -136.89683395683949        47.365565679455912        0.0000000000000000     
   195.10946019472917        16.733350697301184        71.889613686529913        161.71692527855788        80.419002445756163     
   136.28615645027065       -106.53737929270373        41.597918582257762       -74.116910506672355        0.0000000000000000     

 PASSED   1.0000000000000001E-005
 MU_R    =    325.00000000000000     
 ALPHA_S =   0.11799999999999999     
 BORN                    3.1769423565019431E-012
 SINGLE POLE (MadFKS)   -2.3323264762893213E-013
 DOUBLE POLE (MadFKS)   -3.3809530546344298E-013
 SINGLE POLE (MadLoop)  -2.3323264762895965E-013
 DOUBLE POLE (MadLoop)  -3.3809530546344248E-013
 FINITE PART (MadLoop)   6.2004512901076391E-013
   325.00000000000000        0.0000000000000000        0.0000000000000000        325.00000000000000        0.0000000000000000     
   325.00000000000000        0.0000000000000000        0.0000000000000000       -325.00000000000000        0.0000000000000000     
   194.78932041497146        28.596605338125933        123.14378502733909        148.19150353512978        0.0000000000000000     
   162.29266144835250        98.127945836864853       -13.304032877424552       -128.58000200273483        0.0000000000000000     
   117.91749677766597        43.637977109936124       -70.147949419710727       -24.744943683563559        80.419002445756163     
   175.00052135901009       -170.36252828492692       -39.691802730203769        5.1334421511686497        0.0000000000000000     

 PASSED   1.0000000000000001E-005
 MU_R    =    325.00000000000000     
 ALPHA_S =   0.11799999999999999     
 BORN                    3.5962195832689957E-011
 SINGLE POLE (MadFKS)   -2.3450369305830431E-012
 DOUBLE POLE (MadFKS)   -3.8271546099366664E-012
 SINGLE POLE (MadLoop)  -2.3450369305838905E-012
 DOUBLE POLE (MadLoop)  -3.8271546099366640E-012
 FINITE PART (MadLoop)   3.3139142554036910E-012
   325.00000000000000        0.0000000000000000        0.0000000000000000        325.00000000000000        0.0000000000000000     
   325.00000000000000        0.0000000000000000        0.0000000000000000       -325.00000000000000        0.0000000000000000     
   71.960634458827229       -65.594193223698412       -22.808631520431781        18.854735617723094        0.0000000000000000     
   111.89018204284487        95.180962890065700       -19.869819048883738        55.364134887718755        0.0000000000000000     
   269.84959966595409       -103.32704782859233        224.59157534289952       -72.344564118720271        80.419002445756163     
   196.29958383237383        73.740278162225053       -181.91312477358400       -1.8743063867215579        0.0000000000000000     

 PASSED   1.0000000000000001E-005
 MU_R    =    325.00000000000000     
 ALPHA_S =   0.11799999999999999     
 BORN                    1.8513520700942588E-011
 SINGLE POLE (MadFKS)   -1.6591024679585383E-012
 DOUBLE POLE (MadFKS)   -1.9702385923932740E-012
 SINGLE POLE (MadLoop)  -1.6591024679585348E-012
 DOUBLE POLE (MadLoop)  -1.9702385923932765E-012
 FINITE PART (MadLoop)   1.8480508352416088E-012
   325.00000000000000        0.0000000000000000        0.0000000000000000        325.00000000000000        0.0000000000000000     
   325.00000000000000        0.0000000000000000        0.0000000000000000       -325.00000000000000        0.0000000000000000     
   168.91598034843079        58.161221662969247        155.54524694522181       -30.912082823588133        0.0000000000000000     
   75.005164859448200       -6.3026044479661749       -73.383638554983975        14.173691304559622        0.0000000000000000     
   197.23991524902536       -145.48409696829424        88.860339389626958       -58.091185441101402        80.419002445756163     
   208.83893954309562        93.625479753291188       -171.02194777986480        74.829576960129913        0.0000000000000000     

 PASSED   1.0000000000000001E-005
 MU_R    =    325.00000000000000     
 ALPHA_S =   0.11799999999999999     
 BORN                    2.3482635961112453E-010
 SINGLE POLE (MadFKS)   -1.7873000420825844E-011
 DOUBLE POLE (MadFKS)   -2.4990598152057751E-011
 SINGLE POLE (MadLoop)  -1.7873000421266547E-011
 DOUBLE POLE (MadLoop)  -2.4990598152057806E-011
 FINITE PART (MadLoop)   8.8737199890604389E-011
   325.00000000000000        0.0000000000000000        0.0000000000000000        325.00000000000000        0.0000000000000000     
   325.00000000000000        0.0000000000000000        0.0000000000000000       -325.00000000000000        0.0000000000000000     
   80.611521146886417        64.474983922086579        46.777795318998109        12.370596386411897        0.0000000000000000     
   247.01497780289108       -9.9068332194894868       -55.688133787884475        240.45183648653349        0.0000000000000000     
   226.48065477507976        27.956046064242692        28.218224810640141       -207.96264642951726        80.419002445756163     
   95.892846275142688       -82.524196766839779       -19.307886341753825       -44.859786443428149        0.0000000000000000     

 PASSED   1.0000000000000001E-005
 MU_R    =    325.00000000000000     
 ALPHA_S =   0.11799999999999999     
 BORN                    2.0124412862867477E-011
 SINGLE POLE (MadFKS)   -8.1340880918971991E-013
 DOUBLE POLE (MadFKS)   -2.1416723221995480E-012
 SINGLE POLE (MadLoop)  -8.1340880918972576E-013
 DOUBLE POLE (MadLoop)  -2.1416723221995544E-012
 FINITE PART (MadLoop)   2.0008213169938302E-012
   325.00000000000000        0.0000000000000000        0.0000000000000000        325.00000000000000        0.0000000000000000     
   325.00000000000000        0.0000000000000000        0.0000000000000000       -325.00000000000000        0.0000000000000000     
   74.146658155408630       -50.120661558560698        49.707748776331606       -22.688894026292733        0.0000000000000000     
   97.453541797445041        24.524697106671290       -72.222731371031728       -60.659781684409182        0.0000000000000000     
   275.82615676892436        196.52202289485186       -41.791739683175429        171.01285862505679        80.419002445756163     
   202.57364327822194       -170.92605844296247        64.306722277875551       -87.664182914354924        0.0000000000000000     

 PASSED   1.0000000000000001E-005
 MU_R    =    325.00000000000000     
 ALPHA_S =   0.11799999999999999     
 BORN                    1.0856635050776021E-010
 SINGLE POLE (MadFKS)   -2.3126471456706547E-011
 DOUBLE POLE (MadFKS)   -1.1553805300511740E-011
 SINGLE POLE (MadLoop)  -2.3126471456707096E-011
 DOUBLE POLE (MadLoop)  -1.1553805300513625E-011
 FINITE PART (MadLoop)   1.4042414888120028E-011
   325.00000000000000        0.0000000000000000        0.0000000000000000        325.00000000000000        0.0000000000000000     
   325.00000000000000        0.0000000000000000        0.0000000000000000       -325.00000000000000        0.0000000000000000     
   253.99355101613304        98.953574941094331        133.92617136163966       -191.79336429755568        0.0000000000000000     
   111.66702842857877       -8.5702136441761887       -109.01722530668290        22.612413904626305        0.0000000000000000     
   83.744467524516068       -17.120768277906656       -8.5945054586352515E-002  -15.899427461893298        80.419002445756163     
   200.59495303077205       -73.262593019011476       -24.823001000370425        185.08037785482270        0.0000000000000000     

 PASSED   1.0000000000000001E-005
 MU_R    =    325.00000000000000     
 ALPHA_S =   0.11799999999999999     
 BORN                    4.4633742528475768E-012
 SINGLE POLE (MadFKS)   -9.4035193627992519E-013
 DOUBLE POLE (MadFKS)   -4.7499945295694419E-013
 SINGLE POLE (MadLoop)  -9.4035193628021600E-013
 DOUBLE POLE (MadLoop)  -4.7499945295693560E-013
 FINITE PART (MadLoop)  -1.0387832438448097E-012
   325.00000000000000        0.0000000000000000        0.0000000000000000        325.00000000000000        0.0000000000000000     
   325.00000000000000        0.0000000000000000        0.0000000000000000       -325.00000000000000        0.0000000000000000     
   137.32683260956281       -53.948071673340380        94.780995356049132       -83.455541677108513        0.0000000000000000     
   177.27400251547493        46.759853849467120       -10.468360246554663       -170.67513430368652        0.0000000000000000     
Thanks for using LHAPDF 6.2.1. Please make sure to cite the paper:
  Eur.Phys.J. C75 (2015) 3, 132  (http://arxiv.org/abs/1412.7420)
   214.66387458083034       -31.373425787066662       -128.59414647910566        148.63585281276406        80.419002445756163     
   120.73529029413179        38.561643610939917        44.281511369611216        105.49482316803095        0.0000000000000000     

 PASSED   1.0000000000000001E-005
 MU_R    =    325.00000000000000     
 ALPHA_S =   0.11799999999999999     
 BORN                    1.7874904721907381E-011
 SINGLE POLE (MadFKS)   -1.0533276401264216E-012
 DOUBLE POLE (MadFKS)   -1.9022760547463898E-012
 SINGLE POLE (MadLoop)  -1.0533276401263527E-012
 DOUBLE POLE (MadLoop)  -1.9022760547463991E-012
 FINITE PART (MadLoop)   5.4996173695315462E-012
   325.00000000000000        0.0000000000000000        0.0000000000000000        325.00000000000000        0.0000000000000000     
   325.00000000000000        0.0000000000000000        0.0000000000000000       -325.00000000000000        0.0000000000000000     
   275.43885177652345        63.411344571128240        131.53018599855568        233.54950785398077        0.0000000000000000     
   55.848556255860714       -4.4912857208809137E-002  -39.972886587895033       -39.002917282308211        0.0000000000000000     
   191.21157974015364        43.611861831560013       -109.27873483184695       -127.47868799721140        80.419002445756163     
   127.50101222746223       -106.97829354547946        17.721435421186349       -67.067902574461201        0.0000000000000000     

 NUMBER OF POINTS PASSING THE CHECK          20
 NUMBER OF POINTS FAILING THE CHECK           0
 TOLERANCE    1.0000000000000001E-005
