==== LHAPDF6 USING DEFAULT-TYPE LHAGLUE INTERFACE ====
LHAPDF 6.2.1 loading /cvmfs/cms.cern.ch/slc7_amd64_gcc700/external/lhapdf/6.2.1-pafccj3/share/LHAPDF/NNPDF31_nnlo_as_0118_nf_4_mc_hessian/NNPDF31_nnlo_as_0118_nf_4_mc_hessian_0000.dat
NNPDF31_nnlo_as_0118_nf_4_mc_hessian PDF set, member #0, version 1; LHAPDF ID = 325500
 A PDF is used, so alpha_s(MZ) is going to be modified
 Old value of alpha_s from param_card:   0.11799999999999999     
 New value of alpha_s from PDF lhapdf :  0.11266013434007299     
 *****************************************************
 *               MadGraph/MadEvent                   *
 *        --------------------------------           *
 *          http://madgraph.hep.uiuc.edu             *
 *          http://madgraph.phys.ucl.ac.be           *
 *          http://madgraph.roma2.infn.it            *
 *        --------------------------------           *
 *                                                   *
 *          PARAMETER AND COUPLING VALUES            *
 *                                                   *
 *****************************************************

  External Params
  ---------------------------------
  
 MU_R =    91.188000000000002     
 aEWM1 =    132.50700000000001     
 mdl_Gf =    1.1663900000000000E-005
 aS =   0.11799999999999999     
 mdl_ymb =    4.7000000000000002     
 mdl_ymt =    173.00000000000000     
 mdl_ymtau =    1.7769999999999999     
 mdl_MT =    173.00000000000000     
 mdl_MB =    4.7000000000000002     
 mdl_MZ =    91.188000000000002     
 mdl_MH =    125.00000000000000     
 mdl_MTA =    1.7769999999999999     
 mdl_WT =    1.4915000000000000     
 mdl_WZ =    2.4414039999999999     
 mdl_WW =    2.0476000000000001     
 mdl_WH =    6.3823389999999999E-003
  Internal Params
  ---------------------------------
  
 mdl_conjg__CKM3x3 =    1.0000000000000000     
 mdl_CKM22 =    1.0000000000000000     
 mdl_lhv =    1.0000000000000000     
 mdl_CKM3x3 =    1.0000000000000000     
 mdl_conjg__CKM22 =    1.0000000000000000     
 mdl_conjg__CKM33 =    1.0000000000000000     
 mdl_Ncol =    3.0000000000000000     
 mdl_CA =    3.0000000000000000     
 mdl_TF =   0.50000000000000000     
 mdl_CF =    1.3333333333333333     
 mdl_complexi =                (0.0000000000000000,1.0000000000000000)
 mdl_MZ__exp__2 =    8315.2513440000002     
 mdl_MZ__exp__4 =    69143404.913893804     
 mdl_sqrt__2 =    1.4142135623730951     
 mdl_MH__exp__2 =    15625.000000000000     
 mdl_Ncol__exp__2 =    9.0000000000000000     
 mdl_MB__exp__2 =    22.090000000000003     
 mdl_MT__exp__2 =    29929.000000000000     
 mdl_aEW =    7.5467711139788835E-003
 mdl_MW =    80.419002445756163     
 mdl_sqrt__aEW =    8.6872153846781555E-002
 mdl_ee =   0.30795376724436879     
 mdl_MW__exp__2 =    6467.2159543705357     
 mdl_sw2 =   0.22224648578577766     
 mdl_cw =   0.88190334743339216     
 mdl_sqrt__sw2 =   0.47143025548407230     
 mdl_sw =   0.47143025548407230     
 mdl_g1 =   0.34919219678733299     
 mdl_gw =   0.65323293034757990     
 mdl_v =    246.21845810181637     
 mdl_v__exp__2 =    60623.529110035903     
 mdl_lam =   0.12886910601690263     
 mdl_yb =    2.6995554250465490E-002
 mdl_yt =   0.99366614581500623     
 mdl_ytau =    1.0206617000654717E-002
 mdl_muH =    88.388347648318430     
 mdl_AxialZUp =  -0.18517701861793787     
 mdl_AxialZDown =   0.18517701861793787     
 mdl_VectorZUp =    7.5430507588273299E-002
 mdl_VectorZDown =  -0.13030376310310560     
 mdl_VectorAUp =   0.20530251149624587     
 mdl_VectorADown =  -0.10265125574812294     
 mdl_VectorWmDxU =   0.23095271737156670     
 mdl_AxialWmDxU =  -0.23095271737156670     
 mdl_VectorWpUxD =   0.23095271737156670     
 mdl_AxialWpUxD =  -0.23095271737156670     
 mdl_I1x33 =          (2.69955542504654901E-002,0.0000000000000000)
 mdl_I2x33 =               (0.99366614581500623,0.0000000000000000)
 mdl_I3x33 =               (0.99366614581500623,0.0000000000000000)
 mdl_I4x33 =          (2.69955542504654901E-002,0.0000000000000000)
 mdl_Vector_tbGp =              (-0.96667059156454072,0.0000000000000000)
 mdl_Axial_tbGp =              (-1.0206617000654716,-0.0000000000000000)
 mdl_Vector_tbGm =               (0.96667059156454072,0.0000000000000000)
 mdl_Axial_tbGm =              (-1.0206617000654716,-0.0000000000000000)
 mdl_gw__exp__2 =   0.42671326129048615     
 mdl_cw__exp__2 =   0.77775351421422245     
 mdl_ee__exp__2 =    9.4835522759998875E-002
 mdl_sw__exp__2 =   0.22224648578577769     
 mdl_yb__exp__2 =    7.2875994928982540E-004
 mdl_yt__exp__2 =   0.98737240933884918     
  Internal Params evaluated point by point
  ----------------------------------------
  
 mdl_sqrt__aS =   0.34351128074635334     
 mdl_G__exp__4 =    2.1987899468922913     
 mdl_G__exp__2 =    1.4828317324943823     
 mdl_R2MixedFactor_FIN_ =   -2.5040377713124864E-002
 mdl_G_UVg_1EPS_ =   -5.1645779033320030E-002
 mdl_G_UVq_1EPS_ =    3.1300472141406080E-003
 mdl_GWcft_UV_b_1EPS_ =   -3.1300472141406080E-003
 mdl_GWcft_UV_t_1EPS_ =   -3.1300472141406080E-003
 mdl_bWcft_UV_1EPS_ =   -1.8780283284843650E-002
 mdl_tWcft_UV_1EPS_ =   -1.8780283284843650E-002
 mdl_G__exp__3 =    1.8056676068262196     
 mdl_MU_R__exp__2 =    8315.2513440000002     
 mdl_G_UVb_FIN_ =    1.8563438626678915E-002
 mdl_G_UVt_FIN_ =   -4.0087659331150384E-003
 mdl_GWcft_UV_b_FIN_ =   -1.8563438626678915E-002
 mdl_GWcft_UV_t_FIN_ =    4.0087659331150384E-003
 mdl_bWcft_UV_FIN_ =  -0.13642100947319838     
 mdl_tWcft_UV_FIN_ =   -9.8778211443463623E-004
  Couplings of loop_sm
  ---------------------------------
  
      UV_GQQb =   0.00000E+00   0.22605E-01
      UV_GQQt =   0.00000E+00  -0.48815E-02
   UVWfct_G_2 =   0.40088E-02   0.00000E+00
   UVWfct_G_1 =  -0.18563E-01   0.00000E+00
       R2_DDA =   0.00000E+00   0.25704E-02
       R2_UUA =  -0.00000E+00  -0.51409E-02
    R2_UUZ_V2 =  -0.00000E+00  -0.72127E-02
    R2_UUZ_V5 =   0.00000E+00   0.68702E-03
      R2_sxcW =  -0.00000E+00  -0.11566E-01
      R2_GGHb =   0.00000E+00  -0.33698E-02
      R2_GGHt =   0.00000E+00  -0.45657E+01
     R2_GGZup =  -0.46369E-02   0.00000E+00
    R2_GGWWcs =   0.00000E+00   0.13356E-02
         GC_4 =  -0.12177E+01   0.00000E+00
         GC_5 =   0.00000E+00   0.12177E+01
       R2_GQQ =  -0.00000E+00  -0.30492E-01
       R2_QQq =   0.00000E+00   0.12520E-01
 UV_GQQg_1eps =   0.00000E+00  -0.62890E-01
 UV_GQQq_1eps =   0.00000E+00   0.38115E-02
 UVWfct_G_2_1eps -0.31300E-02   0.00000E+00
         GC_1 =  -0.00000E+00  -0.10265E+00
         GC_2 =   0.00000E+00   0.20530E+00
         GC_7 =   0.00000E+00   0.57609E+00
        GC_22 =   0.00000E+00   0.28804E+00
        GC_23 =  -0.00000E+00  -0.27437E-01
        GC_24 =   0.00000E+00   0.82310E-01
        GC_25 =   0.00000E+00   0.30795E+00
        GC_28 =   0.00000E+00   0.37035E+00
        GC_31 =   0.00000E+00   0.52532E+02
        GC_33 =  -0.00000E+00  -0.19089E-01
        GC_37 =  -0.00000E+00  -0.70263E+00
        GC_38 =  -0.00000E+00  -0.72172E-02
        GC_47 =   0.00000E+00   0.46191E+00

 Collider parameters:
 --------------------

 Running at P P   machine @    13000.000000000000       GeV
 PDF set = lhapdf 
 alpha_s(Mz)= 0.1127 running at 3 loops.
 alpha_s(Mz)= 0.1127 running at 3 loops.
 Renormalization scale set on event-by-event basis
 Factorization   scale set on event-by-event basis


 ===============================================================
 INFO: MadFKS read these parameters from FKS_params.dat
 ===============================================================
  > IRPoleCheckThreshold      =    1.0000000000000001E-005
  > PrecisionVirtualAtRunTime =    1.0000000000000000E-003
  > NHelForMCoverHels         =            4
  > VirtualFraction           =    1.0000000000000000     
  > MinVirtualFraction        =    5.0000000000000001E-003
 ===============================================================
  Insert the number of points to test
 Insert the relative tolerance
  A negative number will mean use the default one:    1.0000000000000001E-005
Using random seed offsets:     1 ,     26 ,      0
  with seed                   32
 Ranmar initialization seeds       10730        9432
  ========================================================================================== 
 {                                                                                          }
 {       [32m                                                                            [0m       }
 {       [32m                               ,,                                           [0m       }
 {       [32m`7MMM.     ,MMF'             `7MM  `7MMF'                                   [0m       }
 {       [32m  MMMb    dPMM                 MM    MM                                     [0m       }
 {       [32m  M YM   ,M MM   ,6"Yb.   ,M""bMM    MM         ,pW"Wq.   ,pW"Wq.`7MMpdMAo. [0m       }
 {       [32m  M  Mb  M' MM  8)   MM ,AP    MM    MM        6W'   `Wb 6W'   `Wb MM   `Wb [0m       }
 {       [32m  M  YM.P'  MM   ,pm9MM 8MI    MM    MM      , 8M     M8 8M     M8 MM    M8 [0m       }
 {       [32m  M  `YM'   MM  8M   MM `Mb    MM    MM     ,M YA.   ,A9 YA.   ,A9 MM   ,AP [0m       }
 {       [32m.JML. `'  .JMML.`Moo9^Yo.`Wbmd"MML..JMMmmmmMMM  `Ybmd9'   `Ybmd9'  MMbmmd'  [0m       }
 {       [32m                                                                   MM       [0m       }
 {       [32m                                                                 .JMML.     [0m       }
 {       [32m[0mv2.6.5 (2018-02-03), Ref: arXiv:1103.0621v2, arXiv:1405.0301[32m                [0m       }
 {       [32m                                                                            [0m       }
 {                                                                                          }
  ========================================================================================== 
 ===============================================================
 INFO: MadLoop read these parameters from ./MadLoop5_resources/MadLoopParams.dat                                                                                                                                                                                                                                                                                                                                                                                                                                                                                          
 ===============================================================
  > MLReductionLib            = 6|7|1
  > CTModeRun                 =           -1
  > MLStabThres               =    1.0000000000000000E-003
  > NRotations_DP             =            0
  > NRotations_QP             =            0
  > CTStabThres               =    1.0000000000000000E-002
  > CTLoopLibrary             =            2
  > CTModeInit                =            1
  > CheckCycle                =            3
  > MaxAttempts               =           10
  > UseLoopFilter             =  F
  > HelicityFilterLevel       =            2
  > ImprovePSPoint            =            2
  > DoubleCheckHelicityFilter =  T
  > LoopInitStartOver         =  F
  > HelInitStartOver          =  F
  > ZeroThres                 =    1.0000000000000001E-009
  > OSThres                   =    1.0000000000000000E-008
  > WriteOutFilters           =  T
  > UseQPIntegrandForNinja    =  T
  > UseQPIntegrandForCutTools =  T
  > IREGIMODE                 =            2
  > IREGIRECY                 =  T
  > COLLIERMode               =            1
  > COLLIERRequiredAccuracy   =    1.0000000000000000E-008
  > COLLIERCanOutput          =  F
  > COLLIERComputeUVpoles     =  T
  > COLLIERComputeIRpoles     =  T
  > COLLIERGlobalCache        =           -1
  > COLLIERUseCacheForPoles   =  F
  > COLLIERUseInternalStabilityTest =  T
 ===============================================================
  
------------------------------------------------------------------------
|              You are using CutTools - Version 1.9.3                  |
|              Authors: G. Ossola, C. Papadopoulos, R. Pittau          |
|              Published in JHEP 0803:042,2008                         |
|              http://www.ugr.es/~pittau/CutTools                      |
|                                                                      |
|              Compiler with  34  significant digits detetected        |
 ---------------------------------------------------------------------- 
   
########################################################################
#                                                                      #

  +----------------------------------------------------------------+
  |                                                                |
  |  Ninja - version 1.1.0                                         |
  |                                                                |
  |  Author: Tiziano Peraro                                        |
  |                                                                |
  |  Based on:                                                     |
  |                                                                |
  |      P. Mastrolia, E. Mirabella and T. Peraro,                 |
  |      "Integrand reduction of one-loop scattering amplitudes    |
  |      through Laurent series expansion,"                        |
  |      JHEP 1206 (2012) 095  [arXiv:1203.0291 [hep-ph]].         |
  |                                                                |
  |      T. Peraro,                                                |
  |      "Ninja: Automated Integrand Reduction via Laurent         |
  |      Expansion for One-Loop Amplitudes,"                       |
  |      Comput.Phys.Commun. 185 (2014) [arXiv:1403.1229 [hep-ph]] |
  |                                                                |
  +----------------------------------------------------------------+


#                      You are using OneLOop-3.6                       #
#                                                                      #
# for the evaluation of 1-loop scalar 1-, 2-, 3- and 4-point functions #
#                                                                      #
# author: Andreas van Hameren <hamerenREMOVETHIS@ifj.edu.pl>           #
#   date: 18-02-2015                                                   #
#                                                                      #
# Please cite                                                          #
#    A. van Hameren,                                                   #
#      Comput.Phys.Commun. 182 (2011) 2427-2438, arXiv:1007.4716       #
#    A. van Hameren, C.G. Papadopoulos and R. Pittau,                  #
#      JHEP 0909:106,2009, arXiv:0903.4665                             #
# in publications with results obtained with the help of this program. #
#                                                                      #
########################################################################
########################################################################
#                                                                      #
#                      You are using OneLOop-3.6                       #
#                                                                      #
# for the evaluation of 1-loop scalar 1-, 2-, 3- and 4-point functions #
#                                                                      #
# author: Andreas van Hameren <hamerenREMOVETHIS@ifj.edu.pl>           #
#   date: 18-02-2015                                                   #
#                                                                      #
# Please cite                                                          #
#    A. van Hameren,                                                   #
#      Comput.Phys.Commun. 182 (2011) 2427-2438, arXiv:1007.4716       #
#    A. van Hameren, C.G. Papadopoulos and R. Pittau,                  #
#      JHEP 0909:106,2009, arXiv:0903.4665                             #
# in publications with results obtained with the help of this program. #
#                                                                      #
########################################################################
 PASSED   1.0000000000000001E-005
 MU_R    =    325.00000000000000     
 ALPHA_S =   0.11799999999999999     
 BORN                    3.1056755536442888E-011
 SINGLE POLE (MadFKS)   -2.8097438018617552E-013
 DOUBLE POLE (MadFKS)   -3.3051097790010247E-012
 SINGLE POLE (MadLoop)  -2.8097438018188336E-013
 DOUBLE POLE (MadLoop)  -3.3051097790010174E-012
 FINITE PART (MadLoop)   2.2417013970471292E-012
   325.00000000000000        0.0000000000000000        0.0000000000000000        325.00000000000000        0.0000000000000000     
   325.00000000000000        0.0000000000000000        0.0000000000000000       -325.00000000000000        0.0000000000000000     
   235.76065937170299        41.424778102391159       -75.117990398933202       -219.59327415923650        1.7769999999999999     
   73.034136335702371        34.156647839564080       -49.187964178003185        41.807327810916611        0.0000000000000000     
   87.405932774111932        17.599118990775249        8.7121355472737729       -28.052643987626244        80.419002445756163     
   253.79927151848264       -93.180544932730484        115.59381902966260        205.83859033594615        0.0000000000000000     

 PASSED   1.0000000000000001E-005
 MU_R    =    325.00000000000000     
 ALPHA_S =   0.11799999999999999     
 BORN                    8.5978744426341769E-012
 SINGLE POLE (MadFKS)   -5.7461072956294578E-013
 DOUBLE POLE (MadFKS)   -9.1499960018772659E-013
 SINGLE POLE (MadLoop)  -5.7461072956297598E-013
 DOUBLE POLE (MadLoop)  -9.1499960018772255E-013
 FINITE PART (MadLoop)   6.7720540342002072E-013
   325.00000000000000        0.0000000000000000        0.0000000000000000        325.00000000000000        0.0000000000000000     
   325.00000000000000        0.0000000000000000        0.0000000000000000       -325.00000000000000        0.0000000000000000     
   139.64055403563063       -69.459869122413224        114.23442314048934        40.275920270488172        1.7769999999999999     
   95.479005477767572        33.750649498667563       -75.706762306413310       -47.387976180903649        0.0000000000000000     
   228.77855679499288        213.56693689883656        16.026521860375180        2.1739722943344750        80.419002445756163     
   186.10188369160895       -177.85771727509092       -54.554182694451214        4.9380836160809611        0.0000000000000000     

 PASSED   1.0000000000000001E-005
 MU_R    =    325.00000000000000     
 ALPHA_S =   0.11799999999999999     
 BORN                    2.9732108854269646E-011
 SINGLE POLE (MadFKS)   -1.8692103992229552E-012
 DOUBLE POLE (MadFKS)   -3.1641387526542885E-012
 SINGLE POLE (MadLoop)  -1.8692103992219818E-012
 DOUBLE POLE (MadLoop)  -3.1641387526542973E-012
 FINITE PART (MadLoop)   4.0912405025049946E-012
   325.00000000000000        0.0000000000000000        0.0000000000000000        325.00000000000000        0.0000000000000000     
   325.00000000000000        0.0000000000000000        0.0000000000000000       -325.00000000000000        0.0000000000000000     
   107.54870918743386        68.722025717161614        76.498573821662660        31.445484627599985        1.7769999999999999     
   215.95021659551077       -72.725028952282543        201.05466669358466       -30.374120765369732        0.0000000000000000     
   96.481992319756941        14.584376687617496       -48.467869005386099        16.724847333518937        80.419002445756163     
   230.01908189729838       -10.581373452496589       -229.08537150986126       -17.796211195749184        0.0000000000000000     

 PASSED   1.0000000000000001E-005
 MU_R    =    325.00000000000000     
 ALPHA_S =   0.11799999999999999     
 BORN                    3.9405957700636442E-012
 SINGLE POLE (MadFKS)   -1.8590787002594558E-013
 DOUBLE POLE (MadFKS)   -4.1936452761282710E-013
 SINGLE POLE (MadLoop)  -1.8590787002575357E-013
 DOUBLE POLE (MadLoop)  -4.1936452761282978E-013
 FINITE PART (MadLoop)   6.2024925608126736E-013
   325.00000000000000        0.0000000000000000        0.0000000000000000        325.00000000000000        0.0000000000000000     
   325.00000000000000        0.0000000000000000        0.0000000000000000       -325.00000000000000        0.0000000000000000     
   155.02883055352029        101.76923188970383        94.766548527498415       -68.506242741498170        1.7769999999999999     
   70.938170143494077        39.489437584633656        50.371174220559624       -30.586812684532315        0.0000000000000000     
   198.33795715465357       -155.68431442955213        75.552588749191031        54.082620755716185        80.419002445756163     
   225.69504214833199        14.425644955214677       -220.69031149724904        45.010434670314275        0.0000000000000000     

 PASSED   1.0000000000000001E-005
 MU_R    =    325.00000000000000     
 ALPHA_S =   0.11799999999999999     
 BORN                    1.3799478546314303E-011
 SINGLE POLE (MadFKS)   -1.0626701694920055E-012
 DOUBLE POLE (MadFKS)   -1.4685626589364620E-012
 SINGLE POLE (MadLoop)  -1.0626701694919734E-012
 DOUBLE POLE (MadLoop)  -1.4685626589364282E-012
 FINITE PART (MadLoop)   2.8919377436975702E-012
   325.00000000000000        0.0000000000000000        0.0000000000000000        325.00000000000000        0.0000000000000000     
   325.00000000000000        0.0000000000000000        0.0000000000000000       -325.00000000000000        0.0000000000000000     
   138.64056874135562        15.727902281389042       -58.571015926192771       -124.66001265492993        1.7769999999999999     
   86.207669787435250        26.611589115678271       -35.878907182973379       -73.731198785001283        0.0000000000000000     
   272.80879402424017       -172.61725297841249        15.566120517676890        194.72647998874129        80.419002445756163     
   152.34296744696886        130.27776158134520        78.883802591489228        3.6647314511899496        0.0000000000000000     

 PASSED   1.0000000000000001E-005
 MU_R    =    325.00000000000000     
 ALPHA_S =   0.11799999999999999     
 BORN                    7.7473125010454112E-012
 SINGLE POLE (MadFKS)   -3.0435272536141135E-013
 DOUBLE POLE (MadFKS)   -8.2448143297311249E-013
 SINGLE POLE (MadLoop)  -3.0435272536098565E-013
 DOUBLE POLE (MadLoop)  -8.2448143297312188E-013
 FINITE PART (MadLoop)  -1.0444937491396395E-012
   325.00000000000000        0.0000000000000000        0.0000000000000000        325.00000000000000        0.0000000000000000     
   325.00000000000000        0.0000000000000000        0.0000000000000000       -325.00000000000000        0.0000000000000000     
   167.10393414478648       -150.39081581863167       -72.643174982276022       -5.1126043819165830        1.7769999999999999     
   106.18639618184403       -60.768108116698990        55.072218771888558        67.452490610399039        0.0000000000000000     
   189.28789164640682        54.612378643544027       -7.7491849914553956       -162.23479343357172        80.419002445756163     
   187.42177802696261        156.54654529178660        25.320141201842851        99.894907205089240        0.0000000000000000     

 PASSED   1.0000000000000001E-005
 MU_R    =    325.00000000000000     
 ALPHA_S =   0.11799999999999999     
 BORN                    1.9026375112505560E-012
 SINGLE POLE (MadFKS)   -1.2190769347237462E-013
 DOUBLE POLE (MadFKS)   -2.0248173821471359E-013
 SINGLE POLE (MadLoop)  -1.2190769347237500E-013
 DOUBLE POLE (MadLoop)  -2.0248173821471430E-013
 FINITE PART (MadLoop)   3.6917679367112412E-013
   325.00000000000000        0.0000000000000000        0.0000000000000000        325.00000000000000        0.0000000000000000     
   325.00000000000000        0.0000000000000000        0.0000000000000000       -325.00000000000000        0.0000000000000000     
   141.73682323233692       -35.569175766714764       -77.778323601440235       -113.01121822200160        1.7769999999999999     
   260.47207548125135        97.185342214859148        227.38289982799802        81.839649497673463        0.0000000000000000     
   106.51897434701043       -66.445407663062966       -15.985737985612644       -14.440911436375393        80.419002445756163     
   141.27212693940135        4.8292412149185795       -133.61883824094514        45.612480160703747        0.0000000000000000     

 PASSED   1.0000000000000001E-005
 MU_R    =    325.00000000000000     
 ALPHA_S =   0.11799999999999999     
 BORN                    1.3172593653330914E-010
 SINGLE POLE (MadFKS)   -1.7389570921397843E-011
 DOUBLE POLE (MadFKS)   -1.4018485622988993E-011
 SINGLE POLE (MadLoop)  -1.7389570921397907E-011
 DOUBLE POLE (MadLoop)  -1.4018485622988986E-011
 FINITE PART (MadLoop)   2.4907811440978874E-011
   325.00000000000000        0.0000000000000000        0.0000000000000000        325.00000000000000        0.0000000000000000     
   325.00000000000000        0.0000000000000000        0.0000000000000000       -325.00000000000000        0.0000000000000000     
   92.159682411535741        46.544326178864935        78.489709305029223       -12.776563190567549        1.7769999999999999     
   112.18772764122635        68.933595202562103       -87.405492396592564        13.947242905338586        0.0000000000000000     
   225.88156496593771       -32.531319034640980        141.21184185557482        153.48027377716372        80.419002445756163     
   219.77102498130012       -82.946602346786122       -132.29605876401149       -154.65095349193484        0.0000000000000000     

 PASSED   1.0000000000000001E-005
 MU_R    =    325.00000000000000     
 ALPHA_S =   0.11799999999999999     
 BORN                    2.9744751700855715E-012
 SINGLE POLE (MadFKS)   -1.3755866065516028E-013
 DOUBLE POLE (MadFKS)   -3.1654842246832962E-013
 SINGLE POLE (MadLoop)  -1.3755866065491425E-013
 DOUBLE POLE (MadLoop)  -3.1654842246833275E-013
 FINITE PART (MadLoop)   4.6174454692924527E-013
   325.00000000000000        0.0000000000000000        0.0000000000000000        325.00000000000000        0.0000000000000000     
   325.00000000000000        0.0000000000000000        0.0000000000000000       -325.00000000000000        0.0000000000000000     
   164.61462591657479        152.19570820207383        38.870464151671065       -49.197263726316301        1.7769999999999999     
   171.72417317775356       -156.22831970729203       -61.232857238087000       -36.502615926524001        0.0000000000000000     
   156.20770716236180       -120.40627582355130        58.497147923014445       -3.7475658403164664        80.419002445756163     
   157.45349374330979        124.43888732876950       -36.134754836598475        89.447445493156764        0.0000000000000000     

 PASSED   1.0000000000000001E-005
 MU_R    =    325.00000000000000     
 ALPHA_S =   0.11799999999999999     
 BORN                    1.6755421713420316E-010
 SINGLE POLE (MadFKS)   -1.4697503764207247E-011
 DOUBLE POLE (MadFKS)   -1.7831388758986387E-011
 SINGLE POLE (MadLoop)  -1.4697503764206914E-011
 DOUBLE POLE (MadLoop)  -1.7831388758986258E-011
 FINITE PART (MadLoop)   2.3992162157490394E-011
   325.00000000000000        0.0000000000000000        0.0000000000000000        325.00000000000000        0.0000000000000000     
   325.00000000000000        0.0000000000000000        0.0000000000000000       -325.00000000000000        0.0000000000000000     
   256.02709772959889       -72.583100391612760       -181.85477568080913       -164.94620681441947        1.7769999999999999     
   28.386576599738067        22.944073503994378        6.0159994453148515       -15.594068512420725        0.0000000000000000     
   279.56950199944004       -17.522467191392646        220.57848176921479        150.76467430323049        80.419002445756163     
   86.016823671223065        67.161494079011092       -44.739705533720553        29.775601023609962        0.0000000000000000     

 PASSED   1.0000000000000001E-005
 MU_R    =    325.00000000000000     
 ALPHA_S =   0.11799999999999999     
 BORN                    4.2740773770679653E-012
 SINGLE POLE (MadFKS)   -4.2472515809095278E-013
 DOUBLE POLE (MadFKS)   -4.5485417556184144E-013
 SINGLE POLE (MadLoop)  -4.2472515809026530E-013
 DOUBLE POLE (MadLoop)  -4.5485417556182993E-013
 FINITE PART (MadLoop)   5.4232141976443874E-013
   325.00000000000000        0.0000000000000000        0.0000000000000000        325.00000000000000        0.0000000000000000     
   325.00000000000000        0.0000000000000000        0.0000000000000000       -325.00000000000000        0.0000000000000000     
   207.34147960416533        204.45851908372106       -32.150514876882035       -12.263352016783267        1.7769999999999999     
   254.90891088634663       -209.23865302740825        144.25172257765732        19.727631938929569        0.0000000000000000     
   86.658738479819419        28.356966675829906       -13.799591098969032       -6.9263790677615429        80.419002445756163     
   101.09087102966865       -23.576832732142787       -98.301616601806259      -0.53790085438476054        0.0000000000000000     

 PASSED   1.0000000000000001E-005
 MU_R    =    325.00000000000000     
 ALPHA_S =   0.11799999999999999     
 BORN                    4.9983246387757851E-010
 SINGLE POLE (MadFKS)   -2.8104690118513192E-011
 DOUBLE POLE (MadFKS)   -5.3192973177299724E-011
 SINGLE POLE (MadLoop)  -2.8104690118416254E-011
 DOUBLE POLE (MadLoop)  -5.3192973177294651E-011
 FINITE PART (MadLoop)   6.0465339665342121E-011
   325.00000000000000        0.0000000000000000        0.0000000000000000        325.00000000000000        0.0000000000000000     
   325.00000000000000        0.0000000000000000        0.0000000000000000       -325.00000000000000        0.0000000000000000     
   106.23674967792977        68.628417280486076       -81.014643345470176       -3.1396111722395195        1.7769999999999999     
   177.29979963498081        29.475160610592983       -159.65152852238975        71.258847156326297        0.0000000000000000     
   107.45345700068361        43.567383950325542        24.529469090904595       -50.785998748380429        80.419002445756163     
   259.00999368640578       -141.67096184140465        216.13670277695536       -17.333237235706378        0.0000000000000000     

 PASSED   1.0000000000000001E-005
 MU_R    =    325.00000000000000     
 ALPHA_S =   0.11799999999999999     
 BORN                    5.1686638018130960E-012
 SINGLE POLE (MadFKS)   -3.7529635884257684E-013
 DOUBLE POLE (MadFKS)   -5.5005749894561245E-013
 SINGLE POLE (MadLoop)  -3.7529635884134264E-013
 DOUBLE POLE (MadLoop)  -5.5005749894561488E-013
 FINITE PART (MadLoop)   9.1152596959979595E-013
   325.00000000000000        0.0000000000000000        0.0000000000000000        325.00000000000000        0.0000000000000000     
   325.00000000000000        0.0000000000000000        0.0000000000000000       -325.00000000000000        0.0000000000000000     
   193.62784279645780        45.342508494823363        29.017344616865042        185.98557581649368        1.7769999999999999     
   207.70006778415129       -20.674469474963555        121.27988611278558       -167.34118947210686        0.0000000000000000     
   124.58164941167529       -67.822622834124019       -39.408595214180963       -53.855602038302607        80.419002445756163     
   124.09044000771573        43.154583814264228       -110.88863551546966        35.211215693915747        0.0000000000000000     

 PASSED   1.0000000000000001E-005
 MU_R    =    325.00000000000000     
 ALPHA_S =   0.11799999999999999     
 BORN                    1.0939607067165702E-010
 SINGLE POLE (MadFKS)   -1.4670796311597438E-011
 DOUBLE POLE (MadFKS)   -1.1642105452287471E-011
 SINGLE POLE (MadLoop)  -1.4670796311597845E-011
 DOUBLE POLE (MadLoop)  -1.1642105452287495E-011
 FINITE PART (MadLoop)   2.6875426448444787E-011
   325.00000000000000        0.0000000000000000        0.0000000000000000        325.00000000000000        0.0000000000000000     
   325.00000000000000        0.0000000000000000        0.0000000000000000       -325.00000000000000        0.0000000000000000     
   96.414205809059055        82.556075894639548       -46.008777062850136       -18.979676468556136        1.7769999999999999     
   245.83620628562630        24.707964350903943        161.37250460125446       -183.80389434737666        0.0000000000000000     
   246.79770431200856       -60.459491481319645       -77.344154969774053        211.67055175706153        80.419002445756163     
   60.951883593306128       -46.804548764223853       -38.019572568630302       -8.8869809411287637        0.0000000000000000     

 PASSED   1.0000000000000001E-005
 MU_R    =    325.00000000000000     
 ALPHA_S =   0.11799999999999999     
 BORN                    1.8414812622887950E-012
 SINGLE POLE (MadFKS)   -2.2174678766943082E-013
 DOUBLE POLE (MadFKS)   -1.9597339202725189E-013
 SINGLE POLE (MadLoop)  -2.2174678766943082E-013
 DOUBLE POLE (MadLoop)  -1.9597339202725295E-013
 FINITE PART (MadLoop)  -3.8621676668831167E-014
   325.00000000000000        0.0000000000000000        0.0000000000000000        325.00000000000000        0.0000000000000000     
   325.00000000000000        0.0000000000000000        0.0000000000000000       -325.00000000000000        0.0000000000000000     
   214.56369579441062       -55.002012661754193       -207.35124020171563        3.8293098494403335        1.7769999999999999     
   154.35772451323493        107.39830966556720        47.220599073083626        100.31014515522222        0.0000000000000000     
   126.90609781270477        52.579595432468857        78.775126194564010       -25.841968672407074        80.419002445756163     
   154.17248187964967       -104.97589243628181        81.355514934068012       -78.297486332255474        0.0000000000000000     

 PASSED   1.0000000000000001E-005
 MU_R    =    325.00000000000000     
 ALPHA_S =   0.11799999999999999     
 BORN                    1.0020391916259084E-012
 SINGLE POLE (MadFKS)   -6.1531038881781885E-014
 DOUBLE POLE (MadFKS)   -1.0663861932708497E-013
 SINGLE POLE (MadLoop)  -6.1531038881795782E-014
 DOUBLE POLE (MadLoop)  -1.0663861932708396E-013
 FINITE PART (MadLoop)   1.6929470745272154E-013
   325.00000000000000        0.0000000000000000        0.0000000000000000        325.00000000000000        0.0000000000000000     
   325.00000000000000        0.0000000000000000        0.0000000000000000       -325.00000000000000        0.0000000000000000     
   125.53035135790684       -31.524488719786650       -68.938625030828163       -100.04191108157849        1.7769999999999999     
   235.41318129563942       -185.31676272749237        45.965046281077569        137.71084888386349        0.0000000000000000     
   131.73839659142081        66.422197616648120        5.4594252182286063       -80.287455571648593        80.419002445756163     
   157.31807075503289        150.41905383063093        17.514153531521995        42.618517769363585        0.0000000000000000     

 PASSED   1.0000000000000001E-005
 MU_R    =    325.00000000000000     
 ALPHA_S =   0.11799999999999999     
 BORN                    5.8701844323067156E-011
 SINGLE POLE (MadFKS)   -2.4146814402481852E-012
 DOUBLE POLE (MadFKS)   -6.2471445058032889E-012
 SINGLE POLE (MadLoop)  -2.4146814402412947E-012
 DOUBLE POLE (MadLoop)  -6.2471445058032978E-012
 FINITE PART (MadLoop)   1.0571731094284102E-011
   325.00000000000000        0.0000000000000000        0.0000000000000000        325.00000000000000        0.0000000000000000     
   325.00000000000000        0.0000000000000000        0.0000000000000000       -325.00000000000000        0.0000000000000000     
   110.59276791053783        71.814777843488187        10.186123878157604       -83.465460813101330        1.7769999999999999     
   220.99816644398277        61.957055601868952       -172.96993705860109       -122.81251445472816        0.0000000000000000     
   156.34822765938156       -58.195609241835697        63.820522250502641        102.55615214361320        80.419002445756163     
   162.06083798609777       -75.576224203521434        98.963290929940882        103.72182312421630        0.0000000000000000     

 PASSED   1.0000000000000001E-005
 MU_R    =    325.00000000000000     
 ALPHA_S =   0.11799999999999999     
 BORN                    1.2795255809052234E-012
 SINGLE POLE (MadFKS)   -9.7332828116475081E-014
 DOUBLE POLE (MadFKS)   -1.3616916631775729E-013
 SINGLE POLE (MadLoop)  -9.7332828116465804E-014
 DOUBLE POLE (MadLoop)  -1.3616916631775870E-013
 FINITE PART (MadLoop)   1.7463232657614723E-013
   325.00000000000000        0.0000000000000000        0.0000000000000000        325.00000000000000        0.0000000000000000     
   325.00000000000000        0.0000000000000000        0.0000000000000000       -325.00000000000000        0.0000000000000000     
   108.98610285955368        80.405786438334616        52.503420518699862        51.508380178206963        1.7769999999999999     
   224.59643664460535       -80.678350272701820       -209.07444896946856        14.914353450370092        0.0000000000000000     
   154.23045063893613       -108.70405243426048        36.465193975566535       -64.602899026379916        80.419002445756163     
   162.18700985690489        108.97661626862774        120.10583447520214       -1.8198346021971215        0.0000000000000000     

 PASSED   1.0000000000000001E-005
 MU_R    =    325.00000000000000     
 ALPHA_S =   0.11799999999999999     
 BORN                    1.7245688491161094E-010
 SINGLE POLE (MadFKS)   -2.8457030255315560E-011
 DOUBLE POLE (MadFKS)   -1.8353138534016480E-011
 SINGLE POLE (MadLoop)  -2.8457030255331671E-011
 DOUBLE POLE (MadLoop)  -1.8353138534017724E-011
 FINITE PART (MadLoop)  -3.9183710101897449E-012
   325.00000000000000        0.0000000000000000        0.0000000000000000        325.00000000000000        0.0000000000000000     
   325.00000000000000        0.0000000000000000        0.0000000000000000       -325.00000000000000        0.0000000000000000     
   32.957251410679902        23.659288033576740        18.682189177998676       -13.199870787567747        1.7769999999999999     
   275.26814775921440        273.60339375449820        3.9934408674011457       -29.963119444549243        0.0000000000000000     
Thanks for using LHAPDF 6.2.1. Please make sure to cite the paper:
  Eur.Phys.J. C75 (2015) 3, 132  (http://arxiv.org/abs/1412.7420)
   305.29084460554782       -284.59999814779638       -55.971955859147450        51.041797158546629        80.419002445756163     
   36.483756224557801       -12.662683640278489        33.296325813747494       -7.8788069264296334        0.0000000000000000     

 PASSED   1.0000000000000001E-005
 MU_R    =    325.00000000000000     
 ALPHA_S =   0.11799999999999999     
 BORN                    4.8742701583654808E-012
 SINGLE POLE (MadFKS)   -3.9549293064584694E-013
 DOUBLE POLE (MadFKS)   -5.1872765482545949E-013
 SINGLE POLE (MadLoop)  -3.9549293064611366E-013
 DOUBLE POLE (MadLoop)  -5.1872765482547090E-013
 FINITE PART (MadLoop)   4.2869273156772149E-013
   325.00000000000000        0.0000000000000000        0.0000000000000000        325.00000000000000        0.0000000000000000     
   325.00000000000000        0.0000000000000000        0.0000000000000000       -325.00000000000000        0.0000000000000000     
   155.58624171965934       -137.71598609352412       -31.431952828609116        65.194021191491458        1.7769999999999999     
   119.51741741607047        54.711137534079647       -71.151853713308967       -78.920961782622342        0.0000000000000000     
   258.43528981248778        169.41689538789336        177.64978241918357       -7.7494147932820363        80.419002445756163     
   116.46105105178233       -86.412046828448894       -75.065975877265501        21.476355384412919        0.0000000000000000     

 NUMBER OF POINTS PASSING THE CHECK          20
 NUMBER OF POINTS FAILING THE CHECK           0
 TOLERANCE    1.0000000000000001E-005
