==== LHAPDF6 USING DEFAULT-TYPE LHAGLUE INTERFACE ====
LHAPDF 6.2.1 loading /cvmfs/cms.cern.ch/slc7_amd64_gcc700/external/lhapdf/6.2.1-pafccj3/share/LHAPDF/NNPDF31_nnlo_as_0118_nf_4_mc_hessian/NNPDF31_nnlo_as_0118_nf_4_mc_hessian_0000.dat
NNPDF31_nnlo_as_0118_nf_4_mc_hessian PDF set, member #0, version 1; LHAPDF ID = 325500
 A PDF is used, so alpha_s(MZ) is going to be modified
 Old value of alpha_s from param_card:   0.11799999999999999     
 New value of alpha_s from PDF lhapdf :  0.11266013434007299     
 *****************************************************
 *               MadGraph/MadEvent                   *
 *        --------------------------------           *
 *          http://madgraph.hep.uiuc.edu             *
 *          http://madgraph.phys.ucl.ac.be           *
 *          http://madgraph.roma2.infn.it            *
 *        --------------------------------           *
 *                                                   *
 *          PARAMETER AND COUPLING VALUES            *
 *                                                   *
 *****************************************************

  External Params
  ---------------------------------
  
 MU_R =    91.188000000000002     
 aEWM1 =    132.50700000000001     
 mdl_Gf =    1.1663900000000000E-005
 aS =   0.11799999999999999     
 mdl_ymb =    4.7000000000000002     
 mdl_ymt =    173.00000000000000     
 mdl_ymtau =    1.7769999999999999     
 mdl_MT =    173.00000000000000     
 mdl_MB =    4.7000000000000002     
 mdl_MZ =    91.188000000000002     
 mdl_MH =    125.00000000000000     
 mdl_MTA =    1.7769999999999999     
 mdl_WT =    1.4915000000000000     
 mdl_WZ =    2.4414039999999999     
 mdl_WW =    2.0476000000000001     
 mdl_WH =    6.3823389999999999E-003
  Internal Params
  ---------------------------------
  
 mdl_conjg__CKM3x3 =    1.0000000000000000     
 mdl_CKM22 =    1.0000000000000000     
 mdl_lhv =    1.0000000000000000     
 mdl_CKM3x3 =    1.0000000000000000     
 mdl_conjg__CKM22 =    1.0000000000000000     
 mdl_conjg__CKM33 =    1.0000000000000000     
 mdl_Ncol =    3.0000000000000000     
 mdl_CA =    3.0000000000000000     
 mdl_TF =   0.50000000000000000     
 mdl_CF =    1.3333333333333333     
 mdl_complexi =                (0.0000000000000000,1.0000000000000000)
 mdl_MZ__exp__2 =    8315.2513440000002     
 mdl_MZ__exp__4 =    69143404.913893804     
 mdl_sqrt__2 =    1.4142135623730951     
 mdl_MH__exp__2 =    15625.000000000000     
 mdl_Ncol__exp__2 =    9.0000000000000000     
 mdl_MB__exp__2 =    22.090000000000003     
 mdl_MT__exp__2 =    29929.000000000000     
 mdl_aEW =    7.5467711139788835E-003
 mdl_MW =    80.419002445756163     
 mdl_sqrt__aEW =    8.6872153846781555E-002
 mdl_ee =   0.30795376724436879     
 mdl_MW__exp__2 =    6467.2159543705357     
 mdl_sw2 =   0.22224648578577766     
 mdl_cw =   0.88190334743339216     
 mdl_sqrt__sw2 =   0.47143025548407230     
 mdl_sw =   0.47143025548407230     
 mdl_g1 =   0.34919219678733299     
 mdl_gw =   0.65323293034757990     
 mdl_v =    246.21845810181637     
 mdl_v__exp__2 =    60623.529110035903     
 mdl_lam =   0.12886910601690263     
 mdl_yb =    2.6995554250465490E-002
 mdl_yt =   0.99366614581500623     
 mdl_ytau =    1.0206617000654717E-002
 mdl_muH =    88.388347648318430     
 mdl_AxialZUp =  -0.18517701861793787     
 mdl_AxialZDown =   0.18517701861793787     
 mdl_VectorZUp =    7.5430507588273299E-002
 mdl_VectorZDown =  -0.13030376310310560     
 mdl_VectorAUp =   0.20530251149624587     
 mdl_VectorADown =  -0.10265125574812294     
 mdl_VectorWmDxU =   0.23095271737156670     
 mdl_AxialWmDxU =  -0.23095271737156670     
 mdl_VectorWpUxD =   0.23095271737156670     
 mdl_AxialWpUxD =  -0.23095271737156670     
 mdl_I1x33 =          (2.69955542504654901E-002,0.0000000000000000)
 mdl_I2x33 =               (0.99366614581500623,0.0000000000000000)
 mdl_I3x33 =               (0.99366614581500623,0.0000000000000000)
 mdl_I4x33 =          (2.69955542504654901E-002,0.0000000000000000)
 mdl_Vector_tbGp =              (-0.96667059156454072,0.0000000000000000)
 mdl_Axial_tbGp =              (-1.0206617000654716,-0.0000000000000000)
 mdl_Vector_tbGm =               (0.96667059156454072,0.0000000000000000)
 mdl_Axial_tbGm =              (-1.0206617000654716,-0.0000000000000000)
 mdl_gw__exp__2 =   0.42671326129048615     
 mdl_cw__exp__2 =   0.77775351421422245     
 mdl_ee__exp__2 =    9.4835522759998875E-002
 mdl_sw__exp__2 =   0.22224648578577769     
 mdl_yb__exp__2 =    7.2875994928982540E-004
 mdl_yt__exp__2 =   0.98737240933884918     
  Internal Params evaluated point by point
  ----------------------------------------
  
 mdl_sqrt__aS =   0.34351128074635334     
 mdl_G__exp__4 =    2.1987899468922913     
 mdl_G__exp__2 =    1.4828317324943823     
 mdl_R2MixedFactor_FIN_ =   -2.5040377713124864E-002
 mdl_G_UVg_1EPS_ =   -5.1645779033320030E-002
 mdl_G_UVq_1EPS_ =    3.1300472141406080E-003
 mdl_GWcft_UV_b_1EPS_ =   -3.1300472141406080E-003
 mdl_GWcft_UV_t_1EPS_ =   -3.1300472141406080E-003
 mdl_bWcft_UV_1EPS_ =   -1.8780283284843650E-002
 mdl_tWcft_UV_1EPS_ =   -1.8780283284843650E-002
 mdl_G__exp__3 =    1.8056676068262196     
 mdl_MU_R__exp__2 =    8315.2513440000002     
 mdl_G_UVb_FIN_ =    1.8563438626678915E-002
 mdl_G_UVt_FIN_ =   -4.0087659331150384E-003
 mdl_GWcft_UV_b_FIN_ =   -1.8563438626678915E-002
 mdl_GWcft_UV_t_FIN_ =    4.0087659331150384E-003
 mdl_bWcft_UV_FIN_ =  -0.13642100947319838     
 mdl_tWcft_UV_FIN_ =   -9.8778211443463623E-004
  Couplings of loop_sm
  ---------------------------------
  
      UV_GQQb =   0.00000E+00   0.22605E-01
      UV_GQQt =   0.00000E+00  -0.48815E-02
   UVWfct_G_2 =   0.40088E-02   0.00000E+00
   UVWfct_G_1 =  -0.18563E-01   0.00000E+00
       R2_DDA =   0.00000E+00   0.25704E-02
       R2_UUA =  -0.00000E+00  -0.51409E-02
    R2_UUZ_V2 =  -0.00000E+00  -0.72127E-02
    R2_UUZ_V5 =   0.00000E+00   0.68702E-03
      R2_sxcW =  -0.00000E+00  -0.11566E-01
      R2_GGHb =   0.00000E+00  -0.33698E-02
      R2_GGHt =   0.00000E+00  -0.45657E+01
     R2_GGZup =  -0.46369E-02   0.00000E+00
    R2_GGWWcs =   0.00000E+00   0.13356E-02
         GC_4 =  -0.12177E+01   0.00000E+00
         GC_5 =   0.00000E+00   0.12177E+01
       R2_GQQ =  -0.00000E+00  -0.30492E-01
       R2_QQq =   0.00000E+00   0.12520E-01
 UV_GQQg_1eps =   0.00000E+00  -0.62890E-01
 UV_GQQq_1eps =   0.00000E+00   0.38115E-02
 UVWfct_G_2_1eps -0.31300E-02   0.00000E+00
         GC_1 =  -0.00000E+00  -0.10265E+00
         GC_2 =   0.00000E+00   0.20530E+00
         GC_7 =   0.00000E+00   0.57609E+00
        GC_22 =   0.00000E+00   0.28804E+00
        GC_23 =  -0.00000E+00  -0.27437E-01
        GC_24 =   0.00000E+00   0.82310E-01
        GC_25 =   0.00000E+00   0.30795E+00
        GC_28 =   0.00000E+00   0.37035E+00
        GC_31 =   0.00000E+00   0.52532E+02
        GC_33 =  -0.00000E+00  -0.19089E-01
        GC_37 =  -0.00000E+00  -0.70263E+00
        GC_38 =  -0.00000E+00  -0.72172E-02
        GC_47 =   0.00000E+00   0.46191E+00

 Collider parameters:
 --------------------

 Running at P P   machine @    13000.000000000000       GeV
 PDF set = lhapdf 
 alpha_s(Mz)= 0.1127 running at 3 loops.
 alpha_s(Mz)= 0.1127 running at 3 loops.
 Renormalization scale set on event-by-event basis
 Factorization   scale set on event-by-event basis


 ===============================================================
 INFO: MadFKS read these parameters from FKS_params.dat
 ===============================================================
  > IRPoleCheckThreshold      =    1.0000000000000001E-005
  > PrecisionVirtualAtRunTime =    1.0000000000000000E-003
  > NHelForMCoverHels         =            4
  > VirtualFraction           =    1.0000000000000000     
  > MinVirtualFraction        =    5.0000000000000001E-003
 ===============================================================
  Insert the number of points to test
 Insert the relative tolerance
  A negative number will mean use the default one:    1.0000000000000001E-005
Using random seed offsets:     1 ,     45 ,      0
  with seed                   32
 Ranmar initialization seeds       10730        9451
  ========================================================================================== 
 {                                                                                          }
 {       [32m                                                                            [0m       }
 {       [32m                               ,,                                           [0m       }
 {       [32m`7MMM.     ,MMF'             `7MM  `7MMF'                                   [0m       }
 {       [32m  MMMb    dPMM                 MM    MM                                     [0m       }
 {       [32m  M YM   ,M MM   ,6"Yb.   ,M""bMM    MM         ,pW"Wq.   ,pW"Wq.`7MMpdMAo. [0m       }
 {       [32m  M  Mb  M' MM  8)   MM ,AP    MM    MM        6W'   `Wb 6W'   `Wb MM   `Wb [0m       }
 {       [32m  M  YM.P'  MM   ,pm9MM 8MI    MM    MM      , 8M     M8 8M     M8 MM    M8 [0m       }
 {       [32m  M  `YM'   MM  8M   MM `Mb    MM    MM     ,M YA.   ,A9 YA.   ,A9 MM   ,AP [0m       }
 {       [32m.JML. `'  .JMML.`Moo9^Yo.`Wbmd"MML..JMMmmmmMMM  `Ybmd9'   `Ybmd9'  MMbmmd'  [0m       }
 {       [32m                                                                   MM       [0m       }
 {       [32m                                                                 .JMML.     [0m       }
 {       [32m[0mv2.6.5 (2018-02-03), Ref: arXiv:1103.0621v2, arXiv:1405.0301[32m                [0m       }
 {       [32m                                                                            [0m       }
 {                                                                                          }
  ========================================================================================== 
 ===============================================================
 INFO: MadLoop read these parameters from ./MadLoop5_resources/MadLoopParams.dat                                                                                                                                                                                                                                                                                                                                                                                                                                                                                          
 ===============================================================
  > MLReductionLib            = 6|7|1
  > CTModeRun                 =           -1
  > MLStabThres               =    1.0000000000000000E-003
  > NRotations_DP             =            0
  > NRotations_QP             =            0
  > CTStabThres               =    1.0000000000000000E-002
  > CTLoopLibrary             =            2
  > CTModeInit                =            1
  > CheckCycle                =            3
  > MaxAttempts               =           10
  > UseLoopFilter             =  F
  > HelicityFilterLevel       =            2
  > ImprovePSPoint            =            2
  > DoubleCheckHelicityFilter =  T
  > LoopInitStartOver         =  F
  > HelInitStartOver          =  F
  > ZeroThres                 =    1.0000000000000001E-009
  > OSThres                   =    1.0000000000000000E-008
  > WriteOutFilters           =  T
  > UseQPIntegrandForNinja    =  T
  > UseQPIntegrandForCutTools =  T
  > IREGIMODE                 =            2
  > IREGIRECY                 =  T
  > COLLIERMode               =            1
  > COLLIERRequiredAccuracy   =    1.0000000000000000E-008
  > COLLIERCanOutput          =  F
  > COLLIERComputeUVpoles     =  T
  > COLLIERComputeIRpoles     =  T
  > COLLIERGlobalCache        =           -1
  > COLLIERUseCacheForPoles   =  F
  > COLLIERUseInternalStabilityTest =  T
 ===============================================================
  
------------------------------------------------------------------------
|              You are using CutTools - Version 1.9.3                  |
|              Authors: G. Ossola, C. Papadopoulos, R. Pittau          |
|              Published in JHEP 0803:042,2008                         |
|              http://www.ugr.es/~pittau/CutTools                      |
|                                                                      |
|              Compiler with  34  significant digits detetected        |
 ---------------------------------------------------------------------- 
   
########################################################################
#                                                                      #

  +----------------------------------------------------------------+
  |                                                                |
  |  Ninja - version 1.1.0                                         |
  |                                                                |
  |  Author: Tiziano Peraro                                        |
  |                                                                |
  |  Based on:                                                     |
  |                                                                |
  |      P. Mastrolia, E. Mirabella and T. Peraro,                 |
  |      "Integrand reduction of one-loop scattering amplitudes    |
  |      through Laurent series expansion,"                        |
  |      JHEP 1206 (2012) 095  [arXiv:1203.0291 [hep-ph]].         |
  |                                                                |
  |      T. Peraro,                                                |
  |      "Ninja: Automated Integrand Reduction via Laurent         |
  |      Expansion for One-Loop Amplitudes,"                       |
  |      Comput.Phys.Commun. 185 (2014) [arXiv:1403.1229 [hep-ph]] |
  |                                                                |
  +----------------------------------------------------------------+


#                      You are using OneLOop-3.6                       #
#                                                                      #
# for the evaluation of 1-loop scalar 1-, 2-, 3- and 4-point functions #
#                                                                      #
# author: Andreas van Hameren <hamerenREMOVETHIS@ifj.edu.pl>           #
#   date: 18-02-2015                                                   #
#                                                                      #
# Please cite                                                          #
#    A. van Hameren,                                                   #
#      Comput.Phys.Commun. 182 (2011) 2427-2438, arXiv:1007.4716       #
#    A. van Hameren, C.G. Papadopoulos and R. Pittau,                  #
#      JHEP 0909:106,2009, arXiv:0903.4665                             #
# in publications with results obtained with the help of this program. #
#                                                                      #
########################################################################
########################################################################
#                                                                      #
#                      You are using OneLOop-3.6                       #
#                                                                      #
# for the evaluation of 1-loop scalar 1-, 2-, 3- and 4-point functions #
#                                                                      #
# author: Andreas van Hameren <hamerenREMOVETHIS@ifj.edu.pl>           #
#   date: 18-02-2015                                                   #
#                                                                      #
# Please cite                                                          #
#    A. van Hameren,                                                   #
#      Comput.Phys.Commun. 182 (2011) 2427-2438, arXiv:1007.4716       #
#    A. van Hameren, C.G. Papadopoulos and R. Pittau,                  #
#      JHEP 0909:106,2009, arXiv:0903.4665                             #
# in publications with results obtained with the help of this program. #
#                                                                      #
########################################################################
 PASSED   1.0000000000000001E-005
 MU_R    =    325.00000000000000     
 ALPHA_S =   0.11799999999999999     
 BORN                    2.1222682089963093E-011
 SINGLE POLE (MadFKS)   -1.8195059449461719E-012
 DOUBLE POLE (MadFKS)   -2.2585518963775457E-012
 SINGLE POLE (MadLoop)  -1.8195059449461170E-012
 DOUBLE POLE (MadLoop)  -2.2585518963775505E-012
 FINITE PART (MadLoop)   1.8736224235004594E-013
   325.00000000000000        0.0000000000000000        0.0000000000000000        325.00000000000000        0.0000000000000000     
   325.00000000000000        0.0000000000000000        0.0000000000000000       -325.00000000000000        0.0000000000000000     
   121.58897194948280        86.734260679375481      -0.81135591756594361        85.207909408160447        0.0000000000000000     
   205.60276153620688        192.86200609097946        6.0369680680553159       -70.995050351574903        0.0000000000000000     
   245.30995197187804       -227.42525797359326        37.787932304537350        23.655460043440964        80.419002445756163     
   77.498314542432297       -52.171008796761626       -43.013544455026718       -37.868319100026511        0.0000000000000000     

 PASSED   1.0000000000000001E-005
 MU_R    =    325.00000000000000     
 ALPHA_S =   0.11799999999999999     
 BORN                    1.1233573419590265E-011
 SINGLE POLE (MadFKS)   -3.6912023271362741E-013
 DOUBLE POLE (MadFKS)   -1.1954949163523047E-012
 SINGLE POLE (MadLoop)  -3.6912023271365841E-013
 DOUBLE POLE (MadLoop)  -1.1954949163523049E-012
 FINITE PART (MadLoop)   6.5277182127659107E-013
   325.00000000000000        0.0000000000000000        0.0000000000000000        325.00000000000000        0.0000000000000000     
   325.00000000000000        0.0000000000000000        0.0000000000000000       -325.00000000000000        0.0000000000000000     
   86.572366915225388        51.742740769598271        6.8441861604626073        69.069679359003089        0.0000000000000000     
   215.40358822605870       -211.17836220899690       -40.179556045482599        13.711616657968847        0.0000000000000000     
   123.17421268639964        5.1747298760961522       -89.743247240010774        24.980841900776905        80.419002445756163     
   224.84983217231630        154.26089156330249        123.07861712503082       -107.76213791774884        0.0000000000000000     

 PASSED   1.0000000000000001E-005
 MU_R    =    325.00000000000000     
 ALPHA_S =   0.11799999999999999     
 BORN                    1.9277765294595800E-012
 SINGLE POLE (MadFKS)   -2.5604979568416880E-014
 DOUBLE POLE (MadFKS)   -2.0515707288770066E-013
 SINGLE POLE (MadLoop)  -2.5604979519203439E-014
 DOUBLE POLE (MadLoop)  -2.0515707289854395E-013
 FINITE PART (MadLoop)  -8.0135574900117846E-012
   325.00000000000000        0.0000000000000000        0.0000000000000000        325.00000000000000        0.0000000000000000     
   325.00000000000000        0.0000000000000000        0.0000000000000000       -325.00000000000000        0.0000000000000000     
   168.49786726321216        73.341053597215534        97.639837053999983       -116.09945456189602        0.0000000000000000     
   97.835118080089842        63.394869561053383        24.633983862095956        70.327574123981719        0.0000000000000000     
   264.68870664814290       -142.37193800592235       -127.52528451866617        164.50054270295672        80.419002445756163     
   118.97830800855506        5.6360148476534864        5.2514636025702357       -118.72866226504242        0.0000000000000000     

 PASSED   1.0000000000000001E-005
 MU_R    =    325.00000000000000     
 ALPHA_S =   0.11799999999999999     
 BORN                    1.2954128585031413E-010
 SINGLE POLE (MadFKS)   -5.9985667761392298E-012
 DOUBLE POLE (MadFKS)   -1.3785991590326908E-011
 SINGLE POLE (MadLoop)  -5.9985667761432607E-012
 DOUBLE POLE (MadLoop)  -1.3785991590326731E-011
 FINITE PART (MadLoop)   2.5342992999246563E-011
   325.00000000000000        0.0000000000000000        0.0000000000000000        325.00000000000000        0.0000000000000000     
   325.00000000000000        0.0000000000000000        0.0000000000000000       -325.00000000000000        0.0000000000000000     
   92.388607769093127        18.252250577496280       -90.260140163604319        7.4577001826384270        0.0000000000000000     
   155.87020751843878       -62.995383661986438       -93.327635410531542       -107.78244614870833        0.0000000000000000     
   170.03613136050774       -2.3425084150190498       -38.909006276863920        144.65708381738463        80.419002445756163     
   231.70505335196034        47.085641499509187        222.49678185099981       -44.332337851314797        0.0000000000000000     

 PASSED   1.0000000000000001E-005
 MU_R    =    325.00000000000000     
 ALPHA_S =   0.11799999999999999     
 BORN                    1.5961955082578822E-012
 SINGLE POLE (MadFKS)   -9.6271314364093304E-014
 DOUBLE POLE (MadFKS)   -1.6986968833077543E-013
 SINGLE POLE (MadLoop)  -9.6271314364010518E-014
 DOUBLE POLE (MadLoop)  -1.6986968833077336E-013
 FINITE PART (MadLoop)   1.9000635799057583E-014
   325.00000000000000        0.0000000000000000        0.0000000000000000        325.00000000000000        0.0000000000000000     
   325.00000000000000        0.0000000000000000        0.0000000000000000       -325.00000000000000        0.0000000000000000     
   168.07466348875502       -88.780826274681147        65.826556813250022       -126.62512314290203        0.0000000000000000     
   152.54665629651760        104.11478611795832       -26.583138394292462        108.27710012726406        0.0000000000000000     
   183.92234562825797        99.252080328160403       -111.14280290630158        71.808879532361729        80.419002445756163     
   145.45633458646950       -114.58604017143760        71.899384487344037       -53.460856516723702        0.0000000000000000     

 PASSED   1.0000000000000001E-005
 MU_R    =    325.00000000000000     
 ALPHA_S =   0.11799999999999999     
 BORN                    2.3086326375593904E-011
 SINGLE POLE (MadFKS)   -1.2953463221774869E-012
 DOUBLE POLE (MadFKS)   -2.4568839129267304E-012
 SINGLE POLE (MadLoop)  -1.2953463221776638E-012
 DOUBLE POLE (MadLoop)  -2.4568839129268375E-012
 FINITE PART (MadLoop)   4.2200663116835722E-013
   325.00000000000000        0.0000000000000000        0.0000000000000000        325.00000000000000        0.0000000000000000     
   325.00000000000000        0.0000000000000000        0.0000000000000000       -325.00000000000000        0.0000000000000000     
   170.38306315553407       -46.742222021711093       -99.468318043738932        130.19833561257761        0.0000000000000000     
   189.73395075793783        90.263759981128075       -143.79860024401953       -84.695857467444100        0.0000000000000000     
   112.45896281904116       -30.916883040363238        72.276763204393035       0.13493601649416034        80.419002445756163     
   177.42402326748686       -12.604654919053745        170.99015508336544       -45.637414161627788        0.0000000000000000     

 PASSED   1.0000000000000001E-005
 MU_R    =    325.00000000000000     
 ALPHA_S =   0.11799999999999999     
 BORN                    1.3987211991066177E-010
 SINGLE POLE (MadFKS)   -2.8115302918523280E-011
 DOUBLE POLE (MadFKS)   -1.4885415534918470E-011
 SINGLE POLE (MadLoop)  -2.8115302918507218E-011
 DOUBLE POLE (MadLoop)  -1.4885415534910569E-011
 FINITE PART (MadLoop)  -2.5413679491450911E-011
   325.00000000000000        0.0000000000000000        0.0000000000000000        325.00000000000000        0.0000000000000000     
   325.00000000000000        0.0000000000000000        0.0000000000000000       -325.00000000000000        0.0000000000000000     
   25.766749070641119       -10.346636379603330       -23.251652736693480       -4.0290344140834211        0.0000000000000000     
   244.34466110301295        228.31107588544657       -87.053800527108095       -4.3027463209326496E-002   0.0000000000000000     
   287.99915697562005       -211.39938239143174        163.82999612062616       -70.330163940760059        80.419002445756163     
   91.889432850725896       -6.5650571144114833       -53.524542856824631        74.402225818052827        0.0000000000000000     

 PASSED   1.0000000000000001E-005
 MU_R    =    325.00000000000000     
 ALPHA_S =   0.11799999999999999     
 BORN                    3.7915048857924700E-011
 SINGLE POLE (MadFKS)   -2.2125626473946169E-012
 DOUBLE POLE (MadFKS)   -4.0349803637595764E-012
 SINGLE POLE (MadLoop)  -2.2125626473840445E-012
 DOUBLE POLE (MadLoop)  -4.0349803637596685E-012
 FINITE PART (MadLoop)   2.2405926408215193E-012
   325.00000000000000        0.0000000000000000        0.0000000000000000        325.00000000000000        0.0000000000000000     
   325.00000000000000        0.0000000000000000        0.0000000000000000       -325.00000000000000        0.0000000000000000     
   121.22806527884688       -23.655435957497620       -118.87481409937595       -2.3329667275578818        0.0000000000000000     
   206.81445089887347        203.77506601323918       -28.376689938559377       -21.040509500329648        0.0000000000000000     
   81.901388282991206        7.3369793410271029       -2.3768650101852815        13.458851926648570        80.419002445756163     
   240.05609553928844       -187.45660939676870        149.62836904812056        9.9146243012390123        0.0000000000000000     

 PASSED   1.0000000000000001E-005
 MU_R    =    325.00000000000000     
 ALPHA_S =   0.11799999999999999     
 BORN                    1.5667260827460452E-011
 SINGLE POLE (MadFKS)   -4.2311142163051130E-013
 DOUBLE POLE (MadFKS)   -1.6673350476110335E-012
 SINGLE POLE (MadLoop)  -4.2311142163047656E-013
 DOUBLE POLE (MadLoop)  -1.6673350476110341E-012
 FINITE PART (MadLoop)   7.0623032394869938E-013
   325.00000000000000        0.0000000000000000        0.0000000000000000        325.00000000000000        0.0000000000000000     
   325.00000000000000        0.0000000000000000        0.0000000000000000       -325.00000000000000        0.0000000000000000     
   192.36553473867028       -100.11981998143781        103.04065524587010        127.91850518467133        0.0000000000000000     
   98.209974813520219       -92.654392182741674       -32.357100875450790       -3.6579755404972927        0.0000000000000000     
   163.33879568446261        68.569255977760051       -123.22135925655176        18.085905531775307        80.419002445756163     
   196.08569476334691        124.20495618641945        52.537804886132463       -142.34643517594935        0.0000000000000000     

 PASSED   1.0000000000000001E-005
 MU_R    =    325.00000000000000     
 ALPHA_S =   0.11799999999999999     
 BORN                    2.1072020114467201E-012
 SINGLE POLE (MadFKS)   -7.3365227547418238E-014
 DOUBLE POLE (MadFKS)   -2.2425182070904992E-013
 SINGLE POLE (MadLoop)  -7.3365227547312531E-014
 DOUBLE POLE (MadLoop)  -2.2425182070904836E-013
 FINITE PART (MadLoop)   7.7838820452086400E-013
   325.00000000000000        0.0000000000000000        0.0000000000000000        325.00000000000000        0.0000000000000000     
   325.00000000000000        0.0000000000000000        0.0000000000000000       -325.00000000000000        0.0000000000000000     
   174.32430775973512       -125.54447969328017       -7.8664627566090166       -120.68830373384695        0.0000000000000000     
   190.28718118639367        148.12405449394876       -28.433691555993928        116.01724435891293        0.0000000000000000     
   156.06197357377044       -52.500161871841691       -6.9707361480341232        122.81394661175332        80.419002445756163     
   129.32653748010071        29.920587071173085        43.270890460637048       -118.14288723681931        0.0000000000000000     

 PASSED   1.0000000000000001E-005
 MU_R    =    325.00000000000000     
 ALPHA_S =   0.11799999999999999     
 BORN                    6.5357471721987382E-012
 SINGLE POLE (MadFKS)   -4.4324454901971013E-013
 DOUBLE POLE (MadFKS)   -6.9554470577471262E-013
 SINGLE POLE (MadLoop)  -4.4324454901967237E-013
 DOUBLE POLE (MadLoop)  -6.9554470577470999E-013
 FINITE PART (MadLoop)   4.6188612700972612E-013
   325.00000000000000        0.0000000000000000        0.0000000000000000        325.00000000000000        0.0000000000000000     
   325.00000000000000        0.0000000000000000        0.0000000000000000       -325.00000000000000        0.0000000000000000     
   231.10683438896888        199.50719090917553        6.9997067967946407        116.43991489853903        0.0000000000000000     
   84.991412603460532        57.737657136041662        36.978075108268946       -50.224746152268274        0.0000000000000000     
   241.74338633448076       -227.26060450203923        17.481499791451689       -4.4343757735076057        80.419002445756163     
   92.158366673089802       -29.984243543177957       -61.459281696515461       -61.780792972763152        0.0000000000000000     

 PASSED   1.0000000000000001E-005
 MU_R    =    325.00000000000000     
 ALPHA_S =   0.11799999999999999     
 BORN                    2.3881665200515955E-010
 SINGLE POLE (MadFKS)   -9.5757084669593433E-012
 DOUBLE POLE (MadFKS)   -2.5415251474170649E-011
 SINGLE POLE (MadLoop)  -9.5757084669600380E-012
 DOUBLE POLE (MadLoop)  -2.5415251474170365E-011
 FINITE PART (MadLoop)   2.5576785381546702E-011
   325.00000000000000        0.0000000000000000        0.0000000000000000        325.00000000000000        0.0000000000000000     
   325.00000000000000        0.0000000000000000        0.0000000000000000       -325.00000000000000        0.0000000000000000     
   178.15287334422413        23.669871880572980       -161.26162388909208        71.922681447603338        0.0000000000000000     
   53.745345473647987        27.075799325640016       -45.697861174465075       -8.1956534235388130        0.0000000000000000     
   160.64337285113541        133.98762792020230        35.841340399826429       -10.089160979960912        80.419002445756163     
   257.45840833099248       -184.73329912641535        171.11814466373073       -53.637867044103608        0.0000000000000000     

 PASSED   1.0000000000000001E-005
 MU_R    =    325.00000000000000     
 ALPHA_S =   0.11799999999999999     
 BORN                    1.3938991458531071E-011
 SINGLE POLE (MadFKS)   -6.5628598387327167E-013
 DOUBLE POLE (MadFKS)   -1.4834098470119669E-012
 SINGLE POLE (MadLoop)  -6.5628598387094977E-013
 DOUBLE POLE (MadLoop)  -1.4834098470119489E-012
 FINITE PART (MadLoop)   6.7497103841300797E-013
   325.00000000000000        0.0000000000000000        0.0000000000000000        325.00000000000000        0.0000000000000000     
   325.00000000000000        0.0000000000000000        0.0000000000000000       -325.00000000000000        0.0000000000000000     
   265.15920271033269       -103.74113431181765       -116.38300378548584        214.48117927581504        0.0000000000000000     
   69.833228228135837       -2.4087000096711932        59.504813757923905        36.469920052847762        0.0000000000000000     
   213.89680202011209        117.67357821794788        17.533907935419290       -158.52481516140381        80.419002445756163     
   101.11076704141941       -11.523743896459036        39.344282092142677       -92.426284167258984        0.0000000000000000     

 PASSED   1.0000000000000001E-005
 MU_R    =    325.00000000000000     
 ALPHA_S =   0.11799999999999999     
 BORN                    1.9513443612121504E-011
 SINGLE POLE (MadFKS)   -2.2651874688130559E-012
 DOUBLE POLE (MadFKS)   -2.0766519937579658E-012
 SINGLE POLE (MadLoop)  -2.2651874688104734E-012
 DOUBLE POLE (MadLoop)  -2.0766519937586969E-012
 FINITE PART (MadLoop)   7.3763613863778131E-012
   325.00000000000000        0.0000000000000000        0.0000000000000000        325.00000000000000        0.0000000000000000     
   325.00000000000000        0.0000000000000000        0.0000000000000000       -325.00000000000000        0.0000000000000000     
   101.74249502283492        14.371902904396642       -3.5371671154020938       -100.66018154750115        0.0000000000000000     
   134.84330650755487        28.119427153745317       -1.8507022785415119       -131.86580310115204        0.0000000000000000     
   232.69177955828764       -110.27799920122030       -131.10163777426024        135.38601029912383        80.419002445756163     
   180.72241891132256        67.786669143078328        136.48950716820386        97.139974349529311        0.0000000000000000     

 PASSED   1.0000000000000001E-005
 MU_R    =    325.00000000000000     
 ALPHA_S =   0.11799999999999999     
 BORN                    1.6207540078179764E-011
 SINGLE POLE (MadFKS)   -1.7196614782906972E-012
 DOUBLE POLE (MadFKS)   -1.7248324327724801E-012
 SINGLE POLE (MadLoop)  -1.7196614782907725E-012
 DOUBLE POLE (MadLoop)  -1.7248324327724801E-012
 FINITE PART (MadLoop)   3.9460495775998568E-012
   325.00000000000000        0.0000000000000000        0.0000000000000000        325.00000000000000        0.0000000000000000     
   325.00000000000000        0.0000000000000000        0.0000000000000000       -325.00000000000000        0.0000000000000000     
   157.07191294827584        147.04559127674244       -41.929481312924501       -35.931859402667442        0.0000000000000000     
   192.63059525080379       -165.16284492782964       -5.0902064902234159       -99.004397275634076        0.0000000000000000     
   169.68465378635904        102.45932246061692       -45.860667391216680        98.613144172415105        80.419002445756163     
   130.61283801456136       -84.342068809529664        92.880355194364583        36.323112505886378        0.0000000000000000     

 PASSED   1.0000000000000001E-005
 MU_R    =    325.00000000000000     
 ALPHA_S =   0.11799999999999999     
 BORN                    4.4844990824279539E-012
 SINGLE POLE (MadFKS)   -5.1958950000857294E-013
 DOUBLE POLE (MadFKS)   -4.7724759123217090E-013
 SINGLE POLE (MadLoop)  -5.1958950000857485E-013
 DOUBLE POLE (MadLoop)  -4.7724759123217484E-013
 FINITE PART (MadLoop)  -2.7590695973629778E-013
   325.00000000000000        0.0000000000000000        0.0000000000000000        325.00000000000000        0.0000000000000000     
   325.00000000000000        0.0000000000000000        0.0000000000000000       -325.00000000000000        0.0000000000000000     
   211.96570827198173        50.431107120417224        204.84231269453934        20.634724321017266        0.0000000000000000     
   158.02605384743464        131.84040305668833       -76.861569984041083        41.020005802420762        0.0000000000000000     
   184.42996253766947       -137.30331439555636       -45.926496215004754       -81.152645851406504        80.419002445756163     
   95.578275342914210       -44.968195781549191       -82.054246495493572        19.497915727968557        0.0000000000000000     

 PASSED   1.0000000000000001E-005
 MU_R    =    325.00000000000000     
 ALPHA_S =   0.11799999999999999     
 BORN                    2.1625581830677173E-012
 SINGLE POLE (MadFKS)   -1.7881811265022316E-013
 DOUBLE POLE (MadFKS)   -2.3014291335515484E-013
 SINGLE POLE (MadLoop)  -1.7881811265066931E-013
 DOUBLE POLE (MadLoop)  -2.3014291335515332E-013
 FINITE PART (MadLoop)   5.2381357309904253E-013
   325.00000000000000        0.0000000000000000        0.0000000000000000        325.00000000000000        0.0000000000000000     
   325.00000000000000        0.0000000000000000        0.0000000000000000       -325.00000000000000        0.0000000000000000     
   198.30728636244717        184.87499444460977       0.90305827153838447       -71.737024884653152        0.0000000000000000     
   157.98322862577706       -152.64051926519892        32.737873115040784        24.244670948034575        0.0000000000000000     
   185.98547214672965       -101.22680833386363       -112.65756714921596        72.005456278191517        80.419002445756163     
   107.72401286504612        68.992333154452695        79.016635762636795       -24.513102341572939        0.0000000000000000     

 PASSED   1.0000000000000001E-005
 MU_R    =    325.00000000000000     
 ALPHA_S =   0.11799999999999999     
 BORN                    8.5007507682081809E-012
 SINGLE POLE (MadFKS)   -3.9704887962462303E-013
 DOUBLE POLE (MadFKS)   -9.0466354284454412E-013
 SINGLE POLE (MadLoop)  -3.9704887962463843E-013
 DOUBLE POLE (MadLoop)  -9.0466354284454483E-013
 FINITE PART (MadLoop)   5.2468781120732108E-013
   325.00000000000000        0.0000000000000000        0.0000000000000000        325.00000000000000        0.0000000000000000     
   325.00000000000000        0.0000000000000000        0.0000000000000000       -325.00000000000000        0.0000000000000000     
   211.27964405614179       -181.85726543626200        47.048342149746588        96.713372919649984        0.0000000000000000     
   87.799525703751968        1.5334334364347610       -79.181784147396272       -37.903170776796102        0.0000000000000000     
   126.52998505818597        3.1840166321902319       -97.020194764404991       -10.934578657501621        80.419002445756163     
   224.39084518192030        177.13981536763703        129.15363676205465       -47.875623485352257        0.0000000000000000     

 PASSED   1.0000000000000001E-005
 MU_R    =    325.00000000000000     
 ALPHA_S =   0.11799999999999999     
 BORN                    8.1207562716581157E-012
 SINGLE POLE (MadFKS)   -2.6067426186517808E-013
 DOUBLE POLE (MadFKS)   -8.6422391852382413E-013
 SINGLE POLE (MadLoop)  -2.6067426186439261E-013
 DOUBLE POLE (MadLoop)  -8.6422391852385412E-013
 FINITE PART (MadLoop)   1.3551630294850411E-012
   325.00000000000000        0.0000000000000000        0.0000000000000000        325.00000000000000        0.0000000000000000     
   325.00000000000000        0.0000000000000000        0.0000000000000000       -325.00000000000000        0.0000000000000000     
   259.06272413928014       -219.98339635319115        136.76888519875337        3.8823200370098099        0.0000000000000000     
   71.985932636300276        37.542890860380631       -24.950963195830980        56.124462393539233        0.0000000000000000     
Thanks for using LHAPDF 6.2.1. Please make sure to cite the paper:
  Eur.Phys.J. C75 (2015) 3, 132  (http://arxiv.org/abs/1412.7420)
   104.36041932088472        22.949327761751409       -27.377917539544061        56.104003002833792        80.419002445756163     
   214.59092390353490        159.49117773105911       -84.440004463378372       -116.11078543338280        0.0000000000000000     

 PASSED   1.0000000000000001E-005
 MU_R    =    325.00000000000000     
 ALPHA_S =   0.11799999999999999     
 BORN                    4.4345109249201875E-009
 SINGLE POLE (MadFKS)   -1.0565679072466272E-009
 DOUBLE POLE (MadFKS)   -4.7192777126516586E-010
 SINGLE POLE (MadLoop)  -1.0565679072461385E-009
 DOUBLE POLE (MadLoop)  -4.7192777126518250E-010
 FINITE PART (MadLoop)   6.0094074342097891E-010
   325.00000000000000        0.0000000000000000        0.0000000000000000        325.00000000000000        0.0000000000000000     
   325.00000000000000        0.0000000000000000        0.0000000000000000       -325.00000000000000        0.0000000000000000     
   41.516807896259401       -20.281560252057989        35.768822640069303        5.7354144209737479        0.0000000000000000     
   293.93114675716225        70.566682888016189       -82.104524461770907       -273.26673665682188        0.0000000000000000     
   107.60905967538379       -11.070770341051494       -3.5289499625855392        70.551246098612850        80.419002445756163     
   206.94298567119449       -39.214352294906476        49.864651784287133        196.98007613723513        0.0000000000000000     

 NUMBER OF POINTS PASSING THE CHECK          20
 NUMBER OF POINTS FAILING THE CHECK           0
 TOLERANCE    1.0000000000000001E-005
