==== LHAPDF6 USING DEFAULT-TYPE LHAGLUE INTERFACE ====
LHAPDF 6.2.1 loading /cvmfs/cms.cern.ch/slc7_amd64_gcc700/external/lhapdf/6.2.1-pafccj3/share/LHAPDF/NNPDF31_nnlo_as_0118_nf_4_mc_hessian/NNPDF31_nnlo_as_0118_nf_4_mc_hessian_0000.dat
NNPDF31_nnlo_as_0118_nf_4_mc_hessian PDF set, member #0, version 1; LHAPDF ID = 325500
 A PDF is used, so alpha_s(MZ) is going to be modified
 Old value of alpha_s from param_card:   0.11799999999999999     
 New value of alpha_s from PDF lhapdf :  0.11266013434007299     
 *****************************************************
 *               MadGraph/MadEvent                   *
 *        --------------------------------           *
 *          http://madgraph.hep.uiuc.edu             *
 *          http://madgraph.phys.ucl.ac.be           *
 *          http://madgraph.roma2.infn.it            *
 *        --------------------------------           *
 *                                                   *
 *          PARAMETER AND COUPLING VALUES            *
 *                                                   *
 *****************************************************

  External Params
  ---------------------------------
  
 MU_R =    91.188000000000002     
 aEWM1 =    132.50700000000001     
 mdl_Gf =    1.1663900000000000E-005
 aS =   0.11799999999999999     
 mdl_ymb =    4.7000000000000002     
 mdl_ymt =    173.00000000000000     
 mdl_ymtau =    1.7769999999999999     
 mdl_MT =    173.00000000000000     
 mdl_MB =    4.7000000000000002     
 mdl_MZ =    91.188000000000002     
 mdl_MH =    125.00000000000000     
 mdl_MTA =    1.7769999999999999     
 mdl_WT =    1.4915000000000000     
 mdl_WZ =    2.4414039999999999     
 mdl_WW =    2.0476000000000001     
 mdl_WH =    6.3823389999999999E-003
  Internal Params
  ---------------------------------
  
 mdl_conjg__CKM3x3 =    1.0000000000000000     
 mdl_CKM22 =    1.0000000000000000     
 mdl_lhv =    1.0000000000000000     
 mdl_CKM3x3 =    1.0000000000000000     
 mdl_conjg__CKM22 =    1.0000000000000000     
 mdl_conjg__CKM33 =    1.0000000000000000     
 mdl_Ncol =    3.0000000000000000     
 mdl_CA =    3.0000000000000000     
 mdl_TF =   0.50000000000000000     
 mdl_CF =    1.3333333333333333     
 mdl_complexi =                (0.0000000000000000,1.0000000000000000)
 mdl_MZ__exp__2 =    8315.2513440000002     
 mdl_MZ__exp__4 =    69143404.913893804     
 mdl_sqrt__2 =    1.4142135623730951     
 mdl_MH__exp__2 =    15625.000000000000     
 mdl_Ncol__exp__2 =    9.0000000000000000     
 mdl_MB__exp__2 =    22.090000000000003     
 mdl_MT__exp__2 =    29929.000000000000     
 mdl_aEW =    7.5467711139788835E-003
 mdl_MW =    80.419002445756163     
 mdl_sqrt__aEW =    8.6872153846781555E-002
 mdl_ee =   0.30795376724436879     
 mdl_MW__exp__2 =    6467.2159543705357     
 mdl_sw2 =   0.22224648578577766     
 mdl_cw =   0.88190334743339216     
 mdl_sqrt__sw2 =   0.47143025548407230     
 mdl_sw =   0.47143025548407230     
 mdl_g1 =   0.34919219678733299     
 mdl_gw =   0.65323293034757990     
 mdl_v =    246.21845810181637     
 mdl_v__exp__2 =    60623.529110035903     
 mdl_lam =   0.12886910601690263     
 mdl_yb =    2.6995554250465490E-002
 mdl_yt =   0.99366614581500623     
 mdl_ytau =    1.0206617000654717E-002
 mdl_muH =    88.388347648318430     
 mdl_AxialZUp =  -0.18517701861793787     
 mdl_AxialZDown =   0.18517701861793787     
 mdl_VectorZUp =    7.5430507588273299E-002
 mdl_VectorZDown =  -0.13030376310310560     
 mdl_VectorAUp =   0.20530251149624587     
 mdl_VectorADown =  -0.10265125574812294     
 mdl_VectorWmDxU =   0.23095271737156670     
 mdl_AxialWmDxU =  -0.23095271737156670     
 mdl_VectorWpUxD =   0.23095271737156670     
 mdl_AxialWpUxD =  -0.23095271737156670     
 mdl_I1x33 =          (2.69955542504654901E-002,0.0000000000000000)
 mdl_I2x33 =               (0.99366614581500623,0.0000000000000000)
 mdl_I3x33 =               (0.99366614581500623,0.0000000000000000)
 mdl_I4x33 =          (2.69955542504654901E-002,0.0000000000000000)
 mdl_Vector_tbGp =              (-0.96667059156454072,0.0000000000000000)
 mdl_Axial_tbGp =              (-1.0206617000654716,-0.0000000000000000)
 mdl_Vector_tbGm =               (0.96667059156454072,0.0000000000000000)
 mdl_Axial_tbGm =              (-1.0206617000654716,-0.0000000000000000)
 mdl_gw__exp__2 =   0.42671326129048615     
 mdl_cw__exp__2 =   0.77775351421422245     
 mdl_ee__exp__2 =    9.4835522759998875E-002
 mdl_sw__exp__2 =   0.22224648578577769     
 mdl_yb__exp__2 =    7.2875994928982540E-004
 mdl_yt__exp__2 =   0.98737240933884918     
  Internal Params evaluated point by point
  ----------------------------------------
  
 mdl_sqrt__aS =   0.34351128074635334     
 mdl_G__exp__4 =    2.1987899468922913     
 mdl_G__exp__2 =    1.4828317324943823     
 mdl_R2MixedFactor_FIN_ =   -2.5040377713124864E-002
 mdl_G_UVg_1EPS_ =   -5.1645779033320030E-002
 mdl_G_UVq_1EPS_ =    3.1300472141406080E-003
 mdl_GWcft_UV_b_1EPS_ =   -3.1300472141406080E-003
 mdl_GWcft_UV_t_1EPS_ =   -3.1300472141406080E-003
 mdl_bWcft_UV_1EPS_ =   -1.8780283284843650E-002
 mdl_tWcft_UV_1EPS_ =   -1.8780283284843650E-002
 mdl_G__exp__3 =    1.8056676068262196     
 mdl_MU_R__exp__2 =    8315.2513440000002     
 mdl_G_UVb_FIN_ =    1.8563438626678915E-002
 mdl_G_UVt_FIN_ =   -4.0087659331150384E-003
 mdl_GWcft_UV_b_FIN_ =   -1.8563438626678915E-002
 mdl_GWcft_UV_t_FIN_ =    4.0087659331150384E-003
 mdl_bWcft_UV_FIN_ =  -0.13642100947319838     
 mdl_tWcft_UV_FIN_ =   -9.8778211443463623E-004
  Couplings of loop_sm
  ---------------------------------
  
      UV_GQQb =   0.00000E+00   0.22605E-01
      UV_GQQt =   0.00000E+00  -0.48815E-02
   UVWfct_G_2 =   0.40088E-02   0.00000E+00
   UVWfct_G_1 =  -0.18563E-01   0.00000E+00
       R2_DDA =   0.00000E+00   0.25704E-02
       R2_UUA =  -0.00000E+00  -0.51409E-02
    R2_UUZ_V2 =  -0.00000E+00  -0.72127E-02
    R2_UUZ_V5 =   0.00000E+00   0.68702E-03
      R2_sxcW =  -0.00000E+00  -0.11566E-01
      R2_GGHb =   0.00000E+00  -0.33698E-02
      R2_GGHt =   0.00000E+00  -0.45657E+01
     R2_GGZup =  -0.46369E-02   0.00000E+00
    R2_GGWWcs =   0.00000E+00   0.13356E-02
         GC_4 =  -0.12177E+01   0.00000E+00
         GC_5 =   0.00000E+00   0.12177E+01
       R2_GQQ =  -0.00000E+00  -0.30492E-01
       R2_QQq =   0.00000E+00   0.12520E-01
 UV_GQQg_1eps =   0.00000E+00  -0.62890E-01
 UV_GQQq_1eps =   0.00000E+00   0.38115E-02
 UVWfct_G_2_1eps -0.31300E-02   0.00000E+00
         GC_1 =  -0.00000E+00  -0.10265E+00
         GC_2 =   0.00000E+00   0.20530E+00
         GC_7 =   0.00000E+00   0.57609E+00
        GC_22 =   0.00000E+00   0.28804E+00
        GC_23 =  -0.00000E+00  -0.27437E-01
        GC_24 =   0.00000E+00   0.82310E-01
        GC_25 =   0.00000E+00   0.30795E+00
        GC_28 =   0.00000E+00   0.37035E+00
        GC_31 =   0.00000E+00   0.52532E+02
        GC_33 =  -0.00000E+00  -0.19089E-01
        GC_37 =  -0.00000E+00  -0.70263E+00
        GC_38 =  -0.00000E+00  -0.72172E-02
        GC_47 =   0.00000E+00   0.46191E+00

 Collider parameters:
 --------------------

 Running at P P   machine @    13000.000000000000       GeV
 PDF set = lhapdf 
 alpha_s(Mz)= 0.1127 running at 3 loops.
 alpha_s(Mz)= 0.1127 running at 3 loops.
 Renormalization scale set on event-by-event basis
 Factorization   scale set on event-by-event basis


 ===============================================================
 INFO: MadFKS read these parameters from FKS_params.dat
 ===============================================================
  > IRPoleCheckThreshold      =    1.0000000000000001E-005
  > PrecisionVirtualAtRunTime =    1.0000000000000000E-003
  > NHelForMCoverHels         =            4
  > VirtualFraction           =    1.0000000000000000     
  > MinVirtualFraction        =    5.0000000000000001E-003
 ===============================================================
  Insert the number of points to test
 Insert the relative tolerance
  A negative number will mean use the default one:    1.0000000000000001E-005
Using random seed offsets:     1 ,      6 ,      0
  with seed                   32
 Ranmar initialization seeds       10730        9412
  ========================================================================================== 
 {                                                                                          }
 {       [32m                                                                            [0m       }
 {       [32m                               ,,                                           [0m       }
 {       [32m`7MMM.     ,MMF'             `7MM  `7MMF'                                   [0m       }
 {       [32m  MMMb    dPMM                 MM    MM                                     [0m       }
 {       [32m  M YM   ,M MM   ,6"Yb.   ,M""bMM    MM         ,pW"Wq.   ,pW"Wq.`7MMpdMAo. [0m       }
 {       [32m  M  Mb  M' MM  8)   MM ,AP    MM    MM        6W'   `Wb 6W'   `Wb MM   `Wb [0m       }
 {       [32m  M  YM.P'  MM   ,pm9MM 8MI    MM    MM      , 8M     M8 8M     M8 MM    M8 [0m       }
 {       [32m  M  `YM'   MM  8M   MM `Mb    MM    MM     ,M YA.   ,A9 YA.   ,A9 MM   ,AP [0m       }
 {       [32m.JML. `'  .JMML.`Moo9^Yo.`Wbmd"MML..JMMmmmmMMM  `Ybmd9'   `Ybmd9'  MMbmmd'  [0m       }
 {       [32m                                                                   MM       [0m       }
 {       [32m                                                                 .JMML.     [0m       }
 {       [32m[0mv2.6.5 (2018-02-03), Ref: arXiv:1103.0621v2, arXiv:1405.0301[32m                [0m       }
 {       [32m                                                                            [0m       }
 {                                                                                          }
  ========================================================================================== 
 ===============================================================
 INFO: MadLoop read these parameters from ./MadLoop5_resources/MadLoopParams.dat                                                                                                                                                                                                                                                                                                                                                                                                                                                                                          
 ===============================================================
  > MLReductionLib            = 6|7|1
  > CTModeRun                 =           -1
  > MLStabThres               =    1.0000000000000000E-003
  > NRotations_DP             =            0
  > NRotations_QP             =            0
  > CTStabThres               =    1.0000000000000000E-002
  > CTLoopLibrary             =            2
  > CTModeInit                =            1
  > CheckCycle                =            3
  > MaxAttempts               =           10
  > UseLoopFilter             =  F
  > HelicityFilterLevel       =            2
  > ImprovePSPoint            =            2
  > DoubleCheckHelicityFilter =  T
  > LoopInitStartOver         =  F
  > HelInitStartOver          =  F
  > ZeroThres                 =    1.0000000000000001E-009
  > OSThres                   =    1.0000000000000000E-008
  > WriteOutFilters           =  T
  > UseQPIntegrandForNinja    =  T
  > UseQPIntegrandForCutTools =  T
  > IREGIMODE                 =            2
  > IREGIRECY                 =  T
  > COLLIERMode               =            1
  > COLLIERRequiredAccuracy   =    1.0000000000000000E-008
  > COLLIERCanOutput          =  F
  > COLLIERComputeUVpoles     =  T
  > COLLIERComputeIRpoles     =  T
  > COLLIERGlobalCache        =           -1
  > COLLIERUseCacheForPoles   =  F
  > COLLIERUseInternalStabilityTest =  T
 ===============================================================
  
------------------------------------------------------------------------
|              You are using CutTools - Version 1.9.3                  |
|              Authors: G. Ossola, C. Papadopoulos, R. Pittau          |
|              Published in JHEP 0803:042,2008                         |
|              http://www.ugr.es/~pittau/CutTools                      |
|                                                                      |
|              Compiler with  34  significant digits detetected        |
 ---------------------------------------------------------------------- 
   
########################################################################
#                                                                      #

  +----------------------------------------------------------------+
  |                                                                |
  |  Ninja - version 1.1.0                                         |
  |                                                                |
  |  Author: Tiziano Peraro                                        |
  |                                                                |
  |  Based on:                                                     |
  |                                                                |
  |      P. Mastrolia, E. Mirabella and T. Peraro,                 |
  |      "Integrand reduction of one-loop scattering amplitudes    |
  |      through Laurent series expansion,"                        |
  |      JHEP 1206 (2012) 095  [arXiv:1203.0291 [hep-ph]].         |
  |                                                                |
  |      T. Peraro,                                                |
  |      "Ninja: Automated Integrand Reduction via Laurent         |
  |      Expansion for One-Loop Amplitudes,"                       |
  |      Comput.Phys.Commun. 185 (2014) [arXiv:1403.1229 [hep-ph]] |
  |                                                                |
  +----------------------------------------------------------------+


#                      You are using OneLOop-3.6                       #
#                                                                      #
# for the evaluation of 1-loop scalar 1-, 2-, 3- and 4-point functions #
#                                                                      #
# author: Andreas van Hameren <hamerenREMOVETHIS@ifj.edu.pl>           #
#   date: 18-02-2015                                                   #
#                                                                      #
# Please cite                                                          #
#    A. van Hameren,                                                   #
#      Comput.Phys.Commun. 182 (2011) 2427-2438, arXiv:1007.4716       #
#    A. van Hameren, C.G. Papadopoulos and R. Pittau,                  #
#      JHEP 0909:106,2009, arXiv:0903.4665                             #
# in publications with results obtained with the help of this program. #
#                                                                      #
########################################################################
########################################################################
#                                                                      #
#                      You are using OneLOop-3.6                       #
#                                                                      #
# for the evaluation of 1-loop scalar 1-, 2-, 3- and 4-point functions #
#                                                                      #
# author: Andreas van Hameren <hamerenREMOVETHIS@ifj.edu.pl>           #
#   date: 18-02-2015                                                   #
#                                                                      #
# Please cite                                                          #
#    A. van Hameren,                                                   #
#      Comput.Phys.Commun. 182 (2011) 2427-2438, arXiv:1007.4716       #
#    A. van Hameren, C.G. Papadopoulos and R. Pittau,                  #
#      JHEP 0909:106,2009, arXiv:0903.4665                             #
# in publications with results obtained with the help of this program. #
#                                                                      #
########################################################################
 PASSED   1.0000000000000001E-005
 MU_R    =    325.00000000000000     
 ALPHA_S =   0.11799999999999999     
 BORN                    2.6084114107253893E-008
 SINGLE POLE (MadFKS)   -1.4853505635500025E-010
 DOUBLE POLE (MadFKS)   -1.3063121391157727E-009
 SINGLE POLE (MadLoop)  -1.4853505635500795E-010
 DOUBLE POLE (MadLoop)  -1.3063121391157768E-009
 FINITE PART (MadLoop)   3.0759449157013120E-009
   325.00000000000000        0.0000000000000000        0.0000000000000000        325.00000000000000        0.0000000000000000     
   325.00000000000000        0.0000000000000000        0.0000000000000000       -325.00000000000000        0.0000000000000000     
   130.70570263866068       -9.3856520311742120        71.409206083252229        109.05713087999024        1.7769999999999999     
   280.74941849014277       -157.09665502292793       -219.02182022714828       -78.551379539427487        0.0000000000000000     
   238.54487887119657        166.48230705410208        147.61261414389605       -30.505751340562746        80.419002445756163     

 PASSED   1.0000000000000001E-005
 MU_R    =    325.00000000000000     
 ALPHA_S =   0.11799999999999999     
 BORN                    2.8626870184148106E-009
 SINGLE POLE (MadFKS)   -1.6301469003646102E-011
 DOUBLE POLE (MadFKS)   -1.4336552843113219E-010
 SINGLE POLE (MadLoop)  -1.6301469003909875E-011
 DOUBLE POLE (MadLoop)  -1.4336552843105462E-010
 FINITE PART (MadLoop)   3.2323909488651616E-010
   325.00000000000000        0.0000000000000000        0.0000000000000000        325.00000000000000        0.0000000000000000     
   325.00000000000000        0.0000000000000000        0.0000000000000000       -325.00000000000000        0.0000000000000000     
   252.85933150739817        140.72895029459414        47.854995604365747        204.54815018976853        1.7769999999999999     
   113.26717656287111       -87.311648384903222       -36.623696110012013        62.167790905557602        0.0000000000000000     
   283.87349192973079       -53.417301909690785       -11.231299494353742       -266.71594109532617        80.419002445756163     

 PASSED   1.0000000000000001E-005
 MU_R    =    325.00000000000000     
 ALPHA_S =   0.11799999999999999     
 BORN                    3.8876102808186003E-009
 SINGLE POLE (MadFKS)   -2.2137857922768713E-011
 DOUBLE POLE (MadFKS)   -1.9469445966625035E-010
 SINGLE POLE (MadLoop)  -2.2137857922778384E-011
 DOUBLE POLE (MadLoop)  -1.9469445966625030E-010
 FINITE PART (MadLoop)   6.0789698537631284E-010
   325.00000000000000        0.0000000000000000        0.0000000000000000        325.00000000000000        0.0000000000000000     
   325.00000000000000        0.0000000000000000        0.0000000000000000       -325.00000000000000        0.0000000000000000     
   183.16459543074563        116.96365270409672        108.63379061325472       -89.801529905786438        1.7769999999999999     
   222.89283980328906        1.4149150563141710        40.692118350976706        219.14234541746657        0.0000000000000000     
   243.94256476596527       -118.37856776041110       -149.32590896423179       -129.34081551168072        80.419002445756163     

 PASSED   1.0000000000000001E-005
 MU_R    =    325.00000000000000     
 ALPHA_S =   0.11799999999999999     
 BORN                    4.2199381946654480E-006
 SINGLE POLE (MadFKS)   -2.4030287361185079E-008
 DOUBLE POLE (MadFKS)   -2.1133769264093012E-007
 SINGLE POLE (MadLoop)  -2.4030287361183590E-008
 DOUBLE POLE (MadLoop)  -2.1133769264092800E-007
 FINITE PART (MadLoop)   1.1020116207503962E-006
   325.00000000000000        0.0000000000000000        0.0000000000000000        325.00000000000000        0.0000000000000000     
   325.00000000000000        0.0000000000000000        0.0000000000000000       -325.00000000000000        0.0000000000000000     
   71.645814869177656       -63.651641837368679        8.9322926915569223        31.601387595296892        1.7769999999999999     
   309.20013768224118        140.33671139993939        25.101176684924962       -274.37249043079970        0.0000000000000000     
   269.15404744858108       -76.685069562570646       -34.033469376481385        242.77110283550294        80.419002445756163     

 PASSED   1.0000000000000001E-005
 MU_R    =    325.00000000000000     
 ALPHA_S =   0.11799999999999999     
 BORN                    6.2270637839887649E-006
 SINGLE POLE (MadFKS)   -3.5459792357821896E-008
 DOUBLE POLE (MadFKS)   -3.1185605838959856E-007
 SINGLE POLE (MadLoop)  -3.5459792357820811E-008
 DOUBLE POLE (MadLoop)  -3.1185605838959501E-007
 FINITE PART (MadLoop)   2.2151583670963083E-006
   325.00000000000000        0.0000000000000000        0.0000000000000000        325.00000000000000        0.0000000000000000     
   325.00000000000000        0.0000000000000000        0.0000000000000000       -325.00000000000000        0.0000000000000000     
   51.181354317200451        8.7076583820843627        3.3196864708976039        50.294429790769762        1.7769999999999999     
   317.19474397697201        58.893620367308792       -28.355777461165555       -310.38685051274484        0.0000000000000000     
   281.62390170582756       -67.601278749393103        25.036090990267905        260.09242072197515        80.419002445756163     

 PASSED   1.0000000000000001E-005
 MU_R    =    325.00000000000000     
 ALPHA_S =   0.11799999999999999     
 BORN                    5.6931320207920117E-008
 SINGLE POLE (MadFKS)   -3.2419336998284144E-010
 DOUBLE POLE (MadFKS)   -2.8511635234263565E-009
 SINGLE POLE (MadLoop)  -3.2419336998277067E-010
 DOUBLE POLE (MadLoop)  -2.8511635234263383E-009
 FINITE PART (MadLoop)   6.4138521064748600E-009
   325.00000000000000        0.0000000000000000        0.0000000000000000        325.00000000000000        0.0000000000000000     
   325.00000000000000        0.0000000000000000        0.0000000000000000       -325.00000000000000        0.0000000000000000     
   247.94288443559122       -141.38597151132609        1.8939753676485973        203.66378207807631        1.7769999999999999     
   84.663357576480664       -6.0419946065493582        61.226027815580473        58.161429961987857        0.0000000000000000     
   317.39375798792810        147.42796611787554       -63.120003183229102       -261.82521204006417        80.419002445756163     

 PASSED   1.0000000000000001E-005
 MU_R    =    325.00000000000000     
 ALPHA_S =   0.11799999999999999     
 BORN                    9.7750346415882308E-008
 SINGLE POLE (MadFKS)   -5.5663585713138098E-010
 DOUBLE POLE (MadFKS)   -4.8954111916849891E-009
 SINGLE POLE (MadLoop)  -5.5663585713138604E-010
 DOUBLE POLE (MadLoop)  -4.8954111916849924E-009
 FINITE PART (MadLoop)   1.2453840802710677E-008
   325.00000000000000        0.0000000000000000        0.0000000000000000        325.00000000000000        0.0000000000000000     
   325.00000000000000        0.0000000000000000        0.0000000000000000       -325.00000000000000        0.0000000000000000     
   206.13039346025886        176.94867298280357       -6.1085061518190162        105.53878273553829        1.7769999999999999     
   243.32161246299410       -114.39985751179221       -163.25960666315078       -139.51480396383178        0.0000000000000000     
   200.54799407674702       -62.548815471011402        169.36811281496978        33.976021228293526        80.419002445756163     

 PASSED   1.0000000000000001E-005
 MU_R    =    325.00000000000000     
 ALPHA_S =   0.11799999999999999     
 BORN                    1.9779400422525812E-008
 SINGLE POLE (MadFKS)   -1.1263308941019290E-010
 DOUBLE POLE (MadFKS)   -9.9056731503837576E-010
 SINGLE POLE (MadLoop)  -1.1263308941020067E-010
 DOUBLE POLE (MadLoop)  -9.9056731503837638E-010
 FINITE PART (MadLoop)   2.7366473600609755E-009
   325.00000000000000        0.0000000000000000        0.0000000000000000        325.00000000000000        0.0000000000000000     
   325.00000000000000        0.0000000000000000        0.0000000000000000       -325.00000000000000        0.0000000000000000     
   248.37673998981180       -129.59964608213451       -211.03864248927351       -18.827383000209863        1.7769999999999999     
   225.99358846915069        203.87463448216349        79.112943400796809        57.003312451035846        0.0000000000000000     
   175.62967154103754       -74.274988400028946        131.92569908847679       -38.175929450826018        80.419002445756163     

 PASSED   1.0000000000000001E-005
 MU_R    =    325.00000000000000     
 ALPHA_S =   0.11799999999999999     
 BORN                    8.4137240840871528E-007
 SINGLE POLE (MadFKS)   -4.7911651354023577E-009
 DOUBLE POLE (MadFKS)   -4.2136565807911578E-008
 SINGLE POLE (MadLoop)  -4.7911651354027274E-009
 DOUBLE POLE (MadLoop)  -4.2136565807914834E-008
 FINITE PART (MadLoop)   6.0871814175753756E-008
   325.00000000000000        0.0000000000000000        0.0000000000000000        325.00000000000000        0.0000000000000000     
   325.00000000000000        0.0000000000000000        0.0000000000000000       -325.00000000000000        0.0000000000000000     
   165.90660135625919       -123.76175794901842        110.31105824365920       -6.0282952082061767        1.7769999999999999     
   165.00143064450018       -131.85399757474502        30.966902522717362       -94.239303830405277        0.0000000000000000     
   319.09196799924064        255.61575552376334       -141.27796076637645        100.26759903861141        80.419002445756163     

 PASSED   1.0000000000000001E-005
 MU_R    =    325.00000000000000     
 ALPHA_S =   0.11799999999999999     
 BORN                    5.6774545774559628E-009
 SINGLE POLE (MadFKS)   -3.2330062357029560E-011
 DOUBLE POLE (MadFKS)   -2.8433121413721409E-010
 SINGLE POLE (MadLoop)  -3.2330062357026497E-011
 DOUBLE POLE (MadLoop)  -2.8433121413721063E-010
 FINITE PART (MadLoop)   6.8312552279680280E-010
   325.00000000000000        0.0000000000000000        0.0000000000000000        325.00000000000000        0.0000000000000000     
   325.00000000000000        0.0000000000000000        0.0000000000000000       -325.00000000000000        0.0000000000000000     
   178.50613931073585       -102.29967178960624       -38.558697385626665        141.10027657763942        1.7769999999999999     
   238.03356355357394        191.82590393970253        137.00429151504949        33.054864425508264        0.0000000000000000     
   233.46029713569021       -89.526232150096220       -98.445594129422830       -174.15514100314766        80.419002445756163     

 PASSED   1.0000000000000001E-005
 MU_R    =    325.00000000000000     
 ALPHA_S =   0.11799999999999999     
 BORN                    3.0939335670339361E-008
 SINGLE POLE (MadFKS)   -1.7618294217253619E-010
 DOUBLE POLE (MadFKS)   -1.5494653027569098E-009
 SINGLE POLE (MadLoop)  -1.7618294217254952E-010
 DOUBLE POLE (MadLoop)  -1.5494653027568972E-009
 FINITE PART (MadLoop)   4.0826269069770330E-009
   325.00000000000000        0.0000000000000000        0.0000000000000000        325.00000000000000        0.0000000000000000     
   325.00000000000000        0.0000000000000000        0.0000000000000000       -325.00000000000000        0.0000000000000000     
   118.22193400017794        69.400869784551659        84.417156524610022        45.061412618665457        1.7769999999999999     
   307.93270097060423       -261.54163967245159       -161.60152065217719       -17.420320530951717        0.0000000000000000     
   223.84536502921785        192.14076988789998        77.184364127567108       -27.641092087713702        80.419002445756163     

 PASSED   1.0000000000000001E-005
 MU_R    =    325.00000000000000     
 ALPHA_S =   0.11799999999999999     
 BORN                    6.9913436388939588E-008
 SINGLE POLE (MadFKS)   -3.9811956700170221E-010
 DOUBLE POLE (MadFKS)   -3.5013177088031520E-009
 SINGLE POLE (MadLoop)  -3.9811956700174750E-010
 DOUBLE POLE (MadLoop)  -3.5013177088035254E-009
 FINITE PART (MadLoop)   7.4987714900723303E-009
   325.00000000000000        0.0000000000000000        0.0000000000000000        325.00000000000000        0.0000000000000000     
   325.00000000000000        0.0000000000000000        0.0000000000000000       -325.00000000000000        0.0000000000000000     
   61.972337791333324       -41.210827442424460       -24.030715855258872       -39.517152216697546        1.7769999999999999     
   309.62841381950273        306.61445185357309      -0.19801111834796381        43.096326415498680        0.0000000000000000     
   278.39924838916397       -265.40362441114871        24.228726973606928       -3.5791741988010979        80.419002445756163     

 PASSED   1.0000000000000001E-005
 MU_R    =    325.00000000000000     
 ALPHA_S =   0.11799999999999999     
 BORN                    3.3500434460538346E-008
 SINGLE POLE (MadFKS)   -1.9076702777991854E-010
 DOUBLE POLE (MadFKS)   -1.6777270648913294E-009
 SINGLE POLE (MadLoop)  -1.9076702777979730E-010
 DOUBLE POLE (MadLoop)  -1.6777270648913335E-009
 FINITE PART (MadLoop)   3.7831734014527266E-009
   325.00000000000000        0.0000000000000000        0.0000000000000000        325.00000000000000        0.0000000000000000     
   325.00000000000000        0.0000000000000000        0.0000000000000000       -325.00000000000000        0.0000000000000000     
   304.16059426855952        163.86155037015328        46.367039524339582       -252.01190315705585        1.7769999999999999     
   221.44749692057766       -95.029217084287353       -6.9643476276128107        199.89982404909310        0.0000000000000000     
   124.39190881086284       -68.832333285865857       -39.402691896726871        52.112079107962749        80.419002445756163     

 PASSED   1.0000000000000001E-005
 MU_R    =    325.00000000000000     
 ALPHA_S =   0.11799999999999999     
 BORN                    4.7159477409938318E-009
 SINGLE POLE (MadFKS)   -2.6854796010915956E-011
 DOUBLE POLE (MadFKS)   -2.3617822541968700E-010
 SINGLE POLE (MadLoop)  -2.6854796010914557E-011
 DOUBLE POLE (MadLoop)  -2.3617822541968607E-010
 FINITE PART (MadLoop)   5.9870225945787094E-010
   325.00000000000000        0.0000000000000000        0.0000000000000000        325.00000000000000        0.0000000000000000     
   325.00000000000000        0.0000000000000000        0.0000000000000000       -325.00000000000000        0.0000000000000000     
   147.22664224857908        16.985140241993619        84.123150003536523       -119.61323966532042        1.7769999999999999     
   231.08304971237993       -45.590363833087544        172.35058712590251        147.02438473701440        0.0000000000000000     
   271.69030803904110        28.605223591093925       -256.47373712943897       -27.411145071693959        80.419002445756163     

 PASSED   1.0000000000000001E-005
 MU_R    =    325.00000000000000     
 ALPHA_S =   0.11799999999999999     
 BORN                    4.5617796537731263E-009
 SINGLE POLE (MadFKS)   -2.5976891343373331E-011
 DOUBLE POLE (MadFKS)   -2.2845737114905414E-010
 SINGLE POLE (MadLoop)  -2.5976891343377199E-011
 DOUBLE POLE (MadLoop)  -2.2845737114905440E-010
 FINITE PART (MadLoop)   8.4876234532000028E-010
   325.00000000000000        0.0000000000000000        0.0000000000000000        325.00000000000000        0.0000000000000000     
   325.00000000000000        0.0000000000000000        0.0000000000000000       -325.00000000000000        0.0000000000000000     
   236.30015901595166       -235.08615437795922        8.8536230970381116        22.152218846020372        1.7769999999999999     
   169.57612919748433        76.234087967678050       -77.774280420329404        129.98303247131210        0.0000000000000000     
   244.12371178656403        158.85206641028117        68.920657323291309       -152.13525131733249        80.419002445756163     

 PASSED   1.0000000000000001E-005
 MU_R    =    325.00000000000000     
 ALPHA_S =   0.11799999999999999     
 BORN                    1.0971188976248404E-006
 SINGLE POLE (MadFKS)   -6.2475043858792295E-009
 DOUBLE POLE (MadFKS)   -5.4944543185466351E-008
 SINGLE POLE (MadLoop)  -6.2475043858790508E-009
 DOUBLE POLE (MadLoop)  -5.4944543185466430E-008
 FINITE PART (MadLoop)   2.1020269359586596E-007
   325.00000000000000        0.0000000000000000        0.0000000000000000        325.00000000000000        0.0000000000000000     
   325.00000000000000        0.0000000000000000        0.0000000000000000       -325.00000000000000        0.0000000000000000     
   111.58492879098370       -63.981501681559536        81.380549884281635        41.612644080777272        1.7769999999999999     
   282.03153912373079        124.93182822715846        25.780642998824387       -251.53366733478728        0.0000000000000000     
   256.38353208528542       -60.950326545598983       -107.16119288310615        209.92102325400998        80.419002445756163     

 PASSED   1.0000000000000001E-005
 MU_R    =    325.00000000000000     
 ALPHA_S =   0.11799999999999999     
 BORN                    2.7514358124653776E-006
 SINGLE POLE (MadFKS)   -1.5667952983998737E-008
 DOUBLE POLE (MadFKS)   -1.3779398399510329E-007
 SINGLE POLE (MadLoop)  -1.5667952984000534E-008
 DOUBLE POLE (MadLoop)  -1.3779398399510308E-007
 FINITE PART (MadLoop)   1.0966083299459468E-006
   325.00000000000000        0.0000000000000000        0.0000000000000000        325.00000000000000        0.0000000000000000     
   325.00000000000000        0.0000000000000000        0.0000000000000000       -325.00000000000000        0.0000000000000000     
   170.64684766795992        139.72500765089714       -1.6675814738942230       -97.935337335390201        1.7769999999999999     
   191.05150661463745       -78.395180692526552        42.745220899164465       -168.90150950832432        0.0000000000000000     
   288.30164571740261       -61.329826958370468       -41.077639425270242        266.83684684371451        80.419002445756163     

 PASSED   1.0000000000000001E-005
 MU_R    =    325.00000000000000     
 ALPHA_S =   0.11799999999999999     
 BORN                    1.1645418528305702E-008
 SINGLE POLE (MadFKS)   -6.6314419967148955E-011
 DOUBLE POLE (MadFKS)   -5.8321135715239502E-010
 SINGLE POLE (MadLoop)  -6.6314419967190819E-011
Thanks for using LHAPDF 6.2.1. Please make sure to cite the paper:
  Eur.Phys.J. C75 (2015) 3, 132  (http://arxiv.org/abs/1412.7420)
 DOUBLE POLE (MadLoop)  -5.8321135715238127E-010
 FINITE PART (MadLoop)   1.3292576040522074E-009
   325.00000000000000        0.0000000000000000        0.0000000000000000        325.00000000000000        0.0000000000000000     
   325.00000000000000        0.0000000000000000        0.0000000000000000       -325.00000000000000        0.0000000000000000     
   98.006121054826792        72.754248237981145        64.791911212468875       -10.529465322376689        1.7769999999999999     
   308.37078965540780       -137.77899006899864       -217.52999202984066        169.67674082137472        0.0000000000000000     
   243.62308928976543        65.024741831017309        152.73808081737201       -159.14727549899800        80.419002445756163     

 PASSED   1.0000000000000001E-005
 MU_R    =    325.00000000000000     
 ALPHA_S =   0.11799999999999999     
 BORN                    4.0620532917280730E-007
 SINGLE POLE (MadFKS)   -2.3131217419266565E-009
 DOUBLE POLE (MadFKS)   -2.0343069743142630E-008
 SINGLE POLE (MadLoop)  -2.3131217419254091E-009
 DOUBLE POLE (MadLoop)  -2.0343069743142673E-008
 FINITE PART (MadLoop)   5.4600156129402549E-008
   325.00000000000000        0.0000000000000000        0.0000000000000000        325.00000000000000        0.0000000000000000     
   325.00000000000000        0.0000000000000000        0.0000000000000000       -325.00000000000000        0.0000000000000000     
   290.33017468921526       -115.51049956926992        73.861183431967888        255.91073185264636        1.7769999999999999     
   261.59460824840471        76.824816323838249       -103.22751340286197       -227.75813297905913        0.0000000000000000     
   98.075217062380005        38.685683245431868        29.366329970894000       -28.152598873587209        80.419002445756163     

 PASSED   1.0000000000000001E-005
 MU_R    =    325.00000000000000     
 ALPHA_S =   0.11799999999999999     
 BORN                    2.6193821971271282E-007
 SINGLE POLE (MadFKS)   -1.4915978386912735E-009
 DOUBLE POLE (MadFKS)   -1.3118063918219637E-008
 SINGLE POLE (MadLoop)  -1.4915978386912414E-009
 DOUBLE POLE (MadLoop)  -1.3118063918219637E-008
 FINITE PART (MadLoop)   3.9499457353881371E-008
   325.00000000000000        0.0000000000000000        0.0000000000000000        325.00000000000000        0.0000000000000000     
   325.00000000000000        0.0000000000000000        0.0000000000000000       -325.00000000000000        0.0000000000000000     
   295.95899455383733       -157.55549097505659       -250.38828841684543       -8.3988699007551109        1.7769999999999999     
   260.45867048748852        120.21748726605198        230.62514873640060       -14.089554920573299        0.0000000000000000     
   93.582334958674181        37.338003709004603        19.763139680444844        22.488424821328412        80.419002445756163     

 NUMBER OF POINTS PASSING THE CHECK          20
 NUMBER OF POINTS FAILING THE CHECK           0
 TOLERANCE    1.0000000000000001E-005
