==== LHAPDF6 USING DEFAULT-TYPE LHAGLUE INTERFACE ====
LHAPDF 6.2.1 loading /cvmfs/cms.cern.ch/slc7_amd64_gcc700/external/lhapdf/6.2.1-pafccj3/share/LHAPDF/NNPDF31_nnlo_as_0118_nf_4_mc_hessian/NNPDF31_nnlo_as_0118_nf_4_mc_hessian_0000.dat
NNPDF31_nnlo_as_0118_nf_4_mc_hessian PDF set, member #0, version 1; LHAPDF ID = 325500
 A PDF is used, so alpha_s(MZ) is going to be modified
 Old value of alpha_s from param_card:   0.11799999999999999     
 New value of alpha_s from PDF lhapdf :  0.11266013434007299     
 *****************************************************
 *               MadGraph/MadEvent                   *
 *        --------------------------------           *
 *          http://madgraph.hep.uiuc.edu             *
 *          http://madgraph.phys.ucl.ac.be           *
 *          http://madgraph.roma2.infn.it            *
 *        --------------------------------           *
 *                                                   *
 *          PARAMETER AND COUPLING VALUES            *
 *                                                   *
 *****************************************************

  External Params
  ---------------------------------
  
 MU_R =    91.188000000000002     
 aEWM1 =    132.50700000000001     
 mdl_Gf =    1.1663900000000000E-005
 aS =   0.11799999999999999     
 mdl_ymb =    4.7000000000000002     
 mdl_ymt =    173.00000000000000     
 mdl_ymtau =    1.7769999999999999     
 mdl_MT =    173.00000000000000     
 mdl_MB =    4.7000000000000002     
 mdl_MZ =    91.188000000000002     
 mdl_MH =    125.00000000000000     
 mdl_MTA =    1.7769999999999999     
 mdl_WT =    1.4915000000000000     
 mdl_WZ =    2.4414039999999999     
 mdl_WW =    2.0476000000000001     
 mdl_WH =    6.3823389999999999E-003
  Internal Params
  ---------------------------------
  
 mdl_conjg__CKM3x3 =    1.0000000000000000     
 mdl_CKM22 =    1.0000000000000000     
 mdl_lhv =    1.0000000000000000     
 mdl_CKM3x3 =    1.0000000000000000     
 mdl_conjg__CKM22 =    1.0000000000000000     
 mdl_conjg__CKM33 =    1.0000000000000000     
 mdl_Ncol =    3.0000000000000000     
 mdl_CA =    3.0000000000000000     
 mdl_TF =   0.50000000000000000     
 mdl_CF =    1.3333333333333333     
 mdl_complexi =                (0.0000000000000000,1.0000000000000000)
 mdl_MZ__exp__2 =    8315.2513440000002     
 mdl_MZ__exp__4 =    69143404.913893804     
 mdl_sqrt__2 =    1.4142135623730951     
 mdl_MH__exp__2 =    15625.000000000000     
 mdl_Ncol__exp__2 =    9.0000000000000000     
 mdl_MB__exp__2 =    22.090000000000003     
 mdl_MT__exp__2 =    29929.000000000000     
 mdl_aEW =    7.5467711139788835E-003
 mdl_MW =    80.419002445756163     
 mdl_sqrt__aEW =    8.6872153846781555E-002
 mdl_ee =   0.30795376724436879     
 mdl_MW__exp__2 =    6467.2159543705357     
 mdl_sw2 =   0.22224648578577766     
 mdl_cw =   0.88190334743339216     
 mdl_sqrt__sw2 =   0.47143025548407230     
 mdl_sw =   0.47143025548407230     
 mdl_g1 =   0.34919219678733299     
 mdl_gw =   0.65323293034757990     
 mdl_v =    246.21845810181637     
 mdl_v__exp__2 =    60623.529110035903     
 mdl_lam =   0.12886910601690263     
 mdl_yb =    2.6995554250465490E-002
 mdl_yt =   0.99366614581500623     
 mdl_ytau =    1.0206617000654717E-002
 mdl_muH =    88.388347648318430     
 mdl_AxialZUp =  -0.18517701861793787     
 mdl_AxialZDown =   0.18517701861793787     
 mdl_VectorZUp =    7.5430507588273299E-002
 mdl_VectorZDown =  -0.13030376310310560     
 mdl_VectorAUp =   0.20530251149624587     
 mdl_VectorADown =  -0.10265125574812294     
 mdl_VectorWmDxU =   0.23095271737156670     
 mdl_AxialWmDxU =  -0.23095271737156670     
 mdl_VectorWpUxD =   0.23095271737156670     
 mdl_AxialWpUxD =  -0.23095271737156670     
 mdl_I1x33 =          (2.69955542504654901E-002,0.0000000000000000)
 mdl_I2x33 =               (0.99366614581500623,0.0000000000000000)
 mdl_I3x33 =               (0.99366614581500623,0.0000000000000000)
 mdl_I4x33 =          (2.69955542504654901E-002,0.0000000000000000)
 mdl_Vector_tbGp =              (-0.96667059156454072,0.0000000000000000)
 mdl_Axial_tbGp =              (-1.0206617000654716,-0.0000000000000000)
 mdl_Vector_tbGm =               (0.96667059156454072,0.0000000000000000)
 mdl_Axial_tbGm =              (-1.0206617000654716,-0.0000000000000000)
 mdl_gw__exp__2 =   0.42671326129048615     
 mdl_cw__exp__2 =   0.77775351421422245     
 mdl_ee__exp__2 =    9.4835522759998875E-002
 mdl_sw__exp__2 =   0.22224648578577769     
 mdl_yb__exp__2 =    7.2875994928982540E-004
 mdl_yt__exp__2 =   0.98737240933884918     
  Internal Params evaluated point by point
  ----------------------------------------
  
 mdl_sqrt__aS =   0.34351128074635334     
 mdl_G__exp__4 =    2.1987899468922913     
 mdl_G__exp__2 =    1.4828317324943823     
 mdl_R2MixedFactor_FIN_ =   -2.5040377713124864E-002
 mdl_G_UVg_1EPS_ =   -5.1645779033320030E-002
 mdl_G_UVq_1EPS_ =    3.1300472141406080E-003
 mdl_GWcft_UV_b_1EPS_ =   -3.1300472141406080E-003
 mdl_GWcft_UV_t_1EPS_ =   -3.1300472141406080E-003
 mdl_bWcft_UV_1EPS_ =   -1.8780283284843650E-002
 mdl_tWcft_UV_1EPS_ =   -1.8780283284843650E-002
 mdl_G__exp__3 =    1.8056676068262196     
 mdl_MU_R__exp__2 =    8315.2513440000002     
 mdl_G_UVb_FIN_ =    1.8563438626678915E-002
 mdl_G_UVt_FIN_ =   -4.0087659331150384E-003
 mdl_GWcft_UV_b_FIN_ =   -1.8563438626678915E-002
 mdl_GWcft_UV_t_FIN_ =    4.0087659331150384E-003
 mdl_bWcft_UV_FIN_ =  -0.13642100947319838     
 mdl_tWcft_UV_FIN_ =   -9.8778211443463623E-004
  Couplings of loop_sm
  ---------------------------------
  
      UV_GQQb =   0.00000E+00   0.22605E-01
      UV_GQQt =   0.00000E+00  -0.48815E-02
   UVWfct_G_2 =   0.40088E-02   0.00000E+00
   UVWfct_G_1 =  -0.18563E-01   0.00000E+00
       R2_DDA =   0.00000E+00   0.25704E-02
       R2_UUA =  -0.00000E+00  -0.51409E-02
    R2_UUZ_V2 =  -0.00000E+00  -0.72127E-02
    R2_UUZ_V5 =   0.00000E+00   0.68702E-03
      R2_sxcW =  -0.00000E+00  -0.11566E-01
      R2_GGHb =   0.00000E+00  -0.33698E-02
      R2_GGHt =   0.00000E+00  -0.45657E+01
     R2_GGZup =  -0.46369E-02   0.00000E+00
    R2_GGWWcs =   0.00000E+00   0.13356E-02
         GC_4 =  -0.12177E+01   0.00000E+00
         GC_5 =   0.00000E+00   0.12177E+01
       R2_GQQ =  -0.00000E+00  -0.30492E-01
       R2_QQq =   0.00000E+00   0.12520E-01
 UV_GQQg_1eps =   0.00000E+00  -0.62890E-01
 UV_GQQq_1eps =   0.00000E+00   0.38115E-02
 UVWfct_G_2_1eps -0.31300E-02   0.00000E+00
         GC_1 =  -0.00000E+00  -0.10265E+00
         GC_2 =   0.00000E+00   0.20530E+00
         GC_7 =   0.00000E+00   0.57609E+00
        GC_22 =   0.00000E+00   0.28804E+00
        GC_23 =  -0.00000E+00  -0.27437E-01
        GC_24 =   0.00000E+00   0.82310E-01
        GC_25 =   0.00000E+00   0.30795E+00
        GC_28 =   0.00000E+00   0.37035E+00
        GC_31 =   0.00000E+00   0.52532E+02
        GC_33 =  -0.00000E+00  -0.19089E-01
        GC_37 =  -0.00000E+00  -0.70263E+00
        GC_38 =  -0.00000E+00  -0.72172E-02
        GC_47 =   0.00000E+00   0.46191E+00

 Collider parameters:
 --------------------

 Running at P P   machine @    13000.000000000000       GeV
 PDF set = lhapdf 
 alpha_s(Mz)= 0.1127 running at 3 loops.
 alpha_s(Mz)= 0.1127 running at 3 loops.
 Renormalization scale set on event-by-event basis
 Factorization   scale set on event-by-event basis


 ===============================================================
 INFO: MadFKS read these parameters from FKS_params.dat
 ===============================================================
  > IRPoleCheckThreshold      =    1.0000000000000001E-005
  > PrecisionVirtualAtRunTime =    1.0000000000000000E-003
  > NHelForMCoverHels         =            4
  > VirtualFraction           =    1.0000000000000000     
  > MinVirtualFraction        =    5.0000000000000001E-003
 ===============================================================
  Insert the number of points to test
 Insert the relative tolerance
  A negative number will mean use the default one:    1.0000000000000001E-005
Using random seed offsets:     1 ,     25 ,      0
  with seed                   32
 Ranmar initialization seeds       10730        9431
  ========================================================================================== 
 {                                                                                          }
 {       [32m                                                                            [0m       }
 {       [32m                               ,,                                           [0m       }
 {       [32m`7MMM.     ,MMF'             `7MM  `7MMF'                                   [0m       }
 {       [32m  MMMb    dPMM                 MM    MM                                     [0m       }
 {       [32m  M YM   ,M MM   ,6"Yb.   ,M""bMM    MM         ,pW"Wq.   ,pW"Wq.`7MMpdMAo. [0m       }
 {       [32m  M  Mb  M' MM  8)   MM ,AP    MM    MM        6W'   `Wb 6W'   `Wb MM   `Wb [0m       }
 {       [32m  M  YM.P'  MM   ,pm9MM 8MI    MM    MM      , 8M     M8 8M     M8 MM    M8 [0m       }
 {       [32m  M  `YM'   MM  8M   MM `Mb    MM    MM     ,M YA.   ,A9 YA.   ,A9 MM   ,AP [0m       }
 {       [32m.JML. `'  .JMML.`Moo9^Yo.`Wbmd"MML..JMMmmmmMMM  `Ybmd9'   `Ybmd9'  MMbmmd'  [0m       }
 {       [32m                                                                   MM       [0m       }
 {       [32m                                                                 .JMML.     [0m       }
 {       [32m[0mv2.6.5 (2018-02-03), Ref: arXiv:1103.0621v2, arXiv:1405.0301[32m                [0m       }
 {       [32m                                                                            [0m       }
 {                                                                                          }
  ========================================================================================== 
 ===============================================================
 INFO: MadLoop read these parameters from ./MadLoop5_resources/MadLoopParams.dat                                                                                                                                                                                                                                                                                                                                                                                                                                                                                          
 ===============================================================
  > MLReductionLib            = 6|7|1
  > CTModeRun                 =           -1
  > MLStabThres               =    1.0000000000000000E-003
  > NRotations_DP             =            0
  > NRotations_QP             =            0
  > CTStabThres               =    1.0000000000000000E-002
  > CTLoopLibrary             =            2
  > CTModeInit                =            1
  > CheckCycle                =            3
  > MaxAttempts               =           10
  > UseLoopFilter             =  F
  > HelicityFilterLevel       =            2
  > ImprovePSPoint            =            2
  > DoubleCheckHelicityFilter =  T
  > LoopInitStartOver         =  F
  > HelInitStartOver          =  F
  > ZeroThres                 =    1.0000000000000001E-009
  > OSThres                   =    1.0000000000000000E-008
  > WriteOutFilters           =  T
  > UseQPIntegrandForNinja    =  T
  > UseQPIntegrandForCutTools =  T
  > IREGIMODE                 =            2
  > IREGIRECY                 =  T
  > COLLIERMode               =            1
  > COLLIERRequiredAccuracy   =    1.0000000000000000E-008
  > COLLIERCanOutput          =  F
  > COLLIERComputeUVpoles     =  T
  > COLLIERComputeIRpoles     =  T
  > COLLIERGlobalCache        =           -1
  > COLLIERUseCacheForPoles   =  F
  > COLLIERUseInternalStabilityTest =  T
 ===============================================================
  
------------------------------------------------------------------------
|              You are using CutTools - Version 1.9.3                  |
|              Authors: G. Ossola, C. Papadopoulos, R. Pittau          |
|              Published in JHEP 0803:042,2008                         |
|              http://www.ugr.es/~pittau/CutTools                      |
|                                                                      |
|              Compiler with  34  significant digits detetected        |
 ---------------------------------------------------------------------- 
   
########################################################################
#                                                                      #

  +----------------------------------------------------------------+
  |                                                                |
  |  Ninja - version 1.1.0                                         |
  |                                                                |
  |  Author: Tiziano Peraro                                        |
  |                                                                |
  |  Based on:                                                     |
  |                                                                |
  |      P. Mastrolia, E. Mirabella and T. Peraro,                 |
  |      "Integrand reduction of one-loop scattering amplitudes    |
  |      through Laurent series expansion,"                        |
  |      JHEP 1206 (2012) 095  [arXiv:1203.0291 [hep-ph]].         |
  |                                                                |
  |      T. Peraro,                                                |
  |      "Ninja: Automated Integrand Reduction via Laurent         |
  |      Expansion for One-Loop Amplitudes,"                       |
  |      Comput.Phys.Commun. 185 (2014) [arXiv:1403.1229 [hep-ph]] |
  |                                                                |
  +----------------------------------------------------------------+


#                      You are using OneLOop-3.6                       #
#                                                                      #
# for the evaluation of 1-loop scalar 1-, 2-, 3- and 4-point functions #
#                                                                      #
# author: Andreas van Hameren <hamerenREMOVETHIS@ifj.edu.pl>           #
#   date: 18-02-2015                                                   #
#                                                                      #
# Please cite                                                          #
#    A. van Hameren,                                                   #
#      Comput.Phys.Commun. 182 (2011) 2427-2438, arXiv:1007.4716       #
#    A. van Hameren, C.G. Papadopoulos and R. Pittau,                  #
#      JHEP 0909:106,2009, arXiv:0903.4665                             #
# in publications with results obtained with the help of this program. #
#                                                                      #
########################################################################
########################################################################
#                                                                      #
#                      You are using OneLOop-3.6                       #
#                                                                      #
# for the evaluation of 1-loop scalar 1-, 2-, 3- and 4-point functions #
#                                                                      #
# author: Andreas van Hameren <hamerenREMOVETHIS@ifj.edu.pl>           #
#   date: 18-02-2015                                                   #
#                                                                      #
# Please cite                                                          #
#    A. van Hameren,                                                   #
#      Comput.Phys.Commun. 182 (2011) 2427-2438, arXiv:1007.4716       #
#    A. van Hameren, C.G. Papadopoulos and R. Pittau,                  #
#      JHEP 0909:106,2009, arXiv:0903.4665                             #
# in publications with results obtained with the help of this program. #
#                                                                      #
########################################################################
 PASSED   1.0000000000000001E-005
 MU_R    =    325.00000000000000     
 ALPHA_S =   0.11799999999999999     
 BORN                    3.6365169586665735E-011
 SINGLE POLE (MadFKS)   -4.2909701565636878E-012
 DOUBLE POLE (MadFKS)   -3.8700397237207908E-012
 SINGLE POLE (MadLoop)  -4.2909701565636749E-012
 DOUBLE POLE (MadLoop)  -3.8700397237207852E-012
 FINITE PART (MadLoop)   7.8193341383229566E-012
   325.00000000000000        0.0000000000000000        0.0000000000000000        325.00000000000000        0.0000000000000000     
   325.00000000000000        0.0000000000000000        0.0000000000000000       -325.00000000000000        0.0000000000000000     
   218.65930252019891        3.3496240834218272       -218.00751335323008       -16.534652057447261        0.0000000000000000     
   136.88809343021529       -15.400406698136598        69.406884949516922       -116.97804032422435        0.0000000000000000     
   196.26981629547507       -44.138295111851555        71.875871852065927        157.92496567805080        80.419002445756163     
   98.182787754110777        56.189077726566325        76.724756551647388       -24.412273296378991        0.0000000000000000     

 PASSED   1.0000000000000001E-005
 MU_R    =    325.00000000000000     
 ALPHA_S =   0.11799999999999999     
 BORN                    4.7006376518884255E-011
 SINGLE POLE (MadFKS)   -3.3650895546403062E-012
 DOUBLE POLE (MadFKS)   -5.0024940475724575E-012
 SINGLE POLE (MadLoop)  -3.3650895546389528E-012
 DOUBLE POLE (MadLoop)  -5.0024940475724429E-012
 FINITE PART (MadLoop)   5.4634506071752139E-012
   325.00000000000000        0.0000000000000000        0.0000000000000000        325.00000000000000        0.0000000000000000     
   325.00000000000000        0.0000000000000000        0.0000000000000000       -325.00000000000000        0.0000000000000000     
   170.81585016548365        168.65161739788135       0.32938310338492766        27.103101734060225        0.0000000000000000     
   103.95575791372266       -39.654947913646772        88.709325668185400       -36.945097765174502        0.0000000000000000     
   134.95794732453700        86.906743319932900       0.96451924599179217        64.751210489298060        80.419002445756163     
   240.27044459625665       -215.90341280416752       -90.003228017562122       -54.909214458183797        0.0000000000000000     

 PASSED   1.0000000000000001E-005
 MU_R    =    325.00000000000000     
 ALPHA_S =   0.11799999999999999     
 BORN                    8.3167082301926624E-012
 SINGLE POLE (MadFKS)   -1.0344114986024978E-012
 DOUBLE POLE (MadFKS)   -8.8507744050898362E-013
 SINGLE POLE (MadLoop)  -1.0344114986025144E-012
 DOUBLE POLE (MadLoop)  -8.8507744050899957E-013
 FINITE PART (MadLoop)   7.4523028885502848E-013
   325.00000000000000        0.0000000000000000        0.0000000000000000        325.00000000000000        0.0000000000000000     
   325.00000000000000        0.0000000000000000        0.0000000000000000       -325.00000000000000        0.0000000000000000     
   94.464650632707659       -16.154177182237159        12.636538327149657       -92.211337035263057        0.0000000000000000     
   145.84042703909924       -70.218069351183672        45.972897043026911        119.27005337892004        0.0000000000000000     
   249.81848176941020        219.34425665245590       -63.558825263619632        61.566473700325169        80.419002445756163     
   159.87644055878286       -132.97201011903508        4.9493898934430627       -88.625190043982116        0.0000000000000000     

 PASSED   1.0000000000000001E-005
 MU_R    =    325.00000000000000     
 ALPHA_S =   0.11799999999999999     
 BORN                    2.7360343115271555E-011
 SINGLE POLE (MadFKS)   -3.4186489213176891E-012
 DOUBLE POLE (MadFKS)   -2.9117316353601547E-012
 SINGLE POLE (MadLoop)  -3.4186489213174795E-012
 DOUBLE POLE (MadLoop)  -2.9117316353601640E-012
 FINITE PART (MadLoop)   4.7837164336757095E-012
   325.00000000000000        0.0000000000000000        0.0000000000000000        325.00000000000000        0.0000000000000000     
   325.00000000000000        0.0000000000000000        0.0000000000000000       -325.00000000000000        0.0000000000000000     
   152.68526766877685        116.02795720301270        75.260909639415118        64.700074116106506        0.0000000000000000     
   166.21748404298467        113.74748814456922       -22.681683162330202       -119.06007807533391        0.0000000000000000     
   198.75237900680261       -115.97309865205075       -75.229555128060511        118.00867184562743        80.419002445756163     
   132.34486928143588       -113.80234669553118        22.650328650975634       -63.648667886400084        0.0000000000000000     

 PASSED   1.0000000000000001E-005
 MU_R    =    325.00000000000000     
 ALPHA_S =   0.11799999999999999     
 BORN                    1.0173981635876444E-011
 SINGLE POLE (MadFKS)   -6.1270451014110544E-013
 DOUBLE POLE (MadFKS)   -1.0827314577871540E-012
 SINGLE POLE (MadLoop)  -6.1270451014212609E-013
 DOUBLE POLE (MadLoop)  -1.0827314577871799E-012
 FINITE PART (MadLoop)   9.4800528579243125E-013
   325.00000000000000        0.0000000000000000        0.0000000000000000        325.00000000000000        0.0000000000000000     
   325.00000000000000        0.0000000000000000        0.0000000000000000       -325.00000000000000        0.0000000000000000     
   237.75197534101937        68.386036260879621        95.069530218165994       -206.90852144650688        0.0000000000000000     
   121.19151660542106       -8.6017771401722509        111.65399609507220        46.333338787038265        0.0000000000000000     
   164.19644527771342       -31.359592833048854       -100.99804318585771        96.484340166887208        80.419002445756163     
   126.86006277584622       -28.424666287658539       -105.72548312738049        64.090842492581331        0.0000000000000000     

 PASSED   1.0000000000000001E-005
 MU_R    =    325.00000000000000     
 ALPHA_S =   0.11799999999999999     
 BORN                    5.1696441584369494E-013
 SINGLE POLE (MadFKS)   -3.4298428673159101E-014
 DOUBLE POLE (MadFKS)   -5.5016183007127063E-014
 SINGLE POLE (MadLoop)  -3.4298428673220828E-014
 DOUBLE POLE (MadLoop)  -5.5016183007127227E-014
 FINITE PART (MadLoop)   9.0327687124229751E-014
   325.00000000000000        0.0000000000000000        0.0000000000000000        325.00000000000000        0.0000000000000000     
   325.00000000000000        0.0000000000000000        0.0000000000000000       -325.00000000000000        0.0000000000000000     
   157.56135976776440        66.514537739806016       -84.582716089329253       -115.09631836022696        0.0000000000000000     
   239.73550064108980       -153.76621343143873        96.418162729992929        156.62885995359795        0.0000000000000000     
   135.71802396792910        5.8693402302148998        52.320404698911588       -95.813841238063972        80.419002445756163     
   116.98511562321670        81.382335461417824       -64.155851339575221        54.281299644693021        0.0000000000000000     

 PASSED   1.0000000000000001E-005
 MU_R    =    325.00000000000000     
 ALPHA_S =   0.11799999999999999     
 BORN                    9.7998775857732523E-013
 SINGLE POLE (MadFKS)   -5.3683709405875656E-014
 DOUBLE POLE (MadFKS)   -1.0429187042331309E-013
 SINGLE POLE (MadLoop)  -5.3683709405872381E-014
 DOUBLE POLE (MadLoop)  -1.0429187042331288E-013
 FINITE PART (MadLoop)   1.2716118286777263E-013
   325.00000000000000        0.0000000000000000        0.0000000000000000        325.00000000000000        0.0000000000000000     
   325.00000000000000        0.0000000000000000        0.0000000000000000       -325.00000000000000        0.0000000000000000     
   115.49292143349149       -93.606589911051543       -31.058818977571693        60.098011532706330        0.0000000000000000     
   148.94365133723670        26.154720536660914        140.33150240679097        42.511307902372621        0.0000000000000000     
   210.00305331105548        104.76251220200793        54.417549357761395       -153.94028973798640        80.419002445756163     
   175.56037391821627       -37.310642827617201       -163.69023278698072        51.330970302907502        0.0000000000000000     

 PASSED   1.0000000000000001E-005
 MU_R    =    325.00000000000000     
 ALPHA_S =   0.11799999999999999     
 BORN                    8.0283630947856471E-008
 SINGLE POLE (MadFKS)   -5.4744897394145179E-010
 DOUBLE POLE (MadFKS)   -8.5439128832406481E-009
 SINGLE POLE (MadLoop)  -5.4744897394154764E-010
 DOUBLE POLE (MadLoop)  -8.5439128832406332E-009
 FINITE PART (MadLoop)  -5.5146923894945577E-009
   325.00000000000000        0.0000000000000000        0.0000000000000000        325.00000000000000        0.0000000000000000     
   325.00000000000000        0.0000000000000000        0.0000000000000000       -325.00000000000000        0.0000000000000000     
   121.78742839283622       -58.259361005119331        96.529645311743081       -46.044023996653941        0.0000000000000000     
   29.637243969699089       -1.4134466488909212        15.215559133947030        25.393998482546323        0.0000000000000000     
   227.97241847215608       -82.227069334960021       -29.545120001052087       -194.60216489643798        80.419002445756163     
   270.60290916530857        141.89987698897022       -82.200084444638023        215.25219041054550        0.0000000000000000     

 PASSED   1.0000000000000001E-005
 MU_R    =    325.00000000000000     
 ALPHA_S =   0.11799999999999999     
 BORN                    1.0157650336683412E-010
 SINGLE POLE (MadFKS)   -2.1648268626330797E-011
 DOUBLE POLE (MadFKS)   -1.0809934547107111E-011
 SINGLE POLE (MadLoop)  -2.1648268626315717E-011
 DOUBLE POLE (MadLoop)  -1.0809934547107952E-011
 FINITE PART (MadLoop)   7.2060148054833103E-012
   325.00000000000000        0.0000000000000000        0.0000000000000000        325.00000000000000        0.0000000000000000     
   325.00000000000000        0.0000000000000000        0.0000000000000000       -325.00000000000000        0.0000000000000000     
   261.46926849464484       -55.614307469283894        129.09185609867228        220.47339944046837        0.0000000000000000     
   79.148179650961495       -10.150069890029481       -78.381991156928905       -4.2040320602383572        0.0000000000000000     
   81.550710337827596       -7.1381377449777270       -10.729260990038231       -4.1511866225326512        80.419002445756163     
   227.83184151656607        72.902515104291098       -39.980603951705106       -212.11818075769742        0.0000000000000000     

 PASSED   1.0000000000000001E-005
 MU_R    =    325.00000000000000     
 ALPHA_S =   0.11799999999999999     
 BORN                    1.2557183894549135E-010
 SINGLE POLE (MadFKS)   -1.2891946970360540E-011
 DOUBLE POLE (MadFKS)   -1.3363556678638844E-011
 SINGLE POLE (MadLoop)  -1.2891946970358063E-011
 DOUBLE POLE (MadLoop)  -1.3363556678638889E-011
 FINITE PART (MadLoop)   1.5152440746267356E-011
   325.00000000000000        0.0000000000000000        0.0000000000000000        325.00000000000000        0.0000000000000000     
   325.00000000000000        0.0000000000000000        0.0000000000000000       -325.00000000000000        0.0000000000000000     
   134.06297662332761       -50.475545821152494        119.28324915667716        34.592014190990724        0.0000000000000000     
   156.47673893085880       -23.969030101522169        153.62089694516453       -17.637330982651751        0.0000000000000000     
   206.46049869091061       -38.665438743947796       -183.12634352199481        33.592375925667248        80.419002445756163     
   152.99978575490303        113.11001466662236       -89.777802579847005       -50.547059134006197        0.0000000000000000     

 PASSED   1.0000000000000001E-005
 MU_R    =    325.00000000000000     
 ALPHA_S =   0.11799999999999999     
 BORN                    6.9972613199631284E-012
 SINGLE POLE (MadFKS)   -3.5750946803332863E-013
 DOUBLE POLE (MadFKS)   -7.4465978223959039E-013
 SINGLE POLE (MadLoop)  -3.5750946803328552E-013
 DOUBLE POLE (MadLoop)  -7.4465978223958999E-013
 FINITE PART (MadLoop)  -1.6170085761276933E-012
   325.00000000000000        0.0000000000000000        0.0000000000000000        325.00000000000000        0.0000000000000000     
   325.00000000000000        0.0000000000000000        0.0000000000000000       -325.00000000000000        0.0000000000000000     
   219.38704141392805        169.65398606871653       -32.021679275320651        135.36177823795310        0.0000000000000000     
   59.550901715719895       -10.388120187650671       -46.435597853902003       -35.806872330223804        0.0000000000000000     
   193.62266197125655       -50.224637518733807       -46.709468430880918       -162.22894507294700        80.419002445756163     
   177.43939489909565       -109.04122836233212        125.16674556010362        62.674039165217700        0.0000000000000000     

 PASSED   1.0000000000000001E-005
 MU_R    =    325.00000000000000     
 ALPHA_S =   0.11799999999999999     
 BORN                    7.4500765769513341E-012
 SINGLE POLE (MadFKS)   -3.4510685230889901E-013
 DOUBLE POLE (MadFKS)   -7.9284910878390442E-013
 SINGLE POLE (MadLoop)  -3.4510685231093354E-013
 DOUBLE POLE (MadLoop)  -7.9284910878390290E-013
 FINITE PART (MadLoop)   1.0535474362606312E-012
   325.00000000000000        0.0000000000000000        0.0000000000000000        325.00000000000000        0.0000000000000000     
   325.00000000000000        0.0000000000000000        0.0000000000000000       -325.00000000000000        0.0000000000000000     
   122.97775379047299       -97.178918008851852        69.941621100476468       -28.070544344854344        0.0000000000000000     
   128.84460786701285        57.493365392897836       -94.736378076979776       -65.730240993462090        0.0000000000000000     
   197.55657727274348        75.530082885647161       -161.41646060757233        28.307562480055925        80.419002445756163     
   200.62106106977072       -35.844530269693152        186.21121758407563        65.493222858260523        0.0000000000000000     

 PASSED   1.0000000000000001E-005
 MU_R    =    325.00000000000000     
 ALPHA_S =   0.11799999999999999     
 BORN                    4.1278582124473669E-012
 SINGLE POLE (MadFKS)   -3.5630436486354693E-013
 DOUBLE POLE (MadFKS)   -4.3929329734010257E-013
 SINGLE POLE (MadLoop)  -3.5630436486413682E-013
 DOUBLE POLE (MadLoop)  -4.3929329734010010E-013
 FINITE PART (MadLoop)   8.8864139022666753E-013
   325.00000000000000        0.0000000000000000        0.0000000000000000        325.00000000000000        0.0000000000000000     
   325.00000000000000        0.0000000000000000        0.0000000000000000       -325.00000000000000        0.0000000000000000     
   167.50582922447862       -53.052680799050101       -136.92646747508570       -80.590063835491463        0.0000000000000000     
   271.45264318530735       -43.813193965968232        260.74649365166204        61.467125971156051        0.0000000000000000     
   88.889364127251383        17.795502505260735       -30.936828281928332        12.662379200461851        80.419002445756163     
   122.15216346296272        79.070372259757619       -92.883197894648092        6.4605586638735781        0.0000000000000000     

 PASSED   1.0000000000000001E-005
 MU_R    =    325.00000000000000     
 ALPHA_S =   0.11799999999999999     
 BORN                    8.0835397819662647E-012
 SINGLE POLE (MadFKS)   -2.5104937723665020E-013
 DOUBLE POLE (MadFKS)   -8.6026327994790168E-013
 SINGLE POLE (MadLoop)  -2.5104937723669003E-013
 DOUBLE POLE (MadLoop)  -8.6026327994790219E-013
 FINITE PART (MadLoop)   1.6973476141271417E-012
   325.00000000000000        0.0000000000000000        0.0000000000000000        325.00000000000000        0.0000000000000000     
   325.00000000000000        0.0000000000000000        0.0000000000000000       -325.00000000000000        0.0000000000000000     
   165.94129856908395       -101.15860570586054        86.885210771385587       -98.764422803213904        0.0000000000000000     
   74.251946388504280        35.893450023016705        9.2002814051314168        64.345680585357911        0.0000000000000000     
   218.03777709964393        179.01955396923881       -10.944230339003054       -94.368847651781053        80.419002445756163     
   191.76897794276780       -113.75439828639506       -85.141261837513994        128.78758986963706        0.0000000000000000     

 PASSED   1.0000000000000001E-005
 MU_R    =    325.00000000000000     
 ALPHA_S =   0.11799999999999999     
 BORN                    1.9542311228261796E-011
 SINGLE POLE (MadFKS)   -1.0060866244588085E-012
 DOUBLE POLE (MadFKS)   -2.0797241318082452E-012
 SINGLE POLE (MadLoop)  -1.0060866244595339E-012
 DOUBLE POLE (MadLoop)  -2.0797241318082529E-012
 FINITE PART (MadLoop)   2.9307227526962415E-012
   325.00000000000000        0.0000000000000000        0.0000000000000000        325.00000000000000        0.0000000000000000     
   325.00000000000000        0.0000000000000000        0.0000000000000000       -325.00000000000000        0.0000000000000000     
   193.69283522281393       -155.11214613226207       -28.285797701854463       -112.50355633163626        0.0000000000000000     
   131.05992280229810       -68.848304400918181        70.183914242294861        86.665059439736297        0.0000000000000000     
   90.744752635421676       -9.5977833518830025       -40.641417044445063        4.8530353226760150        80.419002445756163     
   234.50248933946634        233.55823388506329       -1.2566994959953630        20.985461569223922        0.0000000000000000     

 PASSED   1.0000000000000001E-005
 MU_R    =    325.00000000000000     
 ALPHA_S =   0.11799999999999999     
 BORN                    9.3520278416999255E-009
 SINGLE POLE (MadFKS)   -1.0248439946421872E-009
 DOUBLE POLE (MadFKS)   -9.9525781554426067E-010
 SINGLE POLE (MadLoop)  -1.0248439946426307E-009
 DOUBLE POLE (MadLoop)  -9.9525781554407042E-010
 FINITE PART (MadLoop)   3.3216853808582942E-010
   325.00000000000000        0.0000000000000000        0.0000000000000000        325.00000000000000        0.0000000000000000     
   325.00000000000000        0.0000000000000000        0.0000000000000000       -325.00000000000000        0.0000000000000000     
   91.253451238018499        25.637262611239226        66.853232355749412        56.573566727226556        0.0000000000000000     
   227.11579733297856        92.918482535109050        205.73926711603576        24.881619081637350        0.0000000000000000     
   253.86921998867055       -65.768292497903047       -215.58707323792666       -84.729631522275326        80.419002445756163     
   77.761531440332462       -52.787452648445253       -57.005426233858522        3.2744457134113443        0.0000000000000000     

 PASSED   1.0000000000000001E-005
 MU_R    =    325.00000000000000     
 ALPHA_S =   0.11799999999999999     
 BORN                    5.3243110773319096E-011
 SINGLE POLE (MadFKS)    2.3646826307901967E-013
 DOUBLE POLE (MadFKS)   -5.6662173186390454E-012
 SINGLE POLE (MadLoop)   2.3646826303560597E-013
 DOUBLE POLE (MadLoop)  -5.6662173186389986E-012
 FINITE PART (MadLoop)   2.6646281870687726E-011
   325.00000000000000        0.0000000000000000        0.0000000000000000        325.00000000000000        0.0000000000000000     
   325.00000000000000        0.0000000000000000        0.0000000000000000       -325.00000000000000        0.0000000000000000     
   76.252938562367291       -59.382650635950029       -29.653897379358519       -37.534754735569265        0.0000000000000000     
   152.15500973680477        52.878385774007960        42.370494287011169       -136.23422668263922        0.0000000000000000     
   145.87925951000190       -63.368806322669926        64.399998985189399       -81.551069378417807        80.419002445756163     
   275.71279219082606        69.873071184611874       -77.116595892842014        255.32005079662628        0.0000000000000000     

 PASSED   1.0000000000000001E-005
 MU_R    =    325.00000000000000     
 ALPHA_S =   0.11799999999999999     
 BORN                    6.9982761586987631E-012
 SINGLE POLE (MadFKS)   -1.0620136430064140E-012
 DOUBLE POLE (MadFKS)   -7.4476778300693778E-013
 SINGLE POLE (MadLoop)  -1.0620136430062852E-012
 DOUBLE POLE (MadLoop)  -7.4476778300694414E-013
 FINITE PART (MadLoop)  -6.3609020510179736E-013
   325.00000000000000        0.0000000000000000        0.0000000000000000        325.00000000000000        0.0000000000000000     
   325.00000000000000        0.0000000000000000        0.0000000000000000       -325.00000000000000        0.0000000000000000     
   127.39545018486544        27.754566728016268        123.16948499352236       -16.987133954116263        0.0000000000000000     
   24.368579915221204        7.7635270258355629        22.625979723361841       -4.6497716891974079        0.0000000000000000     
   319.74792912345418       -80.342302334828730       -255.41751190684499        155.17258550150748        80.419002445756163     
   178.48804077645914        44.824208580976986        109.62204718996074       -133.53567985819379        0.0000000000000000     

 PASSED   1.0000000000000001E-005
 MU_R    =    325.00000000000000     
 ALPHA_S =   0.11799999999999999     
 BORN                    1.7800444154092546E-011
 SINGLE POLE (MadFKS)   -3.0061950086968423E-012
 DOUBLE POLE (MadFKS)   -1.8943518415894167E-012
 SINGLE POLE (MadLoop)  -3.0061950086968261E-012
 DOUBLE POLE (MadLoop)  -1.8943518415894014E-012
 FINITE PART (MadLoop)   1.2371558910984154E-012
   325.00000000000000        0.0000000000000000        0.0000000000000000        325.00000000000000        0.0000000000000000     
   325.00000000000000        0.0000000000000000        0.0000000000000000       -325.00000000000000        0.0000000000000000     
   278.69575774914534       -11.035935894464217        163.71924798355664        225.26771039366133        0.0000000000000000     
   82.785489212040360       -55.355082294716397        17.992947652616266       -58.868547824727756        0.0000000000000000     
Thanks for using LHAPDF 6.2.1. Please make sure to cite the paper:
  Eur.Phys.J. C75 (2015) 3, 132  (http://arxiv.org/abs/1412.7420)
   142.09689975656309        18.683595131758530       -103.05660281587537       -52.484024760489199        80.419002445756163     
   146.42185328225122        47.707423057421884       -78.655592820297159       -113.91513780844437        0.0000000000000000     

 PASSED   1.0000000000000001E-005
 MU_R    =    325.00000000000000     
 ALPHA_S =   0.11799999999999999     
 BORN                    4.4946728215540083E-011
 SINGLE POLE (MadFKS)   -7.5866911454572462E-012
 DOUBLE POLE (MadFKS)   -4.7833029688167342E-012
 SINGLE POLE (MadLoop)  -7.5866911454570507E-012
 DOUBLE POLE (MadLoop)  -4.7833029688166889E-012
 FINITE PART (MadLoop)   5.7157328791963151E-012
   325.00000000000000        0.0000000000000000        0.0000000000000000        325.00000000000000        0.0000000000000000     
   325.00000000000000        0.0000000000000000        0.0000000000000000       -325.00000000000000        0.0000000000000000     
   270.20830558195513        226.83699205605208       -81.959754491747546        121.81997407685782        0.0000000000000000     
   144.31503658327875       -135.58391976633533        17.822230702009431       -46.110720853543171        0.0000000000000000     
   93.444527787343986       -6.5318260317120194        32.766973466549025        33.886937270327209        80.419002445756163     
   142.03213004742213       -84.721246258004726        31.370550323189093       -109.59619049364184        0.0000000000000000     

 NUMBER OF POINTS PASSING THE CHECK          20
 NUMBER OF POINTS FAILING THE CHECK           0
 TOLERANCE    1.0000000000000001E-005
