==== LHAPDF6 USING DEFAULT-TYPE LHAGLUE INTERFACE ====
LHAPDF 6.2.1 loading /cvmfs/cms.cern.ch/slc7_amd64_gcc700/external/lhapdf/6.2.1-pafccj3/share/LHAPDF/NNPDF31_nnlo_as_0118_nf_4_mc_hessian/NNPDF31_nnlo_as_0118_nf_4_mc_hessian_0000.dat
NNPDF31_nnlo_as_0118_nf_4_mc_hessian PDF set, member #0, version 1; LHAPDF ID = 325500
 A PDF is used, so alpha_s(MZ) is going to be modified
 Old value of alpha_s from param_card:   0.11799999999999999     
 New value of alpha_s from PDF lhapdf :  0.11266013434007299     
 *****************************************************
 *               MadGraph/MadEvent                   *
 *        --------------------------------           *
 *          http://madgraph.hep.uiuc.edu             *
 *          http://madgraph.phys.ucl.ac.be           *
 *          http://madgraph.roma2.infn.it            *
 *        --------------------------------           *
 *                                                   *
 *          PARAMETER AND COUPLING VALUES            *
 *                                                   *
 *****************************************************

  External Params
  ---------------------------------
  
 MU_R =    91.188000000000002     
 aEWM1 =    132.50700000000001     
 mdl_Gf =    1.1663900000000000E-005
 aS =   0.11799999999999999     
 mdl_ymb =    4.7000000000000002     
 mdl_ymt =    173.00000000000000     
 mdl_ymtau =    1.7769999999999999     
 mdl_MT =    173.00000000000000     
 mdl_MB =    4.7000000000000002     
 mdl_MZ =    91.188000000000002     
 mdl_MH =    125.00000000000000     
 mdl_MTA =    1.7769999999999999     
 mdl_WT =    1.4915000000000000     
 mdl_WZ =    2.4414039999999999     
 mdl_WW =    2.0476000000000001     
 mdl_WH =    6.3823389999999999E-003
  Internal Params
  ---------------------------------
  
 mdl_conjg__CKM3x3 =    1.0000000000000000     
 mdl_CKM22 =    1.0000000000000000     
 mdl_lhv =    1.0000000000000000     
 mdl_CKM3x3 =    1.0000000000000000     
 mdl_conjg__CKM22 =    1.0000000000000000     
 mdl_conjg__CKM33 =    1.0000000000000000     
 mdl_Ncol =    3.0000000000000000     
 mdl_CA =    3.0000000000000000     
 mdl_TF =   0.50000000000000000     
 mdl_CF =    1.3333333333333333     
 mdl_complexi =                (0.0000000000000000,1.0000000000000000)
 mdl_MZ__exp__2 =    8315.2513440000002     
 mdl_MZ__exp__4 =    69143404.913893804     
 mdl_sqrt__2 =    1.4142135623730951     
 mdl_MH__exp__2 =    15625.000000000000     
 mdl_Ncol__exp__2 =    9.0000000000000000     
 mdl_MB__exp__2 =    22.090000000000003     
 mdl_MT__exp__2 =    29929.000000000000     
 mdl_aEW =    7.5467711139788835E-003
 mdl_MW =    80.419002445756163     
 mdl_sqrt__aEW =    8.6872153846781555E-002
 mdl_ee =   0.30795376724436879     
 mdl_MW__exp__2 =    6467.2159543705357     
 mdl_sw2 =   0.22224648578577766     
 mdl_cw =   0.88190334743339216     
 mdl_sqrt__sw2 =   0.47143025548407230     
 mdl_sw =   0.47143025548407230     
 mdl_g1 =   0.34919219678733299     
 mdl_gw =   0.65323293034757990     
 mdl_v =    246.21845810181637     
 mdl_v__exp__2 =    60623.529110035903     
 mdl_lam =   0.12886910601690263     
 mdl_yb =    2.6995554250465490E-002
 mdl_yt =   0.99366614581500623     
 mdl_ytau =    1.0206617000654717E-002
 mdl_muH =    88.388347648318430     
 mdl_AxialZUp =  -0.18517701861793787     
 mdl_AxialZDown =   0.18517701861793787     
 mdl_VectorZUp =    7.5430507588273299E-002
 mdl_VectorZDown =  -0.13030376310310560     
 mdl_VectorAUp =   0.20530251149624587     
 mdl_VectorADown =  -0.10265125574812294     
 mdl_VectorWmDxU =   0.23095271737156670     
 mdl_AxialWmDxU =  -0.23095271737156670     
 mdl_VectorWpUxD =   0.23095271737156670     
 mdl_AxialWpUxD =  -0.23095271737156670     
 mdl_I1x33 =          (2.69955542504654901E-002,0.0000000000000000)
 mdl_I2x33 =               (0.99366614581500623,0.0000000000000000)
 mdl_I3x33 =               (0.99366614581500623,0.0000000000000000)
 mdl_I4x33 =          (2.69955542504654901E-002,0.0000000000000000)
 mdl_Vector_tbGp =              (-0.96667059156454072,0.0000000000000000)
 mdl_Axial_tbGp =              (-1.0206617000654716,-0.0000000000000000)
 mdl_Vector_tbGm =               (0.96667059156454072,0.0000000000000000)
 mdl_Axial_tbGm =              (-1.0206617000654716,-0.0000000000000000)
 mdl_gw__exp__2 =   0.42671326129048615     
 mdl_cw__exp__2 =   0.77775351421422245     
 mdl_ee__exp__2 =    9.4835522759998875E-002
 mdl_sw__exp__2 =   0.22224648578577769     
 mdl_yb__exp__2 =    7.2875994928982540E-004
 mdl_yt__exp__2 =   0.98737240933884918     
  Internal Params evaluated point by point
  ----------------------------------------
  
 mdl_sqrt__aS =   0.34351128074635334     
 mdl_G__exp__4 =    2.1987899468922913     
 mdl_G__exp__2 =    1.4828317324943823     
 mdl_R2MixedFactor_FIN_ =   -2.5040377713124864E-002
 mdl_G_UVg_1EPS_ =   -5.1645779033320030E-002
 mdl_G_UVq_1EPS_ =    3.1300472141406080E-003
 mdl_GWcft_UV_b_1EPS_ =   -3.1300472141406080E-003
 mdl_GWcft_UV_t_1EPS_ =   -3.1300472141406080E-003
 mdl_bWcft_UV_1EPS_ =   -1.8780283284843650E-002
 mdl_tWcft_UV_1EPS_ =   -1.8780283284843650E-002
 mdl_G__exp__3 =    1.8056676068262196     
 mdl_MU_R__exp__2 =    8315.2513440000002     
 mdl_G_UVb_FIN_ =    1.8563438626678915E-002
 mdl_G_UVt_FIN_ =   -4.0087659331150384E-003
 mdl_GWcft_UV_b_FIN_ =   -1.8563438626678915E-002
 mdl_GWcft_UV_t_FIN_ =    4.0087659331150384E-003
 mdl_bWcft_UV_FIN_ =  -0.13642100947319838     
 mdl_tWcft_UV_FIN_ =   -9.8778211443463623E-004
  Couplings of loop_sm
  ---------------------------------
  
      UV_GQQb =   0.00000E+00   0.22605E-01
      UV_GQQt =   0.00000E+00  -0.48815E-02
   UVWfct_G_2 =   0.40088E-02   0.00000E+00
   UVWfct_G_1 =  -0.18563E-01   0.00000E+00
       R2_DDA =   0.00000E+00   0.25704E-02
       R2_UUA =  -0.00000E+00  -0.51409E-02
    R2_UUZ_V2 =  -0.00000E+00  -0.72127E-02
    R2_UUZ_V5 =   0.00000E+00   0.68702E-03
      R2_sxcW =  -0.00000E+00  -0.11566E-01
      R2_GGHb =   0.00000E+00  -0.33698E-02
      R2_GGHt =   0.00000E+00  -0.45657E+01
     R2_GGZup =  -0.46369E-02   0.00000E+00
    R2_GGWWcs =   0.00000E+00   0.13356E-02
         GC_4 =  -0.12177E+01   0.00000E+00
         GC_5 =   0.00000E+00   0.12177E+01
       R2_GQQ =  -0.00000E+00  -0.30492E-01
       R2_QQq =   0.00000E+00   0.12520E-01
 UV_GQQg_1eps =   0.00000E+00  -0.62890E-01
 UV_GQQq_1eps =   0.00000E+00   0.38115E-02
 UVWfct_G_2_1eps -0.31300E-02   0.00000E+00
         GC_1 =  -0.00000E+00  -0.10265E+00
         GC_2 =   0.00000E+00   0.20530E+00
         GC_7 =   0.00000E+00   0.57609E+00
        GC_22 =   0.00000E+00   0.28804E+00
        GC_23 =  -0.00000E+00  -0.27437E-01
        GC_24 =   0.00000E+00   0.82310E-01
        GC_25 =   0.00000E+00   0.30795E+00
        GC_28 =   0.00000E+00   0.37035E+00
        GC_31 =   0.00000E+00   0.52532E+02
        GC_33 =  -0.00000E+00  -0.19089E-01
        GC_37 =  -0.00000E+00  -0.70263E+00
        GC_38 =  -0.00000E+00  -0.72172E-02
        GC_47 =   0.00000E+00   0.46191E+00

 Collider parameters:
 --------------------

 Running at P P   machine @    13000.000000000000       GeV
 PDF set = lhapdf 
 alpha_s(Mz)= 0.1127 running at 3 loops.
 alpha_s(Mz)= 0.1127 running at 3 loops.
 Renormalization scale set on event-by-event basis
 Factorization   scale set on event-by-event basis


 ===============================================================
 INFO: MadFKS read these parameters from FKS_params.dat
 ===============================================================
  > IRPoleCheckThreshold      =    1.0000000000000001E-005
  > PrecisionVirtualAtRunTime =    1.0000000000000000E-003
  > NHelForMCoverHels         =            4
  > VirtualFraction           =    1.0000000000000000     
  > MinVirtualFraction        =    5.0000000000000001E-003
 ===============================================================
  Insert the number of points to test
 Insert the relative tolerance
  A negative number will mean use the default one:    1.0000000000000001E-005
Using random seed offsets:     1 ,     55 ,      0
  with seed                   32
 Ranmar initialization seeds       10730        9461
  ========================================================================================== 
 {                                                                                          }
 {       [32m                                                                            [0m       }
 {       [32m                               ,,                                           [0m       }
 {       [32m`7MMM.     ,MMF'             `7MM  `7MMF'                                   [0m       }
 {       [32m  MMMb    dPMM                 MM    MM                                     [0m       }
 {       [32m  M YM   ,M MM   ,6"Yb.   ,M""bMM    MM         ,pW"Wq.   ,pW"Wq.`7MMpdMAo. [0m       }
 {       [32m  M  Mb  M' MM  8)   MM ,AP    MM    MM        6W'   `Wb 6W'   `Wb MM   `Wb [0m       }
 {       [32m  M  YM.P'  MM   ,pm9MM 8MI    MM    MM      , 8M     M8 8M     M8 MM    M8 [0m       }
 {       [32m  M  `YM'   MM  8M   MM `Mb    MM    MM     ,M YA.   ,A9 YA.   ,A9 MM   ,AP [0m       }
 {       [32m.JML. `'  .JMML.`Moo9^Yo.`Wbmd"MML..JMMmmmmMMM  `Ybmd9'   `Ybmd9'  MMbmmd'  [0m       }
 {       [32m                                                                   MM       [0m       }
 {       [32m                                                                 .JMML.     [0m       }
 {       [32m[0mv2.6.5 (2018-02-03), Ref: arXiv:1103.0621v2, arXiv:1405.0301[32m                [0m       }
 {       [32m                                                                            [0m       }
 {                                                                                          }
  ========================================================================================== 
 ===============================================================
 INFO: MadLoop read these parameters from ./MadLoop5_resources/MadLoopParams.dat                                                                                                                                                                                                                                                                                                                                                                                                                                                                                          
 ===============================================================
  > MLReductionLib            = 6|7|1
  > CTModeRun                 =           -1
  > MLStabThres               =    1.0000000000000000E-003
  > NRotations_DP             =            0
  > NRotations_QP             =            0
  > CTStabThres               =    1.0000000000000000E-002
  > CTLoopLibrary             =            2
  > CTModeInit                =            1
  > CheckCycle                =            3
  > MaxAttempts               =           10
  > UseLoopFilter             =  F
  > HelicityFilterLevel       =            2
  > ImprovePSPoint            =            2
  > DoubleCheckHelicityFilter =  T
  > LoopInitStartOver         =  F
  > HelInitStartOver          =  F
  > ZeroThres                 =    1.0000000000000001E-009
  > OSThres                   =    1.0000000000000000E-008
  > WriteOutFilters           =  T
  > UseQPIntegrandForNinja    =  T
  > UseQPIntegrandForCutTools =  T
  > IREGIMODE                 =            2
  > IREGIRECY                 =  T
  > COLLIERMode               =            1
  > COLLIERRequiredAccuracy   =    1.0000000000000000E-008
  > COLLIERCanOutput          =  F
  > COLLIERComputeUVpoles     =  T
  > COLLIERComputeIRpoles     =  T
  > COLLIERGlobalCache        =           -1
  > COLLIERUseCacheForPoles   =  F
  > COLLIERUseInternalStabilityTest =  T
 ===============================================================
  
------------------------------------------------------------------------
|              You are using CutTools - Version 1.9.3                  |
|              Authors: G. Ossola, C. Papadopoulos, R. Pittau          |
|              Published in JHEP 0803:042,2008                         |
|              http://www.ugr.es/~pittau/CutTools                      |
|                                                                      |
|              Compiler with  34  significant digits detetected        |
 ---------------------------------------------------------------------- 
   
########################################################################
#                                                                      #

  +----------------------------------------------------------------+
  |                                                                |
  |  Ninja - version 1.1.0                                         |
  |                                                                |
  |  Author: Tiziano Peraro                                        |
  |                                                                |
  |  Based on:                                                     |
  |                                                                |
  |      P. Mastrolia, E. Mirabella and T. Peraro,                 |
  |      "Integrand reduction of one-loop scattering amplitudes    |
  |      through Laurent series expansion,"                        |
  |      JHEP 1206 (2012) 095  [arXiv:1203.0291 [hep-ph]].         |
  |                                                                |
  |      T. Peraro,                                                |
  |      "Ninja: Automated Integrand Reduction via Laurent         |
  |      Expansion for One-Loop Amplitudes,"                       |
  |      Comput.Phys.Commun. 185 (2014) [arXiv:1403.1229 [hep-ph]] |
  |                                                                |
  +----------------------------------------------------------------+


#                      You are using OneLOop-3.6                       #
#                                                                      #
# for the evaluation of 1-loop scalar 1-, 2-, 3- and 4-point functions #
#                                                                      #
# author: Andreas van Hameren <hamerenREMOVETHIS@ifj.edu.pl>           #
#   date: 18-02-2015                                                   #
#                                                                      #
# Please cite                                                          #
#    A. van Hameren,                                                   #
#      Comput.Phys.Commun. 182 (2011) 2427-2438, arXiv:1007.4716       #
#    A. van Hameren, C.G. Papadopoulos and R. Pittau,                  #
#      JHEP 0909:106,2009, arXiv:0903.4665                             #
# in publications with results obtained with the help of this program. #
#                                                                      #
########################################################################
########################################################################
#                                                                      #
#                      You are using OneLOop-3.6                       #
#                                                                      #
# for the evaluation of 1-loop scalar 1-, 2-, 3- and 4-point functions #
#                                                                      #
# author: Andreas van Hameren <hamerenREMOVETHIS@ifj.edu.pl>           #
#   date: 18-02-2015                                                   #
#                                                                      #
# Please cite                                                          #
#    A. van Hameren,                                                   #
#      Comput.Phys.Commun. 182 (2011) 2427-2438, arXiv:1007.4716       #
#    A. van Hameren, C.G. Papadopoulos and R. Pittau,                  #
#      JHEP 0909:106,2009, arXiv:0903.4665                             #
# in publications with results obtained with the help of this program. #
#                                                                      #
########################################################################
 PASSED   1.0000000000000001E-005
 MU_R    =    325.00000000000000     
 ALPHA_S =   0.11799999999999999     
 BORN                    1.4197504996138859E-010
 SINGLE POLE (MadFKS)   -3.2850403984710654E-011
 DOUBLE POLE (MadFKS)   -1.5109212726710012E-011
 SINGLE POLE (MadLoop)  -3.2850403984724904E-011
 DOUBLE POLE (MadLoop)  -1.5109212726709954E-011
 FINITE PART (MadLoop)   1.3669993854159679E-011
   325.00000000000000        0.0000000000000000        0.0000000000000000        325.00000000000000        0.0000000000000000     
   325.00000000000000        0.0000000000000000        0.0000000000000000       -325.00000000000000        0.0000000000000000     
   191.11284275490343        116.91282127368525       -116.88741887386560        95.879310576856284        0.0000000000000000     
   179.13272053210829       -141.93146018054466        40.079431645518149       -101.67414290381382        0.0000000000000000     
   182.85080375556316       -1.9336667108802490        160.39980172063841       -35.147759825002630        80.419002445756163     
   96.903632957425131        26.952305617739583       -83.591814492290951        40.942592151960170        0.0000000000000000     

 PASSED   1.0000000000000001E-005
 MU_R    =    325.00000000000000     
 ALPHA_S =   0.11799999999999999     
 BORN                    1.1948037643426472E-008
 SINGLE POLE (MadFKS)   -6.0107079689954587E-009
 DOUBLE POLE (MadFKS)   -1.2715293459686408E-009
 SINGLE POLE (MadLoop)  -6.0107079689971511E-009
 DOUBLE POLE (MadLoop)  -1.2715293459674691E-009
 FINITE PART (MadLoop)  -1.5030848769268009E-008
   325.00000000000000        0.0000000000000000        0.0000000000000000        325.00000000000000        0.0000000000000000     
   325.00000000000000        0.0000000000000000        0.0000000000000000       -325.00000000000000        0.0000000000000000     
   261.28970880102867       -197.65775529443712       -146.00723368764579        88.800965130858714        0.0000000000000000     
   88.927536687592664       -14.813103733348523        48.116534875878067       -73.304009512758611        0.0000000000000000     
   249.47453697174095        207.65599383472400        91.653305535982796       -65.184265369296540        80.419002445756163     
   50.308217539637631        4.8148651930615900        6.2373932757849282        49.687309751196445        0.0000000000000000     

 PASSED   1.0000000000000001E-005
 MU_R    =    325.00000000000000     
 ALPHA_S =   0.11799999999999999     
 BORN                    1.1880208648597418E-009
 SINGLE POLE (MadFKS)   -3.8805241754467642E-010
 DOUBLE POLE (MadFKS)   -1.2643108754543513E-010
 SINGLE POLE (MadLoop)  -3.8805241754466944E-010
 DOUBLE POLE (MadLoop)  -1.2643108754543293E-010
 FINITE PART (MadLoop)  -1.9110318604859671E-010
   325.00000000000000        0.0000000000000000        0.0000000000000000        325.00000000000000        0.0000000000000000     
   325.00000000000000        0.0000000000000000        0.0000000000000000       -325.00000000000000        0.0000000000000000     
   209.43715213033218       -48.405892851707762        114.15176912050393        168.79029544482722        0.0000000000000000     
   196.90146611824642        22.810827561804228      -0.65551103175384717       -195.57459909392077        0.0000000000000000     
   155.22533951988848        62.225932696909759       -104.52114876272346       -53.206699164808320        80.419002445756163     
   88.436042231532952       -36.630867407006342       -8.9751093260269510        79.991002813901915        0.0000000000000000     

 PASSED   1.0000000000000001E-005
 MU_R    =    325.00000000000000     
 ALPHA_S =   0.11799999999999999     
 BORN                    3.8733641633826458E-010
 SINGLE POLE (MadFKS)   -5.8465920648578259E-011
 DOUBLE POLE (MadFKS)   -4.1220963210422923E-011
 SINGLE POLE (MadLoop)  -5.8465920648929552E-011
 DOUBLE POLE (MadLoop)  -4.1220963210422903E-011
 FINITE PART (MadLoop)   6.7144376452452395E-011
   325.00000000000000        0.0000000000000000        0.0000000000000000        325.00000000000000        0.0000000000000000     
   325.00000000000000        0.0000000000000000        0.0000000000000000       -325.00000000000000        0.0000000000000000     
   170.23592108778649       -66.138365030324081        98.203427584897113        122.31954999222546        0.0000000000000000     
   118.70856401549798        105.49267025081572       -35.646329190568949        41.138290061837004        0.0000000000000000     
   140.25800370004475        91.925189926445725        59.616157810493938       -34.652053798474945        80.419002445756163     
   220.79751119667071       -131.27949514693736       -122.17325620482208       -128.80578625558755        0.0000000000000000     

 PASSED   1.0000000000000001E-005
 MU_R    =    325.00000000000000     
 ALPHA_S =   0.11799999999999999     
 BORN                    4.7301694081378256E-010
 SINGLE POLE (MadFKS)   -1.0842826319431940E-010
 DOUBLE POLE (MadFKS)   -5.0339222166406762E-011
 SINGLE POLE (MadLoop)  -1.0842826319430219E-010
 DOUBLE POLE (MadLoop)  -5.0339222166406522E-011
 FINITE PART (MadLoop)   4.5018884878294551E-011
   325.00000000000000        0.0000000000000000        0.0000000000000000        325.00000000000000        0.0000000000000000     
   325.00000000000000        0.0000000000000000        0.0000000000000000       -325.00000000000000        0.0000000000000000     
   98.138763489203882       -27.700499442100998        21.588473813168456        91.639713161195303        0.0000000000000000     
   137.87830510509332       -62.636486505169906        47.861458688788005        113.12107827068434        0.0000000000000000     
   304.96839807718544        18.032679040885846       -122.24015077578341       -266.96568299374468        80.419002445756163     
   109.01453332851736        72.304306906385335        52.790218273826888        62.204891561865097        0.0000000000000000     

 PASSED   1.0000000000000001E-005
 MU_R    =    325.00000000000000     
 ALPHA_S =   0.11799999999999999     
 BORN                    2.1052404950021138E-008
 SINGLE POLE (MadFKS)   -1.0593084005801682E-008
 DOUBLE POLE (MadFKS)   -2.2404307298023026E-009
 SINGLE POLE (MadLoop)  -1.0593084005799907E-008
 DOUBLE POLE (MadLoop)  -2.2404307298041245E-009
 FINITE PART (MadLoop)  -2.6492085402765173E-008
   325.00000000000000        0.0000000000000000        0.0000000000000000        325.00000000000000        0.0000000000000000     
   325.00000000000000        0.0000000000000000        0.0000000000000000       -325.00000000000000        0.0000000000000000     
   307.00569657442145       -24.787789294450622        248.82234877293328        178.11654045079709        0.0000000000000000     
   87.803635745850301        21.359179545993644       -46.921938575733883       -71.074577590071044        0.0000000000000000     
   243.26386570539526        10.186828119328537       -197.86338356587279       -116.00173438485147        80.419002445756163     
   11.926801974333033       -6.7582183708715622       -4.0370266313266336        8.9597715241253848        0.0000000000000000     

 PASSED   1.0000000000000001E-005
 MU_R    =    325.00000000000000     
 ALPHA_S =   0.11799999999999999     
 BORN                    3.8584149850858265E-009
 SINGLE POLE (MadFKS)   -1.2149806128440325E-009
 DOUBLE POLE (MadFKS)   -4.1061871655225311E-010
 SINGLE POLE (MadLoop)  -1.2149806128440412E-009
 DOUBLE POLE (MadLoop)  -4.1061871655224634E-010
 FINITE PART (MadLoop)  -2.8835442608118669E-010
   325.00000000000000        0.0000000000000000        0.0000000000000000        325.00000000000000        0.0000000000000000     
   325.00000000000000        0.0000000000000000        0.0000000000000000       -325.00000000000000        0.0000000000000000     
   243.21454263774712        209.74941523867440        89.465419263144042        84.583895119535029        0.0000000000000000     
   203.54138576810271       -182.54633345756392       -82.937110539733752        35.033805915421766        0.0000000000000000     
   159.76598338152377       -23.680824895333192        35.181393017107766       -131.37519404037869        80.419002445756163     
   43.478088212626432       -3.5222568857772982       -41.709701740518064        11.757493005421919        0.0000000000000000     

 PASSED   1.0000000000000001E-005
 MU_R    =    325.00000000000000     
 ALPHA_S =   0.11799999999999999     
 BORN                    6.2220527961319952E-010
 SINGLE POLE (MadFKS)   -6.6566677467866961E-011
 DOUBLE POLE (MadFKS)   -6.6216084670613695E-011
 SINGLE POLE (MadLoop)  -6.6566677467855911E-011
 DOUBLE POLE (MadLoop)  -6.6216084670614419E-011
 FINITE PART (MadLoop)   9.4328438242102700E-011
   325.00000000000000        0.0000000000000000        0.0000000000000000        325.00000000000000        0.0000000000000000     
   325.00000000000000        0.0000000000000000        0.0000000000000000       -325.00000000000000        0.0000000000000000     
   235.50149261332743       0.49045253726261784        230.23485177046501        49.523989233963697        0.0000000000000000     
   56.650088157864388        56.564505004982259        2.9778665691574684       0.90640638316275324        0.0000000000000000     
   92.604650745436572       -5.6074544115101288        26.645513782517085       -36.972671469644695        80.419002445756163     
   265.24376848337164       -51.447503130734752       -259.85823212213955       -13.457724147481752        0.0000000000000000     

 PASSED   1.0000000000000001E-005
 MU_R    =    325.00000000000000     
 ALPHA_S =   0.11799999999999999     
 BORN                    4.4343346629992502E-009
 SINGLE POLE (MadFKS)   -1.8256430778753429E-009
 DOUBLE POLE (MadFKS)   -4.7190901318858978E-010
 SINGLE POLE (MadLoop)  -1.8256430778756736E-009
 DOUBLE POLE (MadLoop)  -4.7190901318863941E-010
 FINITE PART (MadLoop)  -2.6253139023414591E-009
   325.00000000000000        0.0000000000000000        0.0000000000000000        325.00000000000000        0.0000000000000000     
   325.00000000000000        0.0000000000000000        0.0000000000000000       -325.00000000000000        0.0000000000000000     
   100.86193030081961        41.621206589674422       -65.902528714532949        64.012974115074499        0.0000000000000000     
   253.50740255399904       -222.86475368105343        117.74608102258830        27.077021996163971        0.0000000000000000     
   194.99644893585767        166.43337601211579       -61.585717281255839        7.9705658134734634        80.419002445756163     
   100.63421820932373        14.810171079263219        9.7421649732004614       -99.060561924711934        0.0000000000000000     

 PASSED   1.0000000000000001E-005
 MU_R    =    325.00000000000000     
 ALPHA_S =   0.11799999999999999     
 BORN                    3.2905439499133203E-009
 SINGLE POLE (MadFKS)   -1.3027581889881023E-009
 DOUBLE POLE (MadFKS)   -3.5018496939673629E-010
 SINGLE POLE (MadLoop)  -1.3027581889878814E-009
 DOUBLE POLE (MadLoop)  -3.5018496939672222E-010
 FINITE PART (MadLoop)  -1.4571624540516215E-009
   325.00000000000000        0.0000000000000000        0.0000000000000000        325.00000000000000        0.0000000000000000     
   325.00000000000000        0.0000000000000000        0.0000000000000000       -325.00000000000000        0.0000000000000000     
   152.75617363945713        152.61633641842482        4.7731937048443180        4.4630779785025547        0.0000000000000000     
   254.22112760447962       -191.42660817258331        79.260410537516947        147.31606404414171        0.0000000000000000     
   213.03269190060826        19.744082026339512       -91.274519603325146       -173.76663995188594        80.419002445756163     
   29.990006855455011        19.066189727818966        7.2409153609639283        21.987497929241648        0.0000000000000000     

 PASSED   1.0000000000000001E-005
 MU_R    =    325.00000000000000     
 ALPHA_S =   0.11799999999999999     
 BORN                    1.4085249449822328E-010
 SINGLE POLE (MadFKS)   -3.4844775925706576E-011
 DOUBLE POLE (MadFKS)   -1.4989748572303248E-011
 SINGLE POLE (MadLoop)  -3.4844775925707055E-011
 DOUBLE POLE (MadLoop)  -1.4989748572303348E-011
 FINITE PART (MadLoop)   1.2373799117629556E-011
   325.00000000000000        0.0000000000000000        0.0000000000000000        325.00000000000000        0.0000000000000000     
   325.00000000000000        0.0000000000000000        0.0000000000000000       -325.00000000000000        0.0000000000000000     
   212.41075152682808       -187.47536155722227        91.896925401585392        39.067521996104382        0.0000000000000000     
   156.54660895351395        47.616630509463249       0.25194192648782865       -149.12891670978959        0.0000000000000000     
   134.12034075178212        64.018867910639500       -84.738806362393618       -15.555355885368453        80.419002445756163     
   146.92229876787582        75.839863137119536       -7.4100609656796035        125.61675059905367        0.0000000000000000     

 PASSED   1.0000000000000001E-005
 MU_R    =    325.00000000000000     
 ALPHA_S =   0.11799999999999999     
 BORN                    1.0525581318115304E-009
 SINGLE POLE (MadFKS)   -1.6616179567237346E-010
 DOUBLE POLE (MadFKS)   -1.1201492603872261E-010
 SINGLE POLE (MadLoop)  -1.6616179567292912E-010
 DOUBLE POLE (MadLoop)  -1.1201492603872248E-010
 FINITE PART (MadLoop)   1.0121020149099765E-010
   325.00000000000000        0.0000000000000000        0.0000000000000000        325.00000000000000        0.0000000000000000     
   325.00000000000000        0.0000000000000000        0.0000000000000000       -325.00000000000000        0.0000000000000000     
   96.615549126977669       -54.742980232605710        40.439430104870553       -68.574214841682704        0.0000000000000000     
   70.006009904496551       -52.605464293948266       -29.997271342866259       -35.123642481227080        0.0000000000000000     
   300.98914096970083        157.22168508427100       -171.54933046908610        173.14564961955736        80.419002445756163     
   182.38929999882495       -49.873240557716969        161.10717170708179       -69.447792296647592        0.0000000000000000     

 PASSED   1.0000000000000001E-005
 MU_R    =    325.00000000000000     
 ALPHA_S =   0.11799999999999999     
 BORN                    1.0372305020762610E-011
 SINGLE POLE (MadFKS)   -1.4401775547502388E-012
 DOUBLE POLE (MadFKS)   -1.1038373507714580E-012
 SINGLE POLE (MadLoop)  -1.4401775547296703E-012
 DOUBLE POLE (MadLoop)  -1.1038373507714586E-012
 FINITE PART (MadLoop)   1.8029517589284202E-012
   325.00000000000000        0.0000000000000000        0.0000000000000000        325.00000000000000        0.0000000000000000     
   325.00000000000000        0.0000000000000000        0.0000000000000000       -325.00000000000000        0.0000000000000000     
   93.287810631565264       -32.819139643062044        27.697809474505693       -82.815161871688431        0.0000000000000000     
   107.08211809275687       -5.0183261539278314        3.2412949370186004        106.91534232735350        0.0000000000000000     
   246.16311710594636        215.81990069853080        59.527135535798067       -63.303671823397188        80.419002445756163     
   203.46695416973148       -177.98243490154090       -90.466239947322379        39.203491367732120        0.0000000000000000     

 PASSED   1.0000000000000001E-005
 MU_R    =    325.00000000000000     
 ALPHA_S =   0.11799999999999999     
 BORN                    2.1234891798696929E-011
 SINGLE POLE (MadFKS)   -5.0444864734133089E-012
 DOUBLE POLE (MadFKS)   -2.2598512731810111E-012
 SINGLE POLE (MadLoop)  -5.0444864734158227E-012
 DOUBLE POLE (MadLoop)  -2.2598512731810196E-012
 FINITE PART (MadLoop)   8.6290625082442973E-013
   325.00000000000000        0.0000000000000000        0.0000000000000000        325.00000000000000        0.0000000000000000     
   325.00000000000000        0.0000000000000000        0.0000000000000000       -325.00000000000000        0.0000000000000000     
   107.55168876595016        102.93538475980591       -7.9863712922879611       -30.131216277147612        0.0000000000000000     
   167.09534244699503       -24.983184580703590        60.902638392016769       -153.58242930939818        0.0000000000000000     
   275.04895583381267       -104.92915810272828        25.731606870595961        239.81757303961245        80.419002445756163     
   100.30401295324214        26.976957923625974       -78.647873970324838       -56.103927453066746        0.0000000000000000     

 PASSED   1.0000000000000001E-005
 MU_R    =    325.00000000000000     
 ALPHA_S =   0.11799999999999999     
 BORN                    4.1590828366813827E-010
 SINGLE POLE (MadFKS)   -7.5757248231776479E-011
 DOUBLE POLE (MadFKS)   -4.4261627197537574E-011
 SINGLE POLE (MadLoop)  -7.5757248231775381E-011
 DOUBLE POLE (MadLoop)  -4.4261627197537528E-011
 FINITE PART (MadLoop)   7.7711555344122394E-011
   325.00000000000000        0.0000000000000000        0.0000000000000000        325.00000000000000        0.0000000000000000     
   325.00000000000000        0.0000000000000000        0.0000000000000000       -325.00000000000000        0.0000000000000000     
   207.05460422729192       -34.476311311872614        18.671458335253703        203.30855794501676        0.0000000000000000     
   193.57645217052954       -113.58022777834559       -79.415323961905770       -135.14651683552188        0.0000000000000000     
   112.45309459123325        12.136464208655800        57.718487804332938       -51.959262224048217        80.419002445756163     
   136.91584901094535        135.92007488156241        3.0253778223191774       -16.202778885446651        0.0000000000000000     

 PASSED   1.0000000000000001E-005
 MU_R    =    325.00000000000000     
 ALPHA_S =   0.11799999999999999     
 BORN                    3.5177427685616615E-011
 SINGLE POLE (MadFKS)   -4.8296267127530292E-012
 DOUBLE POLE (MadFKS)   -3.7436383239518974E-012
 SINGLE POLE (MadLoop)  -4.8296267127533960E-012
 DOUBLE POLE (MadLoop)  -3.7436383239519160E-012
 FINITE PART (MadLoop)   6.4332486787205989E-012
   325.00000000000000        0.0000000000000000        0.0000000000000000        325.00000000000000        0.0000000000000000     
   325.00000000000000        0.0000000000000000        0.0000000000000000       -325.00000000000000        0.0000000000000000     
   213.22482999818070        174.26047686166166       -32.205085831616053       -118.57886311766377        0.0000000000000000     
   69.932302755352993       -27.298201246077561        48.385629252283337       -42.475475974444173        0.0000000000000000     
   101.38619442217369        48.408897543963498        36.805400144569468       -10.671720752364045        80.419002445756163     
   265.45667282429270       -195.37117315954768       -52.985943565236823        171.72605984447196        0.0000000000000000     

 PASSED   1.0000000000000001E-005
 MU_R    =    325.00000000000000     
 ALPHA_S =   0.11799999999999999     
 BORN                    2.6394669702929409E-010
 SINGLE POLE (MadFKS)   -3.6023013253690668E-011
 DOUBLE POLE (MadFKS)   -2.8089631206417342E-011
 SINGLE POLE (MadLoop)  -3.6023013253634601E-011
 DOUBLE POLE (MadLoop)  -2.8089631206417390E-011
 FINITE PART (MadLoop)   5.9370591265894800E-011
   325.00000000000000        0.0000000000000000        0.0000000000000000        325.00000000000000        0.0000000000000000     
   325.00000000000000        0.0000000000000000        0.0000000000000000       -325.00000000000000        0.0000000000000000     
   155.25373240080469        149.77535887460172       -21.028789949217373        35.055003803118062        0.0000000000000000     
   145.01911105368717       -51.151669312901440       -104.86370259850698       -86.125798542812475        0.0000000000000000     
   114.41684994585809        41.508032062002805       -22.220843005921200       -66.387626916530309        80.419002445756163     
   235.31030659965003       -140.13172162370310        148.11333555364558        117.45842165622470        0.0000000000000000     

 PASSED   1.0000000000000001E-005
 MU_R    =    325.00000000000000     
 ALPHA_S =   0.11799999999999999     
 BORN                    5.9702289722496700E-010
 SINGLE POLE (MadFKS)   -1.2732368976410585E-010
 DOUBLE POLE (MadFKS)   -6.3536135112063527E-011
 SINGLE POLE (MadLoop)  -1.2732368976437047E-010
 DOUBLE POLE (MadLoop)  -6.3536135112192994E-011
 FINITE PART (MadLoop)   8.6988149377988362E-011
   325.00000000000000        0.0000000000000000        0.0000000000000000        325.00000000000000        0.0000000000000000     
   325.00000000000000        0.0000000000000000        0.0000000000000000       -325.00000000000000        0.0000000000000000     
   302.62103148117086       -187.62068924202259        196.60218712572959        133.13731888713940        0.0000000000000000     
   109.91783828910502        56.856648467213319       -84.516734897013976       -41.305861830658309        0.0000000000000000     
   133.80218496900244        50.813784626127315       -46.910502630418492       -81.566983412650856        80.419002445756163     
   103.65894526072159        79.950256148681845       -65.174949598297090       -10.264473643830238        0.0000000000000000     

 PASSED   1.0000000000000001E-005
 MU_R    =    325.00000000000000     
 ALPHA_S =   0.11799999999999999     
 BORN                    9.4239406864655242E-010
 SINGLE POLE (MadFKS)   -1.5059372295917787E-010
 DOUBLE POLE (MadFKS)   -1.0029108959245233E-010
 SINGLE POLE (MadLoop)  -1.5059372295916846E-010
 DOUBLE POLE (MadLoop)  -1.0029108959245227E-010
 FINITE PART (MadLoop)   1.5604178058958190E-010
   325.00000000000000        0.0000000000000000        0.0000000000000000        325.00000000000000        0.0000000000000000     
   325.00000000000000        0.0000000000000000        0.0000000000000000       -325.00000000000000        0.0000000000000000     
   83.961880863827744        31.272378727337472       -2.7207607188426794        77.873186836268474        0.0000000000000000     
   127.51229271230687        10.577827735464176        114.90480170647027        54.262149772605028        0.0000000000000000     
Thanks for using LHAPDF 6.2.1. Please make sure to cite the paper:
  Eur.Phys.J. C75 (2015) 3, 132  (http://arxiv.org/abs/1412.7420)
   247.55034125487225        89.761287708705055       -212.98734775188640       -37.326350310809495        80.419002445756163     
   190.97548516899309       -131.61149417150673        100.80330676425881       -94.808986298063999        0.0000000000000000     

 PASSED   1.0000000000000001E-005
 MU_R    =    325.00000000000000     
 ALPHA_S =   0.11799999999999999     
 BORN                    1.2567150016609454E-010
 SINGLE POLE (MadFKS)   -2.4455210302143632E-011
 DOUBLE POLE (MadFKS)   -1.3374162785719676E-011
 SINGLE POLE (MadLoop)  -2.4455210302143331E-011
 DOUBLE POLE (MadLoop)  -1.3374162785719651E-011
 FINITE PART (MadLoop)   9.0426777555833673E-012
   325.00000000000000        0.0000000000000000        0.0000000000000000        325.00000000000000        0.0000000000000000     
   325.00000000000000        0.0000000000000000        0.0000000000000000       -325.00000000000000        0.0000000000000000     
   249.19418904709869        4.0629480880417628       -212.58733287487078        129.95330780254847        0.0000000000000000     
   70.898663555240248        42.018111851343853       -1.5097481215303312       -57.086070376026434        0.0000000000000000     
   146.44734299835380       -47.967502042994020        92.376314618409722        64.384342523496230        80.419002445756163     
   183.45980439930727        1.8864421036083994        121.72076637799144       -137.25157995001825        0.0000000000000000     

 NUMBER OF POINTS PASSING THE CHECK          20
 NUMBER OF POINTS FAILING THE CHECK           0
 TOLERANCE    1.0000000000000001E-005
